
Note: Compatibility modes selected: hs a


Circuit: * sim/full-conversion-transient -- end-to-end full-conversion transient

option SCALE: Scale is set to 1e-06 for instance and model parameters
option SCALE: Scale is set to 1e-06 for instance and model parameters
option SCALE: Scale is set to 1e-06 for instance and model parameters
option SCALE: Scale is set to 1e-06 for instance and model parameters
Doing analysis at TEMP = 27.000000 and TNOM = 27.000000

Using KLU as Direct Linear Solver
 Reference value :  0.00000e+00
 Reference value :  1.41400e-08
 Reference value :  2.57500e-08
 Reference value :  3.82500e-08
 Reference value :  5.12500e-08
 Reference value :  6.32500e-08
 Reference value :  7.57500e-08
 Reference value :  8.77500e-08
 Reference value :  1.00750e-07
 Reference value :  1.14750e-07
 Reference value :  1.32250e-07
 Reference value :  1.49250e-07
 Reference value :  1.66250e-07
 Reference value :  1.84250e-07
 Reference value :  1.99850e-07
 Reference value :  2.00866e-07
 Reference value :  2.08041e-07
 Reference value :  2.20041e-07
 Reference value :  2.32541e-07
 Reference value :  2.41540e-07
 Reference value :  2.42583e-07
 Reference value :  2.53124e-07
 Reference value :  2.65624e-07
 Reference value :  2.77624e-07
 Reference value :  2.83611e-07
 Reference value :  2.89084e-07
 Reference value :  3.01084e-07
 Reference value :  3.13584e-07
 Reference value :  3.24605e-07
 Reference value :  3.28853e-07
 Reference value :  3.40853e-07
 Reference value :  3.52853e-07
 Reference value :  3.64853e-07
 Reference value :  3.67233e-07
 Reference value :  3.77341e-07
 Reference value :  3.89341e-07
 Reference value :  4.01841e-07
 Reference value :  4.08833e-07
 Reference value :  4.16284e-07
 Reference value :  4.28284e-07
 Reference value :  4.40784e-07
 Reference value :  4.50055e-07
 Reference value :  4.54201e-07
 Reference value :  4.66201e-07
 Reference value :  4.78701e-07
 Reference value :  4.91167e-07
 Reference value :  4.92816e-07
 Reference value :  5.05066e-07
 Reference value :  5.17566e-07
 Reference value :  5.29566e-07
 Reference value :  5.33833e-07
 Reference value :  5.41825e-07
 Reference value :  5.53825e-07
 Reference value :  5.65825e-07
 Reference value :  5.75161e-07
 Reference value :  5.78078e-07
 Reference value :  5.88078e-07
 Reference value :  6.00578e-07
 Reference value :  6.12578e-07
 Reference value :  6.17036e-07
 Reference value :  6.24770e-07
 Reference value :  6.36770e-07
 Reference value :  6.49270e-07
 Reference value :  6.58397e-07
 Reference value :  6.62291e-07
 Reference value :  6.74791e-07
 Reference value :  6.87291e-07
 Reference value :  6.99500e-07
 Reference value :  7.00951e-07
 Reference value :  7.12523e-07
 Reference value :  7.25023e-07
 Reference value :  7.37023e-07
 Reference value :  7.42167e-07
 Reference value :  7.46909e-07
 Reference value :  7.57409e-07
 Reference value :  7.68409e-07
 Reference value :  7.80409e-07
 Reference value :  7.83850e-07
 Reference value :  7.92065e-07
 Reference value :  8.04565e-07
 Reference value :  8.17565e-07
 Reference value :  8.25500e-07
 Reference value :  8.32457e-07
 Reference value :  8.44457e-07
 Reference value :  8.56957e-07
 Reference value :  8.66718e-07
 Reference value :  8.70069e-07
 Reference value :  8.90069e-07
 Reference value :  9.03069e-07
 Reference value :  9.08833e-07
 Reference value :  9.13400e-07
 Reference value :  9.24900e-07
 Reference value :  9.37400e-07
 Reference value :  9.49200e-07
 Reference value :  9.50700e-07
 Reference value :  9.61555e-07
 Reference value :  9.74055e-07
 Reference value :  9.86055e-07
 Reference value :  9.91978e-07
 Reference value :  9.94939e-07
 Reference value :  1.00694e-06
 Reference value :  1.01894e-06
 Reference value :  1.03144e-06
 Reference value :  1.03395e-06
 Reference value :  1.04439e-06
 Reference value :  1.05639e-06
 Reference value :  1.06839e-06
 Reference value :  1.07531e-06
 Reference value :  1.08084e-06
 Reference value :  1.09384e-06
 Reference value :  1.10584e-06
 Reference value :  1.11652e-06
 Reference value :  1.11757e-06
 Reference value :  1.12546e-06
 Reference value :  1.13846e-06
 Reference value :  1.15046e-06
 Reference value :  1.15883e-06
 Reference value :  1.16632e-06
 Reference value :  1.17882e-06
 Reference value :  1.19132e-06
 Reference value :  1.20006e-06
 Reference value :  1.20130e-06
 Reference value :  1.21252e-06
 Reference value :  1.22452e-06
 Reference value :  1.23652e-06
 Reference value :  1.24199e-06
 Reference value :  1.24815e-06
 Reference value :  1.26015e-06
 Reference value :  1.27215e-06
 Reference value :  1.28298e-06
 Reference value :  1.28424e-06
 Reference value :  1.29334e-06
 Reference value :  1.30534e-06
 Reference value :  1.31784e-06
 Reference value :  1.32515e-06
 Reference value :  1.32849e-06
 Reference value :  1.34099e-06
 Reference value :  1.35349e-06
 Reference value :  1.36583e-06
 Reference value :  1.36756e-06
 Reference value :  1.37713e-06
 Reference value :  1.38913e-06
 Reference value :  1.40163e-06
 Reference value :  1.40854e-06
 Reference value :  1.41266e-06
 Reference value :  1.42566e-06
 Reference value :  1.43816e-06
 Reference value :  1.44955e-06
 Reference value :  1.45077e-06
 Reference value :  1.45946e-06
 Reference value :  1.47196e-06
 Reference value :  1.48396e-06
 Reference value :  1.49202e-06
 Reference value :  1.49750e-06
 Reference value :  1.50950e-06
 Reference value :  1.52200e-06
 Reference value :  1.53288e-06
 Reference value :  1.53421e-06
 Reference value :  1.54424e-06
 Reference value :  1.55624e-06
 Reference value :  1.56824e-06
 Reference value :  1.57536e-06
 Reference value :  1.57919e-06
 Reference value :  1.59119e-06
 Reference value :  1.60319e-06
 Reference value :  1.61519e-06
 Reference value :  1.61731e-06
 Reference value :  1.62463e-06
 Reference value :  1.63663e-06
 Reference value :  1.64863e-06
 Reference value :  1.65825e-06
 Reference value :  1.66066e-06
 Reference value :  1.67216e-06
 Reference value :  1.68416e-06
 Reference value :  1.69666e-06
 Reference value :  1.70052e-06
 Reference value :  1.70697e-06
 Reference value :  1.71847e-06
 Reference value :  1.72997e-06
 Reference value :  1.74119e-06
 Reference value :  1.74350e-06
 Reference value :  1.75500e-06
 Reference value :  1.76750e-06
 Reference value :  1.77950e-06
 Reference value :  1.78383e-06
 Reference value :  1.78930e-06
 Reference value :  1.80030e-06
 Reference value :  1.81180e-06
 Reference value :  1.82330e-06
 Reference value :  1.82565e-06
 Reference value :  1.83533e-06
 Reference value :  1.84733e-06
 Reference value :  1.86183e-06
 Reference value :  1.86731e-06
 Reference value :  1.87512e-06
 Reference value :  1.88662e-06
 Reference value :  1.89812e-06
 Reference value :  1.90803e-06
 Reference value :  1.91014e-06
 Reference value :  1.92114e-06
 Reference value :  1.93264e-06
 Reference value :  1.94414e-06
 Reference value :  1.95022e-06
 Reference value :  1.95312e-06
 Reference value :  1.96512e-06
 Reference value :  1.97712e-06
 Reference value :  1.99173e-06
 Reference value :  1.99512e-06
 Reference value :  2.00562e-06
 Reference value :  2.01612e-06
 Reference value :  2.02662e-06
 Reference value :  2.03360e-06
 Reference value :  2.03861e-06
 Reference value :  2.05061e-06
 Reference value :  2.06261e-06
 Reference value :  2.07453e-06
 Reference value :  2.07797e-06
 Reference value :  2.08997e-06
 Reference value :  2.10147e-06
 Reference value :  2.11347e-06
 Reference value :  2.11731e-06
 Reference value :  2.11885e-06
 Reference value :  2.13035e-06
 Reference value :  2.14185e-06
 Reference value :  2.15385e-06
 Reference value :  2.15890e-06
 Reference value :  2.16927e-06
 Reference value :  2.18177e-06
 Reference value :  2.19477e-06
 Reference value :  2.20039e-06
 Reference value :  2.20417e-06
 Reference value :  2.21567e-06
 Reference value :  2.22817e-06
 Reference value :  2.24120e-06
 Reference value :  2.24461e-06
 Reference value :  2.25811e-06
 Reference value :  2.27061e-06
 Reference value :  2.28283e-06
 Reference value :  2.28439e-06
 Reference value :  2.29239e-06
 Reference value :  2.30439e-06
 Reference value :  2.31639e-06
 Reference value :  2.32512e-06
 Reference value :  2.33022e-06
 Reference value :  2.34222e-06
 Reference value :  2.35422e-06
 Reference value :  2.36570e-06
 Reference value :  2.36750e-06
 Reference value :  2.37422e-06
 Reference value :  2.38622e-06
 Reference value :  2.39772e-06
 Reference value :  2.40800e-06
 Reference value :  2.40956e-06
 Reference value :  2.42106e-06
 Reference value :  2.43306e-06
 Reference value :  2.44606e-06
 Reference value :  2.45050e-06
 Reference value :  2.45506e-06
 Reference value :  2.46656e-06
 Reference value :  2.47906e-06
 Reference value :  2.49086e-06
 Reference value :  2.49236e-06
 Reference value :  2.50289e-06
 Reference value :  2.51489e-06
 Reference value :  2.52689e-06
 Reference value :  2.53361e-06
 Reference value :  2.53770e-06
 Reference value :  2.54870e-06
 Reference value :  2.56070e-06
 Reference value :  2.57270e-06
 Reference value :  2.57581e-06
 Reference value :  2.58717e-06
 Reference value :  2.59867e-06
 Reference value :  2.61067e-06
 Reference value :  2.61683e-06
 Reference value :  2.62113e-06
 Reference value :  2.63163e-06
 Reference value :  2.64313e-06
 Reference value :  2.65513e-06
 Reference value :  2.65885e-06
 Reference value :  2.66580e-06
 Reference value :  2.67730e-06
 Reference value :  2.68880e-06
 Reference value :  2.69965e-06
 Reference value :  2.70106e-06
 Reference value :  2.70906e-06
 Reference value :  2.72056e-06
 Reference value :  2.73206e-06
 Reference value :  2.74134e-06
 Reference value :  2.74289e-06
 Reference value :  2.75439e-06
 Reference value :  2.76689e-06
 Reference value :  2.77939e-06
 Reference value :  2.78383e-06
 Reference value :  2.78789e-06
 Reference value :  2.79939e-06
 Reference value :  2.81239e-06
 Reference value :  2.82420e-06
 Reference value :  2.82561e-06
 Reference value :  2.83522e-06
 Reference value :  2.84722e-06
 Reference value :  2.85922e-06
 Reference value :  2.86694e-06
 Reference value :  2.87164e-06
 Reference value :  2.88314e-06
 Reference value :  2.89514e-06
 Reference value :  2.90749e-06
 Reference value :  2.90888e-06
 Reference value :  2.91799e-06
 Reference value :  2.92999e-06
 Reference value :  2.94199e-06
 Reference value :  2.95006e-06
 Reference value :  2.95177e-06
 Reference value :  2.96327e-06
 Reference value :  2.97527e-06
 Reference value :  2.98727e-06
 Reference value :  2.99219e-06
 Reference value :  3.00154e-06
 Reference value :  3.01404e-06
 Reference value :  3.02654e-06
 Reference value :  3.03361e-06
 Reference value :  3.03945e-06
 Reference value :  3.05045e-06
 Reference value :  3.06245e-06
 Reference value :  3.07452e-06
 Reference value :  3.07602e-06
 Reference value :  3.08787e-06
 Reference value :  3.10037e-06
 Reference value :  3.11287e-06
 Reference value :  3.11732e-06
 Reference value :  3.12154e-06
 Reference value :  3.13404e-06
 Reference value :  3.14604e-06
 Reference value :  3.15744e-06
 Reference value :  3.16200e-06
 Reference value :  3.17350e-06
 Reference value :  3.18500e-06
 Reference value :  3.19650e-06
 Reference value :  3.20052e-06
 Reference value :  3.20328e-06
 Reference value :  3.21528e-06
 Reference value :  3.22728e-06
 Reference value :  3.23928e-06
 Reference value :  3.24250e-06
 Reference value :  3.25458e-06
 Reference value :  3.26758e-06
 Reference value :  3.27958e-06
 Reference value :  3.28372e-06
 Reference value :  3.28674e-06
 Reference value :  3.29874e-06
 Reference value :  3.31074e-06
 Reference value :  3.32274e-06
 Reference value :  3.32570e-06
 Reference value :  3.33738e-06
 Reference value :  3.34938e-06
 Reference value :  3.36088e-06
 Reference value :  3.36673e-06
 Reference value :  3.36872e-06
 Reference value :  3.38107e-06
 Reference value :  3.39307e-06
 Reference value :  3.40507e-06
 Reference value :  3.40903e-06
 Reference value :  3.42122e-06
 Reference value :  3.43472e-06
 Reference value :  3.44872e-06
 Reference value :  3.45027e-06
 Reference value :  3.45246e-06
 Reference value :  3.46391e-06
 Reference value :  3.47591e-06
 Reference value :  3.48741e-06
 Reference value :  3.49221e-06
 Reference value :  3.50155e-06
 Reference value :  3.51355e-06
 Reference value :  3.52555e-06
 Reference value :  3.53339e-06
 Reference value :  3.53499e-06
 Reference value :  3.54663e-06
 Reference value :  3.55913e-06
 Reference value :  3.57113e-06
 Reference value :  3.57574e-06
 Reference value :  3.58697e-06
 Reference value :  3.59897e-06
 Reference value :  3.61097e-06
 Reference value :  3.61673e-06
 Reference value :  3.61872e-06
 Reference value :  3.63058e-06
 Reference value :  3.64308e-06
 Reference value :  3.65558e-06
 Reference value :  3.65903e-06
 Reference value :  3.66972e-06
 Reference value :  3.68172e-06
 Reference value :  3.69372e-06
 Reference value :  3.70027e-06
 Reference value :  3.70246e-06
 Reference value :  3.71391e-06
 Reference value :  3.72591e-06
 Reference value :  3.73791e-06
 Reference value :  3.74237e-06
 Reference value :  3.75355e-06
 Reference value :  3.76505e-06
 Reference value :  3.77655e-06
 Reference value :  3.78339e-06
 Reference value :  3.78497e-06
 Reference value :  3.79624e-06
 Reference value :  3.80774e-06
 Reference value :  3.81924e-06
 Reference value :  3.82550e-06
 Reference value :  3.83338e-06
 Reference value :  3.84538e-06
 Reference value :  3.85738e-06
 Reference value :  3.86673e-06
 Reference value :  3.86832e-06
 Reference value :  3.87896e-06
 Reference value :  3.89046e-06
 Reference value :  3.90296e-06
 Reference value :  3.90885e-06
 Reference value :  3.91829e-06
 Reference value :  3.93079e-06
 Reference value :  3.94879e-06
 Reference value :  3.95103e-06
 Reference value :  3.95863e-06
 Reference value :  3.97063e-06
 Reference value :  3.98263e-06
 Reference value :  3.99172e-06
 Reference value :  3.99711e-06
 Reference value :  4.00911e-06
 Reference value :  4.02061e-06
 Reference value :  4.03211e-06
 Reference value :  4.03360e-06
 Reference value :  4.03579e-06
 Reference value :  4.04824e-06
 Reference value :  4.06074e-06
 Reference value :  4.07274e-06
 Reference value :  4.07600e-06
 Reference value :  4.08788e-06
 Reference value :  4.09988e-06
 Reference value :  4.11188e-06
 Reference value :  4.11693e-06
 Reference value :  4.11837e-06
 Reference value :  4.12838e-06
 Reference value :  4.14038e-06
 Reference value :  4.15238e-06
 Reference value :  4.15885e-06
 Reference value :  4.16718e-06
 Reference value :  4.17918e-06
 Reference value :  4.19118e-06
 Reference value :  4.20006e-06
 Reference value :  4.20118e-06
 Reference value :  4.21116e-06
 Reference value :  4.22366e-06
 Reference value :  4.23616e-06
 Reference value :  4.24194e-06
 Reference value :  4.24850e-06
 Reference value :  4.26050e-06
 Reference value :  4.27250e-06
 Reference value :  4.28318e-06
 Reference value :  4.28511e-06
 Reference value :  4.29655e-06
 Reference value :  4.30855e-06
 Reference value :  4.32055e-06
 Reference value :  4.32556e-06
 Reference value :  4.33539e-06
 Reference value :  4.34839e-06
 Reference value :  4.35989e-06
 Reference value :  4.36693e-06
 Reference value :  4.37339e-06
 Reference value :  4.38589e-06
 Reference value :  4.39789e-06
 Reference value :  4.40834e-06
 Reference value :  4.41323e-06
 Reference value :  4.42573e-06
 Reference value :  4.43773e-06
 Reference value :  4.44950e-06
 Reference value :  4.45136e-06
 Reference value :  4.46222e-06
 Reference value :  4.47422e-06
 Reference value :  4.48622e-06
 Reference value :  4.49217e-06
 Reference value :  4.50006e-06
 Reference value :  4.51206e-06
 Reference value :  4.52406e-06
 Reference value :  4.53340e-06
 Reference value :  4.53534e-06
 Reference value :  4.54634e-06
 Reference value :  4.55884e-06
 Reference value :  4.57134e-06
 Reference value :  4.57551e-06
 Reference value :  4.58421e-06
 Reference value :  4.59621e-06
 Reference value :  4.60871e-06
 Reference value :  4.61693e-06
 Reference value :  4.62289e-06
 Reference value :  4.63489e-06
 Reference value :  4.64689e-06
 Reference value :  4.65787e-06
 Reference value :  4.66023e-06
 Reference value :  4.67223e-06
 Reference value :  4.68423e-06
 Reference value :  4.69573e-06
 Reference value :  4.70050e-06
 Reference value :  4.70872e-06
 Reference value :  4.72072e-06
 Reference value :  4.73272e-06
 Reference value :  4.74167e-06
 Reference value :  4.74606e-06
 Reference value :  4.75806e-06
 Reference value :  4.77056e-06
 Reference value :  4.78245e-06
 Reference value :  4.78439e-06
 Reference value :  4.79505e-06
 Reference value :  4.80705e-06
 Reference value :  4.81955e-06
 Reference value :  4.82550e-06
 Reference value :  4.83389e-06
 Reference value :  4.84589e-06
 Reference value :  4.85839e-06
 Reference value :  4.86673e-06
 Reference value :  4.86971e-06
 Reference value :  4.88121e-06
 Reference value :  4.89321e-06
 Reference value :  4.90521e-06
 Reference value :  4.90885e-06
 Reference value :  4.91755e-06
 Reference value :  4.93005e-06
 Reference value :  4.94205e-06
 Reference value :  4.95019e-06
 Reference value :  4.95527e-06
 Reference value :  4.96677e-06
 Reference value :  4.97877e-06
 Reference value :  4.99072e-06
 Reference value :  4.99401e-06
 Reference value :  5.00651e-06
 Reference value :  5.01851e-06
 Reference value :  5.03051e-06
 Reference value :  5.03390e-06
 Reference value :  5.04305e-06
 Reference value :  5.05505e-06
 Reference value :  5.06705e-06
 Reference value :  5.07525e-06
 Reference value :  5.08189e-06
 Reference value :  5.09439e-06
 Reference value :  5.10639e-06
 Reference value :  5.11673e-06
 Reference value :  5.11809e-06
 Reference value :  5.12888e-06
 Reference value :  5.14088e-06
 Reference value :  5.15288e-06
 Reference value :  5.15889e-06
 Reference value :  5.16780e-06
 Reference value :  5.18030e-06
 Reference value :  5.19330e-06
 Reference value :  5.20026e-06
 Reference value :  5.20174e-06
 Reference value :  5.21360e-06
 Reference value :  5.22560e-06
 Reference value :  5.23760e-06
 Reference value :  5.24217e-06
 Reference value :  5.24970e-06
 Reference value :  5.26170e-06
 Reference value :  5.27420e-06
 Reference value :  5.28340e-06
 Reference value :  5.28861e-06
 Reference value :  5.30061e-06
 Reference value :  5.31361e-06
 Reference value :  5.32453e-06
 Reference value :  5.32798e-06
 Reference value :  5.33998e-06
 Reference value :  5.35198e-06
 Reference value :  5.36398e-06
 Reference value :  5.36717e-06
 Reference value :  5.37594e-06
 Reference value :  5.38744e-06
 Reference value :  5.39944e-06
 Reference value :  5.40859e-06
 Reference value :  5.41481e-06
 Reference value :  5.42631e-06
 Reference value :  5.43831e-06
 Reference value :  5.44950e-06
 Reference value :  5.45103e-06
 Reference value :  5.46277e-06
 Reference value :  5.47427e-06
 Reference value :  5.48577e-06
 Reference value :  5.49219e-06
 Reference value :  5.50015e-06
 Reference value :  5.51165e-06
 Reference value :  5.52315e-06
 Reference value :  5.53318e-06
 Reference value :  5.53446e-06
 Reference value :  5.54539e-06
 Reference value :  5.55689e-06
 Reference value :  5.56839e-06
 Reference value :  5.57512e-06
 Reference value :  5.58055e-06
 Reference value :  5.59255e-06
 Reference value :  5.60405e-06
 Reference value :  5.61586e-06
 Reference value :  5.61742e-06
 Reference value :  5.62894e-06
 Reference value :  5.64044e-06
 Reference value :  5.65244e-06
 Reference value :  5.65885e-06
 Reference value :  5.66981e-06
 Reference value :  5.68181e-06
 Reference value :  5.69381e-06
 Reference value :  5.70026e-06
 Reference value :  5.70727e-06
 Reference value :  5.71927e-06
 Reference value :  5.73127e-06
 Reference value :  5.74168e-06
 Reference value :  5.74665e-06
 Reference value :  5.75865e-06
 Reference value :  5.77065e-06
 Reference value :  5.78215e-06
 Reference value :  5.78395e-06
 Reference value :  5.79461e-06
 Reference value :  5.80711e-06
 Reference value :  5.81911e-06
 Reference value :  5.82552e-06
 Reference value :  5.83448e-06
 Reference value :  5.84648e-06
 Reference value :  5.85848e-06
 Reference value :  5.86673e-06
 Reference value :  5.87123e-06
 Reference value :  5.88323e-06
 Reference value :  5.89523e-06
 Reference value :  5.90723e-06
 Reference value :  5.90900e-06
 Reference value :  5.91988e-06
 Reference value :  5.93188e-06
 Reference value :  5.94438e-06
 Reference value :  5.95026e-06
 Reference value :  5.95727e-06
 Reference value :  5.96977e-06
 Reference value :  5.98227e-06
 Reference value :  5.99192e-06
 Reference value :  5.99915e-06
 Reference value :  6.01165e-06
 Reference value :  6.02365e-06
 Reference value :  6.03340e-06
 Reference value :  6.04061e-06
 Reference value :  6.05711e-06
 Reference value :  6.07211e-06
 Reference value :  6.07698e-06
 Reference value :  6.09248e-06
 Reference value :  6.10748e-06
 Reference value :  6.11693e-06
 Reference value :  6.11864e-06
 Reference value :  6.13401e-06
 Reference value :  6.15151e-06
 Reference value :  6.15924e-06
 Reference value :  6.17592e-06
 Reference value :  6.19292e-06
 Reference value :  6.20050e-06
 Reference value :  6.20360e-06
 Reference value :  6.21560e-06
 Reference value :  6.22760e-06
 Reference value :  6.23960e-06
 Reference value :  6.24228e-06
 Reference value :  6.25220e-06
 Reference value :  6.26370e-06
 Reference value :  6.27670e-06
No. of Data Rows : 14205

  Measurements for Transient Analysis

d9_c1               =  1.80001e+00
d8_c1               =  1.80000e+00
d7_c1               =  1.80000e+00
d6_c1               =  1.80000e+00
d5_c1               =  1.80001e+00
d4_c1               =  1.80001e+00
d3_c1               =  1.80001e+00
d2_c1               =  1.80001e+00
d1_c1               =  1.80001e+00
d0_c1               =  1.80001e+00
d9_c2               =  1.80000e+00
d8_c2               =  1.80001e+00
d7_c2               =  1.80001e+00
d6_c2               =  1.80001e+00
d5_c2               =  1.80001e+00
d4_c2               =  1.80001e+00
d3_c2               =  1.80001e+00
d2_c2               =  1.80001e+00
d1_c2               =  1.80001e+00
d0_c2               =  1.80001e+00
d9_c3               =  1.80001e+00
d8_c3               =  1.80000e+00
d7_c3               =  1.80000e+00
d6_c3               =  1.80000e+00
d5_c3               =  1.80000e+00
d4_c3               =  1.80000e+00
d3_c3               =  1.80001e+00
d2_c3               =  1.80001e+00
d1_c3               =  1.80001e+00
d0_c3               =  1.80001e+00
d9_c4               =  1.80001e+00
d8_c4               =  1.80000e+00
d7_c4               =  1.80000e+00
d6_c4               =  1.80000e+00
d5_c4               =  1.80000e+00
d4_c4               =  1.80000e+00
d3_c4               =  1.80001e+00
d2_c4               =  1.80001e+00
d1_c4               =  1.80001e+00
d0_c4               =  1.80001e+00
d9_c5               =  1.80000e+00
d8_c5               =  1.80000e+00
d7_c5               =  1.80000e+00
d6_c5               =  1.80000e+00
d5_c5               =  1.80000e+00
d4_c5               =  1.80000e+00
d3_c5               =  1.80000e+00
d2_c5               =  1.80000e+00
d1_c5               =  1.80000e+00
d0_c5               =  1.80000e+00
busy_c1_p0          =  1.80000e+00
smpl_c1_p0          =  -2.19038e-05
busy_c1_p1          =  1.80000e+00
smpl_c1_p1          =  8.88631e-06
busy_c1_p2          =  1.80000e+00
smpl_c1_p2          =  1.21759e-05
busy_c1_p3          =  1.80000e+00
smpl_c1_p3          =  1.23019e-05
busy_c1_p4          =  1.80000e+00
smpl_c1_p4          =  6.52159e-06
busy_c1_p5          =  1.80000e+00
smpl_c1_p5          =  1.23599e-05
busy_c1_p6          =  1.80000e+00
smpl_c1_p6          =  1.23984e-05
busy_c1_p7          =  1.80000e+00
smpl_c1_p7          =  1.23905e-05
busy_c1_p8          =  1.80000e+00
smpl_c1_p8          =  1.16567e-05
busy_c1_p9          =  1.80000e+00
smpl_c1_p9          =  -1.06879e-05
busy_c1_p10         =  1.80000e+00
smpl_c1_p10         =  -2.53441e-05
busy_c1_p11         =  -7.29863e-05
smpl_c1_p11         =  1.79995e+00
busy_c2_p0          =  1.80000e+00
smpl_c2_p0          =  -3.05528e-05
busy_c2_p1          =  1.80000e+00
smpl_c2_p1          =  7.94874e-06
busy_c2_p2          =  1.80000e+00
smpl_c2_p2          =  7.93783e-06
busy_c2_p3          =  1.80000e+00
smpl_c2_p3          =  7.94936e-06
busy_c2_p4          =  1.80000e+00
smpl_c2_p4          =  3.25513e-06
busy_c2_p5          =  1.80000e+00
smpl_c2_p5          =  2.57593e-05
busy_c2_p6          =  1.80000e+00
smpl_c2_p6          =  7.92672e-06
busy_c2_p7          =  1.80000e+00
smpl_c2_p7          =  7.93141e-06
busy_c2_p8          =  1.80000e+00
smpl_c2_p8          =  2.60025e-05
busy_c2_p9          =  1.80000e+00
smpl_c2_p9          =  -2.89613e-05
busy_c2_p10         =  1.80000e+00
smpl_c2_p10         =  -1.21623e-05
busy_c2_p11         =  -1.23030e-04
smpl_c2_p11         =  1.80007e+00
busy_c3_p0          =  1.80000e+00
smpl_c3_p0          =  -3.46356e-05
busy_c3_p1          =  1.80000e+00
smpl_c3_p1          =  1.37178e-05
busy_c3_p2          =  1.80000e+00
smpl_c3_p2          =  1.39076e-05
busy_c3_p3          =  1.80000e+00
smpl_c3_p3          =  1.42026e-05
busy_c3_p4          =  1.80000e+00
smpl_c3_p4          =  -3.07996e-05
busy_c3_p5          =  1.80000e+00
smpl_c3_p5          =  1.45959e-05
busy_c3_p6          =  1.80000e+00
smpl_c3_p6          =  1.48323e-05
busy_c3_p7          =  1.80000e+00
smpl_c3_p7          =  1.50072e-05
busy_c3_p8          =  1.80000e+00
smpl_c3_p8          =  -3.32146e-05
busy_c3_p9          =  1.80000e+00
smpl_c3_p9          =  -1.55395e-05
busy_c3_p10         =  1.80000e+00
smpl_c3_p10         =  1.42550e-05
busy_c3_p11         =  1.27607e-04
smpl_c3_p11         =  1.79996e+00
busy_c4_p0          =  1.80000e+00
smpl_c4_p0          =  -8.39690e-06
busy_c4_p1          =  1.80000e+00
smpl_c4_p1          =  -2.83265e-05
busy_c4_p2          =  1.80000e+00
smpl_c4_p2          =  -2.83250e-05
busy_c4_p3          =  1.80000e+00
smpl_c4_p3          =  -2.83315e-05
busy_c4_p4          =  1.80000e+00
smpl_c4_p4          =  2.30420e-05
busy_c4_p5          =  1.80000e+00
smpl_c4_p5          =  -2.83235e-05
busy_c4_p6          =  1.80000e+00
smpl_c4_p6          =  -2.83284e-05
busy_c4_p7          =  1.80000e+00
smpl_c4_p7          =  -2.83232e-05
busy_c4_p8          =  1.80000e+00
smpl_c4_p8          =  1.49249e-05
busy_c4_p9          =  1.80000e+00
smpl_c4_p9          =  -2.60346e-05
busy_c4_p10         =  1.80000e+00
smpl_c4_p10         =  -2.83250e-05
busy_c4_p11         =  -1.43636e-04
smpl_c4_p11         =  1.79996e+00
busy_c5_p0          =  1.80000e+00
smpl_c5_p0          =  -6.81963e-06
busy_c5_p1          =  1.80000e+00
smpl_c5_p1          =  -1.77633e-05
busy_c5_p2          =  1.80000e+00
smpl_c5_p2          =  -1.77656e-05
busy_c5_p3          =  1.80000e+00
smpl_c5_p3          =  -1.77706e-05
busy_c5_p4          =  1.80000e+00
smpl_c5_p4          =  2.15748e-06
busy_c5_p5          =  1.80000e+00
smpl_c5_p5          =  -1.77639e-05
busy_c5_p6          =  1.80000e+00
smpl_c5_p6          =  -1.77713e-05
busy_c5_p7          =  1.80000e+00
smpl_c5_p7          =  -1.77689e-05
busy_c5_p8          =  1.80000e+00
smpl_c5_p8          =  1.47521e-06
busy_c5_p9          =  1.80000e+00
smpl_c5_p9          =  -1.77694e-05
busy_c5_p10         =  1.80000e+00
smpl_c5_p10         =  -1.77686e-05
busy_c5_p11         =  -2.45940e-05
smpl_c5_p11         =  1.80003e+00
i_vdd               =  -2.33968e-06 from=  3.20000e-06 to=  4.20006e-06
i_vpwr              =  -3.01600e-06 from=  3.20000e-06 to=  4.20006e-06
i_vrefp             =  -9.81734e-07 from=  3.20000e-06 to=  4.20006e-06
i_vrefn             =  9.84255e-07 from=  3.20000e-06 to=  4.20006e-06
i_vcm               =  8.78445e-10 from=  3.20000e-06 to=  4.20006e-06


Total analysis time (seconds) = 412.538

Total elapsed time (seconds) = 481.147 

Total DRAM available = 98304.000 MB.
DRAM currently available = 26322.109 MB.
Maximum ngspice program size =  580.609 MB.
Current ngspice program size =  580.609 MB.

