
Note: Compatibility modes selected: hs a


Circuit: * sim/full-conversion-transient -- end-to-end full-conversion transient

option SCALE: Scale is set to 1e-06 for instance and model parameters
option SCALE: Scale is set to 1e-06 for instance and model parameters
option SCALE: Scale is set to 1e-06 for instance and model parameters
option SCALE: Scale is set to 1e-06 for instance and model parameters
Doing analysis at TEMP = 27.000000 and TNOM = 27.000000

Using KLU as Direct Linear Solver
 Reference value :  0.00000e+00
 Reference value :  1.36400e-08
 Reference value :  2.42500e-08
 Reference value :  3.62500e-08
 Reference value :  4.82500e-08
 Reference value :  6.22500e-08
 Reference value :  7.97500e-08
 Reference value :  9.42500e-08
 Reference value :  1.05750e-07
 Reference value :  1.18750e-07
 Reference value :  1.34250e-07
 Reference value :  1.46250e-07
 Reference value :  1.58250e-07
 Reference value :  1.70250e-07
 Reference value :  1.82250e-07
 Reference value :  1.94750e-07
 Reference value :  2.00374e-07
 Reference value :  2.03948e-07
 Reference value :  2.16948e-07
 Reference value :  2.29948e-07
 Reference value :  2.41191e-07
 Reference value :  2.42516e-07
 Reference value :  2.53478e-07
 Reference value :  2.65478e-07
 Reference value :  2.77978e-07
 Reference value :  2.83592e-07
 Reference value :  2.91084e-07
 Reference value :  3.03084e-07
 Reference value :  3.15084e-07
 Reference value :  3.25231e-07
 Reference value :  3.27103e-07
 Reference value :  3.36603e-07
 Reference value :  3.46103e-07
 Reference value :  3.56603e-07
 Reference value :  3.66217e-07
 Reference value :  3.67397e-07
 Reference value :  3.78794e-07
 Reference value :  3.90794e-07
 Reference value :  4.03294e-07
 Reference value :  4.08833e-07
 Reference value :  4.14325e-07
 Reference value :  4.26825e-07
 Reference value :  4.38825e-07
 Reference value :  4.49650e-07
 Reference value :  4.51526e-07
 Reference value :  4.64026e-07
 Reference value :  4.76526e-07
 Reference value :  4.88526e-07
 Reference value :  4.92229e-07
 Reference value :  4.97241e-07
 Reference value :  5.09241e-07
 Reference value :  5.21241e-07
 Reference value :  5.32833e-07
 Reference value :  5.33879e-07
 Reference value :  5.43349e-07
 Reference value :  5.55349e-07
 Reference value :  5.67849e-07
 Reference value :  5.75500e-07
 Reference value :  5.78091e-07
 Reference value :  5.90591e-07
 Reference value :  6.02591e-07
 Reference value :  6.14591e-07
 Reference value :  6.17167e-07
 Reference value :  6.27203e-07
 Reference value :  6.39203e-07
 Reference value :  6.51203e-07
 Reference value :  6.58622e-07
 Reference value :  6.61039e-07
 Reference value :  6.73039e-07
 Reference value :  6.85039e-07
 Reference value :  6.97039e-07
 Reference value :  7.00500e-07
 Reference value :  7.09379e-07
 Reference value :  7.21379e-07
 Reference value :  7.33879e-07
 Reference value :  7.41996e-07
 Reference value :  7.44023e-07
 Reference value :  7.55523e-07
 Reference value :  7.68023e-07
 Reference value :  7.81023e-07
 Reference value :  7.83879e-07
 Reference value :  7.92989e-07
 Reference value :  8.05489e-07
 Reference value :  8.17489e-07
 Reference value :  8.25500e-07
 Reference value :  8.29197e-07
 Reference value :  8.41197e-07
 Reference value :  8.53197e-07
 Reference value :  8.65197e-07
 Reference value :  8.67275e-07
 Reference value :  8.77885e-07
 Reference value :  8.90885e-07
 Reference value :  9.03385e-07
 Reference value :  9.08913e-07
 Reference value :  9.17806e-07
 Reference value :  9.30306e-07
 Reference value :  9.42306e-07
 Reference value :  9.50050e-07
 Reference value :  9.62418e-07
 Reference value :  9.75418e-07
 Reference value :  9.87418e-07
 Reference value :  9.92183e-07
 Reference value :  9.96555e-07
 Reference value :  1.00755e-06
 Reference value :  1.01805e-06
 Reference value :  1.02955e-06
 Reference value :  1.03370e-06
 Reference value :  1.04035e-06
 Reference value :  1.05235e-06
 Reference value :  1.06485e-06
 Reference value :  1.07466e-06
 Reference value :  1.07669e-06
 Reference value :  1.08869e-06
 Reference value :  1.10069e-06
 Reference value :  1.11369e-06
 Reference value :  1.11721e-06
 Reference value :  1.12076e-06
 Reference value :  1.13276e-06
 Reference value :  1.14476e-06
 Reference value :  1.15676e-06
 Reference value :  1.15925e-06
 Reference value :  1.17078e-06
 Reference value :  1.18278e-06
 Reference value :  1.19528e-06
 Reference value :  1.20038e-06
 Reference value :  1.20517e-06
 Reference value :  1.21767e-06
 Reference value :  1.22967e-06
 Reference value :  1.24118e-06
 Reference value :  1.24454e-06
 Reference value :  1.25654e-06
 Reference value :  1.26954e-06
 Reference value :  1.28243e-06
 Reference value :  1.28405e-06
 Reference value :  1.29467e-06
 Reference value :  1.30667e-06
 Reference value :  1.31867e-06
 Reference value :  1.32550e-06
 Reference value :  1.32902e-06
 Reference value :  1.34052e-06
 Reference value :  1.35252e-06
 Reference value :  1.36452e-06
 Reference value :  1.36722e-06
 Reference value :  1.37501e-06
 Reference value :  1.38701e-06
 Reference value :  1.39901e-06
 Reference value :  1.40851e-06
 Reference value :  1.40985e-06
 Reference value :  1.42135e-06
 Reference value :  1.43335e-06
 Reference value :  1.44735e-06
 Reference value :  1.45055e-06
 Reference value :  1.45834e-06
 Reference value :  1.47084e-06
 Reference value :  1.48284e-06
 Reference value :  1.49184e-06
 Reference value :  1.49369e-06
 Reference value :  1.50519e-06
 Reference value :  1.51769e-06
 Reference value :  1.52969e-06
 Reference value :  1.53383e-06
 Reference value :  1.54069e-06
 Reference value :  1.55269e-06
 Reference value :  1.56519e-06
 Reference value :  1.57517e-06
 Reference value :  1.57654e-06
 Reference value :  1.58754e-06
 Reference value :  1.59954e-06
 Reference value :  1.61154e-06
 Reference value :  1.61704e-06
 Reference value :  1.62301e-06
 Reference value :  1.63551e-06
 Reference value :  1.64751e-06
 Reference value :  1.65792e-06
 Reference value :  1.65905e-06
 Reference value :  1.66835e-06
 Reference value :  1.68035e-06
 Reference value :  1.69285e-06
 Reference value :  1.70006e-06
 Reference value :  1.70384e-06
 Reference value :  1.71584e-06
 Reference value :  1.72784e-06
 Reference value :  1.73984e-06
 Reference value :  1.74227e-06
 Reference value :  1.74919e-06
 Reference value :  1.76119e-06
 Reference value :  1.77319e-06
 Reference value :  1.78339e-06
 Reference value :  1.78667e-06
 Reference value :  1.79867e-06
 Reference value :  1.81117e-06
 Reference value :  1.82409e-06
 Reference value :  1.82565e-06
 Reference value :  1.83352e-06
 Reference value :  1.84552e-06
 Reference value :  1.85752e-06
 Reference value :  1.86672e-06
 Reference value :  1.87002e-06
 Reference value :  1.88202e-06
 Reference value :  1.89352e-06
 Reference value :  1.90502e-06
 Reference value :  1.90888e-06
 Reference value :  1.91488e-06
 Reference value :  1.93138e-06
 Reference value :  1.94438e-06
 Reference value :  1.95011e-06
 Reference value :  1.95167e-06
 Reference value :  1.96317e-06
 Reference value :  1.97567e-06
 Reference value :  1.98767e-06
 Reference value :  1.99232e-06
 Reference value :  2.00235e-06
 Reference value :  2.01435e-06
 Reference value :  2.02635e-06
 Reference value :  2.03358e-06
 Reference value :  2.04154e-06
 Reference value :  2.05354e-06
 Reference value :  2.07154e-06
 Reference value :  2.07560e-06
 Reference value :  2.08418e-06
 Reference value :  2.09468e-06
 Reference value :  2.10518e-06
 Reference value :  2.11622e-06
 Reference value :  2.11770e-06
 Reference value :  2.12355e-06
 Reference value :  2.13505e-06
 Reference value :  2.14755e-06
 Reference value :  2.15791e-06
 Reference value :  2.16113e-06
 Reference value :  2.17313e-06
 Reference value :  2.18563e-06
 Reference value :  2.19813e-06
 Reference value :  2.20056e-06
 Reference value :  2.20440e-06
 Reference value :  2.21640e-06
 Reference value :  2.22840e-06
 Reference value :  2.24040e-06
 Reference value :  2.24227e-06
 Reference value :  2.25249e-06
 Reference value :  2.26499e-06
 Reference value :  2.27849e-06
 Reference value :  2.28372e-06
 Reference value :  2.28939e-06
 Reference value :  2.30189e-06
 Reference value :  2.31439e-06
 Reference value :  2.32507e-06
 Reference value :  2.33147e-06
 Reference value :  2.34497e-06
 Reference value :  2.35747e-06
 Reference value :  2.36673e-06
 Reference value :  2.37022e-06
 Reference value :  2.38172e-06
 Reference value :  2.39322e-06
 Reference value :  2.40572e-06
 Reference value :  2.40895e-06
 Reference value :  2.41931e-06
 Reference value :  2.43131e-06
 Reference value :  2.44281e-06
 Reference value :  2.45007e-06
 Reference value :  2.45306e-06
 Reference value :  2.46506e-06
 Reference value :  2.47706e-06
 Reference value :  2.48906e-06
 Reference value :  2.49229e-06
 Reference value :  2.50264e-06
 Reference value :  2.51414e-06
 Reference value :  2.52564e-06
 Reference value :  2.53340e-06
 Reference value :  2.53584e-06
 Reference value :  2.54734e-06
 Reference value :  2.55984e-06
 Reference value :  2.57234e-06
 Reference value :  2.57561e-06
 Reference value :  2.58592e-06
 Reference value :  2.59792e-06
 Reference value :  2.60992e-06
 Reference value :  2.61673e-06
 Reference value :  2.61972e-06
 Reference value :  2.63122e-06
 Reference value :  2.64372e-06
 Reference value :  2.65572e-06
 Reference value :  2.65895e-06
 Reference value :  2.66881e-06
 Reference value :  2.68081e-06
 Reference value :  2.69231e-06
 Reference value :  2.70007e-06
 Reference value :  2.70356e-06
 Reference value :  2.71506e-06
 Reference value :  2.72706e-06
 Reference value :  2.73906e-06
 Reference value :  2.74229e-06
 Reference value :  2.75314e-06
 Reference value :  2.76514e-06
 Reference value :  2.77664e-06
 Reference value :  2.78361e-06
 Reference value :  2.78839e-06
 Reference value :  2.80039e-06
 Reference value :  2.81189e-06
 Reference value :  2.82389e-06
 Reference value :  2.82579e-06
 Reference value :  2.83647e-06
 Reference value :  2.84847e-06
 Reference value :  2.86097e-06
 Reference value :  2.86694e-06
 Reference value :  2.87118e-06
 Reference value :  2.88318e-06
 Reference value :  2.89468e-06
 Reference value :  2.90668e-06
 Reference value :  2.90911e-06
 Reference value :  2.92026e-06
 Reference value :  2.93176e-06
 Reference value :  2.94376e-06
 Reference value :  2.95014e-06
 Reference value :  2.95117e-06
 Reference value :  2.96224e-06
 Reference value :  2.97424e-06
 Reference value :  2.98674e-06
 Reference value :  2.99218e-06
 Reference value :  2.99676e-06
 Reference value :  3.00626e-06
 Reference value :  3.01526e-06
 Reference value :  3.02526e-06
 Reference value :  3.03340e-06
 Reference value :  3.03736e-06
 Reference value :  3.04986e-06
 Reference value :  3.06236e-06
 Reference value :  3.07418e-06
 Reference value :  3.07611e-06
 Reference value :  3.08795e-06
 Reference value :  3.10095e-06
 Reference value :  3.11395e-06
 Reference value :  3.11730e-06
 Reference value :  3.11919e-06
 Reference value :  3.12964e-06
 Reference value :  3.14114e-06
 Reference value :  3.15314e-06
 Reference value :  3.15885e-06
 Reference value :  3.16823e-06
 Reference value :  3.18023e-06
 Reference value :  3.19223e-06
 Reference value :  3.20005e-06
 Reference value :  3.20146e-06
 Reference value :  3.21328e-06
 Reference value :  3.22628e-06
 Reference value :  3.23878e-06
 Reference value :  3.24231e-06
 Reference value :  3.25254e-06
 Reference value :  3.26504e-06
 Reference value :  3.27704e-06
 Reference value :  3.28360e-06
 Reference value :  3.28902e-06
 Reference value :  3.30102e-06
 Reference value :  3.31302e-06
 Reference value :  3.32453e-06
 Reference value :  3.32829e-06
 Reference value :  3.34029e-06
 Reference value :  3.35279e-06
 Reference value :  3.36573e-06
 Reference value :  3.36772e-06
 Reference value :  3.37836e-06
 Reference value :  3.38986e-06
 Reference value :  3.40186e-06
 Reference value :  3.40883e-06
 Reference value :  3.41713e-06
 Reference value :  3.42913e-06
 Reference value :  3.44163e-06
 Reference value :  3.45005e-06
 Reference value :  3.45369e-06
 Reference value :  3.46519e-06
 Reference value :  3.47869e-06
 Reference value :  3.49120e-06
 Reference value :  3.49546e-06
 Reference value :  3.50746e-06
 Reference value :  3.51946e-06
 Reference value :  3.53196e-06
 Reference value :  3.53397e-06
 Reference value :  3.54555e-06
 Reference value :  3.55755e-06
 Reference value :  3.56955e-06
 Reference value :  3.57558e-06
 Reference value :  3.58479e-06
 Reference value :  3.59679e-06
 Reference value :  3.60879e-06
 Reference value :  3.61672e-06
 Reference value :  3.62036e-06
 Reference value :  3.63236e-06
 Reference value :  3.64486e-06
 Reference value :  3.65736e-06
 Reference value :  3.66113e-06
 Reference value :  3.67363e-06
 Reference value :  3.68563e-06
 Reference value :  3.69813e-06
 Reference value :  3.70080e-06
 Reference value :  3.70969e-06
 Reference value :  3.72169e-06
 Reference value :  3.73369e-06
 Reference value :  3.74217e-06
 Reference value :  3.75146e-06
 Reference value :  3.76396e-06
 Reference value :  3.77646e-06
 Reference value :  3.78360e-06
 Reference value :  3.78902e-06
 Reference value :  3.80052e-06
 Reference value :  3.81252e-06
 Reference value :  3.82453e-06
 Reference value :  3.82979e-06
 Reference value :  3.84179e-06
 Reference value :  3.85379e-06
 Reference value :  3.86573e-06
 Reference value :  3.86731e-06
 Reference value :  3.87688e-06
 Reference value :  3.88888e-06
 Reference value :  3.90088e-06
 Reference value :  3.90870e-06
 Reference value :  3.91572e-06
 Reference value :  3.92772e-06
 Reference value :  3.94022e-06
 Reference value :  3.95000e-06
 Reference value :  3.95142e-06
 Reference value :  3.96165e-06
 Reference value :  3.97315e-06
 Reference value :  3.98465e-06
 Reference value :  3.99217e-06
 Reference value :  3.99928e-06
 Reference value :  4.01078e-06
 Reference value :  4.02228e-06
 Reference value :  4.03288e-06
 Reference value :  4.03475e-06
 Reference value :  4.04507e-06
 Reference value :  4.05757e-06
 Reference value :  4.06957e-06
 Reference value :  4.07572e-06
 Reference value :  4.09328e-06
 Reference value :  4.10528e-06
 Reference value :  4.11632e-06
 Reference value :  4.11758e-06
 Reference value :  4.12492e-06
 Reference value :  4.13692e-06
 Reference value :  4.14892e-06
 Reference value :  4.15856e-06
 Reference value :  4.16348e-06
 Reference value :  4.17548e-06
 Reference value :  4.18748e-06
 Reference value :  4.19924e-06
 Reference value :  4.20055e-06
 Reference value :  4.20635e-06
 Reference value :  4.21835e-06
 Reference value :  4.23085e-06
 Reference value :  4.24125e-06
 Reference value :  4.24437e-06
 Reference value :  4.25637e-06
 Reference value :  4.26837e-06
 Reference value :  4.28037e-06
 Reference value :  4.28390e-06
 Reference value :  4.29212e-06
 Reference value :  4.30412e-06
 Reference value :  4.31612e-06
 Reference value :  4.32522e-06
 Reference value :  4.32964e-06
 Reference value :  4.34164e-06
 Reference value :  4.35364e-06
 Reference value :  4.36564e-06
 Reference value :  4.36717e-06
 Reference value :  4.37465e-06
 Reference value :  4.38665e-06
 Reference value :  4.39865e-06
 Reference value :  4.40819e-06
 Reference value :  4.41164e-06
 Reference value :  4.42364e-06
 Reference value :  4.43564e-06
 Reference value :  4.44764e-06
 Reference value :  4.45057e-06
 Reference value :  4.45879e-06
 Reference value :  4.47079e-06
 Reference value :  4.48329e-06
 Reference value :  4.49203e-06
 Reference value :  4.49881e-06
 Reference value :  4.51081e-06
 Reference value :  4.52281e-06
 Reference value :  4.53314e-06
 Reference value :  4.53419e-06
 Reference value :  4.54412e-06
 Reference value :  4.55712e-06
 Reference value :  4.56962e-06
 Reference value :  4.57551e-06
 Reference value :  4.58364e-06
 Reference value :  4.59564e-06
 Reference value :  4.60864e-06
 Reference value :  4.61667e-06
 Reference value :  4.61872e-06
 Reference value :  4.63022e-06
 Reference value :  4.64222e-06
 Reference value :  4.65422e-06
 Reference value :  4.65890e-06
 Reference value :  4.66779e-06
 Reference value :  4.67979e-06
 Reference value :  4.69179e-06
 Reference value :  4.70007e-06
 Reference value :  4.70479e-06
 Reference value :  4.71679e-06
 Reference value :  4.72929e-06
 Reference value :  4.74117e-06
 Reference value :  4.74331e-06
 Reference value :  4.75581e-06
 Reference value :  4.76781e-06
 Reference value :  4.77981e-06
 Reference value :  4.78382e-06
 Reference value :  4.78932e-06
 Reference value :  4.80132e-06
 Reference value :  4.81332e-06
 Reference value :  4.82452e-06
 Reference value :  4.82680e-06
 Reference value :  4.83880e-06
 Reference value :  4.85180e-06
 Reference value :  4.86380e-06
 Reference value :  4.86719e-06
 Reference value :  4.87545e-06
 Reference value :  4.88745e-06
 Reference value :  4.89995e-06
 Reference value :  4.90870e-06
 Reference value :  4.91448e-06
 Reference value :  4.92698e-06
 Reference value :  4.93898e-06
 Reference value :  4.94954e-06
 Reference value :  4.95061e-06
 Reference value :  4.95935e-06
 Reference value :  4.97085e-06
 Reference value :  4.98335e-06
 Reference value :  4.99200e-06
 Reference value :  4.99838e-06
 Reference value :  5.01038e-06
 Reference value :  5.02288e-06
 Reference value :  5.03340e-06
 Reference value :  5.03812e-06
 Reference value :  5.05012e-06
 Reference value :  5.06212e-06
 Reference value :  5.07406e-06
 Reference value :  5.07596e-06
 Reference value :  5.08764e-06
 Reference value :  5.09964e-06
 Reference value :  5.11214e-06
 Reference value :  5.11701e-06
 Reference value :  5.11816e-06
 Reference value :  5.12670e-06
 Reference value :  5.13920e-06
 Reference value :  5.15170e-06
 Reference value :  5.15883e-06
 Reference value :  5.16723e-06
 Reference value :  5.17923e-06
 Reference value :  5.19123e-06
 Reference value :  5.20006e-06
 Reference value :  5.20122e-06
 Reference value :  5.21254e-06
 Reference value :  5.22454e-06
 Reference value :  5.23704e-06
 Reference value :  5.24219e-06
 Reference value :  5.25155e-06
 Reference value :  5.26405e-06
 Reference value :  5.27605e-06
 Reference value :  5.28339e-06
 Reference value :  5.28953e-06
 Reference value :  5.30153e-06
 Reference value :  5.31353e-06
 Reference value :  5.32459e-06
 Reference value :  5.33022e-06
 Reference value :  5.34222e-06
 Reference value :  5.35422e-06
 Reference value :  5.36617e-06
 Reference value :  5.36795e-06
 Reference value :  5.37986e-06
 Reference value :  5.39236e-06
 Reference value :  5.40436e-06
 Reference value :  5.40899e-06
 Reference value :  5.42005e-06
 Reference value :  5.43205e-06
 Reference value :  5.44455e-06
 Reference value :  5.45025e-06
 Reference value :  5.45870e-06
 Reference value :  5.47070e-06
 Reference value :  5.48220e-06
 Reference value :  5.49190e-06
 Reference value :  5.49739e-06
 Reference value :  5.50939e-06
 Reference value :  5.52089e-06
 Reference value :  5.53236e-06
 Reference value :  5.53405e-06
 Reference value :  5.54491e-06
 Reference value :  5.55741e-06
 Reference value :  5.56891e-06
 Reference value :  5.57550e-06
 Reference value :  5.58343e-06
 Reference value :  5.59493e-06
 Reference value :  5.60643e-06
 Reference value :  5.61652e-06
 Reference value :  5.61886e-06
 Reference value :  5.63036e-06
 Reference value :  5.64186e-06
 Reference value :  5.65336e-06
 Reference value :  5.65886e-06
 Reference value :  5.66805e-06
 Reference value :  5.67955e-06
 Reference value :  5.69105e-06
 Reference value :  5.70005e-06
 Reference value :  5.70620e-06
 Reference value :  5.71770e-06
 Reference value :  5.72920e-06
 Reference value :  5.74070e-06
 Reference value :  5.74339e-06
 Reference value :  5.75539e-06
 Reference value :  5.76789e-06
 Reference value :  5.77989e-06
 Reference value :  5.78383e-06
 Reference value :  5.79353e-06
 Reference value :  5.80603e-06
 Reference value :  5.81953e-06
 Reference value :  5.82552e-06
 Reference value :  5.83472e-06
 Reference value :  5.84672e-06
 Reference value :  5.85922e-06
 Reference value :  5.86672e-06
 Reference value :  5.87174e-06
 Reference value :  5.88424e-06
 Reference value :  5.89624e-06
 Reference value :  5.90783e-06
 Reference value :  5.90977e-06
 Reference value :  5.92127e-06
 Reference value :  5.93327e-06
 Reference value :  5.94527e-06
 Reference value :  5.95038e-06
 Reference value :  5.95920e-06
 Reference value :  5.97120e-06
 Reference value :  5.98320e-06
 Reference value :  5.99217e-06
 Reference value :  5.99989e-06
 Reference value :  6.01189e-06
 Reference value :  6.02389e-06
 Reference value :  6.03339e-06
 Reference value :  6.04003e-06
 Reference value :  6.05253e-06
 Reference value :  6.06453e-06
 Reference value :  6.07472e-06
 Reference value :  6.08072e-06
 Reference value :  6.09322e-06
 Reference value :  6.10522e-06
 Reference value :  6.11652e-06
 Reference value :  6.11801e-06
 Reference value :  6.12792e-06
 Reference value :  6.14042e-06
 Reference value :  6.15342e-06
 Reference value :  6.15888e-06
 Reference value :  6.16804e-06
 Reference value :  6.18104e-06
 Reference value :  6.19654e-06
 Reference value :  6.20079e-06
 Reference value :  6.21004e-06
 Reference value :  6.22554e-06
 Reference value :  6.24119e-06
 Reference value :  6.24755e-06
 Reference value :  6.26205e-06
 Reference value :  6.27605e-06
No. of Data Rows : 14280

  Measurements for Transient Analysis

d9_c1               =  1.80001e+00
d8_c1               =  1.80001e+00
d7_c1               =  1.80001e+00
d6_c1               =  1.80001e+00
d5_c1               =  1.80001e+00
d4_c1               =  1.80001e+00
d3_c1               =  1.80001e+00
d2_c1               =  1.80001e+00
d1_c1               =  1.80001e+00
d0_c1               =  1.80001e+00
d9_c2               =  1.80000e+00
d8_c2               =  1.80000e+00
d7_c2               =  1.80000e+00
d6_c2               =  1.80000e+00
d5_c2               =  1.80000e+00
d4_c2               =  1.80000e+00
d3_c2               =  1.80000e+00
d2_c2               =  1.80000e+00
d1_c2               =  1.80000e+00
d0_c2               =  1.80000e+00
d9_c3               =  1.80001e+00
d8_c3               =  1.80001e+00
d7_c3               =  1.80001e+00
d6_c3               =  1.80001e+00
d5_c3               =  1.80001e+00
d4_c3               =  1.80001e+00
d3_c3               =  1.80001e+00
d2_c3               =  1.80001e+00
d1_c3               =  1.80001e+00
d0_c3               =  1.80001e+00
d9_c4               =  1.80000e+00
d8_c4               =  1.80000e+00
d7_c4               =  1.80000e+00
d6_c4               =  1.80000e+00
d5_c4               =  1.80000e+00
d4_c4               =  1.80000e+00
d3_c4               =  1.80000e+00
d2_c4               =  1.80000e+00
d1_c4               =  1.80000e+00
d0_c4               =  1.80000e+00
d9_c5               =  1.80001e+00
d8_c5               =  1.80001e+00
d7_c5               =  1.80001e+00
d6_c5               =  1.80001e+00
d5_c5               =  1.80000e+00
d4_c5               =  1.80000e+00
d3_c5               =  1.80001e+00
d2_c5               =  1.80001e+00
d1_c5               =  1.80001e+00
d0_c5               =  1.80001e+00
busy_c1_p0          =  1.80000e+00
smpl_c1_p0          =  -8.99900e-06
busy_c1_p1          =  1.80000e+00
smpl_c1_p1          =  -7.73915e-06
busy_c1_p2          =  1.80000e+00
smpl_c1_p2          =  -7.75483e-06
busy_c1_p3          =  1.80000e+00
smpl_c1_p3          =  -7.74820e-06
busy_c1_p4          =  1.80000e+00
smpl_c1_p4          =  -8.88429e-06
busy_c1_p5          =  1.80000e+00
smpl_c1_p5          =  -7.74918e-06
busy_c1_p6          =  1.80000e+00
smpl_c1_p6          =  -7.74408e-06
busy_c1_p7          =  1.80000e+00
smpl_c1_p7          =  -7.75035e-06
busy_c1_p8          =  1.80000e+00
smpl_c1_p8          =  -8.91817e-06
busy_c1_p9          =  1.80000e+00
smpl_c1_p9          =  -2.04797e-05
busy_c1_p10         =  1.80000e+00
smpl_c1_p10         =  -5.56350e-06
busy_c1_p11         =  5.87827e-05
smpl_c1_p11         =  1.79999e+00
busy_c2_p0          =  1.80000e+00
smpl_c2_p0          =  -1.18250e-05
busy_c2_p1          =  1.80000e+00
smpl_c2_p1          =  -1.82292e-05
busy_c2_p2          =  1.80000e+00
smpl_c2_p2          =  -1.82232e-05
busy_c2_p3          =  1.80000e+00
smpl_c2_p3          =  -1.82229e-05
busy_c2_p4          =  1.80000e+00
smpl_c2_p4          =  -1.95547e-05
busy_c2_p5          =  1.80000e+00
smpl_c2_p5          =  -1.82233e-05
busy_c2_p6          =  1.80000e+00
smpl_c2_p6          =  -1.82231e-05
busy_c2_p7          =  1.80000e+00
smpl_c2_p7          =  -1.82221e-05
busy_c2_p8          =  1.80000e+00
smpl_c2_p8          =  -1.95617e-05
busy_c2_p9          =  1.80000e+00
smpl_c2_p9          =  -5.21139e-07
busy_c2_p10         =  1.80000e+00
smpl_c2_p10         =  -1.94430e-05
busy_c2_p11         =  -5.42770e-06
smpl_c2_p11         =  1.79997e+00
busy_c3_p0          =  1.80000e+00
smpl_c3_p0          =  -8.15883e-05
busy_c3_p1          =  1.80000e+00
smpl_c3_p1          =  -1.17738e-05
busy_c3_p2          =  1.80000e+00
smpl_c3_p2          =  -1.16060e-05
busy_c3_p3          =  1.80000e+00
smpl_c3_p3          =  -1.14355e-05
busy_c3_p4          =  1.80000e+00
smpl_c3_p4          =  -1.00300e-05
busy_c3_p5          =  1.80000e+00
smpl_c3_p5          =  -1.12524e-05
busy_c3_p6          =  1.80000e+00
smpl_c3_p6          =  -1.10921e-05
busy_c3_p7          =  1.80000e+00
smpl_c3_p7          =  -1.09454e-05
busy_c3_p8          =  1.80000e+00
smpl_c3_p8          =  -6.55697e-07
busy_c3_p9          =  1.80000e+00
smpl_c3_p9          =  -1.54645e-05
busy_c3_p10         =  1.80000e+00
smpl_c3_p10         =  -6.88233e-06
busy_c3_p11         =  -1.21710e-04
smpl_c3_p11         =  1.80003e+00
busy_c4_p0          =  1.80000e+00
smpl_c4_p0          =  -9.45216e-06
busy_c4_p1          =  1.80000e+00
smpl_c4_p1          =  9.62436e-06
busy_c4_p2          =  1.80000e+00
smpl_c4_p2          =  -1.79815e-05
busy_c4_p3          =  1.80000e+00
smpl_c4_p3          =  9.66127e-06
busy_c4_p4          =  1.80000e+00
smpl_c4_p4          =  8.87573e-06
busy_c4_p5          =  1.80000e+00
smpl_c4_p5          =  -1.84546e-05
busy_c4_p6          =  1.80000e+00
smpl_c4_p6          =  9.67234e-06
busy_c4_p7          =  1.80000e+00
smpl_c4_p7          =  -1.79131e-05
busy_c4_p8          =  1.80000e+00
smpl_c4_p8          =  8.47448e-06
busy_c4_p9          =  1.80000e+00
smpl_c4_p9          =  -4.16241e-06
busy_c4_p10         =  1.80000e+00
smpl_c4_p10         =  9.61640e-06
busy_c4_p11         =  -8.36191e-05
smpl_c4_p11         =  1.79997e+00
busy_c5_p0          =  1.80000e+00
smpl_c5_p0          =  -1.13074e-05
busy_c5_p1          =  1.80000e+00
smpl_c5_p1          =  -2.62315e-06
busy_c5_p2          =  1.80000e+00
smpl_c5_p2          =  -2.70664e-06
busy_c5_p3          =  1.80000e+00
smpl_c5_p3          =  -2.68065e-06
busy_c5_p4          =  1.80000e+00
smpl_c5_p4          =  -1.12676e-05
busy_c5_p5          =  1.80000e+00
smpl_c5_p5          =  -2.62218e-06
busy_c5_p6          =  1.80000e+00
smpl_c5_p6          =  -2.67534e-06
busy_c5_p7          =  1.80000e+00
smpl_c5_p7          =  -2.68628e-06
busy_c5_p8          =  1.80000e+00
smpl_c5_p8          =  -1.11021e-05
busy_c5_p9          =  1.80000e+00
smpl_c5_p9          =  -2.59473e-06
busy_c5_p10         =  1.80000e+00
smpl_c5_p10         =  -2.63934e-06
busy_c5_p11         =  1.59997e-04
smpl_c5_p11         =  1.80003e+00
i_vdd               =  -2.29510e-06 from=  3.20000e-06 to=  4.20019e-06
i_vpwr              =  -3.17769e-06 from=  3.20000e-06 to=  4.20019e-06
i_vrefp             =  -9.64564e-07 from=  3.20000e-06 to=  4.20019e-06
i_vrefn             =  9.66137e-07 from=  3.20000e-06 to=  4.20019e-06
i_vcm               =  -6.64548e-11 from=  3.20000e-06 to=  4.20019e-06


Total analysis time (seconds) = 397.712

Total elapsed time (seconds) = 466.810 

Total DRAM available = 98304.000 MB.
DRAM currently available = 25991.703 MB.
Maximum ngspice program size =  580.469 MB.
Current ngspice program size =  580.469 MB.

