
Note: Compatibility modes selected: hs a


Circuit: * sim/full-conversion-transient -- end-to-end full-conversion transient

option SCALE: Scale is set to 1e-06 for instance and model parameters
option SCALE: Scale is set to 1e-06 for instance and model parameters
option SCALE: Scale is set to 1e-06 for instance and model parameters
option SCALE: Scale is set to 1e-06 for instance and model parameters
Doing analysis at TEMP = 125.000000 and TNOM = 27.000000

Using KLU as Direct Linear Solver
 Reference value :  0.00000e+00
 Reference value :  1.31400e-08
 Reference value :  2.37500e-08
 Reference value :  3.57500e-08
 Reference value :  4.72500e-08
 Reference value :  5.92500e-08
 Reference value :  7.07500e-08
 Reference value :  8.27500e-08
 Reference value :  9.42500e-08
 Reference value :  1.05750e-07
 Reference value :  1.17250e-07
 Reference value :  1.29250e-07
 Reference value :  1.43750e-07
 Reference value :  1.58250e-07
 Reference value :  1.75750e-07
 Reference value :  1.93750e-07
 Reference value :  2.00378e-07
 Reference value :  2.02203e-07
 Reference value :  2.14703e-07
 Reference value :  2.27203e-07
 Reference value :  2.39203e-07
 Reference value :  2.42518e-07
 Reference value :  2.54453e-07
 Reference value :  2.66453e-07
 Reference value :  2.78953e-07
 Reference value :  2.83594e-07
 Reference value :  2.91846e-07
 Reference value :  3.03846e-07
 Reference value :  3.16846e-07
 Reference value :  3.25500e-07
 Reference value :  3.33359e-07
 Reference value :  3.45859e-07
 Reference value :  3.59359e-07
 Reference value :  3.66952e-07
 Reference value :  3.74949e-07
 Reference value :  3.87449e-07
 Reference value :  4.00949e-07
 Reference value :  4.08608e-07
 Reference value :  4.14424e-07
 Reference value :  4.26424e-07
 Reference value :  4.38424e-07
 Reference value :  4.49550e-07
 Reference value :  4.50625e-07
 Reference value :  4.61652e-07
 Reference value :  4.73652e-07
 Reference value :  4.86652e-07
 Reference value :  4.92167e-07
 Reference value :  4.99652e-07
 Reference value :  5.11652e-07
 Reference value :  5.23652e-07
 Reference value :  5.33382e-07
 Reference value :  5.36881e-07
 Reference value :  5.48881e-07
 Reference value :  5.60881e-07
 Reference value :  5.73381e-07
 Reference value :  5.76428e-07
 Reference value :  5.88428e-07
 Reference value :  6.00428e-07
 Reference value :  6.12428e-07
 Reference value :  6.16902e-07
 Reference value :  6.23373e-07
 Reference value :  6.35873e-07
 Reference value :  6.47873e-07
 Reference value :  6.58115e-07
 Reference value :  6.61514e-07
 Reference value :  6.73514e-07
 Reference value :  6.85514e-07
 Reference value :  6.97514e-07
 Reference value :  7.00500e-07
 Reference value :  7.10184e-07
 Reference value :  7.22184e-07
 Reference value :  7.33684e-07
 Reference value :  7.41953e-07
 Reference value :  7.47763e-07
 Reference value :  7.59763e-07
 Reference value :  7.72263e-07
 Reference value :  7.82878e-07
 Reference value :  7.83833e-07
 Reference value :  7.92670e-07
 Reference value :  8.05170e-07
 Reference value :  8.17170e-07
 Reference value :  8.25260e-07
 Reference value :  8.32288e-07
 Reference value :  8.44288e-07
 Reference value :  8.55788e-07
 Reference value :  8.66517e-07
 Reference value :  8.67418e-07
 Reference value :  8.78002e-07
 Reference value :  8.89502e-07
 Reference value :  9.01002e-07
 Reference value :  9.08594e-07
 Reference value :  9.14625e-07
 Reference value :  9.26625e-07
 Reference value :  9.38625e-07
 Reference value :  9.49650e-07
 Reference value :  9.50765e-07
 Reference value :  9.62023e-07
 Reference value :  9.74023e-07
 Reference value :  9.86023e-07
 Reference value :  9.92191e-07
 Reference value :  1.00308e-06
 Reference value :  1.01508e-06
 Reference value :  1.02708e-06
 Reference value :  1.03338e-06
 Reference value :  1.03928e-06
 Reference value :  1.05128e-06
 Reference value :  1.06428e-06
 Reference value :  1.07460e-06
 Reference value :  1.08030e-06
 Reference value :  1.09230e-06
 Reference value :  1.10430e-06
 Reference value :  1.11617e-06
 Reference value :  1.11741e-06
 Reference value :  1.12166e-06
 Reference value :  1.13366e-06
 Reference value :  1.14666e-06
 Reference value :  1.15786e-06
 Reference value :  1.16260e-06
 Reference value :  1.17410e-06
 Reference value :  1.18610e-06
 Reference value :  1.19810e-06
 Reference value :  1.20052e-06
 Reference value :  1.20468e-06
 Reference value :  1.21718e-06
 Reference value :  1.22918e-06
 Reference value :  1.24117e-06
 Reference value :  1.24290e-06
 Reference value :  1.25490e-06
 Reference value :  1.26640e-06
 Reference value :  1.27840e-06
 Reference value :  1.28359e-06
 Reference value :  1.28730e-06
 Reference value :  1.29880e-06
 Reference value :  1.31030e-06
 Reference value :  1.32230e-06
 Reference value :  1.32564e-06
 Reference value :  1.33675e-06
 Reference value :  1.34875e-06
 Reference value :  1.36075e-06
 Reference value :  1.36672e-06
 Reference value :  1.36963e-06
 Reference value :  1.38113e-06
 Reference value :  1.39363e-06
 Reference value :  1.40563e-06
 Reference value :  1.40905e-06
 Reference value :  1.42008e-06
 Reference value :  1.43258e-06
 Reference value :  1.44458e-06
 Reference value :  1.45026e-06
 Reference value :  1.45446e-06
 Reference value :  1.46596e-06
 Reference value :  1.47796e-06
 Reference value :  1.48996e-06
 Reference value :  1.49251e-06
 Reference value :  1.50442e-06
 Reference value :  1.51642e-06
 Reference value :  1.52842e-06
 Reference value :  1.53359e-06
 Reference value :  1.53830e-06
 Reference value :  1.55030e-06
 Reference value :  1.56230e-06
 Reference value :  1.57415e-06
 Reference value :  1.57675e-06
 Reference value :  1.58925e-06
 Reference value :  1.60125e-06
 Reference value :  1.61325e-06
 Reference value :  1.61692e-06
 Reference value :  1.62113e-06
 Reference value :  1.63263e-06
 Reference value :  1.64463e-06
 Reference value :  1.65713e-06
 Reference value :  1.65958e-06
 Reference value :  1.67158e-06
 Reference value :  1.68358e-06
 Reference value :  1.69608e-06
 Reference value :  1.70026e-06
 Reference value :  1.70396e-06
 Reference value :  1.71546e-06
 Reference value :  1.72746e-06
 Reference value :  1.73946e-06
 Reference value :  1.74251e-06
 Reference value :  1.75442e-06
 Reference value :  1.76642e-06
 Reference value :  1.77842e-06
 Reference value :  1.78359e-06
 Reference value :  1.78830e-06
 Reference value :  1.80130e-06
 Reference value :  1.81330e-06
 Reference value :  1.82453e-06
 Reference value :  1.82825e-06
 Reference value :  1.84075e-06
 Reference value :  1.85275e-06
 Reference value :  1.86525e-06
 Reference value :  1.86724e-06
 Reference value :  1.87513e-06
 Reference value :  1.88713e-06
 Reference value :  1.90563e-06
 Reference value :  1.90905e-06
 Reference value :  1.92058e-06
 Reference value :  1.93308e-06
 Reference value :  1.94558e-06
 Reference value :  1.95032e-06
 Reference value :  1.95628e-06
 Reference value :  1.96828e-06
 Reference value :  1.98028e-06
 Reference value :  1.99194e-06
 Reference value :  1.99843e-06
 Reference value :  2.01043e-06
 Reference value :  2.02293e-06
 Reference value :  2.03339e-06
 Reference value :  2.03883e-06
 Reference value :  2.05083e-06
 Reference value :  2.06383e-06
 Reference value :  2.07453e-06
 Reference value :  2.07877e-06
 Reference value :  2.09077e-06
 Reference value :  2.10227e-06
 Reference value :  2.11377e-06
 Reference value :  2.11717e-06
 Reference value :  2.11924e-06
 Reference value :  2.13024e-06
 Reference value :  2.14224e-06
 Reference value :  2.15624e-06
 Reference value :  2.15934e-06
 Reference value :  2.17116e-06
 Reference value :  2.18266e-06
 Reference value :  2.19416e-06
 Reference value :  2.20030e-06
 Reference value :  2.20323e-06
 Reference value :  2.21523e-06
 Reference value :  2.22673e-06
 Reference value :  2.23873e-06
 Reference value :  2.24231e-06
 Reference value :  2.25212e-06
 Reference value :  2.26362e-06
 Reference value :  2.27562e-06
 Reference value :  2.28343e-06
 Reference value :  2.28814e-06
 Reference value :  2.29964e-06
 Reference value :  2.31164e-06
 Reference value :  2.32364e-06
 Reference value :  2.32668e-06
 Reference value :  2.33868e-06
 Reference value :  2.35068e-06
 Reference value :  2.36218e-06
 Reference value :  2.36717e-06
 Reference value :  2.37398e-06
 Reference value :  2.38598e-06
 Reference value :  2.39848e-06
 Reference value :  2.40834e-06
 Reference value :  2.41451e-06
 Reference value :  2.42601e-06
 Reference value :  2.43801e-06
 Reference value :  2.44955e-06
 Reference value :  2.45139e-06
 Reference value :  2.46131e-06
 Reference value :  2.47331e-06
 Reference value :  2.48531e-06
 Reference value :  2.49217e-06
 Reference value :  2.50134e-06
 Reference value :  2.51334e-06
 Reference value :  2.52534e-06
 Reference value :  2.53343e-06
 Reference value :  2.53765e-06
 Reference value :  2.54965e-06
 Reference value :  2.56215e-06
 Reference value :  2.57407e-06
 Reference value :  2.57717e-06
 Reference value :  2.58917e-06
 Reference value :  2.60167e-06
 Reference value :  2.61367e-06
 Reference value :  2.61733e-06
 Reference value :  2.62548e-06
 Reference value :  2.63798e-06
 Reference value :  2.64998e-06
 Reference value :  2.65860e-06
 Reference value :  2.66601e-06
 Reference value :  2.67801e-06
 Reference value :  2.69001e-06
 Reference value :  2.70010e-06
 Reference value :  2.70531e-06
 Reference value :  2.71881e-06
 Reference value :  2.73131e-06
 Reference value :  2.74168e-06
 Reference value :  2.74784e-06
 Reference value :  2.76034e-06
 Reference value :  2.77534e-06
 Reference value :  2.78363e-06
 Reference value :  2.79015e-06
 Reference value :  2.80265e-06
 Reference value :  2.81565e-06
 Reference value :  2.82501e-06
 Reference value :  2.83167e-06
 Reference value :  2.84417e-06
 Reference value :  2.85617e-06
 Reference value :  2.86676e-06
 Reference value :  2.87198e-06
 Reference value :  2.88398e-06
 Reference value :  2.89598e-06
 Reference value :  2.90783e-06
 Reference value :  2.91051e-06
 Reference value :  2.92301e-06
 Reference value :  2.93601e-06
 Reference value :  2.94851e-06
 Reference value :  2.95076e-06
 Reference value :  2.95883e-06
 Reference value :  2.97083e-06
 Reference value :  2.98383e-06
 Reference value :  2.99192e-06
 Reference value :  2.99984e-06
 Reference value :  3.01184e-06
 Reference value :  3.02384e-06
 Reference value :  3.03343e-06
 Reference value :  3.03918e-06
 Reference value :  3.05118e-06
 Reference value :  3.06368e-06
 Reference value :  3.07461e-06
 Reference value :  3.08068e-06
 Reference value :  3.09268e-06
 Reference value :  3.10468e-06
 Reference value :  3.11632e-06
 Reference value :  3.11798e-06
 Reference value :  3.12704e-06
 Reference value :  3.13904e-06
 Reference value :  3.15104e-06
 Reference value :  3.15883e-06
 Reference value :  3.16855e-06
 Reference value :  3.18055e-06
 Reference value :  3.19255e-06
 Reference value :  3.20029e-06
 Reference value :  3.20264e-06
 Reference value :  3.21464e-06
 Reference value :  3.22664e-06
 Reference value :  3.23914e-06
 Reference value :  3.24253e-06
 Reference value :  3.25477e-06
 Reference value :  3.26677e-06
 Reference value :  3.27877e-06
 Reference value :  3.28371e-06
 Reference value :  3.28823e-06
 Reference value :  3.30023e-06
 Reference value :  3.31223e-06
 Reference value :  3.32411e-06
 Reference value :  3.32820e-06
 Reference value :  3.34070e-06
 Reference value :  3.35270e-06
 Reference value :  3.36470e-06
 Reference value :  3.36755e-06
 Reference value :  3.37657e-06
 Reference value :  3.38857e-06
 Reference value :  3.40057e-06
 Reference value :  3.40858e-06
 Reference value :  3.41654e-06
 Reference value :  3.42854e-06
 Reference value :  3.44054e-06
 Reference value :  3.45008e-06
 Reference value :  3.45541e-06
 Reference value :  3.46791e-06
 Reference value :  3.48041e-06
 Reference value :  3.49127e-06
 Reference value :  3.49787e-06
 Reference value :  3.50987e-06
 Reference value :  3.52237e-06
 Reference value :  3.53318e-06
 Reference value :  3.53512e-06
 Reference value :  3.54674e-06
 Reference value :  3.55924e-06
 Reference value :  3.57174e-06
 Reference value :  3.57594e-06
 Reference value :  3.58870e-06
 Reference value :  3.60120e-06
 Reference value :  3.61370e-06
 Reference value :  3.61734e-06
 Reference value :  3.62657e-06
 Reference value :  3.63857e-06
 Reference value :  3.65107e-06
 Reference value :  3.65883e-06
 Reference value :  3.66754e-06
 Reference value :  3.68054e-06
 Reference value :  3.69254e-06
 Reference value :  3.70008e-06
 Reference value :  3.70541e-06
 Reference value :  3.71791e-06
 Reference value :  3.72991e-06
 Reference value :  3.74127e-06
 Reference value :  3.74837e-06
 Reference value :  3.76037e-06
 Reference value :  3.77287e-06
 Reference value :  3.78342e-06
 Reference value :  3.78824e-06
 Reference value :  3.80074e-06
 Reference value :  3.81324e-06
 Reference value :  3.82453e-06
 Reference value :  3.82970e-06
 Reference value :  3.84170e-06
 Reference value :  3.85520e-06
 Reference value :  3.86622e-06
 Reference value :  3.86820e-06
 Reference value :  3.87858e-06
 Reference value :  3.89058e-06
 Reference value :  3.90258e-06
 Reference value :  3.90891e-06
 Reference value :  3.91904e-06
 Reference value :  3.93104e-06
 Reference value :  3.94304e-06
 Reference value :  3.95036e-06
 Reference value :  3.95577e-06
 Reference value :  3.96827e-06
 Reference value :  3.98077e-06
 Reference value :  3.99128e-06
 Reference value :  3.99524e-06
 Reference value :  4.00724e-06
 Reference value :  4.02024e-06
 Reference value :  4.03298e-06
 Reference value :  4.03512e-06
 Reference value :  4.04674e-06
 Reference value :  4.05924e-06
 Reference value :  4.07124e-06
 Reference value :  4.07581e-06
 Reference value :  4.08720e-06
 Reference value :  4.10020e-06
 Reference value :  4.11220e-06
 Reference value :  4.11724e-06
 Reference value :  4.11999e-06
 Reference value :  4.13249e-06
 Reference value :  4.14499e-06
 Reference value :  4.15699e-06
 Reference value :  4.16149e-06
 Reference value :  4.17299e-06
 Reference value :  4.18499e-06
 Reference value :  4.19699e-06
 Reference value :  4.20050e-06
 Reference value :  4.20507e-06
 Reference value :  4.21757e-06
 Reference value :  4.22957e-06
 Reference value :  4.24117e-06
 Reference value :  4.24249e-06
 Reference value :  4.25408e-06
 Reference value :  4.26608e-06
 Reference value :  4.27808e-06
 Reference value :  4.28363e-06
 Reference value :  4.29121e-06
 Reference value :  4.30371e-06
 Reference value :  4.31721e-06
 Reference value :  4.32525e-06
 Reference value :  4.33417e-06
 Reference value :  4.34617e-06
 Reference value :  4.35817e-06
 Reference value :  4.36663e-06
 Reference value :  4.37131e-06
 Reference value :  4.38331e-06
 Reference value :  4.39531e-06
 Reference value :  4.40731e-06
 Reference value :  4.41026e-06
 Reference value :  4.42226e-06
 Reference value :  4.43426e-06
 Reference value :  4.44576e-06
 Reference value :  4.45050e-06
 Reference value :  4.45888e-06
 Reference value :  4.47088e-06
 Reference value :  4.48288e-06
 Reference value :  4.49165e-06
 Reference value :  4.49883e-06
 Reference value :  4.51133e-06
 Reference value :  4.52333e-06
 Reference value :  4.53330e-06
 Reference value :  4.53695e-06
 Reference value :  4.54895e-06
 Reference value :  4.56095e-06
 Reference value :  4.57422e-06
 Reference value :  4.57743e-06
 Reference value :  4.58943e-06
 Reference value :  4.60143e-06
 Reference value :  4.61343e-06
 Reference value :  4.61719e-06
 Reference value :  4.62605e-06
 Reference value :  4.63855e-06
 Reference value :  4.65155e-06
 Reference value :  4.65883e-06
 Reference value :  4.66850e-06
 Reference value :  4.68050e-06
 Reference value :  4.69250e-06
 Reference value :  4.69997e-06
 Reference value :  4.70464e-06
 Reference value :  4.72414e-06
 Reference value :  4.73764e-06
 Reference value :  4.74228e-06
 Reference value :  4.75259e-06
 Reference value :  4.76509e-06
 Reference value :  4.77709e-06
 Reference value :  4.78383e-06
 Reference value :  4.79421e-06
 Reference value :  4.80571e-06
 Reference value :  4.81821e-06
 Reference value :  4.82558e-06
 Reference value :  4.83567e-06
 Reference value :  4.84867e-06
 Reference value :  4.86067e-06
 Reference value :  4.86681e-06
 Reference value :  4.87331e-06
 Reference value :  4.88581e-06
 Reference value :  4.89781e-06
 Reference value :  4.90791e-06
 Reference value :  4.91226e-06
 Reference value :  4.92476e-06
 Reference value :  4.93676e-06
 Reference value :  4.94876e-06
 Reference value :  4.95060e-06
 Reference value :  4.95839e-06
 Reference value :  4.97089e-06
 Reference value :  4.98339e-06
 Reference value :  4.99191e-06
 Reference value :  5.00084e-06
 Reference value :  5.01284e-06
 Reference value :  5.02484e-06
 Reference value :  5.03343e-06
 Reference value :  5.04021e-06
 Reference value :  5.05221e-06
 Reference value :  5.06521e-06
 Reference value :  5.07498e-06
 Reference value :  5.08217e-06
 Reference value :  5.09467e-06
 Reference value :  5.10767e-06
 Reference value :  5.11663e-06
 Reference value :  5.11802e-06
 Reference value :  5.12810e-06
 Reference value :  5.14060e-06
 Reference value :  5.15310e-06
 Reference value :  5.15898e-06
 Reference value :  5.16962e-06
 Reference value :  5.18162e-06
 Reference value :  5.19362e-06
 Reference value :  5.20005e-06
 Reference value :  5.20132e-06
 Reference value :  5.21330e-06
 Reference value :  5.22530e-06
 Reference value :  5.23780e-06
 Reference value :  5.24223e-06
 Reference value :  5.25296e-06
 Reference value :  5.26946e-06
 Reference value :  5.28318e-06
 Reference value :  5.28446e-06
 Reference value :  5.29629e-06
 Reference value :  5.30879e-06
 Reference value :  5.32079e-06
 Reference value :  5.32564e-06
 Reference value :  5.33726e-06
 Reference value :  5.35026e-06
 Reference value :  5.36276e-06
 Reference value :  5.36692e-06
 Reference value :  5.37412e-06
 Reference value :  5.38662e-06
 Reference value :  5.39912e-06
 Reference value :  5.40858e-06
 Reference value :  5.41559e-06
 Reference value :  5.42759e-06
 Reference value :  5.43959e-06
 Reference value :  5.45005e-06
 Reference value :  5.45595e-06
 Reference value :  5.46795e-06
 Reference value :  5.47995e-06
 Reference value :  5.49126e-06
 Reference value :  5.49593e-06
 Reference value :  5.50793e-06
 Reference value :  5.51993e-06
 Reference value :  5.53193e-06
 Reference value :  5.53383e-06
 Reference value :  5.54202e-06
 Reference value :  5.55402e-06
 Reference value :  5.56602e-06
 Reference value :  5.57507e-06
 Reference value :  5.58076e-06
 Reference value :  5.59276e-06
 Reference value :  5.60576e-06
 Reference value :  5.61672e-06
 Reference value :  5.62262e-06
 Reference value :  5.63462e-06
 Reference value :  5.64712e-06
 Reference value :  5.65787e-06
 Reference value :  5.66209e-06
 Reference value :  5.67409e-06
 Reference value :  5.68609e-06
 Reference value :  5.69809e-06
 Reference value :  5.70050e-06
 Reference value :  5.70945e-06
 Reference value :  5.72145e-06
 Reference value :  5.73345e-06
 Reference value :  5.74191e-06
 Reference value :  5.74893e-06
 Reference value :  5.76143e-06
 Reference value :  5.77343e-06
 Reference value :  5.78338e-06
 Reference value :  5.78979e-06
 Reference value :  5.80179e-06
 Reference value :  5.81429e-06
 Reference value :  5.82460e-06
 Reference value :  5.82976e-06
 Reference value :  5.84176e-06
 Reference value :  5.85376e-06
 Reference value :  5.86526e-06
 Reference value :  5.86717e-06
 Reference value :  5.87638e-06
 Reference value :  5.88838e-06
 Reference value :  5.89988e-06
 Reference value :  5.90861e-06
 Reference value :  5.92062e-06
 Reference value :  5.93912e-06
 Reference value :  5.95026e-06
 Reference value :  5.96395e-06
 Reference value :  5.98145e-06
 Reference value :  5.99231e-06
 Reference value :  6.00993e-06
 Reference value :  6.02693e-06
 Reference value :  6.03389e-06
 Reference value :  6.04879e-06
 Reference value :  6.06779e-06
 Reference value :  6.08076e-06
 Reference value :  6.10426e-06
 Reference value :  6.11692e-06
 Reference value :  6.12580e-06
 Reference value :  6.14530e-06
 Reference value :  6.15902e-06
 Reference value :  6.17655e-06
 Reference value :  6.19950e-06
 Reference value :  6.20580e-06
 Reference value :  6.22580e-06
 Reference value :  6.24219e-06
 Reference value :  6.26296e-06
 Reference value :  6.28288e-06
No. of Data Rows : 14071

  Measurements for Transient Analysis

d9_c1               =  1.80001e+00
d8_c1               =  1.80002e+00
d7_c1               =  1.80002e+00
d6_c1               =  1.80002e+00
d5_c1               =  1.80002e+00
d4_c1               =  1.80001e+00
d3_c1               =  1.80001e+00
d2_c1               =  1.80001e+00
d1_c1               =  1.80001e+00
d0_c1               =  1.80001e+00
d9_c2               =  1.80001e+00
d8_c2               =  1.80001e+00
d7_c2               =  1.80001e+00
d6_c2               =  1.80001e+00
d5_c2               =  1.80001e+00
d4_c2               =  1.80001e+00
d3_c2               =  1.80001e+00
d2_c2               =  1.80001e+00
d1_c2               =  1.80001e+00
d0_c2               =  1.80001e+00
d9_c3               =  1.80000e+00
d8_c3               =  1.80000e+00
d7_c3               =  1.80000e+00
d6_c3               =  1.80000e+00
d5_c3               =  1.80000e+00
d4_c3               =  1.80000e+00
d3_c3               =  1.80000e+00
d2_c3               =  1.80000e+00
d1_c3               =  1.80001e+00
d0_c3               =  1.80000e+00
d9_c4               =  1.80000e+00
d8_c4               =  1.80000e+00
d7_c4               =  1.80000e+00
d6_c4               =  1.80000e+00
d5_c4               =  1.80000e+00
d4_c4               =  1.80000e+00
d3_c4               =  1.80000e+00
d2_c4               =  1.80000e+00
d1_c4               =  1.80000e+00
d0_c4               =  1.80000e+00
d9_c5               =  1.80001e+00
d8_c5               =  1.80002e+00
d7_c5               =  1.80002e+00
d6_c5               =  1.80002e+00
d5_c5               =  1.80001e+00
d4_c5               =  1.80001e+00
d3_c5               =  1.80001e+00
d2_c5               =  1.80001e+00
d1_c5               =  1.80001e+00
d0_c5               =  1.80001e+00
busy_c1_p0          =  1.80000e+00
smpl_c1_p0          =  1.05658e-05
busy_c1_p1          =  1.80000e+00
smpl_c1_p1          =  1.41298e-06
busy_c1_p2          =  1.80000e+00
smpl_c1_p2          =  1.35284e-06
busy_c1_p3          =  1.80000e+00
smpl_c1_p3          =  1.44885e-06
busy_c1_p4          =  1.80000e+00
smpl_c1_p4          =  3.78480e-06
busy_c1_p5          =  1.80000e+00
smpl_c1_p5          =  1.37444e-06
busy_c1_p6          =  1.80000e+00
smpl_c1_p6          =  1.46238e-06
busy_c1_p7          =  1.80000e+00
smpl_c1_p7          =  1.42663e-06
busy_c1_p8          =  1.80000e+00
smpl_c1_p8          =  5.82709e-07
busy_c1_p9          =  1.80000e+00
smpl_c1_p9          =  -8.56747e-06
busy_c1_p10         =  1.80000e+00
smpl_c1_p10         =  1.78136e-05
busy_c1_p11         =  -2.17794e-05
smpl_c1_p11         =  1.80023e+00
busy_c2_p0          =  1.80000e+00
smpl_c2_p0          =  1.69574e-05
busy_c2_p1          =  1.80000e+00
smpl_c2_p1          =  -1.36671e-05
busy_c2_p2          =  1.80000e+00
smpl_c2_p2          =  -1.57396e-05
busy_c2_p3          =  1.80000e+00
smpl_c2_p3          =  -1.57586e-05
busy_c2_p4          =  1.80000e+00
smpl_c2_p4          =  -1.57572e-05
busy_c2_p5          =  1.80000e+00
smpl_c2_p5          =  -1.57094e-05
busy_c2_p6          =  1.80000e+00
smpl_c2_p6          =  -1.57429e-05
busy_c2_p7          =  1.80000e+00
smpl_c2_p7          =  -1.57468e-05
busy_c2_p8          =  1.80000e+00
smpl_c2_p8          =  -1.57420e-05
busy_c2_p9          =  1.80000e+00
smpl_c2_p9          =  -2.09341e-05
busy_c2_p10         =  1.80000e+00
smpl_c2_p10         =  -1.97330e-05
busy_c2_p11         =  -9.97684e-06
smpl_c2_p11         =  1.80005e+00
busy_c3_p0          =  1.80000e+00
smpl_c3_p0          =  -2.10460e-04
busy_c3_p1          =  1.80000e+00
smpl_c3_p1          =  1.40945e-06
busy_c3_p2          =  1.80000e+00
smpl_c3_p2          =  1.16320e-06
busy_c3_p3          =  1.80000e+00
smpl_c3_p3          =  1.25717e-06
busy_c3_p4          =  1.80000e+00
smpl_c3_p4          =  1.19664e-06
busy_c3_p5          =  1.80000e+00
smpl_c3_p5          =  1.10336e-06
busy_c3_p6          =  1.80000e+00
smpl_c3_p6          =  1.21115e-06
busy_c3_p7          =  1.80000e+00
smpl_c3_p7          =  1.13503e-06
busy_c3_p8          =  1.80000e+00
smpl_c3_p8          =  1.07740e-06
busy_c3_p9          =  1.80000e+00
smpl_c3_p9          =  -5.48053e-06
busy_c3_p10         =  1.80000e+00
smpl_c3_p10         =  1.20358e-06
busy_c3_p11         =  4.56289e-05
smpl_c3_p11         =  1.79998e+00
busy_c4_p0          =  1.80000e+00
smpl_c4_p0          =  -1.70455e-04
busy_c4_p1          =  1.80000e+00
smpl_c4_p1          =  6.48844e-06
busy_c4_p2          =  1.80000e+00
smpl_c4_p2          =  8.26118e-05
busy_c4_p3          =  1.80000e+00
smpl_c4_p3          =  6.55847e-06
busy_c4_p4          =  1.80000e+00
smpl_c4_p4          =  7.92608e-05
busy_c4_p5          =  1.80000e+00
smpl_c4_p5          =  6.45705e-06
busy_c4_p6          =  1.80000e+00
smpl_c4_p6          =  8.26970e-05
busy_c4_p7          =  1.80000e+00
smpl_c4_p7          =  6.53139e-06
busy_c4_p8          =  1.80000e+00
smpl_c4_p8          =  8.26368e-05
busy_c4_p9          =  1.80000e+00
smpl_c4_p9          =  6.62206e-06
busy_c4_p10         =  1.80000e+00
smpl_c4_p10         =  6.54721e-06
busy_c4_p11         =  1.81642e-05
smpl_c4_p11         =  1.80001e+00
busy_c5_p0          =  1.80000e+00
smpl_c5_p0          =  -1.11802e-05
busy_c5_p1          =  1.80000e+00
smpl_c5_p1          =  -4.18426e-06
busy_c5_p2          =  1.80000e+00
smpl_c5_p2          =  -4.26187e-06
busy_c5_p3          =  1.80000e+00
smpl_c5_p3          =  -4.17064e-06
busy_c5_p4          =  1.80000e+00
smpl_c5_p4          =  1.20703e-05
busy_c5_p5          =  1.80000e+00
smpl_c5_p5          =  -4.21808e-06
busy_c5_p6          =  1.80000e+00
smpl_c5_p6          =  -4.17610e-06
busy_c5_p7          =  1.80000e+00
smpl_c5_p7          =  -4.19111e-06
busy_c5_p8          =  1.80000e+00
smpl_c5_p8          =  -3.42730e-06
busy_c5_p9          =  1.80000e+00
smpl_c5_p9          =  -4.16212e-06
busy_c5_p10         =  1.80000e+00
smpl_c5_p10         =  -4.10908e-06
busy_c5_p11         =  -4.11833e-06
smpl_c5_p11         =  1.80022e+00
i_vdd               =  -2.54005e-06 from=  3.20000e-06 to=  4.20015e-06
i_vpwr              =  -3.68203e-06 from=  3.20000e-06 to=  4.20015e-06
i_vrefp             =  -1.36294e-06 from=  3.20000e-06 to=  4.20015e-06
i_vrefn             =  1.36509e-06 from=  3.20000e-06 to=  4.20015e-06
i_vcm               =  1.14952e-09 from=  3.20000e-06 to=  4.20015e-06


Total analysis time (seconds) = 444.145

Total elapsed time (seconds) = 563.878 

Total DRAM available = 98304.000 MB.
DRAM currently available = 46776.391 MB.
Maximum ngspice program size =  580.766 MB.
Current ngspice program size =  580.766 MB.

