
Note: Compatibility modes selected: hs a


Circuit: * sim/full-conversion-transient -- end-to-end full-conversion transient

option SCALE: Scale is set to 1e-06 for instance and model parameters
option SCALE: Scale is set to 1e-06 for instance and model parameters
option SCALE: Scale is set to 1e-06 for instance and model parameters
option SCALE: Scale is set to 1e-06 for instance and model parameters
Doing analysis at TEMP = 27.000000 and TNOM = 27.000000

Using KLU as Direct Linear Solver
 Reference value :  0.00000e+00
 Reference value :  1.36400e-08
 Reference value :  2.42500e-08
 Reference value :  3.57500e-08
 Reference value :  4.77500e-08
 Reference value :  5.97500e-08
 Reference value :  7.12500e-08
 Reference value :  8.27500e-08
 Reference value :  9.42500e-08
 Reference value :  1.06250e-07
 Reference value :  1.19250e-07
 Reference value :  1.36750e-07
 Reference value :  1.53750e-07
 Reference value :  1.70750e-07
 Reference value :  1.87750e-07
 Reference value :  2.00047e-07
 Reference value :  2.01021e-07
 Reference value :  2.12465e-07
 Reference value :  2.24465e-07
 Reference value :  2.35965e-07
 Reference value :  2.41743e-07
 Reference value :  2.45541e-07
 Reference value :  2.57041e-07
 Reference value :  2.69041e-07
 Reference value :  2.80541e-07
 Reference value :  2.83848e-07
 Reference value :  2.93499e-07
 Reference value :  3.04999e-07
 Reference value :  3.16999e-07
 Reference value :  3.24976e-07
 Reference value :  3.28532e-07
 Reference value :  3.40532e-07
 Reference value :  3.52032e-07
 Reference value :  3.64032e-07
 Reference value :  3.67182e-07
 Reference value :  3.76791e-07
 Reference value :  3.88791e-07
 Reference value :  4.00791e-07
 Reference value :  4.08339e-07
 Reference value :  4.12742e-07
 Reference value :  4.25242e-07
 Reference value :  4.37742e-07
 Reference value :  4.49550e-07
 Reference value :  4.50919e-07
 Reference value :  4.63164e-07
 Reference value :  4.75164e-07
 Reference value :  4.86664e-07
 Reference value :  4.91910e-07
 Reference value :  4.97229e-07
 Reference value :  5.09229e-07
 Reference value :  5.21729e-07
 Reference value :  5.32877e-07
 Reference value :  5.34065e-07
 Reference value :  5.45090e-07
 Reference value :  5.56590e-07
 Reference value :  5.68590e-07
 Reference value :  5.75500e-07
 Reference value :  5.83124e-07
 Reference value :  5.95124e-07
 Reference value :  6.07624e-07
 Reference value :  6.16619e-07
 Reference value :  6.17507e-07
 Reference value :  6.28692e-07
 Reference value :  6.40192e-07
 Reference value :  6.52192e-07
 Reference value :  6.58372e-07
 Reference value :  6.62352e-07
 Reference value :  6.73852e-07
 Reference value :  6.85852e-07
 Reference value :  6.97852e-07
 Reference value :  7.00500e-07
 Reference value :  7.09369e-07
 Reference value :  7.21869e-07
 Reference value :  7.33869e-07
 Reference value :  7.41825e-07
 Reference value :  7.46076e-07
 Reference value :  7.58076e-07
 Reference value :  7.70576e-07
 Reference value :  7.82455e-07
 Reference value :  7.84032e-07
 Reference value :  7.94980e-07
 Reference value :  8.06980e-07
 Reference value :  8.19480e-07
 Reference value :  8.25500e-07
 Reference value :  8.34085e-07
 Reference value :  8.46085e-07
 Reference value :  8.58085e-07
 Reference value :  8.66639e-07
 Reference value :  8.70926e-07
 Reference value :  8.83426e-07
 Reference value :  8.94926e-07
 Reference value :  9.06926e-07
 Reference value :  9.09177e-07
 Reference value :  9.20469e-07
 Reference value :  9.32469e-07
 Reference value :  9.43969e-07
 Reference value :  9.50127e-07
 Reference value :  9.54450e-07
 Reference value :  9.66450e-07
 Reference value :  9.78450e-07
 Reference value :  9.90450e-07
 Reference value :  9.92217e-07
 Reference value :  1.00115e-06
 Reference value :  1.01315e-06
 Reference value :  1.02515e-06
 Reference value :  1.03338e-06
 Reference value :  1.03806e-06
 Reference value :  1.05006e-06
 Reference value :  1.06206e-06
 Reference value :  1.07450e-06
 Reference value :  1.07660e-06
 Reference value :  1.08860e-06
 Reference value :  1.10060e-06
 Reference value :  1.11260e-06
 Reference value :  1.11697e-06
 Reference value :  1.11926e-06
 Reference value :  1.13126e-06
 Reference value :  1.14376e-06
 Reference value :  1.15576e-06
 Reference value :  1.15897e-06
 Reference value :  1.16961e-06
 Reference value :  1.18261e-06
 Reference value :  1.19461e-06
 Reference value :  1.20037e-06
 Reference value :  1.20460e-06
 Reference value :  1.21660e-06
 Reference value :  1.22860e-06
 Reference value :  1.24088e-06
 Reference value :  1.24239e-06
 Reference value :  1.25343e-06
 Reference value :  1.26543e-06
 Reference value :  1.28093e-06
 Reference value :  1.28405e-06
 Reference value :  1.29552e-06
 Reference value :  1.30802e-06
 Reference value :  1.32002e-06
 Reference value :  1.32552e-06
 Reference value :  1.33540e-06
 Reference value :  1.34790e-06
 Reference value :  1.35990e-06
 Reference value :  1.36690e-06
 Reference value :  1.37436e-06
 Reference value :  1.38636e-06
 Reference value :  1.39886e-06
 Reference value :  1.40858e-06
 Reference value :  1.41474e-06
 Reference value :  1.42674e-06
 Reference value :  1.44024e-06
 Reference value :  1.45005e-06
 Reference value :  1.45569e-06
 Reference value :  1.46719e-06
 Reference value :  1.47919e-06
 Reference value :  1.49069e-06
 Reference value :  1.49243e-06
 Reference value :  1.50307e-06
 Reference value :  1.51507e-06
 Reference value :  1.52807e-06
 Reference value :  1.53356e-06
 Reference value :  1.54048e-06
 Reference value :  1.55198e-06
 Reference value :  1.56398e-06
 Reference value :  1.57452e-06
 Reference value :  1.57603e-06
 Reference value :  1.58787e-06
 Reference value :  1.59987e-06
 Reference value :  1.61187e-06
 Reference value :  1.61703e-06
 Reference value :  1.62486e-06
 Reference value :  1.63636e-06
 Reference value :  1.64786e-06
 Reference value :  1.65793e-06
 Reference value :  1.66074e-06
 Reference value :  1.67224e-06
 Reference value :  1.68374e-06
 Reference value :  1.69524e-06
 Reference value :  1.70037e-06
 Reference value :  1.70919e-06
 Reference value :  1.72069e-06
 Reference value :  1.73219e-06
 Reference value :  1.74163e-06
 Reference value :  1.74507e-06
 Reference value :  1.75707e-06
 Reference value :  1.76957e-06
 Reference value :  1.78157e-06
 Reference value :  1.78405e-06
 Reference value :  1.79502e-06
 Reference value :  1.80652e-06
 Reference value :  1.81852e-06
 Reference value :  1.82550e-06
 Reference value :  1.83290e-06
 Reference value :  1.84490e-06
 Reference value :  1.85690e-06
 Reference value :  1.86671e-06
 Reference value :  1.87283e-06
 Reference value :  1.88433e-06
 Reference value :  1.89633e-06
 Reference value :  1.90783e-06
 Reference value :  1.90899e-06
 Reference value :  1.91973e-06
 Reference value :  1.93223e-06
 Reference value :  1.94423e-06
 Reference value :  1.95012e-06
 Reference value :  1.95234e-06
 Reference value :  1.96434e-06
 Reference value :  1.97634e-06
 Reference value :  1.98834e-06
 Reference value :  1.99217e-06
 Reference value :  1.99992e-06
 Reference value :  2.01192e-06
 Reference value :  2.02492e-06
 Reference value :  2.03338e-06
 Reference value :  2.03953e-06
 Reference value :  2.05153e-06
 Reference value :  2.06403e-06
 Reference value :  2.07459e-06
 Reference value :  2.08042e-06
 Reference value :  2.09342e-06
 Reference value :  2.10592e-06
 Reference value :  2.11652e-06
 Reference value :  2.11768e-06
 Reference value :  2.12789e-06
 Reference value :  2.14239e-06
 Reference value :  2.15539e-06
 Reference value :  2.15916e-06
 Reference value :  2.17133e-06
 Reference value :  2.18383e-06
 Reference value :  2.19633e-06
 Reference value :  2.20048e-06
 Reference value :  2.20302e-06
 Reference value :  2.21452e-06
 Reference value :  2.22702e-06
 Reference value :  2.23952e-06
 Reference value :  2.24217e-06
 Reference value :  2.25009e-06
 Reference value :  2.26209e-06
 Reference value :  2.27409e-06
 Reference value :  2.28340e-06
 Reference value :  2.28711e-06
 Reference value :  2.29861e-06
 Reference value :  2.31061e-06
 Reference value :  2.32261e-06
 Reference value :  2.32555e-06
 Reference value :  2.33545e-06
 Reference value :  2.34795e-06
 Reference value :  2.35995e-06
 Reference value :  2.36673e-06
 Reference value :  2.36995e-06
 Reference value :  2.38145e-06
 Reference value :  2.39345e-06
 Reference value :  2.40545e-06
 Reference value :  2.40888e-06
 Reference value :  2.41878e-06
 Reference value :  2.43128e-06
 Reference value :  2.44328e-06
 Reference value :  2.45006e-06
 Reference value :  2.45378e-06
 Reference value :  2.46578e-06
 Reference value :  2.47828e-06
 Reference value :  2.49072e-06
 Reference value :  2.49238e-06
 Reference value :  2.50411e-06
 Reference value :  2.51661e-06
 Reference value :  2.52861e-06
 Reference value :  2.53360e-06
 Reference value :  2.53761e-06
 Reference value :  2.54911e-06
 Reference value :  2.56111e-06
 Reference value :  2.57311e-06
 Reference value :  2.57561e-06
 Reference value :  2.58545e-06
 Reference value :  2.59745e-06
 Reference value :  2.60945e-06
 Reference value :  2.61673e-06
 Reference value :  2.61995e-06
 Reference value :  2.63145e-06
 Reference value :  2.64345e-06
 Reference value :  2.65545e-06
 Reference value :  2.65888e-06
 Reference value :  2.66828e-06
 Reference value :  2.68028e-06
 Reference value :  2.69228e-06
 Reference value :  2.70006e-06
 Reference value :  2.70278e-06
 Reference value :  2.71428e-06
 Reference value :  2.72628e-06
 Reference value :  2.73828e-06
 Reference value :  2.74218e-06
 Reference value :  2.75111e-06
 Reference value :  2.76361e-06
 Reference value :  2.77561e-06
 Reference value :  2.78340e-06
 Reference value :  2.78711e-06
 Reference value :  2.79961e-06
 Reference value :  2.81211e-06
 Reference value :  2.82406e-06
 Reference value :  2.82582e-06
 Reference value :  2.83845e-06
 Reference value :  2.85145e-06
 Reference value :  2.86395e-06
 Reference value :  2.86719e-06
 Reference value :  2.87345e-06
 Reference value :  2.88545e-06
 Reference value :  2.89745e-06
 Reference value :  2.90804e-06
 Reference value :  2.91028e-06
 Reference value :  2.92228e-06
 Reference value :  2.93478e-06
 Reference value :  2.94728e-06
 Reference value :  2.95050e-06
 Reference value :  2.95564e-06
 Reference value :  2.96814e-06
 Reference value :  2.98014e-06
 Reference value :  2.99118e-06
 Reference value :  2.99313e-06
 Reference value :  3.00563e-06
 Reference value :  3.01813e-06
 Reference value :  3.03063e-06
 Reference value :  3.03383e-06
 Reference value :  3.04212e-06
 Reference value :  3.05412e-06
 Reference value :  3.06612e-06
 Reference value :  3.07522e-06
 Reference value :  3.08246e-06
 Reference value :  3.09496e-06
 Reference value :  3.10696e-06
 Reference value :  3.11673e-06
 Reference value :  3.11796e-06
 Reference value :  3.12879e-06
 Reference value :  3.14079e-06
 Reference value :  3.15279e-06
 Reference value :  3.15883e-06
 Reference value :  3.16796e-06
 Reference value :  3.17996e-06
 Reference value :  3.19196e-06
 Reference value :  3.19996e-06
 Reference value :  3.20119e-06
 Reference value :  3.21229e-06
 Reference value :  3.22429e-06
 Reference value :  3.23679e-06
 Reference value :  3.24218e-06
 Reference value :  3.25237e-06
 Reference value :  3.26437e-06
 Reference value :  3.27637e-06
 Reference value :  3.28383e-06
 Reference value :  3.29123e-06
 Reference value :  3.30373e-06
 Reference value :  3.31573e-06
 Reference value :  3.32514e-06
 Reference value :  3.33050e-06
 Reference value :  3.34300e-06
 Reference value :  3.35600e-06
 Reference value :  3.36676e-06
 Reference value :  3.37206e-06
 Reference value :  3.38456e-06
 Reference value :  3.39656e-06
 Reference value :  3.40786e-06
 Reference value :  3.40939e-06
 Reference value :  3.42133e-06
 Reference value :  3.43333e-06
 Reference value :  3.44533e-06
 Reference value :  3.45057e-06
 Reference value :  3.45890e-06
 Reference value :  3.47140e-06
 Reference value :  3.48340e-06
 Reference value :  3.49181e-06
 Reference value :  3.49667e-06
 Reference value :  3.50867e-06
 Reference value :  3.52067e-06
 Reference value :  3.53250e-06
 Reference value :  3.53495e-06
 Reference value :  3.54723e-06
 Reference value :  3.55923e-06
 Reference value :  3.57123e-06
 Reference value :  3.57552e-06
 Reference value :  3.58450e-06
 Reference value :  3.59700e-06
 Reference value :  3.60900e-06
 Reference value :  3.61696e-06
 Reference value :  3.62307e-06
 Reference value :  3.63507e-06
 Reference value :  3.64757e-06
 Reference value :  3.65822e-06
 Reference value :  3.66133e-06
 Reference value :  3.67333e-06
 Reference value :  3.68533e-06
 Reference value :  3.69683e-06
 Reference value :  3.70103e-06
 Reference value :  3.71040e-06
 Reference value :  3.72240e-06
 Reference value :  3.73440e-06
 Reference value :  3.74181e-06
 Reference value :  3.74717e-06
 Reference value :  3.75917e-06
 Reference value :  3.77117e-06
 Reference value :  3.78283e-06
 Reference value :  3.78496e-06
 Reference value :  3.79624e-06
 Reference value :  3.80824e-06
 Reference value :  3.82024e-06
 Reference value :  3.82550e-06
 Reference value :  3.83300e-06
 Reference value :  3.84550e-06
 Reference value :  3.85750e-06
 Reference value :  3.86676e-06
 Reference value :  3.87207e-06
 Reference value :  3.88407e-06
 Reference value :  3.89607e-06
 Reference value :  3.90786e-06
 Reference value :  3.90983e-06
 Reference value :  3.92183e-06
 Reference value :  3.93383e-06
 Reference value :  3.94633e-06
 Reference value :  3.95039e-06
 Reference value :  3.95574e-06
 Reference value :  3.96824e-06
 Reference value :  3.98024e-06
 Reference value :  3.99120e-06
 Reference value :  3.99525e-06
 Reference value :  4.00725e-06
 Reference value :  4.01925e-06
 Reference value :  4.03175e-06
 Reference value :  4.03386e-06
 Reference value :  4.04722e-06
 Reference value :  4.05972e-06
 Reference value :  4.07172e-06
 Reference value :  4.07555e-06
 Reference value :  4.08500e-06
 Reference value :  4.09700e-06
 Reference value :  4.11150e-06
 Reference value :  4.11758e-06
 Reference value :  4.12544e-06
 Reference value :  4.13794e-06
 Reference value :  4.15094e-06
 Reference value :  4.15870e-06
 Reference value :  4.16739e-06
 Reference value :  4.17939e-06
 Reference value :  4.19189e-06
 Reference value :  4.20001e-06
 Reference value :  4.20158e-06
 Reference value :  4.21258e-06
 Reference value :  4.22458e-06
 Reference value :  4.23658e-06
 Reference value :  4.24215e-06
 Reference value :  4.25099e-06
 Reference value :  4.26299e-06
 Reference value :  4.27499e-06
 Reference value :  4.28339e-06
 Reference value :  4.28908e-06
 Reference value :  4.30158e-06
 Reference value :  4.31358e-06
 Reference value :  4.32459e-06
 Reference value :  4.32909e-06
 Reference value :  4.34159e-06
 Reference value :  4.35359e-06
 Reference value :  4.36588e-06
 Reference value :  4.36714e-06
 Reference value :  4.37387e-06
 Reference value :  4.38587e-06
 Reference value :  4.39787e-06
 Reference value :  4.40804e-06
 Reference value :  4.41242e-06
 Reference value :  4.42442e-06
 Reference value :  4.43592e-06
 Reference value :  4.44842e-06
 Reference value :  4.45047e-06
 Reference value :  4.45772e-06
 Reference value :  4.46972e-06
 Reference value :  4.48172e-06
 Reference value :  4.49163e-06
 Reference value :  4.49678e-06
 Reference value :  4.50928e-06
 Reference value :  4.52128e-06
 Reference value :  4.53283e-06
 Reference value :  4.53379e-06
 Reference value :  4.53931e-06
 Reference value :  4.55131e-06
 Reference value :  4.56681e-06
 Reference value :  4.57528e-06
 Reference value :  4.58136e-06
 Reference value :  4.59386e-06
 Reference value :  4.60586e-06
 Reference value :  4.61632e-06
 Reference value :  4.61841e-06
 Reference value :  4.63091e-06
 Reference value :  4.64341e-06
 Reference value :  4.65591e-06
 Reference value :  4.65908e-06
 Reference value :  4.67042e-06
 Reference value :  4.68292e-06
 Reference value :  4.69492e-06
 Reference value :  4.70017e-06
 Reference value :  4.70321e-06
 Reference value :  4.71521e-06
 Reference value :  4.72721e-06
 Reference value :  4.73971e-06
 Reference value :  4.74277e-06
 Reference value :  4.75475e-06
 Reference value :  4.76675e-06
 Reference value :  4.77875e-06
 Reference value :  4.78350e-06
 Reference value :  4.78651e-06
 Reference value :  4.79851e-06
 Reference value :  4.81001e-06
 Reference value :  4.82201e-06
 Reference value :  4.82576e-06
 Reference value :  4.83653e-06
 Reference value :  4.84803e-06
 Reference value :  4.86003e-06
 Reference value :  4.86673e-06
 Reference value :  4.87191e-06
 Reference value :  4.88441e-06
 Reference value :  4.89741e-06
 Reference value :  4.90792e-06
 Reference value :  4.91242e-06
 Reference value :  4.92392e-06
 Reference value :  4.93592e-06
 Reference value :  4.94792e-06
 Reference value :  4.95017e-06
 Reference value :  4.95287e-06
 Reference value :  4.96437e-06
 Reference value :  4.97687e-06
 Reference value :  4.98837e-06
 Reference value :  4.99217e-06
 Reference value :  5.00006e-06
 Reference value :  5.01256e-06
 Reference value :  5.02406e-06
 Reference value :  5.03339e-06
 Reference value :  5.03908e-06
 Reference value :  5.05158e-06
 Reference value :  5.06408e-06
 Reference value :  5.07471e-06
 Reference value :  5.07909e-06
 Reference value :  5.09109e-06
 Reference value :  5.10359e-06
 Reference value :  5.11559e-06
 Reference value :  5.11717e-06
 Reference value :  5.11807e-06
 Reference value :  5.12934e-06
 Reference value :  5.14134e-06
 Reference value :  5.15284e-06
 Reference value :  5.15885e-06
 Reference value :  5.16719e-06
 Reference value :  5.18269e-06
 Reference value :  5.19869e-06
 Reference value :  5.20129e-06
 Reference value :  5.21709e-06
 Reference value :  5.23359e-06
 Reference value :  5.24240e-06
 Reference value :  5.26049e-06
 Reference value :  5.28149e-06
 Reference value :  5.28904e-06
 Reference value :  5.30704e-06
 Reference value :  5.32354e-06
 Reference value :  5.33392e-06
 Reference value :  5.35692e-06
 Reference value :  5.36988e-06
 Reference value :  5.38938e-06
 Reference value :  5.40804e-06
 Reference value :  5.42025e-06
 Reference value :  5.43975e-06
 Reference value :  5.45054e-06
 Reference value :  5.47271e-06
 Reference value :  5.49138e-06
 Reference value :  5.50558e-06
 Reference value :  5.53008e-06
 Reference value :  5.53701e-06
 Reference value :  5.55901e-06
 Reference value :  5.57552e-06
 Reference value :  5.59135e-06
 Reference value :  5.61285e-06
 Reference value :  5.61690e-06
 Reference value :  5.62488e-06
 Reference value :  5.64488e-06
 Reference value :  5.65856e-06
 Reference value :  5.67325e-06
 Reference value :  5.69225e-06
 Reference value :  5.70054e-06
 Reference value :  5.71421e-06
 Reference value :  5.73071e-06
 Reference value :  5.74190e-06
 Reference value :  5.75408e-06
 Reference value :  5.77008e-06
 Reference value :  5.78338e-06
 Reference value :  5.78904e-06
 Reference value :  5.80504e-06
 Reference value :  5.81804e-06
 Reference value :  5.82552e-06
 Reference value :  5.83492e-06
 Reference value :  5.84992e-06
 Reference value :  5.86579e-06
 Reference value :  5.86794e-06
 Reference value :  5.88137e-06
 Reference value :  5.89337e-06
 Reference value :  5.90487e-06
 Reference value :  5.90909e-06
 Reference value :  5.92173e-06
 Reference value :  5.93323e-06
 Reference value :  5.94573e-06
 Reference value :  5.95051e-06
 Reference value :  5.96221e-06
 Reference value :  5.97771e-06
 Reference value :  5.99161e-06
 Reference value :  6.00308e-06
 Reference value :  6.01658e-06
 Reference value :  6.03208e-06
 Reference value :  6.03461e-06
 Reference value :  6.04704e-06
 Reference value :  6.05704e-06
 Reference value :  6.06904e-06
 Reference value :  6.07523e-06
 Reference value :  6.08142e-06
 Reference value :  6.09442e-06
 Reference value :  6.10692e-06
 Reference value :  6.11671e-06
 Reference value :  6.11807e-06
 Reference value :  6.13060e-06
 Reference value :  6.14160e-06
 Reference value :  6.15560e-06
 Reference value :  6.15888e-06
 Reference value :  6.16809e-06
 Reference value :  6.18109e-06
 Reference value :  6.19359e-06
 Reference value :  6.20037e-06
 Reference value :  6.20510e-06
 Reference value :  6.21760e-06
 Reference value :  6.23060e-06
 Reference value :  6.24130e-06
 Reference value :  6.24799e-06
 Reference value :  6.26049e-06
 Reference value :  6.27349e-06
No. of Data Rows : 14210

  Measurements for Transient Analysis

d9_c1               =  1.98001e+00
d8_c1               =  1.98001e+00
d7_c1               =  1.98001e+00
d6_c1               =  1.98001e+00
d5_c1               =  1.98001e+00
d4_c1               =  1.98001e+00
d3_c1               =  1.98001e+00
d2_c1               =  1.98001e+00
d1_c1               =  1.98001e+00
d0_c1               =  1.98001e+00
d9_c2               =  1.98000e+00
d8_c2               =  1.98000e+00
d7_c2               =  1.98000e+00
d6_c2               =  1.98000e+00
d5_c2               =  1.98000e+00
d4_c2               =  1.98000e+00
d3_c2               =  1.98000e+00
d2_c2               =  1.98000e+00
d1_c2               =  1.98000e+00
d0_c2               =  1.98000e+00
d9_c3               =  1.98000e+00
d8_c3               =  1.98001e+00
d7_c3               =  1.98001e+00
d6_c3               =  1.98001e+00
d5_c3               =  1.98001e+00
d4_c3               =  1.98001e+00
d3_c3               =  1.98001e+00
d2_c3               =  1.98001e+00
d1_c3               =  1.98001e+00
d0_c3               =  1.98000e+00
d9_c4               =  1.98000e+00
d8_c4               =  1.98000e+00
d7_c4               =  1.98000e+00
d6_c4               =  1.98000e+00
d5_c4               =  1.98000e+00
d4_c4               =  1.98000e+00
d3_c4               =  1.98000e+00
d2_c4               =  1.98000e+00
d1_c4               =  1.98000e+00
d0_c4               =  1.98000e+00
d9_c5               =  1.98002e+00
d8_c5               =  1.98002e+00
d7_c5               =  1.98002e+00
d6_c5               =  1.98002e+00
d5_c5               =  1.98002e+00
d4_c5               =  1.98002e+00
d3_c5               =  1.98001e+00
d2_c5               =  1.98001e+00
d1_c5               =  1.98001e+00
d0_c5               =  1.98001e+00
busy_c1_p0          =  1.98000e+00
smpl_c1_p0          =  -7.13917e-06
busy_c1_p1          =  1.98000e+00
smpl_c1_p1          =  1.41543e-05
busy_c1_p2          =  1.98000e+00
smpl_c1_p2          =  1.38555e-05
busy_c1_p3          =  1.98000e+00
smpl_c1_p3          =  1.39192e-05
busy_c1_p4          =  1.98000e+00
smpl_c1_p4          =  8.36420e-06
busy_c1_p5          =  1.98000e+00
smpl_c1_p5          =  1.47006e-05
busy_c1_p6          =  1.98000e+00
smpl_c1_p6          =  1.50195e-05
busy_c1_p7          =  1.98000e+00
smpl_c1_p7          =  1.38972e-05
busy_c1_p8          =  1.98000e+00
smpl_c1_p8          =  1.50045e-05
busy_c1_p9          =  1.98000e+00
smpl_c1_p9          =  2.06867e-05
busy_c1_p10         =  1.98000e+00
smpl_c1_p10         =  1.79021e-05
busy_c1_p11         =  -3.30875e-07
smpl_c1_p11         =  1.98010e+00
busy_c2_p0          =  1.98000e+00
smpl_c2_p0          =  -7.01106e-06
busy_c2_p1          =  1.98000e+00
smpl_c2_p1          =  4.45895e-05
busy_c2_p2          =  1.98000e+00
smpl_c2_p2          =  4.45556e-05
busy_c2_p3          =  1.98000e+00
smpl_c2_p3          =  4.46325e-05
busy_c2_p4          =  1.98000e+00
smpl_c2_p4          =  4.46326e-05
busy_c2_p5          =  1.98000e+00
smpl_c2_p5          =  4.45984e-05
busy_c2_p6          =  1.98000e+00
smpl_c2_p6          =  4.46710e-05
busy_c2_p7          =  1.98000e+00
smpl_c2_p7          =  4.46377e-05
busy_c2_p8          =  1.98000e+00
smpl_c2_p8          =  4.46607e-05
busy_c2_p9          =  1.98000e+00
smpl_c2_p9          =  4.53876e-06
busy_c2_p10         =  1.98000e+00
smpl_c2_p10         =  4.52584e-05
busy_c2_p11         =  -2.20898e-05
smpl_c2_p11         =  1.97998e+00
busy_c3_p0          =  1.98000e+00
smpl_c3_p0          =  -1.08178e-04
busy_c3_p1          =  1.98000e+00
smpl_c3_p1          =  3.32134e-05
busy_c3_p2          =  1.98000e+00
smpl_c3_p2          =  3.29689e-05
busy_c3_p3          =  1.98000e+00
smpl_c3_p3          =  3.28021e-05
busy_c3_p4          =  1.98000e+00
smpl_c3_p4          =  3.26308e-05
busy_c3_p5          =  1.98000e+00
smpl_c3_p5          =  3.23934e-05
busy_c3_p6          =  1.98000e+00
smpl_c3_p6          =  3.22354e-05
busy_c3_p7          =  1.98000e+00
smpl_c3_p7          =  3.20388e-05
busy_c3_p8          =  1.98000e+00
smpl_c3_p8          =  3.19316e-05
busy_c3_p9          =  1.98000e+00
smpl_c3_p9          =  2.73660e-05
busy_c3_p10         =  1.98000e+00
smpl_c3_p10         =  3.45725e-05
busy_c3_p11         =  1.28813e-05
smpl_c3_p11         =  1.98016e+00
busy_c4_p0          =  1.98000e+00
smpl_c4_p0          =  -7.17887e-06
busy_c4_p1          =  1.98000e+00
smpl_c4_p1          =  3.70842e-05
busy_c4_p2          =  1.98000e+00
smpl_c4_p2          =  3.67166e-05
busy_c4_p3          =  1.98000e+00
smpl_c4_p3          =  2.80863e-05
busy_c4_p4          =  1.98000e+00
smpl_c4_p4          =  3.60134e-06
busy_c4_p5          =  1.98000e+00
smpl_c4_p5          =  3.70376e-05
busy_c4_p6          =  1.98000e+00
smpl_c4_p6          =  3.79733e-05
busy_c4_p7          =  1.98000e+00
smpl_c4_p7          =  5.54064e-06
busy_c4_p8          =  1.98000e+00
smpl_c4_p8          =  3.70303e-05
busy_c4_p9          =  1.98000e+00
smpl_c4_p9          =  4.51944e-05
busy_c4_p10         =  1.98000e+00
smpl_c4_p10         =  3.70621e-05
busy_c4_p11         =  -4.05799e-05
smpl_c4_p11         =  1.98004e+00
busy_c5_p0          =  1.98000e+00
smpl_c5_p0          =  -7.65982e-06
busy_c5_p1          =  1.98000e+00
smpl_c5_p1          =  1.67621e-05
busy_c5_p2          =  1.98000e+00
smpl_c5_p2          =  1.67243e-05
busy_c5_p3          =  1.98000e+00
smpl_c5_p3          =  1.67653e-05
busy_c5_p4          =  1.98000e+00
smpl_c5_p4          =  5.33607e-06
busy_c5_p5          =  1.98000e+00
smpl_c5_p5          =  1.67060e-05
busy_c5_p6          =  1.98000e+00
smpl_c5_p6          =  1.67695e-05
busy_c5_p7          =  1.98000e+00
smpl_c5_p7          =  1.67863e-05
busy_c5_p8          =  1.98000e+00
smpl_c5_p8          =  1.54230e-05
busy_c5_p9          =  1.98000e+00
smpl_c5_p9          =  1.67937e-05
busy_c5_p10         =  1.98000e+00
smpl_c5_p10         =  1.68601e-05
busy_c5_p11         =  4.35658e-07
smpl_c5_p11         =  1.98003e+00
i_vdd               =  -2.68364e-06 from=  3.20000e-06 to=  4.20001e-06
i_vpwr              =  -3.69435e-06 from=  3.20000e-06 to=  4.20001e-06
i_vrefp             =  -1.06634e-06 from=  3.20000e-06 to=  4.20001e-06
i_vrefn             =  1.06917e-06 from=  3.20000e-06 to=  4.20001e-06
i_vcm               =  3.22021e-09 from=  3.20000e-06 to=  4.20001e-06


Total analysis time (seconds) = 433.017

Total elapsed time (seconds) = 527.660 

Total DRAM available = 98304.000 MB.
DRAM currently available = 50214.781 MB.
Maximum ngspice program size =  581.375 MB.
Current ngspice program size =  581.375 MB.

