
Note: Compatibility modes selected: hs a


Circuit: * sim/full-conversion-transient -- end-to-end full-conversion transient

option SCALE: Scale is set to 1e-06 for instance and model parameters
option SCALE: Scale is set to 1e-06 for instance and model parameters
option SCALE: Scale is set to 1e-06 for instance and model parameters
option SCALE: Scale is set to 1e-06 for instance and model parameters
Doing analysis at TEMP = 27.000000 and TNOM = 27.000000

Using KLU as Direct Linear Solver
 Reference value :  0.00000e+00
 Reference value :  1.71400e-08
 Reference value :  2.92500e-08
 Reference value :  4.42500e-08
 Reference value :  6.07500e-08
 Reference value :  7.67500e-08
 Reference value :  9.17500e-08
 Reference value :  1.07750e-07
 Reference value :  1.27250e-07
 Reference value :  1.47750e-07
 Reference value :  1.67750e-07
 Reference value :  1.86750e-07
 Reference value :  2.00251e-07
 Reference value :  2.03541e-07
 Reference value :  2.18541e-07
 Reference value :  2.32041e-07
 Reference value :  2.41797e-07
 Reference value :  2.45124e-07
 Reference value :  2.59124e-07
 Reference value :  2.74124e-07
 Reference value :  2.83611e-07
 Reference value :  2.91084e-07
 Reference value :  3.07084e-07
 Reference value :  3.23584e-07
 Reference value :  3.28853e-07
 Reference value :  3.44853e-07
 Reference value :  3.59353e-07
 Reference value :  3.67055e-07
 Reference value :  3.77341e-07
 Reference value :  3.92341e-07
 Reference value :  4.07945e-07
 Reference value :  4.13784e-07
 Reference value :  4.28284e-07
 Reference value :  4.42284e-07
 Reference value :  4.50374e-07
 Reference value :  4.62201e-07
 Reference value :  4.78201e-07
 Reference value :  4.91697e-07
 Reference value :  5.05066e-07
 Reference value :  5.26566e-07
 Reference value :  5.33833e-07
 Reference value :  5.45325e-07
 Reference value :  5.60825e-07
 Reference value :  5.74527e-07
 Reference value :  5.76578e-07
 Reference value :  5.89578e-07
 Reference value :  6.05578e-07
 Reference value :  6.16719e-07
 Reference value :  6.24770e-07
 Reference value :  6.44270e-07
 Reference value :  6.58397e-07
 Reference value :  6.64791e-07
 Reference value :  6.80291e-07
 Reference value :  6.93791e-07
 Reference value :  7.00369e-07
 Reference value :  7.10023e-07
 Reference value :  7.24523e-07
 Reference value :  7.39023e-07
 Reference value :  7.42770e-07
 Reference value :  7.59409e-07
 Reference value :  7.75409e-07
 Reference value :  7.83833e-07
 Reference value :  7.93565e-07
 Reference value :  8.08065e-07
 Reference value :  8.22565e-07
 Reference value :  8.26460e-07
 Reference value :  8.40457e-07
 Reference value :  8.57957e-07
 Reference value :  8.67035e-07
 Reference value :  8.78069e-07
 Reference value :  8.93569e-07
 Reference value :  9.07922e-07
 Reference value :  9.11400e-07
 Reference value :  9.27400e-07
 Reference value :  9.42400e-07
 Reference value :  9.50620e-07
 Reference value :  9.65055e-07
 Reference value :  9.81555e-07
 Reference value :  9.91978e-07
 Reference value :  9.98939e-07
 Reference value :  1.01494e-06
 Reference value :  1.02994e-06
 Reference value :  1.03409e-06
 Reference value :  1.04789e-06
 Reference value :  1.06389e-06
 Reference value :  1.07512e-06
 Reference value :  1.08284e-06
 Reference value :  1.09634e-06
 Reference value :  1.11234e-06
 Reference value :  1.11757e-06
 Reference value :  1.12746e-06
 Reference value :  1.14296e-06
 Reference value :  1.15787e-06
 Reference value :  1.16382e-06
 Reference value :  1.17882e-06
 Reference value :  1.19332e-06
 Reference value :  1.20038e-06
 Reference value :  1.20552e-06
 Reference value :  1.22052e-06
 Reference value :  1.23802e-06
 Reference value :  1.24227e-06
 Reference value :  1.25765e-06
 Reference value :  1.27265e-06
 Reference value :  1.28360e-06
 Reference value :  1.29034e-06
 Reference value :  1.30584e-06
 Reference value :  1.32084e-06
 Reference value :  1.32560e-06
 Reference value :  1.33999e-06
 Reference value :  1.35649e-06
 Reference value :  1.36693e-06
 Reference value :  1.37263e-06
 Reference value :  1.38613e-06
 Reference value :  1.40063e-06
 Reference value :  1.40887e-06
 Reference value :  1.42116e-06
 Reference value :  1.43616e-06
 Reference value :  1.44985e-06
 Reference value :  1.45496e-06
 Reference value :  1.46996e-06
 Reference value :  1.48496e-06
 Reference value :  1.49220e-06
 Reference value :  1.50300e-06
 Reference value :  1.51800e-06
 Reference value :  1.53241e-06
 Reference value :  1.53441e-06
 Reference value :  1.54824e-06
 Reference value :  1.56474e-06
 Reference value :  1.57558e-06
 Reference value :  1.58769e-06
 Reference value :  1.60269e-06
 Reference value :  1.61673e-06
 Reference value :  1.62213e-06
 Reference value :  1.63813e-06
 Reference value :  1.65463e-06
 Reference value :  1.66016e-06
 Reference value :  1.67566e-06
 Reference value :  1.69016e-06
 Reference value :  1.70038e-06
 Reference value :  1.71347e-06
 Reference value :  1.73597e-06
 Reference value :  1.74650e-06
 Reference value :  1.76950e-06
 Reference value :  1.78383e-06
 Reference value :  1.79880e-06
 Reference value :  1.82130e-06
 Reference value :  1.83033e-06
 Reference value :  1.84983e-06
 Reference value :  1.86632e-06
 Reference value :  1.87312e-06
 Reference value :  1.89612e-06
 Reference value :  1.90884e-06
 Reference value :  1.92064e-06
 Reference value :  1.93814e-06
 Reference value :  1.95022e-06
 Reference value :  1.95962e-06
 Reference value :  1.97812e-06
 Reference value :  1.99173e-06
 Reference value :  2.00362e-06
 Reference value :  2.02762e-06
 Reference value :  2.03761e-06
 Reference value :  2.06111e-06
 Reference value :  2.07578e-06
 Reference value :  2.09847e-06
 Reference value :  2.11693e-06
 Reference value :  2.12485e-06
 Reference value :  2.14585e-06
 Reference value :  2.15909e-06
 Reference value :  2.17777e-06
 Reference value :  2.19377e-06
 Reference value :  2.20057e-06
 Reference value :  2.20817e-06
 Reference value :  2.22167e-06
 Reference value :  2.23517e-06
 Reference value :  2.24219e-06
 Reference value :  2.25261e-06
 Reference value :  2.26611e-06
 Reference value :  2.28061e-06
 Reference value :  2.28439e-06
 Reference value :  2.29489e-06
 Reference value :  2.30889e-06
 Reference value :  2.32289e-06
 Reference value :  2.32570e-06
 Reference value :  2.33922e-06
 Reference value :  2.35822e-06
 Reference value :  2.36717e-06
 Reference value :  2.37722e-06
 Reference value :  2.39122e-06
 Reference value :  2.40522e-06
 Reference value :  2.40888e-06
 Reference value :  2.42006e-06
 Reference value :  2.43356e-06
 Reference value :  2.44706e-06
 Reference value :  2.45084e-06
 Reference value :  2.45956e-06
 Reference value :  2.47356e-06
 Reference value :  2.48706e-06
 Reference value :  2.49218e-06
 Reference value :  2.50239e-06
 Reference value :  2.51589e-06
 Reference value :  2.52989e-06
 Reference value :  2.53399e-06
 Reference value :  2.54320e-06
 Reference value :  2.55670e-06
 Reference value :  2.57070e-06
 Reference value :  2.57581e-06
 Reference value :  2.58867e-06
 Reference value :  2.60267e-06
 Reference value :  2.61592e-06
 Reference value :  2.61913e-06
 Reference value :  2.63213e-06
 Reference value :  2.64613e-06
 Reference value :  2.65825e-06
 Reference value :  2.66080e-06
 Reference value :  2.67380e-06
 Reference value :  2.68780e-06
 Reference value :  2.69965e-06
 Reference value :  2.70129e-06
 Reference value :  2.71356e-06
 Reference value :  2.72856e-06
 Reference value :  2.74179e-06
 Reference value :  2.74839e-06
 Reference value :  2.76239e-06
 Reference value :  2.77689e-06
 Reference value :  2.78383e-06
 Reference value :  2.78989e-06
 Reference value :  2.80339e-06
 Reference value :  2.81689e-06
 Reference value :  2.82531e-06
 Reference value :  2.83272e-06
 Reference value :  2.84672e-06
 Reference value :  2.86072e-06
 Reference value :  2.86717e-06
 Reference value :  2.87464e-06
 Reference value :  2.88864e-06
 Reference value :  2.90264e-06
 Reference value :  2.90883e-06
 Reference value :  2.91699e-06
 Reference value :  2.93049e-06
 Reference value :  2.94499e-06
 Reference value :  2.95040e-06
 Reference value :  2.95727e-06
 Reference value :  2.97127e-06
 Reference value :  2.98477e-06
 Reference value :  2.99219e-06
 Reference value :  3.00354e-06
 Reference value :  3.01704e-06
 Reference value :  3.03004e-06
 Reference value :  3.03417e-06
 Reference value :  3.04695e-06
 Reference value :  3.06195e-06
 Reference value :  3.07466e-06
 Reference value :  3.07937e-06
 Reference value :  3.09387e-06
 Reference value :  3.10787e-06
 Reference value :  3.11694e-06
 Reference value :  3.11954e-06
 Reference value :  3.13204e-06
 Reference value :  3.14654e-06
 Reference value :  3.15805e-06
 Reference value :  3.16650e-06
 Reference value :  3.18050e-06
 Reference value :  3.19350e-06
 Reference value :  3.20050e-06
 Reference value :  3.20478e-06
 Reference value :  3.21878e-06
 Reference value :  3.23128e-06
 Reference value :  3.24192e-06
 Reference value :  3.25158e-06
 Reference value :  3.26508e-06
 Reference value :  3.27908e-06
 Reference value :  3.28383e-06
 Reference value :  3.29224e-06
 Reference value :  3.31274e-06
 Reference value :  3.32550e-06
 Reference value :  3.33838e-06
 Reference value :  3.35488e-06
 Reference value :  3.36673e-06
 Reference value :  3.37257e-06
 Reference value :  3.38957e-06
 Reference value :  3.40786e-06
 Reference value :  3.42072e-06
 Reference value :  3.44022e-06
 Reference value :  3.45038e-06
 Reference value :  3.46491e-06
 Reference value :  3.48291e-06
 Reference value :  3.49189e-06
 Reference value :  3.49905e-06
 Reference value :  3.51255e-06
 Reference value :  3.52655e-06
 Reference value :  3.53339e-06
 Reference value :  3.53813e-06
 Reference value :  3.55413e-06
 Reference value :  3.57213e-06
 Reference value :  3.57847e-06
 Reference value :  3.59297e-06
 Reference value :  3.60647e-06
 Reference value :  3.61673e-06
 Reference value :  3.61912e-06
 Reference value :  3.63258e-06
 Reference value :  3.64908e-06
 Reference value :  3.65869e-06
 Reference value :  3.67022e-06
 Reference value :  3.68572e-06
 Reference value :  3.69955e-06
 Reference value :  3.70164e-06
 Reference value :  3.71491e-06
 Reference value :  3.72941e-06
 Reference value :  3.74161e-06
 Reference value :  3.74955e-06
 Reference value :  3.76405e-06
 Reference value :  3.77855e-06
 Reference value :  3.78360e-06
 Reference value :  3.78974e-06
 Reference value :  3.80924e-06
 Reference value :  3.82459e-06
 Reference value :  3.83188e-06
 Reference value :  3.84588e-06
 Reference value :  3.85938e-06
 Reference value :  3.86673e-06
 Reference value :  3.87046e-06
 Reference value :  3.88496e-06
 Reference value :  3.89996e-06
 Reference value :  3.90898e-06
 Reference value :  3.92179e-06
 Reference value :  3.93679e-06
 Reference value :  3.94982e-06
 Reference value :  3.95563e-06
 Reference value :  3.97413e-06
 Reference value :  3.99090e-06
 Reference value :  3.99361e-06
 Reference value :  4.00961e-06
 Reference value :  4.02511e-06
 Reference value :  4.03339e-06
 Reference value :  4.03579e-06
 Reference value :  4.05224e-06
 Reference value :  4.06924e-06
 Reference value :  4.07570e-06
 Reference value :  4.08938e-06
 Reference value :  4.10488e-06
 Reference value :  4.11673e-06
 Reference value :  4.11855e-06
 Reference value :  4.13138e-06
 Reference value :  4.14538e-06
 Reference value :  4.15794e-06
 Reference value :  4.16418e-06
 Reference value :  4.17868e-06
 Reference value :  4.19318e-06
 Reference value :  4.20050e-06
 Reference value :  4.20666e-06
 Reference value :  4.22116e-06
 Reference value :  4.23566e-06
 Reference value :  4.24222e-06
 Reference value :  4.25350e-06
 Reference value :  4.26850e-06
 Reference value :  4.28318e-06
 Reference value :  4.28655e-06
 Reference value :  4.29955e-06
 Reference value :  4.31355e-06
 Reference value :  4.32500e-06
 Reference value :  4.33139e-06
 Reference value :  4.34439e-06
 Reference value :  4.35739e-06
 Reference value :  4.36705e-06
 Reference value :  4.37939e-06
 Reference value :  4.39689e-06
 Reference value :  4.40858e-06
 Reference value :  4.41773e-06
 Reference value :  4.43223e-06
 Reference value :  4.44623e-06
 Reference value :  4.45085e-06
 Reference value :  4.47072e-06
 Reference value :  4.48622e-06
 Reference value :  4.49240e-06
 Reference value :  4.50556e-06
 Reference value :  4.52006e-06
 Reference value :  4.53298e-06
 Reference value :  4.53492e-06
 Reference value :  4.55034e-06
 Reference value :  4.56434e-06
 Reference value :  4.57515e-06
 Reference value :  4.58271e-06
 Reference value :  4.59671e-06
 Reference value :  4.61021e-06
 Reference value :  4.61717e-06
 Reference value :  4.62789e-06
 Reference value :  4.64189e-06
 Reference value :  4.65787e-06
 Reference value :  4.66573e-06
 Reference value :  4.68223e-06
 Reference value :  4.69911e-06
 Reference value :  4.70422e-06
 Reference value :  4.72172e-06
 Reference value :  4.73872e-06
 Reference value :  4.74606e-06
 Reference value :  4.76406e-06
 Reference value :  4.78006e-06
 Reference value :  4.78511e-06
 Reference value :  4.80155e-06
 Reference value :  4.81955e-06
 Reference value :  4.82739e-06
 Reference value :  4.84439e-06
 Reference value :  4.86089e-06
 Reference value :  4.86733e-06
 Reference value :  4.88171e-06
 Reference value :  4.89921e-06
 Reference value :  4.90883e-06
 Reference value :  4.92005e-06
 Reference value :  4.93705e-06
 Reference value :  4.95009e-06
 Reference value :  4.95527e-06
 Reference value :  4.96977e-06
 Reference value :  4.98427e-06
 Reference value :  4.99230e-06
 Reference value :  5.00751e-06
 Reference value :  5.02501e-06
 Reference value :  5.03383e-06
 Reference value :  5.04605e-06
 Reference value :  5.06305e-06
 Reference value :  5.07525e-06
 Reference value :  5.08639e-06
 Reference value :  5.10489e-06
 Reference value :  5.11693e-06
 Reference value :  5.12338e-06
 Reference value :  5.14088e-06
 Reference value :  5.15738e-06
 Reference value :  5.16380e-06
 Reference value :  5.18030e-06
 Reference value :  5.19680e-06
 Reference value :  5.20096e-06
 Reference value :  5.21360e-06
 Reference value :  5.23010e-06
 Reference value :  5.24173e-06
 Reference value :  5.25020e-06
 Reference value :  5.26620e-06
 Reference value :  5.28252e-06
 Reference value :  5.28811e-06
 Reference value :  5.30561e-06
 Reference value :  5.32261e-06
 Reference value :  5.32898e-06
 Reference value :  5.34448e-06
 Reference value :  5.35898e-06
 Reference value :  5.36693e-06
 Reference value :  5.37594e-06
 Reference value :  5.38944e-06
 Reference value :  5.40244e-06
 Reference value :  5.40900e-06
 Reference value :  5.42281e-06
 Reference value :  5.43681e-06
 Reference value :  5.44985e-06
 Reference value :  5.45527e-06
 Reference value :  5.46927e-06
 Reference value :  5.48427e-06
 Reference value :  5.49228e-06
 Reference value :  5.50465e-06
 Reference value :  5.51915e-06
 Reference value :  5.53249e-06
 Reference value :  5.53446e-06
 Reference value :  5.54789e-06
 Reference value :  5.56239e-06
 Reference value :  5.57452e-06
 Reference value :  5.57755e-06
 Reference value :  5.59205e-06
 Reference value :  5.60705e-06
 Reference value :  5.61693e-06
 Reference value :  5.62694e-06
 Reference value :  5.64194e-06
 Reference value :  5.65739e-06
 Reference value :  5.66231e-06
 Reference value :  5.67931e-06
 Reference value :  5.69481e-06
 Reference value :  5.70103e-06
 Reference value :  5.71627e-06
 Reference value :  5.73327e-06
 Reference value :  5.74228e-06
 Reference value :  5.75765e-06
 Reference value :  5.77465e-06
 Reference value :  5.78383e-06
 Reference value :  5.79761e-06
 Reference value :  5.81461e-06
 Reference value :  5.82556e-06
 Reference value :  5.83998e-06
 Reference value :  5.85698e-06
 Reference value :  5.86705e-06
 Reference value :  5.87923e-06
 Reference value :  5.89623e-06
 Reference value :  5.90845e-06
 Reference value :  5.91788e-06
 Reference value :  5.93338e-06
 Reference value :  5.94955e-06
 Reference value :  5.95627e-06
 Reference value :  5.97377e-06
 Reference value :  5.99027e-06
 Reference value :  5.99565e-06
 Reference value :  6.01065e-06
 Reference value :  6.02515e-06
 Reference value :  6.03383e-06
 Reference value :  6.04761e-06
 Reference value :  6.06411e-06
 Reference value :  6.07550e-06
 Reference value :  6.08698e-06
 Reference value :  6.10348e-06
 Reference value :  6.11673e-06
 Reference value :  6.11901e-06
 Reference value :  6.13351e-06
 Reference value :  6.15001e-06
 Reference value :  6.15890e-06
 Reference value :  6.17042e-06
 Reference value :  6.18542e-06
 Reference value :  6.19921e-06
 Reference value :  6.20108e-06
 Reference value :  6.21210e-06
 Reference value :  6.22610e-06
 Reference value :  6.24010e-06
 Reference value :  6.24234e-06
 Reference value :  6.25420e-06
 Reference value :  6.26720e-06
 Reference value :  6.28020e-06
No. of Data Rows : 14205

  Measurements for Transient Analysis

d9_c1               =  1.80001e+00
d8_c1               =  1.80000e+00
d7_c1               =  1.80000e+00
d6_c1               =  1.80000e+00
d5_c1               =  1.80001e+00
d4_c1               =  1.80001e+00
d3_c1               =  1.80001e+00
d2_c1               =  1.80001e+00
d1_c1               =  1.80001e+00
d0_c1               =  1.80001e+00
d9_c2               =  1.80000e+00
d8_c2               =  1.80001e+00
d7_c2               =  1.80001e+00
d6_c2               =  1.80001e+00
d5_c2               =  1.80001e+00
d4_c2               =  1.80001e+00
d3_c2               =  1.80001e+00
d2_c2               =  1.80001e+00
d1_c2               =  1.80001e+00
d0_c2               =  1.80001e+00
d9_c3               =  1.80001e+00
d8_c3               =  1.80000e+00
d7_c3               =  1.80000e+00
d6_c3               =  1.80000e+00
d5_c3               =  1.80000e+00
d4_c3               =  1.80000e+00
d3_c3               =  1.80001e+00
d2_c3               =  1.80001e+00
d1_c3               =  1.80001e+00
d0_c3               =  1.80001e+00
d9_c4               =  1.80001e+00
d8_c4               =  1.80000e+00
d7_c4               =  1.80000e+00
d6_c4               =  1.80000e+00
d5_c4               =  1.80000e+00
d4_c4               =  1.80000e+00
d3_c4               =  1.80001e+00
d2_c4               =  1.80001e+00
d1_c4               =  1.80001e+00
d0_c4               =  1.80001e+00
d9_c5               =  1.80000e+00
d8_c5               =  1.80000e+00
d7_c5               =  1.80000e+00
d6_c5               =  1.80000e+00
d5_c5               =  1.80000e+00
d4_c5               =  1.80000e+00
d3_c5               =  1.80000e+00
d2_c5               =  1.80000e+00
d1_c5               =  1.80000e+00
d0_c5               =  1.80000e+00
busy_c1_p0          =  1.80000e+00
smpl_c1_p0          =  -2.19038e-05
busy_c1_p1          =  1.80000e+00
smpl_c1_p1          =  8.88631e-06
busy_c1_p2          =  1.80000e+00
smpl_c1_p2          =  1.21759e-05
busy_c1_p3          =  1.80000e+00
smpl_c1_p3          =  1.23019e-05
busy_c1_p4          =  1.80000e+00
smpl_c1_p4          =  6.52159e-06
busy_c1_p5          =  1.80000e+00
smpl_c1_p5          =  1.23599e-05
busy_c1_p6          =  1.80000e+00
smpl_c1_p6          =  1.23984e-05
busy_c1_p7          =  1.80000e+00
smpl_c1_p7          =  1.23905e-05
busy_c1_p8          =  1.80000e+00
smpl_c1_p8          =  1.16567e-05
busy_c1_p9          =  1.80000e+00
smpl_c1_p9          =  -1.06879e-05
busy_c1_p10         =  1.80000e+00
smpl_c1_p10         =  -2.53441e-05
busy_c1_p11         =  -7.29863e-05
smpl_c1_p11         =  1.79995e+00
busy_c2_p0          =  1.80000e+00
smpl_c2_p0          =  -3.05528e-05
busy_c2_p1          =  1.80000e+00
smpl_c2_p1          =  7.94874e-06
busy_c2_p2          =  1.80000e+00
smpl_c2_p2          =  7.93783e-06
busy_c2_p3          =  1.80000e+00
smpl_c2_p3          =  7.94936e-06
busy_c2_p4          =  1.80000e+00
smpl_c2_p4          =  3.25513e-06
busy_c2_p5          =  1.80000e+00
smpl_c2_p5          =  2.57593e-05
busy_c2_p6          =  1.80000e+00
smpl_c2_p6          =  7.92672e-06
busy_c2_p7          =  1.80000e+00
smpl_c2_p7          =  7.93141e-06
busy_c2_p8          =  1.80000e+00
smpl_c2_p8          =  2.60025e-05
busy_c2_p9          =  1.80000e+00
smpl_c2_p9          =  -2.89613e-05
busy_c2_p10         =  1.80000e+00
smpl_c2_p10         =  -1.21623e-05
busy_c2_p11         =  -1.23030e-04
smpl_c2_p11         =  1.80007e+00
busy_c3_p0          =  1.80000e+00
smpl_c3_p0          =  -3.46356e-05
busy_c3_p1          =  1.80000e+00
smpl_c3_p1          =  1.37178e-05
busy_c3_p2          =  1.80000e+00
smpl_c3_p2          =  1.39076e-05
busy_c3_p3          =  1.80000e+00
smpl_c3_p3          =  1.42026e-05
busy_c3_p4          =  1.80000e+00
smpl_c3_p4          =  -3.07996e-05
busy_c3_p5          =  1.80000e+00
smpl_c3_p5          =  1.45959e-05
busy_c3_p6          =  1.80000e+00
smpl_c3_p6          =  1.48323e-05
busy_c3_p7          =  1.80000e+00
smpl_c3_p7          =  1.50072e-05
busy_c3_p8          =  1.80000e+00
smpl_c3_p8          =  -3.32146e-05
busy_c3_p9          =  1.80000e+00
smpl_c3_p9          =  -1.55395e-05
busy_c3_p10         =  1.80000e+00
smpl_c3_p10         =  1.42550e-05
busy_c3_p11         =  1.27607e-04
smpl_c3_p11         =  1.79996e+00
busy_c4_p0          =  1.80000e+00
smpl_c4_p0          =  -8.39690e-06
busy_c4_p1          =  1.80000e+00
smpl_c4_p1          =  -2.83265e-05
busy_c4_p2          =  1.80000e+00
smpl_c4_p2          =  -2.83250e-05
busy_c4_p3          =  1.80000e+00
smpl_c4_p3          =  -2.83315e-05
busy_c4_p4          =  1.80000e+00
smpl_c4_p4          =  2.30420e-05
busy_c4_p5          =  1.80000e+00
smpl_c4_p5          =  -2.83235e-05
busy_c4_p6          =  1.80000e+00
smpl_c4_p6          =  -2.83284e-05
busy_c4_p7          =  1.80000e+00
smpl_c4_p7          =  -2.83232e-05
busy_c4_p8          =  1.80000e+00
smpl_c4_p8          =  1.49249e-05
busy_c4_p9          =  1.80000e+00
smpl_c4_p9          =  -2.60346e-05
busy_c4_p10         =  1.80000e+00
smpl_c4_p10         =  -2.83250e-05
busy_c4_p11         =  -1.43636e-04
smpl_c4_p11         =  1.79996e+00
busy_c5_p0          =  1.80000e+00
smpl_c5_p0          =  -6.81963e-06
busy_c5_p1          =  1.80000e+00
smpl_c5_p1          =  -1.77633e-05
busy_c5_p2          =  1.80000e+00
smpl_c5_p2          =  -1.77656e-05
busy_c5_p3          =  1.80000e+00
smpl_c5_p3          =  -1.77706e-05
busy_c5_p4          =  1.80000e+00
smpl_c5_p4          =  2.15748e-06
busy_c5_p5          =  1.80000e+00
smpl_c5_p5          =  -1.77639e-05
busy_c5_p6          =  1.80000e+00
smpl_c5_p6          =  -1.77713e-05
busy_c5_p7          =  1.80000e+00
smpl_c5_p7          =  -1.77689e-05
busy_c5_p8          =  1.80000e+00
smpl_c5_p8          =  1.47521e-06
busy_c5_p9          =  1.80000e+00
smpl_c5_p9          =  -1.77694e-05
busy_c5_p10         =  1.80000e+00
smpl_c5_p10         =  -1.77686e-05
busy_c5_p11         =  -2.45940e-05
smpl_c5_p11         =  1.80003e+00
i_vdd               =  -2.33968e-06 from=  3.20000e-06 to=  4.20006e-06
i_vpwr              =  -3.01600e-06 from=  3.20000e-06 to=  4.20006e-06
i_vrefp             =  -9.81734e-07 from=  3.20000e-06 to=  4.20006e-06
i_vrefn             =  9.84255e-07 from=  3.20000e-06 to=  4.20006e-06
i_vcm               =  8.78445e-10 from=  3.20000e-06 to=  4.20006e-06


Total analysis time (seconds) = 179.245

Total elapsed time (seconds) = 220.637 

Total DRAM available = 98304.000 MB.
DRAM currently available = 51135.891 MB.
Maximum ngspice program size =  580.797 MB.
Current ngspice program size =  580.797 MB.

