
Note: Compatibility modes selected: hs a


Circuit: * comparator-decision offset pick-off -- vindiff=0.0mv corner=tt_mm temp=27.0c seed=2 (issue #54)

option SCALE: Scale is set to 1e-06 for instance and model parameters
option SCALE: Scale is set to 1e-06 for instance and model parameters
option SCALE: Scale is set to 1e-06 for instance and model parameters
option SCALE: Scale is set to 1e-06 for instance and model parameters
Doing analysis at TEMP = 27.000000 and TNOM = 27.000000

Using KLU as Direct Linear Solver
 Reference value :  0.00000e+00
 Reference value :  1.60000e-13
 Reference value :  2.56000e-12
 Reference value :  1.05600e-11
 Reference value :  1.85600e-11
 Reference value :  2.65600e-11
 Reference value :  3.45600e-11
 Reference value :  4.25600e-11
 Reference value :  5.25600e-11
 Reference value :  6.25600e-11
 Reference value :  7.25600e-11
 Reference value :  8.05600e-11
 Reference value :  8.85600e-11
 Reference value :  9.85600e-11
 Reference value :  1.06560e-10
 Reference value :  1.16560e-10
 Reference value :  1.24560e-10
 Reference value :  1.32560e-10
 Reference value :  1.40560e-10
 Reference value :  1.48560e-10
 Reference value :  1.54560e-10
 Reference value :  1.62560e-10
 Reference value :  1.74560e-10
 Reference value :  1.82560e-10
 Reference value :  2.10560e-10
 Reference value :  2.18560e-10
 Reference value :  2.24560e-10
 Reference value :  2.30560e-10
 Reference value :  2.40560e-10
 Reference value :  2.48560e-10
 Reference value :  2.56560e-10
 Reference value :  2.66560e-10
 Reference value :  2.76560e-10
 Reference value :  2.86560e-10
 Reference value :  2.94560e-10
 Reference value :  3.02560e-10
 Reference value :  3.12560e-10
 Reference value :  3.24560e-10
 Reference value :  3.36560e-10
 Reference value :  3.46560e-10
 Reference value :  3.54560e-10
 Reference value :  3.62560e-10
 Reference value :  3.70560e-10
 Reference value :  3.80560e-10
 Reference value :  3.90560e-10
 Reference value :  4.00560e-10
 Reference value :  4.10560e-10
 Reference value :  4.20560e-10
 Reference value :  4.28560e-10
 Reference value :  4.40560e-10
 Reference value :  4.50560e-10
 Reference value :  4.56560e-10
 Reference value :  4.64560e-10
 Reference value :  4.72560e-10
 Reference value :  4.78560e-10
 Reference value :  4.86560e-10
 Reference value :  4.94560e-10
 Reference value :  5.22560e-10
 Reference value :  1.68256e-09
 Reference value :  2.25656e-09
 Reference value :  3.09656e-09
 Reference value :  4.80656e-09
No. of Data Rows : 3314
Note: Simulation executed from .control section 
