
Note: Compatibility modes selected: hs a


Circuit: * comparator-decision offset pick-off -- vindiff=0.0mv corner=tt_mm temp=27.0c seed=1 (issue #54)

option SCALE: Scale is set to 1e-06 for instance and model parameters
option SCALE: Scale is set to 1e-06 for instance and model parameters
option SCALE: Scale is set to 1e-06 for instance and model parameters
option SCALE: Scale is set to 1e-06 for instance and model parameters
Doing analysis at TEMP = 27.000000 and TNOM = 27.000000

Using KLU as Direct Linear Solver
 Reference value :  0.00000e+00
 Reference value :  4.54560e-10
 Reference value :  4.60560e-10
 Reference value :  4.68560e-10
 Reference value :  4.76560e-10
 Reference value :  4.84560e-10
 Reference value :  4.94560e-10
 Reference value :  5.04560e-10
 Reference value :  5.14560e-10
 Reference value :  5.22560e-10
 Reference value :  5.32560e-10
 Reference value :  5.42560e-10
 Reference value :  5.50560e-10
 Reference value :  5.58560e-10
 Reference value :  5.68560e-10
 Reference value :  5.76560e-10
 Reference value :  5.82560e-10
 Reference value :  5.90560e-10
 Reference value :  5.98560e-10
 Reference value :  6.04560e-10
 Reference value :  6.14560e-10
 Reference value :  6.26560e-10
 Reference value :  6.38560e-10
 Reference value :  6.50560e-10
 Reference value :  6.60560e-10
 Reference value :  6.68560e-10
 Reference value :  6.76560e-10
 Reference value :  6.84560e-10
 Reference value :  6.96560e-10
 Reference value :  7.04560e-10
 Reference value :  7.12560e-10
 Reference value :  7.22560e-10
 Reference value :  7.32560e-10
 Reference value :  7.40560e-10
 Reference value :  7.50560e-10
 Reference value :  7.62560e-10
 Reference value :  7.72560e-10
 Reference value :  7.84560e-10
 Reference value :  7.96560e-10
 Reference value :  8.06560e-10
 Reference value :  8.16560e-10
 Reference value :  8.26560e-10
 Reference value :  8.34560e-10
 Reference value :  8.40560e-10
 Reference value :  8.50560e-10
 Reference value :  8.58560e-10
 Reference value :  8.68560e-10
 Reference value :  8.82560e-10
 Reference value :  8.90560e-10
 Reference value :  8.98560e-10
 Reference value :  9.06560e-10
 Reference value :  9.12560e-10
 Reference value :  9.18560e-10
 Reference value :  9.28560e-10
 Reference value :  9.38560e-10
 Reference value :  9.48560e-10
 Reference value :  9.56560e-10
 Reference value :  9.64560e-10
 Reference value :  9.70560e-10
 Reference value :  9.80560e-10
 Reference value :  9.90560e-10
 Reference value :  1.00056e-09
 Reference value :  1.01056e-09
 Reference value :  1.01656e-09
 Reference value :  1.02456e-09
 Reference value :  1.03256e-09
 Reference value :  1.04256e-09
 Reference value :  1.05056e-09
 Reference value :  1.06256e-09
 Reference value :  1.07056e-09
 Reference value :  1.08056e-09
 Reference value :  1.08856e-09
 Reference value :  1.09656e-09
 Reference value :  1.10456e-09
 Reference value :  1.17456e-09
 Reference value :  1.18256e-09
 Reference value :  1.19256e-09
 Reference value :  1.20256e-09
 Reference value :  1.21456e-09
 Reference value :  1.22256e-09
 Reference value :  1.23056e-09
 Reference value :  1.24256e-09
 Reference value :  1.25256e-09
 Reference value :  1.25856e-09
 Reference value :  1.26856e-09
 Reference value :  1.27656e-09
 Reference value :  1.28456e-09
 Reference value :  1.29256e-09
 Reference value :  1.30256e-09
 Reference value :  1.31056e-09
 Reference value :  1.32056e-09
 Reference value :  1.33456e-09
 Reference value :  1.34256e-09
 Reference value :  1.34856e-09
 Reference value :  1.35656e-09
 Reference value :  1.36256e-09
 Reference value :  1.37256e-09
 Reference value :  1.38056e-09
 Reference value :  1.39256e-09
 Reference value :  1.40256e-09
 Reference value :  1.41056e-09
 Reference value :  1.42056e-09
 Reference value :  1.43056e-09
 Reference value :  1.43856e-09
 Reference value :  1.44656e-09
 Reference value :  1.45456e-09
 Reference value :  1.46056e-09
 Reference value :  1.46656e-09
 Reference value :  1.47656e-09
 Reference value :  1.48656e-09
 Reference value :  1.49456e-09
 Reference value :  1.50256e-09
 Reference value :  1.51256e-09
 Reference value :  1.52256e-09
 Reference value :  1.53256e-09
 Reference value :  1.54056e-09
 Reference value :  1.55056e-09
 Reference value :  1.55856e-09
 Reference value :  1.56656e-09
 Reference value :  1.57656e-09
 Reference value :  1.58656e-09
 Reference value :  1.59456e-09
 Reference value :  1.60256e-09
 Reference value :  1.61256e-09
 Reference value :  1.62256e-09
 Reference value :  1.63256e-09
 Reference value :  1.64056e-09
 Reference value :  1.64856e-09
 Reference value :  1.65856e-09
 Reference value :  1.66656e-09
 Reference value :  1.67656e-09
 Reference value :  1.68256e-09
 Reference value :  1.68856e-09
 Reference value :  1.69456e-09
 Reference value :  1.70056e-09
 Reference value :  1.70656e-09
 Reference value :  1.71456e-09
 Reference value :  1.72256e-09
 Reference value :  1.72856e-09
 Reference value :  1.73656e-09
 Reference value :  1.75056e-09
 Reference value :  1.75656e-09
 Reference value :  1.76456e-09
 Reference value :  1.77456e-09
 Reference value :  1.78256e-09
 Reference value :  1.79056e-09
 Reference value :  1.80056e-09
 Reference value :  1.81056e-09
 Reference value :  1.82056e-09
 Reference value :  1.83056e-09
 Reference value :  1.84056e-09
 Reference value :  1.85056e-09
 Reference value :  1.86056e-09
 Reference value :  1.87056e-09
 Reference value :  1.87856e-09
 Reference value :  1.88656e-09
 Reference value :  1.89456e-09
 Reference value :  1.90256e-09
 Reference value :  1.91056e-09
 Reference value :  1.91656e-09
 Reference value :  1.92256e-09
 Reference value :  1.93056e-09
 Reference value :  1.93656e-09
 Reference value :  1.94456e-09
 Reference value :  1.95056e-09
 Reference value :  1.95856e-09
 Reference value :  1.96656e-09
 Reference value :  1.97456e-09
 Reference value :  1.98256e-09
 Reference value :  1.99256e-09
 Reference value :  2.00256e-09
 Reference value :  2.01256e-09
 Reference value :  2.02056e-09
 Reference value :  2.02856e-09
 Reference value :  2.03456e-09
 Reference value :  2.04256e-09
 Reference value :  2.05056e-09
 Reference value :  2.06056e-09
 Reference value :  2.06856e-09
 Reference value :  2.07656e-09
 Reference value :  2.08656e-09
 Reference value :  2.09456e-09
 Reference value :  2.10256e-09
 Reference value :  2.11256e-09
 Reference value :  2.12256e-09
 Reference value :  2.13056e-09
 Reference value :  2.13856e-09
 Reference value :  2.14656e-09
 Reference value :  2.15456e-09
 Reference value :  2.16456e-09
 Reference value :  2.17456e-09
 Reference value :  2.18456e-09
 Reference value :  2.19456e-09
 Reference value :  2.20056e-09
 Reference value :  2.20856e-09
 Reference value :  2.21656e-09
 Reference value :  2.22656e-09
 Reference value :  2.23656e-09
 Reference value :  2.24456e-09
 Reference value :  2.25656e-09
 Reference value :  2.26656e-09
 Reference value :  2.27256e-09
 Reference value :  2.28056e-09
 Reference value :  2.28856e-09
 Reference value :  2.29656e-09
 Reference value :  2.30656e-09
 Reference value :  2.31456e-09
 Reference value :  2.32256e-09
 Reference value :  2.33256e-09
 Reference value :  2.34256e-09
 Reference value :  2.35256e-09
 Reference value :  2.36056e-09
 Reference value :  2.37056e-09
 Reference value :  2.38056e-09
 Reference value :  2.38856e-09
 Reference value :  2.39856e-09
 Reference value :  2.40656e-09
 Reference value :  2.41656e-09
 Reference value :  2.42456e-09
 Reference value :  2.43256e-09
 Reference value :  2.44056e-09
 Reference value :  2.44856e-09
 Reference value :  2.45656e-09
 Reference value :  2.46656e-09
 Reference value :  2.47456e-09
 Reference value :  2.48256e-09
 Reference value :  2.49256e-09
 Reference value :  2.50256e-09
 Reference value :  2.50856e-09
 Reference value :  2.51656e-09
 Reference value :  2.52456e-09
 Reference value :  2.53256e-09
 Reference value :  2.54256e-09
 Reference value :  2.55256e-09
 Reference value :  2.56456e-09
 Reference value :  2.57656e-09
 Reference value :  2.58656e-09
 Reference value :  2.59456e-09
 Reference value :  2.60456e-09
 Reference value :  2.61456e-09
 Reference value :  2.62456e-09
 Reference value :  2.63456e-09
 Reference value :  2.64656e-09
 Reference value :  2.65456e-09
 Reference value :  2.66456e-09
 Reference value :  2.67456e-09
 Reference value :  2.68456e-09
 Reference value :  2.69456e-09
 Reference value :  2.70256e-09
 Reference value :  2.71056e-09
 Reference value :  2.71656e-09
 Reference value :  2.72256e-09
 Reference value :  2.73256e-09
 Reference value :  2.74256e-09
 Reference value :  2.75256e-09
 Reference value :  3.42056e-09
 Reference value :  3.42856e-09
 Reference value :  3.43656e-09
 Reference value :  3.44456e-09
 Reference value :  3.45056e-09
 Reference value :  3.46056e-09
 Reference value :  3.47256e-09
 Reference value :  3.48256e-09
 Reference value :  3.49456e-09
 Reference value :  3.50456e-09
 Reference value :  3.51256e-09
 Reference value :  3.52056e-09
 Reference value :  3.52856e-09
 Reference value :  3.53856e-09
 Reference value :  3.54656e-09
 Reference value :  3.55656e-09
 Reference value :  3.56656e-09
 Reference value :  3.57656e-09
 Reference value :  3.58856e-09
 Reference value :  3.60056e-09
 Reference value :  3.61056e-09
 Reference value :  3.62056e-09
 Reference value :  3.63056e-09
 Reference value :  3.64056e-09
 Reference value :  3.65056e-09
 Reference value :  3.66056e-09
 Reference value :  3.67056e-09
 Reference value :  3.67856e-09
 Reference value :  3.68656e-09
 Reference value :  3.69256e-09
 Reference value :  3.69856e-09
 Reference value :  3.70456e-09
 Reference value :  3.71256e-09
 Reference value :  3.71856e-09
 Reference value :  3.72656e-09
 Reference value :  3.73656e-09
 Reference value :  3.74256e-09
 Reference value :  3.75056e-09
 Reference value :  3.76056e-09
 Reference value :  3.77056e-09
 Reference value :  3.78056e-09
 Reference value :  3.79256e-09
 Reference value :  3.80256e-09
 Reference value :  3.81456e-09
 Reference value :  3.82256e-09
 Reference value :  3.83056e-09
 Reference value :  3.84056e-09
 Reference value :  3.85256e-09
 Reference value :  3.86256e-09
 Reference value :  3.87256e-09
 Reference value :  3.88256e-09
 Reference value :  3.88856e-09
 Reference value :  3.89856e-09
 Reference value :  3.90856e-09
 Reference value :  3.91856e-09
 Reference value :  3.92856e-09
 Reference value :  3.93856e-09
 Reference value :  3.94856e-09
 Reference value :  3.95656e-09
 Reference value :  3.96456e-09
 Reference value :  3.97256e-09
 Reference value :  3.98056e-09
 Reference value :  3.98856e-09
 Reference value :  3.99656e-09
 Reference value :  4.00456e-09
 Reference value :  4.01456e-09
 Reference value :  4.02256e-09
 Reference value :  4.03056e-09
 Reference value :  4.04056e-09
 Reference value :  4.05056e-09
 Reference value :  4.06056e-09
 Reference value :  4.07056e-09
 Reference value :  4.08056e-09
 Reference value :  4.09256e-09
 Reference value :  4.10256e-09
 Reference value :  4.11056e-09
 Reference value :  4.12056e-09
 Reference value :  4.12856e-09
 Reference value :  4.13656e-09
 Reference value :  4.14656e-09
 Reference value :  4.15456e-09
 Reference value :  4.16256e-09
 Reference value :  4.17056e-09
 Reference value :  4.17856e-09
 Reference value :  4.18456e-09
 Reference value :  4.19456e-09
 Reference value :  4.20456e-09
 Reference value :  4.21456e-09
 Reference value :  4.22456e-09
 Reference value :  4.23456e-09
 Reference value :  4.24456e-09
 Reference value :  4.25456e-09
 Reference value :  4.26456e-09
 Reference value :  4.27256e-09
 Reference value :  4.28256e-09
 Reference value :  4.29056e-09
 Reference value :  4.30056e-09
 Reference value :  4.31056e-09
 Reference value :  4.31856e-09
 Reference value :  4.32656e-09
 Reference value :  4.33656e-09
 Reference value :  4.34456e-09
 Reference value :  4.35256e-09
 Reference value :  4.36056e-09
 Reference value :  4.37256e-09
 Reference value :  4.38256e-09
 Reference value :  4.39256e-09
 Reference value :  4.40256e-09
 Reference value :  4.41256e-09
 Reference value :  4.42256e-09
 Reference value :  4.43256e-09
 Reference value :  4.44456e-09
 Reference value :  4.45456e-09
 Reference value :  4.46456e-09
 Reference value :  4.47656e-09
 Reference value :  4.48656e-09
 Reference value :  4.49856e-09
 Reference value :  4.50856e-09
 Reference value :  4.51856e-09
 Reference value :  4.52856e-09
 Reference value :  4.53856e-09
 Reference value :  4.54656e-09
 Reference value :  4.55656e-09
 Reference value :  4.56456e-09
 Reference value :  4.57456e-09
 Reference value :  4.58456e-09
 Reference value :  4.59256e-09
 Reference value :  4.60056e-09
 Reference value :  4.60856e-09
 Reference value :  4.61656e-09
 Reference value :  4.62456e-09
 Reference value :  4.63256e-09
 Reference value :  4.64056e-09
 Reference value :  4.64856e-09
 Reference value :  4.65656e-09
 Reference value :  4.66856e-09
 Reference value :  4.67656e-09
 Reference value :  4.69056e-09
 Reference value :  4.70056e-09
 Reference value :  4.71056e-09
 Reference value :  4.72056e-09
 Reference value :  4.73056e-09
 Reference value :  4.74056e-09
 Reference value :  4.74856e-09
 Reference value :  4.75856e-09
 Reference value :  4.76656e-09
 Reference value :  4.77456e-09
 Reference value :  4.78456e-09
 Reference value :  4.79656e-09
 Reference value :  4.80856e-09
 Reference value :  4.82056e-09
 Reference value :  4.83256e-09
 Reference value :  4.84256e-09
 Reference value :  4.85456e-09
 Reference value :  4.86256e-09
 Reference value :  4.87456e-09
 Reference value :  4.88256e-09
 Reference value :  4.89056e-09
 Reference value :  4.90056e-09
 Reference value :  4.91056e-09
 Reference value :  4.92056e-09
 Reference value :  4.93056e-09
 Reference value :  4.94056e-09
 Reference value :  4.95056e-09
 Reference value :  4.96056e-09
 Reference value :  4.97056e-09
 Reference value :  4.98056e-09
 Reference value :  4.99056e-09
 Reference value :  5.00000e-09
 Reference value :  5.00500e-09
 Reference value :  5.01700e-09
 Reference value :  5.02500e-09
 Reference value :  5.03300e-09
 Reference value :  5.03900e-09
 Reference value :  5.04700e-09
 Reference value :  5.05500e-09
 Reference value :  5.06100e-09
 Reference value :  5.06900e-09
 Reference value :  5.07700e-09
 Reference value :  5.08500e-09
 Reference value :  5.09500e-09
 Reference value :  5.10020e-09
 Reference value :  5.10300e-09
 Reference value :  5.11100e-09
 Reference value :  5.11700e-09
 Reference value :  5.12500e-09
 Reference value :  5.13500e-09
 Reference value :  5.14500e-09
 Reference value :  5.15700e-09
 Reference value :  5.16900e-09
 Reference value :  5.18100e-09
 Reference value :  5.19100e-09
 Reference value :  5.20300e-09
 Reference value :  5.21300e-09
 Reference value :  5.22100e-09
 Reference value :  5.22700e-09
 Reference value :  5.23700e-09
 Reference value :  5.24700e-09
 Reference value :  5.25900e-09
 Reference value :  5.26700e-09
 Reference value :  5.27500e-09
 Reference value :  5.28300e-09
 Reference value :  5.29100e-09
 Reference value :  5.30300e-09
 Reference value :  5.31300e-09
 Reference value :  5.32500e-09
 Reference value :  5.33700e-09
 Reference value :  5.34900e-09
 Reference value :  5.35900e-09
 Reference value :  5.36900e-09
 Reference value :  5.38100e-09
 Reference value :  5.38900e-09
 Reference value :  5.39500e-09
 Reference value :  6.06900e-09
 Reference value :  6.17100e-09
 Reference value :  6.18300e-09
 Reference value :  6.19300e-09
 Reference value :  6.20300e-09
 Reference value :  6.21300e-09
 Reference value :  6.22100e-09
 Reference value :  6.22900e-09
 Reference value :  6.23900e-09
 Reference value :  6.24900e-09
 Reference value :  6.25700e-09
 Reference value :  6.26500e-09
 Reference value :  6.27500e-09
 Reference value :  6.28500e-09
 Reference value :  6.29300e-09
 Reference value :  6.30300e-09
 Reference value :  6.31100e-09
 Reference value :  6.32100e-09
 Reference value :  6.33100e-09
 Reference value :  6.34100e-09
 Reference value :  6.35100e-09
 Reference value :  6.35900e-09
 Reference value :  6.36900e-09
 Reference value :  6.37500e-09
 Reference value :  6.38500e-09
 Reference value :  6.39300e-09
 Reference value :  6.40100e-09
 Reference value :  6.40900e-09
 Reference value :  6.41900e-09
 Reference value :  6.42900e-09
 Reference value :  6.43900e-09
 Reference value :  6.44900e-09
 Reference value :  6.45900e-09
 Reference value :  6.46700e-09
 Reference value :  6.47700e-09
 Reference value :  6.48700e-09
 Reference value :  6.49700e-09
 Reference value :  6.50500e-09
 Reference value :  6.51300e-09
 Reference value :  6.51900e-09
 Reference value :  6.52900e-09
 Reference value :  6.53900e-09
 Reference value :  6.54900e-09
 Reference value :  6.55700e-09
 Reference value :  6.56700e-09
 Reference value :  6.57700e-09
 Reference value :  6.58500e-09
 Reference value :  6.59500e-09
No. of Data Rows : 3314
Note: Simulation executed from .control section 
