
Note: Compatibility modes selected: hs a


Circuit: * comparator-decision offset pick-off -- vindiff=10mv corner=tt temp=27.0c seed=none (issue #54)

option SCALE: Scale is set to 1e-06 for instance and model parameters
option SCALE: Scale is set to 1e-06 for instance and model parameters
option SCALE: Scale is set to 1e-06 for instance and model parameters
option SCALE: Scale is set to 1e-06 for instance and model parameters
Doing analysis at TEMP = 27.000000 and TNOM = 27.000000

Using KLU as Direct Linear Solver
 Reference value :  0.00000e+00
 Reference value :  1.60000e-13
 Reference value :  1.28000e-12
 Reference value :  8.56000e-12
 Reference value :  1.65600e-11
 Reference value :  2.45600e-11
 Reference value :  3.25600e-11
 Reference value :  3.85600e-11
 Reference value :  4.45600e-11
 Reference value :  5.25600e-11
 Reference value :  5.85600e-11
 Reference value :  6.65600e-11
 Reference value :  7.45600e-11
 Reference value :  8.25600e-11
 Reference value :  8.85600e-11
 Reference value :  9.65600e-11
 Reference value :  1.04560e-10
 Reference value :  1.12560e-10
 Reference value :  1.18560e-10
 Reference value :  1.24560e-10
 Reference value :  1.32560e-10
 Reference value :  1.38560e-10
 Reference value :  1.44560e-10
 Reference value :  1.50560e-10
 Reference value :  1.58560e-10
 Reference value :  1.66560e-10
 Reference value :  1.74560e-10
 Reference value :  1.82560e-10
 Reference value :  1.90560e-10
 Reference value :  1.98560e-10
 Reference value :  2.04560e-10
 Reference value :  2.12560e-10
 Reference value :  2.18560e-10
 Reference value :  2.24560e-10
 Reference value :  2.32560e-10
 Reference value :  2.38560e-10
 Reference value :  2.46560e-10
 Reference value :  2.54560e-10
 Reference value :  2.62560e-10
 Reference value :  2.68560e-10
 Reference value :  2.74560e-10
 Reference value :  2.80560e-10
 Reference value :  2.88560e-10
 Reference value :  2.96560e-10
 Reference value :  3.04560e-10
 Reference value :  3.12560e-10
 Reference value :  3.20560e-10
 Reference value :  3.28560e-10
 Reference value :  3.36560e-10
 Reference value :  3.44560e-10
 Reference value :  3.52560e-10
 Reference value :  3.60560e-10
 Reference value :  3.68560e-10
 Reference value :  3.76560e-10
 Reference value :  3.84560e-10
 Reference value :  3.92560e-10
 Reference value :  4.00560e-10
 Reference value :  4.08560e-10
 Reference value :  4.14560e-10
 Reference value :  4.22560e-10
 Reference value :  4.30560e-10
 Reference value :  4.36560e-10
 Reference value :  4.44560e-10
 Reference value :  4.50560e-10
 Reference value :  4.56560e-10
 Reference value :  4.64560e-10
 Reference value :  4.72560e-10
 Reference value :  4.80560e-10
 Reference value :  4.86560e-10
 Reference value :  4.94560e-10
 Reference value :  5.02560e-10
 Reference value :  5.10560e-10
 Reference value :  5.16560e-10
 Reference value :  5.22560e-10
 Reference value :  5.28560e-10
 Reference value :  5.36560e-10
 Reference value :  5.42560e-10
 Reference value :  5.50560e-10
 Reference value :  5.56560e-10
 Reference value :  5.64560e-10
 Reference value :  5.72560e-10
 Reference value :  5.78560e-10
 Reference value :  5.84560e-10
 Reference value :  5.92560e-10
 Reference value :  5.98560e-10
 Reference value :  6.06560e-10
 Reference value :  6.12560e-10
 Reference value :  6.20560e-10
 Reference value :  6.28560e-10
 Reference value :  6.34560e-10
 Reference value :  6.42560e-10
 Reference value :  6.50560e-10
 Reference value :  6.56560e-10
 Reference value :  6.64560e-10
 Reference value :  6.70560e-10
 Reference value :  6.78560e-10
 Reference value :  6.86560e-10
 Reference value :  6.94560e-10
 Reference value :  7.00560e-10
 Reference value :  7.06560e-10
 Reference value :  7.12560e-10
 Reference value :  7.20560e-10
 Reference value :  7.26560e-10
 Reference value :  7.32560e-10
 Reference value :  7.38560e-10
 Reference value :  7.44560e-10
 Reference value :  7.52560e-10
 Reference value :  7.58560e-10
 Reference value :  7.66560e-10
 Reference value :  7.72560e-10
 Reference value :  7.78560e-10
 Reference value :  7.86560e-10
 Reference value :  7.94560e-10
 Reference value :  8.00560e-10
 Reference value :  8.06560e-10
 Reference value :  8.12560e-10
 Reference value :  8.18560e-10
 Reference value :  8.24560e-10
 Reference value :  8.30560e-10
 Reference value :  8.38560e-10
 Reference value :  8.44560e-10
 Reference value :  8.52560e-10
 Reference value :  8.58560e-10
 Reference value :  8.64560e-10
 Reference value :  8.72560e-10
 Reference value :  8.80560e-10
 Reference value :  8.86560e-10
 Reference value :  8.92560e-10
 Reference value :  8.98560e-10
 Reference value :  9.04560e-10
 Reference value :  9.12560e-10
 Reference value :  9.18560e-10
 Reference value :  9.26560e-10
 Reference value :  9.32560e-10
 Reference value :  9.40560e-10
 Reference value :  9.46560e-10
 Reference value :  9.54560e-10
 Reference value :  9.60560e-10
 Reference value :  9.68560e-10
 Reference value :  9.74560e-10
 Reference value :  9.80560e-10
 Reference value :  9.86560e-10
 Reference value :  9.94560e-10
 Reference value :  1.00256e-09
 Reference value :  1.00856e-09
 Reference value :  1.01656e-09
 Reference value :  1.02456e-09
 Reference value :  1.03056e-09
 Reference value :  1.03656e-09
 Reference value :  1.04256e-09
 Reference value :  1.05056e-09
 Reference value :  1.05856e-09
 Reference value :  1.06456e-09
 Reference value :  1.07056e-09
 Reference value :  1.07656e-09
 Reference value :  1.08456e-09
 Reference value :  1.09256e-09
 Reference value :  1.09856e-09
 Reference value :  1.10656e-09
 Reference value :  1.11256e-09
 Reference value :  1.12056e-09
 Reference value :  1.12856e-09
 Reference value :  1.13456e-09
 Reference value :  1.14256e-09
 Reference value :  1.14856e-09
 Reference value :  1.15456e-09
 Reference value :  1.16056e-09
 Reference value :  1.16656e-09
 Reference value :  1.18056e-09
 Reference value :  1.18656e-09
 Reference value :  1.19456e-09
 Reference value :  1.20056e-09
 Reference value :  1.20656e-09
 Reference value :  1.21256e-09
 Reference value :  1.22056e-09
 Reference value :  1.22656e-09
 Reference value :  1.23456e-09
 Reference value :  1.24056e-09
 Reference value :  1.24856e-09
 Reference value :  1.25656e-09
 Reference value :  1.26456e-09
 Reference value :  1.27056e-09
 Reference value :  1.27856e-09
 Reference value :  1.28456e-09
 Reference value :  1.29056e-09
 Reference value :  1.29656e-09
 Reference value :  1.30456e-09
 Reference value :  1.31256e-09
 Reference value :  1.32056e-09
 Reference value :  1.32856e-09
 Reference value :  1.33456e-09
 Reference value :  1.34256e-09
 Reference value :  1.34856e-09
 Reference value :  1.35456e-09
 Reference value :  1.36056e-09
 Reference value :  1.36656e-09
 Reference value :  1.37256e-09
 Reference value :  1.38056e-09
 Reference value :  1.38656e-09
 Reference value :  1.39256e-09
 Reference value :  1.39856e-09
 Reference value :  1.40656e-09
 Reference value :  1.41456e-09
 Reference value :  1.42256e-09
 Reference value :  1.42856e-09
 Reference value :  1.62656e-09
 Reference value :  1.63256e-09
 Reference value :  1.64056e-09
 Reference value :  1.64856e-09
 Reference value :  1.65656e-09
 Reference value :  1.66256e-09
 Reference value :  1.66856e-09
 Reference value :  1.67456e-09
 Reference value :  1.68256e-09
 Reference value :  1.69056e-09
 Reference value :  1.69656e-09
 Reference value :  1.70256e-09
 Reference value :  1.71056e-09
 Reference value :  1.71856e-09
 Reference value :  1.72456e-09
 Reference value :  1.73256e-09
 Reference value :  1.73856e-09
 Reference value :  1.74656e-09
 Reference value :  1.75456e-09
 Reference value :  1.76256e-09
 Reference value :  1.77056e-09
 Reference value :  1.77656e-09
 Reference value :  1.78256e-09
 Reference value :  1.79056e-09
 Reference value :  1.79656e-09
 Reference value :  1.80656e-09
 Reference value :  1.81456e-09
 Reference value :  1.82056e-09
 Reference value :  1.82856e-09
 Reference value :  1.83456e-09
 Reference value :  1.84256e-09
 Reference value :  1.85056e-09
 Reference value :  1.85856e-09
 Reference value :  1.86656e-09
 Reference value :  1.87456e-09
 Reference value :  1.88056e-09
 Reference value :  1.88856e-09
 Reference value :  1.89656e-09
 Reference value :  1.90456e-09
 Reference value :  1.91056e-09
 Reference value :  1.91656e-09
 Reference value :  1.92256e-09
 Reference value :  1.92856e-09
 Reference value :  1.93656e-09
 Reference value :  1.94456e-09
 Reference value :  1.95256e-09
 Reference value :  1.96056e-09
 Reference value :  1.96656e-09
 Reference value :  1.97256e-09
 Reference value :  1.98056e-09
 Reference value :  1.98856e-09
 Reference value :  1.99656e-09
 Reference value :  2.00256e-09
 Reference value :  2.00856e-09
 Reference value :  2.01656e-09
 Reference value :  2.02256e-09
 Reference value :  2.03056e-09
 Reference value :  2.03856e-09
 Reference value :  2.04656e-09
 Reference value :  2.05256e-09
 Reference value :  2.06056e-09
 Reference value :  2.06856e-09
 Reference value :  2.07456e-09
 Reference value :  2.08256e-09
 Reference value :  2.10656e-09
 Reference value :  2.11456e-09
 Reference value :  2.12056e-09
 Reference value :  2.12856e-09
 Reference value :  2.13456e-09
 Reference value :  2.14256e-09
 Reference value :  2.15056e-09
 Reference value :  2.15856e-09
 Reference value :  2.16456e-09
 Reference value :  2.17056e-09
 Reference value :  2.17656e-09
 Reference value :  2.18256e-09
 Reference value :  2.19256e-09
 Reference value :  2.20056e-09
 Reference value :  2.20856e-09
 Reference value :  2.21656e-09
 Reference value :  2.22256e-09
 Reference value :  2.23056e-09
 Reference value :  2.23856e-09
 Reference value :  2.24656e-09
 Reference value :  2.25256e-09
 Reference value :  2.25856e-09
 Reference value :  2.26656e-09
 Reference value :  2.27456e-09
 Reference value :  2.28256e-09
 Reference value :  2.29056e-09
 Reference value :  2.29856e-09
 Reference value :  2.30656e-09
 Reference value :  2.31256e-09
 Reference value :  2.32056e-09
 Reference value :  2.32656e-09
 Reference value :  2.33256e-09
 Reference value :  2.34056e-09
 Reference value :  2.34856e-09
 Reference value :  2.35656e-09
 Reference value :  2.36256e-09
 Reference value :  2.36856e-09
 Reference value :  2.37656e-09
 Reference value :  2.40456e-09
 Reference value :  2.41256e-09
 Reference value :  2.42056e-09
 Reference value :  2.42856e-09
 Reference value :  2.43656e-09
 Reference value :  2.44456e-09
 Reference value :  2.45256e-09
 Reference value :  2.45856e-09
 Reference value :  2.46656e-09
 Reference value :  2.47456e-09
 Reference value :  2.48256e-09
 Reference value :  2.49056e-09
 Reference value :  2.49856e-09
 Reference value :  2.51056e-09
 Reference value :  2.52056e-09
 Reference value :  2.53056e-09
 Reference value :  2.54056e-09
 Reference value :  2.55256e-09
 Reference value :  2.56056e-09
 Reference value :  2.56656e-09
 Reference value :  2.57656e-09
 Reference value :  2.58856e-09
 Reference value :  2.60056e-09
 Reference value :  2.61056e-09
 Reference value :  2.61856e-09
 Reference value :  2.62856e-09
 Reference value :  2.63856e-09
 Reference value :  2.64656e-09
 Reference value :  2.65456e-09
 Reference value :  2.66256e-09
 Reference value :  2.67056e-09
 Reference value :  2.68056e-09
 Reference value :  2.69056e-09
 Reference value :  2.69856e-09
 Reference value :  2.70656e-09
 Reference value :  2.71656e-09
 Reference value :  2.72456e-09
 Reference value :  2.73256e-09
 Reference value :  2.74456e-09
 Reference value :  2.75456e-09
 Reference value :  2.76256e-09
 Reference value :  2.77456e-09
 Reference value :  2.78256e-09
 Reference value :  2.79056e-09
 Reference value :  2.79856e-09
 Reference value :  2.80656e-09
 Reference value :  2.81456e-09
 Reference value :  2.82256e-09
 Reference value :  2.83056e-09
 Reference value :  2.83856e-09
 Reference value :  2.84856e-09
 Reference value :  2.85856e-09
 Reference value :  2.86856e-09
 Reference value :  2.87856e-09
 Reference value :  2.88656e-09
 Reference value :  2.89456e-09
 Reference value :  2.90456e-09
 Reference value :  2.91256e-09
 Reference value :  2.92256e-09
 Reference value :  2.93256e-09
 Reference value :  2.94256e-09
 Reference value :  2.95256e-09
 Reference value :  2.96056e-09
 Reference value :  2.97056e-09
 Reference value :  2.98256e-09
 Reference value :  2.99256e-09
 Reference value :  3.00056e-09
 Reference value :  3.00656e-09
 Reference value :  3.01256e-09
 Reference value :  3.02056e-09
 Reference value :  3.02656e-09
 Reference value :  3.03456e-09
 Reference value :  3.04256e-09
 Reference value :  3.05256e-09
 Reference value :  3.05856e-09
 Reference value :  3.07056e-09
 Reference value :  3.08056e-09
 Reference value :  3.09056e-09
 Reference value :  3.10056e-09
 Reference value :  3.11056e-09
 Reference value :  3.12056e-09
 Reference value :  3.13056e-09
 Reference value :  3.14056e-09
 Reference value :  3.15056e-09
 Reference value :  3.16056e-09
 Reference value :  3.16856e-09
 Reference value :  3.17856e-09
 Reference value :  3.18856e-09
 Reference value :  3.19656e-09
 Reference value :  3.20456e-09
 Reference value :  3.21256e-09
 Reference value :  3.21856e-09
 Reference value :  3.22856e-09
 Reference value :  3.23856e-09
 Reference value :  3.24456e-09
 Reference value :  3.25256e-09
 Reference value :  3.26056e-09
 Reference value :  3.26656e-09
 Reference value :  3.27456e-09
 Reference value :  3.28056e-09
 Reference value :  3.29256e-09
 Reference value :  3.30056e-09
 Reference value :  3.31056e-09
 Reference value :  3.31856e-09
 Reference value :  3.32656e-09
 Reference value :  3.33856e-09
 Reference value :  3.34456e-09
 Reference value :  3.35056e-09
 Reference value :  3.35856e-09
 Reference value :  3.36656e-09
 Reference value :  3.37456e-09
 Reference value :  3.38456e-09
 Reference value :  3.39656e-09
 Reference value :  3.40656e-09
 Reference value :  3.41456e-09
 Reference value :  3.42056e-09
 Reference value :  3.42856e-09
 Reference value :  3.43656e-09
 Reference value :  3.44256e-09
 Reference value :  3.45056e-09
 Reference value :  3.45856e-09
 Reference value :  3.46656e-09
 Reference value :  3.47456e-09
 Reference value :  3.48256e-09
 Reference value :  3.49256e-09
 Reference value :  3.50256e-09
 Reference value :  3.51056e-09
 Reference value :  3.52056e-09
 Reference value :  3.52856e-09
 Reference value :  3.54056e-09
 Reference value :  3.54856e-09
 Reference value :  3.55456e-09
 Reference value :  3.56456e-09
 Reference value :  3.57656e-09
 Reference value :  3.58656e-09
 Reference value :  3.59456e-09
 Reference value :  3.60656e-09
 Reference value :  3.61656e-09
 Reference value :  3.62256e-09
 Reference value :  3.63256e-09
 Reference value :  3.64456e-09
 Reference value :  3.65656e-09
 Reference value :  3.66456e-09
 Reference value :  3.67256e-09
 Reference value :  3.68256e-09
 Reference value :  3.69056e-09
 Reference value :  3.70056e-09
 Reference value :  3.70856e-09
 Reference value :  3.71856e-09
 Reference value :  3.72856e-09
 Reference value :  3.73656e-09
 Reference value :  3.74656e-09
 Reference value :  3.75656e-09
 Reference value :  3.76656e-09
 Reference value :  3.77656e-09
 Reference value :  3.78456e-09
 Reference value :  3.79456e-09
 Reference value :  3.80456e-09
 Reference value :  3.81456e-09
 Reference value :  3.82456e-09
 Reference value :  3.83656e-09
 Reference value :  3.84656e-09
 Reference value :  3.85656e-09
 Reference value :  3.86456e-09
 Reference value :  3.87456e-09
 Reference value :  3.88456e-09
 Reference value :  3.89656e-09
 Reference value :  3.90456e-09
 Reference value :  3.91456e-09
 Reference value :  3.92456e-09
 Reference value :  3.93256e-09
 Reference value :  3.94056e-09
 Reference value :  3.94856e-09
 Reference value :  3.95656e-09
 Reference value :  3.96256e-09
 Reference value :  3.97056e-09
 Reference value :  3.97856e-09
 Reference value :  3.98656e-09
 Reference value :  4.00256e-09
 Reference value :  4.01256e-09
 Reference value :  4.02256e-09
 Reference value :  4.03256e-09
 Reference value :  4.04256e-09
 Reference value :  4.05256e-09
 Reference value :  4.06456e-09
 Reference value :  4.07456e-09
 Reference value :  4.08256e-09
 Reference value :  4.09056e-09
 Reference value :  4.09656e-09
 Reference value :  4.10456e-09
 Reference value :  4.11256e-09
 Reference value :  4.11856e-09
 Reference value :  4.12656e-09
 Reference value :  4.13456e-09
 Reference value :  4.14256e-09
 Reference value :  4.15056e-09
 Reference value :  4.16056e-09
 Reference value :  4.17056e-09
 Reference value :  4.18056e-09
 Reference value :  4.19056e-09
 Reference value :  4.20056e-09
 Reference value :  4.20856e-09
 Reference value :  4.21856e-09
 Reference value :  4.22856e-09
 Reference value :  4.23856e-09
 Reference value :  4.24656e-09
 Reference value :  4.25856e-09
 Reference value :  4.26856e-09
 Reference value :  4.27856e-09
 Reference value :  4.28856e-09
 Reference value :  4.29856e-09
 Reference value :  4.30656e-09
 Reference value :  4.31256e-09
 Reference value :  4.31856e-09
 Reference value :  4.33056e-09
 Reference value :  4.34056e-09
 Reference value :  4.35056e-09
 Reference value :  4.36056e-09
 Reference value :  4.37256e-09
 Reference value :  4.38456e-09
 Reference value :  4.39456e-09
 Reference value :  4.40456e-09
 Reference value :  4.41456e-09
 Reference value :  4.42656e-09
 Reference value :  4.43456e-09
 Reference value :  4.44056e-09
 Reference value :  4.44656e-09
 Reference value :  4.45456e-09
 Reference value :  4.46456e-09
 Reference value :  4.47456e-09
 Reference value :  4.48256e-09
 Reference value :  4.49256e-09
 Reference value :  4.50056e-09
 Reference value :  4.51056e-09
 Reference value :  4.52056e-09
 Reference value :  4.53056e-09
 Reference value :  4.54056e-09
 Reference value :  4.55056e-09
 Reference value :  4.56056e-09
 Reference value :  4.57056e-09
 Reference value :  4.58056e-09
 Reference value :  4.58656e-09
 Reference value :  4.59856e-09
 Reference value :  4.60856e-09
 Reference value :  4.61856e-09
 Reference value :  4.62856e-09
 Reference value :  4.63856e-09
 Reference value :  4.64456e-09
 Reference value :  4.65456e-09
 Reference value :  4.66456e-09
 Reference value :  4.67256e-09
 Reference value :  4.68056e-09
 Reference value :  4.69056e-09
 Reference value :  4.69856e-09
 Reference value :  4.70856e-09
 Reference value :  4.71656e-09
 Reference value :  4.72656e-09
 Reference value :  4.73656e-09
 Reference value :  4.74456e-09
 Reference value :  4.75456e-09
 Reference value :  4.82656e-09
 Reference value :  4.83656e-09
 Reference value :  4.84456e-09
 Reference value :  4.85256e-09
 Reference value :  4.86256e-09
 Reference value :  4.87256e-09
 Reference value :  4.88056e-09
 Reference value :  4.88856e-09
 Reference value :  4.89856e-09
 Reference value :  4.90656e-09
 Reference value :  4.91456e-09
 Reference value :  4.92656e-09
 Reference value :  4.93656e-09
 Reference value :  4.94456e-09
 Reference value :  4.95456e-09
 Reference value :  4.96456e-09
 Reference value :  4.97456e-09
 Reference value :  4.98656e-09
 Reference value :  4.99656e-09
 Reference value :  5.00140e-09
 Reference value :  5.01100e-09
 Reference value :  5.02100e-09
 Reference value :  5.03100e-09
 Reference value :  5.04100e-09
 Reference value :  5.04900e-09
 Reference value :  5.06100e-09
 Reference value :  5.06900e-09
 Reference value :  5.07700e-09
 Reference value :  5.08500e-09
 Reference value :  5.09300e-09
 Reference value :  5.10000e-09
 Reference value :  5.10300e-09
 Reference value :  5.11300e-09
 Reference value :  5.12300e-09
 Reference value :  5.13300e-09
 Reference value :  5.14100e-09
 Reference value :  5.14900e-09
 Reference value :  5.15500e-09
 Reference value :  5.16300e-09
 Reference value :  5.17100e-09
 Reference value :  5.18100e-09
 Reference value :  5.18900e-09
 Reference value :  5.19900e-09
 Reference value :  5.20900e-09
 Reference value :  5.21700e-09
 Reference value :  5.22500e-09
 Reference value :  5.23300e-09
 Reference value :  5.24300e-09
 Reference value :  5.25100e-09
 Reference value :  5.26100e-09
 Reference value :  5.26900e-09
 Reference value :  5.27900e-09
 Reference value :  5.28900e-09
 Reference value :  5.29900e-09
 Reference value :  5.30700e-09
 Reference value :  5.31700e-09
 Reference value :  5.32700e-09
 Reference value :  5.33900e-09
 Reference value :  5.34900e-09
 Reference value :  5.36100e-09
 Reference value :  5.37300e-09
 Reference value :  5.38500e-09
 Reference value :  5.39500e-09
 Reference value :  5.40500e-09
 Reference value :  5.41500e-09
 Reference value :  5.42500e-09
 Reference value :  5.43500e-09
 Reference value :  5.44300e-09
 Reference value :  5.44900e-09
 Reference value :  5.45700e-09
 Reference value :  5.46500e-09
 Reference value :  5.47500e-09
 Reference value :  5.48500e-09
 Reference value :  5.49300e-09
 Reference value :  5.50100e-09
 Reference value :  5.50900e-09
 Reference value :  5.51700e-09
 Reference value :  5.52500e-09
 Reference value :  5.53500e-09
 Reference value :  5.54500e-09
 Reference value :  5.55300e-09
 Reference value :  5.56300e-09
 Reference value :  5.57100e-09
 Reference value :  5.58100e-09
 Reference value :  5.58900e-09
 Reference value :  5.59700e-09
 Reference value :  5.60500e-09
 Reference value :  5.61300e-09
 Reference value :  5.62100e-09
 Reference value :  5.62900e-09
 Reference value :  5.63700e-09
 Reference value :  5.64700e-09
 Reference value :  5.65700e-09
 Reference value :  5.66700e-09
 Reference value :  5.67700e-09
 Reference value :  5.68500e-09
 Reference value :  5.69700e-09
 Reference value :  5.70700e-09
 Reference value :  5.71500e-09
 Reference value :  5.72300e-09
 Reference value :  5.73300e-09
 Reference value :  5.74100e-09
 Reference value :  5.75300e-09
 Reference value :  5.76500e-09
 Reference value :  5.77700e-09
 Reference value :  5.78700e-09
 Reference value :  5.79900e-09
 Reference value :  5.80900e-09
 Reference value :  5.81700e-09
 Reference value :  5.82700e-09
 Reference value :  5.83500e-09
 Reference value :  5.84500e-09
 Reference value :  5.85700e-09
 Reference value :  5.86700e-09
 Reference value :  5.87700e-09
 Reference value :  5.88500e-09
 Reference value :  5.89300e-09
 Reference value :  5.90100e-09
 Reference value :  5.90700e-09
 Reference value :  5.91500e-09
 Reference value :  5.92300e-09
 Reference value :  5.93100e-09
 Reference value :  5.93900e-09
 Reference value :  5.94700e-09
 Reference value :  5.95500e-09
 Reference value :  5.96100e-09
 Reference value :  5.96700e-09
 Reference value :  5.97700e-09
 Reference value :  5.98900e-09
 Reference value :  5.99900e-09
 Reference value :  6.00900e-09
 Reference value :  6.01900e-09
 Reference value :  6.02900e-09
 Reference value :  6.03900e-09
 Reference value :  6.05100e-09
 Reference value :  6.06100e-09
 Reference value :  6.07100e-09
 Reference value :  6.08100e-09
 Reference value :  6.09100e-09
 Reference value :  6.10300e-09
 Reference value :  6.11300e-09
 Reference value :  6.12300e-09
 Reference value :  6.13300e-09
 Reference value :  6.14300e-09
 Reference value :  6.15300e-09
 Reference value :  6.16100e-09
 Reference value :  6.17100e-09
 Reference value :  6.18100e-09
 Reference value :  6.19100e-09
 Reference value :  6.20100e-09
 Reference value :  6.20900e-09
 Reference value :  6.21900e-09
 Reference value :  6.22900e-09
 Reference value :  6.23900e-09
 Reference value :  6.24700e-09
 Reference value :  6.25900e-09
 Reference value :  6.26900e-09
 Reference value :  6.27700e-09
 Reference value :  6.28500e-09
 Reference value :  6.29300e-09
 Reference value :  6.30500e-09
 Reference value :  6.31700e-09
 Reference value :  6.32900e-09
 Reference value :  6.33900e-09
 Reference value :  6.34700e-09
 Reference value :  6.35500e-09
 Reference value :  6.36500e-09
 Reference value :  6.37700e-09
 Reference value :  6.38900e-09
 Reference value :  6.40100e-09
 Reference value :  6.41300e-09
 Reference value :  6.42500e-09
 Reference value :  6.43700e-09
 Reference value :  6.44900e-09
 Reference value :  6.46100e-09
 Reference value :  6.47300e-09
 Reference value :  6.48500e-09
 Reference value :  6.49700e-09
 Reference value :  6.50700e-09
 Reference value :  6.51900e-09
 Reference value :  6.53100e-09
 Reference value :  6.54300e-09
 Reference value :  6.55500e-09
 Reference value :  6.56500e-09
 Reference value :  6.57700e-09
 Reference value :  6.58700e-09
 Reference value :  6.59700e-09
No. of Data Rows : 3314
Note: Simulation executed from .control section 
