
Note: Compatibility modes selected: hs a


Circuit: * comparator-decision offset pick-off -- vindiff=0.0mv corner=tt temp=27.0c seed=8 (issue #54)

option SCALE: Scale is set to 1e-06 for instance and model parameters
option SCALE: Scale is set to 1e-06 for instance and model parameters
option SCALE: Scale is set to 1e-06 for instance and model parameters
option SCALE: Scale is set to 1e-06 for instance and model parameters
Doing analysis at TEMP = 27.000000 and TNOM = 27.000000

Using KLU as Direct Linear Solver
 Reference value :  0.00000e+00
 Reference value :  9.25600e-11
 Reference value :  1.04560e-10
 Reference value :  1.16560e-10
 Reference value :  1.26560e-10
 Reference value :  1.38560e-10
 Reference value :  1.48560e-10
 Reference value :  1.56560e-10
 Reference value :  1.64560e-10
 Reference value :  1.72560e-10
 Reference value :  3.60560e-10
 Reference value :  3.70560e-10
 Reference value :  3.80560e-10
 Reference value :  3.90560e-10
 Reference value :  4.00560e-10
 Reference value :  4.10560e-10
 Reference value :  4.20560e-10
 Reference value :  4.30560e-10
 Reference value :  4.40560e-10
 Reference value :  4.48560e-10
 Reference value :  4.56560e-10
 Reference value :  4.66560e-10
 Reference value :  4.76560e-10
 Reference value :  4.86560e-10
 Reference value :  4.96560e-10
 Reference value :  5.06560e-10
 Reference value :  5.14560e-10
 Reference value :  5.22560e-10
 Reference value :  5.30560e-10
 Reference value :  5.36560e-10
 Reference value :  5.44560e-10
 Reference value :  5.54560e-10
 Reference value :  5.64560e-10
 Reference value :  5.74560e-10
 Reference value :  5.82560e-10
 Reference value :  5.92560e-10
 Reference value :  5.98560e-10
 Reference value :  6.08560e-10
 Reference value :  6.14560e-10
 Reference value :  6.22560e-10
 Reference value :  6.28560e-10
 Reference value :  6.36560e-10
 Reference value :  6.46560e-10
 Reference value :  6.54560e-10
 Reference value :  6.64560e-10
 Reference value :  6.74560e-10
 Reference value :  6.84560e-10
 Reference value :  6.92560e-10
 Reference value :  7.00560e-10
 Reference value :  7.08560e-10
 Reference value :  7.16560e-10
 Reference value :  7.26560e-10
 Reference value :  7.34560e-10
 Reference value :  7.44560e-10
 Reference value :  7.52560e-10
 Reference value :  7.64560e-10
 Reference value :  7.72560e-10
 Reference value :  7.82560e-10
 Reference value :  7.90560e-10
 Reference value :  7.98560e-10
 Reference value :  8.06560e-10
 Reference value :  8.16560e-10
 Reference value :  8.26560e-10
 Reference value :  8.36560e-10
 Reference value :  8.48560e-10
 Reference value :  8.60560e-10
 Reference value :  8.70560e-10
 Reference value :  8.80560e-10
 Reference value :  8.88560e-10
 Reference value :  8.98560e-10
 Reference value :  9.06560e-10
 Reference value :  9.14560e-10
 Reference value :  9.22560e-10
 Reference value :  9.30560e-10
 Reference value :  9.40560e-10
 Reference value :  9.50560e-10
 Reference value :  9.58560e-10
 Reference value :  9.66560e-10
 Reference value :  9.74560e-10
 Reference value :  9.80560e-10
 Reference value :  1.25456e-09
 Reference value :  1.26456e-09
 Reference value :  1.27256e-09
 Reference value :  1.28456e-09
 Reference value :  1.29456e-09
 Reference value :  1.30256e-09
 Reference value :  1.31256e-09
 Reference value :  1.32256e-09
 Reference value :  1.33256e-09
 Reference value :  1.34056e-09
 Reference value :  1.34856e-09
 Reference value :  1.35656e-09
 Reference value :  1.36456e-09
 Reference value :  1.37256e-09
 Reference value :  1.38056e-09
 Reference value :  1.38856e-09
 Reference value :  1.39856e-09
 Reference value :  1.40656e-09
 Reference value :  1.41656e-09
 Reference value :  1.42656e-09
 Reference value :  1.43656e-09
 Reference value :  1.44656e-09
 Reference value :  1.45656e-09
 Reference value :  1.46656e-09
 Reference value :  1.47456e-09
 Reference value :  1.48656e-09
 Reference value :  1.49456e-09
 Reference value :  1.50456e-09
 Reference value :  1.51456e-09
 Reference value :  1.52456e-09
 Reference value :  1.53456e-09
 Reference value :  1.54456e-09
 Reference value :  1.55456e-09
 Reference value :  1.56456e-09
 Reference value :  1.57456e-09
 Reference value :  1.58456e-09
 Reference value :  1.59256e-09
 Reference value :  1.60256e-09
 Reference value :  1.61256e-09
 Reference value :  1.62056e-09
 Reference value :  1.62856e-09
 Reference value :  1.63656e-09
 Reference value :  1.64856e-09
 Reference value :  1.65856e-09
 Reference value :  1.66856e-09
 Reference value :  1.68056e-09
 Reference value :  1.69056e-09
 Reference value :  1.70256e-09
 Reference value :  1.71456e-09
 Reference value :  1.72656e-09
 Reference value :  1.73856e-09
 Reference value :  1.75056e-09
 Reference value :  1.76256e-09
 Reference value :  1.77256e-09
 Reference value :  1.78456e-09
 Reference value :  1.79656e-09
 Reference value :  1.80856e-09
 Reference value :  1.81856e-09
 Reference value :  1.82656e-09
 Reference value :  1.83456e-09
 Reference value :  1.84656e-09
 Reference value :  1.85656e-09
 Reference value :  1.86856e-09
 Reference value :  1.88056e-09
 Reference value :  1.89256e-09
 Reference value :  1.90456e-09
 Reference value :  1.91656e-09
 Reference value :  1.92856e-09
 Reference value :  1.94056e-09
 Reference value :  1.95256e-09
 Reference value :  1.96256e-09
 Reference value :  1.97256e-09
 Reference value :  1.98256e-09
 Reference value :  1.99256e-09
 Reference value :  2.00456e-09
 Reference value :  2.01656e-09
 Reference value :  2.02856e-09
 Reference value :  2.04056e-09
 Reference value :  2.04856e-09
 Reference value :  2.05856e-09
 Reference value :  2.06656e-09
 Reference value :  2.07456e-09
 Reference value :  2.08456e-09
 Reference value :  2.09256e-09
 Reference value :  2.10256e-09
 Reference value :  2.11256e-09
 Reference value :  2.12256e-09
 Reference value :  2.13256e-09
 Reference value :  2.14256e-09
 Reference value :  2.15256e-09
 Reference value :  2.16256e-09
 Reference value :  2.17256e-09
 Reference value :  2.18256e-09
 Reference value :  2.19256e-09
 Reference value :  2.20056e-09
 Reference value :  2.21056e-09
 Reference value :  2.22056e-09
 Reference value :  2.23256e-09
 Reference value :  2.24056e-09
 Reference value :  2.24656e-09
 Reference value :  2.25456e-09
 Reference value :  2.26256e-09
 Reference value :  2.27056e-09
 Reference value :  2.28056e-09
 Reference value :  2.28856e-09
 Reference value :  2.29656e-09
 Reference value :  2.30456e-09
 Reference value :  2.31456e-09
 Reference value :  2.32256e-09
 Reference value :  2.33256e-09
 Reference value :  2.34256e-09
 Reference value :  2.35256e-09
 Reference value :  2.35856e-09
 Reference value :  2.36656e-09
 Reference value :  2.37456e-09
 Reference value :  2.38456e-09
 Reference value :  2.39656e-09
 Reference value :  2.40656e-09
 Reference value :  2.41656e-09
 Reference value :  2.42456e-09
 Reference value :  2.43656e-09
 Reference value :  2.44656e-09
 Reference value :  2.45656e-09
 Reference value :  2.46656e-09
 Reference value :  2.47456e-09
 Reference value :  2.48456e-09
 Reference value :  2.49456e-09
 Reference value :  2.50456e-09
 Reference value :  2.51456e-09
 Reference value :  2.52456e-09
 Reference value :  2.53456e-09
 Reference value :  2.54256e-09
 Reference value :  2.55056e-09
 Reference value :  2.56056e-09
 Reference value :  2.57056e-09
 Reference value :  2.58056e-09
 Reference value :  2.58856e-09
 Reference value :  2.59856e-09
 Reference value :  2.60656e-09
 Reference value :  2.61456e-09
 Reference value :  2.62456e-09
 Reference value :  2.63456e-09
 Reference value :  2.64456e-09
 Reference value :  2.65256e-09
 Reference value :  2.66056e-09
 Reference value :  2.67056e-09
 Reference value :  2.67856e-09
 Reference value :  2.68656e-09
 Reference value :  2.69456e-09
 Reference value :  2.70456e-09
 Reference value :  2.71256e-09
 Reference value :  2.72056e-09
 Reference value :  2.73056e-09
 Reference value :  2.74256e-09
 Reference value :  2.75256e-09
 Reference value :  2.76256e-09
 Reference value :  2.77056e-09
 Reference value :  2.77856e-09
 Reference value :  2.78656e-09
 Reference value :  2.79456e-09
 Reference value :  2.80456e-09
 Reference value :  2.81456e-09
 Reference value :  2.82456e-09
 Reference value :  2.83256e-09
 Reference value :  2.84256e-09
 Reference value :  2.85256e-09
 Reference value :  2.86456e-09
 Reference value :  2.87456e-09
 Reference value :  2.88256e-09
 Reference value :  2.89256e-09
 Reference value :  2.90256e-09
 Reference value :  2.91456e-09
 Reference value :  2.92256e-09
 Reference value :  2.93456e-09
 Reference value :  2.94056e-09
 Reference value :  2.95056e-09
 Reference value :  2.96056e-09
 Reference value :  2.97056e-09
 Reference value :  2.98056e-09
 Reference value :  2.98856e-09
 Reference value :  2.99656e-09
 Reference value :  3.00656e-09
 Reference value :  3.01656e-09
 Reference value :  3.02456e-09
 Reference value :  3.03256e-09
 Reference value :  3.04056e-09
 Reference value :  3.05056e-09
 Reference value :  3.06056e-09
 Reference value :  3.06856e-09
 Reference value :  3.07456e-09
 Reference value :  3.08456e-09
 Reference value :  3.09256e-09
 Reference value :  3.09856e-09
 Reference value :  3.10456e-09
 Reference value :  3.11256e-09
 Reference value :  3.12056e-09
 Reference value :  3.12856e-09
 Reference value :  3.13656e-09
 Reference value :  3.14656e-09
 Reference value :  3.15456e-09
 Reference value :  3.16656e-09
 Reference value :  3.17456e-09
 Reference value :  3.18256e-09
 Reference value :  3.19456e-09
 Reference value :  3.20456e-09
 Reference value :  3.21456e-09
 Reference value :  3.22256e-09
 Reference value :  3.23056e-09
 Reference value :  3.23656e-09
 Reference value :  3.24456e-09
 Reference value :  3.25456e-09
 Reference value :  3.26456e-09
 Reference value :  3.27456e-09
 Reference value :  3.28656e-09
 Reference value :  3.29656e-09
 Reference value :  3.30656e-09
 Reference value :  3.31256e-09
 Reference value :  3.32056e-09
 Reference value :  3.32656e-09
 Reference value :  3.33456e-09
 Reference value :  3.34256e-09
 Reference value :  3.35056e-09
 Reference value :  3.35856e-09
 Reference value :  3.36656e-09
 Reference value :  3.37456e-09
 Reference value :  3.38456e-09
 Reference value :  3.39056e-09
 Reference value :  3.40056e-09
 Reference value :  3.40856e-09
 Reference value :  3.41656e-09
 Reference value :  3.42456e-09
 Reference value :  3.43456e-09
 Reference value :  3.44256e-09
 Reference value :  3.45256e-09
 Reference value :  3.46056e-09
 Reference value :  3.46856e-09
 Reference value :  3.47856e-09
 Reference value :  3.48656e-09
 Reference value :  3.49456e-09
 Reference value :  3.50056e-09
 Reference value :  3.50656e-09
 Reference value :  3.51456e-09
 Reference value :  3.52256e-09
 Reference value :  3.53056e-09
 Reference value :  3.53856e-09
 Reference value :  3.54656e-09
 Reference value :  3.55656e-09
 Reference value :  3.56656e-09
 Reference value :  3.57456e-09
 Reference value :  3.58256e-09
 Reference value :  3.59256e-09
 Reference value :  3.60456e-09
 Reference value :  3.61256e-09
 Reference value :  3.62456e-09
 Reference value :  3.63456e-09
 Reference value :  3.64456e-09
 Reference value :  3.65656e-09
 Reference value :  3.66656e-09
 Reference value :  3.67856e-09
 Reference value :  3.68856e-09
 Reference value :  3.69856e-09
 Reference value :  3.70856e-09
 Reference value :  3.71656e-09
 Reference value :  3.72656e-09
 Reference value :  3.73856e-09
 Reference value :  3.75056e-09
 Reference value :  3.76256e-09
 Reference value :  3.77456e-09
 Reference value :  3.78656e-09
 Reference value :  3.79856e-09
 Reference value :  3.80856e-09
 Reference value :  3.81856e-09
 Reference value :  3.82856e-09
 Reference value :  3.83856e-09
 Reference value :  3.85056e-09
 Reference value :  3.86256e-09
 Reference value :  3.87456e-09
 Reference value :  3.88656e-09
 Reference value :  3.89856e-09
 Reference value :  3.91056e-09
 Reference value :  3.92056e-09
 Reference value :  3.93256e-09
 Reference value :  3.94256e-09
 Reference value :  3.95256e-09
 Reference value :  3.96056e-09
 Reference value :  3.96856e-09
 Reference value :  3.97856e-09
 Reference value :  3.98856e-09
 Reference value :  3.99856e-09
 Reference value :  4.00456e-09
 Reference value :  4.01056e-09
 Reference value :  4.01856e-09
 Reference value :  4.02656e-09
 Reference value :  4.03456e-09
 Reference value :  4.04256e-09
 Reference value :  4.05056e-09
 Reference value :  4.05656e-09
 Reference value :  4.06256e-09
 Reference value :  4.07056e-09
 Reference value :  4.07856e-09
 Reference value :  4.08656e-09
 Reference value :  4.09256e-09
 Reference value :  4.10056e-09
 Reference value :  4.10856e-09
 Reference value :  4.11656e-09
 Reference value :  4.12256e-09
 Reference value :  4.13056e-09
 Reference value :  4.13856e-09
 Reference value :  4.14656e-09
 Reference value :  4.15456e-09
 Reference value :  4.16256e-09
 Reference value :  4.17256e-09
 Reference value :  4.18256e-09
 Reference value :  4.19056e-09
 Reference value :  4.19856e-09
 Reference value :  4.20856e-09
 Reference value :  4.21856e-09
 Reference value :  4.22856e-09
 Reference value :  4.23856e-09
 Reference value :  4.24856e-09
 Reference value :  4.26056e-09
 Reference value :  4.27056e-09
 Reference value :  4.28056e-09
 Reference value :  4.28856e-09
 Reference value :  4.29656e-09
 Reference value :  4.30656e-09
 Reference value :  4.31656e-09
 Reference value :  4.32656e-09
 Reference value :  4.33456e-09
 Reference value :  4.34456e-09
 Reference value :  4.35256e-09
 Reference value :  4.36256e-09
 Reference value :  4.37256e-09
 Reference value :  4.38256e-09
 Reference value :  4.39256e-09
 Reference value :  4.40256e-09
 Reference value :  4.41256e-09
 Reference value :  4.42256e-09
 Reference value :  4.43456e-09
 Reference value :  4.44456e-09
 Reference value :  4.45456e-09
 Reference value :  4.46656e-09
 Reference value :  4.47856e-09
 Reference value :  4.49056e-09
 Reference value :  4.50256e-09
 Reference value :  4.51256e-09
 Reference value :  4.52056e-09
 Reference value :  4.53056e-09
 Reference value :  4.54056e-09
 Reference value :  4.54856e-09
 Reference value :  4.55856e-09
 Reference value :  4.56656e-09
 Reference value :  4.57456e-09
 Reference value :  4.58256e-09
 Reference value :  4.59056e-09
 Reference value :  4.59856e-09
 Reference value :  4.60856e-09
 Reference value :  4.61656e-09
 Reference value :  4.62856e-09
 Reference value :  4.63656e-09
 Reference value :  4.64656e-09
 Reference value :  4.65656e-09
 Reference value :  4.66656e-09
 Reference value :  4.67456e-09
 Reference value :  4.68456e-09
 Reference value :  4.69456e-09
 Reference value :  4.70256e-09
 Reference value :  4.71056e-09
 Reference value :  4.72056e-09
 Reference value :  4.72856e-09
 Reference value :  4.73856e-09
 Reference value :  4.74856e-09
 Reference value :  4.75856e-09
 Reference value :  4.76656e-09
 Reference value :  4.77456e-09
 Reference value :  4.78456e-09
 Reference value :  4.79456e-09
 Reference value :  4.80456e-09
 Reference value :  4.81056e-09
 Reference value :  4.81856e-09
 Reference value :  4.82856e-09
 Reference value :  4.83856e-09
 Reference value :  4.84856e-09
 Reference value :  4.85856e-09
 Reference value :  4.86656e-09
 Reference value :  4.87656e-09
 Reference value :  4.88456e-09
 Reference value :  4.89456e-09
 Reference value :  4.90656e-09
 Reference value :  4.91856e-09
 Reference value :  4.93056e-09
 Reference value :  4.94256e-09
 Reference value :  4.95456e-09
 Reference value :  4.96656e-09
 Reference value :  4.97656e-09
 Reference value :  4.98656e-09
 Reference value :  4.99456e-09
 Reference value :  5.00060e-09
 Reference value :  5.00700e-09
 Reference value :  5.02100e-09
 Reference value :  5.02700e-09
 Reference value :  5.03700e-09
 Reference value :  5.04500e-09
 Reference value :  5.05300e-09
 Reference value :  5.06300e-09
 Reference value :  5.07100e-09
 Reference value :  5.07900e-09
 Reference value :  5.08700e-09
 Reference value :  5.09500e-09
 Reference value :  5.10020e-09
 Reference value :  5.10300e-09
 Reference value :  5.11300e-09
 Reference value :  5.12500e-09
 Reference value :  5.13500e-09
 Reference value :  5.14500e-09
 Reference value :  5.15500e-09
 Reference value :  5.16500e-09
 Reference value :  5.17500e-09
 Reference value :  5.18300e-09
 Reference value :  5.19100e-09
 Reference value :  5.19900e-09
 Reference value :  5.20900e-09
 Reference value :  5.21900e-09
 Reference value :  5.22900e-09
 Reference value :  5.23900e-09
 Reference value :  5.24900e-09
 Reference value :  5.25500e-09
 Reference value :  5.26300e-09
 Reference value :  5.26900e-09
 Reference value :  5.27700e-09
 Reference value :  5.28300e-09
 Reference value :  5.28900e-09
 Reference value :  5.29900e-09
 Reference value :  5.30900e-09
 Reference value :  5.31900e-09
 Reference value :  5.33100e-09
 Reference value :  5.33900e-09
 Reference value :  5.34500e-09
 Reference value :  5.35500e-09
 Reference value :  5.36500e-09
 Reference value :  5.37100e-09
 Reference value :  5.38100e-09
 Reference value :  5.38900e-09
 Reference value :  5.39700e-09
 Reference value :  5.59900e-09
 Reference value :  5.60700e-09
 Reference value :  5.61700e-09
 Reference value :  5.62700e-09
 Reference value :  5.63500e-09
 Reference value :  5.64300e-09
 Reference value :  5.65300e-09
 Reference value :  5.66300e-09
 Reference value :  5.67100e-09
 Reference value :  5.67900e-09
 Reference value :  5.68900e-09
 Reference value :  5.69700e-09
 Reference value :  5.70700e-09
 Reference value :  5.71700e-09
 Reference value :  5.72700e-09
 Reference value :  5.73500e-09
 Reference value :  5.74500e-09
 Reference value :  5.75300e-09
 Reference value :  5.76100e-09
 Reference value :  5.76900e-09
 Reference value :  5.77900e-09
 Reference value :  5.78700e-09
 Reference value :  5.79700e-09
 Reference value :  5.80700e-09
 Reference value :  5.81700e-09
 Reference value :  5.82500e-09
 Reference value :  5.83500e-09
 Reference value :  5.84300e-09
 Reference value :  5.85500e-09
 Reference value :  5.86500e-09
 Reference value :  5.87500e-09
 Reference value :  5.88500e-09
 Reference value :  5.89700e-09
 Reference value :  5.90500e-09
 Reference value :  5.91500e-09
 Reference value :  5.92500e-09
 Reference value :  5.93500e-09
 Reference value :  5.94500e-09
 Reference value :  5.95500e-09
 Reference value :  5.96700e-09
 Reference value :  5.97700e-09
 Reference value :  5.98500e-09
 Reference value :  5.99500e-09
 Reference value :  6.00500e-09
 Reference value :  6.01500e-09
 Reference value :  6.02500e-09
 Reference value :  6.03300e-09
 Reference value :  6.04100e-09
 Reference value :  6.04700e-09
 Reference value :  6.05500e-09
 Reference value :  6.06300e-09
 Reference value :  6.07100e-09
 Reference value :  6.07900e-09
 Reference value :  6.13500e-09
 Reference value :  6.14300e-09
 Reference value :  6.15100e-09
 Reference value :  6.16100e-09
 Reference value :  6.54900e-09
No. of Data Rows : 3314
Note: Simulation executed from .control section 
