
Note: Compatibility modes selected: hs a


Circuit: * comparator-decision offset pick-off -- vindiff=0.0mv corner=tt temp=27.0c seed=16 (issue #54)

option SCALE: Scale is set to 1e-06 for instance and model parameters
option SCALE: Scale is set to 1e-06 for instance and model parameters
option SCALE: Scale is set to 1e-06 for instance and model parameters
option SCALE: Scale is set to 1e-06 for instance and model parameters
Doing analysis at TEMP = 27.000000 and TNOM = 27.000000

Using KLU as Direct Linear Solver
 Reference value :  0.00000e+00
 Reference value :  3.20000e-13
 Reference value :  6.56000e-12
 Reference value :  1.65600e-11
 Reference value :  2.65600e-11
 Reference value :  3.65600e-11
 Reference value :  4.45600e-11
 Reference value :  5.45600e-11
 Reference value :  6.45600e-11
 Reference value :  7.25600e-11
 Reference value :  8.05600e-11
 Reference value :  8.85600e-11
 Reference value :  9.85600e-11
 Reference value :  1.08560e-10
 Reference value :  1.18560e-10
 Reference value :  1.28560e-10
 Reference value :  1.36560e-10
 Reference value :  1.46560e-10
 Reference value :  1.54560e-10
 Reference value :  1.64560e-10
 Reference value :  1.74560e-10
 Reference value :  1.82560e-10
 Reference value :  1.90560e-10
 Reference value :  2.00560e-10
 Reference value :  2.08560e-10
 Reference value :  2.16560e-10
 Reference value :  2.24560e-10
 Reference value :  2.34560e-10
 Reference value :  2.44560e-10
 Reference value :  2.52560e-10
 Reference value :  2.60560e-10
 Reference value :  2.70560e-10
 Reference value :  2.80560e-10
 Reference value :  2.90560e-10
 Reference value :  3.00560e-10
 Reference value :  3.10560e-10
 Reference value :  3.20560e-10
 Reference value :  3.30560e-10
 Reference value :  3.40560e-10
 Reference value :  3.46560e-10
 Reference value :  3.54560e-10
 Reference value :  3.62560e-10
 Reference value :  3.72560e-10
 Reference value :  3.80560e-10
 Reference value :  3.90560e-10
 Reference value :  4.00560e-10
 Reference value :  4.10560e-10
 Reference value :  4.20560e-10
 Reference value :  4.30560e-10
 Reference value :  4.40560e-10
 Reference value :  4.50560e-10
 Reference value :  4.56560e-10
 Reference value :  4.64560e-10
 Reference value :  4.74560e-10
 Reference value :  4.84560e-10
 Reference value :  4.92560e-10
 Reference value :  5.02560e-10
 Reference value :  5.10560e-10
 Reference value :  5.20560e-10
 Reference value :  5.30560e-10
 Reference value :  5.40560e-10
 Reference value :  5.50560e-10
 Reference value :  5.60560e-10
 Reference value :  5.68560e-10
 Reference value :  5.78560e-10
 Reference value :  5.88560e-10
 Reference value :  5.96560e-10
 Reference value :  6.06560e-10
 Reference value :  6.16560e-10
 Reference value :  6.24560e-10
 Reference value :  6.32560e-10
 Reference value :  6.40560e-10
 Reference value :  6.48560e-10
 Reference value :  6.56560e-10
 Reference value :  6.66560e-10
 Reference value :  6.76560e-10
 Reference value :  6.88560e-10
 Reference value :  6.98560e-10
 Reference value :  7.06560e-10
 Reference value :  7.16560e-10
 Reference value :  7.26560e-10
 Reference value :  7.36560e-10
 Reference value :  7.46560e-10
 Reference value :  7.58560e-10
 Reference value :  7.68560e-10
 Reference value :  7.80560e-10
 Reference value :  7.90560e-10
 Reference value :  8.00560e-10
 Reference value :  8.10560e-10
 Reference value :  8.20560e-10
 Reference value :  8.30560e-10
 Reference value :  8.38560e-10
 Reference value :  8.48560e-10
 Reference value :  8.56560e-10
 Reference value :  8.66560e-10
 Reference value :  8.74560e-10
 Reference value :  8.84560e-10
 Reference value :  8.94560e-10
 Reference value :  9.02560e-10
 Reference value :  9.10560e-10
 Reference value :  9.18560e-10
 Reference value :  9.28560e-10
 Reference value :  9.38560e-10
 Reference value :  9.46560e-10
 Reference value :  9.56560e-10
 Reference value :  9.64560e-10
 Reference value :  9.74560e-10
 Reference value :  9.84560e-10
 Reference value :  9.94560e-10
 Reference value :  1.00456e-09
 Reference value :  1.01456e-09
 Reference value :  1.02456e-09
 Reference value :  1.03456e-09
 Reference value :  1.04456e-09
 Reference value :  1.05456e-09
 Reference value :  1.06456e-09
 Reference value :  1.07256e-09
 Reference value :  1.08056e-09
 Reference value :  1.09056e-09
 Reference value :  1.10056e-09
 Reference value :  1.10856e-09
 Reference value :  1.11856e-09
 Reference value :  1.12856e-09
 Reference value :  1.13856e-09
 Reference value :  1.14856e-09
 Reference value :  1.15856e-09
 Reference value :  1.16856e-09
 Reference value :  1.17856e-09
 Reference value :  1.18856e-09
 Reference value :  1.19856e-09
 Reference value :  1.20656e-09
 Reference value :  1.21456e-09
 Reference value :  1.22256e-09
 Reference value :  1.23256e-09
 Reference value :  1.24256e-09
 Reference value :  1.25056e-09
 Reference value :  1.25856e-09
 Reference value :  1.26856e-09
 Reference value :  1.27656e-09
 Reference value :  1.28656e-09
 Reference value :  1.29656e-09
 Reference value :  1.30456e-09
 Reference value :  1.31456e-09
 Reference value :  1.32456e-09
 Reference value :  1.33256e-09
 Reference value :  1.34056e-09
 Reference value :  1.34856e-09
 Reference value :  1.35456e-09
 Reference value :  1.36256e-09
 Reference value :  1.37056e-09
 Reference value :  1.38056e-09
 Reference value :  1.39056e-09
 Reference value :  1.39856e-09
 Reference value :  1.40656e-09
 Reference value :  1.41456e-09
 Reference value :  1.42256e-09
 Reference value :  1.43056e-09
 Reference value :  1.43856e-09
 Reference value :  1.44856e-09
 Reference value :  1.45856e-09
 Reference value :  1.47056e-09
 Reference value :  1.48056e-09
 Reference value :  1.48856e-09
 Reference value :  1.49656e-09
 Reference value :  1.50656e-09
 Reference value :  1.51456e-09
 Reference value :  1.52456e-09
 Reference value :  1.53256e-09
 Reference value :  1.54456e-09
 Reference value :  1.55656e-09
 Reference value :  1.56656e-09
 Reference value :  1.58656e-09
 Reference value :  1.59456e-09
 Reference value :  1.60256e-09
 Reference value :  1.61456e-09
 Reference value :  1.62056e-09
 Reference value :  1.62656e-09
 Reference value :  1.63256e-09
 Reference value :  1.64056e-09
 Reference value :  1.64856e-09
 Reference value :  1.65456e-09
 Reference value :  1.66256e-09
 Reference value :  1.67056e-09
 Reference value :  1.68056e-09
 Reference value :  1.69256e-09
 Reference value :  1.70256e-09
 Reference value :  1.71256e-09
 Reference value :  1.72256e-09
 Reference value :  1.73256e-09
 Reference value :  1.74056e-09
 Reference value :  1.74856e-09
 Reference value :  1.75656e-09
 Reference value :  1.76456e-09
 Reference value :  1.77456e-09
 Reference value :  1.78456e-09
 Reference value :  1.79056e-09
 Reference value :  1.79856e-09
 Reference value :  1.80656e-09
 Reference value :  1.81456e-09
 Reference value :  1.82256e-09
 Reference value :  1.83056e-09
 Reference value :  1.83856e-09
 Reference value :  1.84656e-09
 Reference value :  1.85456e-09
 Reference value :  1.86256e-09
 Reference value :  1.87056e-09
 Reference value :  1.87856e-09
 Reference value :  1.88656e-09
 Reference value :  1.89456e-09
 Reference value :  1.90456e-09
 Reference value :  1.91456e-09
 Reference value :  1.92656e-09
 Reference value :  1.93456e-09
 Reference value :  1.94256e-09
 Reference value :  1.95056e-09
 Reference value :  1.95856e-09
 Reference value :  1.96856e-09
 Reference value :  1.97656e-09
 Reference value :  1.98256e-09
 Reference value :  1.99056e-09
 Reference value :  2.00056e-09
 Reference value :  2.01056e-09
 Reference value :  2.02056e-09
 Reference value :  2.03056e-09
 Reference value :  2.03856e-09
 Reference value :  2.04656e-09
 Reference value :  2.05256e-09
 Reference value :  2.05856e-09
 Reference value :  2.06656e-09
 Reference value :  2.08456e-09
 Reference value :  2.09256e-09
 Reference value :  2.10856e-09
 Reference value :  2.12856e-09
 Reference value :  2.14856e-09
 Reference value :  2.15856e-09
 Reference value :  2.17456e-09
 Reference value :  2.18456e-09
 Reference value :  2.19256e-09
 Reference value :  2.20056e-09
 Reference value :  2.21056e-09
 Reference value :  2.21856e-09
 Reference value :  2.22856e-09
 Reference value :  2.23656e-09
 Reference value :  2.25056e-09
 Reference value :  2.26856e-09
 Reference value :  2.28256e-09
 Reference value :  2.30256e-09
 Reference value :  2.32056e-09
 Reference value :  2.33656e-09
 Reference value :  2.35656e-09
 Reference value :  2.37256e-09
 Reference value :  2.38656e-09
 Reference value :  2.40656e-09
 Reference value :  2.41656e-09
 Reference value :  2.42656e-09
 Reference value :  2.43656e-09
 Reference value :  2.44656e-09
 Reference value :  2.45656e-09
 Reference value :  2.46456e-09
 Reference value :  2.47456e-09
 Reference value :  2.48656e-09
 Reference value :  2.49656e-09
 Reference value :  2.50456e-09
 Reference value :  2.51056e-09
 Reference value :  2.51856e-09
 Reference value :  2.52656e-09
 Reference value :  2.53256e-09
 Reference value :  2.54056e-09
 Reference value :  2.54856e-09
 Reference value :  2.55456e-09
 Reference value :  2.56456e-09
 Reference value :  2.57256e-09
 Reference value :  2.58056e-09
 Reference value :  2.58856e-09
 Reference value :  2.59656e-09
 Reference value :  2.60656e-09
 Reference value :  2.61256e-09
 Reference value :  2.61856e-09
 Reference value :  2.62656e-09
 Reference value :  2.63256e-09
 Reference value :  2.64056e-09
 Reference value :  2.64856e-09
 Reference value :  2.65656e-09
 Reference value :  2.66456e-09
 Reference value :  2.67256e-09
 Reference value :  2.68056e-09
 Reference value :  2.68856e-09
 Reference value :  2.69656e-09
 Reference value :  2.70456e-09
 Reference value :  2.71456e-09
 Reference value :  2.72256e-09
 Reference value :  2.73056e-09
 Reference value :  2.74056e-09
 Reference value :  2.74856e-09
 Reference value :  2.75656e-09
 Reference value :  2.76456e-09
 Reference value :  2.77256e-09
 Reference value :  2.78056e-09
 Reference value :  2.78656e-09
 Reference value :  2.79456e-09
 Reference value :  2.80256e-09
 Reference value :  2.81056e-09
 Reference value :  2.81856e-09
 Reference value :  2.82656e-09
 Reference value :  2.83656e-09
 Reference value :  2.84656e-09
 Reference value :  2.85456e-09
 Reference value :  2.86256e-09
 Reference value :  2.87256e-09
 Reference value :  2.88056e-09
 Reference value :  2.88856e-09
 Reference value :  2.89656e-09
 Reference value :  2.90656e-09
 Reference value :  2.91456e-09
 Reference value :  2.92256e-09
 Reference value :  2.93056e-09
 Reference value :  2.94856e-09
 Reference value :  2.96056e-09
 Reference value :  2.96856e-09
 Reference value :  2.97456e-09
 Reference value :  2.98256e-09
 Reference value :  2.99056e-09
 Reference value :  2.99856e-09
 Reference value :  3.00656e-09
 Reference value :  3.01256e-09
 Reference value :  3.02056e-09
 Reference value :  3.02856e-09
 Reference value :  3.03656e-09
 Reference value :  3.04456e-09
 Reference value :  3.05256e-09
 Reference value :  3.06056e-09
 Reference value :  3.06856e-09
 Reference value :  3.07856e-09
 Reference value :  3.08656e-09
 Reference value :  3.09656e-09
 Reference value :  3.10456e-09
 Reference value :  3.11256e-09
 Reference value :  3.12056e-09
 Reference value :  3.12856e-09
 Reference value :  3.13656e-09
 Reference value :  3.14456e-09
 Reference value :  3.15456e-09
 Reference value :  3.16256e-09
 Reference value :  3.17056e-09
 Reference value :  3.17856e-09
 Reference value :  3.19856e-09
 Reference value :  3.21856e-09
 Reference value :  3.22656e-09
 Reference value :  3.24256e-09
 Reference value :  3.25856e-09
 Reference value :  3.26656e-09
 Reference value :  3.27456e-09
 Reference value :  3.28056e-09
 Reference value :  3.28656e-09
 Reference value :  3.29656e-09
 Reference value :  3.30256e-09
 Reference value :  3.30856e-09
 Reference value :  3.31656e-09
 Reference value :  3.32256e-09
 Reference value :  3.33056e-09
 Reference value :  3.33856e-09
 Reference value :  3.34656e-09
 Reference value :  3.35456e-09
 Reference value :  3.36256e-09
 Reference value :  3.36856e-09
 Reference value :  3.37856e-09
 Reference value :  3.38456e-09
 Reference value :  3.39456e-09
 Reference value :  3.40256e-09
 Reference value :  3.41056e-09
 Reference value :  3.41856e-09
 Reference value :  3.42456e-09
 Reference value :  3.43056e-09
 Reference value :  3.43656e-09
 Reference value :  3.44256e-09
 Reference value :  3.44856e-09
 Reference value :  3.45656e-09
 Reference value :  3.46456e-09
 Reference value :  3.47256e-09
 Reference value :  3.48056e-09
 Reference value :  3.48856e-09
 Reference value :  3.49456e-09
 Reference value :  3.50256e-09
 Reference value :  3.51056e-09
 Reference value :  3.51856e-09
 Reference value :  3.52656e-09
 Reference value :  3.53456e-09
 Reference value :  3.54256e-09
 Reference value :  3.55056e-09
 Reference value :  3.55656e-09
 Reference value :  3.56256e-09
 Reference value :  3.57056e-09
 Reference value :  3.57656e-09
 Reference value :  3.58456e-09
 Reference value :  3.59056e-09
 Reference value :  3.59856e-09
 Reference value :  3.60656e-09
 Reference value :  3.61456e-09
 Reference value :  3.62056e-09
 Reference value :  3.62856e-09
 Reference value :  3.63456e-09
 Reference value :  3.64056e-09
 Reference value :  3.64856e-09
 Reference value :  3.65656e-09
 Reference value :  3.66456e-09
 Reference value :  3.67256e-09
 Reference value :  3.68056e-09
 Reference value :  3.68856e-09
 Reference value :  3.69456e-09
 Reference value :  3.70256e-09
 Reference value :  3.71056e-09
 Reference value :  3.71856e-09
 Reference value :  3.72656e-09
 Reference value :  3.73456e-09
 Reference value :  3.74256e-09
 Reference value :  3.74856e-09
 Reference value :  3.75856e-09
 Reference value :  3.76656e-09
 Reference value :  3.77256e-09
 Reference value :  3.78056e-09
 Reference value :  3.79056e-09
 Reference value :  3.79856e-09
 Reference value :  3.81056e-09
 Reference value :  3.81856e-09
 Reference value :  3.82456e-09
 Reference value :  3.83056e-09
 Reference value :  3.83856e-09
 Reference value :  3.84656e-09
 Reference value :  3.85456e-09
 Reference value :  3.86256e-09
 Reference value :  3.87056e-09
 Reference value :  3.87856e-09
 Reference value :  3.88656e-09
 Reference value :  3.89456e-09
 Reference value :  3.90256e-09
 Reference value :  3.91056e-09
 Reference value :  3.91856e-09
 Reference value :  3.92656e-09
 Reference value :  3.93456e-09
 Reference value :  3.94056e-09
 Reference value :  3.94656e-09
 Reference value :  3.95456e-09
 Reference value :  3.96256e-09
 Reference value :  3.97056e-09
 Reference value :  3.97856e-09
 Reference value :  3.98656e-09
 Reference value :  3.99456e-09
 Reference value :  4.00256e-09
 Reference value :  4.01256e-09
 Reference value :  4.02256e-09
 Reference value :  4.03056e-09
 Reference value :  4.03856e-09
 Reference value :  4.04656e-09
 Reference value :  4.05456e-09
 Reference value :  4.06256e-09
 Reference value :  4.07056e-09
 Reference value :  4.07656e-09
 Reference value :  4.08456e-09
 Reference value :  4.10256e-09
 Reference value :  4.11656e-09
 Reference value :  4.13256e-09
 Reference value :  4.14856e-09
 Reference value :  4.15456e-09
 Reference value :  4.16256e-09
 Reference value :  4.17056e-09
 Reference value :  4.17856e-09
 Reference value :  4.18656e-09
 Reference value :  4.19456e-09
 Reference value :  4.20256e-09
 Reference value :  4.21256e-09
 Reference value :  4.22056e-09
 Reference value :  4.23056e-09
 Reference value :  4.24656e-09
 Reference value :  4.25456e-09
 Reference value :  4.26856e-09
 Reference value :  4.27656e-09
 Reference value :  4.28456e-09
 Reference value :  4.29456e-09
 Reference value :  4.30456e-09
 Reference value :  4.31256e-09
 Reference value :  4.32056e-09
 Reference value :  4.32856e-09
 Reference value :  4.33456e-09
 Reference value :  4.34456e-09
 Reference value :  4.35056e-09
 Reference value :  4.35856e-09
 Reference value :  4.36656e-09
 Reference value :  4.37656e-09
 Reference value :  4.38656e-09
 Reference value :  4.39456e-09
 Reference value :  4.40056e-09
 Reference value :  4.40856e-09
 Reference value :  4.41656e-09
 Reference value :  4.42656e-09
 Reference value :  4.44656e-09
 Reference value :  4.46656e-09
 Reference value :  4.48256e-09
 Reference value :  4.50456e-09
 Reference value :  4.51456e-09
 Reference value :  4.52656e-09
 Reference value :  4.53456e-09
 Reference value :  4.54256e-09
 Reference value :  4.54856e-09
 Reference value :  4.55856e-09
 Reference value :  4.56656e-09
 Reference value :  4.57256e-09
 Reference value :  4.58056e-09
 Reference value :  4.59056e-09
 Reference value :  4.59856e-09
 Reference value :  4.60656e-09
 Reference value :  4.61256e-09
 Reference value :  4.62056e-09
 Reference value :  4.62656e-09
 Reference value :  4.63256e-09
 Reference value :  4.63856e-09
 Reference value :  4.64656e-09
 Reference value :  4.65456e-09
 Reference value :  4.66256e-09
 Reference value :  4.66856e-09
 Reference value :  4.67456e-09
 Reference value :  4.68256e-09
 Reference value :  4.68856e-09
 Reference value :  4.69456e-09
 Reference value :  4.70256e-09
 Reference value :  4.71056e-09
 Reference value :  4.71856e-09
 Reference value :  4.72856e-09
 Reference value :  4.73456e-09
 Reference value :  4.74256e-09
 Reference value :  4.75056e-09
 Reference value :  4.75856e-09
 Reference value :  4.76656e-09
 Reference value :  4.77456e-09
 Reference value :  4.78256e-09
 Reference value :  4.78856e-09
 Reference value :  4.79656e-09
 Reference value :  4.80456e-09
 Reference value :  4.81456e-09
 Reference value :  4.82456e-09
 Reference value :  4.84056e-09
 Reference value :  4.84856e-09
 Reference value :  4.85656e-09
 Reference value :  4.86456e-09
 Reference value :  4.87256e-09
 Reference value :  4.88256e-09
 Reference value :  4.89256e-09
 Reference value :  4.90256e-09
 Reference value :  4.90856e-09
 Reference value :  4.91656e-09
 Reference value :  4.92456e-09
 Reference value :  4.93056e-09
 Reference value :  4.93856e-09
 Reference value :  4.94656e-09
 Reference value :  4.95456e-09
 Reference value :  4.96056e-09
 Reference value :  4.96856e-09
 Reference value :  4.97856e-09
 Reference value :  4.98656e-09
 Reference value :  4.99828e-09
 Reference value :  5.00500e-09
 Reference value :  5.01500e-09
 Reference value :  5.02300e-09
 Reference value :  5.03300e-09
 Reference value :  5.04100e-09
 Reference value :  5.05100e-09
 Reference value :  5.06300e-09
 Reference value :  5.07300e-09
 Reference value :  5.07900e-09
 Reference value :  5.08500e-09
 Reference value :  5.09300e-09
 Reference value :  5.10000e-09
 Reference value :  5.10140e-09
 Reference value :  5.10700e-09
 Reference value :  5.11500e-09
 Reference value :  5.12100e-09
 Reference value :  5.13100e-09
 Reference value :  5.14100e-09
 Reference value :  5.14700e-09
 Reference value :  5.15300e-09
 Reference value :  5.15900e-09
 Reference value :  5.16700e-09
 Reference value :  5.17500e-09
 Reference value :  5.18300e-09
 Reference value :  5.19100e-09
 Reference value :  5.19900e-09
 Reference value :  5.20700e-09
 Reference value :  5.21500e-09
 Reference value :  5.22300e-09
 Reference value :  5.23100e-09
 Reference value :  5.23700e-09
 Reference value :  5.24500e-09
 Reference value :  5.25100e-09
 Reference value :  5.25700e-09
 Reference value :  5.26500e-09
 Reference value :  5.27300e-09
 Reference value :  5.28100e-09
 Reference value :  5.28700e-09
 Reference value :  5.29300e-09
 Reference value :  5.29900e-09
 Reference value :  5.30700e-09
 Reference value :  5.31300e-09
 Reference value :  5.32100e-09
 Reference value :  5.32900e-09
 Reference value :  5.33700e-09
 Reference value :  5.34500e-09
 Reference value :  5.35500e-09
 Reference value :  5.36300e-09
 Reference value :  5.37100e-09
 Reference value :  5.37900e-09
 Reference value :  5.38700e-09
 Reference value :  5.39900e-09
 Reference value :  5.40700e-09
 Reference value :  5.41500e-09
 Reference value :  5.42300e-09
 Reference value :  5.43100e-09
 Reference value :  5.43900e-09
 Reference value :  5.44700e-09
 Reference value :  5.45500e-09
 Reference value :  5.46300e-09
 Reference value :  5.47100e-09
 Reference value :  5.47900e-09
 Reference value :  5.48700e-09
 Reference value :  5.49500e-09
 Reference value :  5.50300e-09
 Reference value :  5.51100e-09
 Reference value :  5.52100e-09
 Reference value :  5.52900e-09
 Reference value :  5.53700e-09
 Reference value :  5.54500e-09
 Reference value :  5.55300e-09
 Reference value :  5.56100e-09
 Reference value :  5.56700e-09
 Reference value :  5.57500e-09
 Reference value :  5.59100e-09
 Reference value :  5.59900e-09
 Reference value :  5.60700e-09
 Reference value :  5.61500e-09
 Reference value :  5.62300e-09
 Reference value :  5.63100e-09
 Reference value :  5.63900e-09
 Reference value :  5.64700e-09
 Reference value :  5.65300e-09
 Reference value :  5.66100e-09
 Reference value :  5.66700e-09
 Reference value :  5.67500e-09
 Reference value :  5.68100e-09
 Reference value :  5.68700e-09
 Reference value :  5.69700e-09
 Reference value :  5.70500e-09
 Reference value :  5.71100e-09
 Reference value :  5.71900e-09
 Reference value :  5.72700e-09
 Reference value :  5.73500e-09
 Reference value :  5.74100e-09
 Reference value :  5.74700e-09
 Reference value :  5.75500e-09
 Reference value :  5.76500e-09
 Reference value :  5.77500e-09
 Reference value :  5.78500e-09
 Reference value :  5.79500e-09
 Reference value :  5.80500e-09
 Reference value :  5.81300e-09
 Reference value :  5.82100e-09
 Reference value :  5.82900e-09
 Reference value :  5.84700e-09
 Reference value :  5.85700e-09
 Reference value :  5.86900e-09
 Reference value :  5.87700e-09
 Reference value :  5.88700e-09
 Reference value :  5.89500e-09
 Reference value :  5.90500e-09
 Reference value :  5.91300e-09
 Reference value :  5.92100e-09
 Reference value :  5.92900e-09
 Reference value :  5.93700e-09
 Reference value :  5.94500e-09
 Reference value :  5.95700e-09
 Reference value :  5.96500e-09
 Reference value :  5.97300e-09
 Reference value :  5.98100e-09
 Reference value :  5.98900e-09
 Reference value :  5.99900e-09
 Reference value :  6.00900e-09
 Reference value :  6.01700e-09
 Reference value :  6.02300e-09
 Reference value :  6.03300e-09
 Reference value :  6.04100e-09
 Reference value :  6.04900e-09
 Reference value :  6.05900e-09
 Reference value :  6.06900e-09
 Reference value :  6.07700e-09
 Reference value :  6.08500e-09
 Reference value :  6.09100e-09
 Reference value :  6.09900e-09
 Reference value :  6.10900e-09
 Reference value :  6.11900e-09
 Reference value :  6.13100e-09
 Reference value :  6.14300e-09
 Reference value :  6.15500e-09
 Reference value :  6.16500e-09
 Reference value :  6.17300e-09
 Reference value :  6.18100e-09
 Reference value :  6.19300e-09
 Reference value :  6.20300e-09
 Reference value :  6.21500e-09
 Reference value :  6.22700e-09
 Reference value :  6.23700e-09
 Reference value :  6.24900e-09
 Reference value :  6.26100e-09
 Reference value :  6.27100e-09
 Reference value :  6.28100e-09
 Reference value :  6.28700e-09
 Reference value :  6.29500e-09
 Reference value :  6.30300e-09
 Reference value :  6.31100e-09
 Reference value :  6.31900e-09
 Reference value :  6.32700e-09
 Reference value :  6.33900e-09
 Reference value :  6.35100e-09
 Reference value :  6.36300e-09
 Reference value :  6.37100e-09
 Reference value :  6.37900e-09
 Reference value :  6.38700e-09
 Reference value :  6.39500e-09
 Reference value :  6.40300e-09
 Reference value :  6.40900e-09
 Reference value :  6.41700e-09
 Reference value :  6.42700e-09
 Reference value :  6.43700e-09
 Reference value :  6.44700e-09
 Reference value :  6.45500e-09
 Reference value :  6.46500e-09
 Reference value :  6.47300e-09
 Reference value :  6.47900e-09
 Reference value :  6.48500e-09
 Reference value :  6.49100e-09
 Reference value :  6.49900e-09
 Reference value :  6.50700e-09
 Reference value :  6.51500e-09
 Reference value :  6.52300e-09
 Reference value :  6.53100e-09
 Reference value :  6.53900e-09
 Reference value :  6.54700e-09
 Reference value :  6.55500e-09
 Reference value :  6.56100e-09
 Reference value :  6.56700e-09
 Reference value :  6.58100e-09
 Reference value :  6.59850e-09
No. of Data Rows : 3314
Note: Simulation executed from .control section 
