
Note: Compatibility modes selected: hs a


Circuit: * comparator-decision offset pick-off -- vindiff=0.0mv corner=tt temp=27.0c seed=15 (issue #54)

option SCALE: Scale is set to 1e-06 for instance and model parameters
option SCALE: Scale is set to 1e-06 for instance and model parameters
option SCALE: Scale is set to 1e-06 for instance and model parameters
option SCALE: Scale is set to 1e-06 for instance and model parameters
Doing analysis at TEMP = 27.000000 and TNOM = 27.000000

Using KLU as Direct Linear Solver
 Reference value :  0.00000e+00
 Reference value :  1.60000e-13
 Reference value :  2.56000e-12
 Reference value :  1.05600e-11
 Reference value :  1.85600e-11
 Reference value :  2.65600e-11
 Reference value :  3.45600e-11
 Reference value :  4.25600e-11
 Reference value :  5.05600e-11
 Reference value :  5.85600e-11
 Reference value :  6.65600e-11
 Reference value :  7.45600e-11
 Reference value :  8.25600e-11
 Reference value :  9.05600e-11
 Reference value :  9.85600e-11
 Reference value :  1.06560e-10
 Reference value :  1.14560e-10
 Reference value :  1.22560e-10
 Reference value :  1.30560e-10
 Reference value :  1.38560e-10
 Reference value :  1.46560e-10
 Reference value :  1.54560e-10
 Reference value :  1.62560e-10
 Reference value :  1.70560e-10
 Reference value :  1.78560e-10
 Reference value :  1.86560e-10
 Reference value :  1.94560e-10
 Reference value :  2.02560e-10
 Reference value :  2.10560e-10
 Reference value :  2.18560e-10
 Reference value :  2.26560e-10
 Reference value :  2.34560e-10
 Reference value :  2.42560e-10
 Reference value :  2.50560e-10
 Reference value :  2.58560e-10
 Reference value :  2.66560e-10
 Reference value :  2.74560e-10
 Reference value :  2.82560e-10
 Reference value :  2.90560e-10
 Reference value :  2.98560e-10
 Reference value :  3.12560e-10
 Reference value :  3.26560e-10
 Reference value :  3.42560e-10
 Reference value :  3.50560e-10
 Reference value :  3.58560e-10
 Reference value :  3.66560e-10
 Reference value :  3.74560e-10
 Reference value :  3.82560e-10
 Reference value :  3.90560e-10
 Reference value :  3.98560e-10
 Reference value :  4.06560e-10
 Reference value :  4.14560e-10
 Reference value :  4.22560e-10
 Reference value :  4.30560e-10
 Reference value :  4.38560e-10
 Reference value :  4.46560e-10
 Reference value :  4.54560e-10
 Reference value :  4.62560e-10
 Reference value :  4.70560e-10
 Reference value :  4.78560e-10
 Reference value :  4.86560e-10
 Reference value :  4.94560e-10
 Reference value :  5.02560e-10
 Reference value :  5.10560e-10
 Reference value :  5.18560e-10
 Reference value :  5.24560e-10
 Reference value :  5.32560e-10
 Reference value :  5.40560e-10
 Reference value :  5.48560e-10
 Reference value :  5.56560e-10
 Reference value :  5.64560e-10
 Reference value :  5.72560e-10
 Reference value :  5.80560e-10
 Reference value :  5.88560e-10
 Reference value :  5.96560e-10
 Reference value :  6.04560e-10
 Reference value :  6.12560e-10
 Reference value :  6.20560e-10
 Reference value :  6.28560e-10
 Reference value :  6.36560e-10
 Reference value :  6.44560e-10
 Reference value :  6.52560e-10
 Reference value :  6.60560e-10
 Reference value :  6.68560e-10
 Reference value :  6.76560e-10
 Reference value :  6.84560e-10
 Reference value :  6.92560e-10
 Reference value :  7.00560e-10
 Reference value :  7.08560e-10
 Reference value :  7.16560e-10
 Reference value :  7.24560e-10
 Reference value :  7.32560e-10
 Reference value :  7.40560e-10
 Reference value :  7.48560e-10
 Reference value :  7.56560e-10
 Reference value :  7.64560e-10
 Reference value :  7.72560e-10
 Reference value :  7.80560e-10
 Reference value :  7.88560e-10
 Reference value :  7.96560e-10
 Reference value :  8.04560e-10
 Reference value :  8.12560e-10
 Reference value :  8.20560e-10
 Reference value :  8.28560e-10
 Reference value :  8.36560e-10
 Reference value :  8.44560e-10
 Reference value :  8.52560e-10
 Reference value :  8.60560e-10
 Reference value :  8.68560e-10
 Reference value :  8.76560e-10
 Reference value :  8.84560e-10
 Reference value :  8.92560e-10
 Reference value :  9.00560e-10
 Reference value :  9.08560e-10
 Reference value :  9.16560e-10
 Reference value :  9.24560e-10
 Reference value :  9.32560e-10
 Reference value :  9.40560e-10
 Reference value :  9.48560e-10
 Reference value :  9.56560e-10
 Reference value :  9.64560e-10
 Reference value :  9.72560e-10
 Reference value :  9.80560e-10
 Reference value :  9.88560e-10
 Reference value :  9.96560e-10
 Reference value :  1.00456e-09
 Reference value :  1.01256e-09
 Reference value :  1.02056e-09
 Reference value :  1.02856e-09
 Reference value :  1.03656e-09
 Reference value :  1.04456e-09
 Reference value :  1.05256e-09
 Reference value :  1.06056e-09
 Reference value :  1.06856e-09
 Reference value :  1.07656e-09
 Reference value :  1.08456e-09
 Reference value :  1.09256e-09
 Reference value :  1.10056e-09
 Reference value :  1.10856e-09
 Reference value :  1.11656e-09
 Reference value :  1.12456e-09
 Reference value :  1.13256e-09
 Reference value :  1.14056e-09
 Reference value :  1.14856e-09
 Reference value :  1.15656e-09
 Reference value :  1.16456e-09
 Reference value :  1.17256e-09
 Reference value :  1.18056e-09
 Reference value :  1.18856e-09
 Reference value :  1.19656e-09
 Reference value :  1.20456e-09
 Reference value :  1.21256e-09
 Reference value :  1.22056e-09
 Reference value :  1.22856e-09
 Reference value :  1.23656e-09
 Reference value :  1.24456e-09
 Reference value :  1.25256e-09
 Reference value :  1.26056e-09
 Reference value :  1.26856e-09
 Reference value :  1.27656e-09
 Reference value :  1.28456e-09
 Reference value :  1.29256e-09
 Reference value :  1.30056e-09
 Reference value :  1.30856e-09
 Reference value :  1.31656e-09
 Reference value :  1.32456e-09
 Reference value :  1.33256e-09
 Reference value :  1.34056e-09
 Reference value :  1.34856e-09
 Reference value :  1.35656e-09
 Reference value :  1.36456e-09
 Reference value :  1.37256e-09
 Reference value :  1.38056e-09
 Reference value :  1.38856e-09
 Reference value :  1.39656e-09
 Reference value :  1.40456e-09
 Reference value :  1.41256e-09
 Reference value :  1.42056e-09
 Reference value :  1.42856e-09
 Reference value :  1.43656e-09
 Reference value :  1.44456e-09
 Reference value :  1.45256e-09
 Reference value :  1.46056e-09
 Reference value :  1.46856e-09
 Reference value :  1.47656e-09
 Reference value :  1.48456e-09
 Reference value :  1.49256e-09
 Reference value :  1.50056e-09
 Reference value :  1.50856e-09
 Reference value :  1.51656e-09
 Reference value :  1.52456e-09
 Reference value :  1.53256e-09
 Reference value :  1.54056e-09
 Reference value :  1.54856e-09
 Reference value :  1.55656e-09
 Reference value :  1.56456e-09
 Reference value :  1.57256e-09
 Reference value :  1.58056e-09
 Reference value :  1.58856e-09
 Reference value :  1.59656e-09
 Reference value :  1.60456e-09
 Reference value :  1.61256e-09
 Reference value :  1.62056e-09
 Reference value :  1.62856e-09
 Reference value :  1.63656e-09
 Reference value :  1.64456e-09
 Reference value :  1.65256e-09
 Reference value :  1.66056e-09
 Reference value :  1.66856e-09
 Reference value :  1.67656e-09
 Reference value :  1.68456e-09
 Reference value :  1.69256e-09
 Reference value :  1.70056e-09
 Reference value :  1.70856e-09
 Reference value :  1.71656e-09
 Reference value :  1.72456e-09
 Reference value :  1.73256e-09
 Reference value :  1.74056e-09
 Reference value :  1.74856e-09
 Reference value :  1.75656e-09
 Reference value :  1.76456e-09
 Reference value :  1.77256e-09
 Reference value :  1.78056e-09
 Reference value :  1.78856e-09
 Reference value :  1.79656e-09
 Reference value :  1.80456e-09
 Reference value :  1.81256e-09
 Reference value :  1.82056e-09
 Reference value :  1.82856e-09
 Reference value :  1.83656e-09
 Reference value :  1.84456e-09
 Reference value :  1.85256e-09
 Reference value :  1.86056e-09
 Reference value :  1.86856e-09
 Reference value :  1.87656e-09
 Reference value :  1.88456e-09
 Reference value :  1.89256e-09
 Reference value :  1.90056e-09
 Reference value :  1.90856e-09
 Reference value :  1.91656e-09
 Reference value :  1.92456e-09
 Reference value :  1.93256e-09
 Reference value :  1.94056e-09
 Reference value :  1.94856e-09
 Reference value :  1.95656e-09
 Reference value :  1.96456e-09
 Reference value :  1.97256e-09
 Reference value :  1.98056e-09
 Reference value :  1.98856e-09
 Reference value :  1.99656e-09
 Reference value :  2.00656e-09
 Reference value :  2.01456e-09
 Reference value :  2.02256e-09
 Reference value :  2.03056e-09
 Reference value :  2.03856e-09
 Reference value :  2.04656e-09
 Reference value :  2.05456e-09
 Reference value :  2.06256e-09
 Reference value :  2.07056e-09
 Reference value :  2.07856e-09
 Reference value :  2.08656e-09
 Reference value :  2.09456e-09
 Reference value :  2.10256e-09
 Reference value :  2.11056e-09
 Reference value :  2.11856e-09
 Reference value :  2.12656e-09
 Reference value :  2.13456e-09
 Reference value :  2.14256e-09
 Reference value :  2.15056e-09
 Reference value :  2.15856e-09
 Reference value :  2.16656e-09
 Reference value :  2.17456e-09
 Reference value :  2.18256e-09
 Reference value :  2.19056e-09
 Reference value :  2.19856e-09
 Reference value :  2.20656e-09
 Reference value :  2.21456e-09
 Reference value :  2.22256e-09
 Reference value :  2.23056e-09
 Reference value :  2.23856e-09
 Reference value :  2.24656e-09
 Reference value :  2.25456e-09
 Reference value :  2.26256e-09
 Reference value :  2.27056e-09
 Reference value :  2.27856e-09
 Reference value :  2.28656e-09
 Reference value :  2.29456e-09
 Reference value :  2.30256e-09
 Reference value :  2.31056e-09
 Reference value :  2.31856e-09
 Reference value :  2.32656e-09
 Reference value :  2.33256e-09
 Reference value :  2.34056e-09
 Reference value :  2.35056e-09
 Reference value :  2.35856e-09
 Reference value :  2.36656e-09
 Reference value :  2.37456e-09
 Reference value :  2.38256e-09
 Reference value :  2.39056e-09
 Reference value :  2.39856e-09
 Reference value :  2.40656e-09
 Reference value :  2.41456e-09
 Reference value :  2.42256e-09
 Reference value :  2.43056e-09
 Reference value :  2.43856e-09
 Reference value :  2.44656e-09
 Reference value :  2.45456e-09
 Reference value :  2.46256e-09
 Reference value :  2.47056e-09
 Reference value :  2.47856e-09
 Reference value :  2.48656e-09
 Reference value :  2.49456e-09
 Reference value :  2.50256e-09
 Reference value :  2.51056e-09
 Reference value :  2.51856e-09
 Reference value :  2.52656e-09
 Reference value :  2.53456e-09
 Reference value :  2.54256e-09
 Reference value :  2.55056e-09
 Reference value :  2.55856e-09
 Reference value :  2.56656e-09
 Reference value :  2.57456e-09
 Reference value :  2.58256e-09
 Reference value :  2.59056e-09
 Reference value :  2.59856e-09
 Reference value :  2.60656e-09
 Reference value :  2.61456e-09
 Reference value :  2.62256e-09
 Reference value :  2.63056e-09
 Reference value :  2.63856e-09
 Reference value :  2.64656e-09
 Reference value :  2.65456e-09
 Reference value :  2.66256e-09
 Reference value :  2.67056e-09
 Reference value :  2.67856e-09
 Reference value :  2.68656e-09
 Reference value :  2.69456e-09
 Reference value :  2.70256e-09
 Reference value :  2.71056e-09
 Reference value :  2.71856e-09
 Reference value :  2.72656e-09
 Reference value :  2.73456e-09
 Reference value :  2.74256e-09
 Reference value :  2.75056e-09
 Reference value :  2.75856e-09
 Reference value :  2.76656e-09
 Reference value :  2.77456e-09
 Reference value :  2.78256e-09
 Reference value :  2.79056e-09
 Reference value :  2.79856e-09
 Reference value :  2.80656e-09
 Reference value :  2.81456e-09
 Reference value :  2.82256e-09
 Reference value :  2.83056e-09
 Reference value :  2.83856e-09
 Reference value :  2.84656e-09
 Reference value :  2.85456e-09
 Reference value :  2.86256e-09
 Reference value :  2.87056e-09
 Reference value :  2.87856e-09
 Reference value :  2.88656e-09
 Reference value :  2.89456e-09
 Reference value :  2.90256e-09
 Reference value :  2.91056e-09
 Reference value :  2.91856e-09
 Reference value :  2.92656e-09
 Reference value :  2.93456e-09
 Reference value :  2.94256e-09
 Reference value :  2.95056e-09
 Reference value :  2.95856e-09
 Reference value :  2.96656e-09
 Reference value :  2.97456e-09
 Reference value :  2.98256e-09
 Reference value :  2.99056e-09
 Reference value :  2.99856e-09
 Reference value :  3.00656e-09
 Reference value :  3.01456e-09
 Reference value :  3.02256e-09
 Reference value :  3.03056e-09
 Reference value :  3.03856e-09
 Reference value :  3.04656e-09
 Reference value :  3.05456e-09
 Reference value :  3.06256e-09
 Reference value :  3.07056e-09
 Reference value :  3.08056e-09
 Reference value :  3.08856e-09
 Reference value :  3.09656e-09
 Reference value :  3.10456e-09
 Reference value :  3.11256e-09
 Reference value :  3.12056e-09
 Reference value :  3.12856e-09
 Reference value :  3.13656e-09
 Reference value :  3.14456e-09
 Reference value :  3.15256e-09
 Reference value :  3.16056e-09
 Reference value :  3.16856e-09
 Reference value :  3.17656e-09
 Reference value :  3.18456e-09
 Reference value :  3.19256e-09
 Reference value :  3.20056e-09
 Reference value :  3.20856e-09
 Reference value :  3.21656e-09
 Reference value :  3.22456e-09
 Reference value :  3.23256e-09
 Reference value :  3.24056e-09
 Reference value :  3.24856e-09
 Reference value :  3.25656e-09
 Reference value :  3.26456e-09
 Reference value :  3.27256e-09
 Reference value :  3.28056e-09
 Reference value :  3.28856e-09
 Reference value :  3.29656e-09
 Reference value :  3.30456e-09
 Reference value :  3.31256e-09
 Reference value :  3.32056e-09
 Reference value :  3.32856e-09
 Reference value :  3.33656e-09
 Reference value :  3.34456e-09
 Reference value :  3.35256e-09
 Reference value :  3.36056e-09
 Reference value :  3.36856e-09
 Reference value :  3.37656e-09
 Reference value :  3.38456e-09
 Reference value :  3.39256e-09
 Reference value :  3.40056e-09
 Reference value :  3.40856e-09
 Reference value :  3.41656e-09
 Reference value :  3.42456e-09
 Reference value :  3.43256e-09
 Reference value :  3.44056e-09
 Reference value :  3.44856e-09
 Reference value :  3.45656e-09
 Reference value :  3.46456e-09
 Reference value :  3.47256e-09
 Reference value :  3.48056e-09
 Reference value :  3.48856e-09
 Reference value :  3.49856e-09
 Reference value :  3.50656e-09
 Reference value :  3.51456e-09
 Reference value :  3.52256e-09
 Reference value :  3.53056e-09
 Reference value :  3.53856e-09
 Reference value :  3.54656e-09
 Reference value :  3.55456e-09
 Reference value :  3.56256e-09
 Reference value :  3.57056e-09
 Reference value :  3.57856e-09
 Reference value :  3.58656e-09
 Reference value :  3.59456e-09
 Reference value :  3.60256e-09
 Reference value :  3.61056e-09
 Reference value :  3.61856e-09
 Reference value :  3.62656e-09
 Reference value :  3.63456e-09
 Reference value :  3.64256e-09
 Reference value :  3.65056e-09
 Reference value :  3.65856e-09
 Reference value :  3.66656e-09
 Reference value :  3.67456e-09
 Reference value :  3.68256e-09
 Reference value :  3.69056e-09
 Reference value :  3.69856e-09
 Reference value :  3.70656e-09
 Reference value :  3.71456e-09
 Reference value :  3.72256e-09
 Reference value :  3.73056e-09
 Reference value :  3.73856e-09
 Reference value :  3.74656e-09
 Reference value :  3.75456e-09
 Reference value :  3.76256e-09
 Reference value :  3.77056e-09
 Reference value :  3.77856e-09
 Reference value :  3.78656e-09
 Reference value :  3.79456e-09
 Reference value :  3.80256e-09
 Reference value :  3.81056e-09
 Reference value :  3.81856e-09
 Reference value :  3.82656e-09
 Reference value :  3.83456e-09
 Reference value :  3.84256e-09
 Reference value :  3.85056e-09
 Reference value :  3.85856e-09
 Reference value :  3.86656e-09
 Reference value :  3.87456e-09
 Reference value :  3.88256e-09
 Reference value :  3.89056e-09
 Reference value :  3.89856e-09
 Reference value :  3.90656e-09
 Reference value :  3.91456e-09
 Reference value :  3.92256e-09
 Reference value :  3.93256e-09
 Reference value :  3.94056e-09
 Reference value :  3.94856e-09
 Reference value :  3.95656e-09
 Reference value :  3.96456e-09
 Reference value :  3.97256e-09
 Reference value :  3.98056e-09
 Reference value :  3.98856e-09
 Reference value :  3.99656e-09
 Reference value :  4.00456e-09
 Reference value :  4.01256e-09
 Reference value :  4.02056e-09
 Reference value :  4.02856e-09
 Reference value :  4.03656e-09
 Reference value :  4.04456e-09
 Reference value :  4.05256e-09
 Reference value :  4.06056e-09
 Reference value :  4.06856e-09
 Reference value :  4.07656e-09
 Reference value :  4.08456e-09
 Reference value :  4.09256e-09
 Reference value :  4.10056e-09
 Reference value :  4.10856e-09
 Reference value :  4.11656e-09
 Reference value :  4.12456e-09
 Reference value :  4.13256e-09
 Reference value :  4.14056e-09
 Reference value :  4.14856e-09
 Reference value :  4.15656e-09
 Reference value :  4.16456e-09
 Reference value :  4.17256e-09
 Reference value :  4.18056e-09
 Reference value :  4.18856e-09
 Reference value :  4.19656e-09
 Reference value :  4.20456e-09
 Reference value :  4.21256e-09
 Reference value :  4.22056e-09
 Reference value :  4.22856e-09
 Reference value :  4.23656e-09
 Reference value :  4.24456e-09
 Reference value :  4.25256e-09
 Reference value :  4.26056e-09
 Reference value :  4.26856e-09
 Reference value :  4.27656e-09
 Reference value :  4.28456e-09
 Reference value :  4.29256e-09
 Reference value :  4.30056e-09
 Reference value :  4.30856e-09
 Reference value :  4.31656e-09
 Reference value :  4.32456e-09
 Reference value :  4.33256e-09
 Reference value :  4.34056e-09
 Reference value :  4.34856e-09
 Reference value :  4.35656e-09
 Reference value :  4.36456e-09
 Reference value :  4.37256e-09
 Reference value :  4.38056e-09
 Reference value :  4.38856e-09
 Reference value :  4.39656e-09
 Reference value :  4.40456e-09
 Reference value :  4.41256e-09
 Reference value :  4.42056e-09
 Reference value :  4.42856e-09
 Reference value :  4.43656e-09
 Reference value :  4.44456e-09
 Reference value :  4.45256e-09
 Reference value :  4.46056e-09
 Reference value :  4.46856e-09
 Reference value :  4.47656e-09
 Reference value :  4.48456e-09
 Reference value :  4.49256e-09
 Reference value :  4.50056e-09
 Reference value :  4.50856e-09
 Reference value :  4.51656e-09
 Reference value :  4.52456e-09
 Reference value :  4.53256e-09
 Reference value :  4.54056e-09
 Reference value :  4.54856e-09
 Reference value :  4.55656e-09
 Reference value :  4.56456e-09
 Reference value :  4.57456e-09
 Reference value :  4.58256e-09
 Reference value :  4.59056e-09
 Reference value :  4.59856e-09
 Reference value :  4.60656e-09
 Reference value :  4.61456e-09
 Reference value :  4.62256e-09
 Reference value :  4.63056e-09
 Reference value :  4.63856e-09
 Reference value :  4.64656e-09
 Reference value :  4.65456e-09
 Reference value :  4.66256e-09
 Reference value :  4.67056e-09
 Reference value :  4.67856e-09
 Reference value :  4.68656e-09
 Reference value :  4.69456e-09
 Reference value :  4.70256e-09
 Reference value :  4.71056e-09
 Reference value :  4.71856e-09
 Reference value :  4.72656e-09
 Reference value :  4.73456e-09
 Reference value :  4.74256e-09
 Reference value :  4.75056e-09
 Reference value :  4.75856e-09
 Reference value :  4.76656e-09
 Reference value :  4.77456e-09
 Reference value :  4.78256e-09
 Reference value :  4.79056e-09
 Reference value :  4.79856e-09
 Reference value :  4.80656e-09
 Reference value :  4.81456e-09
 Reference value :  4.82256e-09
 Reference value :  4.83056e-09
 Reference value :  4.83856e-09
 Reference value :  4.84656e-09
 Reference value :  4.85456e-09
 Reference value :  4.86256e-09
 Reference value :  4.87056e-09
 Reference value :  4.87856e-09
 Reference value :  4.88656e-09
 Reference value :  4.89456e-09
 Reference value :  4.90256e-09
 Reference value :  4.91056e-09
 Reference value :  4.91856e-09
 Reference value :  4.92656e-09
 Reference value :  4.93456e-09
 Reference value :  4.94256e-09
 Reference value :  4.95056e-09
 Reference value :  4.95856e-09
 Reference value :  4.96656e-09
 Reference value :  4.97456e-09
 Reference value :  4.98256e-09
 Reference value :  4.99056e-09
 Reference value :  4.99828e-09
 Reference value :  5.00140e-09
 Reference value :  5.00900e-09
 Reference value :  5.01700e-09
 Reference value :  5.02500e-09
 Reference value :  5.03300e-09
 Reference value :  5.04100e-09
 Reference value :  5.04700e-09
 Reference value :  5.05500e-09
 Reference value :  5.06300e-09
 Reference value :  5.07100e-09
 Reference value :  5.07700e-09
 Reference value :  5.08300e-09
 Reference value :  5.09100e-09
 Reference value :  5.09850e-09
 Reference value :  5.10140e-09
 Reference value :  5.10900e-09
 Reference value :  5.11700e-09
 Reference value :  5.12500e-09
 Reference value :  5.13300e-09
 Reference value :  5.14100e-09
 Reference value :  5.14900e-09
 Reference value :  5.15700e-09
 Reference value :  5.16500e-09
 Reference value :  5.17300e-09
 Reference value :  5.18100e-09
 Reference value :  5.18900e-09
 Reference value :  5.19700e-09
 Reference value :  5.20500e-09
 Reference value :  5.21300e-09
 Reference value :  5.22100e-09
 Reference value :  5.22900e-09
 Reference value :  5.23700e-09
 Reference value :  5.24500e-09
 Reference value :  5.25300e-09
 Reference value :  5.26100e-09
 Reference value :  5.26900e-09
 Reference value :  5.27700e-09
 Reference value :  5.28500e-09
 Reference value :  5.29300e-09
 Reference value :  5.30100e-09
 Reference value :  5.30900e-09
 Reference value :  5.31700e-09
 Reference value :  5.32500e-09
 Reference value :  5.33300e-09
 Reference value :  5.34100e-09
 Reference value :  5.34900e-09
 Reference value :  5.35700e-09
 Reference value :  5.36500e-09
 Reference value :  5.37300e-09
 Reference value :  5.38100e-09
 Reference value :  5.38900e-09
 Reference value :  5.39700e-09
 Reference value :  5.40500e-09
 Reference value :  5.41300e-09
 Reference value :  5.42100e-09
 Reference value :  5.42900e-09
 Reference value :  5.43700e-09
 Reference value :  5.44500e-09
 Reference value :  5.45300e-09
 Reference value :  5.46100e-09
 Reference value :  5.46900e-09
 Reference value :  5.47700e-09
 Reference value :  5.48500e-09
 Reference value :  5.49300e-09
 Reference value :  5.50100e-09
 Reference value :  5.50900e-09
 Reference value :  5.51700e-09
 Reference value :  5.52500e-09
 Reference value :  5.53300e-09
 Reference value :  5.54100e-09
 Reference value :  5.54900e-09
 Reference value :  5.55700e-09
 Reference value :  5.56500e-09
 Reference value :  5.57300e-09
 Reference value :  5.58100e-09
 Reference value :  5.58900e-09
 Reference value :  5.59700e-09
 Reference value :  5.60500e-09
 Reference value :  5.61300e-09
 Reference value :  5.62100e-09
 Reference value :  5.62900e-09
 Reference value :  5.63700e-09
 Reference value :  5.64500e-09
 Reference value :  5.65300e-09
 Reference value :  5.66100e-09
 Reference value :  5.66900e-09
 Reference value :  5.67700e-09
 Reference value :  5.68500e-09
 Reference value :  5.69300e-09
 Reference value :  5.70100e-09
 Reference value :  5.70900e-09
 Reference value :  5.71700e-09
 Reference value :  5.72500e-09
 Reference value :  5.73300e-09
 Reference value :  5.74100e-09
 Reference value :  5.74900e-09
 Reference value :  5.75700e-09
 Reference value :  5.76500e-09
 Reference value :  5.77300e-09
 Reference value :  5.78100e-09
 Reference value :  5.78900e-09
 Reference value :  5.79700e-09
 Reference value :  5.80500e-09
 Reference value :  5.81300e-09
 Reference value :  5.82100e-09
 Reference value :  5.82900e-09
 Reference value :  5.83700e-09
 Reference value :  5.84500e-09
 Reference value :  5.85300e-09
 Reference value :  5.86100e-09
 Reference value :  5.86900e-09
 Reference value :  5.87700e-09
 Reference value :  5.88500e-09
 Reference value :  5.89300e-09
 Reference value :  5.90100e-09
 Reference value :  5.90900e-09
 Reference value :  5.91700e-09
 Reference value :  5.92500e-09
 Reference value :  5.93300e-09
 Reference value :  5.94100e-09
 Reference value :  5.94900e-09
 Reference value :  5.95700e-09
 Reference value :  5.96500e-09
 Reference value :  5.97300e-09
 Reference value :  5.98100e-09
 Reference value :  5.98900e-09
 Reference value :  5.99700e-09
 Reference value :  6.00500e-09
 Reference value :  6.01300e-09
 Reference value :  6.02100e-09
 Reference value :  6.02900e-09
 Reference value :  6.03700e-09
 Reference value :  6.04500e-09
 Reference value :  6.05300e-09
 Reference value :  6.06100e-09
 Reference value :  6.06900e-09
 Reference value :  6.07700e-09
 Reference value :  6.08500e-09
 Reference value :  6.09300e-09
 Reference value :  6.10100e-09
 Reference value :  6.10900e-09
 Reference value :  6.11700e-09
 Reference value :  6.12500e-09
 Reference value :  6.13300e-09
 Reference value :  6.14100e-09
 Reference value :  6.14900e-09
 Reference value :  6.15700e-09
 Reference value :  6.16500e-09
 Reference value :  6.17300e-09
 Reference value :  6.18100e-09
 Reference value :  6.18900e-09
 Reference value :  6.19700e-09
 Reference value :  6.20500e-09
 Reference value :  6.21300e-09
 Reference value :  6.22100e-09
 Reference value :  6.22900e-09
 Reference value :  6.23700e-09
 Reference value :  6.24500e-09
 Reference value :  6.25300e-09
 Reference value :  6.26100e-09
 Reference value :  6.26900e-09
 Reference value :  6.27700e-09
 Reference value :  6.28500e-09
 Reference value :  6.29300e-09
 Reference value :  6.30100e-09
 Reference value :  6.30900e-09
 Reference value :  6.31700e-09
 Reference value :  6.32500e-09
 Reference value :  6.33300e-09
 Reference value :  6.34100e-09
 Reference value :  6.34900e-09
 Reference value :  6.35700e-09
 Reference value :  6.36500e-09
 Reference value :  6.37300e-09
 Reference value :  6.38100e-09
 Reference value :  6.38900e-09
 Reference value :  6.39700e-09
 Reference value :  6.40500e-09
 Reference value :  6.41300e-09
 Reference value :  6.42100e-09
 Reference value :  6.42900e-09
 Reference value :  6.43700e-09
 Reference value :  6.44500e-09
 Reference value :  6.45300e-09
 Reference value :  6.46100e-09
 Reference value :  6.46900e-09
 Reference value :  6.47700e-09
 Reference value :  6.48500e-09
 Reference value :  6.49300e-09
 Reference value :  6.50100e-09
 Reference value :  6.50900e-09
 Reference value :  6.51700e-09
 Reference value :  6.52500e-09
 Reference value :  6.53300e-09
 Reference value :  6.54100e-09
 Reference value :  6.54900e-09
 Reference value :  6.55700e-09
 Reference value :  6.56500e-09
 Reference value :  6.57300e-09
 Reference value :  6.58100e-09
 Reference value :  6.58900e-09
 Reference value :  6.59700e-09
No. of Data Rows : 3314
Note: Simulation executed from .control section 
