
Note: Compatibility modes selected: hs a


Circuit: * comparator-decision offset pick-off -- vindiff=0.0mv corner=tt temp=27.0c seed=9 (issue #54)

option SCALE: Scale is set to 1e-06 for instance and model parameters
option SCALE: Scale is set to 1e-06 for instance and model parameters
option SCALE: Scale is set to 1e-06 for instance and model parameters
option SCALE: Scale is set to 1e-06 for instance and model parameters
Doing analysis at TEMP = 27.000000 and TNOM = 27.000000

Using KLU as Direct Linear Solver
 Reference value :  0.00000e+00
 Reference value :  1.96560e-10
 Reference value :  2.02560e-10
 Reference value :  2.08560e-10
 Reference value :  2.16560e-10
 Reference value :  2.24560e-10
 Reference value :  2.82560e-10
 Reference value :  2.09256e-09
 Reference value :  4.00256e-09
 Reference value :  6.05700e-09
No. of Data Rows : 3314
Note: Simulation executed from .control section 
