
Note: Compatibility modes selected: hs a


Circuit: * sim/supply-impedance-sensitivity -- ground/supply-return impedance

option SCALE: Scale is set to 1e-06 for instance and model parameters
option SCALE: Scale is set to 1e-06 for instance and model parameters
option SCALE: Scale is set to 1e-06 for instance and model parameters
option SCALE: Scale is set to 1e-06 for instance and model parameters
Doing analysis at TEMP = 27.000000 and TNOM = 27.000000

Using KLU as Direct Linear Solver
 Reference value :  0.00000e+00
 Reference value :  8.64000e-09
 Reference value :  2.01500e-08
 Reference value :  2.62500e-08
 Reference value :  3.47500e-08
 Reference value :  4.32500e-08
 Reference value :  5.22500e-08
 Reference value :  6.12500e-08
 Reference value :  6.97500e-08
 Reference value :  7.82500e-08
 Reference value :  8.77500e-08
 Reference value :  9.62500e-08
 Reference value :  1.05250e-07
 Reference value :  1.13750e-07
 Reference value :  1.23250e-07
 Reference value :  1.34250e-07
 Reference value :  1.47250e-07
 Reference value :  1.59250e-07
 Reference value :  1.71750e-07
 Reference value :  1.83750e-07
 Reference value :  1.96250e-07
 Reference value :  2.00292e-07
 Reference value :  2.00919e-07
 Reference value :  2.07104e-07
 Reference value :  2.15104e-07
 Reference value :  2.23604e-07
 Reference value :  2.32604e-07
 Reference value :  2.41217e-07
 Reference value :  2.43413e-07
 Reference value :  2.46465e-07
 Reference value :  2.54965e-07
 Reference value :  2.63965e-07
 Reference value :  2.71965e-07
 Reference value :  2.80465e-07
 Reference value :  2.83421e-07
 Reference value :  2.84385e-07
 Reference value :  2.87282e-07
 Reference value :  2.95282e-07
 Reference value :  3.03782e-07
 Reference value :  3.12282e-07
 Reference value :  3.20782e-07
 Reference value :  3.25541e-07
 Reference value :  3.31896e-07
 Reference value :  3.41896e-07
 Reference value :  3.50396e-07
 Reference value :  3.59396e-07
 Reference value :  3.66517e-07
 Reference value :  3.66549e-07
 Reference value :  3.67638e-07
 Reference value :  3.75630e-07
 Reference value :  3.84630e-07
 Reference value :  3.93130e-07
 Reference value :  4.02130e-07
 Reference value :  4.08508e-07
 Reference value :  4.10824e-07
 Reference value :  4.13555e-07
 Reference value :  4.21555e-07
 Reference value :  4.30055e-07
 Reference value :  4.38555e-07
 Reference value :  4.47055e-07
 Reference value :  4.50087e-07
 Reference value :  4.50998e-07
 Reference value :  4.53991e-07
 Reference value :  4.61491e-07
 Reference value :  4.69991e-07
 Reference value :  4.78491e-07
 Reference value :  4.86991e-07
 Reference value :  4.92167e-07
 Reference value :  4.95989e-07
 Reference value :  5.03489e-07
 Reference value :  5.07989e-07
 Reference value :  5.15989e-07
 Reference value :  5.24489e-07
 Reference value :  5.32883e-07
 Reference value :  5.33860e-07
 Reference value :  5.34657e-07
 Reference value :  5.39957e-07
 Reference value :  5.49457e-07
 Reference value :  5.58457e-07
 Reference value :  5.67457e-07
 Reference value :  5.74650e-07
 Reference value :  5.77918e-07
 Reference value :  5.87418e-07
 Reference value :  5.96418e-07
 Reference value :  6.04418e-07
 Reference value :  6.12418e-07
 Reference value :  6.16548e-07
 Reference value :  6.17567e-07
 Reference value :  6.25609e-07
 Reference value :  6.34109e-07
 Reference value :  6.42609e-07
 Reference value :  6.51109e-07
 Reference value :  6.58508e-07
 Reference value :  6.62179e-07
 Reference value :  6.70179e-07
 Reference value :  6.78679e-07
 Reference value :  6.87179e-07
 Reference value :  6.91179e-07
 Reference value :  6.98679e-07
 Reference value :  7.00500e-07
 Reference value :  7.01307e-07
 Reference value :  7.07939e-07
 Reference value :  7.16439e-07
 Reference value :  7.25439e-07
 Reference value :  7.33939e-07
 Reference value :  7.41517e-07
 Reference value :  7.44571e-07
 Reference value :  7.52571e-07
 Reference value :  7.61571e-07
 Reference value :  7.70071e-07
 Reference value :  7.78071e-07
 Reference value :  7.83418e-07
 Reference value :  7.84318e-07
 Reference value :  7.91926e-07
 Reference value :  8.00426e-07
 Reference value :  8.08926e-07
 Reference value :  8.17926e-07
 Reference value :  8.24850e-07
 Reference value :  8.27857e-07
 Reference value :  8.35357e-07
 Reference value :  8.44857e-07
 Reference value :  8.53857e-07
 Reference value :  8.62857e-07
 Reference value :  8.66317e-07
 Reference value :  8.67145e-07
 Reference value :  8.67911e-07
 Reference value :  8.75074e-07
 Reference value :  8.84074e-07
 Reference value :  8.92574e-07
 Reference value :  9.01074e-07
 Reference value :  9.08508e-07
 Reference value :  9.13234e-07
 Reference value :  9.21734e-07
 Reference value :  9.30234e-07
 Reference value :  9.38734e-07
 Reference value :  9.47734e-07
 Reference value :  9.50048e-07
 Reference value :  9.50513e-07
 Reference value :  9.53198e-07
 Reference value :  9.61698e-07
 Reference value :  9.70198e-07
 Reference value :  9.78698e-07
 Reference value :  9.87198e-07
 Reference value :  9.92208e-07
 Reference value :  9.96526e-07
 Reference value :  1.00503e-06
 Reference value :  1.01353e-06
 Reference value :  1.02253e-06
 Reference value :  1.03103e-06
 Reference value :  1.03338e-06
 Reference value :  1.03397e-06
 Reference value :  1.03710e-06
 Reference value :  1.04610e-06
 Reference value :  1.05460e-06
 Reference value :  1.06310e-06
 Reference value :  1.07210e-06
 Reference value :  1.07582e-06
 Reference value :  1.08035e-06
 Reference value :  1.08835e-06
 Reference value :  1.09735e-06
 Reference value :  1.10635e-06
 Reference value :  1.11435e-06
 Reference value :  1.11675e-06
 Reference value :  1.11733e-06
 Reference value :  1.11796e-06
 Reference value :  1.12602e-06
 Reference value :  1.13502e-06
 Reference value :  1.14452e-06
 Reference value :  1.15252e-06
 Reference value :  1.15883e-06
 Reference value :  1.16089e-06
 Reference value :  1.17024e-06
 Reference value :  1.17874e-06
 Reference value :  1.18824e-06
 Reference value :  1.19674e-06
 Reference value :  1.20008e-06
 Reference value :  1.20086e-06
 Reference value :  1.20496e-06
 Reference value :  1.21446e-06
 Reference value :  1.22296e-06
 Reference value :  1.23146e-06
 Reference value :  1.23996e-06
 Reference value :  1.24278e-06
 Reference value :  1.24461e-06
 Reference value :  1.25256e-06
 Reference value :  1.26106e-06
 Reference value :  1.26956e-06
 Reference value :  1.27806e-06
 Reference value :  1.28322e-06
 Reference value :  1.28413e-06
 Reference value :  1.28487e-06
 Reference value :  1.29125e-06
 Reference value :  1.29975e-06
 Reference value :  1.30875e-06
 Reference value :  1.31825e-06
 Reference value :  1.32517e-06
 Reference value :  1.32872e-06
 Reference value :  1.33272e-06
 Reference value :  1.34072e-06
 Reference value :  1.34922e-06
 Reference value :  1.35772e-06
 Reference value :  1.36622e-06
 Reference value :  1.36719e-06
 Reference value :  1.36818e-06
 Reference value :  1.37478e-06
 Reference value :  1.38378e-06
 Reference value :  1.39278e-06
 Reference value :  1.40228e-06
 Reference value :  1.40851e-06
 Reference value :  1.41430e-06
 Reference value :  1.42280e-06
 Reference value :  1.43180e-06
 Reference value :  1.44080e-06
 Reference value :  1.44915e-06
 Reference value :  1.44988e-06
 Reference value :  1.45345e-06
 Reference value :  1.46345e-06
 Reference value :  1.47195e-06
 Reference value :  1.48045e-06
 Reference value :  1.48895e-06
 Reference value :  1.49229e-06
 Reference value :  1.49809e-06
 Reference value :  1.50659e-06
 Reference value :  1.51559e-06
 Reference value :  1.52659e-06
 Reference value :  1.53318e-06
 Reference value :  1.53321e-06
 Reference value :  1.53411e-06
 Reference value :  1.54186e-06
 Reference value :  1.55036e-06
 Reference value :  1.55836e-06
 Reference value :  1.56686e-06
 Reference value :  1.57455e-06
 Reference value :  1.57688e-06
 Reference value :  1.58432e-06
 Reference value :  1.58932e-06
 Reference value :  1.59632e-06
 Reference value :  1.60482e-06
 Reference value :  1.61332e-06
 Reference value :  1.61696e-06
 Reference value :  1.61776e-06
 Reference value :  1.62079e-06
 Reference value :  1.62979e-06
 Reference value :  1.63829e-06
 Reference value :  1.64679e-06
 Reference value :  1.65579e-06
 Reference value :  1.65912e-06
 Reference value :  1.66519e-06
 Reference value :  1.67369e-06
 Reference value :  1.68269e-06
 Reference value :  1.69169e-06
 Reference value :  1.69719e-06
 Reference value :  1.70008e-06
 Reference value :  1.70090e-06
 Reference value :  1.70438e-06
 Reference value :  1.71188e-06
 Reference value :  1.72038e-06
 Reference value :  1.72938e-06
 Reference value :  1.73788e-06
 Reference value :  1.74229e-06
 Reference value :  1.74857e-06
 Reference value :  1.75757e-06
 Reference value :  1.76607e-06
 Reference value :  1.77507e-06
 Reference value :  1.78318e-06
 Reference value :  1.78390e-06
 Reference value :  1.78856e-06
 Reference value :  1.79756e-06
 Reference value :  1.80706e-06
 Reference value :  1.81556e-06
 Reference value :  1.82455e-06
 Reference value :  1.82790e-06
 Reference value :  1.83690e-06
 Reference value :  1.84640e-06
 Reference value :  1.85490e-06
 Reference value :  1.86390e-06
 Reference value :  1.86671e-06
 Reference value :  1.86717e-06
 Reference value :  1.86992e-06
 Reference value :  1.87892e-06
 Reference value :  1.88792e-06
 Reference value :  1.89692e-06
 Reference value :  1.90592e-06
 Reference value :  1.90945e-06
 Reference value :  1.91569e-06
 Reference value :  1.92469e-06
 Reference value :  1.93419e-06
 Reference value :  1.94319e-06
 Reference value :  1.94869e-06
 Reference value :  1.95032e-06
 Reference value :  1.95100e-06
 Reference value :  1.95231e-06
 Reference value :  1.95981e-06
 Reference value :  1.96881e-06
 Reference value :  1.97781e-06
 Reference value :  1.98731e-06
 Reference value :  1.99217e-06
 Reference value :  1.99653e-06
 Reference value :  2.00503e-06
 Reference value :  2.01403e-06
 Reference value :  2.02253e-06
 Reference value :  2.03103e-06
 Reference value :  2.03338e-06
 Reference value :  2.03407e-06
 Reference value :  2.03961e-06
 Reference value :  2.04861e-06
 Reference value :  2.05761e-06
 Reference value :  2.06661e-06
 Reference value :  2.07465e-06
 Reference value :  2.07690e-06
 Reference value :  2.08534e-06
 Reference value :  2.09384e-06
 Reference value :  2.10234e-06
 Reference value :  2.11084e-06
 Reference value :  2.11671e-06
 Reference value :  2.11741e-06
 Reference value :  2.11860e-06
 Reference value :  2.12698e-06
 Reference value :  2.13548e-06
 Reference value :  2.14448e-06
 Reference value :  2.15298e-06
 Reference value :  2.15883e-06
 Reference value :  2.16075e-06
 Reference value :  2.16744e-06
 Reference value :  2.17644e-06
 Reference value :  2.18544e-06
 Reference value :  2.19394e-06
 Reference value :  2.20008e-06
 Reference value :  2.20090e-06
 Reference value :  2.20408e-06
 Reference value :  2.21208e-06
 Reference value :  2.22058e-06
 Reference value :  2.23008e-06
 Reference value :  2.23858e-06
 Reference value :  2.24245e-06
 Reference value :  2.24386e-06
 Reference value :  2.24984e-06
 Reference value :  2.25834e-06
 Reference value :  2.26684e-06
 Reference value :  2.27584e-06
 Reference value :  2.28318e-06
 Reference value :  2.28383e-06
 Reference value :  2.28469e-06
 Reference value :  2.29017e-06
 Reference value :  2.29917e-06
 Reference value :  2.30767e-06
 Reference value :  2.31617e-06
 Reference value :  2.32450e-06
 Reference value :  2.32687e-06
 Reference value :  2.33381e-06
 Reference value :  2.34131e-06
 Reference value :  2.34981e-06
 Reference value :  2.35831e-06
 Reference value :  2.36622e-06
 Reference value :  2.36675e-06
 Reference value :  2.36771e-06
 Reference value :  2.37431e-06
 Reference value :  2.38381e-06
 Reference value :  2.39231e-06
 Reference value :  2.40081e-06
 Reference value :  2.40798e-06
 Reference value :  2.41022e-06
 Reference value :  2.41666e-06
 Reference value :  2.42266e-06
 Reference value :  2.43116e-06
 Reference value :  2.44016e-06
 Reference value :  2.44908e-06
 Reference value :  2.45050e-06
 Reference value :  2.45121e-06
 Reference value :  2.45407e-06
 Reference value :  2.46257e-06
 Reference value :  2.47107e-06
 Reference value :  2.47957e-06
 Reference value :  2.48807e-06
 Reference value :  2.49229e-06
 Reference value :  2.49748e-06
 Reference value :  2.50248e-06
 Reference value :  2.51048e-06
 Reference value :  2.51898e-06
 Reference value :  2.52798e-06
 Reference value :  2.53342e-06
 Reference value :  2.53428e-06
 Reference value :  2.54047e-06
 Reference value :  2.54897e-06
 Reference value :  2.55847e-06
 Reference value :  2.56747e-06
 Reference value :  2.57465e-06
 Reference value :  2.57732e-06
 Reference value :  2.58382e-06
 Reference value :  2.59232e-06
 Reference value :  2.60032e-06
 Reference value :  2.60882e-06
 Reference value :  2.61632e-06
 Reference value :  2.61696e-06
 Reference value :  2.61791e-06
 Reference value :  2.62581e-06
 Reference value :  2.63481e-06
 Reference value :  2.64381e-06
 Reference value :  2.65331e-06
 Reference value :  2.65883e-06
 Reference value :  2.66266e-06
 Reference value :  2.66816e-06
 Reference value :  2.67616e-06
 Reference value :  2.68516e-06
 Reference value :  2.69366e-06
 Reference value :  2.70008e-06
 Reference value :  2.70092e-06
 Reference value :  2.70647e-06
 Reference value :  2.71497e-06
 Reference value :  2.72397e-06
 Reference value :  2.73297e-06
 Reference value :  2.74117e-06
 Reference value :  2.74355e-06
 Reference value :  2.75000e-06
 Reference value :  2.75600e-06
 Reference value :  2.76450e-06
 Reference value :  2.77300e-06
 Reference value :  2.78200e-06
 Reference value :  2.78363e-06
 Reference value :  2.78463e-06
 Reference value :  2.79258e-06
 Reference value :  2.80108e-06
 Reference value :  2.81008e-06
 Reference value :  2.81858e-06
 Reference value :  2.82517e-06
 Reference value :  2.82883e-06
 Reference value :  2.83433e-06
 Reference value :  2.84283e-06
 Reference value :  2.85283e-06
 Reference value :  2.86133e-06
 Reference value :  2.86671e-06
 Reference value :  2.86740e-06
 Reference value :  2.86941e-06
 Reference value :  2.87791e-06
 Reference value :  2.88641e-06
 Reference value :  2.89491e-06
 Reference value :  2.90341e-06
 Reference value :  2.90883e-06
 Reference value :  2.91317e-06
 Reference value :  2.91867e-06
 Reference value :  2.92667e-06
 Reference value :  2.93517e-06
 Reference value :  2.94367e-06
 Reference value :  2.95000e-06
 Reference value :  2.95049e-06
 Reference value :  2.95101e-06
 Reference value :  2.95723e-06
 Reference value :  2.96573e-06
 Reference value :  2.97473e-06
 Reference value :  2.98373e-06
 Reference value :  2.99132e-06
 Reference value :  2.99355e-06
 Reference value :  3.00000e-06
 Reference value :  3.00700e-06
 Reference value :  3.01550e-06
 Reference value :  3.02400e-06
 Reference value :  3.03283e-06
 Reference value :  3.03361e-06
 Reference value :  3.03434e-06
 Reference value :  3.04075e-06
 Reference value :  3.04975e-06
 Reference value :  3.05825e-06
 Reference value :  3.06725e-06
 Reference value :  3.07465e-06
 Reference value :  3.07688e-06
 Reference value :  3.08332e-06
 Reference value :  3.09032e-06
 Reference value :  3.09882e-06
 Reference value :  3.10732e-06
 Reference value :  3.11617e-06
 Reference value :  3.11717e-06
 Reference value :  3.11794e-06
 Reference value :  3.12592e-06
 Reference value :  3.13442e-06
 Reference value :  3.14342e-06
 Reference value :  3.15192e-06
 Reference value :  3.15851e-06
 Reference value :  3.16083e-06
 Reference value :  3.16412e-06
 Reference value :  3.17262e-06
 Reference value :  3.18112e-06
 Reference value :  3.19012e-06
 Reference value :  3.19906e-06
 Reference value :  3.20029e-06
 Reference value :  3.20097e-06
 Reference value :  3.20554e-06
 Reference value :  3.21354e-06
 Reference value :  3.22204e-06
 Reference value :  3.23054e-06
 Reference value :  3.23904e-06
 Reference value :  3.24245e-06
 Reference value :  3.24453e-06
 Reference value :  3.24855e-06
 Reference value :  3.25705e-06
 Reference value :  3.26555e-06
 Reference value :  3.27455e-06
 Reference value :  3.28283e-06
 Reference value :  3.28364e-06
 Reference value :  3.28437e-06
 Reference value :  3.28828e-06
 Reference value :  3.29678e-06
 Reference value :  3.30528e-06
 Reference value :  3.31378e-06
 Reference value :  3.32228e-06
 Reference value :  3.32579e-06
 Reference value :  3.32744e-06
 Reference value :  3.33468e-06
 Reference value :  3.34368e-06
 Reference value :  3.35218e-06
 Reference value :  3.36118e-06
 Reference value :  3.36655e-06
 Reference value :  3.36759e-06
 Reference value :  3.37266e-06
 Reference value :  3.38116e-06
 Reference value :  3.39016e-06
 Reference value :  3.39866e-06
 Reference value :  3.40783e-06
 Reference value :  3.41010e-06
 Reference value :  3.41047e-06
 Reference value :  3.42285e-06
 Reference value :  3.43635e-06
 Reference value :  3.44955e-06
 Reference value :  3.45056e-06
 Reference value :  3.45759e-06
 Reference value :  3.47159e-06
 Reference value :  3.48559e-06
 Reference value :  3.49344e-06
 Reference value :  3.49381e-06
 Reference value :  3.50068e-06
 Reference value :  3.50918e-06
 Reference value :  3.51768e-06
 Reference value :  3.52618e-06
 Reference value :  3.53318e-06
 Reference value :  3.53321e-06
 Reference value :  3.53426e-06
 Reference value :  3.53930e-06
 Reference value :  3.54830e-06
 Reference value :  3.55730e-06
 Reference value :  3.56730e-06
 Reference value :  3.57465e-06
 Reference value :  3.57679e-06
 Reference value :  3.57746e-06
 Reference value :  3.58415e-06
 Reference value :  3.59265e-06
 Reference value :  3.60165e-06
 Reference value :  3.61015e-06
 Reference value :  3.61675e-06
 Reference value :  3.61770e-06
 Reference value :  3.62424e-06
 Reference value :  3.63224e-06
 Reference value :  3.64074e-06
 Reference value :  3.65024e-06
 Reference value :  3.65798e-06
 Reference value :  3.66013e-06
 Reference value :  3.66339e-06
 Reference value :  3.67139e-06
 Reference value :  3.68039e-06
 Reference value :  3.68889e-06
 Reference value :  3.69689e-06
 Reference value :  3.70008e-06
 Reference value :  3.70102e-06
 Reference value :  3.70751e-06
 Reference value :  3.71651e-06
 Reference value :  3.72551e-06
 Reference value :  3.73401e-06
 Reference value :  3.74152e-06
 Reference value :  3.74381e-06
 Reference value :  3.74567e-06
 Reference value :  3.75417e-06
 Reference value :  3.76317e-06
 Reference value :  3.77167e-06
 Reference value :  3.78298e-06
 Reference value :  3.78383e-06
 Reference value :  3.78502e-06
 Reference value :  3.79300e-06
 Reference value :  3.80200e-06
 Reference value :  3.81050e-06
 Reference value :  3.81950e-06
 Reference value :  3.82517e-06
 Reference value :  3.82748e-06
 Reference value :  3.83368e-06
 Reference value :  3.84268e-06
 Reference value :  3.85118e-06
 Reference value :  3.85968e-06
 Reference value :  3.86671e-06
 Reference value :  3.86694e-06
 Reference value :  3.86759e-06
 Reference value :  3.87240e-06
 Reference value :  3.88090e-06
 Reference value :  3.88990e-06
 Reference value :  3.89840e-06
 Reference value :  3.90690e-06
 Reference value :  3.90979e-06
 Reference value :  3.91082e-06
 Reference value :  3.91496e-06
 Reference value :  3.92346e-06
 Reference value :  3.93246e-06
 Reference value :  3.94196e-06
 Reference value :  3.94955e-06
 Reference value :  3.95041e-06
 Reference value :  3.95098e-06
 Reference value :  3.95572e-06
 Reference value :  3.96472e-06
 Reference value :  3.97522e-06
 Reference value :  3.98372e-06
 Reference value :  3.99152e-06
 Reference value :  3.99384e-06
 Reference value :  3.99388e-06
 Reference value :  3.99801e-06
 Reference value :  4.00651e-06
 Reference value :  4.01551e-06
 Reference value :  4.02401e-06
 Reference value :  4.03242e-06
 Reference value :  4.03338e-06
 Reference value :  4.03411e-06
 Reference value :  4.03633e-06
 Reference value :  4.04533e-06
 Reference value :  4.05433e-06
 Reference value :  4.06283e-06
 Reference value :  4.07133e-06
 Reference value :  4.07564e-06
 Reference value :  4.07749e-06
 Reference value :  4.08232e-06
 Reference value :  4.09082e-06
 Reference value :  4.09932e-06
 Reference value :  4.10782e-06
 Reference value :  4.11652e-06
 Reference value :  4.11767e-06
 Reference value :  4.12943e-06
 Reference value :  4.14343e-06
 Reference value :  4.15493e-06
 Reference value :  4.15945e-06
 Reference value :  4.15982e-06
 Reference value :  4.16144e-06
 Reference value :  4.16839e-06
 Reference value :  4.17739e-06
 Reference value :  4.18639e-06
 Reference value :  4.19489e-06
 Reference value :  4.20008e-06
 Reference value :  4.20081e-06
 Reference value :  4.20286e-06
 Reference value :  4.21136e-06
 Reference value :  4.21986e-06
 Reference value :  4.22836e-06
 Reference value :  4.23686e-06
 Reference value :  4.24217e-06
 Reference value :  4.24316e-06
 Reference value :  4.24476e-06
 Reference value :  4.25221e-06
 Reference value :  4.26071e-06
 Reference value :  4.26921e-06
 Reference value :  4.27821e-06
 Reference value :  4.28342e-06
 Reference value :  4.28415e-06
 Reference value :  4.28807e-06
 Reference value :  4.29657e-06
 Reference value :  4.30457e-06
 Reference value :  4.31307e-06
 Reference value :  4.32157e-06
 Reference value :  4.32562e-06
 Reference value :  4.33081e-06
 Reference value :  4.33531e-06
 Reference value :  4.34281e-06
 Reference value :  4.35181e-06
 Reference value :  4.36031e-06
 Reference value :  4.36675e-06
 Reference value :  4.36767e-06
 Reference value :  4.37007e-06
 Reference value :  4.37807e-06
 Reference value :  4.38757e-06
 Reference value :  4.39657e-06
 Reference value :  4.40607e-06
 Reference value :  4.40945e-06
 Reference value :  4.41516e-06
 Reference value :  4.42116e-06
 Reference value :  4.43016e-06
 Reference value :  4.43916e-06
 Reference value :  4.44816e-06
 Reference value :  4.45029e-06
 Reference value :  4.45241e-06
 Reference value :  4.46091e-06
 Reference value :  4.46941e-06
 Reference value :  4.47841e-06
 Reference value :  4.48691e-06
 Reference value :  4.49217e-06
 Reference value :  4.49598e-06
 Reference value :  4.50098e-06
 Reference value :  4.50798e-06
 Reference value :  4.51648e-06
 Reference value :  4.52498e-06
 Reference value :  4.53298e-06
 Reference value :  4.53342e-06
 Reference value :  4.53430e-06
 Reference value :  4.53739e-06
 Reference value :  4.54539e-06
 Reference value :  4.55389e-06
 Reference value :  4.56289e-06
 Reference value :  4.57139e-06
 Reference value :  4.57562e-06
 Reference value :  4.58032e-06
 Reference value :  4.58482e-06
 Reference value :  4.59132e-06
 Reference value :  4.60032e-06
 Reference value :  4.60982e-06
 Reference value :  4.61675e-06
 Reference value :  4.61766e-06
 Reference value :  4.62001e-06
 Reference value :  4.62801e-06
 Reference value :  4.63651e-06
 Reference value :  4.64551e-06
 Reference value :  4.65401e-06
 Reference value :  4.65883e-06
 Reference value :  4.66266e-06
 Reference value :  4.66766e-06
 Reference value :  4.67366e-06
 Reference value :  4.68216e-06
 Reference value :  4.69016e-06
 Reference value :  4.69866e-06
 Reference value :  4.70029e-06
 Reference value :  4.70107e-06
 Reference value :  4.70454e-06
 Reference value :  4.71254e-06
 Reference value :  4.72104e-06
 Reference value :  4.72954e-06
 Reference value :  4.73804e-06
 Reference value :  4.74229e-06
 Reference value :  4.74700e-06
 Reference value :  4.75100e-06
 Reference value :  4.75700e-06
 Reference value :  4.76650e-06
 Reference value :  4.77500e-06
 Reference value :  4.78288e-06
 Reference value :  4.78383e-06
 Reference value :  4.78438e-06
 Reference value :  4.78779e-06
 Reference value :  4.79579e-06
 Reference value :  4.80429e-06
 Reference value :  4.81279e-06
 Reference value :  4.82129e-06
 Reference value :  4.82554e-06
 Reference value :  4.83033e-06
 Reference value :  4.83433e-06
 Reference value :  4.84133e-06
 Reference value :  4.84983e-06
 Reference value :  4.85883e-06
 Reference value :  4.86652e-06
 Reference value :  4.86714e-06
 Reference value :  4.86766e-06
 Reference value :  4.87032e-06
 Reference value :  4.87732e-06
 Reference value :  4.88632e-06
 Reference value :  4.89532e-06
 Reference value :  4.90432e-06
 Reference value :  4.90887e-06
 Reference value :  4.91317e-06
 Reference value :  4.91767e-06
 Reference value :  4.92417e-06
 Reference value :  4.93367e-06
 Reference value :  4.94217e-06
 Reference value :  4.94982e-06
 Reference value :  4.95049e-06
 Reference value :  4.95101e-06
 Reference value :  4.95327e-06
 Reference value :  4.96127e-06
 Reference value :  4.96977e-06
 Reference value :  4.97877e-06
 Reference value :  4.98727e-06
 Reference value :  4.99217e-06
 Reference value :  4.99600e-06
 Reference value :  5.00200e-06
 Reference value :  5.01000e-06
 Reference value :  5.01900e-06
 Reference value :  5.02800e-06
 Reference value :  5.03342e-06
 Reference value :  5.03433e-06
 Reference value :  5.04121e-06
 Reference value :  5.05021e-06
 Reference value :  5.05871e-06
 Reference value :  5.06721e-06
 Reference value :  5.07465e-06
 Reference value :  5.07689e-06
 Reference value :  5.08382e-06
 Reference value :  5.09132e-06
 Reference value :  5.10032e-06
 Reference value :  5.10982e-06
 Reference value :  5.11655e-06
 Reference value :  5.11735e-06
 Reference value :  5.11792e-06
 Reference value :  5.12542e-06
 Reference value :  5.13392e-06
 Reference value :  5.14292e-06
 Reference value :  5.15142e-06
 Reference value :  5.15851e-06
 Reference value :  5.15981e-06
 Reference value :  5.16372e-06
 Reference value :  5.17222e-06
 Reference value :  5.18122e-06
 Reference value :  5.19022e-06
 Reference value :  5.19872e-06
 Reference value :  5.20029e-06
 Reference value :  5.20105e-06
 Reference value :  5.20782e-06
 Reference value :  5.21682e-06
 Reference value :  5.22532e-06
 Reference value :  5.23432e-06
 Reference value :  5.24152e-06
 Reference value :  5.24314e-06
 Reference value :  5.24324e-06
 Reference value :  5.24581e-06
 Reference value :  5.25481e-06
 Reference value :  5.26331e-06
 Reference value :  5.27231e-06
 Reference value :  5.28131e-06
 Reference value :  5.28342e-06
 Reference value :  5.28440e-06
 Reference value :  5.29074e-06
 Reference value :  5.30074e-06
 Reference value :  5.30924e-06
 Reference value :  5.31774e-06
 Reference value :  5.32517e-06
 Reference value :  5.32820e-06
 Reference value :  5.33370e-06
 Reference value :  5.34270e-06
 Reference value :  5.35120e-06
 Reference value :  5.36020e-06
 Reference value :  5.36675e-06
 Reference value :  5.36787e-06
 Reference value :  5.37504e-06
 Reference value :  5.38354e-06
 Reference value :  5.39304e-06
 Reference value :  5.40254e-06
 Reference value :  5.40851e-06
 Reference value :  5.41430e-06
 Reference value :  5.42280e-06
 Reference value :  5.43280e-06
 Reference value :  5.44230e-06
 Reference value :  5.44965e-06
 Reference value :  5.45059e-06
 Reference value :  5.45730e-06
 Reference value :  5.46580e-06
 Reference value :  5.47430e-06
 Reference value :  5.48330e-06
 Reference value :  5.49132e-06
 Reference value :  5.49624e-06
 Reference value :  5.50524e-06
 Reference value :  5.51474e-06
 Reference value :  5.52374e-06
 Reference value :  5.53253e-06
 Reference value :  5.53383e-06
 Reference value :  5.53912e-06
 Reference value :  5.54762e-06
 Reference value :  5.55712e-06
 Reference value :  5.56562e-06
 Reference value :  5.57450e-06
 Reference value :  5.57757e-06
 Reference value :  5.58657e-06
 Reference value :  5.59557e-06
 Reference value :  5.60457e-06
 Reference value :  5.61357e-06
 Reference value :  5.61677e-06
 Reference value :  5.62096e-06
 Reference value :  5.62946e-06
 Reference value :  5.63796e-06
 Reference value :  5.64696e-06
 Reference value :  5.65596e-06
 Reference value :  5.65945e-06
 Reference value :  5.66740e-06
 Reference value :  5.67640e-06
 Reference value :  5.68490e-06
 Reference value :  5.69390e-06
 Reference value :  5.70009e-06
 Reference value :  5.70311e-06
 Reference value :  5.71211e-06
 Reference value :  5.72111e-06
 Reference value :  5.73011e-06
 Reference value :  5.73861e-06
 Reference value :  5.74278e-06
 Reference value :  5.75073e-06
 Reference value :  5.75923e-06
 Reference value :  5.76773e-06
 Reference value :  5.77623e-06
 Reference value :  5.78318e-06
 Reference value :  5.78386e-06
 Reference value :  5.78999e-06
 Reference value :  5.79949e-06
 Reference value :  5.80799e-06
 Reference value :  5.81699e-06
 Reference value :  5.82455e-06
 Reference value :  5.82856e-06
 Reference value :  5.83706e-06
 Reference value :  5.84556e-06
 Reference value :  5.85406e-06
 Reference value :  5.86256e-06
 Reference value :  5.86675e-06
 Reference value :  5.86917e-06
 Reference value :  5.87817e-06
 Reference value :  5.88667e-06
 Reference value :  5.89517e-06
 Reference value :  5.90367e-06
 Reference value :  5.90887e-06
 Reference value :  5.91590e-06
 Reference value :  5.92440e-06
 Reference value :  5.93290e-06
 Reference value :  5.94140e-06
 Reference value :  5.94950e-06
 Reference value :  5.95046e-06
 Reference value :  5.95521e-06
 Reference value :  5.96421e-06
 Reference value :  5.97321e-06
 Reference value :  5.98271e-06
 Reference value :  5.99122e-06
 Reference value :  5.99473e-06
 Reference value :  6.00423e-06
 Reference value :  6.01323e-06
 Reference value :  6.02223e-06
 Reference value :  6.03073e-06
 Reference value :  6.03344e-06
 Reference value :  6.03671e-06
 Reference value :  6.04521e-06
 Reference value :  6.05421e-06
 Reference value :  6.06421e-06
 Reference value :  6.07371e-06
 Reference value :  6.07660e-06
 Reference value :  6.08460e-06
 Reference value :  6.09310e-06
 Reference value :  6.10210e-06
 Reference value :  6.11110e-06
 Reference value :  6.11675e-06
 Reference value :  6.11739e-06
 Reference value :  6.11943e-06
 Reference value :  6.12793e-06
 Reference value :  6.13693e-06
 Reference value :  6.14593e-06
 Reference value :  6.15493e-06
 Reference value :  6.15912e-06
 Reference value :  6.15981e-06
 Reference value :  6.15991e-06
 Reference value :  6.16396e-06
 Reference value :  6.17246e-06
 Reference value :  6.18096e-06
 Reference value :  6.18946e-06
 Reference value :  6.19846e-06
 Reference value :  6.20029e-06
 Reference value :  6.20105e-06
 Reference value :  6.20732e-06
 Reference value :  6.21582e-06
 Reference value :  6.22432e-06
 Reference value :  6.23332e-06
 Reference value :  6.24122e-06
 Reference value :  6.24314e-06
 Reference value :  6.24324e-06
 Reference value :  6.24631e-06
 Reference value :  6.25481e-06
 Reference value :  6.26381e-06
 Reference value :  6.27231e-06
 Reference value :  6.28081e-06
No. of Data Rows : 14146

  Measurements for Transient Analysis

d9_c1               =  -1.33722e-07
d8_c1               =  1.44863e-08
d7_c1               =  1.80000e+00
d6_c1               =  1.80000e+00
d5_c1               =  1.38101e-08
d4_c1               =  1.45954e-08
d3_c1               =  1.80000e+00
d2_c1               =  1.80000e+00
d1_c1               =  1.39151e-08
d0_c1               =  1.80000e+00
d9_c2               =  -1.06198e-06
d8_c2               =  1.80000e+00
d7_c2               =  2.12521e-08
d6_c2               =  1.80000e+00
d5_c2               =  1.80000e+00
d4_c2               =  1.80000e+00
d3_c2               =  1.80000e+00
d2_c2               =  1.80000e+00
d1_c2               =  1.80000e+00
d0_c2               =  1.80000e+00
d9_c3               =  -8.92260e-07
d8_c3               =  1.80000e+00
d7_c3               =  1.80000e+00
d6_c3               =  1.80000e+00
d5_c3               =  1.80000e+00
d4_c3               =  1.80000e+00
d3_c3               =  1.80000e+00
d2_c3               =  1.80000e+00
d1_c3               =  1.80000e+00
d0_c3               =  1.80000e+00
d9_c4               =  1.80001e+00
d8_c4               =  3.40246e-09
d7_c4               =  1.80000e+00
d6_c4               =  3.40474e-09
d5_c4               =  3.40698e-09
d4_c4               =  3.41204e-09
d3_c4               =  3.41259e-09
d2_c4               =  3.41297e-09
d1_c4               =  3.43291e-09
d0_c4               =  1.80000e+00
d9_c5               =  1.80001e+00
d8_c5               =  1.80000e+00
d7_c5               =  1.80000e+00
d6_c5               =  1.80000e+00
d5_c5               =  1.80000e+00
d4_c5               =  1.80000e+00
d3_c5               =  1.80000e+00
d2_c5               =  1.80000e+00
d1_c5               =  1.80000e+00
d0_c5               =  1.80000e+00
busy_c1_p0          =  1.80000e+00
smpl_c1_p0          =  -2.36020e-04
busy_c1_p1          =  1.80000e+00
smpl_c1_p1          =  -1.29185e-05
busy_c1_p2          =  1.80000e+00
smpl_c1_p2          =  -7.72918e-06
busy_c1_p3          =  1.80000e+00
smpl_c1_p3          =  -1.27648e-05
busy_c1_p4          =  1.80000e+00
smpl_c1_p4          =  -1.27554e-05
busy_c1_p5          =  1.80000e+00
smpl_c1_p5          =  -1.27694e-05
busy_c1_p6          =  1.80000e+00
smpl_c1_p6          =  -1.27889e-05
busy_c1_p7          =  1.80000e+00
smpl_c1_p7          =  -1.27843e-05
busy_c1_p8          =  1.80000e+00
smpl_c1_p8          =  -1.27643e-05
busy_c1_p9          =  1.80000e+00
smpl_c1_p9          =  -1.27792e-05
busy_c1_p10         =  1.80000e+00
smpl_c1_p10         =  -1.27769e-05
busy_c1_p11         =  -1.99663e-06
smpl_c1_p11         =  1.80010e+00
busy_c2_p0          =  1.80000e+00
smpl_c2_p0          =  -2.36065e-04
busy_c2_p1          =  1.80000e+00
smpl_c2_p1          =  -1.26431e-05
busy_c2_p2          =  1.80000e+00
smpl_c2_p2          =  -1.24965e-05
busy_c2_p3          =  1.80000e+00
smpl_c2_p3          =  -1.26415e-05
busy_c2_p4          =  1.80000e+00
smpl_c2_p4          =  -1.25709e-05
busy_c2_p5          =  1.80000e+00
smpl_c2_p5          =  -1.25107e-05
busy_c2_p6          =  1.80000e+00
smpl_c2_p6          =  -1.24883e-05
busy_c2_p7          =  1.80000e+00
smpl_c2_p7          =  -1.24684e-05
busy_c2_p8          =  1.80000e+00
smpl_c2_p8          =  -1.24618e-05
busy_c2_p9          =  1.80000e+00
smpl_c2_p9          =  -1.24689e-05
busy_c2_p10         =  1.80000e+00
smpl_c2_p10         =  -1.24699e-05
busy_c2_p11         =  -2.40661e-07
smpl_c2_p11         =  1.80010e+00
busy_c3_p0          =  1.80000e+00
smpl_c3_p0          =  -2.35919e-04
busy_c3_p1          =  1.80000e+00
smpl_c3_p1          =  -1.26157e-05
busy_c3_p2          =  1.80000e+00
smpl_c3_p2          =  -1.26304e-05
busy_c3_p3          =  1.80000e+00
smpl_c3_p3          =  -1.25777e-05
busy_c3_p4          =  1.80000e+00
smpl_c3_p4          =  -1.24691e-05
busy_c3_p5          =  1.80000e+00
smpl_c3_p5          =  -1.24040e-05
busy_c3_p6          =  1.80000e+00
smpl_c3_p6          =  -1.23689e-05
busy_c3_p7          =  1.80000e+00
smpl_c3_p7          =  -1.23496e-05
busy_c3_p8          =  1.80000e+00
smpl_c3_p8          =  -1.23384e-05
busy_c3_p9          =  1.80000e+00
smpl_c3_p9          =  -1.23444e-05
busy_c3_p10         =  1.80000e+00
smpl_c3_p10         =  -1.23398e-05
busy_c3_p11         =  -7.02505e-09
smpl_c3_p11         =  1.80010e+00
busy_c4_p0          =  1.80000e+00
smpl_c4_p0          =  -2.36353e-04
busy_c4_p1          =  1.80000e+00
smpl_c4_p1          =  -1.26491e-05
busy_c4_p2          =  1.80000e+00
smpl_c4_p2          =  -1.25022e-05
busy_c4_p3          =  1.80000e+00
smpl_c4_p3          =  -1.26456e-05
busy_c4_p4          =  1.80000e+00
smpl_c4_p4          =  -1.25594e-05
busy_c4_p5          =  1.80000e+00
smpl_c4_p5          =  -1.25137e-05
busy_c4_p6          =  1.80000e+00
smpl_c4_p6          =  -1.24866e-05
busy_c4_p7          =  1.80000e+00
smpl_c4_p7          =  -1.24765e-05
busy_c4_p8          =  1.80000e+00
smpl_c4_p8          =  -1.24720e-05
busy_c4_p9          =  1.80000e+00
smpl_c4_p9          =  -1.24758e-05
busy_c4_p10         =  1.80000e+00
smpl_c4_p10         =  -1.24747e-05
busy_c4_p11         =  2.04135e-06
smpl_c4_p11         =  1.80010e+00
busy_c5_p0          =  1.80000e+00
smpl_c5_p0          =  -2.36273e-04
busy_c5_p1          =  1.80000e+00
smpl_c5_p1          =  -1.29592e-05
busy_c5_p2          =  1.80000e+00
smpl_c5_p2          =  -7.78469e-06
busy_c5_p3          =  1.80000e+00
smpl_c5_p3          =  -6.63201e-06
busy_c5_p4          =  1.80000e+00
smpl_c5_p4          =  -7.52702e-06
busy_c5_p5          =  1.80000e+00
smpl_c5_p5          =  -8.77238e-06
busy_c5_p6          =  1.80000e+00
smpl_c5_p6          =  -9.96235e-06
busy_c5_p7          =  1.80000e+00
smpl_c5_p7          =  -1.08018e-05
busy_c5_p8          =  1.80000e+00
smpl_c5_p8          =  -1.13302e-05
busy_c5_p9          =  1.80000e+00
smpl_c5_p9          =  -1.16350e-05
busy_c5_p10         =  1.80000e+00
smpl_c5_p10         =  -1.18856e-05
busy_c5_p11         =  8.63703e-07
smpl_c5_p11         =  1.80010e+00
i_vdd               =  -2.06938e-06 from=  3.20000e-06 to=  4.20008e-06
i_vpwr              =  -7.20642e-06 from=  3.20000e-06 to=  4.20008e-06
i_vrefp             =  -6.48959e-06 from=  3.20000e-06 to=  4.20008e-06
i_vrefn             =  6.47813e-06 from=  3.20000e-06 to=  4.20008e-06
i_vcm               =  1.26790e-08 from=  3.20000e-06 to=  4.20008e-06
gnd_die_pp          =  0.00000e+00 from=  3.20000e-06 to=  4.20000e-06
gnd_die_max         =  0.00000e+00 at=  4.19985e-06
gnd_die_min         =  0.00000e+00 at=  4.19985e-06
vgnd_die_pp         =  0.00000e+00 from=  3.20000e-06 to=  4.20000e-06
vgnd_die_max        =  0.00000e+00 at=  4.19985e-06
vgnd_die_min        =  0.00000e+00 at=  4.19985e-06
vdd_die_pp          =  0.00000e+00 from=  3.20000e-06 to=  4.20000e-06
vdd_die_max         =  1.80000e+00 at=  4.19985e-06
vdd_die_min         =  1.80000e+00 at=  4.19985e-06
vpwr_die_pp         =  0.00000e+00 from=  3.20000e-06 to=  4.20000e-06
vpwr_die_max        =  1.80000e+00 at=  4.19985e-06
vpwr_die_min        =  1.80000e+00 at=  4.19985e-06
i_gnda              =  2.15251e-06 from=  3.20000e-06 to=  4.20008e-06


Total analysis time (seconds) = 303.244

Total elapsed time (seconds) = 346.866 

Total DRAM available = 98304.000 MB.
DRAM currently available = 14345.969 MB.
Maximum ngspice program size =  820.266 MB.
Current ngspice program size =  820.266 MB.

