
Note: Compatibility modes selected: hs a


Circuit: * sim/supply-impedance-sensitivity -- ground/supply-return impedance

option SCALE: Scale is set to 1e-06 for instance and model parameters
option SCALE: Scale is set to 1e-06 for instance and model parameters
option SCALE: Scale is set to 1e-06 for instance and model parameters
option SCALE: Scale is set to 1e-06 for instance and model parameters
Doing analysis at TEMP = 27.000000 and TNOM = 27.000000

Using KLU as Direct Linear Solver
 Reference value :  0.00000e+00
 Reference value :  1.01400e-08
 Reference value :  2.06750e-08
 Reference value :  2.77500e-08
 Reference value :  3.67500e-08
 Reference value :  4.57500e-08
 Reference value :  5.47500e-08
 Reference value :  6.27500e-08
 Reference value :  7.12500e-08
 Reference value :  8.02500e-08
 Reference value :  8.87500e-08
 Reference value :  9.72500e-08
 Reference value :  1.06250e-07
 Reference value :  1.15750e-07
 Reference value :  1.24750e-07
 Reference value :  1.36750e-07
 Reference value :  1.48750e-07
 Reference value :  1.62250e-07
 Reference value :  1.74250e-07
 Reference value :  1.86250e-07
 Reference value :  1.98250e-07
 Reference value :  2.00500e-07
 Reference value :  2.01025e-07
 Reference value :  2.01920e-07
 Reference value :  2.11767e-07
 Reference value :  2.20767e-07
 Reference value :  2.30267e-07
 Reference value :  2.38767e-07
 Reference value :  2.42317e-07
 Reference value :  2.44169e-07
 Reference value :  2.50719e-07
 Reference value :  2.59719e-07
 Reference value :  2.68219e-07
 Reference value :  2.77219e-07
 Reference value :  2.83461e-07
 Reference value :  2.84052e-07
 Reference value :  2.84829e-07
 Reference value :  2.87489e-07
 Reference value :  2.95489e-07
 Reference value :  3.03989e-07
 Reference value :  3.13989e-07
 Reference value :  3.24550e-07
 Reference value :  3.26858e-07
 Reference value :  3.37858e-07
 Reference value :  3.46858e-07
 Reference value :  3.55858e-07
 Reference value :  3.64358e-07
 Reference value :  3.66985e-07
 Reference value :  3.69656e-07
 Reference value :  3.78156e-07
 Reference value :  3.86656e-07
 Reference value :  3.95156e-07
 Reference value :  4.04656e-07
 Reference value :  4.08983e-07
 Reference value :  4.14198e-07
 Reference value :  4.19198e-07
 Reference value :  4.27698e-07
 Reference value :  4.36698e-07
 Reference value :  4.45198e-07
 Reference value :  4.50128e-07
 Reference value :  4.50839e-07
 Reference value :  4.51606e-07
 Reference value :  4.55097e-07
 Reference value :  4.64597e-07
 Reference value :  4.73597e-07
 Reference value :  4.82597e-07
 Reference value :  4.91317e-07
 Reference value :  4.94040e-07
 Reference value :  5.03040e-07
 Reference value :  5.11540e-07
 Reference value :  5.21040e-07
 Reference value :  5.30040e-07
 Reference value :  5.33469e-07
 Reference value :  5.34326e-07
 Reference value :  5.41393e-07
 Reference value :  5.50393e-07
 Reference value :  5.58893e-07
 Reference value :  5.67893e-07
 Reference value :  5.75175e-07
 Reference value :  5.77864e-07
 Reference value :  5.85364e-07
 Reference value :  5.93364e-07
 Reference value :  5.98364e-07
 Reference value :  6.05364e-07
 Reference value :  6.14864e-07
 Reference value :  6.16981e-07
 Reference value :  6.17783e-07
 Reference value :  6.18965e-07
 Reference value :  6.25740e-07
 Reference value :  6.34740e-07
 Reference value :  6.44240e-07
 Reference value :  6.53740e-07
 Reference value :  6.58883e-07
 Reference value :  6.64201e-07
 Reference value :  6.72701e-07
 Reference value :  6.81201e-07
 Reference value :  6.89701e-07
 Reference value :  6.98701e-07
 Reference value :  7.00500e-07
 Reference value :  7.01111e-07
 Reference value :  7.08148e-07
 Reference value :  7.16648e-07
 Reference value :  7.25148e-07
 Reference value :  7.33648e-07
 Reference value :  7.41217e-07
 Reference value :  7.43532e-07
 Reference value :  7.51532e-07
 Reference value :  7.60032e-07
 Reference value :  7.68532e-07
 Reference value :  7.77032e-07
 Reference value :  7.81532e-07
 Reference value :  7.83647e-07
 Reference value :  7.84308e-07
 Reference value :  7.85550e-07
 Reference value :  7.92355e-07
 Reference value :  8.00355e-07
 Reference value :  8.08855e-07
 Reference value :  8.17855e-07
 Reference value :  8.24850e-07
 Reference value :  8.27366e-07
 Reference value :  8.34866e-07
 Reference value :  8.43366e-07
 Reference value :  8.51866e-07
 Reference value :  8.60366e-07
 Reference value :  8.66795e-07
 Reference value :  8.67345e-07
 Reference value :  8.68203e-07
 Reference value :  8.76337e-07
 Reference value :  8.85337e-07
 Reference value :  8.93837e-07
 Reference value :  9.02337e-07
 Reference value :  9.08833e-07
 Reference value :  9.12199e-07
 Reference value :  9.21199e-07
 Reference value :  9.29699e-07
 Reference value :  9.38699e-07
 Reference value :  9.47199e-07
 Reference value :  9.50314e-07
 Reference value :  9.50747e-07
 Reference value :  9.51543e-07
 Reference value :  9.55682e-07
 Reference value :  9.64182e-07
 Reference value :  9.73182e-07
 Reference value :  9.81682e-07
 Reference value :  9.90682e-07
 Reference value :  9.92709e-07
 Reference value :  9.99533e-07
 Reference value :  1.00803e-06
 Reference value :  1.01653e-06
 Reference value :  1.02503e-06
 Reference value :  1.03153e-06
 Reference value :  1.03346e-06
 Reference value :  1.03438e-06
 Reference value :  1.03776e-06
 Reference value :  1.04576e-06
 Reference value :  1.05476e-06
 Reference value :  1.06376e-06
 Reference value :  1.07226e-06
 Reference value :  1.07565e-06
 Reference value :  1.08187e-06
 Reference value :  1.09037e-06
 Reference value :  1.09887e-06
 Reference value :  1.10787e-06
 Reference value :  1.11537e-06
 Reference value :  1.11717e-06
 Reference value :  1.11775e-06
 Reference value :  1.11966e-06
 Reference value :  1.12766e-06
 Reference value :  1.13666e-06
 Reference value :  1.14516e-06
 Reference value :  1.15366e-06
 Reference value :  1.15883e-06
 Reference value :  1.16120e-06
 Reference value :  1.16889e-06
 Reference value :  1.17739e-06
 Reference value :  1.18589e-06
 Reference value :  1.19539e-06
 Reference value :  1.20013e-06
 Reference value :  1.20071e-06
 Reference value :  1.20133e-06
 Reference value :  1.20574e-06
 Reference value :  1.21374e-06
 Reference value :  1.22224e-06
 Reference value :  1.23074e-06
 Reference value :  1.23974e-06
 Reference value :  1.24252e-06
 Reference value :  1.24434e-06
 Reference value :  1.25094e-06
 Reference value :  1.25994e-06
 Reference value :  1.27044e-06
 Reference value :  1.28044e-06
 Reference value :  1.28365e-06
 Reference value :  1.28453e-06
 Reference value :  1.28605e-06
 Reference value :  1.29645e-06
 Reference value :  1.30695e-06
 Reference value :  1.31745e-06
 Reference value :  1.32550e-06
 Reference value :  1.32820e-06
 Reference value :  1.33670e-06
 Reference value :  1.34370e-06
 Reference value :  1.35420e-06
 Reference value :  1.36320e-06
 Reference value :  1.36717e-06
 Reference value :  1.36791e-06
 Reference value :  1.37016e-06
 Reference value :  1.37766e-06
 Reference value :  1.38666e-06
 Reference value :  1.39566e-06
 Reference value :  1.40466e-06
 Reference value :  1.40888e-06
 Reference value :  1.41476e-06
 Reference value :  1.42276e-06
 Reference value :  1.43126e-06
 Reference value :  1.43976e-06
 Reference value :  1.44826e-06
 Reference value :  1.45032e-06
 Reference value :  1.45343e-06
 Reference value :  1.46243e-06
 Reference value :  1.47093e-06
 Reference value :  1.47993e-06
 Reference value :  1.48893e-06
 Reference value :  1.49232e-06
 Reference value :  1.49954e-06
 Reference value :  1.50854e-06
 Reference value :  1.51754e-06
 Reference value :  1.52704e-06
 Reference value :  1.53347e-06
 Reference value :  1.53453e-06
 Reference value :  1.54200e-06
 Reference value :  1.55050e-06
 Reference value :  1.55850e-06
 Reference value :  1.56650e-06
 Reference value :  1.57450e-06
 Reference value :  1.57643e-06
 Reference value :  1.58387e-06
 Reference value :  1.59237e-06
 Reference value :  1.60087e-06
 Reference value :  1.60937e-06
 Reference value :  1.61577e-06
 Reference value :  1.61717e-06
 Reference value :  1.61775e-06
 Reference value :  1.62095e-06
 Reference value :  1.63095e-06
 Reference value :  1.63995e-06
 Reference value :  1.64845e-06
 Reference value :  1.65695e-06
 Reference value :  1.65938e-06
 Reference value :  1.66720e-06
 Reference value :  1.67620e-06
 Reference value :  1.68520e-06
 Reference value :  1.69370e-06
 Reference value :  1.70013e-06
 Reference value :  1.70082e-06
 Reference value :  1.70528e-06
 Reference value :  1.71328e-06
 Reference value :  1.72178e-06
 Reference value :  1.73028e-06
 Reference value :  1.73928e-06
 Reference value :  1.74232e-06
 Reference value :  1.74903e-06
 Reference value :  1.75803e-06
 Reference value :  1.76653e-06
 Reference value :  1.77503e-06
 Reference value :  1.78288e-06
 Reference value :  1.78383e-06
 Reference value :  1.78429e-06
 Reference value :  1.79140e-06
 Reference value :  1.79990e-06
 Reference value :  1.80840e-06
 Reference value :  1.81690e-06
 Reference value :  1.82465e-06
 Reference value :  1.82687e-06
 Reference value :  1.83487e-06
 Reference value :  1.84437e-06
 Reference value :  1.85287e-06
 Reference value :  1.86137e-06
 Reference value :  1.86679e-06
 Reference value :  1.86740e-06
 Reference value :  1.86935e-06
 Reference value :  1.87785e-06
 Reference value :  1.88735e-06
 Reference value :  1.89635e-06
 Reference value :  1.90485e-06
 Reference value :  1.90888e-06
 Reference value :  1.91420e-06
 Reference value :  1.92270e-06
 Reference value :  1.93120e-06
 Reference value :  1.94020e-06
 Reference value :  1.94820e-06
 Reference value :  1.95050e-06
 Reference value :  1.95090e-06
 Reference value :  1.95503e-06
 Reference value :  1.96453e-06
 Reference value :  1.97303e-06
 Reference value :  1.98153e-06
 Reference value :  1.99053e-06
 Reference value :  1.99271e-06
 Reference value :  1.99953e-06
 Reference value :  2.00803e-06
 Reference value :  2.01653e-06
 Reference value :  2.02703e-06
 Reference value :  2.03346e-06
 Reference value :  2.03430e-06
 Reference value :  2.03790e-06
 Reference value :  2.04640e-06
 Reference value :  2.05590e-06
 Reference value :  2.06690e-06
 Reference value :  2.07455e-06
 Reference value :  2.07737e-06
 Reference value :  2.08537e-06
 Reference value :  2.09437e-06
 Reference value :  2.10637e-06
 Reference value :  2.11487e-06
 Reference value :  2.11717e-06
 Reference value :  2.11788e-06
 Reference value :  2.12121e-06
 Reference value :  2.13071e-06
 Reference value :  2.14521e-06
 Reference value :  2.15798e-06
 Reference value :  2.16099e-06
 Reference value :  2.17219e-06
 Reference value :  2.18569e-06
 Reference value :  2.19869e-06
 Reference value :  2.20081e-06
 Reference value :  2.20428e-06
 Reference value :  2.21728e-06
 Reference value :  2.23078e-06
 Reference value :  2.24217e-06
 Reference value :  2.24515e-06
 Reference value :  2.25863e-06
 Reference value :  2.27213e-06
 Reference value :  2.28163e-06
 Reference value :  2.28383e-06
 Reference value :  2.28455e-06
 Reference value :  2.28900e-06
 Reference value :  2.29900e-06
 Reference value :  2.30950e-06
 Reference value :  2.31850e-06
 Reference value :  2.32550e-06
 Reference value :  2.33286e-06
 Reference value :  2.34286e-06
 Reference value :  2.35186e-06
 Reference value :  2.36036e-06
 Reference value :  2.36679e-06
 Reference value :  2.36736e-06
 Reference value :  2.36827e-06
 Reference value :  2.38286e-06
 Reference value :  2.39136e-06
 Reference value :  2.40036e-06
 Reference value :  2.40798e-06
 Reference value :  2.41071e-06
 Reference value :  2.42271e-06
 Reference value :  2.42671e-06
 Reference value :  2.43421e-06
 Reference value :  2.44321e-06
 Reference value :  2.45013e-06
 Reference value :  2.45112e-06
 Reference value :  2.45299e-06
 Reference value :  2.46049e-06
 Reference value :  2.46999e-06
 Reference value :  2.47899e-06
 Reference value :  2.48849e-06
 Reference value :  2.49252e-06
 Reference value :  2.50053e-06
 Reference value :  2.50853e-06
 Reference value :  2.51753e-06
 Reference value :  2.52653e-06
 Reference value :  2.53346e-06
 Reference value :  2.53418e-06
 Reference value :  2.53709e-06
 Reference value :  2.54609e-06
 Reference value :  2.55509e-06
 Reference value :  2.56459e-06
 Reference value :  2.57404e-06
 Reference value :  2.57737e-06
 Reference value :  2.58537e-06
 Reference value :  2.59187e-06
 Reference value :  2.60037e-06
 Reference value :  2.60887e-06
 Reference value :  2.61679e-06
 Reference value :  2.61743e-06
 Reference value :  2.61930e-06
 Reference value :  2.62780e-06
 Reference value :  2.63680e-06
 Reference value :  2.64630e-06
 Reference value :  2.65580e-06
 Reference value :  2.65898e-06
 Reference value :  2.66521e-06
 Reference value :  2.67321e-06
 Reference value :  2.68121e-06
 Reference value :  2.69021e-06
 Reference value :  2.69955e-06
 Reference value :  2.70050e-06
 Reference value :  2.70097e-06
 Reference value :  2.70463e-06
 Reference value :  2.71413e-06
 Reference value :  2.72413e-06
 Reference value :  2.73263e-06
 Reference value :  2.74117e-06
 Reference value :  2.74354e-06
 Reference value :  2.75104e-06
 Reference value :  2.75804e-06
 Reference value :  2.76704e-06
 Reference value :  2.77604e-06
 Reference value :  2.78318e-06
 Reference value :  2.78386e-06
 Reference value :  2.78452e-06
 Reference value :  2.79132e-06
 Reference value :  2.80082e-06
 Reference value :  2.80932e-06
 Reference value :  2.81832e-06
 Reference value :  2.82517e-06
 Reference value :  2.82888e-06
 Reference value :  2.83738e-06
 Reference value :  2.84338e-06
 Reference value :  2.85188e-06
 Reference value :  2.86038e-06
 Reference value :  2.86679e-06
 Reference value :  2.86740e-06
 Reference value :  2.86870e-06
 Reference value :  2.87770e-06
 Reference value :  2.88620e-06
 Reference value :  2.89520e-06
 Reference value :  2.90420e-06
 Reference value :  2.90918e-06
 Reference value :  2.91721e-06
 Reference value :  2.92421e-06
 Reference value :  2.93221e-06
 Reference value :  2.94121e-06
 Reference value :  2.95004e-06
 Reference value :  2.95068e-06
 Reference value :  2.95124e-06
 Reference value :  2.95814e-06
 Reference value :  2.96864e-06
 Reference value :  2.97714e-06
 Reference value :  2.98614e-06
 Reference value :  2.99217e-06
 Reference value :  2.99604e-06
 Reference value :  3.00504e-06
 Reference value :  3.01204e-06
 Reference value :  3.02204e-06
 Reference value :  3.03054e-06
 Reference value :  3.03365e-06
 Reference value :  3.03445e-06
 Reference value :  3.03996e-06
 Reference value :  3.04896e-06
 Reference value :  3.05796e-06
 Reference value :  3.06646e-06
 Reference value :  3.07485e-06
 Reference value :  3.07788e-06
 Reference value :  3.08638e-06
 Reference value :  3.09288e-06
 Reference value :  3.10188e-06
 Reference value :  3.11088e-06
 Reference value :  3.11679e-06
 Reference value :  3.11773e-06
 Reference value :  3.11873e-06
 Reference value :  3.12621e-06
 Reference value :  3.13471e-06
 Reference value :  3.14321e-06
 Reference value :  3.15221e-06
 Reference value :  3.15883e-06
 Reference value :  3.16208e-06
 Reference value :  3.16776e-06
 Reference value :  3.17726e-06
 Reference value :  3.18576e-06
 Reference value :  3.19426e-06
 Reference value :  3.20013e-06
 Reference value :  3.20081e-06
 Reference value :  3.20191e-06
 Reference value :  3.20981e-06
 Reference value :  3.21831e-06
 Reference value :  3.22731e-06
 Reference value :  3.23681e-06
 Reference value :  3.24222e-06
 Reference value :  3.24545e-06
 Reference value :  3.24989e-06
 Reference value :  3.25939e-06
 Reference value :  3.26789e-06
 Reference value :  3.27689e-06
 Reference value :  3.28346e-06
 Reference value :  3.28405e-06
 Reference value :  3.28503e-06
 Reference value :  3.29069e-06
 Reference value :  3.29919e-06
 Reference value :  3.30819e-06
 Reference value :  3.31719e-06
 Reference value :  3.32550e-06
 Reference value :  3.32774e-06
 Reference value :  3.32789e-06
 Reference value :  3.33513e-06
 Reference value :  3.34913e-06
 Reference value :  3.35813e-06
 Reference value :  3.36617e-06
 Reference value :  3.36717e-06
 Reference value :  3.36764e-06
 Reference value :  3.37208e-06
 Reference value :  3.38408e-06
 Reference value :  3.39408e-06
 Reference value :  3.40258e-06
 Reference value :  3.40883e-06
 Reference value :  3.41101e-06
 Reference value :  3.41584e-06
 Reference value :  3.42884e-06
 Reference value :  3.43784e-06
 Reference value :  3.44734e-06
 Reference value :  3.45031e-06
 Reference value :  3.45077e-06
 Reference value :  3.45342e-06
 Reference value :  3.46342e-06
 Reference value :  3.47292e-06
 Reference value :  3.48142e-06
 Reference value :  3.48992e-06
 Reference value :  3.49252e-06
 Reference value :  3.49442e-06
 Reference value :  3.49457e-06
 Reference value :  3.50030e-06
 Reference value :  3.50930e-06
 Reference value :  3.51830e-06
 Reference value :  3.52880e-06
 Reference value :  3.53346e-06
 Reference value :  3.53410e-06
 Reference value :  3.53676e-06
 Reference value :  3.54626e-06
 Reference value :  3.55576e-06
 Reference value :  3.56426e-06
 Reference value :  3.57326e-06
 Reference value :  3.57585e-06
 Reference value :  3.57812e-06
 Reference value :  3.58655e-06
 Reference value :  3.59505e-06
 Reference value :  3.60405e-06
 Reference value :  3.61305e-06
 Reference value :  3.61679e-06
 Reference value :  3.61743e-06
 Reference value :  3.62060e-06
 Reference value :  3.62910e-06
 Reference value :  3.63810e-06
 Reference value :  3.64660e-06
 Reference value :  3.65510e-06
 Reference value :  3.65898e-06
 Reference value :  3.66149e-06
 Reference value :  3.66945e-06
 Reference value :  3.67795e-06
 Reference value :  3.68645e-06
 Reference value :  3.69545e-06
 Reference value :  3.70013e-06
 Reference value :  3.70077e-06
 Reference value :  3.70292e-06
 Reference value :  3.71192e-06
 Reference value :  3.72042e-06
 Reference value :  3.72892e-06
 Reference value :  3.73842e-06
 Reference value :  3.74232e-06
 Reference value :  3.74572e-06
 Reference value :  3.75417e-06
 Reference value :  3.76367e-06
 Reference value :  3.77267e-06
 Reference value :  3.78167e-06
 Reference value :  3.78383e-06
 Reference value :  3.78442e-06
 Reference value :  3.78829e-06
 Reference value :  3.79779e-06
 Reference value :  3.80629e-06
 Reference value :  3.81479e-06
 Reference value :  3.82329e-06
 Reference value :  3.82585e-06
 Reference value :  3.82943e-06
 Reference value :  3.83943e-06
 Reference value :  3.84893e-06
 Reference value :  3.85743e-06
 Reference value :  3.86622e-06
 Reference value :  3.86719e-06
 Reference value :  3.86776e-06
 Reference value :  3.87218e-06
 Reference value :  3.88118e-06
 Reference value :  3.89068e-06
 Reference value :  3.89968e-06
 Reference value :  3.90751e-06
 Reference value :  3.90938e-06
 Reference value :  3.91275e-06
 Reference value :  3.92165e-06
 Reference value :  3.93015e-06
 Reference value :  3.94015e-06
 Reference value :  3.94950e-06
 Reference value :  3.95052e-06
 Reference value :  3.95100e-06
 Reference value :  3.95204e-06
 Reference value :  3.96154e-06
 Reference value :  3.97004e-06
 Reference value :  3.97904e-06
 Reference value :  3.98804e-06
 Reference value :  3.99222e-06
 Reference value :  3.99491e-06
 Reference value :  4.00004e-06
 Reference value :  4.00854e-06
 Reference value :  4.01754e-06
 Reference value :  4.02704e-06
 Reference value :  4.03346e-06
 Reference value :  4.03430e-06
 Reference value :  4.03952e-06
 Reference value :  4.04852e-06
 Reference value :  4.05702e-06
 Reference value :  4.06552e-06
 Reference value :  4.07402e-06
 Reference value :  4.07643e-06
 Reference value :  4.07922e-06
 Reference value :  4.08708e-06
 Reference value :  4.09558e-06
 Reference value :  4.10408e-06
 Reference value :  4.11308e-06
 Reference value :  4.11698e-06
 Reference value :  4.11796e-06
 Reference value :  4.12023e-06
 Reference value :  4.12873e-06
 Reference value :  4.13723e-06
 Reference value :  4.14573e-06
 Reference value :  4.15423e-06
 Reference value :  4.15898e-06
 Reference value :  4.16070e-06
 Reference value :  4.16789e-06
 Reference value :  4.17739e-06
 Reference value :  4.18589e-06
 Reference value :  4.19389e-06
 Reference value :  4.20013e-06
 Reference value :  4.20050e-06
 Reference value :  4.20113e-06
 Reference value :  4.20482e-06
 Reference value :  4.21382e-06
 Reference value :  4.22282e-06
 Reference value :  4.23132e-06
 Reference value :  4.23982e-06
 Reference value :  4.24252e-06
 Reference value :  4.24415e-06
 Reference value :  4.25014e-06
 Reference value :  4.25864e-06
 Reference value :  4.26814e-06
 Reference value :  4.27714e-06
 Reference value :  4.28346e-06
 Reference value :  4.28416e-06
 Reference value :  4.28581e-06
 Reference value :  4.29481e-06
 Reference value :  4.30481e-06
 Reference value :  4.31531e-06
 Reference value :  4.32416e-06
 Reference value :  4.32604e-06
 Reference value :  4.33286e-06
 Reference value :  4.34086e-06
 Reference value :  4.34486e-06
 Reference value :  4.35386e-06
 Reference value :  4.36286e-06
 Reference value :  4.36679e-06
 Reference value :  4.36731e-06
 Reference value :  4.36813e-06
 Reference value :  4.37250e-06
 Reference value :  4.38100e-06
 Reference value :  4.39000e-06
 Reference value :  4.39900e-06
 Reference value :  4.40783e-06
 Reference value :  4.40976e-06
 Reference value :  4.41671e-06
 Reference value :  4.42371e-06
 Reference value :  4.43171e-06
 Reference value :  4.44121e-06
 Reference value :  4.44950e-06
 Reference value :  4.45050e-06
 Reference value :  4.45166e-06
 Reference value :  4.46034e-06
 Reference value :  4.46934e-06
 Reference value :  4.47834e-06
 Reference value :  4.48684e-06
 Reference value :  4.49217e-06
 Reference value :  4.49603e-06
 Reference value :  4.50503e-06
 Reference value :  4.50953e-06
 Reference value :  4.51703e-06
 Reference value :  4.52603e-06
 Reference value :  4.53346e-06
 Reference value :  4.53406e-06
 Reference value :  4.53493e-06
 Reference value :  4.53967e-06
 Reference value :  4.54867e-06
 Reference value :  4.55717e-06
 Reference value :  4.56617e-06
 Reference value :  4.57450e-06
 Reference value :  4.57604e-06
 Reference value :  4.58287e-06
 Reference value :  4.59137e-06
 Reference value :  4.59587e-06
 Reference value :  4.60437e-06
 Reference value :  4.61387e-06
 Reference value :  4.61698e-06
 Reference value :  4.61758e-06
 Reference value :  4.61812e-06
 Reference value :  4.62200e-06
 Reference value :  4.63000e-06
 Reference value :  4.63850e-06
 Reference value :  4.64700e-06
 Reference value :  4.65650e-06
 Reference value :  4.65918e-06
 Reference value :  4.66571e-06
 Reference value :  4.67371e-06
 Reference value :  4.67821e-06
 Reference value :  4.68721e-06
 Reference value :  4.69621e-06
 Reference value :  4.70013e-06
 Reference value :  4.70072e-06
 Reference value :  4.70145e-06
 Reference value :  4.70534e-06
 Reference value :  4.71334e-06
 Reference value :  4.72234e-06
 Reference value :  4.73084e-06
 Reference value :  4.73934e-06
 Reference value :  4.74232e-06
 Reference value :  4.74804e-06
 Reference value :  4.75654e-06
 Reference value :  4.76004e-06
 Reference value :  4.76854e-06
 Reference value :  4.77804e-06
 Reference value :  4.78346e-06
 Reference value :  4.78406e-06
 Reference value :  4.78467e-06
 Reference value :  4.78661e-06
 Reference value :  4.79311e-06
 Reference value :  4.80111e-06
 Reference value :  4.80961e-06
 Reference value :  4.81811e-06
 Reference value :  4.82517e-06
 Reference value :  4.82788e-06
 Reference value :  4.83538e-06
 Reference value :  4.84138e-06
 Reference value :  4.84738e-06
 Reference value :  4.85588e-06
 Reference value :  4.86488e-06
 Reference value :  4.86698e-06
 Reference value :  4.86744e-06
 Reference value :  4.86810e-06
 Reference value :  4.87241e-06
 Reference value :  4.88141e-06
 Reference value :  4.88991e-06
 Reference value :  4.89841e-06
 Reference value :  4.90737e-06
 Reference value :  4.90938e-06
 Reference value :  4.91621e-06
 Reference value :  4.92471e-06
 Reference value :  4.92871e-06
 Reference value :  4.93771e-06
 Reference value :  4.94671e-06
 Reference value :  4.95037e-06
 Reference value :  4.95077e-06
 Reference value :  4.95144e-06
 Reference value :  4.95584e-06
 Reference value :  4.96284e-06
 Reference value :  4.97184e-06
 Reference value :  4.98034e-06
 Reference value :  4.98884e-06
 Reference value :  4.99232e-06
 Reference value :  4.99804e-06
 Reference value :  5.00704e-06
 Reference value :  5.01454e-06
 Reference value :  5.02354e-06
 Reference value :  5.03244e-06
 Reference value :  5.03383e-06
 Reference value :  5.03464e-06
 Reference value :  5.04130e-06
 Reference value :  5.04980e-06
 Reference value :  5.05830e-06
 Reference value :  5.06680e-06
 Reference value :  5.07465e-06
 Reference value :  5.07738e-06
 Reference value :  5.08438e-06
 Reference value :  5.09138e-06
 Reference value :  5.09988e-06
 Reference value :  5.10888e-06
 Reference value :  5.11679e-06
 Reference value :  5.11746e-06
 Reference value :  5.11811e-06
 Reference value :  5.12034e-06
 Reference value :  5.12884e-06
 Reference value :  5.13834e-06
 Reference value :  5.14734e-06
 Reference value :  5.15584e-06
 Reference value :  5.15951e-06
 Reference value :  5.16153e-06
 Reference value :  5.16840e-06
 Reference value :  5.17740e-06
 Reference value :  5.18590e-06
 Reference value :  5.19440e-06
 Reference value :  5.20013e-06
 Reference value :  5.20081e-06
 Reference value :  5.20142e-06
 Reference value :  5.20827e-06
 Reference value :  5.21677e-06
 Reference value :  5.22527e-06
 Reference value :  5.23327e-06
 Reference value :  5.24132e-06
 Reference value :  5.24345e-06
 Reference value :  5.24745e-06
 Reference value :  5.25595e-06
 Reference value :  5.26445e-06
 Reference value :  5.27295e-06
 Reference value :  5.28145e-06
 Reference value :  5.28383e-06
 Reference value :  5.28458e-06
 Reference value :  5.28968e-06
 Reference value :  5.29868e-06
 Reference value :  5.30768e-06
 Reference value :  5.31618e-06
 Reference value :  5.32450e-06
 Reference value :  5.32643e-06
 Reference value :  5.33170e-06
 Reference value :  5.33770e-06
 Reference value :  5.34620e-06
 Reference value :  5.35420e-06
 Reference value :  5.36270e-06
 Reference value :  5.36679e-06
 Reference value :  5.36777e-06
 Reference value :  5.37183e-06
 Reference value :  5.38083e-06
 Reference value :  5.38983e-06
 Reference value :  5.39883e-06
 Reference value :  5.40758e-06
 Reference value :  5.41026e-06
 Reference value :  5.42026e-06
 Reference value :  5.42976e-06
 Reference value :  5.43876e-06
 Reference value :  5.44776e-06
 Reference value :  5.45014e-06
 Reference value :  5.45249e-06
 Reference value :  5.46099e-06
 Reference value :  5.46949e-06
 Reference value :  5.47849e-06
 Reference value :  5.48749e-06
 Reference value :  5.49222e-06
 Reference value :  5.49809e-06
 Reference value :  5.50709e-06
 Reference value :  5.51559e-06
 Reference value :  5.52459e-06
 Reference value :  5.53283e-06
 Reference value :  5.53365e-06
 Reference value :  5.53684e-06
 Reference value :  5.54584e-06
 Reference value :  5.55434e-06
 Reference value :  5.56384e-06
 Reference value :  5.57284e-06
 Reference value :  5.57565e-06
 Reference value :  5.58243e-06
 Reference value :  5.59093e-06
 Reference value :  5.59943e-06
 Reference value :  5.60843e-06
 Reference value :  5.61632e-06
 Reference value :  5.61717e-06
 Reference value :  5.62200e-06
 Reference value :  5.63050e-06
 Reference value :  5.63900e-06
 Reference value :  5.64750e-06
 Reference value :  5.65600e-06
 Reference value :  5.65938e-06
 Reference value :  5.66726e-06
 Reference value :  5.67626e-06
 Reference value :  5.68476e-06
 Reference value :  5.69326e-06
 Reference value :  5.70014e-06
 Reference value :  5.70219e-06
 Reference value :  5.71069e-06
 Reference value :  5.71919e-06
 Reference value :  5.72769e-06
 Reference value :  5.73619e-06
 Reference value :  5.74217e-06
 Reference value :  5.74659e-06
 Reference value :  5.75609e-06
 Reference value :  5.76459e-06
 Reference value :  5.77409e-06
 Reference value :  5.78246e-06
 Reference value :  5.78365e-06
 Reference value :  5.78467e-06
 Reference value :  5.79265e-06
 Reference value :  5.80115e-06
 Reference value :  5.81015e-06
 Reference value :  5.81865e-06
 Reference value :  5.82517e-06
 Reference value :  5.82843e-06
 Reference value :  5.83693e-06
 Reference value :  5.84493e-06
 Reference value :  5.85393e-06
 Reference value :  5.86293e-06
 Reference value :  5.86680e-06
 Reference value :  5.86740e-06
 Reference value :  5.87375e-06
 Reference value :  5.88225e-06
 Reference value :  5.89075e-06
 Reference value :  5.89975e-06
 Reference value :  5.90783e-06
 Reference value :  5.90976e-06
 Reference value :  5.91776e-06
 Reference value :  5.92626e-06
 Reference value :  5.93476e-06
 Reference value :  5.94426e-06
 Reference value :  5.95014e-06
 Reference value :  5.95073e-06
 Reference value :  5.95763e-06
 Reference value :  5.96613e-06
 Reference value :  5.97463e-06
 Reference value :  5.98313e-06
 Reference value :  5.99117e-06
 Reference value :  5.99309e-06
 Reference value :  6.00109e-06
 Reference value :  6.01009e-06
 Reference value :  6.01859e-06
 Reference value :  6.02709e-06
 Reference value :  6.03347e-06
 Reference value :  6.03565e-06
 Reference value :  6.04415e-06
 Reference value :  6.05265e-06
 Reference value :  6.06165e-06
 Reference value :  6.07015e-06
 Reference value :  6.07550e-06
 Reference value :  6.07993e-06
 Reference value :  6.08843e-06
 Reference value :  6.09693e-06
 Reference value :  6.10643e-06
 Reference value :  6.11543e-06
 Reference value :  6.11699e-06
 Reference value :  6.11770e-06
 Reference value :  6.12096e-06
 Reference value :  6.12996e-06
 Reference value :  6.13846e-06
 Reference value :  6.14696e-06
 Reference value :  6.15596e-06
 Reference value :  6.15951e-06
 Reference value :  6.16151e-06
 Reference value :  6.16888e-06
 Reference value :  6.17738e-06
 Reference value :  6.18588e-06
 Reference value :  6.19488e-06
 Reference value :  6.20013e-06
 Reference value :  6.20081e-06
 Reference value :  6.20142e-06
 Reference value :  6.20877e-06
 Reference value :  6.21777e-06
 Reference value :  6.22827e-06
 Reference value :  6.23727e-06
 Reference value :  6.24222e-06
 Reference value :  6.24406e-06
 Reference value :  6.25095e-06
 Reference value :  6.26045e-06
 Reference value :  6.26895e-06
 Reference value :  6.27745e-06
No. of Data Rows : 14204

  Measurements for Transient Analysis

d9_c1               =  6.45000e-07
d8_c1               =  1.70060e-07
d7_c1               =  1.80000e+00
d6_c1               =  1.80000e+00
d5_c1               =  2.17710e-07
d4_c1               =  1.80000e+00
d3_c1               =  1.80000e+00
d2_c1               =  1.80000e+00
d1_c1               =  1.80000e+00
d0_c1               =  1.80000e+00
d9_c2               =  6.21292e-07
d8_c2               =  1.80000e+00
d7_c2               =  1.54504e-07
d6_c2               =  1.80000e+00
d5_c2               =  1.80000e+00
d4_c2               =  1.80000e+00
d3_c2               =  1.80000e+00
d2_c2               =  1.80000e+00
d1_c2               =  1.80000e+00
d0_c2               =  1.79999e+00
d9_c3               =  9.97049e-07
d8_c3               =  1.80000e+00
d7_c3               =  1.80000e+00
d6_c3               =  1.80000e+00
d5_c3               =  1.80000e+00
d4_c3               =  1.80000e+00
d3_c3               =  1.80000e+00
d2_c3               =  1.80000e+00
d1_c3               =  1.80000e+00
d0_c3               =  1.80000e+00
d9_c4               =  1.80001e+00
d8_c4               =  -1.00834e-08
d7_c4               =  1.80000e+00
d6_c4               =  -1.57823e-08
d5_c4               =  -2.03031e-08
d4_c4               =  -2.69808e-08
d3_c4               =  -3.77703e-08
d2_c4               =  -5.79165e-08
d1_c4               =  -1.07507e-07
d0_c4               =  1.80000e+00
d9_c5               =  1.80001e+00
d8_c5               =  1.80000e+00
d7_c5               =  1.80000e+00
d6_c5               =  1.80000e+00
d5_c5               =  1.80000e+00
d4_c5               =  1.80000e+00
d3_c5               =  1.80000e+00
d2_c5               =  1.80000e+00
d1_c5               =  1.80000e+00
d0_c5               =  1.80000e+00
busy_c1_p0          =  1.80000e+00
smpl_c1_p0          =  4.72292e-06
busy_c1_p1          =  1.80000e+00
smpl_c1_p1          =  4.41790e-06
busy_c1_p2          =  1.80000e+00
smpl_c1_p2          =  1.01324e-05
busy_c1_p3          =  1.80000e+00
smpl_c1_p3          =  4.55917e-06
busy_c1_p4          =  1.80000e+00
smpl_c1_p4          =  4.54915e-06
busy_c1_p5          =  1.80000e+00
smpl_c1_p5          =  4.54262e-06
busy_c1_p6          =  1.80000e+00
smpl_c1_p6          =  4.51750e-06
busy_c1_p7          =  1.80000e+00
smpl_c1_p7          =  4.53889e-06
busy_c1_p8          =  1.80000e+00
smpl_c1_p8          =  4.55205e-06
busy_c1_p9          =  1.80000e+00
smpl_c1_p9          =  4.55908e-06
busy_c1_p10         =  1.80000e+00
smpl_c1_p10         =  4.55462e-06
busy_c1_p11         =  1.48664e-07
smpl_c1_p11         =  1.80000e+00
busy_c2_p0          =  1.80000e+00
smpl_c2_p0          =  4.71059e-06
busy_c2_p1          =  1.80000e+00
smpl_c2_p1          =  4.58199e-06
busy_c2_p2          =  1.80000e+00
smpl_c2_p2          =  4.67846e-06
busy_c2_p3          =  1.80000e+00
smpl_c2_p3          =  4.59934e-06
busy_c2_p4          =  1.80000e+00
smpl_c2_p4          =  4.63826e-06
busy_c2_p5          =  1.80000e+00
smpl_c2_p5          =  4.65141e-06
busy_c2_p6          =  1.80000e+00
smpl_c2_p6          =  4.66544e-06
busy_c2_p7          =  1.80000e+00
smpl_c2_p7          =  4.67335e-06
busy_c2_p8          =  1.80000e+00
smpl_c2_p8          =  4.68170e-06
busy_c2_p9          =  1.80000e+00
smpl_c2_p9          =  4.68387e-06
busy_c2_p10         =  1.80000e+00
smpl_c2_p10         =  4.67421e-06
busy_c2_p11         =  3.39986e-06
smpl_c2_p11         =  1.80000e+00
busy_c3_p0          =  1.80000e+00
smpl_c3_p0          =  4.79767e-06
busy_c3_p1          =  1.80000e+00
smpl_c3_p1          =  4.60682e-06
busy_c3_p2          =  1.80000e+00
smpl_c3_p2          =  4.60677e-06
busy_c3_p3          =  1.80000e+00
smpl_c3_p3          =  4.63104e-06
busy_c3_p4          =  1.80000e+00
smpl_c3_p4          =  4.67397e-06
busy_c3_p5          =  1.80000e+00
smpl_c3_p5          =  4.70782e-06
busy_c3_p6          =  1.80000e+00
smpl_c3_p6          =  4.72704e-06
busy_c3_p7          =  1.80000e+00
smpl_c3_p7          =  4.72702e-06
busy_c3_p8          =  1.80000e+00
smpl_c3_p8          =  4.73535e-06
busy_c3_p9          =  1.80000e+00
smpl_c3_p9          =  4.74006e-06
busy_c3_p10         =  1.80000e+00
smpl_c3_p10         =  4.73462e-06
busy_c3_p11         =  -2.04913e-06
smpl_c3_p11         =  1.80000e+00
busy_c4_p0          =  1.80000e+00
smpl_c4_p0          =  4.70079e-06
busy_c4_p1          =  1.80000e+00
smpl_c4_p1          =  4.59521e-06
busy_c4_p2          =  1.80000e+00
smpl_c4_p2          =  4.67805e-06
busy_c4_p3          =  1.80000e+00
smpl_c4_p3          =  4.60257e-06
busy_c4_p4          =  1.80000e+00
smpl_c4_p4          =  4.63606e-06
busy_c4_p5          =  1.80000e+00
smpl_c4_p5          =  4.66278e-06
busy_c4_p6          =  1.80000e+00
smpl_c4_p6          =  4.67663e-06
busy_c4_p7          =  1.80000e+00
smpl_c4_p7          =  4.68387e-06
busy_c4_p8          =  1.80000e+00
smpl_c4_p8          =  4.67844e-06
busy_c4_p9          =  1.80000e+00
smpl_c4_p9          =  4.68622e-06
busy_c4_p10         =  1.80000e+00
smpl_c4_p10         =  4.68391e-06
busy_c4_p11         =  -2.16934e-06
smpl_c4_p11         =  1.80000e+00
busy_c5_p0          =  1.80000e+00
smpl_c5_p0          =  4.73432e-06
busy_c5_p1          =  1.80000e+00
smpl_c5_p1          =  4.41236e-06
busy_c5_p2          =  1.80000e+00
smpl_c5_p2          =  1.00064e-05
busy_c5_p3          =  1.80000e+00
smpl_c5_p3          =  1.46787e-05
busy_c5_p4          =  1.80000e+00
smpl_c5_p4          =  1.30531e-05
busy_c5_p5          =  1.80000e+00
smpl_c5_p5          =  1.08454e-05
busy_c5_p6          =  1.80000e+00
smpl_c5_p6          =  8.77234e-06
busy_c5_p7          =  1.80000e+00
smpl_c5_p7          =  7.36638e-06
busy_c5_p8          =  1.80000e+00
smpl_c5_p8          =  6.49598e-06
busy_c5_p9          =  1.80000e+00
smpl_c5_p9          =  5.97729e-06
busy_c5_p10         =  1.80000e+00
smpl_c5_p10         =  5.57203e-06
busy_c5_p11         =  2.05824e-06
smpl_c5_p11         =  1.80000e+00
i_vdd               =  -2.10870e-06 from=  3.20000e-06 to=  4.20013e-06
i_vpwr              =  -6.36401e-06 from=  3.20000e-06 to=  4.20013e-06
i_vrefp             =  -6.50578e-06 from=  3.20000e-06 to=  4.20013e-06
i_vrefn             =  6.49179e-06 from=  3.20000e-06 to=  4.20013e-06
i_vcm               =  1.08489e-08 from=  3.20000e-06 to=  4.20013e-06
gnd_die_pp          =  0.00000e+00 from=  3.20000e-06 to=  4.20000e-06
gnd_die_max         =  0.00000e+00 at=  4.19985e-06
gnd_die_min         =  0.00000e+00 at=  4.19985e-06
vgnd_die_pp         =  0.00000e+00 from=  3.20000e-06 to=  4.20000e-06
vgnd_die_max        =  0.00000e+00 at=  4.19985e-06
vgnd_die_min        =  0.00000e+00 at=  4.19985e-06
vdd_die_pp          =  0.00000e+00 from=  3.20000e-06 to=  4.20000e-06
vdd_die_max         =  1.80000e+00 at=  4.19985e-06
vdd_die_min         =  1.80000e+00 at=  4.19985e-06
vpwr_die_pp         =  0.00000e+00 from=  3.20000e-06 to=  4.20000e-06
vpwr_die_max        =  1.80000e+00 at=  4.19985e-06
vpwr_die_min        =  1.80000e+00 at=  4.19985e-06
i_gnda              =  2.18628e-06 from=  3.20000e-06 to=  4.20013e-06


Total analysis time (seconds) = 285.892

Total elapsed time (seconds) = 326.907 

Total DRAM available = 98304.000 MB.
DRAM currently available = 14516.328 MB.
Maximum ngspice program size =  820.609 MB.
Current ngspice program size =  820.609 MB.

