
Note: Compatibility modes selected: hs a


Circuit: * sim/supply-impedance-sensitivity -- ground/supply-return impedance

option SCALE: Scale is set to 1e-06 for instance and model parameters
option SCALE: Scale is set to 1e-06 for instance and model parameters
option SCALE: Scale is set to 1e-06 for instance and model parameters
option SCALE: Scale is set to 1e-06 for instance and model parameters
Doing analysis at TEMP = 27.000000 and TNOM = 27.000000

Using KLU as Direct Linear Solver
 Reference value :  0.00000e+00
 Reference value :  9.14000e-09
 Reference value :  2.01500e-08
 Reference value :  2.62500e-08
 Reference value :  3.47500e-08
 Reference value :  4.37500e-08
 Reference value :  5.22500e-08
 Reference value :  6.12500e-08
 Reference value :  6.97500e-08
 Reference value :  7.82500e-08
 Reference value :  8.67500e-08
 Reference value :  9.52500e-08
 Reference value :  1.03250e-07
 Reference value :  1.11750e-07
 Reference value :  1.20250e-07
 Reference value :  1.32250e-07
 Reference value :  1.44250e-07
 Reference value :  1.56250e-07
 Reference value :  1.68250e-07
 Reference value :  1.80250e-07
 Reference value :  1.94750e-07
 Reference value :  2.00292e-07
 Reference value :  2.01009e-07
 Reference value :  2.05270e-07
 Reference value :  2.14770e-07
 Reference value :  2.23770e-07
 Reference value :  2.32270e-07
 Reference value :  2.40718e-07
 Reference value :  2.42853e-07
 Reference value :  2.44952e-07
 Reference value :  2.52952e-07
 Reference value :  2.61452e-07
 Reference value :  2.69952e-07
 Reference value :  2.78452e-07
 Reference value :  2.83433e-07
 Reference value :  2.84543e-07
 Reference value :  2.88131e-07
 Reference value :  2.95631e-07
 Reference value :  3.04131e-07
 Reference value :  3.12631e-07
 Reference value :  3.22631e-07
 Reference value :  3.26174e-07
 Reference value :  3.32963e-07
 Reference value :  3.41463e-07
 Reference value :  3.49963e-07
 Reference value :  3.58463e-07
 Reference value :  3.66217e-07
 Reference value :  3.66978e-07
 Reference value :  3.71883e-07
 Reference value :  3.80383e-07
 Reference value :  3.88883e-07
 Reference value :  3.97883e-07
 Reference value :  4.06383e-07
 Reference value :  4.09515e-07
 Reference value :  4.12728e-07
 Reference value :  4.19728e-07
 Reference value :  4.28228e-07
 Reference value :  4.37228e-07
 Reference value :  4.45728e-07
 Reference value :  4.50099e-07
 Reference value :  4.51012e-07
 Reference value :  4.51808e-07
 Reference value :  4.56871e-07
 Reference value :  4.64371e-07
 Reference value :  4.72871e-07
 Reference value :  4.81371e-07
 Reference value :  4.89871e-07
 Reference value :  4.92858e-07
 Reference value :  5.00219e-07
 Reference value :  5.08719e-07
 Reference value :  5.17719e-07
 Reference value :  5.26219e-07
 Reference value :  5.33183e-07
 Reference value :  5.33833e-07
 Reference value :  5.37914e-07
 Reference value :  5.46914e-07
 Reference value :  5.55914e-07
 Reference value :  5.64914e-07
 Reference value :  5.73414e-07
 Reference value :  5.76180e-07
 Reference value :  5.81976e-07
 Reference value :  5.85976e-07
 Reference value :  5.93476e-07
 Reference value :  6.01476e-07
 Reference value :  6.09976e-07
 Reference value :  6.16766e-07
 Reference value :  6.17673e-07
 Reference value :  6.18699e-07
 Reference value :  6.24014e-07
 Reference value :  6.31514e-07
 Reference value :  6.40014e-07
 Reference value :  6.49014e-07
 Reference value :  6.57424e-07
 Reference value :  6.59518e-07
 Reference value :  6.65326e-07
 Reference value :  6.73826e-07
 Reference value :  6.78326e-07
 Reference value :  6.85826e-07
 Reference value :  6.94826e-07
 Reference value :  7.00085e-07
 Reference value :  7.01163e-07
 Reference value :  7.04240e-07
 Reference value :  7.12240e-07
 Reference value :  7.21240e-07
 Reference value :  7.29740e-07
 Reference value :  7.38240e-07
 Reference value :  7.42317e-07
 Reference value :  7.47709e-07
 Reference value :  7.55709e-07
 Reference value :  7.64209e-07
 Reference value :  7.70209e-07
 Reference value :  7.76709e-07
 Reference value :  7.83418e-07
 Reference value :  7.84336e-07
 Reference value :  7.85834e-07
 Reference value :  7.93834e-07
 Reference value :  8.02834e-07
 Reference value :  8.11334e-07
 Reference value :  8.20334e-07
 Reference value :  8.25500e-07
 Reference value :  8.31046e-07
 Reference value :  8.39546e-07
 Reference value :  8.47546e-07
 Reference value :  8.55546e-07
 Reference value :  8.61546e-07
 Reference value :  8.66751e-07
 Reference value :  8.67362e-07
 Reference value :  8.68466e-07
 Reference value :  8.74578e-07
 Reference value :  8.83078e-07
 Reference value :  8.91578e-07
 Reference value :  9.00078e-07
 Reference value :  9.07883e-07
 Reference value :  9.10422e-07
 Reference value :  9.18381e-07
 Reference value :  9.26881e-07
 Reference value :  9.34881e-07
 Reference value :  9.43381e-07
 Reference value :  9.49500e-07
 Reference value :  9.50308e-07
 Reference value :  9.51162e-07
 Reference value :  9.56271e-07
 Reference value :  9.64771e-07
 Reference value :  9.73271e-07
 Reference value :  9.81771e-07
 Reference value :  9.90719e-07
 Reference value :  9.93255e-07
 Reference value :  1.00022e-06
 Reference value :  1.00872e-06
 Reference value :  1.01722e-06
 Reference value :  1.02622e-06
 Reference value :  1.03318e-06
 Reference value :  1.03405e-06
 Reference value :  1.03777e-06
 Reference value :  1.04627e-06
 Reference value :  1.05527e-06
 Reference value :  1.06377e-06
 Reference value :  1.07227e-06
 Reference value :  1.07619e-06
 Reference value :  1.08355e-06
 Reference value :  1.09155e-06
 Reference value :  1.10055e-06
 Reference value :  1.10905e-06
 Reference value :  1.11617e-06
 Reference value :  1.11720e-06
 Reference value :  1.11790e-06
 Reference value :  1.12292e-06
 Reference value :  1.13142e-06
 Reference value :  1.13992e-06
 Reference value :  1.14942e-06
 Reference value :  1.15783e-06
 Reference value :  1.15985e-06
 Reference value :  1.16324e-06
 Reference value :  1.17174e-06
 Reference value :  1.18074e-06
 Reference value :  1.18874e-06
 Reference value :  1.19724e-06
 Reference value :  1.20029e-06
 Reference value :  1.20102e-06
 Reference value :  1.20486e-06
 Reference value :  1.21286e-06
 Reference value :  1.22136e-06
 Reference value :  1.22986e-06
 Reference value :  1.23836e-06
 Reference value :  1.24222e-06
 Reference value :  1.24374e-06
 Reference value :  1.25002e-06
 Reference value :  1.25852e-06
 Reference value :  1.26702e-06
 Reference value :  1.27552e-06
 Reference value :  1.28288e-06
 Reference value :  1.28383e-06
 Reference value :  1.28492e-06
 Reference value :  1.29063e-06
 Reference value :  1.29963e-06
 Reference value :  1.30863e-06
 Reference value :  1.31713e-06
 Reference value :  1.32465e-06
 Reference value :  1.32699e-06
 Reference value :  1.33291e-06
 Reference value :  1.33891e-06
 Reference value :  1.34691e-06
 Reference value :  1.35641e-06
 Reference value :  1.36622e-06
 Reference value :  1.36717e-06
 Reference value :  1.36777e-06
 Reference value :  1.37051e-06
 Reference value :  1.37701e-06
 Reference value :  1.38601e-06
 Reference value :  1.39401e-06
 Reference value :  1.40301e-06
 Reference value :  1.40883e-06
 Reference value :  1.41450e-06
 Reference value :  1.42300e-06
 Reference value :  1.43200e-06
 Reference value :  1.44250e-06
 Reference value :  1.45012e-06
 Reference value :  1.45273e-06
 Reference value :  1.46123e-06
 Reference value :  1.47023e-06
 Reference value :  1.47873e-06
 Reference value :  1.48723e-06
 Reference value :  1.49217e-06
 Reference value :  1.49676e-06
 Reference value :  1.50876e-06
 Reference value :  1.51676e-06
 Reference value :  1.52476e-06
 Reference value :  1.53254e-06
 Reference value :  1.53364e-06
 Reference value :  1.53718e-06
 Reference value :  1.54618e-06
 Reference value :  1.55468e-06
 Reference value :  1.56318e-06
 Reference value :  1.57168e-06
 Reference value :  1.57565e-06
 Reference value :  1.58000e-06
 Reference value :  1.58900e-06
 Reference value :  1.59700e-06
 Reference value :  1.60150e-06
 Reference value :  1.60950e-06
 Reference value :  1.61677e-06
 Reference value :  1.61766e-06
 Reference value :  1.61870e-06
 Reference value :  1.62452e-06
 Reference value :  1.63252e-06
 Reference value :  1.64102e-06
 Reference value :  1.64952e-06
 Reference value :  1.65783e-06
 Reference value :  1.65992e-06
 Reference value :  1.66739e-06
 Reference value :  1.67639e-06
 Reference value :  1.68489e-06
 Reference value :  1.69439e-06
 Reference value :  1.70008e-06
 Reference value :  1.70090e-06
 Reference value :  1.70713e-06
 Reference value :  1.71563e-06
 Reference value :  1.72363e-06
 Reference value :  1.73263e-06
 Reference value :  1.74063e-06
 Reference value :  1.74286e-06
 Reference value :  1.75021e-06
 Reference value :  1.75871e-06
 Reference value :  1.76671e-06
 Reference value :  1.77521e-06
 Reference value :  1.78021e-06
 Reference value :  1.78342e-06
 Reference value :  1.78433e-06
 Reference value :  1.78725e-06
 Reference value :  1.79625e-06
 Reference value :  1.80475e-06
 Reference value :  1.81425e-06
 Reference value :  1.82375e-06
 Reference value :  1.82619e-06
 Reference value :  1.83455e-06
 Reference value :  1.84355e-06
 Reference value :  1.85205e-06
 Reference value :  1.86055e-06
 Reference value :  1.86675e-06
 Reference value :  1.86729e-06
 Reference value :  1.86987e-06
 Reference value :  1.87837e-06
 Reference value :  1.88687e-06
 Reference value :  1.89587e-06
 Reference value :  1.90437e-06
 Reference value :  1.90898e-06
 Reference value :  1.91488e-06
 Reference value :  1.92388e-06
 Reference value :  1.93238e-06
 Reference value :  1.94138e-06
 Reference value :  1.94950e-06
 Reference value :  1.95051e-06
 Reference value :  1.95097e-06
 Reference value :  1.95213e-06
 Reference value :  1.95847e-06
 Reference value :  1.96697e-06
 Reference value :  1.97597e-06
 Reference value :  1.98447e-06
 Reference value :  1.99152e-06
 Reference value :  1.99471e-06
 Reference value :  2.00321e-06
 Reference value :  2.01171e-06
 Reference value :  2.02021e-06
 Reference value :  2.02871e-06
 Reference value :  2.03283e-06
 Reference value :  2.03383e-06
 Reference value :  2.03447e-06
 Reference value :  2.04203e-06
 Reference value :  2.05053e-06
 Reference value :  2.05953e-06
 Reference value :  2.06853e-06
 Reference value :  2.07517e-06
 Reference value :  2.07855e-06
 Reference value :  2.08655e-06
 Reference value :  2.09505e-06
 Reference value :  2.10305e-06
 Reference value :  2.11155e-06
 Reference value :  2.11675e-06
 Reference value :  2.11760e-06
 Reference value :  2.11988e-06
 Reference value :  2.12838e-06
 Reference value :  2.13688e-06
 Reference value :  2.14538e-06
 Reference value :  2.15438e-06
 Reference value :  2.15918e-06
 Reference value :  2.16041e-06
 Reference value :  2.16574e-06
 Reference value :  2.17474e-06
 Reference value :  2.18324e-06
 Reference value :  2.19174e-06
 Reference value :  2.19955e-06
 Reference value :  2.20050e-06
 Reference value :  2.20110e-06
 Reference value :  2.20635e-06
 Reference value :  2.21535e-06
 Reference value :  2.22385e-06
 Reference value :  2.23235e-06
 Reference value :  2.24076e-06
 Reference value :  2.24325e-06
 Reference value :  2.24411e-06
 Reference value :  2.25071e-06
 Reference value :  2.25971e-06
 Reference value :  2.26821e-06
 Reference value :  2.27671e-06
 Reference value :  2.28343e-06
 Reference value :  2.28438e-06
 Reference value :  2.28521e-06
 Reference value :  2.29176e-06
 Reference value :  2.30026e-06
 Reference value :  2.30876e-06
 Reference value :  2.31726e-06
 Reference value :  2.32485e-06
 Reference value :  2.32703e-06
 Reference value :  2.33448e-06
 Reference value :  2.34048e-06
 Reference value :  2.34898e-06
 Reference value :  2.35748e-06
 Reference value :  2.36548e-06
 Reference value :  2.36697e-06
 Reference value :  2.36793e-06
 Reference value :  2.37546e-06
 Reference value :  2.38446e-06
 Reference value :  2.39296e-06
 Reference value :  2.40146e-06
 Reference value :  2.40851e-06
 Reference value :  2.41083e-06
 Reference value :  2.41783e-06
 Reference value :  2.42183e-06
 Reference value :  2.42933e-06
 Reference value :  2.43783e-06
 Reference value :  2.44683e-06
 Reference value :  2.45030e-06
 Reference value :  2.45111e-06
 Reference value :  2.45336e-06
 Reference value :  2.45986e-06
 Reference value :  2.46786e-06
 Reference value :  2.47636e-06
 Reference value :  2.48536e-06
 Reference value :  2.49217e-06
 Reference value :  2.49515e-06
 Reference value :  2.50265e-06
 Reference value :  2.50915e-06
 Reference value :  2.51865e-06
 Reference value :  2.52765e-06
 Reference value :  2.53343e-06
 Reference value :  2.53450e-06
 Reference value :  2.54214e-06
 Reference value :  2.55064e-06
 Reference value :  2.55964e-06
 Reference value :  2.56864e-06
 Reference value :  2.57517e-06
 Reference value :  2.57749e-06
 Reference value :  2.58449e-06
 Reference value :  2.58999e-06
 Reference value :  2.59849e-06
 Reference value :  2.60749e-06
 Reference value :  2.61583e-06
 Reference value :  2.61697e-06
 Reference value :  2.61820e-06
 Reference value :  2.62597e-06
 Reference value :  2.63497e-06
 Reference value :  2.64347e-06
 Reference value :  2.65297e-06
 Reference value :  2.65883e-06
 Reference value :  2.66183e-06
 Reference value :  2.66883e-06
 Reference value :  2.67483e-06
 Reference value :  2.68333e-06
 Reference value :  2.69183e-06
 Reference value :  2.69965e-06
 Reference value :  2.70053e-06
 Reference value :  2.70133e-06
 Reference value :  2.70865e-06
 Reference value :  2.71715e-06
 Reference value :  2.72615e-06
 Reference value :  2.73465e-06
 Reference value :  2.74152e-06
 Reference value :  2.74371e-06
 Reference value :  2.75117e-06
 Reference value :  2.75567e-06
 Reference value :  2.76417e-06
 Reference value :  2.77267e-06
 Reference value :  2.78167e-06
 Reference value :  2.78383e-06
 Reference value :  2.78454e-06
 Reference value :  2.79192e-06
 Reference value :  2.80042e-06
 Reference value :  2.80942e-06
 Reference value :  2.81792e-06
 Reference value :  2.82517e-06
 Reference value :  2.82750e-06
 Reference value :  2.83500e-06
 Reference value :  2.84400e-06
 Reference value :  2.85300e-06
 Reference value :  2.86150e-06
 Reference value :  2.86675e-06
 Reference value :  2.86729e-06
 Reference value :  2.86836e-06
 Reference value :  2.87632e-06
 Reference value :  2.88482e-06
 Reference value :  2.89332e-06
 Reference value :  2.90182e-06
 Reference value :  2.90883e-06
 Reference value :  2.91183e-06
 Reference value :  2.91883e-06
 Reference value :  2.92433e-06
 Reference value :  2.93283e-06
 Reference value :  2.94133e-06
 Reference value :  2.94950e-06
 Reference value :  2.95051e-06
 Reference value :  2.95106e-06
 Reference value :  2.95593e-06
 Reference value :  2.96443e-06
 Reference value :  2.97343e-06
 Reference value :  2.98193e-06
 Reference value :  2.99043e-06
 Reference value :  2.99286e-06
 Reference value :  2.99867e-06
 Reference value :  3.00467e-06
 Reference value :  3.01217e-06
 Reference value :  3.02067e-06
 Reference value :  3.02967e-06
 Reference value :  3.03363e-06
 Reference value :  3.03446e-06
 Reference value :  3.04142e-06
 Reference value :  3.04992e-06
 Reference value :  3.05892e-06
 Reference value :  3.06742e-06
 Reference value :  3.07485e-06
 Reference value :  3.07704e-06
 Reference value :  3.08400e-06
 Reference value :  3.09000e-06
 Reference value :  3.09850e-06
 Reference value :  3.10650e-06
 Reference value :  3.11500e-06
 Reference value :  3.11697e-06
 Reference value :  3.11762e-06
 Reference value :  3.12342e-06
 Reference value :  3.13192e-06
 Reference value :  3.14092e-06
 Reference value :  3.14942e-06
 Reference value :  3.15783e-06
 Reference value :  3.16030e-06
 Reference value :  3.16228e-06
 Reference value :  3.17001e-06
 Reference value :  3.17901e-06
 Reference value :  3.18751e-06
 Reference value :  3.19601e-06
 Reference value :  3.20008e-06
 Reference value :  3.20089e-06
 Reference value :  3.20336e-06
 Reference value :  3.21136e-06
 Reference value :  3.22036e-06
 Reference value :  3.22936e-06
 Reference value :  3.23786e-06
 Reference value :  3.24222e-06
 Reference value :  3.24483e-06
 Reference value :  3.24533e-06
 Reference value :  3.24976e-06
 Reference value :  3.25826e-06
 Reference value :  3.26726e-06
 Reference value :  3.27526e-06
 Reference value :  3.28288e-06
 Reference value :  3.28383e-06
 Reference value :  3.28447e-06
 Reference value :  3.28620e-06
 Reference value :  3.29320e-06
 Reference value :  3.30220e-06
 Reference value :  3.31070e-06
 Reference value :  3.31920e-06
 Reference value :  3.32517e-06
 Reference value :  3.32731e-06
 Reference value :  3.32769e-06
 Reference value :  3.33557e-06
 Reference value :  3.34457e-06
 Reference value :  3.35357e-06
 Reference value :  3.36207e-06
 Reference value :  3.36677e-06
 Reference value :  3.36781e-06
 Reference value :  3.37430e-06
 Reference value :  3.38280e-06
 Reference value :  3.39130e-06
 Reference value :  3.39980e-06
 Reference value :  3.40788e-06
 Reference value :  3.40992e-06
 Reference value :  3.41102e-06
 Reference value :  3.42040e-06
 Reference value :  3.43440e-06
 Reference value :  3.44790e-06
 Reference value :  3.45070e-06
 Reference value :  3.45607e-06
 Reference value :  3.46957e-06
 Reference value :  3.48257e-06
 Reference value :  3.49222e-06
 Reference value :  3.49525e-06
 Reference value :  3.50723e-06
 Reference value :  3.51873e-06
 Reference value :  3.52723e-06
 Reference value :  3.53343e-06
 Reference value :  3.53435e-06
 Reference value :  3.53944e-06
 Reference value :  3.54944e-06
 Reference value :  3.55794e-06
 Reference value :  3.56694e-06
 Reference value :  3.57455e-06
 Reference value :  3.57659e-06
 Reference value :  3.57737e-06
 Reference value :  3.58327e-06
 Reference value :  3.59177e-06
 Reference value :  3.60027e-06
 Reference value :  3.60927e-06
 Reference value :  3.61652e-06
 Reference value :  3.61717e-06
 Reference value :  3.61931e-06
 Reference value :  3.62781e-06
 Reference value :  3.63631e-06
 Reference value :  3.64531e-06
 Reference value :  3.65381e-06
 Reference value :  3.65883e-06
 Reference value :  3.66105e-06
 Reference value :  3.66879e-06
 Reference value :  3.67779e-06
 Reference value :  3.68679e-06
 Reference value :  3.69529e-06
 Reference value :  3.70008e-06
 Reference value :  3.70093e-06
 Reference value :  3.70367e-06
 Reference value :  3.71167e-06
 Reference value :  3.72017e-06
 Reference value :  3.72867e-06
 Reference value :  3.73767e-06
 Reference value :  3.74232e-06
 Reference value :  3.74443e-06
 Reference value :  3.75106e-06
 Reference value :  3.75956e-06
 Reference value :  3.76806e-06
 Reference value :  3.77656e-06
 Reference value :  3.78342e-06
 Reference value :  3.78437e-06
 Reference value :  3.79040e-06
 Reference value :  3.80140e-06
 Reference value :  3.80990e-06
 Reference value :  3.81890e-06
 Reference value :  3.82517e-06
 Reference value :  3.82737e-06
 Reference value :  3.82877e-06
 Reference value :  3.83662e-06
 Reference value :  3.84512e-06
 Reference value :  3.85362e-06
 Reference value :  3.86262e-06
 Reference value :  3.86675e-06
 Reference value :  3.86729e-06
 Reference value :  3.86833e-06
 Reference value :  3.87726e-06
 Reference value :  3.88626e-06
 Reference value :  3.89476e-06
 Reference value :  3.90326e-06
 Reference value :  3.90883e-06
 Reference value :  3.91107e-06
 Reference value :  3.91590e-06
 Reference value :  3.92440e-06
 Reference value :  3.93290e-06
 Reference value :  3.94190e-06
 Reference value :  3.94955e-06
 Reference value :  3.95051e-06
 Reference value :  3.95111e-06
 Reference value :  3.95786e-06
 Reference value :  3.96686e-06
 Reference value :  3.97536e-06
 Reference value :  3.98386e-06
 Reference value :  3.99132e-06
 Reference value :  3.99365e-06
 Reference value :  3.99548e-06
 Reference value :  4.00433e-06
 Reference value :  4.01283e-06
 Reference value :  4.02183e-06
 Reference value :  4.03033e-06
 Reference value :  4.03363e-06
 Reference value :  4.03445e-06
 Reference value :  4.04033e-06
 Reference value :  4.04933e-06
 Reference value :  4.05783e-06
 Reference value :  4.06583e-06
 Reference value :  4.07416e-06
 Reference value :  4.07619e-06
 Reference value :  4.07775e-06
 Reference value :  4.08284e-06
 Reference value :  4.09134e-06
 Reference value :  4.10034e-06
 Reference value :  4.10884e-06
 Reference value :  4.11652e-06
 Reference value :  4.11726e-06
 Reference value :  4.11778e-06
 Reference value :  4.12415e-06
 Reference value :  4.13265e-06
 Reference value :  4.14115e-06
 Reference value :  4.14965e-06
 Reference value :  4.15883e-06
 Reference value :  4.15996e-06
 Reference value :  4.16024e-06
 Reference value :  4.16733e-06
 Reference value :  4.17583e-06
 Reference value :  4.18433e-06
 Reference value :  4.19283e-06
 Reference value :  4.19985e-06
 Reference value :  4.20053e-06
 Reference value :  4.20120e-06
 Reference value :  4.20780e-06
 Reference value :  4.21630e-06
 Reference value :  4.22480e-06
 Reference value :  4.23330e-06
 Reference value :  4.24132e-06
 Reference value :  4.24358e-06
 Reference value :  4.24721e-06
 Reference value :  4.25571e-06
 Reference value :  4.26421e-06
 Reference value :  4.27271e-06
 Reference value :  4.28121e-06
 Reference value :  4.28343e-06
 Reference value :  4.28414e-06
 Reference value :  4.28688e-06
 Reference value :  4.29538e-06
 Reference value :  4.30338e-06
 Reference value :  4.31138e-06
 Reference value :  4.31988e-06
 Reference value :  4.32550e-06
 Reference value :  4.32849e-06
 Reference value :  4.33599e-06
 Reference value :  4.33999e-06
 Reference value :  4.34749e-06
 Reference value :  4.35549e-06
 Reference value :  4.36399e-06
 Reference value :  4.36677e-06
 Reference value :  4.36783e-06
 Reference value :  4.37265e-06
 Reference value :  4.38015e-06
 Reference value :  4.38915e-06
 Reference value :  4.39765e-06
 Reference value :  4.40565e-06
 Reference value :  4.40952e-06
 Reference value :  4.41533e-06
 Reference value :  4.42133e-06
 Reference value :  4.42983e-06
 Reference value :  4.43883e-06
 Reference value :  4.44733e-06
 Reference value :  4.45030e-06
 Reference value :  4.45109e-06
 Reference value :  4.45747e-06
 Reference value :  4.46597e-06
 Reference value :  4.47447e-06
 Reference value :  4.48347e-06
 Reference value :  4.49132e-06
 Reference value :  4.49370e-06
 Reference value :  4.50115e-06
 Reference value :  4.50465e-06
 Reference value :  4.51215e-06
 Reference value :  4.52065e-06
 Reference value :  4.52915e-06
 Reference value :  4.53343e-06
 Reference value :  4.53450e-06
 Reference value :  4.53982e-06
 Reference value :  4.54832e-06
 Reference value :  4.55682e-06
 Reference value :  4.56582e-06
 Reference value :  4.57450e-06
 Reference value :  4.57619e-06
 Reference value :  4.58200e-06
 Reference value :  4.58700e-06
 Reference value :  4.59350e-06
 Reference value :  4.60200e-06
 Reference value :  4.61050e-06
 Reference value :  4.61677e-06
 Reference value :  4.61784e-06
 Reference value :  4.62317e-06
 Reference value :  4.63167e-06
 Reference value :  4.64067e-06
 Reference value :  4.64917e-06
 Reference value :  4.65750e-06
 Reference value :  4.65952e-06
 Reference value :  4.66483e-06
 Reference value :  4.66983e-06
 Reference value :  4.67633e-06
 Reference value :  4.68483e-06
 Reference value :  4.69333e-06
 Reference value :  4.70008e-06
 Reference value :  4.70092e-06
 Reference value :  4.70160e-06
 Reference value :  4.70772e-06
 Reference value :  4.71622e-06
 Reference value :  4.72422e-06
 Reference value :  4.73272e-06
 Reference value :  4.74117e-06
 Reference value :  4.74326e-06
 Reference value :  4.74867e-06
 Reference value :  4.75367e-06
 Reference value :  4.76067e-06
 Reference value :  4.76917e-06
 Reference value :  4.77767e-06
 Reference value :  4.78342e-06
 Reference value :  4.78424e-06
 Reference value :  4.78509e-06
 Reference value :  4.79155e-06
 Reference value :  4.80105e-06
 Reference value :  4.80955e-06
 Reference value :  4.81755e-06
 Reference value :  4.82517e-06
 Reference value :  4.82750e-06
 Reference value :  4.83500e-06
 Reference value :  4.83850e-06
 Reference value :  4.84600e-06
 Reference value :  4.85450e-06
 Reference value :  4.86300e-06
 Reference value :  4.86675e-06
 Reference value :  4.86728e-06
 Reference value :  4.86787e-06
 Reference value :  4.87211e-06
 Reference value :  4.87861e-06
 Reference value :  4.88711e-06
 Reference value :  4.89561e-06
 Reference value :  4.90461e-06
 Reference value :  4.90888e-06
 Reference value :  4.91233e-06
 Reference value :  4.92033e-06
 Reference value :  4.92583e-06
 Reference value :  4.93433e-06
 Reference value :  4.94283e-06
 Reference value :  4.94982e-06
 Reference value :  4.95060e-06
 Reference value :  4.95118e-06
 Reference value :  4.95510e-06
 Reference value :  4.96310e-06
 Reference value :  4.97210e-06
 Reference value :  4.98060e-06
 Reference value :  4.98960e-06
 Reference value :  4.99286e-06
 Reference value :  4.99867e-06
 Reference value :  5.00467e-06
 Reference value :  5.01317e-06
 Reference value :  5.02167e-06
 Reference value :  5.03017e-06
 Reference value :  5.03343e-06
 Reference value :  5.03431e-06
 Reference value :  5.03913e-06
 Reference value :  5.04813e-06
 Reference value :  5.05663e-06
 Reference value :  5.06513e-06
 Reference value :  5.07363e-06
 Reference value :  5.07619e-06
 Reference value :  5.08250e-06
 Reference value :  5.08900e-06
 Reference value :  5.09750e-06
 Reference value :  5.10600e-06
 Reference value :  5.11450e-06
 Reference value :  5.11717e-06
 Reference value :  5.11794e-06
 Reference value :  5.12520e-06
 Reference value :  5.13470e-06
 Reference value :  5.14320e-06
 Reference value :  5.15220e-06
 Reference value :  5.15883e-06
 Reference value :  5.16043e-06
 Reference value :  5.16775e-06
 Reference value :  5.17625e-06
 Reference value :  5.18525e-06
 Reference value :  5.19425e-06
 Reference value :  5.20008e-06
 Reference value :  5.20068e-06
 Reference value :  5.20267e-06
 Reference value :  5.21117e-06
 Reference value :  5.21967e-06
 Reference value :  5.22817e-06
 Reference value :  5.23667e-06
 Reference value :  5.24217e-06
 Reference value :  5.24322e-06
 Reference value :  5.24633e-06
 Reference value :  5.25483e-06
 Reference value :  5.26333e-06
 Reference value :  5.27233e-06
 Reference value :  5.28083e-06
 Reference value :  5.28343e-06
 Reference value :  5.28454e-06
 Reference value :  5.29205e-06
 Reference value :  5.30105e-06
 Reference value :  5.31005e-06
 Reference value :  5.31855e-06
 Reference value :  5.32517e-06
 Reference value :  5.32699e-06
 Reference value :  5.33291e-06
 Reference value :  5.34091e-06
 Reference value :  5.34991e-06
 Reference value :  5.35841e-06
 Reference value :  5.36622e-06
 Reference value :  5.36717e-06
 Reference value :  5.36797e-06
 Reference value :  5.37513e-06
 Reference value :  5.38413e-06
 Reference value :  5.39263e-06
 Reference value :  5.40113e-06
 Reference value :  5.40818e-06
 Reference value :  5.41200e-06
 Reference value :  5.42050e-06
 Reference value :  5.42950e-06
 Reference value :  5.43850e-06
 Reference value :  5.44650e-06
 Reference value :  5.45012e-06
 Reference value :  5.45323e-06
 Reference value :  5.46273e-06
 Reference value :  5.47173e-06
 Reference value :  5.48073e-06
 Reference value :  5.48923e-06
 Reference value :  5.49252e-06
 Reference value :  5.50184e-06
 Reference value :  5.51084e-06
 Reference value :  5.51934e-06
 Reference value :  5.52784e-06
 Reference value :  5.53346e-06
 Reference value :  5.53606e-06
 Reference value :  5.54456e-06
 Reference value :  5.55356e-06
 Reference value :  5.56206e-06
 Reference value :  5.57206e-06
 Reference value :  5.57667e-06
 Reference value :  5.58517e-06
 Reference value :  5.59417e-06
 Reference value :  5.60267e-06
 Reference value :  5.61167e-06
 Reference value :  5.61679e-06
 Reference value :  5.62032e-06
 Reference value :  5.62882e-06
 Reference value :  5.63782e-06
 Reference value :  5.64682e-06
 Reference value :  5.65532e-06
 Reference value :  5.65918e-06
 Reference value :  5.66700e-06
 Reference value :  5.67600e-06
 Reference value :  5.68450e-06
 Reference value :  5.69300e-06
 Reference value :  5.70012e-06
 Reference value :  5.70269e-06
 Reference value :  5.71119e-06
 Reference value :  5.71969e-06
 Reference value :  5.72819e-06
 Reference value :  5.73669e-06
 Reference value :  5.74222e-06
 Reference value :  5.74934e-06
 Reference value :  5.75784e-06
 Reference value :  5.76634e-06
 Reference value :  5.77534e-06
 Reference value :  5.78298e-06
 Reference value :  5.78385e-06
 Reference value :  5.78952e-06
 Reference value :  5.79802e-06
 Reference value :  5.80702e-06
 Reference value :  5.81552e-06
 Reference value :  5.82352e-06
 Reference value :  5.82667e-06
 Reference value :  5.83467e-06
 Reference value :  5.84317e-06
 Reference value :  5.85117e-06
 Reference value :  5.85967e-06
 Reference value :  5.86675e-06
 Reference value :  5.86734e-06
 Reference value :  5.87332e-06
 Reference value :  5.88182e-06
 Reference value :  5.89082e-06
 Reference value :  5.89882e-06
 Reference value :  5.90732e-06
 Reference value :  5.91000e-06
 Reference value :  5.91800e-06
 Reference value :  5.92650e-06
 Reference value :  5.93450e-06
 Reference value :  5.94300e-06
 Reference value :  5.95008e-06
 Reference value :  5.95208e-06
 Reference value :  5.96108e-06
 Reference value :  5.96958e-06
 Reference value :  5.97758e-06
 Reference value :  5.98608e-06
 Reference value :  5.99217e-06
 Reference value :  5.99784e-06
 Reference value :  6.00634e-06
 Reference value :  6.01534e-06
 Reference value :  6.02434e-06
 Reference value :  6.03283e-06
 Reference value :  6.03395e-06
 Reference value :  6.03936e-06
 Reference value :  6.04786e-06
 Reference value :  6.05636e-06
 Reference value :  6.06536e-06
 Reference value :  6.07418e-06
 Reference value :  6.07767e-06
 Reference value :  6.08617e-06
 Reference value :  6.09467e-06
 Reference value :  6.10317e-06
 Reference value :  6.11167e-06
 Reference value :  6.11675e-06
 Reference value :  6.11797e-06
 Reference value :  6.12502e-06
 Reference value :  6.13352e-06
 Reference value :  6.14202e-06
 Reference value :  6.15152e-06
 Reference value :  6.15851e-06
 Reference value :  6.15988e-06
 Reference value :  6.16397e-06
 Reference value :  6.17197e-06
 Reference value :  6.18097e-06
 Reference value :  6.18997e-06
 Reference value :  6.19897e-06
 Reference value :  6.20029e-06
 Reference value :  6.20102e-06
 Reference value :  6.20569e-06
 Reference value :  6.21419e-06
 Reference value :  6.22269e-06
 Reference value :  6.23169e-06
 Reference value :  6.24069e-06
 Reference value :  6.24318e-06
 Reference value :  6.24322e-06
 Reference value :  6.24633e-06
 Reference value :  6.25533e-06
 Reference value :  6.26383e-06
 Reference value :  6.27183e-06
 Reference value :  6.28033e-06
No. of Data Rows : 14098

  Measurements for Transient Analysis

d9_c1               =  3.34291e-07
d8_c1               =  1.40762e-07
d7_c1               =  1.80000e+00
d6_c1               =  1.80000e+00
d5_c1               =  5.94189e-08
d4_c1               =  1.80000e+00
d3_c1               =  2.33636e-07
d2_c1               =  1.80000e+00
d1_c1               =  1.80000e+00
d0_c1               =  6.35158e-08
d9_c2               =  -4.54530e-07
d8_c2               =  1.80000e+00
d7_c2               =  1.39510e-07
d6_c2               =  1.80000e+00
d5_c2               =  1.80000e+00
d4_c2               =  1.80000e+00
d3_c2               =  1.80000e+00
d2_c2               =  1.80000e+00
d1_c2               =  1.80000e+00
d0_c2               =  1.80000e+00
d9_c3               =  -4.18245e-07
d8_c3               =  1.80000e+00
d7_c3               =  1.80000e+00
d6_c3               =  1.80000e+00
d5_c3               =  1.80000e+00
d4_c3               =  1.80000e+00
d3_c3               =  1.80000e+00
d2_c3               =  1.80000e+00
d1_c3               =  1.80000e+00
d0_c3               =  1.80000e+00
d9_c4               =  1.80001e+00
d8_c4               =  5.00561e-09
d7_c4               =  1.80000e+00
d6_c4               =  5.01552e-09
d5_c4               =  5.01563e-09
d4_c4               =  5.00928e-09
d3_c4               =  5.00868e-09
d2_c4               =  5.00821e-09
d1_c4               =  4.90546e-09
d0_c4               =  1.80000e+00
d9_c5               =  1.80001e+00
d8_c5               =  1.80000e+00
d7_c5               =  1.80000e+00
d6_c5               =  1.80000e+00
d5_c5               =  1.80000e+00
d4_c5               =  1.80000e+00
d3_c5               =  1.80000e+00
d2_c5               =  1.80000e+00
d1_c5               =  1.80000e+00
d0_c5               =  1.80000e+00
busy_c1_p0          =  1.80000e+00
smpl_c1_p0          =  -9.82486e-05
busy_c1_p1          =  1.80000e+00
smpl_c1_p1          =  3.90904e-06
busy_c1_p2          =  1.80000e+00
smpl_c1_p2          =  9.54420e-06
busy_c1_p3          =  1.80000e+00
smpl_c1_p3          =  4.06390e-06
busy_c1_p4          =  1.80000e+00
smpl_c1_p4          =  4.05570e-06
busy_c1_p5          =  1.80000e+00
smpl_c1_p5          =  4.04139e-06
busy_c1_p6          =  1.80000e+00
smpl_c1_p6          =  4.06300e-06
busy_c1_p7          =  1.80000e+00
smpl_c1_p7          =  4.04883e-06
busy_c1_p8          =  1.80000e+00
smpl_c1_p8          =  4.04826e-06
busy_c1_p9          =  1.80000e+00
smpl_c1_p9          =  4.05435e-06
busy_c1_p10         =  1.80000e+00
smpl_c1_p10         =  4.05182e-06
busy_c1_p11         =  -1.59386e-06
smpl_c1_p11         =  1.80004e+00
busy_c2_p0          =  1.80000e+00
smpl_c2_p0          =  -9.83208e-05
busy_c2_p1          =  1.80000e+00
smpl_c2_p1          =  4.13069e-06
busy_c2_p2          =  1.80000e+00
smpl_c2_p2          =  4.24428e-06
busy_c2_p3          =  1.80000e+00
smpl_c2_p3          =  4.13888e-06
busy_c2_p4          =  1.80000e+00
smpl_c2_p4          =  4.18765e-06
busy_c2_p5          =  1.80000e+00
smpl_c2_p5          =  4.22858e-06
busy_c2_p6          =  1.80000e+00
smpl_c2_p6          =  4.25869e-06
busy_c2_p7          =  1.80000e+00
smpl_c2_p7          =  4.25438e-06
busy_c2_p8          =  1.80000e+00
smpl_c2_p8          =  4.26075e-06
busy_c2_p9          =  1.80000e+00
smpl_c2_p9          =  4.26620e-06
busy_c2_p10         =  1.80000e+00
smpl_c2_p10         =  4.26436e-06
busy_c2_p11         =  1.69568e-08
smpl_c2_p11         =  1.80004e+00
busy_c3_p0          =  1.80000e+00
smpl_c3_p0          =  -9.82142e-05
busy_c3_p1          =  1.80000e+00
smpl_c3_p1          =  4.15114e-06
busy_c3_p2          =  1.80000e+00
smpl_c3_p2          =  4.14827e-06
busy_c3_p3          =  1.80000e+00
smpl_c3_p3          =  4.19583e-06
busy_c3_p4          =  1.80000e+00
smpl_c3_p4          =  4.26138e-06
busy_c3_p5          =  1.80000e+00
smpl_c3_p5          =  4.31255e-06
busy_c3_p6          =  1.80000e+00
smpl_c3_p6          =  4.32656e-06
busy_c3_p7          =  1.80000e+00
smpl_c3_p7          =  4.34715e-06
busy_c3_p8          =  1.80000e+00
smpl_c3_p8          =  4.35247e-06
busy_c3_p9          =  1.80000e+00
smpl_c3_p9          =  4.35421e-06
busy_c3_p10         =  1.80000e+00
smpl_c3_p10         =  4.35552e-06
busy_c3_p11         =  3.20300e-07
smpl_c3_p11         =  1.80004e+00
busy_c4_p0          =  1.80000e+00
smpl_c4_p0          =  -9.83763e-05
busy_c4_p1          =  1.80000e+00
smpl_c4_p1          =  4.11928e-06
busy_c4_p2          =  1.80000e+00
smpl_c4_p2          =  4.25728e-06
busy_c4_p3          =  1.80000e+00
smpl_c4_p3          =  4.14415e-06
busy_c4_p4          =  1.80000e+00
smpl_c4_p4          =  4.20386e-06
busy_c4_p5          =  1.80000e+00
smpl_c4_p5          =  4.23991e-06
busy_c4_p6          =  1.80000e+00
smpl_c4_p6          =  4.25052e-06
busy_c4_p7          =  1.80000e+00
smpl_c4_p7          =  4.26778e-06
busy_c4_p8          =  1.80000e+00
smpl_c4_p8          =  4.26168e-06
busy_c4_p9          =  1.80000e+00
smpl_c4_p9          =  4.26764e-06
busy_c4_p10         =  1.80000e+00
smpl_c4_p10         =  4.26682e-06
busy_c4_p11         =  1.99001e-06
smpl_c4_p11         =  1.80004e+00
busy_c5_p0          =  1.80000e+00
smpl_c5_p0          =  -9.82363e-05
busy_c5_p1          =  1.80000e+00
smpl_c5_p1          =  3.91290e-06
busy_c5_p2          =  1.80000e+00
smpl_c5_p2          =  9.47401e-06
busy_c5_p3          =  1.80000e+00
smpl_c5_p3          =  1.16222e-05
busy_c5_p4          =  1.80000e+00
smpl_c5_p4          =  1.04703e-05
busy_c5_p5          =  1.80000e+00
smpl_c5_p5          =  8.90904e-06
busy_c5_p6          =  1.80000e+00
smpl_c5_p6          =  7.37740e-06
busy_c5_p7          =  1.80000e+00
smpl_c5_p7          =  6.31309e-06
busy_c5_p8          =  1.80000e+00
smpl_c5_p8          =  5.66439e-06
busy_c5_p9          =  1.80000e+00
smpl_c5_p9          =  5.21100e-06
busy_c5_p10         =  1.80000e+00
smpl_c5_p10         =  4.96492e-06
busy_c5_p11         =  4.45094e-06
smpl_c5_p11         =  1.80004e+00
i_vdd               =  -2.09351e-06 from=  3.20000e-06 to=  4.20008e-06
i_vpwr              =  -6.96108e-06 from=  3.20000e-06 to=  4.20008e-06
i_vrefp             =  -6.47006e-06 from=  3.20000e-06 to=  4.20008e-06
i_vrefn             =  6.45510e-06 from=  3.20000e-06 to=  4.20008e-06
i_vcm               =  1.37680e-08 from=  3.20000e-06 to=  4.20008e-06
gnd_die_pp          =  0.00000e+00 from=  3.20000e-06 to=  4.20000e-06
gnd_die_max         =  0.00000e+00 at=  4.19985e-06
gnd_die_min         =  0.00000e+00 at=  4.19985e-06
vgnd_die_pp         =  0.00000e+00 from=  3.20000e-06 to=  4.20000e-06
vgnd_die_max        =  0.00000e+00 at=  4.19985e-06
vgnd_die_min        =  0.00000e+00 at=  4.19985e-06
vdd_die_pp          =  0.00000e+00 from=  3.20000e-06 to=  4.20000e-06
vdd_die_max         =  1.80000e+00 at=  4.19985e-06
vdd_die_min         =  1.80000e+00 at=  4.19985e-06
vpwr_die_pp         =  0.00000e+00 from=  3.20000e-06 to=  4.20000e-06
vpwr_die_max        =  1.80000e+00 at=  4.19985e-06
vpwr_die_min        =  1.80000e+00 at=  4.19985e-06
i_gnda              =  2.17393e-06 from=  3.20000e-06 to=  4.20008e-06


Total analysis time (seconds) = 299.87

Total elapsed time (seconds) = 343.476 

Total DRAM available = 98304.000 MB.
DRAM currently available = 13546.891 MB.
Maximum ngspice program size =  820.922 MB.
Current ngspice program size =  820.922 MB.

Note: Starting dynamic gmin stepping
Note: Dynamic gmin stepping completed
