
Note: Compatibility modes selected: hs a


Circuit: * sim/supply-impedance-sensitivity -- ground/supply-return impedance

option SCALE: Scale is set to 1e-06 for instance and model parameters
option SCALE: Scale is set to 1e-06 for instance and model parameters
option SCALE: Scale is set to 1e-06 for instance and model parameters
option SCALE: Scale is set to 1e-06 for instance and model parameters
Doing analysis at TEMP = -40.000000 and TNOM = 27.000000

Using KLU as Direct Linear Solver
 Reference value :  0.00000e+00
 Reference value :  8.64000e-09
 Reference value :  2.01500e-08
 Reference value :  2.67500e-08
 Reference value :  3.52500e-08
 Reference value :  4.37500e-08
 Reference value :  5.27500e-08
 Reference value :  6.17500e-08
 Reference value :  7.07500e-08
 Reference value :  7.92500e-08
 Reference value :  8.77500e-08
 Reference value :  9.57500e-08
 Reference value :  1.04250e-07
 Reference value :  1.12250e-07
 Reference value :  1.20750e-07
 Reference value :  1.29250e-07
 Reference value :  1.37750e-07
 Reference value :  1.46250e-07
 Reference value :  1.54250e-07
 Reference value :  1.68750e-07
 Reference value :  1.83250e-07
 Reference value :  1.95750e-07
 Reference value :  2.00292e-07
 Reference value :  2.00845e-07
 Reference value :  2.01404e-07
 Reference value :  2.07346e-07
 Reference value :  2.14846e-07
 Reference value :  2.23346e-07
 Reference value :  2.31346e-07
 Reference value :  2.39846e-07
 Reference value :  2.42217e-07
 Reference value :  2.44207e-07
 Reference value :  2.46277e-07
 Reference value :  2.54777e-07
 Reference value :  2.63277e-07
 Reference value :  2.72277e-07
 Reference value :  2.80277e-07
 Reference value :  2.83625e-07
 Reference value :  2.84101e-07
 Reference value :  2.84705e-07
 Reference value :  2.87732e-07
 Reference value :  2.95732e-07
 Reference value :  3.04232e-07
 Reference value :  3.13232e-07
 Reference value :  3.21732e-07
 Reference value :  3.25500e-07
 Reference value :  3.30476e-07
 Reference value :  3.39476e-07
 Reference value :  3.47976e-07
 Reference value :  3.56976e-07
 Reference value :  3.65476e-07
 Reference value :  3.66959e-07
 Reference value :  3.67783e-07
 Reference value :  3.74493e-07
 Reference value :  3.82493e-07
 Reference value :  3.90993e-07
 Reference value :  3.99493e-07
 Reference value :  4.07833e-07
 Reference value :  4.09183e-07
 Reference value :  4.15257e-07
 Reference value :  4.23757e-07
 Reference value :  4.32257e-07
 Reference value :  4.40757e-07
 Reference value :  4.49128e-07
 Reference value :  4.50292e-07
 Reference value :  4.51116e-07
 Reference value :  4.57056e-07
 Reference value :  4.65056e-07
 Reference value :  4.73556e-07
 Reference value :  4.82056e-07
 Reference value :  4.90556e-07
 Reference value :  4.92317e-07
 Reference value :  4.97028e-07
 Reference value :  5.00528e-07
 Reference value :  5.08528e-07
 Reference value :  5.17528e-07
 Reference value :  5.26528e-07
 Reference value :  5.33417e-07
 Reference value :  5.34338e-07
 Reference value :  5.34922e-07
 Reference value :  5.39674e-07
 Reference value :  5.47674e-07
 Reference value :  5.56174e-07
 Reference value :  5.65174e-07
 Reference value :  5.73674e-07
 Reference value :  5.75850e-07
 Reference value :  5.81878e-07
 Reference value :  5.89878e-07
 Reference value :  5.98378e-07
 Reference value :  6.05378e-07
 Reference value :  6.10878e-07
 Reference value :  6.16751e-07
 Reference value :  6.17546e-07
 Reference value :  6.18200e-07
 Reference value :  6.23529e-07
 Reference value :  6.31529e-07
 Reference value :  6.40529e-07
 Reference value :  6.49529e-07
 Reference value :  6.57883e-07
 Reference value :  6.59515e-07
 Reference value :  6.65729e-07
 Reference value :  6.74729e-07
 Reference value :  6.83729e-07
 Reference value :  6.92229e-07
 Reference value :  6.99650e-07
 Reference value :  7.00500e-07
 Reference value :  7.01526e-07
 Reference value :  7.07802e-07
 Reference value :  7.16302e-07
 Reference value :  7.24802e-07
 Reference value :  7.33302e-07
 Reference value :  7.41217e-07
 Reference value :  7.42517e-07
 Reference value :  7.48552e-07
 Reference value :  7.57052e-07
 Reference value :  7.65552e-07
 Reference value :  7.74552e-07
 Reference value :  7.82833e-07
 Reference value :  7.83625e-07
 Reference value :  7.84109e-07
 Reference value :  7.89154e-07
 Reference value :  7.97654e-07
 Reference value :  8.06154e-07
 Reference value :  8.15154e-07
 Reference value :  8.24077e-07
 Reference value :  8.25850e-07
 Reference value :  8.31881e-07
 Reference value :  8.41381e-07
 Reference value :  8.49881e-07
 Reference value :  8.58381e-07
 Reference value :  8.66167e-07
 Reference value :  8.66959e-07
 Reference value :  8.67334e-07
 Reference value :  8.68160e-07
 Reference value :  8.73529e-07
 Reference value :  8.81529e-07
 Reference value :  8.90029e-07
 Reference value :  8.98529e-07
 Reference value :  9.07029e-07
 Reference value :  9.08983e-07
 Reference value :  9.14717e-07
 Reference value :  9.23217e-07
 Reference value :  9.31717e-07
 Reference value :  9.40217e-07
 Reference value :  9.48717e-07
 Reference value :  9.50292e-07
 Reference value :  9.50758e-07
 Reference value :  9.55156e-07
 Reference value :  9.63156e-07
 Reference value :  9.72156e-07
 Reference value :  9.80656e-07
 Reference value :  9.89156e-07
 Reference value :  9.92217e-07
 Reference value :  9.96549e-07
 Reference value :  1.00505e-06
 Reference value :  1.01355e-06
 Reference value :  1.02205e-06
 Reference value :  1.03105e-06
 Reference value :  1.03363e-06
 Reference value :  1.03432e-06
 Reference value :  1.03892e-06
 Reference value :  1.04692e-06
 Reference value :  1.05492e-06
 Reference value :  1.06342e-06
 Reference value :  1.07292e-06
 Reference value :  1.07555e-06
 Reference value :  1.07988e-06
 Reference value :  1.08838e-06
 Reference value :  1.09788e-06
 Reference value :  1.10638e-06
 Reference value :  1.11577e-06
 Reference value :  1.11696e-06
 Reference value :  1.11746e-06
 Reference value :  1.11806e-06
 Reference value :  1.12267e-06
 Reference value :  1.13117e-06
 Reference value :  1.14017e-06
 Reference value :  1.14867e-06
 Reference value :  1.15717e-06
 Reference value :  1.15918e-06
 Reference value :  1.16049e-06
 Reference value :  1.16407e-06
 Reference value :  1.17257e-06
 Reference value :  1.18057e-06
 Reference value :  1.18907e-06
 Reference value :  1.19757e-06
 Reference value :  1.20029e-06
 Reference value :  1.20068e-06
 Reference value :  1.20119e-06
 Reference value :  1.20576e-06
 Reference value :  1.21326e-06
 Reference value :  1.22176e-06
 Reference value :  1.23076e-06
 Reference value :  1.23976e-06
 Reference value :  1.24232e-06
 Reference value :  1.24378e-06
 Reference value :  1.24877e-06
 Reference value :  1.25727e-06
 Reference value :  1.26577e-06
 Reference value :  1.27427e-06
 Reference value :  1.28283e-06
 Reference value :  1.28383e-06
 Reference value :  1.28436e-06
 Reference value :  1.28488e-06
 Reference value :  1.28877e-06
 Reference value :  1.29677e-06
 Reference value :  1.30577e-06
 Reference value :  1.31477e-06
 Reference value :  1.32277e-06
 Reference value :  1.32555e-06
 Reference value :  1.32881e-06
 Reference value :  1.33681e-06
 Reference value :  1.34081e-06
 Reference value :  1.34881e-06
 Reference value :  1.35881e-06
 Reference value :  1.36675e-06
 Reference value :  1.36754e-06
 Reference value :  1.36785e-06
 Reference value :  1.37000e-06
 Reference value :  1.37750e-06
 Reference value :  1.38600e-06
 Reference value :  1.39400e-06
 Reference value :  1.40250e-06
 Reference value :  1.40888e-06
 Reference value :  1.41383e-06
 Reference value :  1.42233e-06
 Reference value :  1.43033e-06
 Reference value :  1.43883e-06
 Reference value :  1.44783e-06
 Reference value :  1.45029e-06
 Reference value :  1.45091e-06
 Reference value :  1.45583e-06
 Reference value :  1.46383e-06
 Reference value :  1.47233e-06
 Reference value :  1.48083e-06
 Reference value :  1.48933e-06
 Reference value :  1.49222e-06
 Reference value :  1.49661e-06
 Reference value :  1.50511e-06
 Reference value :  1.51511e-06
 Reference value :  1.52361e-06
 Reference value :  1.53211e-06
 Reference value :  1.53363e-06
 Reference value :  1.53402e-06
 Reference value :  1.53765e-06
 Reference value :  1.54515e-06
 Reference value :  1.55365e-06
 Reference value :  1.56215e-06
 Reference value :  1.57115e-06
 Reference value :  1.57550e-06
 Reference value :  1.57889e-06
 Reference value :  1.58839e-06
 Reference value :  1.59789e-06
 Reference value :  1.60639e-06
 Reference value :  1.61539e-06
 Reference value :  1.61696e-06
 Reference value :  1.61757e-06
 Reference value :  1.62192e-06
 Reference value :  1.62992e-06
 Reference value :  1.63842e-06
 Reference value :  1.64742e-06
 Reference value :  1.65642e-06
 Reference value :  1.65888e-06
 Reference value :  1.66321e-06
 Reference value :  1.67271e-06
 Reference value :  1.68121e-06
 Reference value :  1.68621e-06
 Reference value :  1.69271e-06
 Reference value :  1.70008e-06
 Reference value :  1.70084e-06
 Reference value :  1.70122e-06
 Reference value :  1.70416e-06
 Reference value :  1.71216e-06
 Reference value :  1.72166e-06
 Reference value :  1.73016e-06
 Reference value :  1.73866e-06
 Reference value :  1.74217e-06
 Reference value :  1.74555e-06
 Reference value :  1.75405e-06
 Reference value :  1.76305e-06
 Reference value :  1.77205e-06
 Reference value :  1.78055e-06
 Reference value :  1.78342e-06
 Reference value :  1.78395e-06
 Reference value :  1.78504e-06
 Reference value :  1.79354e-06
 Reference value :  1.80254e-06
 Reference value :  1.81104e-06
 Reference value :  1.82004e-06
 Reference value :  1.82550e-06
 Reference value :  1.82938e-06
 Reference value :  1.83788e-06
 Reference value :  1.84638e-06
 Reference value :  1.85488e-06
 Reference value :  1.86188e-06
 Reference value :  1.86675e-06
 Reference value :  1.86724e-06
 Reference value :  1.86760e-06
 Reference value :  1.86848e-06
 Reference value :  1.87508e-06
 Reference value :  1.88358e-06
 Reference value :  1.89208e-06
 Reference value :  1.90058e-06
 Reference value :  1.90818e-06
 Reference value :  1.90992e-06
 Reference value :  1.91672e-06
 Reference value :  1.92522e-06
 Reference value :  1.93422e-06
 Reference value :  1.94322e-06
 Reference value :  1.95000e-06
 Reference value :  1.95051e-06
 Reference value :  1.95079e-06
 Reference value :  1.95140e-06
 Reference value :  1.95502e-06
 Reference value :  1.96352e-06
 Reference value :  1.97202e-06
 Reference value :  1.98052e-06
 Reference value :  1.98902e-06
 Reference value :  1.99222e-06
 Reference value :  1.99705e-06
 Reference value :  2.00555e-06
 Reference value :  2.01405e-06
 Reference value :  2.02305e-06
 Reference value :  2.03155e-06
 Reference value :  2.03363e-06
 Reference value :  2.03426e-06
 Reference value :  2.03509e-06
 Reference value :  2.04254e-06
 Reference value :  2.05104e-06
 Reference value :  2.05954e-06
 Reference value :  2.06904e-06
 Reference value :  2.07517e-06
 Reference value :  2.07738e-06
 Reference value :  2.08538e-06
 Reference value :  2.09438e-06
 Reference value :  2.10288e-06
 Reference value :  2.11188e-06
 Reference value :  2.11675e-06
 Reference value :  2.11735e-06
 Reference value :  2.11808e-06
 Reference value :  2.12257e-06
 Reference value :  2.13107e-06
 Reference value :  2.14057e-06
 Reference value :  2.14907e-06
 Reference value :  2.15783e-06
 Reference value :  2.15990e-06
 Reference value :  2.16420e-06
 Reference value :  2.17220e-06
 Reference value :  2.18070e-06
 Reference value :  2.18970e-06
 Reference value :  2.19820e-06
 Reference value :  2.20029e-06
 Reference value :  2.20068e-06
 Reference value :  2.20120e-06
 Reference value :  2.20585e-06
 Reference value :  2.21285e-06
 Reference value :  2.22085e-06
 Reference value :  2.22935e-06
 Reference value :  2.23885e-06
 Reference value :  2.24222e-06
 Reference value :  2.24386e-06
 Reference value :  2.24858e-06
 Reference value :  2.25658e-06
 Reference value :  2.26508e-06
 Reference value :  2.27358e-06
 Reference value :  2.28208e-06
 Reference value :  2.28363e-06
 Reference value :  2.28410e-06
 Reference value :  2.28459e-06
 Reference value :  2.28673e-06
 Reference value :  2.29473e-06
 Reference value :  2.30323e-06
 Reference value :  2.31173e-06
 Reference value :  2.32023e-06
 Reference value :  2.32550e-06
 Reference value :  2.32938e-06
 Reference value :  2.33788e-06
 Reference value :  2.34588e-06
 Reference value :  2.35288e-06
 Reference value :  2.36188e-06
 Reference value :  2.36675e-06
 Reference value :  2.36735e-06
 Reference value :  2.36876e-06
 Reference value :  2.37726e-06
 Reference value :  2.38676e-06
 Reference value :  2.39526e-06
 Reference value :  2.40426e-06
 Reference value :  2.40883e-06
 Reference value :  2.41171e-06
 Reference value :  2.42021e-06
 Reference value :  2.42821e-06
 Reference value :  2.43221e-06
 Reference value :  2.43821e-06
 Reference value :  2.44671e-06
 Reference value :  2.45008e-06
 Reference value :  2.45088e-06
 Reference value :  2.45164e-06
 Reference value :  2.45740e-06
 Reference value :  2.46640e-06
 Reference value :  2.47490e-06
 Reference value :  2.48440e-06
 Reference value :  2.49152e-06
 Reference value :  2.49325e-06
 Reference value :  2.49954e-06
 Reference value :  2.50804e-06
 Reference value :  2.51654e-06
 Reference value :  2.52454e-06
 Reference value :  2.53288e-06
 Reference value :  2.53363e-06
 Reference value :  2.53401e-06
 Reference value :  2.53543e-06
 Reference value :  2.54343e-06
 Reference value :  2.55243e-06
 Reference value :  2.56143e-06
 Reference value :  2.56993e-06
 Reference value :  2.57550e-06
 Reference value :  2.57888e-06
 Reference value :  2.58688e-06
 Reference value :  2.59538e-06
 Reference value :  2.60088e-06
 Reference value :  2.60988e-06
 Reference value :  2.61675e-06
 Reference value :  2.61735e-06
 Reference value :  2.61832e-06
 Reference value :  2.62676e-06
 Reference value :  2.63526e-06
 Reference value :  2.64426e-06
 Reference value :  2.65276e-06
 Reference value :  2.65851e-06
 Reference value :  2.66029e-06
 Reference value :  2.67071e-06
 Reference value :  2.67921e-06
 Reference value :  2.68521e-06
 Reference value :  2.69371e-06
 Reference value :  2.70008e-06
 Reference value :  2.70068e-06
 Reference value :  2.70166e-06
 Reference value :  2.70960e-06
 Reference value :  2.71810e-06
 Reference value :  2.72760e-06
 Reference value :  2.73660e-06
 Reference value :  2.74217e-06
 Reference value :  2.74505e-06
 Reference value :  2.75305e-06
 Reference value :  2.76155e-06
 Reference value :  2.76805e-06
 Reference value :  2.77655e-06
 Reference value :  2.78342e-06
 Reference value :  2.78395e-06
 Reference value :  2.78446e-06
 Reference value :  2.79176e-06
 Reference value :  2.80026e-06
 Reference value :  2.80876e-06
 Reference value :  2.81776e-06
 Reference value :  2.82485e-06
 Reference value :  2.82658e-06
 Reference value :  2.83338e-06
 Reference value :  2.84188e-06
 Reference value :  2.84888e-06
 Reference value :  2.85738e-06
 Reference value :  2.86577e-06
 Reference value :  2.86696e-06
 Reference value :  2.86698e-06
 Reference value :  2.86730e-06
 Reference value :  2.86911e-06
 Reference value :  2.87711e-06
 Reference value :  2.88561e-06
 Reference value :  2.89461e-06
 Reference value :  2.90311e-06
 Reference value :  2.90883e-06
 Reference value :  2.91171e-06
 Reference value :  2.92021e-06
 Reference value :  2.92871e-06
 Reference value :  2.93521e-06
 Reference value :  2.94371e-06
 Reference value :  2.95004e-06
 Reference value :  2.95051e-06
 Reference value :  2.95098e-06
 Reference value :  2.95560e-06
 Reference value :  2.96410e-06
 Reference value :  2.97260e-06
 Reference value :  2.98110e-06
 Reference value :  2.98960e-06
 Reference value :  2.99232e-06
 Reference value :  2.99704e-06
 Reference value :  3.00604e-06
 Reference value :  3.01454e-06
 Reference value :  3.02054e-06
 Reference value :  3.02904e-06
 Reference value :  3.03342e-06
 Reference value :  3.03412e-06
 Reference value :  3.03538e-06
 Reference value :  3.04288e-06
 Reference value :  3.05138e-06
 Reference value :  3.05988e-06
 Reference value :  3.06838e-06
 Reference value :  3.07485e-06
 Reference value :  3.07658e-06
 Reference value :  3.08338e-06
 Reference value :  3.09188e-06
 Reference value :  3.09888e-06
 Reference value :  3.10688e-06
 Reference value :  3.11577e-06
 Reference value :  3.11717e-06
 Reference value :  3.11758e-06
 Reference value :  3.11818e-06
 Reference value :  3.12428e-06
 Reference value :  3.13278e-06
 Reference value :  3.14128e-06
 Reference value :  3.15028e-06
 Reference value :  3.15788e-06
 Reference value :  3.15997e-06
 Reference value :  3.16309e-06
 Reference value :  3.17050e-06
 Reference value :  3.17900e-06
 Reference value :  3.18800e-06
 Reference value :  3.19650e-06
 Reference value :  3.20008e-06
 Reference value :  3.20068e-06
 Reference value :  3.20110e-06
 Reference value :  3.20377e-06
 Reference value :  3.21077e-06
 Reference value :  3.21827e-06
 Reference value :  3.23127e-06
 Reference value :  3.24217e-06
 Reference value :  3.24636e-06
 Reference value :  3.24927e-06
 Reference value :  3.26020e-06
 Reference value :  3.27370e-06
 Reference value :  3.28342e-06
 Reference value :  3.28430e-06
 Reference value :  3.29308e-06
 Reference value :  3.30608e-06
 Reference value :  3.31458e-06
 Reference value :  3.32308e-06
 Reference value :  3.32555e-06
 Reference value :  3.32808e-06
 Reference value :  3.33258e-06
 Reference value :  3.34058e-06
 Reference value :  3.34958e-06
 Reference value :  3.35808e-06
 Reference value :  3.36617e-06
 Reference value :  3.36696e-06
 Reference value :  3.36766e-06
 Reference value :  3.36830e-06
 Reference value :  3.37355e-06
 Reference value :  3.38055e-06
 Reference value :  3.38955e-06
 Reference value :  3.39805e-06
 Reference value :  3.40655e-06
 Reference value :  3.40898e-06
 Reference value :  3.41141e-06
 Reference value :  3.41441e-06
 Reference value :  3.42241e-06
 Reference value :  3.43091e-06
 Reference value :  3.43941e-06
 Reference value :  3.44741e-06
 Reference value :  3.45008e-06
 Reference value :  3.45068e-06
 Reference value :  3.45124e-06
 Reference value :  3.45288e-06
 Reference value :  3.45938e-06
 Reference value :  3.46688e-06
 Reference value :  3.47588e-06
 Reference value :  3.48438e-06
 Reference value :  3.49152e-06
 Reference value :  3.49325e-06
 Reference value :  3.49525e-06
 Reference value :  3.50125e-06
 Reference value :  3.50925e-06
 Reference value :  3.51825e-06
 Reference value :  3.52675e-06
 Reference value :  3.53342e-06
 Reference value :  3.53401e-06
 Reference value :  3.53440e-06
 Reference value :  3.53513e-06
 Reference value :  3.54071e-06
 Reference value :  3.55171e-06
 Reference value :  3.56021e-06
 Reference value :  3.56921e-06
 Reference value :  3.57517e-06
 Reference value :  3.57695e-06
 Reference value :  3.57859e-06
 Reference value :  3.58459e-06
 Reference value :  3.59259e-06
 Reference value :  3.60159e-06
 Reference value :  3.61009e-06
 Reference value :  3.61675e-06
 Reference value :  3.61735e-06
 Reference value :  3.61782e-06
 Reference value :  3.61906e-06
 Reference value :  3.62603e-06
 Reference value :  3.63353e-06
 Reference value :  3.64203e-06
 Reference value :  3.65053e-06
 Reference value :  3.65818e-06
 Reference value :  3.65992e-06
 Reference value :  3.66189e-06
 Reference value :  3.66679e-06
 Reference value :  3.67529e-06
 Reference value :  3.68379e-06
 Reference value :  3.69229e-06
 Reference value :  3.69985e-06
 Reference value :  3.70050e-06
 Reference value :  3.70099e-06
 Reference value :  3.70145e-06
 Reference value :  3.70543e-06
 Reference value :  3.71193e-06
 Reference value :  3.72043e-06
 Reference value :  3.72993e-06
 Reference value :  3.73993e-06
 Reference value :  3.74232e-06
 Reference value :  3.74485e-06
 Reference value :  3.74845e-06
 Reference value :  3.75645e-06
 Reference value :  3.76495e-06
 Reference value :  3.77345e-06
 Reference value :  3.78195e-06
 Reference value :  3.78363e-06
 Reference value :  3.78411e-06
 Reference value :  3.78456e-06
 Reference value :  3.78829e-06
 Reference value :  3.79529e-06
 Reference value :  3.80329e-06
 Reference value :  3.81179e-06
 Reference value :  3.82079e-06
 Reference value :  3.82550e-06
 Reference value :  3.82820e-06
 Reference value :  3.83237e-06
 Reference value :  3.84087e-06
 Reference value :  3.84937e-06
 Reference value :  3.85787e-06
 Reference value :  3.86617e-06
 Reference value :  3.86717e-06
 Reference value :  3.86767e-06
 Reference value :  3.87145e-06
 Reference value :  3.88445e-06
 Reference value :  3.89595e-06
 Reference value :  3.90445e-06
 Reference value :  3.90883e-06
 Reference value :  3.91069e-06
 Reference value :  3.91199e-06
 Reference value :  3.91728e-06
 Reference value :  3.92578e-06
 Reference value :  3.93478e-06
 Reference value :  3.94328e-06
 Reference value :  3.95000e-06
 Reference value :  3.95052e-06
 Reference value :  3.95104e-06
 Reference value :  3.95379e-06
 Reference value :  3.96079e-06
 Reference value :  3.96929e-06
 Reference value :  3.97779e-06
 Reference value :  3.98629e-06
 Reference value :  3.99217e-06
 Reference value :  3.99487e-06
 Reference value :  3.99674e-06
 Reference value :  4.00374e-06
 Reference value :  4.01224e-06
 Reference value :  4.02074e-06
 Reference value :  4.02874e-06
 Reference value :  4.03342e-06
 Reference value :  4.03406e-06
 Reference value :  4.03442e-06
 Reference value :  4.03961e-06
 Reference value :  4.04811e-06
 Reference value :  4.05661e-06
 Reference value :  4.06461e-06
 Reference value :  4.07311e-06
 Reference value :  4.07565e-06
 Reference value :  4.07869e-06
 Reference value :  4.08443e-06
 Reference value :  4.09293e-06
 Reference value :  4.10193e-06
 Reference value :  4.11093e-06
 Reference value :  4.11675e-06
 Reference value :  4.11762e-06
 Reference value :  4.11827e-06
 Reference value :  4.12458e-06
 Reference value :  4.13358e-06
 Reference value :  4.14258e-06
 Reference value :  4.15158e-06
 Reference value :  4.15851e-06
 Reference value :  4.15990e-06
 Reference value :  4.16320e-06
 Reference value :  4.17070e-06
 Reference value :  4.17920e-06
 Reference value :  4.18820e-06
 Reference value :  4.19720e-06
 Reference value :  4.20029e-06
 Reference value :  4.20085e-06
 Reference value :  4.20188e-06
 Reference value :  4.21037e-06
 Reference value :  4.21887e-06
 Reference value :  4.22737e-06
 Reference value :  4.23587e-06
 Reference value :  4.24184e-06
 Reference value :  4.24361e-06
 Reference value :  4.24758e-06
 Reference value :  4.25558e-06
 Reference value :  4.26458e-06
 Reference value :  4.27408e-06
 Reference value :  4.28246e-06
 Reference value :  4.28383e-06
 Reference value :  4.28439e-06
 Reference value :  4.28953e-06
 Reference value :  4.29803e-06
 Reference value :  4.30653e-06
 Reference value :  4.31503e-06
 Reference value :  4.32403e-06
 Reference value :  4.32585e-06
 Reference value :  4.33188e-06
 Reference value :  4.34038e-06
 Reference value :  4.34938e-06
 Reference value :  4.35238e-06
 Reference value :  4.35988e-06
 Reference value :  4.36675e-06
 Reference value :  4.36735e-06
 Reference value :  4.36784e-06
 Reference value :  4.37083e-06
 Reference value :  4.37783e-06
 Reference value :  4.38633e-06
 Reference value :  4.39483e-06
 Reference value :  4.40333e-06
 Reference value :  4.40883e-06
 Reference value :  4.41221e-06
 Reference value :  4.42021e-06
 Reference value :  4.42871e-06
 Reference value :  4.43521e-06
 Reference value :  4.44371e-06
 Reference value :  4.45008e-06
 Reference value :  4.45099e-06
 Reference value :  4.45491e-06
 Reference value :  4.46341e-06
 Reference value :  4.47191e-06
 Reference value :  4.48041e-06
 Reference value :  4.48891e-06
 Reference value :  4.49222e-06
 Reference value :  4.49704e-06
 Reference value :  4.50554e-06
 Reference value :  4.51404e-06
 Reference value :  4.51804e-06
 Reference value :  4.52504e-06
 Reference value :  4.53288e-06
 Reference value :  4.53363e-06
 Reference value :  4.53423e-06
 Reference value :  4.53474e-06
 Reference value :  4.53899e-06
 Reference value :  4.54649e-06
 Reference value :  4.55499e-06
 Reference value :  4.56349e-06
 Reference value :  4.57199e-06
 Reference value :  4.57550e-06
 Reference value :  4.57838e-06
 Reference value :  4.58738e-06
 Reference value :  4.59588e-06
 Reference value :  4.60088e-06
 Reference value :  4.60738e-06
 Reference value :  4.61577e-06
 Reference value :  4.61696e-06
 Reference value :  4.61756e-06
 Reference value :  4.61807e-06
 Reference value :  4.62177e-06
 Reference value :  4.62927e-06
 Reference value :  4.63777e-06
 Reference value :  4.64577e-06
 Reference value :  4.65427e-06
 Reference value :  4.65883e-06
 Reference value :  4.66271e-06
 Reference value :  4.67071e-06
 Reference value :  4.67971e-06
 Reference value :  4.68321e-06
 Reference value :  4.68921e-06
 Reference value :  4.69721e-06
 Reference value :  4.70008e-06
 Reference value :  4.70068e-06
 Reference value :  4.70116e-06
 Reference value :  4.70409e-06
 Reference value :  4.71159e-06
 Reference value :  4.72009e-06
 Reference value :  4.72909e-06
 Reference value :  4.73759e-06
 Reference value :  4.74217e-06
 Reference value :  4.74555e-06
 Reference value :  4.75355e-06
 Reference value :  4.76255e-06
 Reference value :  4.76605e-06
 Reference value :  4.77305e-06
 Reference value :  4.78155e-06
 Reference value :  4.78363e-06
 Reference value :  4.78411e-06
 Reference value :  4.78458e-06
 Reference value :  4.78853e-06
 Reference value :  4.79603e-06
 Reference value :  4.80353e-06
 Reference value :  4.81253e-06
 Reference value :  4.82103e-06
 Reference value :  4.82550e-06
 Reference value :  4.82888e-06
 Reference value :  4.83688e-06
 Reference value :  4.84588e-06
 Reference value :  4.85038e-06
 Reference value :  4.85738e-06
 Reference value :  4.86538e-06
 Reference value :  4.86696e-06
 Reference value :  4.86698e-06
 Reference value :  4.86729e-06
 Reference value :  4.86764e-06
 Reference value :  4.86902e-06
 Reference value :  4.87601e-06
 Reference value :  4.88451e-06
 Reference value :  4.89351e-06
 Reference value :  4.90201e-06
 Reference value :  4.90851e-06
 Reference value :  4.91029e-06
 Reference value :  4.91771e-06
 Reference value :  4.92621e-06
 Reference value :  4.93371e-06
 Reference value :  4.93821e-06
 Reference value :  4.94771e-06
 Reference value :  4.95037e-06
 Reference value :  4.95070e-06
 Reference value :  4.95113e-06
 Reference value :  4.95363e-06
 Reference value :  4.96013e-06
 Reference value :  4.96863e-06
 Reference value :  4.97763e-06
 Reference value :  4.98613e-06
 Reference value :  4.99217e-06
 Reference value :  4.99604e-06
 Reference value :  5.00404e-06
 Reference value :  5.01254e-06
 Reference value :  5.01904e-06
 Reference value :  5.02804e-06
 Reference value :  5.03342e-06
 Reference value :  5.03417e-06
 Reference value :  5.03454e-06
 Reference value :  5.03967e-06
 Reference value :  5.04817e-06
 Reference value :  5.05667e-06
 Reference value :  5.06517e-06
 Reference value :  5.07408e-06
 Reference value :  5.07585e-06
 Reference value :  5.08238e-06
 Reference value :  5.09188e-06
 Reference value :  5.09938e-06
 Reference value :  5.10738e-06
 Reference value :  5.11577e-06
 Reference value :  5.11717e-06
 Reference value :  5.11768e-06
 Reference value :  5.12021e-06
 Reference value :  5.12921e-06
 Reference value :  5.13771e-06
 Reference value :  5.14571e-06
 Reference value :  5.15421e-06
 Reference value :  5.15883e-06
 Reference value :  5.16048e-06
 Reference value :  5.16708e-06
 Reference value :  5.17608e-06
 Reference value :  5.18458e-06
 Reference value :  5.19358e-06
 Reference value :  5.20008e-06
 Reference value :  5.20068e-06
 Reference value :  5.20120e-06
 Reference value :  5.20834e-06
 Reference value :  5.21684e-06
 Reference value :  5.22584e-06
 Reference value :  5.23534e-06
 Reference value :  5.24184e-06
 Reference value :  5.24319e-06
 Reference value :  5.24677e-06
 Reference value :  5.25527e-06
 Reference value :  5.26427e-06
 Reference value :  5.27277e-06
 Reference value :  5.28127e-06
 Reference value :  5.28363e-06
 Reference value :  5.28426e-06
 Reference value :  5.28525e-06
 Reference value :  5.29325e-06
 Reference value :  5.30225e-06
 Reference value :  5.31075e-06
 Reference value :  5.31975e-06
 Reference value :  5.32550e-06
 Reference value :  5.32881e-06
 Reference value :  5.33731e-06
 Reference value :  5.34381e-06
 Reference value :  5.35281e-06
 Reference value :  5.36131e-06
 Reference value :  5.36675e-06
 Reference value :  5.36767e-06
 Reference value :  5.37158e-06
 Reference value :  5.38008e-06
 Reference value :  5.38858e-06
 Reference value :  5.39708e-06
 Reference value :  5.40558e-06
 Reference value :  5.40888e-06
 Reference value :  5.41483e-06
 Reference value :  5.42333e-06
 Reference value :  5.43233e-06
 Reference value :  5.44083e-06
 Reference value :  5.44950e-06
 Reference value :  5.45029e-06
 Reference value :  5.45317e-06
 Reference value :  5.46167e-06
 Reference value :  5.47017e-06
 Reference value :  5.47867e-06
 Reference value :  5.48667e-06
 Reference value :  5.49217e-06
 Reference value :  5.49615e-06
 Reference value :  5.50465e-06
 Reference value :  5.51365e-06
 Reference value :  5.52215e-06
 Reference value :  5.53065e-06
 Reference value :  5.53363e-06
 Reference value :  5.53550e-06
 Reference value :  5.54350e-06
 Reference value :  5.55200e-06
 Reference value :  5.56050e-06
 Reference value :  5.56950e-06
 Reference value :  5.57550e-06
 Reference value :  5.57998e-06
 Reference value :  5.58948e-06
 Reference value :  5.59798e-06
 Reference value :  5.60648e-06
 Reference value :  5.61548e-06
 Reference value :  5.61696e-06
 Reference value :  5.61916e-06
 Reference value :  5.62766e-06
 Reference value :  5.63616e-06
 Reference value :  5.64466e-06
 Reference value :  5.65316e-06
 Reference value :  5.65883e-06
 Reference value :  5.66481e-06
 Reference value :  5.67331e-06
 Reference value :  5.68181e-06
 Reference value :  5.69031e-06
 Reference value :  5.69916e-06
 Reference value :  5.70029e-06
 Reference value :  5.70235e-06
 Reference value :  5.71135e-06
 Reference value :  5.72085e-06
 Reference value :  5.72935e-06
 Reference value :  5.73785e-06
 Reference value :  5.74217e-06
 Reference value :  5.74665e-06
 Reference value :  5.75565e-06
 Reference value :  5.76365e-06
 Reference value :  5.77265e-06
 Reference value :  5.78115e-06
 Reference value :  5.78363e-06
 Reference value :  5.78504e-06
 Reference value :  5.79397e-06
 Reference value :  5.80297e-06
 Reference value :  5.81147e-06
 Reference value :  5.81997e-06
 Reference value :  5.82550e-06
 Reference value :  5.83048e-06
 Reference value :  5.83898e-06
 Reference value :  5.84698e-06
 Reference value :  5.85548e-06
 Reference value :  5.86398e-06
 Reference value :  5.86696e-06
 Reference value :  5.86737e-06
 Reference value :  5.87408e-06
 Reference value :  5.88258e-06
 Reference value :  5.89108e-06
 Reference value :  5.90008e-06
 Reference value :  5.90798e-06
 Reference value :  5.90952e-06
 Reference value :  5.91731e-06
 Reference value :  5.92631e-06
 Reference value :  5.93431e-06
 Reference value :  5.94331e-06
 Reference value :  5.95008e-06
 Reference value :  5.95072e-06
 Reference value :  5.95875e-06
 Reference value :  5.96775e-06
 Reference value :  5.97675e-06
 Reference value :  5.98575e-06
 Reference value :  5.99217e-06
 Reference value :  5.99714e-06
 Reference value :  6.00564e-06
 Reference value :  6.01464e-06
 Reference value :  6.02364e-06
 Reference value :  6.03249e-06
 Reference value :  6.03383e-06
 Reference value :  6.03453e-06
 Reference value :  6.03882e-06
 Reference value :  6.04732e-06
 Reference value :  6.05582e-06
 Reference value :  6.06432e-06
 Reference value :  6.07282e-06
 Reference value :  6.07555e-06
 Reference value :  6.08098e-06
 Reference value :  6.08998e-06
 Reference value :  6.09898e-06
 Reference value :  6.10798e-06
 Reference value :  6.11617e-06
 Reference value :  6.11717e-06
 Reference value :  6.11775e-06
 Reference value :  6.11891e-06
 Reference value :  6.12773e-06
 Reference value :  6.13623e-06
 Reference value :  6.14473e-06
 Reference value :  6.15323e-06
 Reference value :  6.15883e-06
 Reference value :  6.16025e-06
 Reference value :  6.16307e-06
 Reference value :  6.17157e-06
 Reference value :  6.18007e-06
 Reference value :  6.19257e-06
 Reference value :  6.20008e-06
 Reference value :  6.20067e-06
 Reference value :  6.20120e-06
 Reference value :  6.20835e-06
 Reference value :  6.21685e-06
 Reference value :  6.22535e-06
 Reference value :  6.23435e-06
 Reference value :  6.24152e-06
 Reference value :  6.24319e-06
 Reference value :  6.24577e-06
 Reference value :  6.25427e-06
 Reference value :  6.26327e-06
 Reference value :  6.27177e-06
 Reference value :  6.28077e-06
No. of Data Rows : 14179

  Measurements for Transient Analysis

d9_c1               =  2.29941e-07
d8_c1               =  8.00505e-08
d7_c1               =  1.80000e+00
d6_c1               =  1.80000e+00
d5_c1               =  1.80000e+00
d4_c1               =  1.26779e-07
d3_c1               =  1.80000e+00
d2_c1               =  1.95362e-07
d1_c1               =  1.80000e+00
d0_c1               =  4.75602e-07
d9_c2               =  -5.38849e-07
d8_c2               =  1.80000e+00
d7_c2               =  9.62220e-08
d6_c2               =  1.80000e+00
d5_c2               =  1.80000e+00
d4_c2               =  1.80000e+00
d3_c2               =  1.80000e+00
d2_c2               =  1.80000e+00
d1_c2               =  1.80000e+00
d0_c2               =  1.80000e+00
d9_c3               =  1.80001e+00
d8_c3               =  1.01626e-08
d7_c3               =  1.01613e-08
d6_c3               =  1.01571e-08
d5_c3               =  1.01530e-08
d4_c3               =  1.01519e-08
d3_c3               =  1.01467e-08
d2_c3               =  1.01312e-08
d1_c3               =  1.01641e-08
d0_c3               =  -9.30138e-07
d9_c4               =  1.80001e+00
d8_c4               =  2.58491e-09
d7_c4               =  1.80000e+00
d6_c4               =  2.58600e-09
d5_c4               =  2.58381e-09
d4_c4               =  2.58339e-09
d3_c4               =  2.58187e-09
d2_c4               =  2.48194e-09
d1_c4               =  2.58342e-09
d0_c4               =  1.80000e+00
d9_c5               =  1.80001e+00
d8_c5               =  1.80000e+00
d7_c5               =  1.80000e+00
d6_c5               =  1.80000e+00
d5_c5               =  1.80000e+00
d4_c5               =  1.80000e+00
d3_c5               =  1.80000e+00
d2_c5               =  1.80000e+00
d1_c5               =  1.80000e+00
d0_c5               =  1.80000e+00
busy_c1_p0          =  1.80000e+00
smpl_c1_p0          =  2.87160e-06
busy_c1_p1          =  1.80000e+00
smpl_c1_p1          =  3.07583e-06
busy_c1_p2          =  1.80000e+00
smpl_c1_p2          =  5.06455e-06
busy_c1_p3          =  1.80000e+00
smpl_c1_p3          =  3.17210e-06
busy_c1_p4          =  1.80000e+00
smpl_c1_p4          =  3.16603e-06
busy_c1_p5          =  1.80000e+00
smpl_c1_p5          =  3.16060e-06
busy_c1_p6          =  1.80000e+00
smpl_c1_p6          =  3.17051e-06
busy_c1_p7          =  1.80000e+00
smpl_c1_p7          =  3.16266e-06
busy_c1_p8          =  1.80000e+00
smpl_c1_p8          =  3.17739e-06
busy_c1_p9          =  1.80000e+00
smpl_c1_p9          =  3.17444e-06
busy_c1_p10         =  1.80000e+00
smpl_c1_p10         =  3.17421e-06
busy_c1_p11         =  8.31315e-08
smpl_c1_p11         =  1.80000e+00
busy_c2_p0          =  1.80000e+00
smpl_c2_p0          =  2.93104e-06
busy_c2_p1          =  1.80000e+00
smpl_c2_p1          =  3.19955e-06
busy_c2_p2          =  1.80000e+00
smpl_c2_p2          =  3.26571e-06
busy_c2_p3          =  1.80000e+00
smpl_c2_p3          =  3.20880e-06
busy_c2_p4          =  1.80000e+00
smpl_c2_p4          =  3.23531e-06
busy_c2_p5          =  1.80000e+00
smpl_c2_p5          =  3.26242e-06
busy_c2_p6          =  1.80000e+00
smpl_c2_p6          =  3.27770e-06
busy_c2_p7          =  1.80000e+00
smpl_c2_p7          =  3.26496e-06
busy_c2_p8          =  1.80000e+00
smpl_c2_p8          =  3.26869e-06
busy_c2_p9          =  1.80000e+00
smpl_c2_p9          =  3.27608e-06
busy_c2_p10         =  1.80000e+00
smpl_c2_p10         =  3.27381e-06
busy_c2_p11         =  -1.65099e-07
smpl_c2_p11         =  1.80000e+00
busy_c3_p0          =  1.80000e+00
smpl_c3_p0          =  3.00301e-06
busy_c3_p1          =  1.80000e+00
smpl_c3_p1          =  3.21750e-06
busy_c3_p2          =  1.80000e+00
smpl_c3_p2          =  3.22477e-06
busy_c3_p3          =  1.80000e+00
smpl_c3_p3          =  3.24777e-06
busy_c3_p4          =  1.80000e+00
smpl_c3_p4          =  3.27507e-06
busy_c3_p5          =  1.80000e+00
smpl_c3_p5          =  3.30734e-06
busy_c3_p6          =  1.80000e+00
smpl_c3_p6          =  3.32555e-06
busy_c3_p7          =  1.80000e+00
smpl_c3_p7          =  3.31704e-06
busy_c3_p8          =  1.80000e+00
smpl_c3_p8          =  3.32001e-06
busy_c3_p9          =  1.80000e+00
smpl_c3_p9          =  3.32732e-06
busy_c3_p10         =  1.80000e+00
smpl_c3_p10         =  3.31447e-06
busy_c3_p11         =  5.86326e-06
smpl_c3_p11         =  1.80000e+00
busy_c4_p0          =  1.80000e+00
smpl_c4_p0          =  2.93347e-06
busy_c4_p1          =  1.80000e+00
smpl_c4_p1          =  3.20695e-06
busy_c4_p2          =  1.80000e+00
smpl_c4_p2          =  3.27157e-06
busy_c4_p3          =  1.80000e+00
smpl_c4_p3          =  3.21497e-06
busy_c4_p4          =  1.80000e+00
smpl_c4_p4          =  3.24314e-06
busy_c4_p5          =  1.80000e+00
smpl_c4_p5          =  3.26832e-06
busy_c4_p6          =  1.80000e+00
smpl_c4_p6          =  3.28126e-06
busy_c4_p7          =  1.80000e+00
smpl_c4_p7          =  3.28504e-06
busy_c4_p8          =  1.80000e+00
smpl_c4_p8          =  3.27592e-06
busy_c4_p9          =  1.80000e+00
smpl_c4_p9          =  3.27806e-06
busy_c4_p10         =  1.80000e+00
smpl_c4_p10         =  3.27591e-06
busy_c4_p11         =  -7.06836e-07
smpl_c4_p11         =  1.80000e+00
busy_c5_p0          =  1.80000e+00
smpl_c5_p0          =  2.87324e-06
busy_c5_p1          =  1.80000e+00
smpl_c5_p1          =  3.07560e-06
busy_c5_p2          =  1.80000e+00
smpl_c5_p2          =  4.99223e-06
busy_c5_p3          =  1.80000e+00
smpl_c5_p3          =  8.33548e-06
busy_c5_p4          =  1.80000e+00
smpl_c5_p4          =  7.68417e-06
busy_c5_p5          =  1.80000e+00
smpl_c5_p5          =  6.63273e-06
busy_c5_p6          =  1.80000e+00
smpl_c5_p6          =  5.55732e-06
busy_c5_p7          =  1.80000e+00
smpl_c5_p7          =  4.73739e-06
busy_c5_p8          =  1.80000e+00
smpl_c5_p8          =  4.23774e-06
busy_c5_p9          =  1.80000e+00
smpl_c5_p9          =  3.84358e-06
busy_c5_p10         =  1.80000e+00
smpl_c5_p10         =  3.69332e-06
busy_c5_p11         =  -8.71255e-06
smpl_c5_p11         =  1.80000e+00
i_vdd               =  -2.02848e-06 from=  3.20000e-06 to=  4.20008e-06
i_vpwr              =  -6.90467e-06 from=  3.20000e-06 to=  4.20008e-06
i_vrefp             =  -6.49386e-06 from=  3.20000e-06 to=  4.20008e-06
i_vrefn             =  6.48056e-06 from=  3.20000e-06 to=  4.20008e-06
i_vcm               =  1.17637e-08 from=  3.20000e-06 to=  4.20008e-06
gnd_die_pp          =  0.00000e+00 from=  3.20000e-06 to=  4.20000e-06
gnd_die_max         =  0.00000e+00 at=  4.19985e-06
gnd_die_min         =  0.00000e+00 at=  4.19985e-06
vgnd_die_pp         =  0.00000e+00 from=  3.20000e-06 to=  4.20000e-06
vgnd_die_max        =  0.00000e+00 at=  4.19985e-06
vgnd_die_min        =  0.00000e+00 at=  4.19985e-06
vdd_die_pp          =  0.00000e+00 from=  3.20000e-06 to=  4.20000e-06
vdd_die_max         =  1.80000e+00 at=  4.19985e-06
vdd_die_min         =  1.80000e+00 at=  4.19985e-06
vpwr_die_pp         =  0.00000e+00 from=  3.20000e-06 to=  4.20000e-06
vpwr_die_max        =  1.80000e+00 at=  4.19985e-06
vpwr_die_min        =  1.80000e+00 at=  4.19985e-06
i_gnda              =  2.10688e-06 from=  3.20000e-06 to=  4.20008e-06


Total analysis time (seconds) = 318.515

Total elapsed time (seconds) = 362.111 

Total DRAM available = 98304.000 MB.
DRAM currently available = 14878.641 MB.
Maximum ngspice program size =  821.219 MB.
Current ngspice program size =  821.219 MB.

Note: Starting dynamic gmin stepping
Note: Dynamic gmin stepping completed
