
Note: Compatibility modes selected: hs a


Circuit: * sim/supply-impedance-sensitivity -- ground/supply-return impedance

option SCALE: Scale is set to 1e-06 for instance and model parameters
option SCALE: Scale is set to 1e-06 for instance and model parameters
option SCALE: Scale is set to 1e-06 for instance and model parameters
option SCALE: Scale is set to 1e-06 for instance and model parameters
Doing analysis at TEMP = 27.000000 and TNOM = 27.000000

Using KLU as Direct Linear Solver
 Reference value :  0.00000e+00
 Reference value :  8.14000e-09
 Reference value :  1.95700e-08
 Reference value :  2.01432e-08
 Reference value :  2.06461e-08
 Reference value :  2.10000e-08
 Reference value :  2.11672e-08
 Reference value :  2.14829e-08
 Reference value :  2.24731e-08
 Reference value :  2.41507e-08
 Reference value :  2.66087e-08
 Reference value :  2.96312e-08
 Reference value :  3.63732e-08
 Reference value :  4.48732e-08
 Reference value :  5.33732e-08
 Reference value :  6.08732e-08
 Reference value :  7.03732e-08
 Reference value :  8.13732e-08
 Reference value :  8.88732e-08
 Reference value :  9.83732e-08
 Reference value :  1.10873e-07
 Reference value :  1.25373e-07
 Reference value :  1.43873e-07
 Reference value :  1.54873e-07
 Reference value :  1.66373e-07
 Reference value :  1.77873e-07
 Reference value :  1.89373e-07
 Reference value :  1.99505e-07
 Reference value :  1.99661e-07
 Reference value :  2.00132e-07
 Reference value :  2.00500e-07
 Reference value :  2.01104e-07
 Reference value :  2.02256e-07
 Reference value :  2.03590e-07
 Reference value :  2.04310e-07
 Reference value :  2.05957e-07
 Reference value :  2.07668e-07
 Reference value :  2.09781e-07
 Reference value :  2.11612e-07
 Reference value :  2.13905e-07
 Reference value :  2.18791e-07
 Reference value :  2.27291e-07
 Reference value :  2.35291e-07
 Reference value :  2.41216e-07
 Reference value :  2.41367e-07
 Reference value :  2.42020e-07
 Reference value :  2.42458e-07
 Reference value :  2.42898e-07
 Reference value :  2.43697e-07
 Reference value :  2.44967e-07
 Reference value :  2.46708e-07
 Reference value :  2.48616e-07
 Reference value :  2.50326e-07
 Reference value :  2.52147e-07
 Reference value :  2.53949e-07
 Reference value :  2.56000e-07
 Reference value :  2.59481e-07
 Reference value :  2.66904e-07
 Reference value :  2.74904e-07
 Reference value :  2.82833e-07
 Reference value :  2.82953e-07
 Reference value :  2.83238e-07
 Reference value :  2.83470e-07
 Reference value :  2.83559e-07
 Reference value :  2.83850e-07
 Reference value :  2.84522e-07
 Reference value :  2.85401e-07
 Reference value :  2.86904e-07
 Reference value :  2.88452e-07
 Reference value :  2.89874e-07
 Reference value :  2.91450e-07
 Reference value :  2.93096e-07
 Reference value :  2.95035e-07
 Reference value :  2.97025e-07
 Reference value :  3.00627e-07
 Reference value :  3.07971e-07
 Reference value :  3.15971e-07
 Reference value :  3.23971e-07
 Reference value :  3.24607e-07
 Reference value :  3.24801e-07
 Reference value :  3.25443e-07
 Reference value :  3.25931e-07
 Reference value :  3.27347e-07
 Reference value :  3.29323e-07
 Reference value :  3.31086e-07
 Reference value :  3.33072e-07
 Reference value :  3.35415e-07
 Reference value :  3.37169e-07
 Reference value :  3.39430e-07
 Reference value :  3.43505e-07
 Reference value :  3.51505e-07
 Reference value :  3.59505e-07
 Reference value :  3.66172e-07
 Reference value :  3.66316e-07
 Reference value :  3.66641e-07
 Reference value :  3.66820e-07
 Reference value :  3.66896e-07
 Reference value :  3.67185e-07
 Reference value :  3.68613e-07
 Reference value :  3.70364e-07
 Reference value :  3.72203e-07
 Reference value :  3.73882e-07
 Reference value :  3.75605e-07
 Reference value :  3.77627e-07
 Reference value :  3.79652e-07
 Reference value :  3.82114e-07
 Reference value :  3.87590e-07
 Reference value :  3.96090e-07
 Reference value :  4.04090e-07
 Reference value :  4.07903e-07
 Reference value :  4.08060e-07
 Reference value :  4.08713e-07
 Reference value :  4.09637e-07
 Reference value :  4.10896e-07
 Reference value :  4.11768e-07
 Reference value :  4.13716e-07
 Reference value :  4.15641e-07
 Reference value :  4.17426e-07
 Reference value :  4.19420e-07
 Reference value :  4.21410e-07
 Reference value :  4.23760e-07
 Reference value :  4.27517e-07
 Reference value :  4.35457e-07
 Reference value :  4.42957e-07
 Reference value :  4.49513e-07
 Reference value :  4.49647e-07
 Reference value :  4.49896e-07
 Reference value :  4.50109e-07
 Reference value :  4.50204e-07
 Reference value :  4.50450e-07
 Reference value :  4.50900e-07
 Reference value :  4.51416e-07
 Reference value :  4.52717e-07
 Reference value :  4.54384e-07
 Reference value :  4.56094e-07
 Reference value :  4.57680e-07
 Reference value :  4.59425e-07
 Reference value :  4.61134e-07
 Reference value :  4.63403e-07
 Reference value :  4.66778e-07
 Reference value :  4.74418e-07
 Reference value :  4.82418e-07
 Reference value :  4.90418e-07
 Reference value :  4.91268e-07
 Reference value :  4.91510e-07
 Reference value :  4.92147e-07
 Reference value :  4.92504e-07
 Reference value :  4.93882e-07
 Reference value :  4.96010e-07
 Reference value :  4.97791e-07
 Reference value :  4.99534e-07
 Reference value :  5.01566e-07
 Reference value :  5.02665e-07
 Reference value :  5.03558e-07
 Reference value :  5.05504e-07
 Reference value :  5.07503e-07
 Reference value :  5.09668e-07
 Reference value :  5.11628e-07
 Reference value :  5.13777e-07
 Reference value :  5.20149e-07
 Reference value :  5.28149e-07
 Reference value :  5.32876e-07
 Reference value :  5.33011e-07
 Reference value :  5.33296e-07
 Reference value :  5.33477e-07
 Reference value :  5.33589e-07
 Reference value :  5.33941e-07
 Reference value :  5.34539e-07
 Reference value :  5.35459e-07
 Reference value :  5.37134e-07
 Reference value :  5.38814e-07
 Reference value :  5.40500e-07
 Reference value :  5.42196e-07
 Reference value :  5.44263e-07
 Reference value :  5.46471e-07
 Reference value :  5.49277e-07
 Reference value :  5.55701e-07
 Reference value :  5.64201e-07
 Reference value :  5.72201e-07
 Reference value :  5.74582e-07
 Reference value :  5.74761e-07
 Reference value :  5.75407e-07
 Reference value :  5.76136e-07
 Reference value :  5.78101e-07
 Reference value :  5.80260e-07
 Reference value :  5.82022e-07
 Reference value :  5.83618e-07
 Reference value :  5.85486e-07
 Reference value :  5.87510e-07
 Reference value :  5.90159e-07
 Reference value :  5.97253e-07
 Reference value :  6.04753e-07
 Reference value :  6.12753e-07
 Reference value :  6.16245e-07
 Reference value :  6.16394e-07
 Reference value :  6.16681e-07
 Reference value :  6.16830e-07
 Reference value :  6.16910e-07
 Reference value :  6.17175e-07
 Reference value :  6.18422e-07
 Reference value :  6.19764e-07
 Reference value :  6.21429e-07
 Reference value :  6.23126e-07
 Reference value :  6.24691e-07
 Reference value :  6.26289e-07
 Reference value :  6.27752e-07
 Reference value :  6.29885e-07
 Reference value :  6.32456e-07
 Reference value :  6.38056e-07
 Reference value :  6.46556e-07
 Reference value :  6.54556e-07
 Reference value :  6.57904e-07
 Reference value :  6.58076e-07
 Reference value :  6.58651e-07
 Reference value :  6.59082e-07
 Reference value :  6.60295e-07
 Reference value :  6.61923e-07
 Reference value :  6.63904e-07
 Reference value :  6.65688e-07
 Reference value :  6.67291e-07
 Reference value :  6.69206e-07
 Reference value :  6.71188e-07
 Reference value :  6.73986e-07
 Reference value :  6.78852e-07
 Reference value :  6.86352e-07
 Reference value :  6.87684e-07
 Reference value :  6.89819e-07
 Reference value :  6.92016e-07
 Reference value :  6.93832e-07
 Reference value :  6.96090e-07
 Reference value :  6.99527e-07
 Reference value :  6.99650e-07
 Reference value :  6.99902e-07
 Reference value :  7.00102e-07
 Reference value :  7.00204e-07
 Reference value :  7.00508e-07
 Reference value :  7.01149e-07
 Reference value :  7.02724e-07
 Reference value :  7.04401e-07
 Reference value :  7.06194e-07
 Reference value :  7.07947e-07
 Reference value :  7.09590e-07
 Reference value :  7.11484e-07
 Reference value :  7.13584e-07
 Reference value :  7.16795e-07
 Reference value :  7.23355e-07
 Reference value :  7.31855e-07
 Reference value :  7.39855e-07
 Reference value :  7.41268e-07
 Reference value :  7.41467e-07
 Reference value :  7.42167e-07
 Reference value :  7.43151e-07
 Reference value :  7.45106e-07
 Reference value :  7.47014e-07
 Reference value :  7.49347e-07
 Reference value :  7.51253e-07
 Reference value :  7.53174e-07
 Reference value :  7.54859e-07
 Reference value :  7.58451e-07
 Reference value :  7.66524e-07
 Reference value :  7.75024e-07
 Reference value :  7.82852e-07
 Reference value :  7.82981e-07
 Reference value :  7.83202e-07
 Reference value :  7.83434e-07
 Reference value :  7.83550e-07
 Reference value :  7.83804e-07
 Reference value :  7.84856e-07
 Reference value :  7.86314e-07
 Reference value :  7.87846e-07
 Reference value :  7.89545e-07
 Reference value :  7.91110e-07
 Reference value :  7.92523e-07
 Reference value :  7.94713e-07
 Reference value :  7.96993e-07
 Reference value :  8.00074e-07
 Reference value :  8.07234e-07
 Reference value :  8.15234e-07
 Reference value :  8.23234e-07
 Reference value :  8.24601e-07
 Reference value :  8.24801e-07
 Reference value :  8.25500e-07
 Reference value :  8.26531e-07
 Reference value :  8.28647e-07
 Reference value :  8.30363e-07
 Reference value :  8.32512e-07
 Reference value :  8.34091e-07
 Reference value :  8.35742e-07
 Reference value :  8.37818e-07
 Reference value :  8.40609e-07
 Reference value :  8.46856e-07
 Reference value :  8.57356e-07
 Reference value :  8.62856e-07
 Reference value :  8.63987e-07
 Reference value :  8.66052e-07
 Reference value :  8.66259e-07
 Reference value :  8.66427e-07
 Reference value :  8.66719e-07
 Reference value :  8.66826e-07
 Reference value :  8.66967e-07
 Reference value :  8.67268e-07
 Reference value :  8.67859e-07
 Reference value :  8.68723e-07
 Reference value :  8.70364e-07
 Reference value :  8.72000e-07
 Reference value :  8.73380e-07
 Reference value :  8.75005e-07
 Reference value :  8.76741e-07
 Reference value :  8.78343e-07
 Reference value :  8.80726e-07
 Reference value :  8.84334e-07
 Reference value :  8.92290e-07
 Reference value :  8.99790e-07
 Reference value :  9.07562e-07
 Reference value :  9.07941e-07
 Reference value :  9.08141e-07
 Reference value :  9.08833e-07
 Reference value :  9.10287e-07
 Reference value :  9.12070e-07
 Reference value :  9.13841e-07
 Reference value :  9.15535e-07
 Reference value :  9.17094e-07
 Reference value :  9.19044e-07
 Reference value :  9.20910e-07
 Reference value :  9.23782e-07
 Reference value :  9.30168e-07
 Reference value :  9.40668e-07
 Reference value :  9.49519e-07
 Reference value :  9.49648e-07
 Reference value :  9.49862e-07
 Reference value :  9.50102e-07
 Reference value :  9.50217e-07
 Reference value :  9.50447e-07
 Reference value :  9.51035e-07
 Reference value :  9.52807e-07
 Reference value :  9.54318e-07
 Reference value :  9.55935e-07
 Reference value :  9.57634e-07
 Reference value :  9.59422e-07
 Reference value :  9.61302e-07
 Reference value :  9.63546e-07
 Reference value :  9.67078e-07
 Reference value :  9.75010e-07
 Reference value :  9.83010e-07
 Reference value :  9.90838e-07
 Reference value :  9.91292e-07
 Reference value :  9.91522e-07
 Reference value :  9.92260e-07
 Reference value :  9.93571e-07
 Reference value :  9.95684e-07
 Reference value :  9.97260e-07
 Reference value :  9.98667e-07
 Reference value :  1.00025e-06
 Reference value :  1.00209e-06
 Reference value :  1.00421e-06
 Reference value :  1.00634e-06
 Reference value :  1.01222e-06
 Reference value :  1.02222e-06
 Reference value :  1.03172e-06
 Reference value :  1.03284e-06
 Reference value :  1.03297e-06
 Reference value :  1.03332e-06
 Reference value :  1.03349e-06
 Reference value :  1.03392e-06
 Reference value :  1.03462e-06
 Reference value :  1.03567e-06
 Reference value :  1.03710e-06
 Reference value :  1.03903e-06
 Reference value :  1.04057e-06
 Reference value :  1.04272e-06
 Reference value :  1.04514e-06
 Reference value :  1.04943e-06
 Reference value :  1.05739e-06
 Reference value :  1.06489e-06
 Reference value :  1.07239e-06
 Reference value :  1.07458e-06
 Reference value :  1.07475e-06
 Reference value :  1.07530e-06
 Reference value :  1.07606e-06
 Reference value :  1.07783e-06
 Reference value :  1.07978e-06
 Reference value :  1.08149e-06
 Reference value :  1.08326e-06
 Reference value :  1.08521e-06
 Reference value :  1.08712e-06
 Reference value :  1.08892e-06
 Reference value :  1.09173e-06
 Reference value :  1.10027e-06
 Reference value :  1.11177e-06
 Reference value :  1.11620e-06
 Reference value :  1.11634e-06
 Reference value :  1.11659e-06
 Reference value :  1.11679e-06
 Reference value :  1.11689e-06
 Reference value :  1.11704e-06
 Reference value :  1.11717e-06
 Reference value :  1.11754e-06
 Reference value :  1.11797e-06
 Reference value :  1.11842e-06
 Reference value :  1.12066e-06
 Reference value :  1.12260e-06
 Reference value :  1.12461e-06
 Reference value :  1.12657e-06
 Reference value :  1.12851e-06
 Reference value :  1.13074e-06
 Reference value :  1.13435e-06
 Reference value :  1.14280e-06
 Reference value :  1.15130e-06
 Reference value :  1.15784e-06
 Reference value :  1.15799e-06
 Reference value :  1.15818e-06
 Reference value :  1.15883e-06
 Reference value :  1.15920e-06
 Reference value :  1.16015e-06
 Reference value :  1.16171e-06
 Reference value :  1.16308e-06
 Reference value :  1.16457e-06
 Reference value :  1.16602e-06
 Reference value :  1.16770e-06
 Reference value :  1.16976e-06
 Reference value :  1.17233e-06
 Reference value :  1.17546e-06
 Reference value :  1.18475e-06
 Reference value :  1.19525e-06
 Reference value :  1.19955e-06
 Reference value :  1.19972e-06
 Reference value :  1.19998e-06
 Reference value :  1.20018e-06
 Reference value :  1.20050e-06
 Reference value :  1.20096e-06
 Reference value :  1.20129e-06
 Reference value :  1.20156e-06
 Reference value :  1.20314e-06
 Reference value :  1.20546e-06
 Reference value :  1.20706e-06
 Reference value :  1.20892e-06
 Reference value :  1.21052e-06
 Reference value :  1.21279e-06
 Reference value :  1.21709e-06
 Reference value :  1.22509e-06
 Reference value :  1.23309e-06
 Reference value :  1.24088e-06
 Reference value :  1.24128e-06
 Reference value :  1.24147e-06
 Reference value :  1.24211e-06
 Reference value :  1.24253e-06
 Reference value :  1.24341e-06
 Reference value :  1.24434e-06
 Reference value :  1.24610e-06
 Reference value :  1.24785e-06
 Reference value :  1.24957e-06
 Reference value :  1.25093e-06
 Reference value :  1.25281e-06
 Reference value :  1.25486e-06
 Reference value :  1.25788e-06
 Reference value :  1.26672e-06
 Reference value :  1.27522e-06
 Reference value :  1.28284e-06
 Reference value :  1.28298e-06
 Reference value :  1.28328e-06
 Reference value :  1.28347e-06
 Reference value :  1.28359e-06
 Reference value :  1.28406e-06
 Reference value :  1.28473e-06
 Reference value :  1.28602e-06
 Reference value :  1.28752e-06
 Reference value :  1.28901e-06
 Reference value :  1.29087e-06
 Reference value :  1.29259e-06
 Reference value :  1.29428e-06
 Reference value :  1.29639e-06
 Reference value :  1.29947e-06
 Reference value :  1.30591e-06
 Reference value :  1.31441e-06
 Reference value :  1.32241e-06
 Reference value :  1.32458e-06
 Reference value :  1.32476e-06
 Reference value :  1.32532e-06
 Reference value :  1.32574e-06
 Reference value :  1.32693e-06
 Reference value :  1.32850e-06
 Reference value :  1.32949e-06
 Reference value :  1.33077e-06
 Reference value :  1.33278e-06
 Reference value :  1.33445e-06
 Reference value :  1.33634e-06
 Reference value :  1.33827e-06
 Reference value :  1.34139e-06
 Reference value :  1.34775e-06
 Reference value :  1.35625e-06
 Reference value :  1.36425e-06
 Reference value :  1.36626e-06
 Reference value :  1.36640e-06
 Reference value :  1.36668e-06
 Reference value :  1.36682e-06
 Reference value :  1.36692e-06
 Reference value :  1.36730e-06
 Reference value :  1.36794e-06
 Reference value :  1.36899e-06
 Reference value :  1.37057e-06
 Reference value :  1.37231e-06
 Reference value :  1.37391e-06
 Reference value :  1.37562e-06
 Reference value :  1.37769e-06
 Reference value :  1.37958e-06
 Reference value :  1.38236e-06
 Reference value :  1.38803e-06
 Reference value :  1.39553e-06
 Reference value :  1.40353e-06
 Reference value :  1.40791e-06
 Reference value :  1.40823e-06
 Reference value :  1.40917e-06
 Reference value :  1.41141e-06
 Reference value :  1.41347e-06
 Reference value :  1.41601e-06
 Reference value :  1.41828e-06
 Reference value :  1.42075e-06
 Reference value :  1.42500e-06
 Reference value :  1.43766e-06
 Reference value :  1.44950e-06
 Reference value :  1.44961e-06
 Reference value :  1.44980e-06
 Reference value :  1.45011e-06
 Reference value :  1.45020e-06
 Reference value :  1.45045e-06
 Reference value :  1.45144e-06
 Reference value :  1.45284e-06
 Reference value :  1.45481e-06
 Reference value :  1.45652e-06
 Reference value :  1.45793e-06
 Reference value :  1.45949e-06
 Reference value :  1.46137e-06
 Reference value :  1.46314e-06
 Reference value :  1.46685e-06
 Reference value :  1.47394e-06
 Reference value :  1.48194e-06
 Reference value :  1.48994e-06
 Reference value :  1.49127e-06
 Reference value :  1.49149e-06
 Reference value :  1.49205e-06
 Reference value :  1.49300e-06
 Reference value :  1.49482e-06
 Reference value :  1.49658e-06
 Reference value :  1.49814e-06
 Reference value :  1.50152e-06
 Reference value :  1.50481e-06
 Reference value :  1.51121e-06
 Reference value :  1.52471e-06
 Reference value :  1.53293e-06
 Reference value :  1.53331e-06
 Reference value :  1.53353e-06
 Reference value :  1.53376e-06
 Reference value :  1.53424e-06
 Reference value :  1.53579e-06
 Reference value :  1.53741e-06
 Reference value :  1.53913e-06
 Reference value :  1.54065e-06
 Reference value :  1.54233e-06
 Reference value :  1.54412e-06
 Reference value :  1.54573e-06
 Reference value :  1.54853e-06
 Reference value :  1.55629e-06
 Reference value :  1.56429e-06
 Reference value :  1.57179e-06
 Reference value :  1.57457e-06
 Reference value :  1.57475e-06
 Reference value :  1.57525e-06
 Reference value :  1.57603e-06
 Reference value :  1.57733e-06
 Reference value :  1.57908e-06
 Reference value :  1.58103e-06
 Reference value :  1.58261e-06
 Reference value :  1.58328e-06
 Reference value :  1.58521e-06
 Reference value :  1.58758e-06
 Reference value :  1.58974e-06
 Reference value :  1.59156e-06
 Reference value :  1.59441e-06
 Reference value :  1.59972e-06
 Reference value :  1.60772e-06
 Reference value :  1.61572e-06
 Reference value :  1.61627e-06
 Reference value :  1.61642e-06
 Reference value :  1.61675e-06
 Reference value :  1.61686e-06
 Reference value :  1.61708e-06
 Reference value :  1.61763e-06
 Reference value :  1.61843e-06
 Reference value :  1.61996e-06
 Reference value :  1.62185e-06
 Reference value :  1.62352e-06
 Reference value :  1.62508e-06
 Reference value :  1.62706e-06
 Reference value :  1.62916e-06
 Reference value :  1.63175e-06
 Reference value :  1.63702e-06
 Reference value :  1.64502e-06
 Reference value :  1.65302e-06
 Reference value :  1.65788e-06
 Reference value :  1.65803e-06
 Reference value :  1.65838e-06
 Reference value :  1.65888e-06
 Reference value :  1.65936e-06
 Reference value :  1.66111e-06
 Reference value :  1.66325e-06
 Reference value :  1.66525e-06
 Reference value :  1.66689e-06
 Reference value :  1.66885e-06
 Reference value :  1.67086e-06
 Reference value :  1.67411e-06
 Reference value :  1.67650e-06
 Reference value :  1.67833e-06
 Reference value :  1.68036e-06
 Reference value :  1.68209e-06
 Reference value :  1.68439e-06
 Reference value :  1.68752e-06
 Reference value :  1.69409e-06
 Reference value :  1.69954e-06
 Reference value :  1.69965e-06
 Reference value :  1.69987e-06
 Reference value :  1.70009e-06
 Reference value :  1.70022e-06
 Reference value :  1.70045e-06
 Reference value :  1.70096e-06
 Reference value :  1.70176e-06
 Reference value :  1.70343e-06
 Reference value :  1.70516e-06
 Reference value :  1.70699e-06
 Reference value :  1.70855e-06
 Reference value :  1.71039e-06
 Reference value :  1.71271e-06
 Reference value :  1.71540e-06
 Reference value :  1.72088e-06
 Reference value :  1.72838e-06
 Reference value :  1.73588e-06
 Reference value :  1.74120e-06
 Reference value :  1.74133e-06
 Reference value :  1.74164e-06
 Reference value :  1.74234e-06
 Reference value :  1.74342e-06
 Reference value :  1.74554e-06
 Reference value :  1.74699e-06
 Reference value :  1.74895e-06
 Reference value :  1.75090e-06
 Reference value :  1.75282e-06
 Reference value :  1.75468e-06
 Reference value :  1.75740e-06
 Reference value :  1.76889e-06
 Reference value :  1.77220e-06
 Reference value :  1.77547e-06
 Reference value :  1.77737e-06
 Reference value :  1.77922e-06
 Reference value :  1.78181e-06
 Reference value :  1.78292e-06
 Reference value :  1.78308e-06
 Reference value :  1.78338e-06
 Reference value :  1.78350e-06
 Reference value :  1.78362e-06
 Reference value :  1.78399e-06
 Reference value :  1.78462e-06
 Reference value :  1.78587e-06
 Reference value :  1.78731e-06
 Reference value :  1.78892e-06
 Reference value :  1.79072e-06
 Reference value :  1.79218e-06
 Reference value :  1.79417e-06
 Reference value :  1.79638e-06
 Reference value :  1.79930e-06
 Reference value :  1.80576e-06
 Reference value :  1.81326e-06
 Reference value :  1.82126e-06
 Reference value :  1.82457e-06
 Reference value :  1.82471e-06
 Reference value :  1.82518e-06
 Reference value :  1.82586e-06
 Reference value :  1.82755e-06
 Reference value :  1.82948e-06
 Reference value :  1.83109e-06
 Reference value :  1.83267e-06
 Reference value :  1.83428e-06
 Reference value :  1.83618e-06
 Reference value :  1.83804e-06
 Reference value :  1.84167e-06
 Reference value :  1.84917e-06
 Reference value :  1.85967e-06
 Reference value :  1.86400e-06
 Reference value :  1.86568e-06
 Reference value :  1.86623e-06
 Reference value :  1.86637e-06
 Reference value :  1.86674e-06
 Reference value :  1.86693e-06
 Reference value :  1.86724e-06
 Reference value :  1.86773e-06
 Reference value :  1.86846e-06
 Reference value :  1.86977e-06
 Reference value :  1.87129e-06
 Reference value :  1.87275e-06
 Reference value :  1.87467e-06
 Reference value :  1.87622e-06
 Reference value :  1.87815e-06
 Reference value :  1.88038e-06
 Reference value :  1.88450e-06
 Reference value :  1.89246e-06
 Reference value :  1.90046e-06
 Reference value :  1.90784e-06
 Reference value :  1.90799e-06
 Reference value :  1.90819e-06
 Reference value :  1.90883e-06
 Reference value :  1.90967e-06
 Reference value :  1.91148e-06
 Reference value :  1.91308e-06
 Reference value :  1.91449e-06
 Reference value :  1.91617e-06
 Reference value :  1.91794e-06
 Reference value :  1.92003e-06
 Reference value :  1.92230e-06
 Reference value :  1.92634e-06
 Reference value :  1.93584e-06
 Reference value :  1.94684e-06
 Reference value :  1.94959e-06
 Reference value :  1.94976e-06
 Reference value :  1.95004e-06
 Reference value :  1.95017e-06
 Reference value :  1.95030e-06
 Reference value :  1.95061e-06
 Reference value :  1.95117e-06
 Reference value :  1.95271e-06
 Reference value :  1.95428e-06
 Reference value :  1.95581e-06
 Reference value :  1.95721e-06
 Reference value :  1.95893e-06
 Reference value :  1.96055e-06
 Reference value :  1.96241e-06
 Reference value :  1.96462e-06
 Reference value :  1.97076e-06
 Reference value :  1.97876e-06
 Reference value :  1.98676e-06
 Reference value :  1.99122e-06
 Reference value :  1.99137e-06
 Reference value :  1.99178e-06
 Reference value :  1.99232e-06
 Reference value :  1.99296e-06
 Reference value :  1.99491e-06
 Reference value :  1.99669e-06
 Reference value :  1.99839e-06
 Reference value :  1.99995e-06
 Reference value :  2.00159e-06
 Reference value :  2.00348e-06
 Reference value :  2.00554e-06
 Reference value :  2.00918e-06
 Reference value :  2.01713e-06
 Reference value :  2.02613e-06
 Reference value :  2.03285e-06
 Reference value :  2.03298e-06
 Reference value :  2.03319e-06
 Reference value :  2.03339e-06
 Reference value :  2.03350e-06
 Reference value :  2.03365e-06
 Reference value :  2.03389e-06
 Reference value :  2.03414e-06
 Reference value :  2.03509e-06
 Reference value :  2.03640e-06
 Reference value :  2.03785e-06
 Reference value :  2.03929e-06
 Reference value :  2.04113e-06
 Reference value :  2.04302e-06
 Reference value :  2.04509e-06
 Reference value :  2.04852e-06
 Reference value :  2.05783e-06
 Reference value :  2.06733e-06
 Reference value :  2.07451e-06
 Reference value :  2.07466e-06
 Reference value :  2.07492e-06
 Reference value :  2.07561e-06
 Reference value :  2.07702e-06
 Reference value :  2.07877e-06
 Reference value :  2.08031e-06
 Reference value :  2.08172e-06
 Reference value :  2.08329e-06
 Reference value :  2.08525e-06
 Reference value :  2.08723e-06
 Reference value :  2.08960e-06
 Reference value :  2.09445e-06
 Reference value :  2.10445e-06
 Reference value :  2.11345e-06
 Reference value :  2.11623e-06
 Reference value :  2.11638e-06
 Reference value :  2.11662e-06
 Reference value :  2.11680e-06
 Reference value :  2.11691e-06
 Reference value :  2.11708e-06
 Reference value :  2.11722e-06
 Reference value :  2.11754e-06
 Reference value :  2.11799e-06
 Reference value :  2.11813e-06
 Reference value :  2.11874e-06
 Reference value :  2.12065e-06
 Reference value :  2.12245e-06
 Reference value :  2.12458e-06
 Reference value :  2.12647e-06
 Reference value :  2.12867e-06
 Reference value :  2.13119e-06
 Reference value :  2.13627e-06
 Reference value :  2.14427e-06
 Reference value :  2.15177e-06
 Reference value :  2.15785e-06
 Reference value :  2.15799e-06
 Reference value :  2.15818e-06
 Reference value :  2.15885e-06
 Reference value :  2.15986e-06
 Reference value :  2.16094e-06
 Reference value :  2.16190e-06
 Reference value :  2.16312e-06
 Reference value :  2.16466e-06
 Reference value :  2.16662e-06
 Reference value :  2.16824e-06
 Reference value :  2.17025e-06
 Reference value :  2.17315e-06
 Reference value :  2.17984e-06
 Reference value :  2.18784e-06
 Reference value :  2.19584e-06
 Reference value :  2.19960e-06
 Reference value :  2.19982e-06
 Reference value :  2.20010e-06
 Reference value :  2.20027e-06
 Reference value :  2.20065e-06
 Reference value :  2.20098e-06
 Reference value :  2.20124e-06
 Reference value :  2.20193e-06
 Reference value :  2.20350e-06
 Reference value :  2.20532e-06
 Reference value :  2.20724e-06
 Reference value :  2.20931e-06
 Reference value :  2.21122e-06
 Reference value :  2.21398e-06
 Reference value :  2.22079e-06
 Reference value :  2.22879e-06
 Reference value :  2.23679e-06
 Reference value :  2.24122e-06
 Reference value :  2.24137e-06
 Reference value :  2.24188e-06
 Reference value :  2.24237e-06
 Reference value :  2.24289e-06
 Reference value :  2.24393e-06
 Reference value :  2.24574e-06
 Reference value :  2.24751e-06
 Reference value :  2.24894e-06
 Reference value :  2.25036e-06
 Reference value :  2.25227e-06
 Reference value :  2.25397e-06
 Reference value :  2.25655e-06
 Reference value :  2.26182e-06
 Reference value :  2.26982e-06
 Reference value :  2.27782e-06
 Reference value :  2.28286e-06
 Reference value :  2.28299e-06
 Reference value :  2.28332e-06
 Reference value :  2.28348e-06
 Reference value :  2.28359e-06
 Reference value :  2.28406e-06
 Reference value :  2.28472e-06
 Reference value :  2.28609e-06
 Reference value :  2.28804e-06
 Reference value :  2.28979e-06
 Reference value :  2.29194e-06
 Reference value :  2.29395e-06
 Reference value :  2.29601e-06
 Reference value :  2.29880e-06
 Reference value :  2.30364e-06
 Reference value :  2.31164e-06
 Reference value :  2.31964e-06
 Reference value :  2.32455e-06
 Reference value :  2.32470e-06
 Reference value :  2.32508e-06
 Reference value :  2.32573e-06
 Reference value :  2.32733e-06
 Reference value :  2.32905e-06
 Reference value :  2.33062e-06
 Reference value :  2.33213e-06
 Reference value :  2.33409e-06
 Reference value :  2.33622e-06
 Reference value :  2.33821e-06
 Reference value :  2.34039e-06
 Reference value :  2.34481e-06
 Reference value :  2.35281e-06
 Reference value :  2.36131e-06
 Reference value :  2.36621e-06
 Reference value :  2.36636e-06
 Reference value :  2.36668e-06
 Reference value :  2.36683e-06
 Reference value :  2.36694e-06
 Reference value :  2.36740e-06
 Reference value :  2.36825e-06
 Reference value :  2.36996e-06
 Reference value :  2.37154e-06
 Reference value :  2.37331e-06
 Reference value :  2.37502e-06
 Reference value :  2.37698e-06
 Reference value :  2.37895e-06
 Reference value :  2.38100e-06
 Reference value :  2.38459e-06
 Reference value :  2.39256e-06
 Reference value :  2.40056e-06
 Reference value :  2.40784e-06
 Reference value :  2.40796e-06
 Reference value :  2.40817e-06
 Reference value :  2.40881e-06
 Reference value :  2.40916e-06
 Reference value :  2.41002e-06
 Reference value :  2.41202e-06
 Reference value :  2.41334e-06
 Reference value :  2.41415e-06
 Reference value :  2.41549e-06
 Reference value :  2.41742e-06
 Reference value :  2.41953e-06
 Reference value :  2.42134e-06
 Reference value :  2.42373e-06
 Reference value :  2.42884e-06
 Reference value :  2.43684e-06
 Reference value :  2.44484e-06
 Reference value :  2.44954e-06
 Reference value :  2.44968e-06
 Reference value :  2.44995e-06
 Reference value :  2.45014e-06
 Reference value :  2.45033e-06
 Reference value :  2.45071e-06
 Reference value :  2.45127e-06
 Reference value :  2.45231e-06
 Reference value :  2.45399e-06
 Reference value :  2.45588e-06
 Reference value :  2.45762e-06
 Reference value :  2.45955e-06
 Reference value :  2.46166e-06
 Reference value :  2.46373e-06
 Reference value :  2.46695e-06
 Reference value :  2.47581e-06
 Reference value :  2.48331e-06
 Reference value :  2.49117e-06
 Reference value :  2.49132e-06
 Reference value :  2.49156e-06
 Reference value :  2.49212e-06
 Reference value :  2.49255e-06
 Reference value :  2.49362e-06
 Reference value :  2.49573e-06
 Reference value :  2.49753e-06
 Reference value :  2.49918e-06
 Reference value :  2.50137e-06
 Reference value :  2.50349e-06
 Reference value :  2.50551e-06
 Reference value :  2.50809e-06
 Reference value :  2.51508e-06
 Reference value :  2.52258e-06
 Reference value :  2.53058e-06
 Reference value :  2.53291e-06
 Reference value :  2.53309e-06
 Reference value :  2.53339e-06
 Reference value :  2.53353e-06
 Reference value :  2.53371e-06
 Reference value :  2.53418e-06
 Reference value :  2.53525e-06
 Reference value :  2.53690e-06
 Reference value :  2.53858e-06
 Reference value :  2.54042e-06
 Reference value :  2.54212e-06
 Reference value :  2.54377e-06
 Reference value :  2.54571e-06
 Reference value :  2.54849e-06
 Reference value :  2.55435e-06
 Reference value :  2.56285e-06
 Reference value :  2.57085e-06
 Reference value :  2.57456e-06
 Reference value :  2.57469e-06
 Reference value :  2.57521e-06
 Reference value :  2.57570e-06
 Reference value :  2.57629e-06
 Reference value :  2.57788e-06
 Reference value :  2.57954e-06
 Reference value :  2.58118e-06
 Reference value :  2.58308e-06
 Reference value :  2.58521e-06
 Reference value :  2.58717e-06
 Reference value :  2.58904e-06
 Reference value :  2.59202e-06
 Reference value :  2.59855e-06
 Reference value :  2.60655e-06
 Reference value :  2.61405e-06
 Reference value :  2.61625e-06
 Reference value :  2.61640e-06
 Reference value :  2.61675e-06
 Reference value :  2.61685e-06
 Reference value :  2.61698e-06
 Reference value :  2.61733e-06
 Reference value :  2.61811e-06
 Reference value :  2.62003e-06
 Reference value :  2.62199e-06
 Reference value :  2.62385e-06
 Reference value :  2.62568e-06
 Reference value :  2.62753e-06
 Reference value :  2.62967e-06
 Reference value :  2.63209e-06
 Reference value :  2.63711e-06
 Reference value :  2.64511e-06
 Reference value :  2.65311e-06
 Reference value :  2.65788e-06
 Reference value :  2.65799e-06
 Reference value :  2.65847e-06
 Reference value :  2.65903e-06
 Reference value :  2.65928e-06
 Reference value :  2.66065e-06
 Reference value :  2.66243e-06
 Reference value :  2.66403e-06
 Reference value :  2.66553e-06
 Reference value :  2.66765e-06
 Reference value :  2.66969e-06
 Reference value :  2.67153e-06
 Reference value :  2.67464e-06
 Reference value :  2.68036e-06
 Reference value :  2.68786e-06
 Reference value :  2.69586e-06
 Reference value :  2.69956e-06
 Reference value :  2.69971e-06
 Reference value :  2.70002e-06
 Reference value :  2.70016e-06
 Reference value :  2.70024e-06
 Reference value :  2.70051e-06
 Reference value :  2.70099e-06
 Reference value :  2.70245e-06
 Reference value :  2.70395e-06
 Reference value :  2.70581e-06
 Reference value :  2.70750e-06
 Reference value :  2.70921e-06
 Reference value :  2.71126e-06
 Reference value :  2.71362e-06
 Reference value :  2.71763e-06
 Reference value :  2.72552e-06
 Reference value :  2.73352e-06
 Reference value :  2.74117e-06
 Reference value :  2.74128e-06
 Reference value :  2.74153e-06
 Reference value :  2.74210e-06
 Reference value :  2.74252e-06
 Reference value :  2.74375e-06
 Reference value :  2.74546e-06
 Reference value :  2.74685e-06
 Reference value :  2.74845e-06
 Reference value :  2.75036e-06
 Reference value :  2.75216e-06
 Reference value :  2.75449e-06
 Reference value :  2.75699e-06
 Reference value :  2.76158e-06
 Reference value :  2.76908e-06
 Reference value :  2.77658e-06
 Reference value :  2.78285e-06
 Reference value :  2.78298e-06
 Reference value :  2.78327e-06
 Reference value :  2.78348e-06
 Reference value :  2.78358e-06
 Reference value :  2.78387e-06
 Reference value :  2.78467e-06
 Reference value :  2.78644e-06
 Reference value :  2.78845e-06
 Reference value :  2.79014e-06
 Reference value :  2.79187e-06
 Reference value :  2.79377e-06
 Reference value :  2.79572e-06
 Reference value :  2.79792e-06
 Reference value :  2.80230e-06
 Reference value :  2.80980e-06
 Reference value :  2.81780e-06
 Reference value :  2.82451e-06
 Reference value :  2.82462e-06
 Reference value :  2.82487e-06
 Reference value :  2.82550e-06
 Reference value :  2.82600e-06
 Reference value :  2.82752e-06
 Reference value :  2.82955e-06
 Reference value :  2.83061e-06
 Reference value :  2.83195e-06
 Reference value :  2.83366e-06
 Reference value :  2.83548e-06
 Reference value :  2.83746e-06
 Reference value :  2.83959e-06
 Reference value :  2.84246e-06
 Reference value :  2.84975e-06
 Reference value :  2.85775e-06
 Reference value :  2.86571e-06
 Reference value :  2.86627e-06
 Reference value :  2.86644e-06
 Reference value :  2.86671e-06
 Reference value :  2.86683e-06
 Reference value :  2.86696e-06
 Reference value :  2.86723e-06
 Reference value :  2.86773e-06
 Reference value :  2.86917e-06
 Reference value :  2.87055e-06
 Reference value :  2.87203e-06
 Reference value :  2.87372e-06
 Reference value :  2.87531e-06
 Reference value :  2.87689e-06
 Reference value :  2.87893e-06
 Reference value :  2.88123e-06
 Reference value :  2.88564e-06
 Reference value :  2.89414e-06
 Reference value :  2.90214e-06
 Reference value :  2.90786e-06
 Reference value :  2.90798e-06
 Reference value :  2.90823e-06
 Reference value :  2.90883e-06
 Reference value :  2.90933e-06
 Reference value :  2.91066e-06
 Reference value :  2.91240e-06
 Reference value :  2.91396e-06
 Reference value :  2.91555e-06
 Reference value :  2.91703e-06
 Reference value :  2.91899e-06
 Reference value :  2.92095e-06
 Reference value :  2.92283e-06
 Reference value :  2.92650e-06
 Reference value :  2.93446e-06
 Reference value :  2.94246e-06
 Reference value :  2.94950e-06
 Reference value :  2.94961e-06
 Reference value :  2.94980e-06
 Reference value :  2.95005e-06
 Reference value :  2.95020e-06
 Reference value :  2.95044e-06
 Reference value :  2.95084e-06
 Reference value :  2.95180e-06
 Reference value :  2.95352e-06
 Reference value :  2.95531e-06
 Reference value :  2.95708e-06
 Reference value :  2.95866e-06
 Reference value :  2.96066e-06
 Reference value :  2.96262e-06
 Reference value :  2.96490e-06
 Reference value :  2.96951e-06
 Reference value :  2.97751e-06
 Reference value :  2.98551e-06
 Reference value :  2.99120e-06
 Reference value :  2.99136e-06
 Reference value :  2.99177e-06
 Reference value :  2.99232e-06
 Reference value :  2.99298e-06
 Reference value :  2.99453e-06
 Reference value :  2.99617e-06
 Reference value :  2.99769e-06
 Reference value :  2.99924e-06
 Reference value :  3.00120e-06
 Reference value :  3.00353e-06
 Reference value :  3.00565e-06
 Reference value :  3.00936e-06
 Reference value :  3.01728e-06
 Reference value :  3.02528e-06
 Reference value :  3.03283e-06
 Reference value :  3.03295e-06
 Reference value :  3.03319e-06
 Reference value :  3.03345e-06
 Reference value :  3.03356e-06
 Reference value :  3.03383e-06
 Reference value :  3.03413e-06
 Reference value :  3.03501e-06
 Reference value :  3.03680e-06
 Reference value :  3.03872e-06
 Reference value :  3.04027e-06
 Reference value :  3.04198e-06
 Reference value :  3.04388e-06
 Reference value :  3.04599e-06
 Reference value :  3.04937e-06
 Reference value :  3.05660e-06
 Reference value :  3.06460e-06
 Reference value :  3.07310e-06
 Reference value :  3.07461e-06
 Reference value :  3.07480e-06
 Reference value :  3.07545e-06
 Reference value :  3.07590e-06
 Reference value :  3.07690e-06
 Reference value :  3.07871e-06
 Reference value :  3.08067e-06
 Reference value :  3.08225e-06
 Reference value :  3.08442e-06
 Reference value :  3.08622e-06
 Reference value :  3.08815e-06
 Reference value :  3.09052e-06
 Reference value :  3.09662e-06
 Reference value :  3.10412e-06
 Reference value :  3.11212e-06
 Reference value :  3.11622e-06
 Reference value :  3.11637e-06
 Reference value :  3.11669e-06
 Reference value :  3.11686e-06
 Reference value :  3.11718e-06
 Reference value :  3.11765e-06
 Reference value :  3.11790e-06
 Reference value :  3.11966e-06
 Reference value :  3.12118e-06
 Reference value :  3.12264e-06
 Reference value :  3.12444e-06
 Reference value :  3.12654e-06
 Reference value :  3.12868e-06
 Reference value :  3.13153e-06
 Reference value :  3.13949e-06
 Reference value :  3.14749e-06
 Reference value :  3.15549e-06
 Reference value :  3.15792e-06
 Reference value :  3.15807e-06
 Reference value :  3.15836e-06
 Reference value :  3.15913e-06
 Reference value :  3.16029e-06
 Reference value :  3.16123e-06
 Reference value :  3.16279e-06
 Reference value :  3.16421e-06
 Reference value :  3.16562e-06
 Reference value :  3.16737e-06
 Reference value :  3.16887e-06
 Reference value :  3.17085e-06
 Reference value :  3.17477e-06
 Reference value :  3.18264e-06
 Reference value :  3.19064e-06
 Reference value :  3.19864e-06
 Reference value :  3.19961e-06
 Reference value :  3.19982e-06
 Reference value :  3.20009e-06
 Reference value :  3.20023e-06
 Reference value :  3.20060e-06
 Reference value :  3.20100e-06
 Reference value :  3.20142e-06
 Reference value :  3.20274e-06
 Reference value :  3.20437e-06
 Reference value :  3.20646e-06
 Reference value :  3.20830e-06
 Reference value :  3.21011e-06
 Reference value :  3.21280e-06
 Reference value :  3.21792e-06
 Reference value :  3.22642e-06
 Reference value :  3.23442e-06
 Reference value :  3.24118e-06
 Reference value :  3.24130e-06
 Reference value :  3.24155e-06
 Reference value :  3.24221e-06
 Reference value :  3.24344e-06
 Reference value :  3.24470e-06
 Reference value :  3.24533e-06
 Reference value :  3.24724e-06
 Reference value :  3.24920e-06
 Reference value :  3.25078e-06
 Reference value :  3.25273e-06
 Reference value :  3.25446e-06
 Reference value :  3.25670e-06
 Reference value :  3.26131e-06
 Reference value :  3.26931e-06
 Reference value :  3.27731e-06
 Reference value :  3.28285e-06
 Reference value :  3.28299e-06
 Reference value :  3.28331e-06
 Reference value :  3.28353e-06
 Reference value :  3.28374e-06
 Reference value :  3.28426e-06
 Reference value :  3.28510e-06
 Reference value :  3.28669e-06
 Reference value :  3.28861e-06
 Reference value :  3.29036e-06
 Reference value :  3.29174e-06
 Reference value :  3.29372e-06
 Reference value :  3.29550e-06
 Reference value :  3.29776e-06
 Reference value :  3.30364e-06
 Reference value :  3.31164e-06
 Reference value :  3.31964e-06
 Reference value :  3.32455e-06
 Reference value :  3.32470e-06
 Reference value :  3.32519e-06
 Reference value :  3.32593e-06
 Reference value :  3.32719e-06
 Reference value :  3.32893e-06
 Reference value :  3.33070e-06
 Reference value :  3.33226e-06
 Reference value :  3.33392e-06
 Reference value :  3.33546e-06
 Reference value :  3.33742e-06
 Reference value :  3.34002e-06
 Reference value :  3.34391e-06
 Reference value :  3.35191e-06
 Reference value :  3.35991e-06
 Reference value :  3.36618e-06
 Reference value :  3.36631e-06
 Reference value :  3.36663e-06
 Reference value :  3.36682e-06
 Reference value :  3.36692e-06
 Reference value :  3.36726e-06
 Reference value :  3.36806e-06
 Reference value :  3.36971e-06
 Reference value :  3.37129e-06
 Reference value :  3.37315e-06
 Reference value :  3.37488e-06
 Reference value :  3.37683e-06
 Reference value :  3.37865e-06
 Reference value :  3.38092e-06
 Reference value :  3.38711e-06
 Reference value :  3.39461e-06
 Reference value :  3.40261e-06
 Reference value :  3.40786e-06
 Reference value :  3.40798e-06
 Reference value :  3.40828e-06
 Reference value :  3.40900e-06
 Reference value :  3.41022e-06
 Reference value :  3.41138e-06
 Reference value :  3.41309e-06
 Reference value :  3.41478e-06
 Reference value :  3.41649e-06
 Reference value :  3.41829e-06
 Reference value :  3.42009e-06
 Reference value :  3.42205e-06
 Reference value :  3.42526e-06
 Reference value :  3.43243e-06
 Reference value :  3.43993e-06
 Reference value :  3.44843e-06
 Reference value :  3.44960e-06
 Reference value :  3.44975e-06
 Reference value :  3.45006e-06
 Reference value :  3.45019e-06
 Reference value :  3.45038e-06
 Reference value :  3.45092e-06
 Reference value :  3.45216e-06
 Reference value :  3.45390e-06
 Reference value :  3.45561e-06
 Reference value :  3.45745e-06
 Reference value :  3.45901e-06
 Reference value :  3.46108e-06
 Reference value :  3.46301e-06
 Reference value :  3.46570e-06
 Reference value :  3.47140e-06
 Reference value :  3.47890e-06
 Reference value :  3.48690e-06
 Reference value :  3.49121e-06
 Reference value :  3.49134e-06
 Reference value :  3.49171e-06
 Reference value :  3.49237e-06
 Reference value :  3.49280e-06
 Reference value :  3.49383e-06
 Reference value :  3.49554e-06
 Reference value :  3.49734e-06
 Reference value :  3.49931e-06
 Reference value :  3.50108e-06
 Reference value :  3.50283e-06
 Reference value :  3.50472e-06
 Reference value :  3.50754e-06
 Reference value :  3.51319e-06
 Reference value :  3.52119e-06
 Reference value :  3.52969e-06
 Reference value :  3.53290e-06
 Reference value :  3.53308e-06
 Reference value :  3.53340e-06
 Reference value :  3.53351e-06
 Reference value :  3.53368e-06
 Reference value :  3.53426e-06
 Reference value :  3.53547e-06
 Reference value :  3.53724e-06
 Reference value :  3.53897e-06
 Reference value :  3.54086e-06
 Reference value :  3.54279e-06
 Reference value :  3.54445e-06
 Reference value :  3.54636e-06
 Reference value :  3.54904e-06
 Reference value :  3.55470e-06
 Reference value :  3.56270e-06
 Reference value :  3.57070e-06
 Reference value :  3.57456e-06
 Reference value :  3.57469e-06
 Reference value :  3.57505e-06
 Reference value :  3.57554e-06
 Reference value :  3.57593e-06
 Reference value :  3.57700e-06
 Reference value :  3.57879e-06
 Reference value :  3.58096e-06
 Reference value :  3.58291e-06
 Reference value :  3.58491e-06
 Reference value :  3.58681e-06
 Reference value :  3.58945e-06
 Reference value :  3.59604e-06
 Reference value :  3.60404e-06
 Reference value :  3.61204e-06
 Reference value :  3.61621e-06
 Reference value :  3.61636e-06
 Reference value :  3.61663e-06
 Reference value :  3.61680e-06
 Reference value :  3.61690e-06
 Reference value :  3.61717e-06
 Reference value :  3.61767e-06
 Reference value :  3.61926e-06
 Reference value :  3.62097e-06
 Reference value :  3.62253e-06
 Reference value :  3.62440e-06
 Reference value :  3.62613e-06
 Reference value :  3.62818e-06
 Reference value :  3.63028e-06
 Reference value :  3.63338e-06
 Reference value :  3.64054e-06
 Reference value :  3.64904e-06
 Reference value :  3.65654e-06
 Reference value :  3.65793e-06
 Reference value :  3.65812e-06
 Reference value :  3.65878e-06
 Reference value :  3.65920e-06
 Reference value :  3.66013e-06
 Reference value :  3.66100e-06
 Reference value :  3.66267e-06
 Reference value :  3.66467e-06
 Reference value :  3.66663e-06
 Reference value :  3.66829e-06
 Reference value :  3.67024e-06
 Reference value :  3.67243e-06
 Reference value :  3.67578e-06
 Reference value :  3.68308e-06
 Reference value :  3.69108e-06
 Reference value :  3.69950e-06
 Reference value :  3.69962e-06
 Reference value :  3.69988e-06
 Reference value :  3.70011e-06
 Reference value :  3.70022e-06
 Reference value :  3.70051e-06
 Reference value :  3.70117e-06
 Reference value :  3.70275e-06
 Reference value :  3.70446e-06
 Reference value :  3.70619e-06
 Reference value :  3.70805e-06
 Reference value :  3.70995e-06
 Reference value :  3.71170e-06
 Reference value :  3.71383e-06
 Reference value :  3.71668e-06
 Reference value :  3.72388e-06
 Reference value :  3.73188e-06
 Reference value :  3.73988e-06
 Reference value :  3.74126e-06
 Reference value :  3.74143e-06
 Reference value :  3.74199e-06
 Reference value :  3.74241e-06
 Reference value :  3.74310e-06
 Reference value :  3.74404e-06
 Reference value :  3.74542e-06
 Reference value :  3.74680e-06
 Reference value :  3.74856e-06
 Reference value :  3.75012e-06
 Reference value :  3.75208e-06
 Reference value :  3.75391e-06
 Reference value :  3.75625e-06
 Reference value :  3.76019e-06
 Reference value :  3.76818e-06
 Reference value :  3.77618e-06
 Reference value :  3.78284e-06
 Reference value :  3.78298e-06
 Reference value :  3.78327e-06
 Reference value :  3.78347e-06
 Reference value :  3.78356e-06
 Reference value :  3.78386e-06
 Reference value :  3.78441e-06
 Reference value :  3.78610e-06
 Reference value :  3.78768e-06
 Reference value :  3.78911e-06
 Reference value :  3.79086e-06
 Reference value :  3.79298e-06
 Reference value :  3.79473e-06
 Reference value :  3.79651e-06
 Reference value :  3.79929e-06
 Reference value :  3.80626e-06
 Reference value :  3.81426e-06
 Reference value :  3.82226e-06
 Reference value :  3.82458e-06
 Reference value :  3.82475e-06
 Reference value :  3.82533e-06
 Reference value :  3.82579e-06
 Reference value :  3.82649e-06
 Reference value :  3.82739e-06
 Reference value :  3.82919e-06
 Reference value :  3.83090e-06
 Reference value :  3.83244e-06
 Reference value :  3.83414e-06
 Reference value :  3.83604e-06
 Reference value :  3.83788e-06
 Reference value :  3.84055e-06
 Reference value :  3.84601e-06
 Reference value :  3.85401e-06
 Reference value :  3.86201e-06
 Reference value :  3.86621e-06
 Reference value :  3.86638e-06
 Reference value :  3.86669e-06
 Reference value :  3.86684e-06
 Reference value :  3.86696e-06
 Reference value :  3.86725e-06
 Reference value :  3.86786e-06
 Reference value :  3.87016e-06
 Reference value :  3.87306e-06
 Reference value :  3.87618e-06
 Reference value :  3.87901e-06
 Reference value :  3.88364e-06
 Reference value :  3.89648e-06
 Reference value :  3.90785e-06
 Reference value :  3.90808e-06
 Reference value :  3.90883e-06
 Reference value :  3.90930e-06
 Reference value :  3.91039e-06
 Reference value :  3.91149e-06
 Reference value :  3.91280e-06
 Reference value :  3.91428e-06
 Reference value :  3.91709e-06
 Reference value :  3.91940e-06
 Reference value :  3.92126e-06
 Reference value :  3.92432e-06
 Reference value :  3.93189e-06
 Reference value :  3.93989e-06
 Reference value :  3.94789e-06
 Reference value :  3.94958e-06
 Reference value :  3.94974e-06
 Reference value :  3.95003e-06
 Reference value :  3.95017e-06
 Reference value :  3.95029e-06
 Reference value :  3.95057e-06
 Reference value :  3.95113e-06
 Reference value :  3.95262e-06
 Reference value :  3.95421e-06
 Reference value :  3.95591e-06
 Reference value :  3.95781e-06
 Reference value :  3.95976e-06
 Reference value :  3.96169e-06
 Reference value :  3.96377e-06
 Reference value :  3.96663e-06
 Reference value :  3.97445e-06
 Reference value :  3.98245e-06
 Reference value :  3.99045e-06
 Reference value :  3.99128e-06
 Reference value :  3.99153e-06
 Reference value :  3.99210e-06
 Reference value :  3.99252e-06
 Reference value :  3.99379e-06
 Reference value :  3.99381e-06
 Reference value :  3.99453e-06
 Reference value :  3.99639e-06
 Reference value :  3.99830e-06
 Reference value :  4.00003e-06
 Reference value :  4.00206e-06
 Reference value :  4.00407e-06
 Reference value :  4.00658e-06
 Reference value :  4.01135e-06
 Reference value :  4.01935e-06
 Reference value :  4.02735e-06
 Reference value :  4.03289e-06
 Reference value :  4.03304e-06
 Reference value :  4.03337e-06
 Reference value :  4.03350e-06
 Reference value :  4.03369e-06
 Reference value :  4.03405e-06
 Reference value :  4.03485e-06
 Reference value :  4.03622e-06
 Reference value :  4.03769e-06
 Reference value :  4.03921e-06
 Reference value :  4.04106e-06
 Reference value :  4.04359e-06
 Reference value :  4.04550e-06
 Reference value :  4.04830e-06
 Reference value :  4.05458e-06
 Reference value :  4.06258e-06
 Reference value :  4.07108e-06
 Reference value :  4.07458e-06
 Reference value :  4.07476e-06
 Reference value :  4.07547e-06
 Reference value :  4.07587e-06
 Reference value :  4.07706e-06
 Reference value :  4.07839e-06
 Reference value :  4.08007e-06
 Reference value :  4.08159e-06
 Reference value :  4.08334e-06
 Reference value :  4.08524e-06
 Reference value :  4.08690e-06
 Reference value :  4.08913e-06
 Reference value :  4.09480e-06
 Reference value :  4.10330e-06
 Reference value :  4.11130e-06
 Reference value :  4.11620e-06
 Reference value :  4.11633e-06
 Reference value :  4.11668e-06
 Reference value :  4.11682e-06
 Reference value :  4.11718e-06
 Reference value :  4.11762e-06
 Reference value :  4.11776e-06
 Reference value :  4.11799e-06
 Reference value :  4.11963e-06
 Reference value :  4.12154e-06
 Reference value :  4.12316e-06
 Reference value :  4.12480e-06
 Reference value :  4.12673e-06
 Reference value :  4.12883e-06
 Reference value :  4.13165e-06
 Reference value :  4.13695e-06
 Reference value :  4.14445e-06
 Reference value :  4.15245e-06
 Reference value :  4.15787e-06
 Reference value :  4.15799e-06
 Reference value :  4.15819e-06
 Reference value :  4.15883e-06
 Reference value :  4.15998e-06
 Reference value :  4.16157e-06
 Reference value :  4.16346e-06
 Reference value :  4.16503e-06
 Reference value :  4.16659e-06
 Reference value :  4.16867e-06
 Reference value :  4.17080e-06
 Reference value :  4.17415e-06
 Reference value :  4.18319e-06
 Reference value :  4.19119e-06
 Reference value :  4.19950e-06
 Reference value :  4.19963e-06
 Reference value :  4.19984e-06
 Reference value :  4.20009e-06
 Reference value :  4.20026e-06
 Reference value :  4.20060e-06
 Reference value :  4.20111e-06
 Reference value :  4.20144e-06
 Reference value :  4.20211e-06
 Reference value :  4.20416e-06
 Reference value :  4.20577e-06
 Reference value :  4.20753e-06
 Reference value :  4.20966e-06
 Reference value :  4.21166e-06
 Reference value :  4.21469e-06
 Reference value :  4.22236e-06
 Reference value :  4.23036e-06
 Reference value :  4.23786e-06
 Reference value :  4.24124e-06
 Reference value :  4.24138e-06
 Reference value :  4.24183e-06
 Reference value :  4.24259e-06
 Reference value :  4.24341e-06
 Reference value :  4.24466e-06
 Reference value :  4.24659e-06
 Reference value :  4.24872e-06
 Reference value :  4.25086e-06
 Reference value :  4.25280e-06
 Reference value :  4.25473e-06
 Reference value :  4.25798e-06
 Reference value :  4.26445e-06
 Reference value :  4.27245e-06
 Reference value :  4.28095e-06
 Reference value :  4.28292e-06
 Reference value :  4.28309e-06
 Reference value :  4.28337e-06
 Reference value :  4.28349e-06
 Reference value :  4.28360e-06
 Reference value :  4.28391e-06
 Reference value :  4.28422e-06
 Reference value :  4.28460e-06
 Reference value :  4.28598e-06
 Reference value :  4.28804e-06
 Reference value :  4.28961e-06
 Reference value :  4.29120e-06
 Reference value :  4.29288e-06
 Reference value :  4.29458e-06
 Reference value :  4.29654e-06
 Reference value :  4.29938e-06
 Reference value :  4.30575e-06
 Reference value :  4.31675e-06
 Reference value :  4.32457e-06
 Reference value :  4.32495e-06
 Reference value :  4.32620e-06
 Reference value :  4.32764e-06
 Reference value :  4.32977e-06
 Reference value :  4.33113e-06
 Reference value :  4.33207e-06
 Reference value :  4.33371e-06
 Reference value :  4.33572e-06
 Reference value :  4.33758e-06
 Reference value :  4.34005e-06
 Reference value :  4.34532e-06
 Reference value :  4.35332e-06
 Reference value :  4.36132e-06
 Reference value :  4.36623e-06
 Reference value :  4.36637e-06
 Reference value :  4.36666e-06
 Reference value :  4.36681e-06
 Reference value :  4.36692e-06
 Reference value :  4.36726e-06
 Reference value :  4.36781e-06
 Reference value :  4.36916e-06
 Reference value :  4.37091e-06
 Reference value :  4.37265e-06
 Reference value :  4.37442e-06
 Reference value :  4.37617e-06
 Reference value :  4.37829e-06
 Reference value :  4.38073e-06
 Reference value :  4.38469e-06
 Reference value :  4.39210e-06
 Reference value :  4.40010e-06
 Reference value :  4.40783e-06
 Reference value :  4.40794e-06
 Reference value :  4.40818e-06
 Reference value :  4.40883e-06
 Reference value :  4.40964e-06
 Reference value :  4.41122e-06
 Reference value :  4.41301e-06
 Reference value :  4.41416e-06
 Reference value :  4.41595e-06
 Reference value :  4.41807e-06
 Reference value :  4.42003e-06
 Reference value :  4.42200e-06
 Reference value :  4.42457e-06
 Reference value :  4.43029e-06
 Reference value :  4.43829e-06
 Reference value :  4.44629e-06
 Reference value :  4.44957e-06
 Reference value :  4.44971e-06
 Reference value :  4.45002e-06
 Reference value :  4.45016e-06
 Reference value :  4.45046e-06
 Reference value :  4.45097e-06
 Reference value :  4.45243e-06
 Reference value :  4.45396e-06
 Reference value :  4.45564e-06
 Reference value :  4.45749e-06
 Reference value :  4.45918e-06
 Reference value :  4.46128e-06
 Reference value :  4.46310e-06
 Reference value :  4.46610e-06
 Reference value :  4.47257e-06
 Reference value :  4.48057e-06
 Reference value :  4.48857e-06
 Reference value :  4.49123e-06
 Reference value :  4.49137e-06
 Reference value :  4.49198e-06
 Reference value :  4.49267e-06
 Reference value :  4.49442e-06
 Reference value :  4.49621e-06
 Reference value :  4.49765e-06
 Reference value :  4.49806e-06
 Reference value :  4.49968e-06
 Reference value :  4.50147e-06
 Reference value :  4.50333e-06
 Reference value :  4.50565e-06
 Reference value :  4.51013e-06
 Reference value :  4.51813e-06
 Reference value :  4.52663e-06
 Reference value :  4.53289e-06
 Reference value :  4.53304e-06
 Reference value :  4.53335e-06
 Reference value :  4.53350e-06
 Reference value :  4.53366e-06
 Reference value :  4.53393e-06
 Reference value :  4.53447e-06
 Reference value :  4.53550e-06
 Reference value :  4.53714e-06
 Reference value :  4.53895e-06
 Reference value :  4.54081e-06
 Reference value :  4.54272e-06
 Reference value :  4.54439e-06
 Reference value :  4.54641e-06
 Reference value :  4.54956e-06
 Reference value :  4.55717e-06
 Reference value :  4.56517e-06
 Reference value :  4.57367e-06
 Reference value :  4.57460e-06
 Reference value :  4.57479e-06
 Reference value :  4.57534e-06
 Reference value :  4.57578e-06
 Reference value :  4.57639e-06
 Reference value :  4.57840e-06
 Reference value :  4.58014e-06
 Reference value :  4.58125e-06
 Reference value :  4.58275e-06
 Reference value :  4.58462e-06
 Reference value :  4.58660e-06
 Reference value :  4.58859e-06
 Reference value :  4.59201e-06
 Reference value :  4.59986e-06
 Reference value :  4.60786e-06
 Reference value :  4.61576e-06
 Reference value :  4.61628e-06
 Reference value :  4.61647e-06
 Reference value :  4.61676e-06
 Reference value :  4.61687e-06
 Reference value :  4.61700e-06
 Reference value :  4.61734e-06
 Reference value :  4.61779e-06
 Reference value :  4.61881e-06
 Reference value :  4.62045e-06
 Reference value :  4.62212e-06
 Reference value :  4.62399e-06
 Reference value :  4.62604e-06
 Reference value :  4.62789e-06
 Reference value :  4.62974e-06
 Reference value :  4.63251e-06
 Reference value :  4.63997e-06
 Reference value :  4.64797e-06
 Reference value :  4.65597e-06
 Reference value :  4.65792e-06
 Reference value :  4.65806e-06
 Reference value :  4.65846e-06
 Reference value :  4.65904e-06
 Reference value :  4.65936e-06
 Reference value :  4.66112e-06
 Reference value :  4.66312e-06
 Reference value :  4.66437e-06
 Reference value :  4.66600e-06
 Reference value :  4.66778e-06
 Reference value :  4.67000e-06
 Reference value :  4.67210e-06
 Reference value :  4.67404e-06
 Reference value :  4.67753e-06
 Reference value :  4.68547e-06
 Reference value :  4.69347e-06
 Reference value :  4.69953e-06
 Reference value :  4.69966e-06
 Reference value :  4.69991e-06
 Reference value :  4.70010e-06
 Reference value :  4.70020e-06
 Reference value :  4.70036e-06
 Reference value :  4.70074e-06
 Reference value :  4.70108e-06
 Reference value :  4.70223e-06
 Reference value :  4.70388e-06
 Reference value :  4.70557e-06
 Reference value :  4.70753e-06
 Reference value :  4.70962e-06
 Reference value :  4.71114e-06
 Reference value :  4.71361e-06
 Reference value :  4.71754e-06
 Reference value :  4.72542e-06
 Reference value :  4.73392e-06
 Reference value :  4.74117e-06
 Reference value :  4.74129e-06
 Reference value :  4.74153e-06
 Reference value :  4.74211e-06
 Reference value :  4.74253e-06
 Reference value :  4.74347e-06
 Reference value :  4.74513e-06
 Reference value :  4.74705e-06
 Reference value :  4.74818e-06
 Reference value :  4.74998e-06
 Reference value :  4.75175e-06
 Reference value :  4.75332e-06
 Reference value :  4.75513e-06
 Reference value :  4.75735e-06
 Reference value :  4.76199e-06
 Reference value :  4.76999e-06
 Reference value :  4.77799e-06
 Reference value :  4.78288e-06
 Reference value :  4.78299e-06
 Reference value :  4.78330e-06
 Reference value :  4.78348e-06
 Reference value :  4.78358e-06
 Reference value :  4.78383e-06
 Reference value :  4.78433e-06
 Reference value :  4.78532e-06
 Reference value :  4.78715e-06
 Reference value :  4.78908e-06
 Reference value :  4.79075e-06
 Reference value :  4.79232e-06
 Reference value :  4.79434e-06
 Reference value :  4.79645e-06
 Reference value :  4.79884e-06
 Reference value :  4.80493e-06
 Reference value :  4.81293e-06
 Reference value :  4.82093e-06
 Reference value :  4.82455e-06
 Reference value :  4.82470e-06
 Reference value :  4.82529e-06
 Reference value :  4.82643e-06
 Reference value :  4.82802e-06
 Reference value :  4.82990e-06
 Reference value :  4.83106e-06
 Reference value :  4.83171e-06
 Reference value :  4.83332e-06
 Reference value :  4.83559e-06
 Reference value :  4.83863e-06
 Reference value :  4.84498e-06
 Reference value :  4.85548e-06
 Reference value :  4.86548e-06
 Reference value :  4.86633e-06
 Reference value :  4.86669e-06
 Reference value :  4.86686e-06
 Reference value :  4.86717e-06
 Reference value :  4.86777e-06
 Reference value :  4.86924e-06
 Reference value :  4.87139e-06
 Reference value :  4.87353e-06
 Reference value :  4.87562e-06
 Reference value :  4.87838e-06
 Reference value :  4.88135e-06
 Reference value :  4.89049e-06
 Reference value :  4.90149e-06
 Reference value :  4.90791e-06
 Reference value :  4.90817e-06
 Reference value :  4.90899e-06
 Reference value :  4.90996e-06
 Reference value :  4.91286e-06
 Reference value :  4.91436e-06
 Reference value :  4.91529e-06
 Reference value :  4.91681e-06
 Reference value :  4.91895e-06
 Reference value :  4.92053e-06
 Reference value :  4.92303e-06
 Reference value :  4.92987e-06
 Reference value :  4.93837e-06
 Reference value :  4.94637e-06
 Reference value :  4.94957e-06
 Reference value :  4.94972e-06
 Reference value :  4.95005e-06
 Reference value :  4.95019e-06
 Reference value :  4.95043e-06
 Reference value :  4.95101e-06
 Reference value :  4.95246e-06
 Reference value :  4.95504e-06
 Reference value :  4.95773e-06
 Reference value :  4.96071e-06
 Reference value :  4.96308e-06
 Reference value :  4.96750e-06
 Reference value :  4.97745e-06
 Reference value :  4.98545e-06
 Reference value :  4.99120e-06
 Reference value :  4.99133e-06
 Reference value :  4.99171e-06
 Reference value :  4.99221e-06
 Reference value :  4.99261e-06
 Reference value :  4.99386e-06
 Reference value :  4.99613e-06
 Reference value :  4.99770e-06
 Reference value :  4.99933e-06
 Reference value :  5.00089e-06
 Reference value :  5.00280e-06
 Reference value :  5.00481e-06
 Reference value :  5.00718e-06
 Reference value :  5.01214e-06
 Reference value :  5.02014e-06
 Reference value :  5.02764e-06
 Reference value :  5.03288e-06
 Reference value :  5.03299e-06
 Reference value :  5.03326e-06
 Reference value :  5.03348e-06
 Reference value :  5.03360e-06
 Reference value :  5.03415e-06
 Reference value :  5.03494e-06
 Reference value :  5.03635e-06
 Reference value :  5.03774e-06
 Reference value :  5.03925e-06
 Reference value :  5.04090e-06
 Reference value :  5.04291e-06
 Reference value :  5.04515e-06
 Reference value :  5.04848e-06
 Reference value :  5.05507e-06
 Reference value :  5.06307e-06
 Reference value :  5.07157e-06
 Reference value :  5.07459e-06
 Reference value :  5.07475e-06
 Reference value :  5.07543e-06
 Reference value :  5.07587e-06
 Reference value :  5.07700e-06
 Reference value :  5.07839e-06
 Reference value :  5.07996e-06
 Reference value :  5.08136e-06
 Reference value :  5.08337e-06
 Reference value :  5.08522e-06
 Reference value :  5.08701e-06
 Reference value :  5.08888e-06
 Reference value :  5.09155e-06
 Reference value :  5.09699e-06
 Reference value :  5.10499e-06
 Reference value :  5.11299e-06
 Reference value :  5.11624e-06
 Reference value :  5.11638e-06
 Reference value :  5.11666e-06
 Reference value :  5.11681e-06
 Reference value :  5.11691e-06
 Reference value :  5.11714e-06
 Reference value :  5.11749e-06
 Reference value :  5.11772e-06
 Reference value :  5.11786e-06
 Reference value :  5.11819e-06
 Reference value :  5.11999e-06
 Reference value :  5.12176e-06
 Reference value :  5.12338e-06
 Reference value :  5.12531e-06
 Reference value :  5.12685e-06
 Reference value :  5.12880e-06
 Reference value :  5.13203e-06
 Reference value :  5.13856e-06
 Reference value :  5.14656e-06
 Reference value :  5.15456e-06
 Reference value :  5.15791e-06
 Reference value :  5.15810e-06
 Reference value :  5.15873e-06
 Reference value :  5.15929e-06
 Reference value :  5.16040e-06
 Reference value :  5.16218e-06
 Reference value :  5.16401e-06
 Reference value :  5.16585e-06
 Reference value :  5.16766e-06
 Reference value :  5.16955e-06
 Reference value :  5.17174e-06
 Reference value :  5.17457e-06
 Reference value :  5.18096e-06
 Reference value :  5.18896e-06
 Reference value :  5.19646e-06
 Reference value :  5.19957e-06
 Reference value :  5.19975e-06
 Reference value :  5.20002e-06
 Reference value :  5.20018e-06
 Reference value :  5.20050e-06
 Reference value :  5.20078e-06
 Reference value :  5.20118e-06
 Reference value :  5.20238e-06
 Reference value :  5.20390e-06
 Reference value :  5.20551e-06
 Reference value :  5.20730e-06
 Reference value :  5.20913e-06
 Reference value :  5.21114e-06
 Reference value :  5.21501e-06
 Reference value :  5.22330e-06
 Reference value :  5.23180e-06
 Reference value :  5.23980e-06
 Reference value :  5.24127e-06
 Reference value :  5.24144e-06
 Reference value :  5.24207e-06
 Reference value :  5.24272e-06
 Reference value :  5.24355e-06
 Reference value :  5.24521e-06
 Reference value :  5.24735e-06
 Reference value :  5.24914e-06
 Reference value :  5.25108e-06
 Reference value :  5.25299e-06
 Reference value :  5.25491e-06
 Reference value :  5.25714e-06
 Reference value :  5.26347e-06
 Reference value :  5.27147e-06
 Reference value :  5.27947e-06
 Reference value :  5.28291e-06
 Reference value :  5.28304e-06
 Reference value :  5.28337e-06
 Reference value :  5.28349e-06
 Reference value :  5.28364e-06
 Reference value :  5.28410e-06
 Reference value :  5.28500e-06
 Reference value :  5.28658e-06
 Reference value :  5.28801e-06
 Reference value :  5.28971e-06
 Reference value :  5.29126e-06
 Reference value :  5.29279e-06
 Reference value :  5.29447e-06
 Reference value :  5.29668e-06
 Reference value :  5.30022e-06
 Reference value :  5.30742e-06
 Reference value :  5.31642e-06
 Reference value :  5.32421e-06
 Reference value :  5.32461e-06
 Reference value :  5.32483e-06
 Reference value :  5.32544e-06
 Reference value :  5.32587e-06
 Reference value :  5.32722e-06
 Reference value :  5.32895e-06
 Reference value :  5.33078e-06
 Reference value :  5.33263e-06
 Reference value :  5.33420e-06
 Reference value :  5.33628e-06
 Reference value :  5.33821e-06
 Reference value :  5.34035e-06
 Reference value :  5.34524e-06
 Reference value :  5.35324e-06
 Reference value :  5.36174e-06
 Reference value :  5.36625e-06
 Reference value :  5.36638e-06
 Reference value :  5.36668e-06
 Reference value :  5.36682e-06
 Reference value :  5.36692e-06
 Reference value :  5.36730e-06
 Reference value :  5.36813e-06
 Reference value :  5.36971e-06
 Reference value :  5.37125e-06
 Reference value :  5.37277e-06
 Reference value :  5.37431e-06
 Reference value :  5.37632e-06
 Reference value :  5.37871e-06
 Reference value :  5.38116e-06
 Reference value :  5.38628e-06
 Reference value :  5.39378e-06
 Reference value :  5.40178e-06
 Reference value :  5.40786e-06
 Reference value :  5.40799e-06
 Reference value :  5.40832e-06
 Reference value :  5.40915e-06
 Reference value :  5.41090e-06
 Reference value :  5.41271e-06
 Reference value :  5.41469e-06
 Reference value :  5.41629e-06
 Reference value :  5.41792e-06
 Reference value :  5.41966e-06
 Reference value :  5.42163e-06
 Reference value :  5.42602e-06
 Reference value :  5.43442e-06
 Reference value :  5.44192e-06
 Reference value :  5.44950e-06
 Reference value :  5.44962e-06
 Reference value :  5.44980e-06
 Reference value :  5.45006e-06
 Reference value :  5.45020e-06
 Reference value :  5.45041e-06
 Reference value :  5.45104e-06
 Reference value :  5.45264e-06
 Reference value :  5.45419e-06
 Reference value :  5.45579e-06
 Reference value :  5.45736e-06
 Reference value :  5.45911e-06
 Reference value :  5.46098e-06
 Reference value :  5.46301e-06
 Reference value :  5.46590e-06
 Reference value :  5.47356e-06
 Reference value :  5.48156e-06
 Reference value :  5.49006e-06
 Reference value :  5.49128e-06
 Reference value :  5.49155e-06
 Reference value :  5.49221e-06
 Reference value :  5.49409e-06
 Reference value :  5.49606e-06
 Reference value :  5.49800e-06
 Reference value :  5.50031e-06
 Reference value :  5.50217e-06
 Reference value :  5.50421e-06
 Reference value :  5.50720e-06
 Reference value :  5.51303e-06
 Reference value :  5.52153e-06
 Reference value :  5.52953e-06
 Reference value :  5.53291e-06
 Reference value :  5.53305e-06
 Reference value :  5.53340e-06
 Reference value :  5.53353e-06
 Reference value :  5.53375e-06
 Reference value :  5.53431e-06
 Reference value :  5.53571e-06
 Reference value :  5.53728e-06
 Reference value :  5.53893e-06
 Reference value :  5.54057e-06
 Reference value :  5.54297e-06
 Reference value :  5.54557e-06
 Reference value :  5.54769e-06
 Reference value :  5.55210e-06
 Reference value :  5.56010e-06
 Reference value :  5.56810e-06
 Reference value :  5.57451e-06
 Reference value :  5.57466e-06
 Reference value :  5.57499e-06
 Reference value :  5.57582e-06
 Reference value :  5.57787e-06
 Reference value :  5.57980e-06
 Reference value :  5.58178e-06
 Reference value :  5.58351e-06
 Reference value :  5.58551e-06
 Reference value :  5.58752e-06
 Reference value :  5.59124e-06
 Reference value :  5.59858e-06
 Reference value :  5.60658e-06
 Reference value :  5.61458e-06
 Reference value :  5.61626e-06
 Reference value :  5.61641e-06
 Reference value :  5.61668e-06
 Reference value :  5.61683e-06
 Reference value :  5.61698e-06
 Reference value :  5.61738e-06
 Reference value :  5.61871e-06
 Reference value :  5.62038e-06
 Reference value :  5.62182e-06
 Reference value :  5.62377e-06
 Reference value :  5.62556e-06
 Reference value :  5.62753e-06
 Reference value :  5.62950e-06
 Reference value :  5.63268e-06
 Reference value :  5.63921e-06
 Reference value :  5.64721e-06
 Reference value :  5.65521e-06
 Reference value :  5.65791e-06
 Reference value :  5.65810e-06
 Reference value :  5.65866e-06
 Reference value :  5.65915e-06
 Reference value :  5.66037e-06
 Reference value :  5.66251e-06
 Reference value :  5.66428e-06
 Reference value :  5.66670e-06
 Reference value :  5.66873e-06
 Reference value :  5.67066e-06
 Reference value :  5.67356e-06
 Reference value :  5.67937e-06
 Reference value :  5.68937e-06
 Reference value :  5.69737e-06
 Reference value :  5.69959e-06
 Reference value :  5.69975e-06
 Reference value :  5.70004e-06
 Reference value :  5.70018e-06
 Reference value :  5.70029e-06
 Reference value :  5.70052e-06
 Reference value :  5.70173e-06
 Reference value :  5.70330e-06
 Reference value :  5.70501e-06
 Reference value :  5.70646e-06
 Reference value :  5.70809e-06
 Reference value :  5.70978e-06
 Reference value :  5.71167e-06
 Reference value :  5.71449e-06
 Reference value :  5.71954e-06
 Reference value :  5.72754e-06
 Reference value :  5.73604e-06
 Reference value :  5.74119e-06
 Reference value :  5.74137e-06
 Reference value :  5.74186e-06
 Reference value :  5.74246e-06
 Reference value :  5.74395e-06
 Reference value :  5.74571e-06
 Reference value :  5.74769e-06
 Reference value :  5.74924e-06
 Reference value :  5.75084e-06
 Reference value :  5.75291e-06
 Reference value :  5.75481e-06
 Reference value :  5.75862e-06
 Reference value :  5.76618e-06
 Reference value :  5.77418e-06
 Reference value :  5.78218e-06
 Reference value :  5.78295e-06
 Reference value :  5.78313e-06
 Reference value :  5.78343e-06
 Reference value :  5.78354e-06
 Reference value :  5.78386e-06
 Reference value :  5.78513e-06
 Reference value :  5.78650e-06
 Reference value :  5.78803e-06
 Reference value :  5.78968e-06
 Reference value :  5.79120e-06
 Reference value :  5.79290e-06
 Reference value :  5.79459e-06
 Reference value :  5.79637e-06
 Reference value :  5.79977e-06
 Reference value :  5.80738e-06
 Reference value :  5.81588e-06
 Reference value :  5.82388e-06
 Reference value :  5.82462e-06
 Reference value :  5.82485e-06
 Reference value :  5.82554e-06
 Reference value :  5.82743e-06
 Reference value :  5.82940e-06
 Reference value :  5.83134e-06
 Reference value :  5.83331e-06
 Reference value :  5.83515e-06
 Reference value :  5.83734e-06
 Reference value :  5.84029e-06
 Reference value :  5.84541e-06
 Reference value :  5.85341e-06
 Reference value :  5.86141e-06
 Reference value :  5.86621e-06
 Reference value :  5.86635e-06
 Reference value :  5.86662e-06
 Reference value :  5.86681e-06
 Reference value :  5.86698e-06
 Reference value :  5.86745e-06
 Reference value :  5.86897e-06
 Reference value :  5.87091e-06
 Reference value :  5.87260e-06
 Reference value :  5.87438e-06
 Reference value :  5.87627e-06
 Reference value :  5.87804e-06
 Reference value :  5.88028e-06
 Reference value :  5.88346e-06
 Reference value :  5.89003e-06
 Reference value :  5.89803e-06
 Reference value :  5.90703e-06
 Reference value :  5.90794e-06
 Reference value :  5.90813e-06
 Reference value :  5.90885e-06
 Reference value :  5.91026e-06
 Reference value :  5.91223e-06
 Reference value :  5.91400e-06
 Reference value :  5.91578e-06
 Reference value :  5.91755e-06
 Reference value :  5.91962e-06
 Reference value :  5.92209e-06
 Reference value :  5.92648e-06
 Reference value :  5.93438e-06
 Reference value :  5.94238e-06
 Reference value :  5.94950e-06
 Reference value :  5.94965e-06
 Reference value :  5.94984e-06
 Reference value :  5.95010e-06
 Reference value :  5.95021e-06
 Reference value :  5.95045e-06
 Reference value :  5.95132e-06
 Reference value :  5.95318e-06
 Reference value :  5.95482e-06
 Reference value :  5.95639e-06
 Reference value :  5.95799e-06
 Reference value :  5.95973e-06
 Reference value :  5.96136e-06
 Reference value :  5.96373e-06
 Reference value :  5.96806e-06
 Reference value :  5.97556e-06
 Reference value :  5.98406e-06
 Reference value :  5.99117e-06
 Reference value :  5.99132e-06
 Reference value :  5.99152e-06
 Reference value :  5.99213e-06
 Reference value :  5.99247e-06
 Reference value :  5.99333e-06
 Reference value :  5.99512e-06
 Reference value :  5.99743e-06
 Reference value :  5.99922e-06
 Reference value :  6.00139e-06
 Reference value :  6.00346e-06
 Reference value :  6.00564e-06
 Reference value :  6.01125e-06
 Reference value :  6.02075e-06
 Reference value :  6.02875e-06
 Reference value :  6.03287e-06
 Reference value :  6.03303e-06
 Reference value :  6.03324e-06
 Reference value :  6.03351e-06
 Reference value :  6.03383e-06
 Reference value :  6.03424e-06
 Reference value :  6.03532e-06
 Reference value :  6.03660e-06
 Reference value :  6.03814e-06
 Reference value :  6.03979e-06
 Reference value :  6.04170e-06
 Reference value :  6.04382e-06
 Reference value :  6.04778e-06
 Reference value :  6.05628e-06
 Reference value :  6.06428e-06
 Reference value :  6.07228e-06
 Reference value :  6.07460e-06
 Reference value :  6.07478e-06
 Reference value :  6.07546e-06
 Reference value :  6.07587e-06
 Reference value :  6.07782e-06
 Reference value :  6.07978e-06
 Reference value :  6.08132e-06
 Reference value :  6.08285e-06
 Reference value :  6.08458e-06
 Reference value :  6.08646e-06
 Reference value :  6.08816e-06
 Reference value :  6.09126e-06
 Reference value :  6.09751e-06
 Reference value :  6.10651e-06
 Reference value :  6.11451e-06
 Reference value :  6.11626e-06
 Reference value :  6.11641e-06
 Reference value :  6.11668e-06
 Reference value :  6.11689e-06
 Reference value :  6.11701e-06
 Reference value :  6.11713e-06
 Reference value :  6.11729e-06
 Reference value :  6.11781e-06
 Reference value :  6.11862e-06
 Reference value :  6.12050e-06
 Reference value :  6.12203e-06
 Reference value :  6.12361e-06
 Reference value :  6.12489e-06
 Reference value :  6.12647e-06
 Reference value :  6.12820e-06
 Reference value :  6.13015e-06
 Reference value :  6.13257e-06
 Reference value :  6.13757e-06
 Reference value :  6.14557e-06
 Reference value :  6.15357e-06
 Reference value :  6.15791e-06
 Reference value :  6.15808e-06
 Reference value :  6.15852e-06
 Reference value :  6.15937e-06
 Reference value :  6.16053e-06
 Reference value :  6.16226e-06
 Reference value :  6.16391e-06
 Reference value :  6.16532e-06
 Reference value :  6.16688e-06
 Reference value :  6.16879e-06
 Reference value :  6.17057e-06
 Reference value :  6.17301e-06
 Reference value :  6.17743e-06
 Reference value :  6.18543e-06
 Reference value :  6.19393e-06
 Reference value :  6.19953e-06
 Reference value :  6.19967e-06
 Reference value :  6.19992e-06
 Reference value :  6.20014e-06
 Reference value :  6.20038e-06
 Reference value :  6.20075e-06
 Reference value :  6.20100e-06
 Reference value :  6.20158e-06
 Reference value :  6.20312e-06
 Reference value :  6.20498e-06
 Reference value :  6.20658e-06
 Reference value :  6.20837e-06
 Reference value :  6.21034e-06
 Reference value :  6.21251e-06
 Reference value :  6.21653e-06
 Reference value :  6.22498e-06
 Reference value :  6.23298e-06
 Reference value :  6.24117e-06
 Reference value :  6.24128e-06
 Reference value :  6.24155e-06
 Reference value :  6.24221e-06
 Reference value :  6.24337e-06
 Reference value :  6.24526e-06
 Reference value :  6.24698e-06
 Reference value :  6.24870e-06
 Reference value :  6.25025e-06
 Reference value :  6.25230e-06
 Reference value :  6.25430e-06
 Reference value :  6.25665e-06
 Reference value :  6.26161e-06
 Reference value :  6.26961e-06
 Reference value :  6.27761e-06
 Reference value :  6.28286e-06
 Reference value :  6.28298e-06
 Reference value :  6.28327e-06
No. of Data Rows : 29571

  Measurements for Transient Analysis

d9_c1               =  -1.02188e-04
d8_c1               =  1.82969e-05
d7_c1               =  1.97961e+00
d6_c1               =  1.97961e+00
d5_c1               =  1.79948e-05
d4_c1               =  1.82972e-05
d3_c1               =  1.84396e-05
d2_c1               =  1.80978e-05
d1_c1               =  1.97961e+00
d0_c1               =  1.97961e+00
d9_c2               =  -8.18334e-05
d8_c2               =  1.97961e+00
d7_c2               =  3.84414e-05
d6_c2               =  1.97961e+00
d5_c2               =  1.97961e+00
d4_c2               =  1.97961e+00
d3_c2               =  1.97961e+00
d2_c2               =  1.97961e+00
d1_c2               =  1.97961e+00
d0_c2               =  1.97961e+00
d9_c3               =  -8.12426e-05
d8_c3               =  1.97960e+00
d7_c3               =  1.97960e+00
d6_c3               =  1.97960e+00
d5_c3               =  1.97960e+00
d4_c3               =  1.97960e+00
d3_c3               =  1.97960e+00
d2_c3               =  1.97960e+00
d1_c3               =  1.97960e+00
d0_c3               =  1.97960e+00
d9_c4               =  1.97972e+00
d8_c4               =  4.80835e-05
d7_c4               =  1.97961e+00
d6_c4               =  4.80774e-05
d5_c4               =  4.80735e-05
d4_c4               =  4.80662e-05
d3_c4               =  4.80585e-05
d2_c4               =  4.80408e-05
d1_c4               =  4.80027e-05
d0_c4               =  1.97961e+00
d9_c5               =  1.97976e+00
d8_c5               =  1.97961e+00
d7_c5               =  1.97961e+00
d6_c5               =  1.97961e+00
d5_c5               =  1.97961e+00
d4_c5               =  1.97961e+00
d3_c5               =  1.97961e+00
d2_c5               =  1.97961e+00
d1_c5               =  1.97961e+00
d0_c5               =  1.97961e+00
busy_c1_p0          =  1.97958e+00
smpl_c1_p0          =  2.21553e-05
busy_c1_p1          =  1.97957e+00
smpl_c1_p1          =  2.41476e-05
busy_c1_p2          =  1.97961e+00
smpl_c1_p2          =  1.88244e-05
busy_c1_p3          =  1.97959e+00
smpl_c1_p3          =  4.12178e-06
busy_c1_p4          =  1.97958e+00
smpl_c1_p4          =  1.24928e-05
busy_c1_p5          =  1.97956e+00
smpl_c1_p5          =  2.89785e-05
busy_c1_p6          =  1.97958e+00
smpl_c1_p6          =  1.67576e-05
busy_c1_p7          =  1.97958e+00
smpl_c1_p7          =  5.94822e-06
busy_c1_p8          =  1.97959e+00
smpl_c1_p8          =  -2.73707e-06
busy_c1_p9          =  1.97956e+00
smpl_c1_p9          =  2.09812e-05
busy_c1_p10         =  1.97958e+00
smpl_c1_p10         =  4.95666e-06
busy_c1_p11         =  4.56700e-06
smpl_c1_p11         =  1.97994e+00
busy_c2_p0          =  1.97958e+00
smpl_c2_p0          =  2.14947e-05
busy_c2_p1          =  1.97960e+00
smpl_c2_p1          =  -9.13209e-07
busy_c2_p2          =  1.97957e+00
smpl_c2_p2          =  2.37302e-05
busy_c2_p3          =  1.97956e+00
smpl_c2_p3          =  2.75175e-05
busy_c2_p4          =  1.97956e+00
smpl_c2_p4          =  2.69908e-05
busy_c2_p5          =  1.97957e+00
smpl_c2_p5          =  1.99448e-05
busy_c2_p6          =  1.97956e+00
smpl_c2_p6          =  2.81951e-05
busy_c2_p7          =  1.97956e+00
smpl_c2_p7          =  2.67645e-05
busy_c2_p8          =  1.97956e+00
smpl_c2_p8          =  2.72888e-05
busy_c2_p9          =  1.97956e+00
smpl_c2_p9          =  2.88139e-05
busy_c2_p10         =  1.97958e+00
smpl_c2_p10         =  2.22328e-05
busy_c2_p11         =  3.26526e-05
smpl_c2_p11         =  1.97994e+00
busy_c3_p0          =  1.97959e+00
smpl_c3_p0          =  2.38665e-06
busy_c3_p1          =  1.97960e+00
smpl_c3_p1          =  3.97264e-06
busy_c3_p2          =  1.97957e+00
smpl_c3_p2          =  1.66314e-05
busy_c3_p3          =  1.97956e+00
smpl_c3_p3          =  2.80957e-05
busy_c3_p4          =  1.97956e+00
smpl_c3_p4          =  2.84780e-05
busy_c3_p5          =  1.97956e+00
smpl_c3_p5          =  3.13114e-05
busy_c3_p6          =  1.97956e+00
smpl_c3_p6          =  3.05661e-05
busy_c3_p7          =  1.97956e+00
smpl_c3_p7          =  2.56266e-05
busy_c3_p8          =  1.97957e+00
smpl_c3_p8          =  2.45967e-05
busy_c3_p9          =  1.97956e+00
smpl_c3_p9          =  2.77989e-05
busy_c3_p10         =  1.97958e+00
smpl_c3_p10         =  2.32512e-05
busy_c3_p11         =  3.53857e-05
smpl_c3_p11         =  1.97994e+00
busy_c4_p0          =  1.97959e+00
smpl_c4_p0          =  4.38112e-06
busy_c4_p1          =  1.97960e+00
smpl_c4_p1          =  -3.05951e-07
busy_c4_p2          =  1.97958e+00
smpl_c4_p2          =  1.31764e-05
busy_c4_p3          =  1.97958e+00
smpl_c4_p3          =  2.00462e-05
busy_c4_p4          =  1.97957e+00
smpl_c4_p4          =  2.28205e-05
busy_c4_p5          =  1.97956e+00
smpl_c4_p5          =  2.76536e-05
busy_c4_p6          =  1.97956e+00
smpl_c4_p6          =  2.71491e-05
busy_c4_p7          =  1.97959e+00
smpl_c4_p7          =  3.64745e-06
busy_c4_p8          =  1.97956e+00
smpl_c4_p8          =  2.83638e-05
busy_c4_p9          =  1.97956e+00
smpl_c4_p9          =  2.52051e-05
busy_c4_p10         =  1.97959e+00
smpl_c4_p10         =  1.99140e-05
busy_c4_p11         =  4.55622e-05
smpl_c4_p11         =  1.97994e+00
busy_c5_p0          =  1.97959e+00
smpl_c5_p0          =  1.42763e-05
busy_c5_p1          =  1.97958e+00
smpl_c5_p1          =  2.23825e-05
busy_c5_p2          =  1.97959e+00
smpl_c5_p2          =  1.93128e-05
busy_c5_p3          =  1.97961e+00
smpl_c5_p3          =  -1.31131e-06
busy_c5_p4          =  1.97959e+00
smpl_c5_p4          =  1.27912e-05
busy_c5_p5          =  1.97956e+00
smpl_c5_p5          =  2.89917e-05
busy_c5_p6          =  1.97957e+00
smpl_c5_p6          =  1.84150e-05
busy_c5_p7          =  1.97959e+00
smpl_c5_p7          =  3.23844e-06
busy_c5_p8          =  1.97959e+00
smpl_c5_p8          =  -1.41467e-05
busy_c5_p9          =  1.97959e+00
smpl_c5_p9          =  -1.42313e-05
busy_c5_p10         =  1.97959e+00
smpl_c5_p10         =  -1.77860e-05
busy_c5_p11         =  3.77146e-05
smpl_c5_p11         =  1.97994e+00
i_vdd               =  -2.43000e-06 from=  3.20000e-06 to=  4.20001e-06
i_vpwr              =  -7.78167e-06 from=  3.20000e-06 to=  4.20001e-06
i_vrefp             =  -7.15632e-06 from=  3.20000e-06 to=  4.20001e-06
i_vrefn             =  7.14290e-06 from=  3.20000e-06 to=  4.20001e-06
i_vcm               =  1.28211e-08 from=  3.20000e-06 to=  4.20001e-06
gnd_die_pp          =  1.43227e-02 from=  3.20000e-06 to=  4.20000e-06
gnd_die_max         =  7.38076e-03 at=  4.11779e-06
gnd_die_min         =  -6.94195e-03 at=  3.86718e-06
vgnd_die_pp         =  1.74949e-02 from=  3.20000e-06 to=  4.20000e-06
vgnd_die_max        =  7.65227e-03 at=  4.03369e-06
vgnd_die_min        =  -9.84264e-03 at=  3.86746e-06
vdd_die_pp          =  1.50645e-02 from=  3.20000e-06 to=  4.20000e-06
vdd_die_max         =  1.98544e+00 at=  4.11755e-06
vdd_die_min         =  1.97037e+00 at=  3.86718e-06
vpwr_die_pp         =  1.72480e-02 from=  3.20000e-06 to=  4.20000e-06
vpwr_die_max        =  1.98936e+00 at=  3.53406e-06
vpwr_die_min        =  1.97211e+00 at=  3.36681e-06


Total analysis time (seconds) = 784.464

Total elapsed time (seconds) = 827.962 

Total DRAM available = 98304.000 MB.
DRAM currently available = 11554.453 MB.
Maximum ngspice program size =  823.938 MB.
Current ngspice program size =  823.938 MB.

