
Note: Compatibility modes selected: hs a


Circuit: * sim/supply-impedance-sensitivity -- ground/supply-return impedance

option SCALE: Scale is set to 1e-06 for instance and model parameters
option SCALE: Scale is set to 1e-06 for instance and model parameters
option SCALE: Scale is set to 1e-06 for instance and model parameters
option SCALE: Scale is set to 1e-06 for instance and model parameters
Doing analysis at TEMP = 27.000000 and TNOM = 27.000000

Using KLU as Direct Linear Solver
 Reference value :  0.00000e+00
 Reference value :  7.64000e-09
 Reference value :  1.86400e-08
 Reference value :  2.01106e-08
 Reference value :  2.02995e-08
 Reference value :  2.05022e-08
 Reference value :  2.07217e-08
 Reference value :  2.10288e-08
 Reference value :  2.12023e-08
 Reference value :  2.14426e-08
 Reference value :  2.27570e-08
 Reference value :  2.49419e-08
 Reference value :  2.70682e-08
 Reference value :  3.10930e-08
 Reference value :  3.97817e-08
 Reference value :  4.82817e-08
 Reference value :  5.62817e-08
 Reference value :  6.42817e-08
 Reference value :  7.22817e-08
 Reference value :  8.02817e-08
 Reference value :  8.82817e-08
 Reference value :  9.67817e-08
 Reference value :  1.04782e-07
 Reference value :  1.13282e-07
 Reference value :  1.21282e-07
 Reference value :  1.28782e-07
 Reference value :  1.36282e-07
 Reference value :  1.44282e-07
 Reference value :  1.51782e-07
 Reference value :  1.59782e-07
 Reference value :  1.68282e-07
 Reference value :  1.76282e-07
 Reference value :  1.84282e-07
 Reference value :  1.91782e-07
 Reference value :  1.99500e-07
 Reference value :  1.99635e-07
 Reference value :  1.99883e-07
 Reference value :  2.00108e-07
 Reference value :  2.00293e-07
 Reference value :  2.00631e-07
 Reference value :  2.00843e-07
 Reference value :  2.01710e-07
 Reference value :  2.03428e-07
 Reference value :  2.05181e-07
 Reference value :  2.07194e-07
 Reference value :  2.09468e-07
 Reference value :  2.11607e-07
 Reference value :  2.13827e-07
 Reference value :  2.17713e-07
 Reference value :  2.25673e-07
 Reference value :  2.34173e-07
 Reference value :  2.41174e-07
 Reference value :  2.41321e-07
 Reference value :  2.41536e-07
 Reference value :  2.42209e-07
 Reference value :  2.43151e-07
 Reference value :  2.43929e-07
 Reference value :  2.45557e-07
 Reference value :  2.47078e-07
 Reference value :  2.48784e-07
 Reference value :  2.50178e-07
 Reference value :  2.51798e-07
 Reference value :  2.53832e-07
 Reference value :  2.56340e-07
 Reference value :  2.62230e-07
 Reference value :  2.70230e-07
 Reference value :  2.78230e-07
 Reference value :  2.82888e-07
 Reference value :  2.83035e-07
 Reference value :  2.83347e-07
 Reference value :  2.83481e-07
 Reference value :  2.83586e-07
 Reference value :  2.83921e-07
 Reference value :  2.84645e-07
 Reference value :  2.86107e-07
 Reference value :  2.87813e-07
 Reference value :  2.89657e-07
 Reference value :  2.91497e-07
 Reference value :  2.93397e-07
 Reference value :  2.94936e-07
 Reference value :  2.97333e-07
 Reference value :  3.00820e-07
 Reference value :  3.08745e-07
 Reference value :  3.16745e-07
 Reference value :  3.24500e-07
 Reference value :  3.24610e-07
 Reference value :  3.24875e-07
 Reference value :  3.25543e-07
 Reference value :  3.27091e-07
 Reference value :  3.28880e-07
 Reference value :  3.31010e-07
 Reference value :  3.32774e-07
 Reference value :  3.34797e-07
 Reference value :  3.36727e-07
 Reference value :  3.38755e-07
 Reference value :  3.41325e-07
 Reference value :  3.48370e-07
 Reference value :  3.56370e-07
 Reference value :  3.63870e-07
 Reference value :  3.66249e-07
 Reference value :  3.66383e-07
 Reference value :  3.66701e-07
 Reference value :  3.66826e-07
 Reference value :  3.66908e-07
 Reference value :  3.67171e-07
 Reference value :  3.67923e-07
 Reference value :  3.69615e-07
 Reference value :  3.71326e-07
 Reference value :  3.72916e-07
 Reference value :  3.74554e-07
 Reference value :  3.76433e-07
 Reference value :  3.78541e-07
 Reference value :  3.80704e-07
 Reference value :  3.83762e-07
 Reference value :  3.91700e-07
 Reference value :  3.99700e-07
 Reference value :  4.07517e-07
 Reference value :  4.07972e-07
 Reference value :  4.08196e-07
 Reference value :  4.08833e-07
 Reference value :  4.09133e-07
 Reference value :  4.10007e-07
 Reference value :  4.11177e-07
 Reference value :  4.12248e-07
 Reference value :  4.13998e-07
 Reference value :  4.15563e-07
 Reference value :  4.17510e-07
 Reference value :  4.19383e-07
 Reference value :  4.21123e-07
 Reference value :  4.22835e-07
 Reference value :  4.26500e-07
 Reference value :  4.34921e-07
 Reference value :  4.42421e-07
 Reference value :  4.49505e-07
 Reference value :  4.49632e-07
 Reference value :  4.49826e-07
 Reference value :  4.50068e-07
 Reference value :  4.50176e-07
 Reference value :  4.50356e-07
 Reference value :  4.50847e-07
 Reference value :  4.51392e-07
 Reference value :  4.52521e-07
 Reference value :  4.53910e-07
 Reference value :  4.55593e-07
 Reference value :  4.57481e-07
 Reference value :  4.59167e-07
 Reference value :  4.61102e-07
 Reference value :  4.63076e-07
 Reference value :  4.66475e-07
 Reference value :  4.73019e-07
 Reference value :  4.81019e-07
 Reference value :  4.89519e-07
 Reference value :  4.91268e-07
 Reference value :  4.91451e-07
 Reference value :  4.91994e-07
 Reference value :  4.92343e-07
 Reference value :  4.92922e-07
 Reference value :  4.94746e-07
 Reference value :  4.96311e-07
 Reference value :  4.97741e-07
 Reference value :  4.99339e-07
 Reference value :  5.01430e-07
 Reference value :  5.03697e-07
 Reference value :  5.04310e-07
 Reference value :  5.05902e-07
 Reference value :  5.07869e-07
 Reference value :  5.09850e-07
 Reference value :  5.11647e-07
 Reference value :  5.14134e-07
 Reference value :  5.19143e-07
 Reference value :  5.27143e-07
 Reference value :  5.32863e-07
 Reference value :  5.32982e-07
 Reference value :  5.33193e-07
 Reference value :  5.33418e-07
 Reference value :  5.33527e-07
 Reference value :  5.33743e-07
 Reference value :  5.34368e-07
 Reference value :  5.35468e-07
 Reference value :  5.37260e-07
 Reference value :  5.39245e-07
 Reference value :  5.40901e-07
 Reference value :  5.42536e-07
 Reference value :  5.44508e-07
 Reference value :  5.46481e-07
 Reference value :  5.49464e-07
 Reference value :  5.55881e-07
 Reference value :  5.63881e-07
 Reference value :  5.71881e-07
 Reference value :  5.74577e-07
 Reference value :  5.74745e-07
 Reference value :  5.75312e-07
 Reference value :  5.75788e-07
 Reference value :  5.76699e-07
 Reference value :  5.78627e-07
 Reference value :  5.80293e-07
 Reference value :  5.82012e-07
 Reference value :  5.83577e-07
 Reference value :  5.85610e-07
 Reference value :  5.87496e-07
 Reference value :  5.89910e-07
 Reference value :  5.95513e-07
 Reference value :  6.05513e-07
 Reference value :  6.14013e-07
 Reference value :  6.16245e-07
 Reference value :  6.16413e-07
 Reference value :  6.16710e-07
 Reference value :  6.16834e-07
 Reference value :  6.16954e-07
 Reference value :  6.17230e-07
 Reference value :  6.18086e-07
 Reference value :  6.19401e-07
 Reference value :  6.20908e-07
 Reference value :  6.22531e-07
 Reference value :  6.24223e-07
 Reference value :  6.25621e-07
 Reference value :  6.27215e-07
 Reference value :  6.29261e-07
 Reference value :  6.31563e-07
 Reference value :  6.36322e-07
 Reference value :  6.44322e-07
 Reference value :  6.52822e-07
 Reference value :  6.57859e-07
 Reference value :  6.57990e-07
 Reference value :  6.58349e-07
 Reference value :  6.58992e-07
 Reference value :  6.60748e-07
 Reference value :  6.62717e-07
 Reference value :  6.64335e-07
 Reference value :  6.66939e-07
 Reference value :  6.68944e-07
 Reference value :  6.71244e-07
 Reference value :  6.73813e-07
 Reference value :  6.78706e-07
 Reference value :  6.86706e-07
 Reference value :  6.89575e-07
 Reference value :  6.91497e-07
 Reference value :  6.93696e-07
 Reference value :  6.95594e-07
 Reference value :  6.97676e-07
 Reference value :  6.99565e-07
 Reference value :  6.99707e-07
 Reference value :  7.00014e-07
 Reference value :  7.00143e-07
 Reference value :  7.00322e-07
 Reference value :  7.00726e-07
 Reference value :  7.01380e-07
 Reference value :  7.02841e-07
 Reference value :  7.04323e-07
 Reference value :  7.06041e-07
 Reference value :  7.07736e-07
 Reference value :  7.09676e-07
 Reference value :  7.11439e-07
 Reference value :  7.13660e-07
 Reference value :  7.17558e-07
 Reference value :  7.25512e-07
 Reference value :  7.33512e-07
 Reference value :  7.41167e-07
 Reference value :  7.41305e-07
 Reference value :  7.41519e-07
 Reference value :  7.42181e-07
 Reference value :  7.43253e-07
 Reference value :  7.45493e-07
 Reference value :  7.47599e-07
 Reference value :  7.49380e-07
 Reference value :  7.51033e-07
 Reference value :  7.52819e-07
 Reference value :  7.54882e-07
 Reference value :  7.59203e-07
 Reference value :  7.67156e-07
 Reference value :  7.76656e-07
 Reference value :  7.82875e-07
 Reference value :  7.83019e-07
 Reference value :  7.83285e-07
 Reference value :  7.83464e-07
 Reference value :  7.83570e-07
 Reference value :  7.83908e-07
 Reference value :  7.85000e-07
 Reference value :  7.86733e-07
 Reference value :  7.88448e-07
 Reference value :  7.90068e-07
 Reference value :  7.91850e-07
 Reference value :  7.93370e-07
 Reference value :  7.95233e-07
 Reference value :  7.97377e-07
 Reference value :  8.01351e-07
 Reference value :  8.09351e-07
 Reference value :  8.17351e-07
 Reference value :  8.24505e-07
 Reference value :  8.24662e-07
 Reference value :  8.24912e-07
 Reference value :  8.25665e-07
 Reference value :  8.27403e-07
 Reference value :  8.29337e-07
 Reference value :  8.31153e-07
 Reference value :  8.33279e-07
 Reference value :  8.34934e-07
 Reference value :  8.36850e-07
 Reference value :  8.39376e-07
 Reference value :  8.43970e-07
 Reference value :  8.53970e-07
 Reference value :  8.64470e-07
 Reference value :  8.66167e-07
 Reference value :  8.66265e-07
 Reference value :  8.66467e-07
 Reference value :  8.66792e-07
 Reference value :  8.66936e-07
 Reference value :  8.67274e-07
 Reference value :  8.67855e-07
 Reference value :  8.68862e-07
 Reference value :  8.70537e-07
 Reference value :  8.72265e-07
 Reference value :  8.74216e-07
 Reference value :  8.75780e-07
 Reference value :  8.77770e-07
 Reference value :  8.80329e-07
 Reference value :  8.84341e-07
 Reference value :  8.92278e-07
 Reference value :  9.00778e-07
 Reference value :  9.07847e-07
 Reference value :  9.07988e-07
 Reference value :  9.08240e-07
 Reference value :  9.08999e-07
 Reference value :  9.10559e-07
 Reference value :  9.12451e-07
 Reference value :  9.14423e-07
 Reference value :  9.16380e-07
 Reference value :  9.18403e-07
 Reference value :  9.20182e-07
 Reference value :  9.22710e-07
 Reference value :  9.26816e-07
 Reference value :  9.35816e-07
 Reference value :  9.46316e-07
 Reference value :  9.49577e-07
 Reference value :  9.49742e-07
 Reference value :  9.50059e-07
 Reference value :  9.50165e-07
 Reference value :  9.50337e-07
 Reference value :  9.50581e-07
 Reference value :  9.51388e-07
 Reference value :  9.52862e-07
 Reference value :  9.54231e-07
 Reference value :  9.55994e-07
 Reference value :  9.57662e-07
 Reference value :  9.59000e-07
 Reference value :  9.60793e-07
 Reference value :  9.62986e-07
 Reference value :  9.65876e-07
 Reference value :  9.73514e-07
 Reference value :  9.81514e-07
 Reference value :  9.89014e-07
 Reference value :  9.91268e-07
 Reference value :  9.91448e-07
 Reference value :  9.92046e-07
 Reference value :  9.93117e-07
 Reference value :  9.95101e-07
 Reference value :  9.97236e-07
 Reference value :  9.99042e-07
 Reference value :  1.00080e-06
 Reference value :  1.00273e-06
 Reference value :  1.00467e-06
 Reference value :  1.00933e-06
 Reference value :  1.01827e-06
 Reference value :  1.02827e-06
 Reference value :  1.03290e-06
 Reference value :  1.03303e-06
 Reference value :  1.03335e-06
 Reference value :  1.03348e-06
 Reference value :  1.03360e-06
 Reference value :  1.03387e-06
 Reference value :  1.03439e-06
 Reference value :  1.03518e-06
 Reference value :  1.03661e-06
 Reference value :  1.03854e-06
 Reference value :  1.03997e-06
 Reference value :  1.04151e-06
 Reference value :  1.04351e-06
 Reference value :  1.04544e-06
 Reference value :  1.04904e-06
 Reference value :  1.05693e-06
 Reference value :  1.06443e-06
 Reference value :  1.07293e-06
 Reference value :  1.07459e-06
 Reference value :  1.07474e-06
 Reference value :  1.07532e-06
 Reference value :  1.07580e-06
 Reference value :  1.07709e-06
 Reference value :  1.07918e-06
 Reference value :  1.08096e-06
 Reference value :  1.08267e-06
 Reference value :  1.08457e-06
 Reference value :  1.08615e-06
 Reference value :  1.08806e-06
 Reference value :  1.09083e-06
 Reference value :  1.09698e-06
 Reference value :  1.10498e-06
 Reference value :  1.11298e-06
 Reference value :  1.11623e-06
 Reference value :  1.11637e-06
 Reference value :  1.11668e-06
 Reference value :  1.11683e-06
 Reference value :  1.11697e-06
 Reference value :  1.11711e-06
 Reference value :  1.11740e-06
 Reference value :  1.11776e-06
 Reference value :  1.11809e-06
 Reference value :  1.11989e-06
 Reference value :  1.12185e-06
 Reference value :  1.12383e-06
 Reference value :  1.12580e-06
 Reference value :  1.12790e-06
 Reference value :  1.13028e-06
 Reference value :  1.13362e-06
 Reference value :  1.14198e-06
 Reference value :  1.15048e-06
 Reference value :  1.15784e-06
 Reference value :  1.15799e-06
 Reference value :  1.15827e-06
 Reference value :  1.15887e-06
 Reference value :  1.15982e-06
 Reference value :  1.16124e-06
 Reference value :  1.16283e-06
 Reference value :  1.16440e-06
 Reference value :  1.16604e-06
 Reference value :  1.16787e-06
 Reference value :  1.16977e-06
 Reference value :  1.17210e-06
 Reference value :  1.17575e-06
 Reference value :  1.18372e-06
 Reference value :  1.19172e-06
 Reference value :  1.19950e-06
 Reference value :  1.19962e-06
 Reference value :  1.19983e-06
 Reference value :  1.20006e-06
 Reference value :  1.20022e-06
 Reference value :  1.20053e-06
 Reference value :  1.20084e-06
 Reference value :  1.20106e-06
 Reference value :  1.20169e-06
 Reference value :  1.20340e-06
 Reference value :  1.20511e-06
 Reference value :  1.20698e-06
 Reference value :  1.20847e-06
 Reference value :  1.21047e-06
 Reference value :  1.21315e-06
 Reference value :  1.21884e-06
 Reference value :  1.22684e-06
 Reference value :  1.23484e-06
 Reference value :  1.24120e-06
 Reference value :  1.24133e-06
 Reference value :  1.24162e-06
 Reference value :  1.24233e-06
 Reference value :  1.24345e-06
 Reference value :  1.24502e-06
 Reference value :  1.24645e-06
 Reference value :  1.24838e-06
 Reference value :  1.25026e-06
 Reference value :  1.25230e-06
 Reference value :  1.25452e-06
 Reference value :  1.25775e-06
 Reference value :  1.26357e-06
 Reference value :  1.27207e-06
 Reference value :  1.28007e-06
 Reference value :  1.28290e-06
 Reference value :  1.28308e-06
 Reference value :  1.28335e-06
 Reference value :  1.28348e-06
 Reference value :  1.28359e-06
 Reference value :  1.28392e-06
 Reference value :  1.28476e-06
 Reference value :  1.28607e-06
 Reference value :  1.28767e-06
 Reference value :  1.28915e-06
 Reference value :  1.29100e-06
 Reference value :  1.29285e-06
 Reference value :  1.29451e-06
 Reference value :  1.29696e-06
 Reference value :  1.30002e-06
 Reference value :  1.30666e-06
 Reference value :  1.31466e-06
 Reference value :  1.32316e-06
 Reference value :  1.32460e-06
 Reference value :  1.32497e-06
 Reference value :  1.32626e-06
 Reference value :  1.32909e-06
 Reference value :  1.33106e-06
 Reference value :  1.33247e-06
 Reference value :  1.33581e-06
 Reference value :  1.33902e-06
 Reference value :  1.34293e-06
 Reference value :  1.35533e-06
 Reference value :  1.36433e-06
 Reference value :  1.36625e-06
 Reference value :  1.36641e-06
 Reference value :  1.36668e-06
 Reference value :  1.36683e-06
 Reference value :  1.36692e-06
 Reference value :  1.36723e-06
 Reference value :  1.36800e-06
 Reference value :  1.36974e-06
 Reference value :  1.37155e-06
 Reference value :  1.37317e-06
 Reference value :  1.37505e-06
 Reference value :  1.37701e-06
 Reference value :  1.37906e-06
 Reference value :  1.38195e-06
 Reference value :  1.38862e-06
 Reference value :  1.39662e-06
 Reference value :  1.40462e-06
 Reference value :  1.40790e-06
 Reference value :  1.40807e-06
 Reference value :  1.40868e-06
 Reference value :  1.40911e-06
 Reference value :  1.41036e-06
 Reference value :  1.41214e-06
 Reference value :  1.41391e-06
 Reference value :  1.41618e-06
 Reference value :  1.41802e-06
 Reference value :  1.42000e-06
 Reference value :  1.42232e-06
 Reference value :  1.42749e-06
 Reference value :  1.43699e-06
 Reference value :  1.44549e-06
 Reference value :  1.44956e-06
 Reference value :  1.44971e-06
 Reference value :  1.44999e-06
 Reference value :  1.45014e-06
 Reference value :  1.45025e-06
 Reference value :  1.45062e-06
 Reference value :  1.45172e-06
 Reference value :  1.45344e-06
 Reference value :  1.45528e-06
 Reference value :  1.45725e-06
 Reference value :  1.45913e-06
 Reference value :  1.46112e-06
 Reference value :  1.46304e-06
 Reference value :  1.46670e-06
 Reference value :  1.47503e-06
 Reference value :  1.48303e-06
 Reference value :  1.49085e-06
 Reference value :  1.49129e-06
 Reference value :  1.49153e-06
 Reference value :  1.49218e-06
 Reference value :  1.49253e-06
 Reference value :  1.49428e-06
 Reference value :  1.49603e-06
 Reference value :  1.49758e-06
 Reference value :  1.49899e-06
 Reference value :  1.50074e-06
 Reference value :  1.50266e-06
 Reference value :  1.50458e-06
 Reference value :  1.50691e-06
 Reference value :  1.51337e-06
 Reference value :  1.52237e-06
 Reference value :  1.53037e-06
 Reference value :  1.53293e-06
 Reference value :  1.53310e-06
 Reference value :  1.53335e-06
 Reference value :  1.53350e-06
 Reference value :  1.53366e-06
 Reference value :  1.53391e-06
 Reference value :  1.53542e-06
 Reference value :  1.53723e-06
 Reference value :  1.53910e-06
 Reference value :  1.54072e-06
 Reference value :  1.54255e-06
 Reference value :  1.54457e-06
 Reference value :  1.54672e-06
 Reference value :  1.55062e-06
 Reference value :  1.55735e-06
 Reference value :  1.56535e-06
 Reference value :  1.57385e-06
 Reference value :  1.57461e-06
 Reference value :  1.57483e-06
 Reference value :  1.57546e-06
 Reference value :  1.57580e-06
 Reference value :  1.57690e-06
 Reference value :  1.57865e-06
 Reference value :  1.58006e-06
 Reference value :  1.58161e-06
 Reference value :  1.58337e-06
 Reference value :  1.58518e-06
 Reference value :  1.58780e-06
 Reference value :  1.58849e-06
 Reference value :  1.59066e-06
 Reference value :  1.59414e-06
 Reference value :  1.59748e-06
 Reference value :  1.60621e-06
 Reference value :  1.61617e-06
 Reference value :  1.61631e-06
 Reference value :  1.61650e-06
 Reference value :  1.61674e-06
 Reference value :  1.61686e-06
 Reference value :  1.61709e-06
 Reference value :  1.61763e-06
 Reference value :  1.61855e-06
 Reference value :  1.62034e-06
 Reference value :  1.62214e-06
 Reference value :  1.62381e-06
 Reference value :  1.62568e-06
 Reference value :  1.62774e-06
 Reference value :  1.63005e-06
 Reference value :  1.63257e-06
 Reference value :  1.64006e-06
 Reference value :  1.64906e-06
 Reference value :  1.65745e-06
 Reference value :  1.65794e-06
 Reference value :  1.65823e-06
 Reference value :  1.65885e-06
 Reference value :  1.65918e-06
 Reference value :  1.66036e-06
 Reference value :  1.66228e-06
 Reference value :  1.66386e-06
 Reference value :  1.66559e-06
 Reference value :  1.66752e-06
 Reference value :  1.66960e-06
 Reference value :  1.67161e-06
 Reference value :  1.67445e-06
 Reference value :  1.68240e-06
 Reference value :  1.69140e-06
 Reference value :  1.69306e-06
 Reference value :  1.69493e-06
 Reference value :  1.69714e-06
 Reference value :  1.69891e-06
 Reference value :  1.69957e-06
 Reference value :  1.69970e-06
 Reference value :  1.69999e-06
 Reference value :  1.70014e-06
 Reference value :  1.70031e-06
 Reference value :  1.70067e-06
 Reference value :  1.70121e-06
 Reference value :  1.70213e-06
 Reference value :  1.70384e-06
 Reference value :  1.70531e-06
 Reference value :  1.70698e-06
 Reference value :  1.70871e-06
 Reference value :  1.71033e-06
 Reference value :  1.71242e-06
 Reference value :  1.71600e-06
 Reference value :  1.72306e-06
 Reference value :  1.73106e-06
 Reference value :  1.73906e-06
 Reference value :  1.74124e-06
 Reference value :  1.74147e-06
 Reference value :  1.74217e-06
 Reference value :  1.74324e-06
 Reference value :  1.74536e-06
 Reference value :  1.74713e-06
 Reference value :  1.74890e-06
 Reference value :  1.75085e-06
 Reference value :  1.75274e-06
 Reference value :  1.75480e-06
 Reference value :  1.75739e-06
 Reference value :  1.76515e-06
 Reference value :  1.77365e-06
 Reference value :  1.78284e-06
 Reference value :  1.78298e-06
 Reference value :  1.78322e-06
 Reference value :  1.78345e-06
 Reference value :  1.78354e-06
 Reference value :  1.78384e-06
 Reference value :  1.78475e-06
 Reference value :  1.78632e-06
 Reference value :  1.78801e-06
 Reference value :  1.78985e-06
 Reference value :  1.79147e-06
 Reference value :  1.79312e-06
 Reference value :  1.79514e-06
 Reference value :  1.79724e-06
 Reference value :  1.80090e-06
 Reference value :  1.80887e-06
 Reference value :  1.81687e-06
 Reference value :  1.82450e-06
 Reference value :  1.82464e-06
 Reference value :  1.82492e-06
 Reference value :  1.82566e-06
 Reference value :  1.82744e-06
 Reference value :  1.82941e-06
 Reference value :  1.83138e-06
 Reference value :  1.83315e-06
 Reference value :  1.83500e-06
 Reference value :  1.83700e-06
 Reference value :  1.83942e-06
 Reference value :  1.84335e-06
 Reference value :  1.85185e-06
 Reference value :  1.86085e-06
 Reference value :  1.86621e-06
 Reference value :  1.86637e-06
 Reference value :  1.86666e-06
 Reference value :  1.86680e-06
 Reference value :  1.86690e-06
 Reference value :  1.86711e-06
 Reference value :  1.86748e-06
 Reference value :  1.86912e-06
 Reference value :  1.87088e-06
 Reference value :  1.87265e-06
 Reference value :  1.87431e-06
 Reference value :  1.87621e-06
 Reference value :  1.87797e-06
 Reference value :  1.88040e-06
 Reference value :  1.88465e-06
 Reference value :  1.89264e-06
 Reference value :  1.90064e-06
 Reference value :  1.90784e-06
 Reference value :  1.90798e-06
 Reference value :  1.90835e-06
 Reference value :  1.90899e-06
 Reference value :  1.91061e-06
 Reference value :  1.91239e-06
 Reference value :  1.91471e-06
 Reference value :  1.91648e-06
 Reference value :  1.91848e-06
 Reference value :  1.92067e-06
 Reference value :  1.92351e-06
 Reference value :  1.92866e-06
 Reference value :  1.93666e-06
 Reference value :  1.94566e-06
 Reference value :  1.94786e-06
 Reference value :  1.94937e-06
 Reference value :  1.94961e-06
 Reference value :  1.94980e-06
 Reference value :  1.95006e-06
 Reference value :  1.95019e-06
 Reference value :  1.95048e-06
 Reference value :  1.95088e-06
 Reference value :  1.95145e-06
 Reference value :  1.95289e-06
 Reference value :  1.95447e-06
 Reference value :  1.95619e-06
 Reference value :  1.95819e-06
 Reference value :  1.95984e-06
 Reference value :  1.96165e-06
 Reference value :  1.96445e-06
 Reference value :  1.97081e-06
 Reference value :  1.97881e-06
 Reference value :  1.98681e-06
 Reference value :  1.99123e-06
 Reference value :  1.99137e-06
 Reference value :  1.99174e-06
 Reference value :  1.99263e-06
 Reference value :  1.99432e-06
 Reference value :  1.99641e-06
 Reference value :  1.99838e-06
 Reference value :  2.00032e-06
 Reference value :  2.00235e-06
 Reference value :  2.00423e-06
 Reference value :  2.00712e-06
 Reference value :  2.01373e-06
 Reference value :  2.02423e-06
 Reference value :  2.03283e-06
 Reference value :  2.03297e-06
 Reference value :  2.03313e-06
 Reference value :  2.03338e-06
 Reference value :  2.03352e-06
 Reference value :  2.03375e-06
 Reference value :  2.03413e-06
 Reference value :  2.03526e-06
 Reference value :  2.03700e-06
 Reference value :  2.03877e-06
 Reference value :  2.04066e-06
 Reference value :  2.04233e-06
 Reference value :  2.04414e-06
 Reference value :  2.04658e-06
 Reference value :  2.05154e-06
 Reference value :  2.05954e-06
 Reference value :  2.06754e-06
 Reference value :  2.07451e-06
 Reference value :  2.07466e-06
 Reference value :  2.07500e-06
 Reference value :  2.07572e-06
 Reference value :  2.07728e-06
 Reference value :  2.07905e-06
 Reference value :  2.08099e-06
 Reference value :  2.08297e-06
 Reference value :  2.08478e-06
 Reference value :  2.08668e-06
 Reference value :  2.08896e-06
 Reference value :  2.09256e-06
 Reference value :  2.10099e-06
 Reference value :  2.11199e-06
 Reference value :  2.11620e-06
 Reference value :  2.11634e-06
 Reference value :  2.11659e-06
 Reference value :  2.11680e-06
 Reference value :  2.11690e-06
 Reference value :  2.11705e-06
 Reference value :  2.11718e-06
 Reference value :  2.11759e-06
 Reference value :  2.11803e-06
 Reference value :  2.11817e-06
 Reference value :  2.11907e-06
 Reference value :  2.12123e-06
 Reference value :  2.12299e-06
 Reference value :  2.12454e-06
 Reference value :  2.12651e-06
 Reference value :  2.12830e-06
 Reference value :  2.13031e-06
 Reference value :  2.13378e-06
 Reference value :  2.14171e-06
 Reference value :  2.14971e-06
 Reference value :  2.15752e-06
 Reference value :  2.15795e-06
 Reference value :  2.15813e-06
 Reference value :  2.15873e-06
 Reference value :  2.15961e-06
 Reference value :  2.16072e-06
 Reference value :  2.16201e-06
 Reference value :  2.16386e-06
 Reference value :  2.16561e-06
 Reference value :  2.16731e-06
 Reference value :  2.16884e-06
 Reference value :  2.17111e-06
 Reference value :  2.17464e-06
 Reference value :  2.18191e-06
 Reference value :  2.18991e-06
 Reference value :  2.19791e-06
 Reference value :  2.19958e-06
 Reference value :  2.19975e-06
 Reference value :  2.19999e-06
 Reference value :  2.20015e-06
 Reference value :  2.20039e-06
 Reference value :  2.20075e-06
 Reference value :  2.20103e-06
 Reference value :  2.20148e-06
 Reference value :  2.20303e-06
 Reference value :  2.20479e-06
 Reference value :  2.20645e-06
 Reference value :  2.20837e-06
 Reference value :  2.21041e-06
 Reference value :  2.21252e-06
 Reference value :  2.21846e-06
 Reference value :  2.22646e-06
 Reference value :  2.23396e-06
 Reference value :  2.24117e-06
 Reference value :  2.24130e-06
 Reference value :  2.24159e-06
 Reference value :  2.24233e-06
 Reference value :  2.24365e-06
 Reference value :  2.24517e-06
 Reference value :  2.24697e-06
 Reference value :  2.24852e-06
 Reference value :  2.25022e-06
 Reference value :  2.25234e-06
 Reference value :  2.25492e-06
 Reference value :  2.25817e-06
 Reference value :  2.26542e-06
 Reference value :  2.27342e-06
 Reference value :  2.28142e-06
 Reference value :  2.28294e-06
 Reference value :  2.28314e-06
 Reference value :  2.28340e-06
 Reference value :  2.28350e-06
 Reference value :  2.28369e-06
 Reference value :  2.28427e-06
 Reference value :  2.28513e-06
 Reference value :  2.28736e-06
 Reference value :  2.28925e-06
 Reference value :  2.29133e-06
 Reference value :  2.29324e-06
 Reference value :  2.29502e-06
 Reference value :  2.29705e-06
 Reference value :  2.30126e-06
 Reference value :  2.30874e-06
 Reference value :  2.31724e-06
 Reference value :  2.32451e-06
 Reference value :  2.32465e-06
 Reference value :  2.32499e-06
 Reference value :  2.32566e-06
 Reference value :  2.32698e-06
 Reference value :  2.32878e-06
 Reference value :  2.33070e-06
 Reference value :  2.33249e-06
 Reference value :  2.33376e-06
 Reference value :  2.33541e-06
 Reference value :  2.33734e-06
 Reference value :  2.34043e-06
 Reference value :  2.34720e-06
 Reference value :  2.35520e-06
 Reference value :  2.36320e-06
 Reference value :  2.36625e-06
 Reference value :  2.36641e-06
 Reference value :  2.36672e-06
 Reference value :  2.36687e-06
 Reference value :  2.36712e-06
 Reference value :  2.36758e-06
 Reference value :  2.36898e-06
 Reference value :  2.37072e-06
 Reference value :  2.37257e-06
 Reference value :  2.37440e-06
 Reference value :  2.37626e-06
 Reference value :  2.37820e-06
 Reference value :  2.38027e-06
 Reference value :  2.38361e-06
 Reference value :  2.39089e-06
 Reference value :  2.39939e-06
 Reference value :  2.40783e-06
 Reference value :  2.40797e-06
 Reference value :  2.40818e-06
 Reference value :  2.40885e-06
 Reference value :  2.40983e-06
 Reference value :  2.41167e-06
 Reference value :  2.41363e-06
 Reference value :  2.41564e-06
 Reference value :  2.41690e-06
 Reference value :  2.41779e-06
 Reference value :  2.41992e-06
 Reference value :  2.42180e-06
 Reference value :  2.42375e-06
 Reference value :  2.42582e-06
 Reference value :  2.42846e-06
 Reference value :  2.43603e-06
 Reference value :  2.44453e-06
 Reference value :  2.44955e-06
 Reference value :  2.44969e-06
 Reference value :  2.44999e-06
 Reference value :  2.45015e-06
 Reference value :  2.45025e-06
 Reference value :  2.45061e-06
 Reference value :  2.45129e-06
 Reference value :  2.45249e-06
 Reference value :  2.45419e-06
 Reference value :  2.45570e-06
 Reference value :  2.45735e-06
 Reference value :  2.45887e-06
 Reference value :  2.46097e-06
 Reference value :  2.46290e-06
 Reference value :  2.46528e-06
 Reference value :  2.47190e-06
 Reference value :  2.47990e-06
 Reference value :  2.48840e-06
 Reference value :  2.49124e-06
 Reference value :  2.49141e-06
 Reference value :  2.49204e-06
 Reference value :  2.49299e-06
 Reference value :  2.49452e-06
 Reference value :  2.49681e-06
 Reference value :  2.49895e-06
 Reference value :  2.50063e-06
 Reference value :  2.50284e-06
 Reference value :  2.50571e-06
 Reference value :  2.51157e-06
 Reference value :  2.51957e-06
 Reference value :  2.52757e-06
 Reference value :  2.53286e-06
 Reference value :  2.53299e-06
 Reference value :  2.53329e-06
 Reference value :  2.53345e-06
 Reference value :  2.53354e-06
 Reference value :  2.53383e-06
 Reference value :  2.53426e-06
 Reference value :  2.53543e-06
 Reference value :  2.53678e-06
 Reference value :  2.53844e-06
 Reference value :  2.53995e-06
 Reference value :  2.54167e-06
 Reference value :  2.54322e-06
 Reference value :  2.54502e-06
 Reference value :  2.54715e-06
 Reference value :  2.55099e-06
 Reference value :  2.55890e-06
 Reference value :  2.56740e-06
 Reference value :  2.57450e-06
 Reference value :  2.57462e-06
 Reference value :  2.57486e-06
 Reference value :  2.57545e-06
 Reference value :  2.57582e-06
 Reference value :  2.57702e-06
 Reference value :  2.57894e-06
 Reference value :  2.58050e-06
 Reference value :  2.58194e-06
 Reference value :  2.58361e-06
 Reference value :  2.58548e-06
 Reference value :  2.58751e-06
 Reference value :  2.59022e-06
 Reference value :  2.59623e-06
 Reference value :  2.60423e-06
 Reference value :  2.61223e-06
 Reference value :  2.61623e-06
 Reference value :  2.61639e-06
 Reference value :  2.61666e-06
 Reference value :  2.61680e-06
 Reference value :  2.61688e-06
 Reference value :  2.61717e-06
 Reference value :  2.61757e-06
 Reference value :  2.61882e-06
 Reference value :  2.62002e-06
 Reference value :  2.62162e-06
 Reference value :  2.62364e-06
 Reference value :  2.62530e-06
 Reference value :  2.62693e-06
 Reference value :  2.62886e-06
 Reference value :  2.63173e-06
 Reference value :  2.63768e-06
 Reference value :  2.64568e-06
 Reference value :  2.65418e-06
 Reference value :  2.65789e-06
 Reference value :  2.65803e-06
 Reference value :  2.65844e-06
 Reference value :  2.65903e-06
 Reference value :  2.65985e-06
 Reference value :  2.66196e-06
 Reference value :  2.66371e-06
 Reference value :  2.66551e-06
 Reference value :  2.66718e-06
 Reference value :  2.66888e-06
 Reference value :  2.67083e-06
 Reference value :  2.67371e-06
 Reference value :  2.67912e-06
 Reference value :  2.68712e-06
 Reference value :  2.69512e-06
 Reference value :  2.69955e-06
 Reference value :  2.69970e-06
 Reference value :  2.69996e-06
 Reference value :  2.70014e-06
 Reference value :  2.70023e-06
 Reference value :  2.70050e-06
 Reference value :  2.70097e-06
 Reference value :  2.70239e-06
 Reference value :  2.70397e-06
 Reference value :  2.70545e-06
 Reference value :  2.70709e-06
 Reference value :  2.70896e-06
 Reference value :  2.71077e-06
 Reference value :  2.71262e-06
 Reference value :  2.71570e-06
 Reference value :  2.72149e-06
 Reference value :  2.72899e-06
 Reference value :  2.73699e-06
 Reference value :  2.74121e-06
 Reference value :  2.74134e-06
 Reference value :  2.74170e-06
 Reference value :  2.74232e-06
 Reference value :  2.74269e-06
 Reference value :  2.74431e-06
 Reference value :  2.74615e-06
 Reference value :  2.74772e-06
 Reference value :  2.74925e-06
 Reference value :  2.75077e-06
 Reference value :  2.75273e-06
 Reference value :  2.75471e-06
 Reference value :  2.75755e-06
 Reference value :  2.76338e-06
 Reference value :  2.77138e-06
 Reference value :  2.77938e-06
 Reference value :  2.78291e-06
 Reference value :  2.78306e-06
 Reference value :  2.78335e-06
 Reference value :  2.78349e-06
 Reference value :  2.78360e-06
 Reference value :  2.78387e-06
 Reference value :  2.78435e-06
 Reference value :  2.78567e-06
 Reference value :  2.78719e-06
 Reference value :  2.78882e-06
 Reference value :  2.79051e-06
 Reference value :  2.79226e-06
 Reference value :  2.79386e-06
 Reference value :  2.79594e-06
 Reference value :  2.79844e-06
 Reference value :  2.80444e-06
 Reference value :  2.81244e-06
 Reference value :  2.82044e-06
 Reference value :  2.82454e-06
 Reference value :  2.82469e-06
 Reference value :  2.82518e-06
 Reference value :  2.82578e-06
 Reference value :  2.82759e-06
 Reference value :  2.82952e-06
 Reference value :  2.83141e-06
 Reference value :  2.83318e-06
 Reference value :  2.83476e-06
 Reference value :  2.83669e-06
 Reference value :  2.83891e-06
 Reference value :  2.84258e-06
 Reference value :  2.84975e-06
 Reference value :  2.85775e-06
 Reference value :  2.86617e-06
 Reference value :  2.86630e-06
 Reference value :  2.86652e-06
 Reference value :  2.86677e-06
 Reference value :  2.86688e-06
 Reference value :  2.86716e-06
 Reference value :  2.86752e-06
 Reference value :  2.86841e-06
 Reference value :  2.87009e-06
 Reference value :  2.87186e-06
 Reference value :  2.87364e-06
 Reference value :  2.87536e-06
 Reference value :  2.87752e-06
 Reference value :  2.87945e-06
 Reference value :  2.88217e-06
 Reference value :  2.88820e-06
 Reference value :  2.89620e-06
 Reference value :  2.90420e-06
 Reference value :  2.90790e-06
 Reference value :  2.90804e-06
 Reference value :  2.90852e-06
 Reference value :  2.90918e-06
 Reference value :  2.91101e-06
 Reference value :  2.91255e-06
 Reference value :  2.91424e-06
 Reference value :  2.91592e-06
 Reference value :  2.91749e-06
 Reference value :  2.91948e-06
 Reference value :  2.92146e-06
 Reference value :  2.92428e-06
 Reference value :  2.92997e-06
 Reference value :  2.93797e-06
 Reference value :  2.94697e-06
 Reference value :  2.94958e-06
 Reference value :  2.94975e-06
 Reference value :  2.95003e-06
 Reference value :  2.95018e-06
 Reference value :  2.95033e-06
 Reference value :  2.95060e-06
 Reference value :  2.95126e-06
 Reference value :  2.95265e-06
 Reference value :  2.95417e-06
 Reference value :  2.95571e-06
 Reference value :  2.95728e-06
 Reference value :  2.95884e-06
 Reference value :  2.96073e-06
 Reference value :  2.96238e-06
 Reference value :  2.96609e-06
 Reference value :  2.97255e-06
 Reference value :  2.98055e-06
 Reference value :  2.98805e-06
 Reference value :  2.99124e-06
 Reference value :  2.99145e-06
 Reference value :  2.99207e-06
 Reference value :  2.99292e-06
 Reference value :  2.99445e-06
 Reference value :  2.99611e-06
 Reference value :  2.99768e-06
 Reference value :  2.99918e-06
 Reference value :  3.00096e-06
 Reference value :  3.00285e-06
 Reference value :  3.00478e-06
 Reference value :  3.00691e-06
 Reference value :  3.01100e-06
 Reference value :  3.01896e-06
 Reference value :  3.02696e-06
 Reference value :  3.03287e-06
 Reference value :  3.03300e-06
 Reference value :  3.03326e-06
 Reference value :  3.03346e-06
 Reference value :  3.03356e-06
 Reference value :  3.03390e-06
 Reference value :  3.03453e-06
 Reference value :  3.03599e-06
 Reference value :  3.03757e-06
 Reference value :  3.03923e-06
 Reference value :  3.04081e-06
 Reference value :  3.04239e-06
 Reference value :  3.04447e-06
 Reference value :  3.04643e-06
 Reference value :  3.04990e-06
 Reference value :  3.05677e-06
 Reference value :  3.06477e-06
 Reference value :  3.07327e-06
 Reference value :  3.07459e-06
 Reference value :  3.07475e-06
 Reference value :  3.07539e-06
 Reference value :  3.07638e-06
 Reference value :  3.07799e-06
 Reference value :  3.07982e-06
 Reference value :  3.08143e-06
 Reference value :  3.08308e-06
 Reference value :  3.08470e-06
 Reference value :  3.08646e-06
 Reference value :  3.08924e-06
 Reference value :  3.09647e-06
 Reference value :  3.10497e-06
 Reference value :  3.11297e-06
 Reference value :  3.11624e-06
 Reference value :  3.11637e-06
 Reference value :  3.11666e-06
 Reference value :  3.11680e-06
 Reference value :  3.11692e-06
 Reference value :  3.11720e-06
 Reference value :  3.11765e-06
 Reference value :  3.11778e-06
 Reference value :  3.11820e-06
 Reference value :  3.11987e-06
 Reference value :  3.12166e-06
 Reference value :  3.12357e-06
 Reference value :  3.12524e-06
 Reference value :  3.12693e-06
 Reference value :  3.12924e-06
 Reference value :  3.13242e-06
 Reference value :  3.14015e-06
 Reference value :  3.14915e-06
 Reference value :  3.15715e-06
 Reference value :  3.15795e-06
 Reference value :  3.15815e-06
 Reference value :  3.15873e-06
 Reference value :  3.15930e-06
 Reference value :  3.16065e-06
 Reference value :  3.16166e-06
 Reference value :  3.16345e-06
 Reference value :  3.16528e-06
 Reference value :  3.16690e-06
 Reference value :  3.16871e-06
 Reference value :  3.17065e-06
 Reference value :  3.17276e-06
 Reference value :  3.17647e-06
 Reference value :  3.18443e-06
 Reference value :  3.19193e-06
 Reference value :  3.19950e-06
 Reference value :  3.19964e-06
 Reference value :  3.19985e-06
 Reference value :  3.20006e-06
 Reference value :  3.20022e-06
 Reference value :  3.20056e-06
 Reference value :  3.20096e-06
 Reference value :  3.20159e-06
 Reference value :  3.20286e-06
 Reference value :  3.20492e-06
 Reference value :  3.20674e-06
 Reference value :  3.20848e-06
 Reference value :  3.21024e-06
 Reference value :  3.21297e-06
 Reference value :  3.21697e-06
 Reference value :  3.22497e-06
 Reference value :  3.23347e-06
 Reference value :  3.24117e-06
 Reference value :  3.24128e-06
 Reference value :  3.24158e-06
 Reference value :  3.24221e-06
 Reference value :  3.24332e-06
 Reference value :  3.24505e-06
 Reference value :  3.24614e-06
 Reference value :  3.24766e-06
 Reference value :  3.24912e-06
 Reference value :  3.25087e-06
 Reference value :  3.25281e-06
 Reference value :  3.25557e-06
 Reference value :  3.26088e-06
 Reference value :  3.26888e-06
 Reference value :  3.27688e-06
 Reference value :  3.28287e-06
 Reference value :  3.28302e-06
 Reference value :  3.28330e-06
 Reference value :  3.28346e-06
 Reference value :  3.28358e-06
 Reference value :  3.28398e-06
 Reference value :  3.28460e-06
 Reference value :  3.28629e-06
 Reference value :  3.28822e-06
 Reference value :  3.28978e-06
 Reference value :  3.29177e-06
 Reference value :  3.29357e-06
 Reference value :  3.29572e-06
 Reference value :  3.29808e-06
 Reference value :  3.30422e-06
 Reference value :  3.31222e-06
 Reference value :  3.32072e-06
 Reference value :  3.32457e-06
 Reference value :  3.32475e-06
 Reference value :  3.32539e-06
 Reference value :  3.32636e-06
 Reference value :  3.32767e-06
 Reference value :  3.32948e-06
 Reference value :  3.33111e-06
 Reference value :  3.33283e-06
 Reference value :  3.33476e-06
 Reference value :  3.33686e-06
 Reference value :  3.33946e-06
 Reference value :  3.34405e-06
 Reference value :  3.35205e-06
 Reference value :  3.36005e-06
 Reference value :  3.36618e-06
 Reference value :  3.36633e-06
 Reference value :  3.36659e-06
 Reference value :  3.36678e-06
 Reference value :  3.36687e-06
 Reference value :  3.36710e-06
 Reference value :  3.36758e-06
 Reference value :  3.36883e-06
 Reference value :  3.37040e-06
 Reference value :  3.37225e-06
 Reference value :  3.37414e-06
 Reference value :  3.37584e-06
 Reference value :  3.37753e-06
 Reference value :  3.37967e-06
 Reference value :  3.38281e-06
 Reference value :  3.38971e-06
 Reference value :  3.39771e-06
 Reference value :  3.40571e-06
 Reference value :  3.40791e-06
 Reference value :  3.40808e-06
 Reference value :  3.40868e-06
 Reference value :  3.40909e-06
 Reference value :  3.40986e-06
 Reference value :  3.41055e-06
 Reference value :  3.41225e-06
 Reference value :  3.41442e-06
 Reference value :  3.41651e-06
 Reference value :  3.41855e-06
 Reference value :  3.42071e-06
 Reference value :  3.42461e-06
 Reference value :  3.43207e-06
 Reference value :  3.44007e-06
 Reference value :  3.44757e-06
 Reference value :  3.44960e-06
 Reference value :  3.44978e-06
 Reference value :  3.45005e-06
 Reference value :  3.45016e-06
 Reference value :  3.45033e-06
 Reference value :  3.45072e-06
 Reference value :  3.45146e-06
 Reference value :  3.45300e-06
 Reference value :  3.45463e-06
 Reference value :  3.45648e-06
 Reference value :  3.45831e-06
 Reference value :  3.46005e-06
 Reference value :  3.46222e-06
 Reference value :  3.46433e-06
 Reference value :  3.46856e-06
 Reference value :  3.47656e-06
 Reference value :  3.48456e-06
 Reference value :  3.49117e-06
 Reference value :  3.49130e-06
 Reference value :  3.49154e-06
 Reference value :  3.49226e-06
 Reference value :  3.49330e-06
 Reference value :  3.49421e-06
 Reference value :  3.49584e-06
 Reference value :  3.49777e-06
 Reference value :  3.49952e-06
 Reference value :  3.50129e-06
 Reference value :  3.50325e-06
 Reference value :  3.50538e-06
 Reference value :  3.50973e-06
 Reference value :  3.51768e-06
 Reference value :  3.52568e-06
 Reference value :  3.53284e-06
 Reference value :  3.53298e-06
 Reference value :  3.53325e-06
 Reference value :  3.53346e-06
 Reference value :  3.53356e-06
 Reference value :  3.53379e-06
 Reference value :  3.53419e-06
 Reference value :  3.53501e-06
 Reference value :  3.53687e-06
 Reference value :  3.53857e-06
 Reference value :  3.54035e-06
 Reference value :  3.54185e-06
 Reference value :  3.54380e-06
 Reference value :  3.54567e-06
 Reference value :  3.54810e-06
 Reference value :  3.55326e-06
 Reference value :  3.56126e-06
 Reference value :  3.56926e-06
 Reference value :  3.57454e-06
 Reference value :  3.57466e-06
 Reference value :  3.57498e-06
 Reference value :  3.57581e-06
 Reference value :  3.57715e-06
 Reference value :  3.57807e-06
 Reference value :  3.58108e-06
 Reference value :  3.58360e-06
 Reference value :  3.58662e-06
 Reference value :  3.59007e-06
 Reference value :  3.60172e-06
 Reference value :  3.61472e-06
 Reference value :  3.61636e-06
 Reference value :  3.61675e-06
 Reference value :  3.61691e-06
 Reference value :  3.61740e-06
 Reference value :  3.61837e-06
 Reference value :  3.62023e-06
 Reference value :  3.62168e-06
 Reference value :  3.62297e-06
 Reference value :  3.62477e-06
 Reference value :  3.62670e-06
 Reference value :  3.62836e-06
 Reference value :  3.63094e-06
 Reference value :  3.63463e-06
 Reference value :  3.64263e-06
 Reference value :  3.65013e-06
 Reference value :  3.65783e-06
 Reference value :  3.65794e-06
 Reference value :  3.65815e-06
 Reference value :  3.65883e-06
 Reference value :  3.65968e-06
 Reference value :  3.66090e-06
 Reference value :  3.66244e-06
 Reference value :  3.66437e-06
 Reference value :  3.66634e-06
 Reference value :  3.66839e-06
 Reference value :  3.67021e-06
 Reference value :  3.67280e-06
 Reference value :  3.67706e-06
 Reference value :  3.68504e-06
 Reference value :  3.69354e-06
 Reference value :  3.69954e-06
 Reference value :  3.69969e-06
 Reference value :  3.69997e-06
 Reference value :  3.70014e-06
 Reference value :  3.70025e-06
 Reference value :  3.70051e-06
 Reference value :  3.70081e-06
 Reference value :  3.70196e-06
 Reference value :  3.70386e-06
 Reference value :  3.70580e-06
 Reference value :  3.70717e-06
 Reference value :  3.70879e-06
 Reference value :  3.71067e-06
 Reference value :  3.71234e-06
 Reference value :  3.71510e-06
 Reference value :  3.72052e-06
 Reference value :  3.72902e-06
 Reference value :  3.73702e-06
 Reference value :  3.74121e-06
 Reference value :  3.74136e-06
 Reference value :  3.74170e-06
 Reference value :  3.74232e-06
 Reference value :  3.74286e-06
 Reference value :  3.74412e-06
 Reference value :  3.74576e-06
 Reference value :  3.74736e-06
 Reference value :  3.74914e-06
 Reference value :  3.75106e-06
 Reference value :  3.75298e-06
 Reference value :  3.75532e-06
 Reference value :  3.75895e-06
 Reference value :  3.76690e-06
 Reference value :  3.77540e-06
 Reference value :  3.78284e-06
 Reference value :  3.78298e-06
 Reference value :  3.78327e-06
 Reference value :  3.78343e-06
 Reference value :  3.78353e-06
 Reference value :  3.78376e-06
 Reference value :  3.78427e-06
 Reference value :  3.78522e-06
 Reference value :  3.78685e-06
 Reference value :  3.78867e-06
 Reference value :  3.79036e-06
 Reference value :  3.79223e-06
 Reference value :  3.79417e-06
 Reference value :  3.79648e-06
 Reference value :  3.79985e-06
 Reference value :  3.80641e-06
 Reference value :  3.81441e-06
 Reference value :  3.82241e-06
 Reference value :  3.82458e-06
 Reference value :  3.82477e-06
 Reference value :  3.82534e-06
 Reference value :  3.82570e-06
 Reference value :  3.82624e-06
 Reference value :  3.82754e-06
 Reference value :  3.82896e-06
 Reference value :  3.83048e-06
 Reference value :  3.83207e-06
 Reference value :  3.83348e-06
 Reference value :  3.83534e-06
 Reference value :  3.83736e-06
 Reference value :  3.84040e-06
 Reference value :  3.84674e-06
 Reference value :  3.85474e-06
 Reference value :  3.86224e-06
 Reference value :  3.86624e-06
 Reference value :  3.86643e-06
 Reference value :  3.86671e-06
 Reference value :  3.86683e-06
 Reference value :  3.86700e-06
 Reference value :  3.86733e-06
 Reference value :  3.86750e-06
 Reference value :  3.86844e-06
 Reference value :  3.87011e-06
 Reference value :  3.87180e-06
 Reference value :  3.87348e-06
 Reference value :  3.87515e-06
 Reference value :  3.87698e-06
 Reference value :  3.87854e-06
 Reference value :  3.88107e-06
 Reference value :  3.88602e-06
 Reference value :  3.89352e-06
 Reference value :  3.90202e-06
 Reference value :  3.90787e-06
 Reference value :  3.90798e-06
 Reference value :  3.90826e-06
 Reference value :  3.90883e-06
 Reference value :  3.90924e-06
 Reference value :  3.91035e-06
 Reference value :  3.91163e-06
 Reference value :  3.91317e-06
 Reference value :  3.91486e-06
 Reference value :  3.91623e-06
 Reference value :  3.91819e-06
 Reference value :  3.92013e-06
 Reference value :  3.92225e-06
 Reference value :  3.92615e-06
 Reference value :  3.93415e-06
 Reference value :  3.94265e-06
 Reference value :  3.94951e-06
 Reference value :  3.94964e-06
 Reference value :  3.94987e-06
 Reference value :  3.95009e-06
 Reference value :  3.95020e-06
 Reference value :  3.95042e-06
 Reference value :  3.95070e-06
 Reference value :  3.95132e-06
 Reference value :  3.95274e-06
 Reference value :  3.95447e-06
 Reference value :  3.95614e-06
 Reference value :  3.95778e-06
 Reference value :  3.95954e-06
 Reference value :  3.96160e-06
 Reference value :  3.96359e-06
 Reference value :  3.96676e-06
 Reference value :  3.97401e-06
 Reference value :  3.98201e-06
 Reference value :  3.99001e-06
 Reference value :  3.99127e-06
 Reference value :  3.99145e-06
 Reference value :  3.99208e-06
 Reference value :  3.99268e-06
 Reference value :  3.99394e-06
 Reference value :  3.99521e-06
 Reference value :  3.99673e-06
 Reference value :  3.99813e-06
 Reference value :  3.99966e-06
 Reference value :  4.00139e-06
 Reference value :  4.00316e-06
 Reference value :  4.00575e-06
 Reference value :  4.01055e-06
 Reference value :  4.01855e-06
 Reference value :  4.02655e-06
 Reference value :  4.03284e-06
 Reference value :  4.03295e-06
 Reference value :  4.03316e-06
 Reference value :  4.03342e-06
 Reference value :  4.03352e-06
 Reference value :  4.03371e-06
 Reference value :  4.03415e-06
 Reference value :  4.03486e-06
 Reference value :  4.03621e-06
 Reference value :  4.03811e-06
 Reference value :  4.03981e-06
 Reference value :  4.04159e-06
 Reference value :  4.04337e-06
 Reference value :  4.04525e-06
 Reference value :  4.04779e-06
 Reference value :  4.05323e-06
 Reference value :  4.06173e-06
 Reference value :  4.06973e-06
 Reference value :  4.07453e-06
 Reference value :  4.07466e-06
 Reference value :  4.07499e-06
 Reference value :  4.07566e-06
 Reference value :  4.07713e-06
 Reference value :  4.07831e-06
 Reference value :  4.07992e-06
 Reference value :  4.08163e-06
 Reference value :  4.08334e-06
 Reference value :  4.08505e-06
 Reference value :  4.08731e-06
 Reference value :  4.09033e-06
 Reference value :  4.09759e-06
 Reference value :  4.10609e-06
 Reference value :  4.11409e-06
 Reference value :  4.11624e-06
 Reference value :  4.11644e-06
 Reference value :  4.11672e-06
 Reference value :  4.11683e-06
 Reference value :  4.11717e-06
 Reference value :  4.11763e-06
 Reference value :  4.11777e-06
 Reference value :  4.11832e-06
 Reference value :  4.12027e-06
 Reference value :  4.12191e-06
 Reference value :  4.12362e-06
 Reference value :  4.12559e-06
 Reference value :  4.12730e-06
 Reference value :  4.12952e-06
 Reference value :  4.13308e-06
 Reference value :  4.14108e-06
 Reference value :  4.14958e-06
 Reference value :  4.15746e-06
 Reference value :  4.15794e-06
 Reference value :  4.15815e-06
 Reference value :  4.15883e-06
 Reference value :  4.15979e-06
 Reference value :  4.16108e-06
 Reference value :  4.16253e-06
 Reference value :  4.16397e-06
 Reference value :  4.16537e-06
 Reference value :  4.16686e-06
 Reference value :  4.16865e-06
 Reference value :  4.17089e-06
 Reference value :  4.17419e-06
 Reference value :  4.18133e-06
 Reference value :  4.18933e-06
 Reference value :  4.19783e-06
 Reference value :  4.19959e-06
 Reference value :  4.19973e-06
 Reference value :  4.19999e-06
 Reference value :  4.20016e-06
 Reference value :  4.20037e-06
 Reference value :  4.20076e-06
 Reference value :  4.20104e-06
 Reference value :  4.20156e-06
 Reference value :  4.20332e-06
 Reference value :  4.20533e-06
 Reference value :  4.20707e-06
 Reference value :  4.20904e-06
 Reference value :  4.21104e-06
 Reference value :  4.21481e-06
 Reference value :  4.22131e-06
 Reference value :  4.22931e-06
 Reference value :  4.23781e-06
 Reference value :  4.24124e-06
 Reference value :  4.24143e-06
 Reference value :  4.24209e-06
 Reference value :  4.24250e-06
 Reference value :  4.24319e-06
 Reference value :  4.24418e-06
 Reference value :  4.24565e-06
 Reference value :  4.24725e-06
 Reference value :  4.24867e-06
 Reference value :  4.25073e-06
 Reference value :  4.25265e-06
 Reference value :  4.25490e-06
 Reference value :  4.25884e-06
 Reference value :  4.26729e-06
 Reference value :  4.27529e-06
 Reference value :  4.28284e-06
 Reference value :  4.28298e-06
 Reference value :  4.28327e-06
 Reference value :  4.28346e-06
 Reference value :  4.28354e-06
 Reference value :  4.28378e-06
 Reference value :  4.28408e-06
 Reference value :  4.28439e-06
 Reference value :  4.28515e-06
 Reference value :  4.28710e-06
 Reference value :  4.28885e-06
 Reference value :  4.29056e-06
 Reference value :  4.29207e-06
 Reference value :  4.29374e-06
 Reference value :  4.29576e-06
 Reference value :  4.29892e-06
 Reference value :  4.30566e-06
 Reference value :  4.31416e-06
 Reference value :  4.32216e-06
 Reference value :  4.32458e-06
 Reference value :  4.32475e-06
 Reference value :  4.32540e-06
 Reference value :  4.32634e-06
 Reference value :  4.32820e-06
 Reference value :  4.33034e-06
 Reference value :  4.33215e-06
 Reference value :  4.33374e-06
 Reference value :  4.33471e-06
 Reference value :  4.33684e-06
 Reference value :  4.33869e-06
 Reference value :  4.34044e-06
 Reference value :  4.34238e-06
 Reference value :  4.34504e-06
 Reference value :  4.35094e-06
 Reference value :  4.35894e-06
 Reference value :  4.36617e-06
 Reference value :  4.36631e-06
 Reference value :  4.36659e-06
 Reference value :  4.36679e-06
 Reference value :  4.36688e-06
 Reference value :  4.36717e-06
 Reference value :  4.36763e-06
 Reference value :  4.36877e-06
 Reference value :  4.37044e-06
 Reference value :  4.37229e-06
 Reference value :  4.37386e-06
 Reference value :  4.37555e-06
 Reference value :  4.37716e-06
 Reference value :  4.37924e-06
 Reference value :  4.38180e-06
 Reference value :  4.38774e-06
 Reference value :  4.39574e-06
 Reference value :  4.40374e-06
 Reference value :  4.40787e-06
 Reference value :  4.40801e-06
 Reference value :  4.40831e-06
 Reference value :  4.40904e-06
 Reference value :  4.41062e-06
 Reference value :  4.41276e-06
 Reference value :  4.41489e-06
 Reference value :  4.41665e-06
 Reference value :  4.41821e-06
 Reference value :  4.41989e-06
 Reference value :  4.42185e-06
 Reference value :  4.42405e-06
 Reference value :  4.42886e-06
 Reference value :  4.43736e-06
 Reference value :  4.44536e-06
 Reference value :  4.44954e-06
 Reference value :  4.44969e-06
 Reference value :  4.44993e-06
 Reference value :  4.45011e-06
 Reference value :  4.45021e-06
 Reference value :  4.45043e-06
 Reference value :  4.45095e-06
 Reference value :  4.45225e-06
 Reference value :  4.45370e-06
 Reference value :  4.45526e-06
 Reference value :  4.45688e-06
 Reference value :  4.45849e-06
 Reference value :  4.46032e-06
 Reference value :  4.46241e-06
 Reference value :  4.46513e-06
 Reference value :  4.47115e-06
 Reference value :  4.47915e-06
 Reference value :  4.48715e-06
 Reference value :  4.49121e-06
 Reference value :  4.49136e-06
 Reference value :  4.49198e-06
 Reference value :  4.49241e-06
 Reference value :  4.49317e-06
 Reference value :  4.49494e-06
 Reference value :  4.49676e-06
 Reference value :  4.49846e-06
 Reference value :  4.50020e-06
 Reference value :  4.50112e-06
 Reference value :  4.50292e-06
 Reference value :  4.50491e-06
 Reference value :  4.50662e-06
 Reference value :  4.50836e-06
 Reference value :  4.51113e-06
 Reference value :  4.51643e-06
 Reference value :  4.52443e-06
 Reference value :  4.53238e-06
 Reference value :  4.53294e-06
 Reference value :  4.53312e-06
 Reference value :  4.53339e-06
 Reference value :  4.53352e-06
 Reference value :  4.53368e-06
 Reference value :  4.53408e-06
 Reference value :  4.53460e-06
 Reference value :  4.53590e-06
 Reference value :  4.53750e-06
 Reference value :  4.53924e-06
 Reference value :  4.54098e-06
 Reference value :  4.54232e-06
 Reference value :  4.54433e-06
 Reference value :  4.54661e-06
 Reference value :  4.55079e-06
 Reference value :  4.55925e-06
 Reference value :  4.56725e-06
 Reference value :  4.57451e-06
 Reference value :  4.57462e-06
 Reference value :  4.57487e-06
 Reference value :  4.57558e-06
 Reference value :  4.57581e-06
 Reference value :  4.57682e-06
 Reference value :  4.57845e-06
 Reference value :  4.58034e-06
 Reference value :  4.58194e-06
 Reference value :  4.58351e-06
 Reference value :  4.58422e-06
 Reference value :  4.58643e-06
 Reference value :  4.58831e-06
 Reference value :  4.59004e-06
 Reference value :  4.59196e-06
 Reference value :  4.59450e-06
 Reference value :  4.60102e-06
 Reference value :  4.60902e-06
 Reference value :  4.61617e-06
 Reference value :  4.61632e-06
 Reference value :  4.61659e-06
 Reference value :  4.61679e-06
 Reference value :  4.61687e-06
 Reference value :  4.61706e-06
 Reference value :  4.61753e-06
 Reference value :  4.61824e-06
 Reference value :  4.61968e-06
 Reference value :  4.62118e-06
 Reference value :  4.62272e-06
 Reference value :  4.62424e-06
 Reference value :  4.62616e-06
 Reference value :  4.62816e-06
 Reference value :  4.63049e-06
 Reference value :  4.63487e-06
 Reference value :  4.64337e-06
 Reference value :  4.65137e-06
 Reference value :  4.65785e-06
 Reference value :  4.65799e-06
 Reference value :  4.65844e-06
 Reference value :  4.65899e-06
 Reference value :  4.65971e-06
 Reference value :  4.66148e-06
 Reference value :  4.66341e-06
 Reference value :  4.66511e-06
 Reference value :  4.66659e-06
 Reference value :  4.66758e-06
 Reference value :  4.66929e-06
 Reference value :  4.67114e-06
 Reference value :  4.67307e-06
 Reference value :  4.67505e-06
 Reference value :  4.67813e-06
 Reference value :  4.68448e-06
 Reference value :  4.69248e-06
 Reference value :  4.69950e-06
 Reference value :  4.69962e-06
 Reference value :  4.69982e-06
 Reference value :  4.70008e-06
 Reference value :  4.70016e-06
 Reference value :  4.70028e-06
 Reference value :  4.70069e-06
 Reference value :  4.70121e-06
 Reference value :  4.70243e-06
 Reference value :  4.70398e-06
 Reference value :  4.70544e-06
 Reference value :  4.70702e-06
 Reference value :  4.70856e-06
 Reference value :  4.71042e-06
 Reference value :  4.71222e-06
 Reference value :  4.71499e-06
 Reference value :  4.72085e-06
 Reference value :  4.72885e-06
 Reference value :  4.73735e-06
 Reference value :  4.74123e-06
 Reference value :  4.74134e-06
 Reference value :  4.74163e-06
 Reference value :  4.74236e-06
 Reference value :  4.74260e-06
 Reference value :  4.74426e-06
 Reference value :  4.74602e-06
 Reference value :  4.74757e-06
 Reference value :  4.74909e-06
 Reference value :  4.74999e-06
 Reference value :  4.75089e-06
 Reference value :  4.75245e-06
 Reference value :  4.75461e-06
 Reference value :  4.75633e-06
 Reference value :  4.75858e-06
 Reference value :  4.76195e-06
 Reference value :  4.76852e-06
 Reference value :  4.77702e-06
 Reference value :  4.78287e-06
 Reference value :  4.78298e-06
 Reference value :  4.78330e-06
 Reference value :  4.78347e-06
 Reference value :  4.78359e-06
 Reference value :  4.78385e-06
 Reference value :  4.78445e-06
 Reference value :  4.78545e-06
 Reference value :  4.78698e-06
 Reference value :  4.78874e-06
 Reference value :  4.79034e-06
 Reference value :  4.79179e-06
 Reference value :  4.79390e-06
 Reference value :  4.79626e-06
 Reference value :  4.79914e-06
 Reference value :  4.80543e-06
 Reference value :  4.81343e-06
 Reference value :  4.82143e-06
 Reference value :  4.82455e-06
 Reference value :  4.82470e-06
 Reference value :  4.82529e-06
 Reference value :  4.82612e-06
 Reference value :  4.82770e-06
 Reference value :  4.82980e-06
 Reference value :  4.83153e-06
 Reference value :  4.83321e-06
 Reference value :  4.83412e-06
 Reference value :  4.83547e-06
 Reference value :  4.83710e-06
 Reference value :  4.83919e-06
 Reference value :  4.84092e-06
 Reference value :  4.84417e-06
 Reference value :  4.85096e-06
 Reference value :  4.85846e-06
 Reference value :  4.86617e-06
 Reference value :  4.86628e-06
 Reference value :  4.86647e-06
 Reference value :  4.86672e-06
 Reference value :  4.86684e-06
 Reference value :  4.86696e-06
 Reference value :  4.86722e-06
 Reference value :  4.86762e-06
 Reference value :  4.86836e-06
 Reference value :  4.87002e-06
 Reference value :  4.87176e-06
 Reference value :  4.87338e-06
 Reference value :  4.87510e-06
 Reference value :  4.87689e-06
 Reference value :  4.87894e-06
 Reference value :  4.88117e-06
 Reference value :  4.88706e-06
 Reference value :  4.89506e-06
 Reference value :  4.90356e-06
 Reference value :  4.90788e-06
 Reference value :  4.90799e-06
 Reference value :  4.90836e-06
 Reference value :  4.90902e-06
 Reference value :  4.90984e-06
 Reference value :  4.91183e-06
 Reference value :  4.91396e-06
 Reference value :  4.91562e-06
 Reference value :  4.91707e-06
 Reference value :  4.91775e-06
 Reference value :  4.91959e-06
 Reference value :  4.92182e-06
 Reference value :  4.92375e-06
 Reference value :  4.92577e-06
 Reference value :  4.92817e-06
 Reference value :  4.93495e-06
 Reference value :  4.94495e-06
 Reference value :  4.94954e-06
 Reference value :  4.94967e-06
 Reference value :  4.94997e-06
 Reference value :  4.95014e-06
 Reference value :  4.95025e-06
 Reference value :  4.95044e-06
 Reference value :  4.95091e-06
 Reference value :  4.95139e-06
 Reference value :  4.95304e-06
 Reference value :  4.95467e-06
 Reference value :  4.95640e-06
 Reference value :  4.95847e-06
 Reference value :  4.96027e-06
 Reference value :  4.96223e-06
 Reference value :  4.96465e-06
 Reference value :  4.96963e-06
 Reference value :  4.97763e-06
 Reference value :  4.98613e-06
 Reference value :  4.99121e-06
 Reference value :  4.99134e-06
 Reference value :  4.99175e-06
 Reference value :  4.99233e-06
 Reference value :  4.99363e-06
 Reference value :  4.99542e-06
 Reference value :  4.99718e-06
 Reference value :  4.99899e-06
 Reference value :  5.00065e-06
 Reference value :  5.00221e-06
 Reference value :  5.00420e-06
 Reference value :  5.00678e-06
 Reference value :  5.01057e-06
 Reference value :  5.01805e-06
 Reference value :  5.02605e-06
 Reference value :  5.03285e-06
 Reference value :  5.03298e-06
 Reference value :  5.03327e-06
 Reference value :  5.03344e-06
 Reference value :  5.03354e-06
 Reference value :  5.03402e-06
 Reference value :  5.03487e-06
 Reference value :  5.03662e-06
 Reference value :  5.03838e-06
 Reference value :  5.04016e-06
 Reference value :  5.04169e-06
 Reference value :  5.04335e-06
 Reference value :  5.04579e-06
 Reference value :  5.05006e-06
 Reference value :  5.05806e-06
 Reference value :  5.06606e-06
 Reference value :  5.07403e-06
 Reference value :  5.07464e-06
 Reference value :  5.07489e-06
 Reference value :  5.07551e-06
 Reference value :  5.07599e-06
 Reference value :  5.07727e-06
 Reference value :  5.07908e-06
 Reference value :  5.08122e-06
 Reference value :  5.08296e-06
 Reference value :  5.08451e-06
 Reference value :  5.08630e-06
 Reference value :  5.08812e-06
 Reference value :  5.09109e-06
 Reference value :  5.09652e-06
 Reference value :  5.10452e-06
 Reference value :  5.11252e-06
 Reference value :  5.11622e-06
 Reference value :  5.11637e-06
 Reference value :  5.11666e-06
 Reference value :  5.11682e-06
 Reference value :  5.11692e-06
 Reference value :  5.11711e-06
 Reference value :  5.11742e-06
 Reference value :  5.11769e-06
 Reference value :  5.11787e-06
 Reference value :  5.11812e-06
 Reference value :  5.11949e-06
 Reference value :  5.12153e-06
 Reference value :  5.12341e-06
 Reference value :  5.12524e-06
 Reference value :  5.12711e-06
 Reference value :  5.12910e-06
 Reference value :  5.13249e-06
 Reference value :  5.13911e-06
 Reference value :  5.14711e-06
 Reference value :  5.15511e-06
 Reference value :  5.15791e-06
 Reference value :  5.15810e-06
 Reference value :  5.15862e-06
 Reference value :  5.15963e-06
 Reference value :  5.16089e-06
 Reference value :  5.16260e-06
 Reference value :  5.16433e-06
 Reference value :  5.16605e-06
 Reference value :  5.16800e-06
 Reference value :  5.17019e-06
 Reference value :  5.17224e-06
 Reference value :  5.17750e-06
 Reference value :  5.18550e-06
 Reference value :  5.19350e-06
 Reference value :  5.19951e-06
 Reference value :  5.19967e-06
 Reference value :  5.19991e-06
 Reference value :  5.20010e-06
 Reference value :  5.20026e-06
 Reference value :  5.20061e-06
 Reference value :  5.20098e-06
 Reference value :  5.20147e-06
 Reference value :  5.20286e-06
 Reference value :  5.20460e-06
 Reference value :  5.20625e-06
 Reference value :  5.20799e-06
 Reference value :  5.20991e-06
 Reference value :  5.21201e-06
 Reference value :  5.21554e-06
 Reference value :  5.22340e-06
 Reference value :  5.23140e-06
 Reference value :  5.23940e-06
 Reference value :  5.24125e-06
 Reference value :  5.24141e-06
 Reference value :  5.24206e-06
 Reference value :  5.24303e-06
 Reference value :  5.24443e-06
 Reference value :  5.24598e-06
 Reference value :  5.24765e-06
 Reference value :  5.24936e-06
 Reference value :  5.25094e-06
 Reference value :  5.25278e-06
 Reference value :  5.25480e-06
 Reference value :  5.25782e-06
 Reference value :  5.26552e-06
 Reference value :  5.27352e-06
 Reference value :  5.28202e-06
 Reference value :  5.28294e-06
 Reference value :  5.28314e-06
 Reference value :  5.28338e-06
 Reference value :  5.28350e-06
 Reference value :  5.28365e-06
 Reference value :  5.28403e-06
 Reference value :  5.28513e-06
 Reference value :  5.28656e-06
 Reference value :  5.28817e-06
 Reference value :  5.28984e-06
 Reference value :  5.29153e-06
 Reference value :  5.29347e-06
 Reference value :  5.29532e-06
 Reference value :  5.29766e-06
 Reference value :  5.30138e-06
 Reference value :  5.30938e-06
 Reference value :  5.31738e-06
 Reference value :  5.32450e-06
 Reference value :  5.32465e-06
 Reference value :  5.32494e-06
 Reference value :  5.32571e-06
 Reference value :  5.32802e-06
 Reference value :  5.33046e-06
 Reference value :  5.33223e-06
 Reference value :  5.33391e-06
 Reference value :  5.33601e-06
 Reference value :  5.33770e-06
 Reference value :  5.34041e-06
 Reference value :  5.34506e-06
 Reference value :  5.35306e-06
 Reference value :  5.36106e-06
 Reference value :  5.36619e-06
 Reference value :  5.36632e-06
 Reference value :  5.36665e-06
 Reference value :  5.36682e-06
 Reference value :  5.36700e-06
 Reference value :  5.36738e-06
 Reference value :  5.36833e-06
 Reference value :  5.36984e-06
 Reference value :  5.37124e-06
 Reference value :  5.37295e-06
 Reference value :  5.37468e-06
 Reference value :  5.37645e-06
 Reference value :  5.37831e-06
 Reference value :  5.38090e-06
 Reference value :  5.38583e-06
 Reference value :  5.39383e-06
 Reference value :  5.40183e-06
 Reference value :  5.40785e-06
 Reference value :  5.40798e-06
 Reference value :  5.40827e-06
 Reference value :  5.40895e-06
 Reference value :  5.40914e-06
 Reference value :  5.41071e-06
 Reference value :  5.41253e-06
 Reference value :  5.41449e-06
 Reference value :  5.41664e-06
 Reference value :  5.41887e-06
 Reference value :  5.42165e-06
 Reference value :  5.42616e-06
 Reference value :  5.43707e-06
 Reference value :  5.44507e-06
 Reference value :  5.44958e-06
 Reference value :  5.44980e-06
 Reference value :  5.45004e-06
 Reference value :  5.45018e-06
 Reference value :  5.45039e-06
 Reference value :  5.45125e-06
 Reference value :  5.45271e-06
 Reference value :  5.45430e-06
 Reference value :  5.45611e-06
 Reference value :  5.45779e-06
 Reference value :  5.45978e-06
 Reference value :  5.46171e-06
 Reference value :  5.46419e-06
 Reference value :  5.46786e-06
 Reference value :  5.47581e-06
 Reference value :  5.48381e-06
 Reference value :  5.49117e-06
 Reference value :  5.49131e-06
 Reference value :  5.49153e-06
 Reference value :  5.49221e-06
 Reference value :  5.49243e-06
 Reference value :  5.49374e-06
 Reference value :  5.49573e-06
 Reference value :  5.49767e-06
 Reference value :  5.49980e-06
 Reference value :  5.50201e-06
 Reference value :  5.50420e-06
 Reference value :  5.50763e-06
 Reference value :  5.51640e-06
 Reference value :  5.52440e-06
 Reference value :  5.53236e-06
 Reference value :  5.53297e-06
 Reference value :  5.53322e-06
 Reference value :  5.53345e-06
 Reference value :  5.53357e-06
 Reference value :  5.53383e-06
 Reference value :  5.53496e-06
 Reference value :  5.53637e-06
 Reference value :  5.53789e-06
 Reference value :  5.53952e-06
 Reference value :  5.54119e-06
 Reference value :  5.54268e-06
 Reference value :  5.54454e-06
 Reference value :  5.54662e-06
 Reference value :  5.55053e-06
 Reference value :  5.55841e-06
 Reference value :  5.56641e-06
 Reference value :  5.57391e-06
 Reference value :  5.57461e-06
 Reference value :  5.57487e-06
 Reference value :  5.57555e-06
 Reference value :  5.57586e-06
 Reference value :  5.57779e-06
 Reference value :  5.57954e-06
 Reference value :  5.58167e-06
 Reference value :  5.58365e-06
 Reference value :  5.58555e-06
 Reference value :  5.58753e-06
 Reference value :  5.59001e-06
 Reference value :  5.59520e-06
 Reference value :  5.60370e-06
 Reference value :  5.61120e-06
 Reference value :  5.61620e-06
 Reference value :  5.61634e-06
 Reference value :  5.61659e-06
 Reference value :  5.61677e-06
 Reference value :  5.61687e-06
 Reference value :  5.61717e-06
 Reference value :  5.61828e-06
 Reference value :  5.61999e-06
 Reference value :  5.62165e-06
 Reference value :  5.62317e-06
 Reference value :  5.62480e-06
 Reference value :  5.62641e-06
 Reference value :  5.62858e-06
 Reference value :  5.63112e-06
 Reference value :  5.63620e-06
 Reference value :  5.64470e-06
 Reference value :  5.65270e-06
 Reference value :  5.65787e-06
 Reference value :  5.65803e-06
 Reference value :  5.65844e-06
 Reference value :  5.65903e-06
 Reference value :  5.66034e-06
 Reference value :  5.66223e-06
 Reference value :  5.66415e-06
 Reference value :  5.66617e-06
 Reference value :  5.66799e-06
 Reference value :  5.66987e-06
 Reference value :  5.67216e-06
 Reference value :  5.67581e-06
 Reference value :  5.68414e-06
 Reference value :  5.69214e-06
 Reference value :  5.69951e-06
 Reference value :  5.69964e-06
 Reference value :  5.69981e-06
 Reference value :  5.70008e-06
 Reference value :  5.70019e-06
 Reference value :  5.70050e-06
 Reference value :  5.70141e-06
 Reference value :  5.70330e-06
 Reference value :  5.70506e-06
 Reference value :  5.70719e-06
 Reference value :  5.70927e-06
 Reference value :  5.71115e-06
 Reference value :  5.71347e-06
 Reference value :  5.71661e-06
 Reference value :  5.72446e-06
 Reference value :  5.73246e-06
 Reference value :  5.74046e-06
 Reference value :  5.74128e-06
 Reference value :  5.74150e-06
 Reference value :  5.74217e-06
 Reference value :  5.74328e-06
 Reference value :  5.74509e-06
 Reference value :  5.74705e-06
 Reference value :  5.74901e-06
 Reference value :  5.75058e-06
 Reference value :  5.75246e-06
 Reference value :  5.75454e-06
 Reference value :  5.75926e-06
 Reference value :  5.77369e-06
 Reference value :  5.78290e-06
 Reference value :  5.78318e-06
 Reference value :  5.78352e-06
 Reference value :  5.78440e-06
 Reference value :  5.78736e-06
 Reference value :  5.79047e-06
 Reference value :  5.79346e-06
 Reference value :  5.79557e-06
 Reference value :  5.79867e-06
 Reference value :  5.80491e-06
 Reference value :  5.81291e-06
 Reference value :  5.82091e-06
 Reference value :  5.82457e-06
 Reference value :  5.82473e-06
 Reference value :  5.82524e-06
 Reference value :  5.82646e-06
 Reference value :  5.82845e-06
 Reference value :  5.83038e-06
 Reference value :  5.83235e-06
 Reference value :  5.83392e-06
 Reference value :  5.83600e-06
 Reference value :  5.83775e-06
 Reference value :  5.84094e-06
 Reference value :  5.84816e-06
 Reference value :  5.85616e-06
 Reference value :  5.86416e-06
 Reference value :  5.86624e-06
 Reference value :  5.86639e-06
 Reference value :  5.86670e-06
 Reference value :  5.86684e-06
 Reference value :  5.86702e-06
 Reference value :  5.86752e-06
 Reference value :  5.86935e-06
 Reference value :  5.87077e-06
 Reference value :  5.87261e-06
 Reference value :  5.87424e-06
 Reference value :  5.87584e-06
 Reference value :  5.87765e-06
 Reference value :  5.87973e-06
 Reference value :  5.88349e-06
 Reference value :  5.89211e-06
 Reference value :  5.90011e-06
 Reference value :  5.90783e-06
 Reference value :  5.90794e-06
 Reference value :  5.90818e-06
 Reference value :  5.90893e-06
 Reference value :  5.91073e-06
 Reference value :  5.91283e-06
 Reference value :  5.91494e-06
 Reference value :  5.91666e-06
 Reference value :  5.91830e-06
 Reference value :  5.92031e-06
 Reference value :  5.92281e-06
 Reference value :  5.92849e-06
 Reference value :  5.93649e-06
 Reference value :  5.94449e-06
 Reference value :  5.94953e-06
 Reference value :  5.94967e-06
 Reference value :  5.94988e-06
 Reference value :  5.95017e-06
 Reference value :  5.95033e-06
 Reference value :  5.95079e-06
 Reference value :  5.95247e-06
 Reference value :  5.95423e-06
 Reference value :  5.95606e-06
 Reference value :  5.95785e-06
 Reference value :  5.95993e-06
 Reference value :  5.96169e-06
 Reference value :  5.96395e-06
 Reference value :  5.96903e-06
 Reference value :  5.97703e-06
 Reference value :  5.98503e-06
 Reference value :  5.99119e-06
 Reference value :  5.99136e-06
 Reference value :  5.99169e-06
 Reference value :  5.99233e-06
 Reference value :  5.99260e-06
 Reference value :  5.99434e-06
 Reference value :  5.99628e-06
 Reference value :  5.99825e-06
 Reference value :  5.99997e-06
 Reference value :  6.00200e-06
 Reference value :  6.00399e-06
 Reference value :  6.00634e-06
 Reference value :  6.01126e-06
 Reference value :  6.02076e-06
 Reference value :  6.02876e-06
 Reference value :  6.03289e-06
 Reference value :  6.03303e-06
 Reference value :  6.03323e-06
 Reference value :  6.03350e-06
 Reference value :  6.03376e-06
 Reference value :  6.03423e-06
 Reference value :  6.03550e-06
 Reference value :  6.03628e-06
 Reference value :  6.03772e-06
 Reference value :  6.03912e-06
 Reference value :  6.04103e-06
 Reference value :  6.04299e-06
 Reference value :  6.04551e-06
 Reference value :  6.05349e-06
 Reference value :  6.06649e-06
 Reference value :  6.07456e-06
 Reference value :  6.07487e-06
 Reference value :  6.07550e-06
 Reference value :  6.07610e-06
 Reference value :  6.07818e-06
 Reference value :  6.07992e-06
 Reference value :  6.08163e-06
 Reference value :  6.08344e-06
 Reference value :  6.08531e-06
 Reference value :  6.08737e-06
 Reference value :  6.08958e-06
 Reference value :  6.09238e-06
 Reference value :  6.10059e-06
 Reference value :  6.10859e-06
 Reference value :  6.11617e-06
 Reference value :  6.11629e-06
 Reference value :  6.11645e-06
 Reference value :  6.11674e-06
 Reference value :  6.11706e-06
 Reference value :  6.11724e-06
 Reference value :  6.11760e-06
 Reference value :  6.11796e-06
 Reference value :  6.11957e-06
 Reference value :  6.12162e-06
 Reference value :  6.12350e-06
 Reference value :  6.12526e-06
 Reference value :  6.12717e-06
 Reference value :  6.12902e-06
 Reference value :  6.13090e-06
 Reference value :  6.13319e-06
 Reference value :  6.13854e-06
 Reference value :  6.14654e-06
 Reference value :  6.15454e-06
 Reference value :  6.15791e-06
 Reference value :  6.15809e-06
 Reference value :  6.15852e-06
 Reference value :  6.15924e-06
 Reference value :  6.15995e-06
 Reference value :  6.16139e-06
 Reference value :  6.16316e-06
 Reference value :  6.16511e-06
 Reference value :  6.16703e-06
 Reference value :  6.16910e-06
 Reference value :  6.17108e-06
 Reference value :  6.17387e-06
 Reference value :  6.18030e-06
 Reference value :  6.18830e-06
 Reference value :  6.19680e-06
 Reference value :  6.19957e-06
 Reference value :  6.19973e-06
 Reference value :  6.19997e-06
 Reference value :  6.20014e-06
 Reference value :  6.20037e-06
 Reference value :  6.20075e-06
 Reference value :  6.20101e-06
 Reference value :  6.20177e-06
 Reference value :  6.20306e-06
 Reference value :  6.20468e-06
 Reference value :  6.20647e-06
 Reference value :  6.20819e-06
 Reference value :  6.20994e-06
 Reference value :  6.21243e-06
 Reference value :  6.21589e-06
 Reference value :  6.22383e-06
 Reference value :  6.23183e-06
 Reference value :  6.23983e-06
 Reference value :  6.24127e-06
 Reference value :  6.24149e-06
 Reference value :  6.24218e-06
 Reference value :  6.24330e-06
 Reference value :  6.24486e-06
 Reference value :  6.24641e-06
 Reference value :  6.24808e-06
 Reference value :  6.25000e-06
 Reference value :  6.25185e-06
 Reference value :  6.25398e-06
 Reference value :  6.25633e-06
 Reference value :  6.26196e-06
 Reference value :  6.26996e-06
 Reference value :  6.27796e-06
 Reference value :  6.28288e-06
 Reference value :  6.28300e-06
 Reference value :  6.28324e-06
No. of Data Rows : 29683

  Measurements for Transient Analysis

d9_c1               =  -5.15797e-05
d8_c1               =  8.28454e-05
d7_c1               =  1.79949e+00
d6_c1               =  1.79949e+00
d5_c1               =  8.25933e-05
d4_c1               =  8.25655e-05
d3_c1               =  1.79949e+00
d2_c1               =  1.79949e+00
d1_c1               =  8.26501e-05
d0_c1               =  1.79949e+00
d9_c2               =  -1.94021e-05
d8_c2               =  1.79948e+00
d7_c2               =  1.12088e-04
d6_c2               =  1.79948e+00
d5_c2               =  1.79948e+00
d4_c2               =  1.79948e+00
d3_c2               =  1.79948e+00
d2_c2               =  1.79948e+00
d1_c2               =  1.79948e+00
d0_c2               =  1.79948e+00
d9_c3               =  -3.33213e-05
d8_c3               =  1.79949e+00
d7_c3               =  1.79949e+00
d6_c3               =  1.79949e+00
d5_c3               =  1.79949e+00
d4_c3               =  1.79949e+00
d3_c3               =  1.79949e+00
d2_c3               =  1.79949e+00
d1_c3               =  1.79949e+00
d0_c3               =  1.79949e+00
d9_c4               =  1.79962e+00
d8_c4               =  1.42669e-04
d7_c4               =  1.79947e+00
d6_c4               =  1.42663e-04
d5_c4               =  1.42659e-04
d4_c4               =  1.42652e-04
d3_c4               =  1.42642e-04
d2_c4               =  1.42625e-04
d1_c4               =  1.42588e-04
d0_c4               =  1.79947e+00
d9_c5               =  1.79970e+00
d8_c5               =  1.79949e+00
d7_c5               =  1.79949e+00
d6_c5               =  1.79949e+00
d5_c5               =  1.79949e+00
d4_c5               =  1.79949e+00
d3_c5               =  1.79949e+00
d2_c5               =  1.79949e+00
d1_c5               =  1.79949e+00
d0_c5               =  1.79949e+00
busy_c1_p0          =  1.79946e+00
smpl_c1_p0          =  6.94522e-05
busy_c1_p1          =  1.79946e+00
smpl_c1_p1          =  8.02820e-05
busy_c1_p2          =  1.79946e+00
smpl_c1_p2          =  9.12441e-05
busy_c1_p3          =  1.79944e+00
smpl_c1_p3          =  9.18928e-05
busy_c1_p4          =  1.79944e+00
smpl_c1_p4          =  9.45104e-05
busy_c1_p5          =  1.79944e+00
smpl_c1_p5          =  9.08442e-05
busy_c1_p6          =  1.79945e+00
smpl_c1_p6          =  6.64832e-05
busy_c1_p7          =  1.79944e+00
smpl_c1_p7          =  8.58300e-05
busy_c1_p8          =  1.79944e+00
smpl_c1_p8          =  8.61028e-05
busy_c1_p9          =  1.79946e+00
smpl_c1_p9          =  5.62601e-05
busy_c1_p10         =  1.79946e+00
smpl_c1_p10         =  6.00008e-05
busy_c1_p11         =  1.07200e-04
smpl_c1_p11         =  1.79990e+00
busy_c2_p0          =  1.79946e+00
smpl_c2_p0          =  7.06741e-05
busy_c2_p1          =  1.79946e+00
smpl_c2_p1          =  7.17152e-05
busy_c2_p2          =  1.79946e+00
smpl_c2_p2          =  8.31111e-05
busy_c2_p3          =  1.79945e+00
smpl_c2_p3          =  8.62522e-05
busy_c2_p4          =  1.79944e+00
smpl_c2_p4          =  9.20785e-05
busy_c2_p5          =  1.79944e+00
smpl_c2_p5          =  9.49163e-05
busy_c2_p6          =  1.79944e+00
smpl_c2_p6          =  9.26796e-05
busy_c2_p7          =  1.79945e+00
smpl_c2_p7          =  8.09681e-05
busy_c2_p8          =  1.79944e+00
smpl_c2_p8          =  9.05297e-05
busy_c2_p9          =  1.79944e+00
smpl_c2_p9          =  9.06958e-05
busy_c2_p10         =  1.79946e+00
smpl_c2_p10         =  8.25052e-05
busy_c2_p11         =  9.52868e-05
smpl_c2_p11         =  1.79990e+00
busy_c3_p0          =  1.79946e+00
smpl_c3_p0          =  7.51446e-05
busy_c3_p1          =  1.79947e+00
smpl_c3_p1          =  6.32633e-05
busy_c3_p2          =  1.79944e+00
smpl_c3_p2          =  9.27654e-05
busy_c3_p3          =  1.79945e+00
smpl_c3_p3          =  8.72627e-05
busy_c3_p4          =  1.79945e+00
smpl_c3_p4          =  8.81874e-05
busy_c3_p5          =  1.79945e+00
smpl_c3_p5          =  8.48368e-05
busy_c3_p6          =  1.79944e+00
smpl_c3_p6          =  9.51098e-05
busy_c3_p7          =  1.79944e+00
smpl_c3_p7          =  9.17436e-05
busy_c3_p8          =  1.79944e+00
smpl_c3_p8          =  9.32485e-05
busy_c3_p9          =  1.79944e+00
smpl_c3_p9          =  9.34661e-05
busy_c3_p10         =  1.79946e+00
smpl_c3_p10         =  7.35377e-05
busy_c3_p11         =  1.18094e-04
smpl_c3_p11         =  1.79990e+00
busy_c4_p0          =  1.79944e+00
smpl_c4_p0          =  9.37024e-05
busy_c4_p1          =  1.79946e+00
smpl_c4_p1          =  7.39254e-05
busy_c4_p2          =  1.79944e+00
smpl_c4_p2          =  8.99229e-05
busy_c4_p3          =  1.79945e+00
smpl_c4_p3          =  8.50435e-05
busy_c4_p4          =  1.79944e+00
smpl_c4_p4          =  8.94037e-05
busy_c4_p5          =  1.79945e+00
smpl_c4_p5          =  8.55907e-05
busy_c4_p6          =  1.79944e+00
smpl_c4_p6          =  9.33386e-05
busy_c4_p7          =  1.79945e+00
smpl_c4_p7          =  7.65930e-05
busy_c4_p8          =  1.79944e+00
smpl_c4_p8          =  9.14860e-05
busy_c4_p9          =  1.79945e+00
smpl_c4_p9          =  7.18645e-05
busy_c4_p10         =  1.79944e+00
smpl_c4_p10         =  9.14633e-05
busy_c4_p11         =  1.11102e-04
smpl_c4_p11         =  1.79990e+00
busy_c5_p0          =  1.79946e+00
smpl_c5_p0          =  7.06146e-05
busy_c5_p1          =  1.79944e+00
smpl_c5_p1          =  9.09587e-05
busy_c5_p2          =  1.79945e+00
smpl_c5_p2          =  9.57522e-05
busy_c5_p3          =  1.79946e+00
smpl_c5_p3          =  9.32545e-05
busy_c5_p4          =  1.79944e+00
smpl_c5_p4          =  9.28060e-05
busy_c5_p5          =  1.79944e+00
smpl_c5_p5          =  9.18627e-05
busy_c5_p6          =  1.79944e+00
smpl_c5_p6          =  8.69299e-05
busy_c5_p7          =  1.79945e+00
smpl_c5_p7          =  7.63482e-05
busy_c5_p8          =  1.79945e+00
smpl_c5_p8          =  6.70222e-05
busy_c5_p9          =  1.79946e+00
smpl_c5_p9          =  7.18626e-05
busy_c5_p10         =  1.79946e+00
smpl_c5_p10         =  7.30125e-05
busy_c5_p11         =  1.07778e-04
smpl_c5_p11         =  1.79990e+00
i_vdd               =  -2.09375e-06 from=  3.20000e-06 to=  4.20001e-06
i_vpwr              =  -7.13920e-06 from=  3.20000e-06 to=  4.20001e-06
i_vrefp             =  -6.50520e-06 from=  3.20000e-06 to=  4.20001e-06
i_vrefn             =  6.49160e-06 from=  3.20000e-06 to=  4.20001e-06
i_vcm               =  1.23608e-08 from=  3.20000e-06 to=  4.20001e-06
gnd_die_pp          =  1.70551e-02 from=  3.20000e-06 to=  4.20000e-06
gnd_die_max         =  8.83552e-03 at=  3.86713e-06
gnd_die_min         =  -8.21956e-03 at=  3.86717e-06
vgnd_die_pp         =  1.78024e-02 from=  3.20000e-06 to=  4.20000e-06
vgnd_die_max        =  8.47399e-03 at=  3.86713e-06
vgnd_die_min        =  -9.32845e-03 at=  3.36743e-06
vdd_die_pp          =  1.68077e-02 from=  3.20000e-06 to=  4.20000e-06
vdd_die_max         =  1.80597e+00 at=  3.86713e-06
vdd_die_min         =  1.78916e+00 at=  3.86717e-06
vpwr_die_pp         =  1.88891e-02 from=  3.20000e-06 to=  4.20000e-06
vpwr_die_max        =  1.81006e+00 at=  3.86733e-06
vpwr_die_min        =  1.79117e+00 at=  3.53371e-06


Total analysis time (seconds) = 832.595

Total elapsed time (seconds) = 877.541 

Total DRAM available = 98304.000 MB.
DRAM currently available = 13060.516 MB.
Maximum ngspice program size =  825.875 MB.
Current ngspice program size =  825.875 MB.

Note: Starting dynamic gmin stepping
Note: Dynamic gmin stepping completed
