
Note: Compatibility modes selected: hs a


Circuit: * sim/supply-impedance-sensitivity -- ground/supply-return impedance

option SCALE: Scale is set to 1e-06 for instance and model parameters
option SCALE: Scale is set to 1e-06 for instance and model parameters
option SCALE: Scale is set to 1e-06 for instance and model parameters
option SCALE: Scale is set to 1e-06 for instance and model parameters
Doing analysis at TEMP = -40.000000 and TNOM = 27.000000

Using KLU as Direct Linear Solver
 Reference value :  0.00000e+00
 Reference value :  7.64000e-09
 Reference value :  1.86400e-08
 Reference value :  2.00982e-08
 Reference value :  2.02371e-08
 Reference value :  2.05394e-08
 Reference value :  2.07501e-08
 Reference value :  2.10401e-08
 Reference value :  2.11863e-08
 Reference value :  2.15253e-08
 Reference value :  2.30242e-08
 Reference value :  2.48789e-08
 Reference value :  2.64946e-08
 Reference value :  2.87434e-08
 Reference value :  3.35906e-08
 Reference value :  4.25906e-08
 Reference value :  5.15906e-08
 Reference value :  5.95906e-08
 Reference value :  6.75906e-08
 Reference value :  7.50906e-08
 Reference value :  8.30906e-08
 Reference value :  9.10906e-08
 Reference value :  9.85906e-08
 Reference value :  1.06591e-07
 Reference value :  1.14091e-07
 Reference value :  1.21591e-07
 Reference value :  1.29091e-07
 Reference value :  1.36591e-07
 Reference value :  1.44091e-07
 Reference value :  1.52091e-07
 Reference value :  1.59591e-07
 Reference value :  1.67591e-07
 Reference value :  1.75591e-07
 Reference value :  1.83091e-07
 Reference value :  1.91091e-07
 Reference value :  1.99045e-07
 Reference value :  1.99611e-07
 Reference value :  1.99841e-07
 Reference value :  2.00239e-07
 Reference value :  2.00586e-07
 Reference value :  2.00815e-07
 Reference value :  2.01042e-07
 Reference value :  2.01609e-07
 Reference value :  2.03021e-07
 Reference value :  2.04814e-07
 Reference value :  2.06611e-07
 Reference value :  2.08716e-07
 Reference value :  2.10806e-07
 Reference value :  2.13379e-07
 Reference value :  2.17123e-07
 Reference value :  2.25015e-07
 Reference value :  2.33015e-07
 Reference value :  2.40841e-07
 Reference value :  2.41280e-07
 Reference value :  2.41509e-07
 Reference value :  2.42094e-07
 Reference value :  2.42712e-07
 Reference value :  2.44016e-07
 Reference value :  2.44485e-07
 Reference value :  2.46268e-07
 Reference value :  2.48021e-07
 Reference value :  2.50165e-07
 Reference value :  2.52253e-07
 Reference value :  2.54116e-07
 Reference value :  2.56451e-07
 Reference value :  2.61052e-07
 Reference value :  2.69052e-07
 Reference value :  2.76552e-07
 Reference value :  2.82852e-07
 Reference value :  2.82981e-07
 Reference value :  2.83238e-07
 Reference value :  2.83728e-07
 Reference value :  2.84253e-07
 Reference value :  2.84815e-07
 Reference value :  2.85432e-07
 Reference value :  2.86965e-07
 Reference value :  2.88534e-07
 Reference value :  2.90074e-07
 Reference value :  2.91743e-07
 Reference value :  2.93401e-07
 Reference value :  2.95030e-07
 Reference value :  2.97695e-07
 Reference value :  3.02217e-07
 Reference value :  3.10217e-07
 Reference value :  3.18717e-07
 Reference value :  3.24532e-07
 Reference value :  3.24658e-07
 Reference value :  3.25012e-07
 Reference value :  3.25725e-07
 Reference value :  3.26613e-07
 Reference value :  3.28927e-07
 Reference value :  3.30516e-07
 Reference value :  3.32096e-07
 Reference value :  3.34218e-07
 Reference value :  3.35932e-07
 Reference value :  3.37679e-07
 Reference value :  3.40563e-07
 Reference value :  3.48451e-07
 Reference value :  3.55951e-07
 Reference value :  3.63951e-07
 Reference value :  3.66247e-07
 Reference value :  3.66408e-07
 Reference value :  3.66778e-07
 Reference value :  3.67030e-07
 Reference value :  3.67289e-07
 Reference value :  3.67806e-07
 Reference value :  3.68904e-07
 Reference value :  3.70424e-07
 Reference value :  3.71897e-07
 Reference value :  3.73557e-07
 Reference value :  3.75283e-07
 Reference value :  3.77101e-07
 Reference value :  3.78995e-07
 Reference value :  3.82829e-07
 Reference value :  3.90600e-07
 Reference value :  3.98600e-07
 Reference value :  4.06100e-07
 Reference value :  4.07923e-07
 Reference value :  4.08126e-07
 Reference value :  4.08645e-07
 Reference value :  4.09237e-07
 Reference value :  4.10280e-07
 Reference value :  4.12116e-07
 Reference value :  4.13909e-07
 Reference value :  4.15500e-07
 Reference value :  4.17422e-07
 Reference value :  4.19143e-07
 Reference value :  4.21067e-07
 Reference value :  4.23997e-07
 Reference value :  4.29815e-07
 Reference value :  4.37315e-07
 Reference value :  4.45315e-07
 Reference value :  4.49542e-07
 Reference value :  4.49694e-07
 Reference value :  4.49969e-07
 Reference value :  4.50360e-07
 Reference value :  4.50626e-07
 Reference value :  4.51246e-07
 Reference value :  4.52591e-07
 Reference value :  4.54158e-07
 Reference value :  4.55751e-07
 Reference value :  4.57330e-07
 Reference value :  4.59059e-07
 Reference value :  4.60724e-07
 Reference value :  4.62689e-07
 Reference value :  4.65248e-07
 Reference value :  4.70370e-07
 Reference value :  4.78370e-07
 Reference value :  4.86370e-07
 Reference value :  4.91212e-07
 Reference value :  4.91357e-07
 Reference value :  4.91790e-07
 Reference value :  4.92219e-07
 Reference value :  4.92791e-07
 Reference value :  4.94042e-07
 Reference value :  4.95533e-07
 Reference value :  4.96937e-07
 Reference value :  4.97742e-07
 Reference value :  4.97963e-07
 Reference value :  4.98637e-07
 Reference value :  4.99945e-07
 Reference value :  5.01680e-07
 Reference value :  5.03699e-07
 Reference value :  5.05602e-07
 Reference value :  5.08596e-07
 Reference value :  5.15570e-07
 Reference value :  5.23070e-07
 Reference value :  5.31070e-07
 Reference value :  5.32914e-07
 Reference value :  5.33057e-07
 Reference value :  5.33418e-07
 Reference value :  5.33833e-07
 Reference value :  5.34241e-07
 Reference value :  5.34589e-07
 Reference value :  5.35262e-07
 Reference value :  5.36608e-07
 Reference value :  5.38452e-07
 Reference value :  5.40430e-07
 Reference value :  5.42166e-07
 Reference value :  5.43786e-07
 Reference value :  5.45646e-07
 Reference value :  5.48572e-07
 Reference value :  5.54686e-07
 Reference value :  5.62686e-07
 Reference value :  5.70686e-07
 Reference value :  5.74546e-07
 Reference value :  5.74674e-07
 Reference value :  5.75046e-07
 Reference value :  5.75500e-07
 Reference value :  5.76035e-07
 Reference value :  5.77346e-07
 Reference value :  5.78859e-07
 Reference value :  5.80407e-07
 Reference value :  5.82172e-07
 Reference value :  5.83746e-07
 Reference value :  5.85773e-07
 Reference value :  5.88203e-07
 Reference value :  5.91159e-07
 Reference value :  5.99886e-07
 Reference value :  6.05886e-07
 Reference value :  6.07258e-07
 Reference value :  6.09233e-07
 Reference value :  6.11734e-07
 Reference value :  6.13636e-07
 Reference value :  6.16180e-07
 Reference value :  6.16282e-07
 Reference value :  6.16534e-07
 Reference value :  6.17020e-07
 Reference value :  6.17463e-07
 Reference value :  6.17880e-07
 Reference value :  6.18509e-07
 Reference value :  6.19912e-07
 Reference value :  6.21532e-07
 Reference value :  6.23090e-07
 Reference value :  6.24854e-07
 Reference value :  6.26506e-07
 Reference value :  6.28267e-07
 Reference value :  6.30628e-07
 Reference value :  6.34916e-07
 Reference value :  6.42916e-07
 Reference value :  6.50916e-07
 Reference value :  6.57840e-07
 Reference value :  6.57992e-07
 Reference value :  6.58372e-07
 Reference value :  6.58945e-07
 Reference value :  6.59605e-07
 Reference value :  6.61437e-07
 Reference value :  6.63575e-07
 Reference value :  6.65216e-07
 Reference value :  6.67226e-07
 Reference value :  6.69125e-07
 Reference value :  6.70997e-07
 Reference value :  6.74925e-07
 Reference value :  6.83248e-07
 Reference value :  6.91248e-07
 Reference value :  6.98748e-07
 Reference value :  6.99603e-07
 Reference value :  6.99772e-07
 Reference value :  7.00174e-07
 Reference value :  7.00510e-07
 Reference value :  7.01104e-07
 Reference value :  7.02190e-07
 Reference value :  7.03195e-07
 Reference value :  7.04739e-07
 Reference value :  7.06324e-07
 Reference value :  7.07847e-07
 Reference value :  7.09734e-07
 Reference value :  7.11683e-07
 Reference value :  7.14095e-07
 Reference value :  7.19026e-07
 Reference value :  7.26526e-07
 Reference value :  7.34526e-07
 Reference value :  7.41172e-07
 Reference value :  7.41316e-07
 Reference value :  7.41588e-07
 Reference value :  7.42167e-07
 Reference value :  7.42740e-07
 Reference value :  7.44254e-07
 Reference value :  7.45993e-07
 Reference value :  7.47737e-07
 Reference value :  7.49610e-07
 Reference value :  7.51578e-07
 Reference value :  7.53596e-07
 Reference value :  7.55966e-07
 Reference value :  7.60583e-07
 Reference value :  7.68583e-07
 Reference value :  7.76583e-07
 Reference value :  7.82839e-07
 Reference value :  7.82958e-07
 Reference value :  7.83153e-07
 Reference value :  7.83577e-07
 Reference value :  7.83863e-07
 Reference value :  7.84594e-07
 Reference value :  7.86705e-07
 Reference value :  7.88090e-07
 Reference value :  7.89605e-07
 Reference value :  7.91301e-07
 Reference value :  7.93093e-07
 Reference value :  7.94779e-07
 Reference value :  7.96715e-07
 Reference value :  7.99883e-07
 Reference value :  8.07240e-07
 Reference value :  8.15240e-07
 Reference value :  8.22740e-07
 Reference value :  8.24601e-07
 Reference value :  8.24800e-07
 Reference value :  8.25409e-07
 Reference value :  8.25961e-07
 Reference value :  8.27288e-07
 Reference value :  8.29053e-07
 Reference value :  8.30606e-07
 Reference value :  8.32110e-07
 Reference value :  8.33668e-07
 Reference value :  8.35699e-07
 Reference value :  8.37621e-07
 Reference value :  8.40446e-07
 Reference value :  8.47446e-07
 Reference value :  8.55446e-07
 Reference value :  8.63446e-07
 Reference value :  8.66235e-07
 Reference value :  8.66366e-07
 Reference value :  8.66600e-07
 Reference value :  8.66816e-07
 Reference value :  8.66982e-07
 Reference value :  8.67216e-07
 Reference value :  8.67540e-07
 Reference value :  8.67990e-07
 Reference value :  8.68992e-07
 Reference value :  8.70479e-07
 Reference value :  8.71937e-07
 Reference value :  8.73794e-07
 Reference value :  8.75541e-07
 Reference value :  8.77153e-07
 Reference value :  8.79016e-07
 Reference value :  8.82099e-07
 Reference value :  8.88373e-07
 Reference value :  8.96373e-07
 Reference value :  9.04373e-07
 Reference value :  9.07912e-07
 Reference value :  9.08066e-07
 Reference value :  9.08447e-07
 Reference value :  9.08986e-07
 Reference value :  9.09358e-07
 Reference value :  9.10792e-07
 Reference value :  9.12650e-07
 Reference value :  9.14171e-07
 Reference value :  9.15717e-07
 Reference value :  9.17438e-07
 Reference value :  9.19323e-07
 Reference value :  9.21408e-07
 Reference value :  9.25208e-07
 Reference value :  9.34494e-07
 Reference value :  9.43494e-07
 Reference value :  9.44837e-07
 Reference value :  9.46362e-07
 Reference value :  9.48943e-07
 Reference value :  9.49588e-07
 Reference value :  9.49743e-07
 Reference value :  9.50121e-07
 Reference value :  9.50505e-07
 Reference value :  9.50778e-07
 Reference value :  9.51317e-07
 Reference value :  9.52147e-07
 Reference value :  9.53456e-07
 Reference value :  9.55332e-07
 Reference value :  9.57024e-07
 Reference value :  9.58829e-07
 Reference value :  9.60514e-07
 Reference value :  9.63023e-07
 Reference value :  9.66259e-07
 Reference value :  9.73486e-07
 Reference value :  9.81486e-07
 Reference value :  9.89486e-07
 Reference value :  9.91255e-07
 Reference value :  9.91408e-07
 Reference value :  9.91762e-07
 Reference value :  9.92474e-07
 Reference value :  9.93269e-07
 Reference value :  9.95457e-07
 Reference value :  9.97252e-07
 Reference value :  9.99229e-07
 Reference value :  1.00123e-06
 Reference value :  1.00304e-06
 Reference value :  1.00518e-06
 Reference value :  1.00796e-06
 Reference value :  1.01512e-06
 Reference value :  1.02312e-06
 Reference value :  1.03012e-06
 Reference value :  1.03180e-06
 Reference value :  1.03289e-06
 Reference value :  1.03301e-06
 Reference value :  1.03331e-06
 Reference value :  1.03374e-06
 Reference value :  1.03422e-06
 Reference value :  1.03498e-06
 Reference value :  1.03611e-06
 Reference value :  1.03751e-06
 Reference value :  1.03894e-06
 Reference value :  1.04102e-06
 Reference value :  1.04304e-06
 Reference value :  1.04699e-06
 Reference value :  1.05538e-06
 Reference value :  1.06338e-06
 Reference value :  1.07088e-06
 Reference value :  1.07455e-06
 Reference value :  1.07472e-06
 Reference value :  1.07530e-06
 Reference value :  1.07583e-06
 Reference value :  1.07654e-06
 Reference value :  1.07864e-06
 Reference value :  1.08021e-06
 Reference value :  1.08210e-06
 Reference value :  1.08374e-06
 Reference value :  1.08544e-06
 Reference value :  1.08749e-06
 Reference value :  1.09039e-06
 Reference value :  1.09844e-06
 Reference value :  1.10794e-06
 Reference value :  1.11544e-06
 Reference value :  1.11628e-06
 Reference value :  1.11648e-06
 Reference value :  1.11693e-06
 Reference value :  1.11717e-06
 Reference value :  1.11725e-06
 Reference value :  1.11759e-06
 Reference value :  1.11778e-06
 Reference value :  1.11826e-06
 Reference value :  1.11893e-06
 Reference value :  1.12056e-06
 Reference value :  1.12180e-06
 Reference value :  1.12337e-06
 Reference value :  1.12499e-06
 Reference value :  1.12701e-06
 Reference value :  1.12880e-06
 Reference value :  1.13168e-06
 Reference value :  1.13875e-06
 Reference value :  1.14725e-06
 Reference value :  1.15475e-06
 Reference value :  1.15789e-06
 Reference value :  1.15803e-06
 Reference value :  1.15829e-06
 Reference value :  1.15893e-06
 Reference value :  1.15948e-06
 Reference value :  1.16079e-06
 Reference value :  1.16217e-06
 Reference value :  1.16382e-06
 Reference value :  1.16533e-06
 Reference value :  1.16700e-06
 Reference value :  1.16872e-06
 Reference value :  1.17115e-06
 Reference value :  1.17630e-06
 Reference value :  1.18430e-06
 Reference value :  1.19180e-06
 Reference value :  1.19951e-06
 Reference value :  1.19965e-06
 Reference value :  1.19984e-06
 Reference value :  1.20019e-06
 Reference value :  1.20054e-06
 Reference value :  1.20075e-06
 Reference value :  1.20101e-06
 Reference value :  1.20165e-06
 Reference value :  1.20269e-06
 Reference value :  1.20441e-06
 Reference value :  1.20638e-06
 Reference value :  1.20837e-06
 Reference value :  1.21069e-06
 Reference value :  1.21384e-06
 Reference value :  1.22036e-06
 Reference value :  1.22836e-06
 Reference value :  1.23686e-06
 Reference value :  1.24121e-06
 Reference value :  1.24133e-06
 Reference value :  1.24183e-06
 Reference value :  1.24232e-06
 Reference value :  1.24303e-06
 Reference value :  1.24372e-06
 Reference value :  1.24483e-06
 Reference value :  1.24634e-06
 Reference value :  1.24789e-06
 Reference value :  1.24986e-06
 Reference value :  1.25177e-06
 Reference value :  1.25369e-06
 Reference value :  1.25643e-06
 Reference value :  1.26301e-06
 Reference value :  1.27101e-06
 Reference value :  1.27901e-06
 Reference value :  1.28289e-06
 Reference value :  1.28303e-06
 Reference value :  1.28337e-06
 Reference value :  1.28370e-06
 Reference value :  1.28413e-06
 Reference value :  1.28469e-06
 Reference value :  1.28518e-06
 Reference value :  1.28652e-06
 Reference value :  1.28809e-06
 Reference value :  1.28988e-06
 Reference value :  1.29160e-06
 Reference value :  1.29325e-06
 Reference value :  1.29523e-06
 Reference value :  1.29783e-06
 Reference value :  1.30349e-06
 Reference value :  1.31099e-06
 Reference value :  1.31849e-06
 Reference value :  1.32451e-06
 Reference value :  1.32464e-06
 Reference value :  1.32497e-06
 Reference value :  1.32551e-06
 Reference value :  1.32595e-06
 Reference value :  1.32691e-06
 Reference value :  1.32837e-06
 Reference value :  1.33006e-06
 Reference value :  1.33158e-06
 Reference value :  1.33328e-06
 Reference value :  1.33500e-06
 Reference value :  1.33680e-06
 Reference value :  1.33904e-06
 Reference value :  1.33943e-06
 Reference value :  1.34110e-06
 Reference value :  1.34325e-06
 Reference value :  1.34522e-06
 Reference value :  1.34686e-06
 Reference value :  1.34897e-06
 Reference value :  1.35261e-06
 Reference value :  1.36010e-06
 Reference value :  1.36618e-06
 Reference value :  1.36630e-06
 Reference value :  1.36647e-06
 Reference value :  1.36691e-06
 Reference value :  1.36721e-06
 Reference value :  1.36771e-06
 Reference value :  1.36812e-06
 Reference value :  1.36891e-06
 Reference value :  1.37068e-06
 Reference value :  1.37252e-06
 Reference value :  1.37408e-06
 Reference value :  1.37567e-06
 Reference value :  1.37729e-06
 Reference value :  1.37950e-06
 Reference value :  1.38211e-06
 Reference value :  1.38843e-06
 Reference value :  1.39643e-06
 Reference value :  1.40443e-06
 Reference value :  1.40792e-06
 Reference value :  1.40841e-06
 Reference value :  1.40953e-06
 Reference value :  1.41264e-06
 Reference value :  1.41562e-06
 Reference value :  1.41847e-06
 Reference value :  1.42125e-06
 Reference value :  1.42536e-06
 Reference value :  1.43327e-06
 Reference value :  1.44127e-06
 Reference value :  1.44950e-06
 Reference value :  1.44962e-06
 Reference value :  1.44990e-06
 Reference value :  1.45050e-06
 Reference value :  1.45084e-06
 Reference value :  1.45193e-06
 Reference value :  1.45378e-06
 Reference value :  1.45556e-06
 Reference value :  1.45760e-06
 Reference value :  1.45942e-06
 Reference value :  1.46115e-06
 Reference value :  1.46325e-06
 Reference value :  1.46691e-06
 Reference value :  1.47481e-06
 Reference value :  1.48231e-06
 Reference value :  1.48981e-06
 Reference value :  1.49127e-06
 Reference value :  1.49146e-06
 Reference value :  1.49209e-06
 Reference value :  1.49267e-06
 Reference value :  1.49403e-06
 Reference value :  1.49583e-06
 Reference value :  1.49763e-06
 Reference value :  1.49940e-06
 Reference value :  1.50119e-06
 Reference value :  1.50298e-06
 Reference value :  1.50555e-06
 Reference value :  1.51063e-06
 Reference value :  1.51863e-06
 Reference value :  1.52663e-06
 Reference value :  1.53284e-06
 Reference value :  1.53298e-06
 Reference value :  1.53327e-06
 Reference value :  1.53377e-06
 Reference value :  1.53399e-06
 Reference value :  1.53466e-06
 Reference value :  1.53616e-06
 Reference value :  1.53748e-06
 Reference value :  1.53926e-06
 Reference value :  1.54106e-06
 Reference value :  1.54312e-06
 Reference value :  1.54466e-06
 Reference value :  1.54661e-06
 Reference value :  1.55027e-06
 Reference value :  1.55817e-06
 Reference value :  1.56617e-06
 Reference value :  1.57409e-06
 Reference value :  1.57461e-06
 Reference value :  1.57485e-06
 Reference value :  1.57542e-06
 Reference value :  1.57598e-06
 Reference value :  1.57730e-06
 Reference value :  1.57928e-06
 Reference value :  1.58106e-06
 Reference value :  1.58285e-06
 Reference value :  1.58488e-06
 Reference value :  1.58646e-06
 Reference value :  1.58838e-06
 Reference value :  1.59158e-06
 Reference value :  1.59945e-06
 Reference value :  1.60695e-06
 Reference value :  1.61445e-06
 Reference value :  1.61627e-06
 Reference value :  1.61647e-06
 Reference value :  1.61697e-06
 Reference value :  1.61726e-06
 Reference value :  1.61831e-06
 Reference value :  1.61964e-06
 Reference value :  1.62100e-06
 Reference value :  1.62251e-06
 Reference value :  1.62427e-06
 Reference value :  1.62588e-06
 Reference value :  1.62777e-06
 Reference value :  1.62980e-06
 Reference value :  1.63281e-06
 Reference value :  1.63957e-06
 Reference value :  1.64707e-06
 Reference value :  1.65507e-06
 Reference value :  1.65790e-06
 Reference value :  1.65810e-06
 Reference value :  1.65889e-06
 Reference value :  1.66063e-06
 Reference value :  1.66256e-06
 Reference value :  1.66409e-06
 Reference value :  1.66561e-06
 Reference value :  1.66733e-06
 Reference value :  1.66923e-06
 Reference value :  1.67098e-06
 Reference value :  1.67383e-06
 Reference value :  1.68080e-06
 Reference value :  1.68630e-06
 Reference value :  1.68783e-06
 Reference value :  1.68979e-06
 Reference value :  1.69216e-06
 Reference value :  1.69407e-06
 Reference value :  1.69657e-06
 Reference value :  1.69953e-06
 Reference value :  1.69966e-06
 Reference value :  1.69995e-06
 Reference value :  1.70035e-06
 Reference value :  1.70082e-06
 Reference value :  1.70126e-06
 Reference value :  1.70201e-06
 Reference value :  1.70383e-06
 Reference value :  1.70559e-06
 Reference value :  1.70731e-06
 Reference value :  1.70878e-06
 Reference value :  1.71056e-06
 Reference value :  1.71254e-06
 Reference value :  1.71556e-06
 Reference value :  1.72187e-06
 Reference value :  1.72987e-06
 Reference value :  1.73787e-06
 Reference value :  1.74124e-06
 Reference value :  1.74139e-06
 Reference value :  1.74188e-06
 Reference value :  1.74235e-06
 Reference value :  1.74305e-06
 Reference value :  1.74488e-06
 Reference value :  1.74686e-06
 Reference value :  1.74884e-06
 Reference value :  1.75101e-06
 Reference value :  1.75296e-06
 Reference value :  1.75531e-06
 Reference value :  1.76018e-06
 Reference value :  1.76818e-06
 Reference value :  1.77568e-06
 Reference value :  1.78284e-06
 Reference value :  1.78298e-06
 Reference value :  1.78321e-06
 Reference value :  1.78373e-06
 Reference value :  1.78427e-06
 Reference value :  1.78561e-06
 Reference value :  1.78688e-06
 Reference value :  1.78831e-06
 Reference value :  1.78968e-06
 Reference value :  1.79117e-06
 Reference value :  1.79288e-06
 Reference value :  1.79462e-06
 Reference value :  1.79657e-06
 Reference value :  1.80045e-06
 Reference value :  1.80837e-06
 Reference value :  1.81637e-06
 Reference value :  1.82387e-06
 Reference value :  1.82461e-06
 Reference value :  1.82486e-06
 Reference value :  1.82550e-06
 Reference value :  1.82607e-06
 Reference value :  1.82745e-06
 Reference value :  1.82903e-06
 Reference value :  1.83078e-06
 Reference value :  1.83254e-06
 Reference value :  1.83435e-06
 Reference value :  1.83627e-06
 Reference value :  1.83854e-06
 Reference value :  1.84246e-06
 Reference value :  1.85095e-06
 Reference value :  1.85995e-06
 Reference value :  1.86282e-06
 Reference value :  1.86458e-06
 Reference value :  1.86618e-06
 Reference value :  1.86633e-06
 Reference value :  1.86656e-06
 Reference value :  1.86697e-06
 Reference value :  1.86732e-06
 Reference value :  1.86777e-06
 Reference value :  1.86843e-06
 Reference value :  1.86975e-06
 Reference value :  1.87148e-06
 Reference value :  1.87336e-06
 Reference value :  1.87480e-06
 Reference value :  1.87649e-06
 Reference value :  1.87844e-06
 Reference value :  1.88063e-06
 Reference value :  1.88464e-06
 Reference value :  1.89261e-06
 Reference value :  1.90061e-06
 Reference value :  1.90784e-06
 Reference value :  1.90798e-06
 Reference value :  1.90825e-06
 Reference value :  1.90887e-06
 Reference value :  1.90930e-06
 Reference value :  1.91009e-06
 Reference value :  1.91169e-06
 Reference value :  1.91328e-06
 Reference value :  1.91483e-06
 Reference value :  1.91687e-06
 Reference value :  1.91849e-06
 Reference value :  1.92031e-06
 Reference value :  1.92293e-06
 Reference value :  1.92916e-06
 Reference value :  1.93816e-06
 Reference value :  1.94666e-06
 Reference value :  1.94957e-06
 Reference value :  1.94972e-06
 Reference value :  1.95000e-06
 Reference value :  1.95020e-06
 Reference value :  1.95038e-06
 Reference value :  1.95061e-06
 Reference value :  1.95101e-06
 Reference value :  1.95210e-06
 Reference value :  1.95379e-06
 Reference value :  1.95530e-06
 Reference value :  1.95694e-06
 Reference value :  1.95847e-06
 Reference value :  1.96029e-06
 Reference value :  1.96238e-06
 Reference value :  1.96521e-06
 Reference value :  1.97051e-06
 Reference value :  1.97851e-06
 Reference value :  1.98601e-06
 Reference value :  1.99121e-06
 Reference value :  1.99136e-06
 Reference value :  1.99171e-06
 Reference value :  1.99230e-06
 Reference value :  1.99258e-06
 Reference value :  1.99340e-06
 Reference value :  1.99518e-06
 Reference value :  1.99696e-06
 Reference value :  1.99906e-06
 Reference value :  2.00066e-06
 Reference value :  2.00242e-06
 Reference value :  2.00437e-06
 Reference value :  2.00796e-06
 Reference value :  2.01560e-06
 Reference value :  2.02410e-06
 Reference value :  2.03210e-06
 Reference value :  2.03285e-06
 Reference value :  2.03300e-06
 Reference value :  2.03340e-06
 Reference value :  2.03392e-06
 Reference value :  2.03458e-06
 Reference value :  2.03534e-06
 Reference value :  2.03661e-06
 Reference value :  2.03799e-06
 Reference value :  2.03978e-06
 Reference value :  2.04146e-06
 Reference value :  2.04339e-06
 Reference value :  2.04585e-06
 Reference value :  2.05211e-06
 Reference value :  2.06011e-06
 Reference value :  2.06761e-06
 Reference value :  2.07451e-06
 Reference value :  2.07466e-06
 Reference value :  2.07501e-06
 Reference value :  2.07552e-06
 Reference value :  2.07619e-06
 Reference value :  2.07788e-06
 Reference value :  2.07962e-06
 Reference value :  2.08107e-06
 Reference value :  2.08298e-06
 Reference value :  2.08482e-06
 Reference value :  2.08677e-06
 Reference value :  2.08900e-06
 Reference value :  2.09302e-06
 Reference value :  2.10346e-06
 Reference value :  2.11346e-06
 Reference value :  2.11622e-06
 Reference value :  2.11636e-06
 Reference value :  2.11667e-06
 Reference value :  2.11693e-06
 Reference value :  2.11719e-06
 Reference value :  2.11740e-06
 Reference value :  2.11794e-06
 Reference value :  2.11819e-06
 Reference value :  2.11865e-06
 Reference value :  2.12041e-06
 Reference value :  2.12210e-06
 Reference value :  2.12334e-06
 Reference value :  2.12488e-06
 Reference value :  2.12654e-06
 Reference value :  2.12836e-06
 Reference value :  2.13112e-06
 Reference value :  2.13728e-06
 Reference value :  2.14578e-06
 Reference value :  2.15328e-06
 Reference value :  2.15787e-06
 Reference value :  2.15805e-06
 Reference value :  2.15836e-06
 Reference value :  2.15902e-06
 Reference value :  2.15941e-06
 Reference value :  2.16026e-06
 Reference value :  2.16132e-06
 Reference value :  2.16275e-06
 Reference value :  2.16454e-06
 Reference value :  2.16654e-06
 Reference value :  2.16810e-06
 Reference value :  2.17027e-06
 Reference value :  2.17364e-06
 Reference value :  2.18157e-06
 Reference value :  2.18957e-06
 Reference value :  2.19757e-06
 Reference value :  2.19959e-06
 Reference value :  2.19979e-06
 Reference value :  2.20005e-06
 Reference value :  2.20026e-06
 Reference value :  2.20055e-06
 Reference value :  2.20075e-06
 Reference value :  2.20112e-06
 Reference value :  2.20191e-06
 Reference value :  2.20363e-06
 Reference value :  2.20513e-06
 Reference value :  2.20696e-06
 Reference value :  2.20883e-06
 Reference value :  2.21119e-06
 Reference value :  2.21486e-06
 Reference value :  2.22224e-06
 Reference value :  2.22974e-06
 Reference value :  2.23774e-06
 Reference value :  2.24125e-06
 Reference value :  2.24145e-06
 Reference value :  2.24209e-06
 Reference value :  2.24264e-06
 Reference value :  2.24362e-06
 Reference value :  2.24403e-06
 Reference value :  2.24489e-06
 Reference value :  2.24644e-06
 Reference value :  2.24806e-06
 Reference value :  2.24971e-06
 Reference value :  2.25150e-06
 Reference value :  2.25350e-06
 Reference value :  2.25693e-06
 Reference value :  2.26485e-06
 Reference value :  2.27285e-06
 Reference value :  2.28035e-06
 Reference value :  2.28293e-06
 Reference value :  2.28311e-06
 Reference value :  2.28350e-06
 Reference value :  2.28381e-06
 Reference value :  2.28424e-06
 Reference value :  2.28494e-06
 Reference value :  2.28613e-06
 Reference value :  2.28770e-06
 Reference value :  2.28896e-06
 Reference value :  2.29060e-06
 Reference value :  2.29248e-06
 Reference value :  2.29437e-06
 Reference value :  2.29650e-06
 Reference value :  2.29961e-06
 Reference value :  2.30628e-06
 Reference value :  2.31378e-06
 Reference value :  2.32178e-06
 Reference value :  2.32457e-06
 Reference value :  2.32475e-06
 Reference value :  2.32542e-06
 Reference value :  2.32591e-06
 Reference value :  2.32723e-06
 Reference value :  2.32887e-06
 Reference value :  2.33084e-06
 Reference value :  2.33296e-06
 Reference value :  2.33497e-06
 Reference value :  2.33691e-06
 Reference value :  2.33995e-06
 Reference value :  2.34547e-06
 Reference value :  2.35147e-06
 Reference value :  2.35997e-06
 Reference value :  2.36620e-06
 Reference value :  2.36632e-06
 Reference value :  2.36661e-06
 Reference value :  2.36702e-06
 Reference value :  2.36746e-06
 Reference value :  2.36841e-06
 Reference value :  2.37003e-06
 Reference value :  2.37194e-06
 Reference value :  2.37333e-06
 Reference value :  2.37510e-06
 Reference value :  2.37664e-06
 Reference value :  2.37875e-06
 Reference value :  2.38097e-06
 Reference value :  2.38553e-06
 Reference value :  2.39303e-06
 Reference value :  2.40103e-06
 Reference value :  2.40784e-06
 Reference value :  2.40795e-06
 Reference value :  2.40818e-06
 Reference value :  2.40874e-06
 Reference value :  2.40928e-06
 Reference value :  2.41023e-06
 Reference value :  2.41195e-06
 Reference value :  2.41350e-06
 Reference value :  2.41490e-06
 Reference value :  2.41649e-06
 Reference value :  2.41839e-06
 Reference value :  2.42027e-06
 Reference value :  2.42300e-06
 Reference value :  2.42880e-06
 Reference value :  2.43313e-06
 Reference value :  2.43480e-06
 Reference value :  2.43683e-06
 Reference value :  2.43862e-06
 Reference value :  2.44054e-06
 Reference value :  2.44299e-06
 Reference value :  2.44854e-06
 Reference value :  2.44962e-06
 Reference value :  2.44992e-06
 Reference value :  2.45030e-06
 Reference value :  2.45076e-06
 Reference value :  2.45119e-06
 Reference value :  2.45186e-06
 Reference value :  2.45342e-06
 Reference value :  2.45514e-06
 Reference value :  2.45675e-06
 Reference value :  2.45851e-06
 Reference value :  2.46029e-06
 Reference value :  2.46236e-06
 Reference value :  2.46516e-06
 Reference value :  2.46972e-06
 Reference value :  2.47772e-06
 Reference value :  2.48522e-06
 Reference value :  2.49120e-06
 Reference value :  2.49143e-06
 Reference value :  2.49203e-06
 Reference value :  2.49257e-06
 Reference value :  2.49353e-06
 Reference value :  2.49554e-06
 Reference value :  2.49788e-06
 Reference value :  2.49985e-06
 Reference value :  2.50191e-06
 Reference value :  2.50363e-06
 Reference value :  2.50633e-06
 Reference value :  2.51103e-06
 Reference value :  2.51703e-06
 Reference value :  2.52403e-06
 Reference value :  2.53153e-06
 Reference value :  2.53294e-06
 Reference value :  2.53311e-06
 Reference value :  2.53352e-06
 Reference value :  2.53387e-06
 Reference value :  2.53428e-06
 Reference value :  2.53512e-06
 Reference value :  2.53651e-06
 Reference value :  2.53841e-06
 Reference value :  2.53994e-06
 Reference value :  2.54158e-06
 Reference value :  2.54325e-06
 Reference value :  2.54517e-06
 Reference value :  2.54768e-06
 Reference value :  2.55268e-06
 Reference value :  2.56068e-06
 Reference value :  2.56868e-06
 Reference value :  2.57453e-06
 Reference value :  2.57465e-06
 Reference value :  2.57494e-06
 Reference value :  2.57550e-06
 Reference value :  2.57604e-06
 Reference value :  2.57716e-06
 Reference value :  2.57870e-06
 Reference value :  2.58026e-06
 Reference value :  2.58186e-06
 Reference value :  2.58328e-06
 Reference value :  2.58532e-06
 Reference value :  2.58695e-06
 Reference value :  2.58962e-06
 Reference value :  2.59594e-06
 Reference value :  2.60144e-06
 Reference value :  2.61044e-06
 Reference value :  2.61621e-06
 Reference value :  2.61638e-06
 Reference value :  2.61674e-06
 Reference value :  2.61717e-06
 Reference value :  2.61745e-06
 Reference value :  2.61807e-06
 Reference value :  2.61917e-06
 Reference value :  2.62075e-06
 Reference value :  2.62229e-06
 Reference value :  2.62398e-06
 Reference value :  2.62563e-06
 Reference value :  2.62716e-06
 Reference value :  2.62910e-06
 Reference value :  2.63195e-06
 Reference value :  2.63827e-06
 Reference value :  2.64627e-06
 Reference value :  2.65377e-06
 Reference value :  2.65789e-06
 Reference value :  2.65803e-06
 Reference value :  2.65860e-06
 Reference value :  2.65918e-06
 Reference value :  2.66036e-06
 Reference value :  2.66184e-06
 Reference value :  2.66351e-06
 Reference value :  2.66503e-06
 Reference value :  2.66689e-06
 Reference value :  2.66888e-06
 Reference value :  2.67078e-06
 Reference value :  2.67375e-06
 Reference value :  2.68050e-06
 Reference value :  2.68635e-06
 Reference value :  2.69485e-06
 Reference value :  2.69954e-06
 Reference value :  2.69969e-06
 Reference value :  2.70004e-06
 Reference value :  2.70037e-06
 Reference value :  2.70078e-06
 Reference value :  2.70114e-06
 Reference value :  2.70230e-06
 Reference value :  2.70375e-06
 Reference value :  2.70544e-06
 Reference value :  2.70693e-06
 Reference value :  2.70852e-06
 Reference value :  2.71017e-06
 Reference value :  2.71183e-06
 Reference value :  2.71463e-06
 Reference value :  2.72127e-06
 Reference value :  2.72927e-06
 Reference value :  2.73777e-06
 Reference value :  2.74124e-06
 Reference value :  2.74142e-06
 Reference value :  2.74198e-06
 Reference value :  2.74257e-06
 Reference value :  2.74343e-06
 Reference value :  2.74513e-06
 Reference value :  2.74684e-06
 Reference value :  2.74838e-06
 Reference value :  2.74996e-06
 Reference value :  2.75180e-06
 Reference value :  2.75364e-06
 Reference value :  2.75579e-06
 Reference value :  2.76058e-06
 Reference value :  2.76608e-06
 Reference value :  2.77408e-06
 Reference value :  2.78246e-06
 Reference value :  2.78295e-06
 Reference value :  2.78317e-06
 Reference value :  2.78356e-06
 Reference value :  2.78387e-06
 Reference value :  2.78429e-06
 Reference value :  2.78510e-06
 Reference value :  2.78701e-06
 Reference value :  2.78868e-06
 Reference value :  2.79047e-06
 Reference value :  2.79222e-06
 Reference value :  2.79390e-06
 Reference value :  2.79578e-06
 Reference value :  2.79944e-06
 Reference value :  2.80667e-06
 Reference value :  2.81467e-06
 Reference value :  2.82267e-06
 Reference value :  2.82459e-06
 Reference value :  2.82475e-06
 Reference value :  2.82541e-06
 Reference value :  2.82594e-06
 Reference value :  2.82689e-06
 Reference value :  2.82860e-06
 Reference value :  2.83016e-06
 Reference value :  2.83171e-06
 Reference value :  2.83330e-06
 Reference value :  2.83514e-06
 Reference value :  2.83699e-06
 Reference value :  2.83941e-06
 Reference value :  2.84491e-06
 Reference value :  2.85041e-06
 Reference value :  2.85638e-06
 Reference value :  2.86488e-06
 Reference value :  2.86627e-06
 Reference value :  2.86645e-06
 Reference value :  2.86695e-06
 Reference value :  2.86724e-06
 Reference value :  2.86762e-06
 Reference value :  2.86857e-06
 Reference value :  2.87028e-06
 Reference value :  2.87189e-06
 Reference value :  2.87373e-06
 Reference value :  2.87520e-06
 Reference value :  2.87732e-06
 Reference value :  2.87960e-06
 Reference value :  2.88260e-06
 Reference value :  2.88980e-06
 Reference value :  2.89780e-06
 Reference value :  2.90580e-06
 Reference value :  2.90791e-06
 Reference value :  2.90805e-06
 Reference value :  2.90865e-06
 Reference value :  2.90923e-06
 Reference value :  2.91008e-06
 Reference value :  2.91160e-06
 Reference value :  2.91322e-06
 Reference value :  2.91465e-06
 Reference value :  2.91608e-06
 Reference value :  2.91826e-06
 Reference value :  2.92029e-06
 Reference value :  2.92324e-06
 Reference value :  2.92977e-06
 Reference value :  2.93473e-06
 Reference value :  2.94196e-06
 Reference value :  2.94950e-06
 Reference value :  2.94964e-06
 Reference value :  2.94987e-06
 Reference value :  2.95015e-06
 Reference value :  2.95031e-06
 Reference value :  2.95051e-06
 Reference value :  2.95090e-06
 Reference value :  2.95195e-06
 Reference value :  2.95397e-06
 Reference value :  2.95555e-06
 Reference value :  2.95712e-06
 Reference value :  2.95878e-06
 Reference value :  2.96043e-06
 Reference value :  2.96252e-06
 Reference value :  2.96622e-06
 Reference value :  2.97340e-06
 Reference value :  2.98140e-06
 Reference value :  2.98890e-06
 Reference value :  2.99125e-06
 Reference value :  2.99141e-06
 Reference value :  2.99187e-06
 Reference value :  2.99241e-06
 Reference value :  2.99310e-06
 Reference value :  2.99514e-06
 Reference value :  2.99677e-06
 Reference value :  2.99891e-06
 Reference value :  3.00110e-06
 Reference value :  3.00364e-06
 Reference value :  3.00726e-06
 Reference value :  3.01520e-06
 Reference value :  3.01991e-06
 Reference value :  3.02265e-06
 Reference value :  3.03097e-06
 Reference value :  3.03294e-06
 Reference value :  3.03314e-06
 Reference value :  3.03364e-06
 Reference value :  3.03407e-06
 Reference value :  3.03416e-06
 Reference value :  3.03495e-06
 Reference value :  3.03628e-06
 Reference value :  3.03814e-06
 Reference value :  3.03966e-06
 Reference value :  3.04153e-06
 Reference value :  3.04329e-06
 Reference value :  3.04539e-06
 Reference value :  3.04851e-06
 Reference value :  3.05518e-06
 Reference value :  3.06418e-06
 Reference value :  3.07218e-06
 Reference value :  3.07458e-06
 Reference value :  3.07475e-06
 Reference value :  3.07542e-06
 Reference value :  3.07595e-06
 Reference value :  3.07695e-06
 Reference value :  3.07884e-06
 Reference value :  3.08034e-06
 Reference value :  3.08178e-06
 Reference value :  3.08352e-06
 Reference value :  3.08523e-06
 Reference value :  3.08716e-06
 Reference value :  3.09091e-06
 Reference value :  3.09809e-06
 Reference value :  3.10201e-06
 Reference value :  3.10645e-06
 Reference value :  3.11495e-06
 Reference value :  3.11627e-06
 Reference value :  3.11647e-06
 Reference value :  3.11683e-06
 Reference value :  3.11718e-06
 Reference value :  3.11767e-06
 Reference value :  3.11786e-06
 Reference value :  3.11820e-06
 Reference value :  3.11988e-06
 Reference value :  3.12125e-06
 Reference value :  3.12289e-06
 Reference value :  3.12439e-06
 Reference value :  3.12619e-06
 Reference value :  3.12833e-06
 Reference value :  3.13127e-06
 Reference value :  3.13836e-06
 Reference value :  3.14636e-06
 Reference value :  3.15436e-06
 Reference value :  3.15792e-06
 Reference value :  3.15810e-06
 Reference value :  3.15852e-06
 Reference value :  3.15914e-06
 Reference value :  3.15951e-06
 Reference value :  3.16055e-06
 Reference value :  3.16146e-06
 Reference value :  3.16314e-06
 Reference value :  3.16470e-06
 Reference value :  3.16623e-06
 Reference value :  3.16799e-06
 Reference value :  3.16957e-06
 Reference value :  3.17154e-06
 Reference value :  3.17538e-06
 Reference value :  3.18282e-06
 Reference value :  3.19032e-06
 Reference value :  3.19832e-06
 Reference value :  3.19961e-06
 Reference value :  3.19979e-06
 Reference value :  3.20012e-06
 Reference value :  3.20050e-06
 Reference value :  3.20073e-06
 Reference value :  3.20098e-06
 Reference value :  3.20123e-06
 Reference value :  3.20187e-06
 Reference value :  3.20360e-06
 Reference value :  3.20513e-06
 Reference value :  3.20702e-06
 Reference value :  3.20892e-06
 Reference value :  3.21101e-06
 Reference value :  3.21458e-06
 Reference value :  3.22249e-06
 Reference value :  3.22999e-06
 Reference value :  3.23799e-06
 Reference value :  3.24123e-06
 Reference value :  3.24142e-06
 Reference value :  3.24217e-06
 Reference value :  3.24247e-06
 Reference value :  3.24300e-06
 Reference value :  3.24438e-06
 Reference value :  3.24578e-06
 Reference value :  3.24655e-06
 Reference value :  3.24805e-06
 Reference value :  3.24955e-06
 Reference value :  3.25102e-06
 Reference value :  3.25300e-06
 Reference value :  3.25491e-06
 Reference value :  3.25805e-06
 Reference value :  3.26382e-06
 Reference value :  3.27182e-06
 Reference value :  3.27982e-06
 Reference value :  3.28290e-06
 Reference value :  3.28304e-06
 Reference value :  3.28342e-06
 Reference value :  3.28371e-06
 Reference value :  3.28409e-06
 Reference value :  3.28454e-06
 Reference value :  3.28518e-06
 Reference value :  3.28650e-06
 Reference value :  3.28820e-06
 Reference value :  3.28991e-06
 Reference value :  3.29159e-06
 Reference value :  3.29336e-06
 Reference value :  3.29524e-06
 Reference value :  3.29806e-06
 Reference value :  3.30329e-06
 Reference value :  3.31129e-06
 Reference value :  3.31929e-06
 Reference value :  3.32453e-06
 Reference value :  3.32466e-06
 Reference value :  3.32509e-06
 Reference value :  3.32566e-06
 Reference value :  3.32645e-06
 Reference value :  3.32763e-06
 Reference value :  3.32884e-06
 Reference value :  3.33055e-06
 Reference value :  3.33230e-06
 Reference value :  3.33423e-06
 Reference value :  3.33614e-06
 Reference value :  3.33824e-06
 Reference value :  3.34127e-06
 Reference value :  3.34797e-06
 Reference value :  3.35597e-06
 Reference value :  3.36347e-06
 Reference value :  3.36625e-06
 Reference value :  3.36644e-06
 Reference value :  3.36679e-06
 Reference value :  3.36714e-06
 Reference value :  3.36750e-06
 Reference value :  3.36802e-06
 Reference value :  3.36932e-06
 Reference value :  3.37091e-06
 Reference value :  3.37241e-06
 Reference value :  3.37381e-06
 Reference value :  3.37558e-06
 Reference value :  3.37772e-06
 Reference value :  3.37970e-06
 Reference value :  3.38235e-06
 Reference value :  3.39007e-06
 Reference value :  3.39807e-06
 Reference value :  3.40557e-06
 Reference value :  3.40791e-06
 Reference value :  3.40808e-06
 Reference value :  3.40865e-06
 Reference value :  3.40923e-06
 Reference value :  3.41014e-06
 Reference value :  3.41134e-06
 Reference value :  3.41290e-06
 Reference value :  3.41424e-06
 Reference value :  3.41594e-06
 Reference value :  3.41747e-06
 Reference value :  3.41941e-06
 Reference value :  3.42145e-06
 Reference value :  3.42560e-06
 Reference value :  3.43401e-06
 Reference value :  3.44201e-06
 Reference value :  3.44951e-06
 Reference value :  3.44966e-06
 Reference value :  3.44994e-06
 Reference value :  3.45050e-06
 Reference value :  3.45110e-06
 Reference value :  3.45251e-06
 Reference value :  3.45402e-06
 Reference value :  3.45598e-06
 Reference value :  3.45839e-06
 Reference value :  3.46100e-06
 Reference value :  3.46458e-06
 Reference value :  3.47490e-06
 Reference value :  3.48790e-06
 Reference value :  3.49129e-06
 Reference value :  3.49187e-06
 Reference value :  3.49229e-06
 Reference value :  3.49301e-06
 Reference value :  3.49429e-06
 Reference value :  3.49532e-06
 Reference value :  3.49708e-06
 Reference value :  3.49864e-06
 Reference value :  3.50021e-06
 Reference value :  3.50226e-06
 Reference value :  3.50449e-06
 Reference value :  3.50791e-06
 Reference value :  3.51565e-06
 Reference value :  3.52315e-06
 Reference value :  3.53165e-06
 Reference value :  3.53292e-06
 Reference value :  3.53308e-06
 Reference value :  3.53351e-06
 Reference value :  3.53383e-06
 Reference value :  3.53417e-06
 Reference value :  3.53475e-06
 Reference value :  3.53589e-06
 Reference value :  3.53764e-06
 Reference value :  3.53916e-06
 Reference value :  3.54072e-06
 Reference value :  3.54239e-06
 Reference value :  3.54427e-06
 Reference value :  3.54628e-06
 Reference value :  3.54873e-06
 Reference value :  3.55574e-06
 Reference value :  3.56374e-06
 Reference value :  3.57124e-06
 Reference value :  3.57457e-06
 Reference value :  3.57470e-06
 Reference value :  3.57532e-06
 Reference value :  3.57584e-06
 Reference value :  3.57725e-06
 Reference value :  3.57830e-06
 Reference value :  3.57965e-06
 Reference value :  3.58127e-06
 Reference value :  3.58316e-06
 Reference value :  3.58495e-06
 Reference value :  3.58693e-06
 Reference value :  3.58971e-06
 Reference value :  3.59508e-06
 Reference value :  3.60258e-06
 Reference value :  3.61108e-06
 Reference value :  3.61619e-06
 Reference value :  3.61632e-06
 Reference value :  3.61660e-06
 Reference value :  3.61706e-06
 Reference value :  3.61768e-06
 Reference value :  3.61847e-06
 Reference value :  3.61997e-06
 Reference value :  3.62154e-06
 Reference value :  3.62305e-06
 Reference value :  3.62447e-06
 Reference value :  3.62625e-06
 Reference value :  3.62803e-06
 Reference value :  3.63024e-06
 Reference value :  3.63363e-06
 Reference value :  3.64152e-06
 Reference value :  3.64952e-06
 Reference value :  3.65743e-06
 Reference value :  3.65793e-06
 Reference value :  3.65815e-06
 Reference value :  3.65873e-06
 Reference value :  3.65928e-06
 Reference value :  3.66066e-06
 Reference value :  3.66142e-06
 Reference value :  3.66317e-06
 Reference value :  3.66488e-06
 Reference value :  3.66652e-06
 Reference value :  3.66837e-06
 Reference value :  3.67020e-06
 Reference value :  3.67294e-06
 Reference value :  3.67880e-06
 Reference value :  3.68680e-06
 Reference value :  3.69480e-06
 Reference value :  3.69954e-06
 Reference value :  3.69971e-06
 Reference value :  3.70011e-06
 Reference value :  3.70042e-06
 Reference value :  3.70090e-06
 Reference value :  3.70170e-06
 Reference value :  3.70312e-06
 Reference value :  3.70495e-06
 Reference value :  3.70646e-06
 Reference value :  3.70787e-06
 Reference value :  3.70956e-06
 Reference value :  3.71128e-06
 Reference value :  3.71383e-06
 Reference value :  3.71715e-06
 Reference value :  3.72447e-06
 Reference value :  3.73197e-06
 Reference value :  3.73997e-06
 Reference value :  3.74126e-06
 Reference value :  3.74141e-06
 Reference value :  3.74198e-06
 Reference value :  3.74257e-06
 Reference value :  3.74341e-06
 Reference value :  3.74451e-06
 Reference value :  3.74611e-06
 Reference value :  3.74755e-06
 Reference value :  3.74921e-06
 Reference value :  3.75097e-06
 Reference value :  3.75287e-06
 Reference value :  3.75502e-06
 Reference value :  3.75886e-06
 Reference value :  3.76626e-06
 Reference value :  3.77426e-06
 Reference value :  3.78176e-06
 Reference value :  3.78292e-06
 Reference value :  3.78309e-06
 Reference value :  3.78352e-06
 Reference value :  3.78385e-06
 Reference value :  3.78439e-06
 Reference value :  3.78544e-06
 Reference value :  3.78704e-06
 Reference value :  3.78868e-06
 Reference value :  3.79062e-06
 Reference value :  3.79323e-06
 Reference value :  3.79624e-06
 Reference value :  3.79924e-06
 Reference value :  3.80574e-06
 Reference value :  3.81374e-06
 Reference value :  3.82174e-06
 Reference value :  3.82458e-06
 Reference value :  3.82474e-06
 Reference value :  3.82514e-06
 Reference value :  3.82568e-06
 Reference value :  3.82625e-06
 Reference value :  3.82752e-06
 Reference value :  3.82878e-06
 Reference value :  3.83043e-06
 Reference value :  3.83212e-06
 Reference value :  3.83398e-06
 Reference value :  3.83573e-06
 Reference value :  3.83771e-06
 Reference value :  3.84070e-06
 Reference value :  3.84709e-06
 Reference value :  3.85509e-06
 Reference value :  3.86309e-06
 Reference value :  3.86623e-06
 Reference value :  3.86638e-06
 Reference value :  3.86679e-06
 Reference value :  3.86717e-06
 Reference value :  3.86733e-06
 Reference value :  3.86757e-06
 Reference value :  3.86826e-06
 Reference value :  3.86991e-06
 Reference value :  3.87144e-06
 Reference value :  3.87304e-06
 Reference value :  3.87459e-06
 Reference value :  3.87619e-06
 Reference value :  3.87795e-06
 Reference value :  3.88037e-06
 Reference value :  3.88447e-06
 Reference value :  3.89247e-06
 Reference value :  3.90047e-06
 Reference value :  3.90784e-06
 Reference value :  3.90798e-06
 Reference value :  3.90820e-06
 Reference value :  3.90873e-06
 Reference value :  3.90922e-06
 Reference value :  3.91017e-06
 Reference value :  3.91161e-06
 Reference value :  3.91303e-06
 Reference value :  3.91453e-06
 Reference value :  3.91619e-06
 Reference value :  3.91776e-06
 Reference value :  3.91952e-06
 Reference value :  3.92162e-06
 Reference value :  3.92489e-06
 Reference value :  3.93221e-06
 Reference value :  3.93971e-06
 Reference value :  3.94721e-06
 Reference value :  3.94958e-06
 Reference value :  3.94974e-06
 Reference value :  3.95001e-06
 Reference value :  3.95022e-06
 Reference value :  3.95050e-06
 Reference value :  3.95067e-06
 Reference value :  3.95102e-06
 Reference value :  3.95209e-06
 Reference value :  3.95379e-06
 Reference value :  3.95546e-06
 Reference value :  3.95698e-06
 Reference value :  3.95848e-06
 Reference value :  3.96045e-06
 Reference value :  3.96235e-06
 Reference value :  3.96479e-06
 Reference value :  3.97088e-06
 Reference value :  3.97888e-06
 Reference value :  3.98688e-06
 Reference value :  3.99121e-06
 Reference value :  3.99132e-06
 Reference value :  3.99158e-06
 Reference value :  3.99217e-06
 Reference value :  3.99269e-06
 Reference value :  3.99406e-06
 Reference value :  3.99516e-06
 Reference value :  3.99691e-06
 Reference value :  3.99868e-06
 Reference value :  4.00034e-06
 Reference value :  4.00241e-06
 Reference value :  4.00428e-06
 Reference value :  4.00705e-06
 Reference value :  4.01214e-06
 Reference value :  4.02014e-06
 Reference value :  4.02764e-06
 Reference value :  4.03286e-06
 Reference value :  4.03298e-06
 Reference value :  4.03327e-06
 Reference value :  4.03372e-06
 Reference value :  4.03390e-06
 Reference value :  4.03431e-06
 Reference value :  4.03521e-06
 Reference value :  4.03692e-06
 Reference value :  4.03861e-06
 Reference value :  4.04047e-06
 Reference value :  4.04240e-06
 Reference value :  4.04416e-06
 Reference value :  4.04654e-06
 Reference value :  4.05160e-06
 Reference value :  4.05910e-06
 Reference value :  4.06710e-06
 Reference value :  4.07451e-06
 Reference value :  4.07464e-06
 Reference value :  4.07493e-06
 Reference value :  4.07582e-06
 Reference value :  4.07610e-06
 Reference value :  4.07733e-06
 Reference value :  4.07851e-06
 Reference value :  4.07931e-06
 Reference value :  4.08132e-06
 Reference value :  4.08270e-06
 Reference value :  4.08471e-06
 Reference value :  4.08632e-06
 Reference value :  4.08871e-06
 Reference value :  4.09379e-06
 Reference value :  4.10179e-06
 Reference value :  4.10979e-06
 Reference value :  4.11619e-06
 Reference value :  4.11632e-06
 Reference value :  4.11655e-06
 Reference value :  4.11704e-06
 Reference value :  4.11763e-06
 Reference value :  4.11805e-06
 Reference value :  4.11846e-06
 Reference value :  4.11913e-06
 Reference value :  4.12063e-06
 Reference value :  4.12228e-06
 Reference value :  4.12377e-06
 Reference value :  4.12552e-06
 Reference value :  4.12748e-06
 Reference value :  4.12962e-06
 Reference value :  4.13415e-06
 Reference value :  4.14215e-06
 Reference value :  4.15015e-06
 Reference value :  4.15783e-06
 Reference value :  4.15795e-06
 Reference value :  4.15815e-06
 Reference value :  4.15883e-06
 Reference value :  4.15931e-06
 Reference value :  4.16033e-06
 Reference value :  4.16142e-06
 Reference value :  4.16252e-06
 Reference value :  4.16396e-06
 Reference value :  4.16530e-06
 Reference value :  4.16746e-06
 Reference value :  4.16936e-06
 Reference value :  4.17137e-06
 Reference value :  4.17601e-06
 Reference value :  4.18401e-06
 Reference value :  4.19251e-06
 Reference value :  4.19951e-06
 Reference value :  4.19965e-06
 Reference value :  4.19987e-06
 Reference value :  4.20016e-06
 Reference value :  4.20050e-06
 Reference value :  4.20073e-06
 Reference value :  4.20095e-06
 Reference value :  4.20178e-06
 Reference value :  4.20306e-06
 Reference value :  4.20452e-06
 Reference value :  4.20621e-06
 Reference value :  4.20797e-06
 Reference value :  4.20970e-06
 Reference value :  4.21192e-06
 Reference value :  4.21599e-06
 Reference value :  4.22345e-06
 Reference value :  4.23145e-06
 Reference value :  4.23945e-06
 Reference value :  4.24125e-06
 Reference value :  4.24139e-06
 Reference value :  4.24189e-06
 Reference value :  4.24253e-06
 Reference value :  4.24328e-06
 Reference value :  4.24430e-06
 Reference value :  4.24562e-06
 Reference value :  4.24709e-06
 Reference value :  4.24884e-06
 Reference value :  4.25040e-06
 Reference value :  4.25259e-06
 Reference value :  4.25464e-06
 Reference value :  4.25825e-06
 Reference value :  4.26620e-06
 Reference value :  4.27420e-06
 Reference value :  4.28252e-06
 Reference value :  4.28295e-06
 Reference value :  4.28329e-06
 Reference value :  4.28376e-06
 Reference value :  4.28404e-06
 Reference value :  4.28434e-06
 Reference value :  4.28449e-06
 Reference value :  4.28530e-06
 Reference value :  4.28692e-06
 Reference value :  4.28863e-06
 Reference value :  4.29039e-06
 Reference value :  4.29212e-06
 Reference value :  4.29423e-06
 Reference value :  4.29609e-06
 Reference value :  4.30069e-06
 Reference value :  4.30919e-06
 Reference value :  4.31719e-06
 Reference value :  4.32451e-06
 Reference value :  4.32462e-06
 Reference value :  4.32488e-06
 Reference value :  4.32550e-06
 Reference value :  4.32603e-06
 Reference value :  4.32730e-06
 Reference value :  4.32946e-06
 Reference value :  4.33163e-06
 Reference value :  4.33363e-06
 Reference value :  4.33574e-06
 Reference value :  4.33751e-06
 Reference value :  4.34023e-06
 Reference value :  4.34638e-06
 Reference value :  4.35129e-06
 Reference value :  4.35221e-06
 Reference value :  4.35381e-06
 Reference value :  4.35563e-06
 Reference value :  4.35739e-06
 Reference value :  4.35910e-06
 Reference value :  4.36196e-06
 Reference value :  4.36620e-06
 Reference value :  4.36634e-06
 Reference value :  4.36665e-06
 Reference value :  4.36704e-06
 Reference value :  4.36724e-06
 Reference value :  4.36765e-06
 Reference value :  4.36788e-06
 Reference value :  4.36864e-06
 Reference value :  4.37007e-06
 Reference value :  4.37176e-06
 Reference value :  4.37313e-06
 Reference value :  4.37486e-06
 Reference value :  4.37652e-06
 Reference value :  4.37862e-06
 Reference value :  4.38133e-06
 Reference value :  4.38659e-06
 Reference value :  4.39409e-06
 Reference value :  4.40209e-06
 Reference value :  4.40786e-06
 Reference value :  4.40799e-06
 Reference value :  4.40832e-06
 Reference value :  4.40883e-06
 Reference value :  4.40935e-06
 Reference value :  4.41062e-06
 Reference value :  4.41261e-06
 Reference value :  4.41422e-06
 Reference value :  4.41587e-06
 Reference value :  4.41767e-06
 Reference value :  4.41966e-06
 Reference value :  4.42190e-06
 Reference value :  4.42568e-06
 Reference value :  4.43081e-06
 Reference value :  4.43303e-06
 Reference value :  4.43654e-06
 Reference value :  4.44390e-06
 Reference value :  4.44953e-06
 Reference value :  4.44965e-06
 Reference value :  4.44999e-06
 Reference value :  4.45031e-06
 Reference value :  4.45057e-06
 Reference value :  4.45101e-06
 Reference value :  4.45224e-06
 Reference value :  4.45379e-06
 Reference value :  4.45530e-06
 Reference value :  4.45694e-06
 Reference value :  4.45856e-06
 Reference value :  4.46014e-06
 Reference value :  4.46227e-06
 Reference value :  4.46536e-06
 Reference value :  4.47250e-06
 Reference value :  4.48050e-06
 Reference value :  4.48850e-06
 Reference value :  4.49123e-06
 Reference value :  4.49139e-06
 Reference value :  4.49170e-06
 Reference value :  4.49232e-06
 Reference value :  4.49314e-06
 Reference value :  4.49518e-06
 Reference value :  4.49734e-06
 Reference value :  4.49916e-06
 Reference value :  4.50117e-06
 Reference value :  4.50280e-06
 Reference value :  4.50483e-06
 Reference value :  4.50791e-06
 Reference value :  4.51563e-06
 Reference value :  4.51800e-06
 Reference value :  4.51928e-06
 Reference value :  4.52157e-06
 Reference value :  4.52368e-06
 Reference value :  4.52531e-06
 Reference value :  4.52742e-06
 Reference value :  4.53110e-06
 Reference value :  4.53292e-06
 Reference value :  4.53309e-06
 Reference value :  4.53356e-06
 Reference value :  4.53392e-06
 Reference value :  4.53437e-06
 Reference value :  4.53470e-06
 Reference value :  4.53584e-06
 Reference value :  4.53729e-06
 Reference value :  4.53909e-06
 Reference value :  4.54058e-06
 Reference value :  4.54251e-06
 Reference value :  4.54458e-06
 Reference value :  4.54652e-06
 Reference value :  4.54988e-06
 Reference value :  4.55727e-06
 Reference value :  4.56477e-06
 Reference value :  4.57277e-06
 Reference value :  4.57458e-06
 Reference value :  4.57475e-06
 Reference value :  4.57541e-06
 Reference value :  4.57593e-06
 Reference value :  4.57717e-06
 Reference value :  4.57916e-06
 Reference value :  4.58150e-06
 Reference value :  4.58330e-06
 Reference value :  4.58557e-06
 Reference value :  4.58754e-06
 Reference value :  4.59069e-06
 Reference value :  4.59700e-06
 Reference value :  4.60132e-06
 Reference value :  4.60272e-06
 Reference value :  4.60489e-06
 Reference value :  4.60699e-06
 Reference value :  4.60883e-06
 Reference value :  4.61150e-06
 Reference value :  4.61617e-06
 Reference value :  4.61631e-06
 Reference value :  4.61657e-06
 Reference value :  4.61706e-06
 Reference value :  4.61731e-06
 Reference value :  4.61782e-06
 Reference value :  4.61859e-06
 Reference value :  4.61986e-06
 Reference value :  4.62123e-06
 Reference value :  4.62279e-06
 Reference value :  4.62446e-06
 Reference value :  4.62627e-06
 Reference value :  4.62809e-06
 Reference value :  4.63006e-06
 Reference value :  4.63407e-06
 Reference value :  4.64204e-06
 Reference value :  4.65004e-06
 Reference value :  4.65783e-06
 Reference value :  4.65793e-06
 Reference value :  4.65809e-06
 Reference value :  4.65866e-06
 Reference value :  4.65916e-06
 Reference value :  4.65980e-06
 Reference value :  4.66166e-06
 Reference value :  4.66379e-06
 Reference value :  4.66575e-06
 Reference value :  4.66833e-06
 Reference value :  4.67088e-06
 Reference value :  4.67461e-06
 Reference value :  4.68335e-06
 Reference value :  4.68418e-06
 Reference value :  4.68580e-06
 Reference value :  4.68796e-06
 Reference value :  4.68996e-06
 Reference value :  4.69196e-06
 Reference value :  4.69493e-06
 Reference value :  4.69950e-06
 Reference value :  4.69964e-06
 Reference value :  4.69991e-06
 Reference value :  4.70031e-06
 Reference value :  4.70052e-06
 Reference value :  4.70094e-06
 Reference value :  4.70148e-06
 Reference value :  4.70260e-06
 Reference value :  4.70438e-06
 Reference value :  4.70633e-06
 Reference value :  4.70784e-06
 Reference value :  4.70950e-06
 Reference value :  4.71165e-06
 Reference value :  4.71377e-06
 Reference value :  4.71743e-06
 Reference value :  4.72433e-06
 Reference value :  4.73233e-06
 Reference value :  4.74033e-06
 Reference value :  4.74127e-06
 Reference value :  4.74146e-06
 Reference value :  4.74206e-06
 Reference value :  4.74244e-06
 Reference value :  4.74297e-06
 Reference value :  4.74456e-06
 Reference value :  4.74627e-06
 Reference value :  4.74783e-06
 Reference value :  4.74958e-06
 Reference value :  4.75167e-06
 Reference value :  4.75345e-06
 Reference value :  4.75602e-06
 Reference value :  4.76260e-06
 Reference value :  4.76593e-06
 Reference value :  4.76732e-06
 Reference value :  4.76935e-06
 Reference value :  4.77129e-06
 Reference value :  4.77307e-06
 Reference value :  4.77510e-06
 Reference value :  4.77865e-06
 Reference value :  4.78288e-06
 Reference value :  4.78301e-06
 Reference value :  4.78328e-06
 Reference value :  4.78362e-06
 Reference value :  4.78392e-06
 Reference value :  4.78439e-06
 Reference value :  4.78516e-06
 Reference value :  4.78674e-06
 Reference value :  4.78807e-06
 Reference value :  4.78944e-06
 Reference value :  4.79117e-06
 Reference value :  4.79312e-06
 Reference value :  4.79495e-06
 Reference value :  4.79738e-06
 Reference value :  4.80163e-06
 Reference value :  4.80963e-06
 Reference value :  4.81713e-06
 Reference value :  4.82450e-06
 Reference value :  4.82462e-06
 Reference value :  4.82481e-06
 Reference value :  4.82541e-06
 Reference value :  4.82597e-06
 Reference value :  4.82729e-06
 Reference value :  4.82959e-06
 Reference value :  4.83137e-06
 Reference value :  4.83315e-06
 Reference value :  4.83509e-06
 Reference value :  4.83700e-06
 Reference value :  4.84065e-06
 Reference value :  4.84900e-06
 Reference value :  4.85032e-06
 Reference value :  4.85188e-06
 Reference value :  4.85405e-06
 Reference value :  4.85619e-06
 Reference value :  4.85821e-06
 Reference value :  4.86054e-06
 Reference value :  4.86583e-06
 Reference value :  4.86628e-06
 Reference value :  4.86647e-06
 Reference value :  4.86694e-06
 Reference value :  4.86719e-06
 Reference value :  4.86741e-06
 Reference value :  4.86778e-06
 Reference value :  4.86853e-06
 Reference value :  4.87012e-06
 Reference value :  4.87187e-06
 Reference value :  4.87319e-06
 Reference value :  4.87501e-06
 Reference value :  4.87702e-06
 Reference value :  4.87919e-06
 Reference value :  4.88240e-06
 Reference value :  4.88957e-06
 Reference value :  4.89757e-06
 Reference value :  4.90557e-06
 Reference value :  4.90791e-06
 Reference value :  4.90809e-06
 Reference value :  4.90853e-06
 Reference value :  4.90902e-06
 Reference value :  4.90978e-06
 Reference value :  4.91197e-06
 Reference value :  4.91410e-06
 Reference value :  4.91608e-06
 Reference value :  4.91837e-06
 Reference value :  4.92031e-06
 Reference value :  4.92432e-06
 Reference value :  4.93333e-06
 Reference value :  4.93415e-06
 Reference value :  4.93588e-06
 Reference value :  4.93776e-06
 Reference value :  4.93953e-06
 Reference value :  4.94115e-06
 Reference value :  4.94389e-06
 Reference value :  4.94818e-06
 Reference value :  4.94960e-06
 Reference value :  4.94975e-06
 Reference value :  4.95009e-06
 Reference value :  4.95030e-06
 Reference value :  4.95050e-06
 Reference value :  4.95089e-06
 Reference value :  4.95113e-06
 Reference value :  4.95171e-06
 Reference value :  4.95313e-06
 Reference value :  4.95491e-06
 Reference value :  4.95681e-06
 Reference value :  4.95843e-06
 Reference value :  4.96047e-06
 Reference value :  4.96238e-06
 Reference value :  4.96475e-06
 Reference value :  4.97146e-06
 Reference value :  4.97996e-06
 Reference value :  4.98796e-06
 Reference value :  4.99123e-06
 Reference value :  4.99137e-06
 Reference value :  4.99175e-06
 Reference value :  4.99229e-06
 Reference value :  4.99289e-06
 Reference value :  4.99473e-06
 Reference value :  4.99668e-06
 Reference value :  4.99820e-06
 Reference value :  4.99993e-06
 Reference value :  5.00182e-06
 Reference value :  5.00366e-06
 Reference value :  5.00725e-06
 Reference value :  5.01372e-06
 Reference value :  5.01649e-06
 Reference value :  5.01925e-06
 Reference value :  5.02631e-06
 Reference value :  5.03284e-06
 Reference value :  5.03295e-06
 Reference value :  5.03315e-06
 Reference value :  5.03358e-06
 Reference value :  5.03397e-06
 Reference value :  5.03443e-06
 Reference value :  5.03558e-06
 Reference value :  5.03703e-06
 Reference value :  5.03850e-06
 Reference value :  5.04015e-06
 Reference value :  5.04182e-06
 Reference value :  5.04364e-06
 Reference value :  5.04664e-06
 Reference value :  5.05406e-06
 Reference value :  5.06256e-06
 Reference value :  5.07106e-06
 Reference value :  5.07458e-06
 Reference value :  5.07476e-06
 Reference value :  5.07532e-06
 Reference value :  5.07596e-06
 Reference value :  5.07706e-06
 Reference value :  5.07921e-06
 Reference value :  5.08133e-06
 Reference value :  5.08349e-06
 Reference value :  5.08560e-06
 Reference value :  5.08776e-06
 Reference value :  5.09209e-06
 Reference value :  5.09893e-06
 Reference value :  5.10086e-06
 Reference value :  5.10503e-06
 Reference value :  5.11303e-06
 Reference value :  5.11623e-06
 Reference value :  5.11638e-06
 Reference value :  5.11680e-06
 Reference value :  5.11717e-06
 Reference value :  5.11736e-06
 Reference value :  5.11766e-06
 Reference value :  5.11797e-06
 Reference value :  5.11849e-06
 Reference value :  5.11902e-06
 Reference value :  5.12056e-06
 Reference value :  5.12228e-06
 Reference value :  5.12373e-06
 Reference value :  5.12543e-06
 Reference value :  5.12736e-06
 Reference value :  5.12951e-06
 Reference value :  5.13299e-06
 Reference value :  5.14095e-06
 Reference value :  5.14895e-06
 Reference value :  5.15695e-06
 Reference value :  5.15794e-06
 Reference value :  5.15815e-06
 Reference value :  5.15883e-06
 Reference value :  5.15933e-06
 Reference value :  5.16021e-06
 Reference value :  5.16165e-06
 Reference value :  5.16269e-06
 Reference value :  5.16405e-06
 Reference value :  5.16575e-06
 Reference value :  5.16755e-06
 Reference value :  5.16970e-06
 Reference value :  5.17222e-06
 Reference value :  5.17842e-06
 Reference value :  5.18642e-06
 Reference value :  5.19442e-06
 Reference value :  5.19953e-06
 Reference value :  5.19965e-06
 Reference value :  5.19985e-06
 Reference value :  5.20018e-06
 Reference value :  5.20060e-06
 Reference value :  5.20084e-06
 Reference value :  5.20107e-06
 Reference value :  5.20180e-06
 Reference value :  5.20369e-06
 Reference value :  5.20518e-06
 Reference value :  5.20671e-06
 Reference value :  5.20860e-06
 Reference value :  5.21044e-06
 Reference value :  5.21344e-06
 Reference value :  5.22092e-06
 Reference value :  5.22892e-06
 Reference value :  5.23692e-06
 Reference value :  5.24121e-06
 Reference value :  5.24134e-06
 Reference value :  5.24174e-06
 Reference value :  5.24233e-06
 Reference value :  5.24313e-06
 Reference value :  5.24418e-06
 Reference value :  5.24590e-06
 Reference value :  5.24745e-06
 Reference value :  5.24912e-06
 Reference value :  5.25118e-06
 Reference value :  5.25350e-06
 Reference value :  5.25600e-06
 Reference value :  5.26249e-06
 Reference value :  5.27049e-06
 Reference value :  5.27849e-06
 Reference value :  5.28288e-06
 Reference value :  5.28300e-06
 Reference value :  5.28336e-06
 Reference value :  5.28367e-06
 Reference value :  5.28403e-06
 Reference value :  5.28466e-06
 Reference value :  5.28584e-06
 Reference value :  5.28734e-06
 Reference value :  5.28874e-06
 Reference value :  5.29047e-06
 Reference value :  5.29187e-06
 Reference value :  5.29371e-06
 Reference value :  5.29594e-06
 Reference value :  5.29977e-06
 Reference value :  5.30700e-06
 Reference value :  5.31500e-06
 Reference value :  5.32250e-06
 Reference value :  5.32457e-06
 Reference value :  5.32481e-06
 Reference value :  5.32541e-06
 Reference value :  5.32597e-06
 Reference value :  5.32701e-06
 Reference value :  5.32866e-06
 Reference value :  5.33080e-06
 Reference value :  5.33279e-06
 Reference value :  5.33485e-06
 Reference value :  5.33666e-06
 Reference value :  5.33818e-06
 Reference value :  5.33998e-06
 Reference value :  5.34300e-06
 Reference value :  5.34897e-06
 Reference value :  5.35697e-06
 Reference value :  5.36497e-06
 Reference value :  5.36626e-06
 Reference value :  5.36644e-06
 Reference value :  5.36687e-06
 Reference value :  5.36714e-06
 Reference value :  5.36765e-06
 Reference value :  5.36841e-06
 Reference value :  5.36981e-06
 Reference value :  5.37139e-06
 Reference value :  5.37312e-06
 Reference value :  5.37479e-06
 Reference value :  5.37644e-06
 Reference value :  5.37893e-06
 Reference value :  5.38090e-06
 Reference value :  5.38619e-06
 Reference value :  5.39369e-06
 Reference value :  5.40219e-06
 Reference value :  5.40785e-06
 Reference value :  5.40798e-06
 Reference value :  5.40821e-06
 Reference value :  5.40883e-06
 Reference value :  5.40939e-06
 Reference value :  5.41102e-06
 Reference value :  5.41280e-06
 Reference value :  5.41480e-06
 Reference value :  5.41643e-06
 Reference value :  5.41845e-06
 Reference value :  5.42032e-06
 Reference value :  5.42305e-06
 Reference value :  5.42783e-06
 Reference value :  5.43683e-06
 Reference value :  5.44433e-06
 Reference value :  5.44956e-06
 Reference value :  5.44971e-06
 Reference value :  5.45002e-06
 Reference value :  5.45035e-06
 Reference value :  5.45078e-06
 Reference value :  5.45195e-06
 Reference value :  5.45347e-06
 Reference value :  5.45514e-06
 Reference value :  5.45728e-06
 Reference value :  5.45900e-06
 Reference value :  5.46061e-06
 Reference value :  5.46286e-06
 Reference value :  5.46741e-06
 Reference value :  5.47488e-06
 Reference value :  5.48288e-06
 Reference value :  5.49077e-06
 Reference value :  5.49128e-06
 Reference value :  5.49152e-06
 Reference value :  5.49217e-06
 Reference value :  5.49273e-06
 Reference value :  5.49439e-06
 Reference value :  5.49615e-06
 Reference value :  5.49812e-06
 Reference value :  5.49975e-06
 Reference value :  5.50158e-06
 Reference value :  5.50365e-06
 Reference value :  5.50616e-06
 Reference value :  5.51066e-06
 Reference value :  5.51816e-06
 Reference value :  5.52666e-06
 Reference value :  5.53284e-06
 Reference value :  5.53298e-06
 Reference value :  5.53326e-06
 Reference value :  5.53365e-06
 Reference value :  5.53400e-06
 Reference value :  5.53524e-06
 Reference value :  5.53653e-06
 Reference value :  5.53794e-06
 Reference value :  5.53960e-06
 Reference value :  5.54125e-06
 Reference value :  5.54280e-06
 Reference value :  5.54453e-06
 Reference value :  5.54703e-06
 Reference value :  5.55134e-06
 Reference value :  5.55984e-06
 Reference value :  5.56784e-06
 Reference value :  5.57451e-06
 Reference value :  5.57465e-06
 Reference value :  5.57490e-06
 Reference value :  5.57555e-06
 Reference value :  5.57613e-06
 Reference value :  5.57785e-06
 Reference value :  5.57978e-06
 Reference value :  5.58159e-06
 Reference value :  5.58335e-06
 Reference value :  5.58519e-06
 Reference value :  5.58705e-06
 Reference value :  5.59077e-06
 Reference value :  5.60312e-06
 Reference value :  5.61562e-06
 Reference value :  5.61637e-06
 Reference value :  5.61685e-06
 Reference value :  5.61759e-06
 Reference value :  5.62000e-06
 Reference value :  5.62286e-06
 Reference value :  5.62461e-06
 Reference value :  5.62647e-06
 Reference value :  5.62847e-06
 Reference value :  5.63069e-06
 Reference value :  5.63519e-06
 Reference value :  5.64319e-06
 Reference value :  5.65119e-06
 Reference value :  5.65784e-06
 Reference value :  5.65798e-06
 Reference value :  5.65823e-06
 Reference value :  5.65885e-06
 Reference value :  5.65944e-06
 Reference value :  5.66092e-06
 Reference value :  5.66281e-06
 Reference value :  5.66460e-06
 Reference value :  5.66635e-06
 Reference value :  5.66814e-06
 Reference value :  5.67011e-06
 Reference value :  5.67241e-06
 Reference value :  5.67780e-06
 Reference value :  5.68680e-06
 Reference value :  5.69480e-06
 Reference value :  5.69954e-06
 Reference value :  5.69971e-06
 Reference value :  5.70006e-06
 Reference value :  5.70050e-06
 Reference value :  5.70132e-06
 Reference value :  5.70244e-06
 Reference value :  5.70361e-06
 Reference value :  5.70542e-06
 Reference value :  5.70715e-06
 Reference value :  5.70915e-06
 Reference value :  5.71110e-06
 Reference value :  5.71332e-06
 Reference value :  5.71722e-06
 Reference value :  5.72567e-06
 Reference value :  5.73317e-06
 Reference value :  5.74117e-06
 Reference value :  5.74132e-06
 Reference value :  5.74153e-06
 Reference value :  5.74217e-06
 Reference value :  5.74254e-06
 Reference value :  5.74341e-06
 Reference value :  5.74516e-06
 Reference value :  5.74689e-06
 Reference value :  5.74883e-06
 Reference value :  5.75096e-06
 Reference value :  5.75380e-06
 Reference value :  5.75662e-06
 Reference value :  5.76412e-06
 Reference value :  5.77262e-06
 Reference value :  5.78112e-06
 Reference value :  5.78291e-06
 Reference value :  5.78310e-06
 Reference value :  5.78351e-06
 Reference value :  5.78385e-06
 Reference value :  5.78472e-06
 Reference value :  5.78606e-06
 Reference value :  5.78748e-06
 Reference value :  5.78906e-06
 Reference value :  5.79074e-06
 Reference value :  5.79255e-06
 Reference value :  5.79448e-06
 Reference value :  5.79669e-06
 Reference value :  5.80073e-06
 Reference value :  5.80873e-06
 Reference value :  5.81673e-06
 Reference value :  5.82450e-06
 Reference value :  5.82461e-06
 Reference value :  5.82480e-06
 Reference value :  5.82540e-06
 Reference value :  5.82594e-06
 Reference value :  5.82732e-06
 Reference value :  5.82905e-06
 Reference value :  5.83064e-06
 Reference value :  5.83234e-06
 Reference value :  5.83410e-06
 Reference value :  5.83595e-06
 Reference value :  5.83822e-06
 Reference value :  5.84119e-06
 Reference value :  5.84985e-06
 Reference value :  5.85785e-06
 Reference value :  5.86576e-06
 Reference value :  5.86628e-06
 Reference value :  5.86645e-06
 Reference value :  5.86692e-06
 Reference value :  5.86724e-06
 Reference value :  5.86803e-06
 Reference value :  5.86924e-06
 Reference value :  5.87085e-06
 Reference value :  5.87237e-06
 Reference value :  5.87415e-06
 Reference value :  5.87582e-06
 Reference value :  5.87760e-06
 Reference value :  5.87994e-06
 Reference value :  5.88317e-06
 Reference value :  5.89043e-06
 Reference value :  5.90093e-06
 Reference value :  5.90794e-06
 Reference value :  5.90837e-06
 Reference value :  5.90934e-06
 Reference value :  5.91131e-06
 Reference value :  5.91308e-06
 Reference value :  5.91478e-06
 Reference value :  5.91633e-06
 Reference value :  5.91833e-06
 Reference value :  5.92027e-06
 Reference value :  5.92272e-06
 Reference value :  5.92776e-06
 Reference value :  5.93576e-06
 Reference value :  5.94376e-06
 Reference value :  5.94953e-06
 Reference value :  5.94967e-06
 Reference value :  5.94994e-06
 Reference value :  5.95039e-06
 Reference value :  5.95103e-06
 Reference value :  5.95239e-06
 Reference value :  5.95380e-06
 Reference value :  5.95531e-06
 Reference value :  5.95700e-06
 Reference value :  5.95848e-06
 Reference value :  5.96040e-06
 Reference value :  5.96285e-06
 Reference value :  5.96643e-06
 Reference value :  5.97476e-06
 Reference value :  5.98326e-06
 Reference value :  5.99117e-06
 Reference value :  5.99130e-06
 Reference value :  5.99154e-06
 Reference value :  5.99217e-06
 Reference value :  5.99268e-06
 Reference value :  5.99432e-06
 Reference value :  5.99623e-06
 Reference value :  5.99781e-06
 Reference value :  5.99969e-06
 Reference value :  6.00159e-06
 Reference value :  6.00360e-06
 Reference value :  6.00576e-06
 Reference value :  6.01113e-06
 Reference value :  6.01913e-06
 Reference value :  6.02713e-06
 Reference value :  6.03286e-06
 Reference value :  6.03302e-06
 Reference value :  6.03327e-06
 Reference value :  6.03374e-06
 Reference value :  6.03420e-06
 Reference value :  6.03456e-06
 Reference value :  6.03501e-06
 Reference value :  6.03669e-06
 Reference value :  6.03873e-06
 Reference value :  6.04137e-06
 Reference value :  6.04802e-06
 Reference value :  6.05652e-06
 Reference value :  6.06452e-06
 Reference value :  6.07252e-06
 Reference value :  6.07461e-06
 Reference value :  6.07480e-06
 Reference value :  6.07535e-06
 Reference value :  6.07608e-06
 Reference value :  6.07790e-06
 Reference value :  6.07978e-06
 Reference value :  6.08131e-06
 Reference value :  6.08287e-06
 Reference value :  6.08427e-06
 Reference value :  6.08608e-06
 Reference value :  6.08801e-06
 Reference value :  6.09070e-06
 Reference value :  6.09720e-06
 Reference value :  6.10570e-06
 Reference value :  6.11320e-06
 Reference value :  6.11626e-06
 Reference value :  6.11643e-06
 Reference value :  6.11674e-06
 Reference value :  6.11694e-06
 Reference value :  6.11714e-06
 Reference value :  6.11724e-06
 Reference value :  6.11747e-06
 Reference value :  6.11779e-06
 Reference value :  6.11810e-06
 Reference value :  6.11926e-06
 Reference value :  6.12127e-06
 Reference value :  6.12288e-06
 Reference value :  6.12443e-06
 Reference value :  6.12596e-06
 Reference value :  6.12767e-06
 Reference value :  6.12920e-06
 Reference value :  6.13188e-06
 Reference value :  6.13542e-06
 Reference value :  6.14339e-06
 Reference value :  6.15139e-06
 Reference value :  6.15786e-06
 Reference value :  6.15800e-06
 Reference value :  6.15821e-06
 Reference value :  6.15883e-06
 Reference value :  6.15930e-06
 Reference value :  6.15999e-06
 Reference value :  6.16127e-06
 Reference value :  6.16320e-06
 Reference value :  6.16514e-06
 Reference value :  6.16707e-06
 Reference value :  6.16886e-06
 Reference value :  6.17130e-06
 Reference value :  6.17514e-06
 Reference value :  6.18264e-06
 Reference value :  6.19114e-06
 Reference value :  6.19907e-06
 Reference value :  6.19962e-06
 Reference value :  6.19982e-06
 Reference value :  6.20022e-06
 Reference value :  6.20060e-06
 Reference value :  6.20081e-06
 Reference value :  6.20097e-06
 Reference value :  6.20147e-06
 Reference value :  6.20266e-06
 Reference value :  6.20434e-06
 Reference value :  6.20589e-06
 Reference value :  6.20757e-06
 Reference value :  6.20950e-06
 Reference value :  6.21151e-06
 Reference value :  6.21494e-06
 Reference value :  6.22340e-06
 Reference value :  6.23140e-06
 Reference value :  6.23940e-06
 Reference value :  6.24126e-06
 Reference value :  6.24141e-06
 Reference value :  6.24209e-06
 Reference value :  6.24268e-06
 Reference value :  6.24371e-06
 Reference value :  6.24502e-06
 Reference value :  6.24669e-06
 Reference value :  6.24826e-06
 Reference value :  6.25021e-06
 Reference value :  6.25224e-06
 Reference value :  6.25420e-06
 Reference value :  6.25758e-06
 Reference value :  6.26547e-06
 Reference value :  6.27397e-06
 Reference value :  6.28240e-06
 Reference value :  6.28294e-06
 Reference value :  6.28313e-06
No. of Data Rows : 28817

  Measurements for Transient Analysis

d9_c1               =  -1.35931e-04
d8_c1               =  -1.22216e-04
d7_c1               =  1.79997e+00
d6_c1               =  1.79997e+00
d5_c1               =  1.79997e+00
d4_c1               =  -1.22230e-04
d3_c1               =  1.79997e+00
d2_c1               =  -1.22230e-04
d1_c1               =  1.79997e+00
d0_c1               =  -1.22226e-04
d9_c2               =  -1.20545e-04
d8_c2               =  1.79998e+00
d7_c2               =  -1.05986e-04
d6_c2               =  1.79998e+00
d5_c2               =  1.79998e+00
d4_c2               =  1.79998e+00
d3_c2               =  1.79998e+00
d2_c2               =  1.79998e+00
d1_c2               =  1.79998e+00
d0_c2               =  1.79998e+00
d9_c3               =  -1.20666e-04
d8_c3               =  1.79997e+00
d7_c3               =  1.79997e+00
d6_c3               =  1.79997e+00
d5_c3               =  1.79997e+00
d4_c3               =  1.79997e+00
d3_c3               =  1.79997e+00
d2_c3               =  1.79997e+00
d1_c3               =  1.79997e+00
d0_c3               =  1.79997e+00
d9_c4               =  1.79998e+00
d8_c4               =  -1.11778e-04
d7_c4               =  1.79997e+00
d6_c4               =  -1.11778e-04
d5_c4               =  -1.11778e-04
d4_c4               =  -1.11778e-04
d3_c4               =  -1.11779e-04
d2_c4               =  -1.11778e-04
d1_c4               =  -1.11780e-04
d0_c4               =  1.79997e+00
d9_c5               =  1.79998e+00
d8_c5               =  1.79997e+00
d7_c5               =  1.79997e+00
d6_c5               =  1.79997e+00
d5_c5               =  1.79997e+00
d4_c5               =  1.79997e+00
d3_c5               =  1.79997e+00
d2_c5               =  1.79997e+00
d1_c5               =  1.79997e+00
d0_c5               =  1.79997e+00
busy_c1_p0          =  1.79998e+00
smpl_c1_p0          =  -1.00715e-04
busy_c1_p1          =  1.79997e+00
smpl_c1_p1          =  -9.89405e-05
busy_c1_p2          =  1.79996e+00
smpl_c1_p2          =  -1.01779e-04
busy_c1_p3          =  1.79997e+00
smpl_c1_p3          =  -1.12527e-04
busy_c1_p4          =  1.79996e+00
smpl_c1_p4          =  -1.16652e-04
busy_c1_p5          =  1.79996e+00
smpl_c1_p5          =  -1.02164e-04
busy_c1_p6          =  1.79997e+00
smpl_c1_p6          =  -1.04514e-04
busy_c1_p7          =  1.79997e+00
smpl_c1_p7          =  -1.08226e-04
busy_c1_p8          =  1.79995e+00
smpl_c1_p8          =  -1.25067e-04
busy_c1_p9          =  1.79996e+00
smpl_c1_p9          =  -1.23331e-04
busy_c1_p10         =  1.79997e+00
smpl_c1_p10         =  -1.12476e-04
busy_c1_p11         =  -1.03079e-04
smpl_c1_p11         =  1.80000e+00
busy_c2_p0          =  1.79996e+00
smpl_c2_p0          =  -9.81943e-05
busy_c2_p1          =  1.79997e+00
smpl_c2_p1          =  -1.13098e-04
busy_c2_p2          =  1.79996e+00
smpl_c2_p2          =  -1.13765e-04
busy_c2_p3          =  1.79997e+00
smpl_c2_p3          =  -1.00581e-04
busy_c2_p4          =  1.79996e+00
smpl_c2_p4          =  -1.04075e-04
busy_c2_p5          =  1.79997e+00
smpl_c2_p5          =  -9.84697e-05
busy_c2_p6          =  1.79996e+00
smpl_c2_p6          =  -9.94572e-05
busy_c2_p7          =  1.79996e+00
smpl_c2_p7          =  -1.01048e-04
busy_c2_p8          =  1.79995e+00
smpl_c2_p8          =  -1.25153e-04
busy_c2_p9          =  1.79997e+00
smpl_c2_p9          =  -1.09742e-04
busy_c2_p10         =  1.79998e+00
smpl_c2_p10         =  -1.00936e-04
busy_c2_p11         =  -1.02292e-04
smpl_c2_p11         =  1.80000e+00
busy_c3_p0          =  1.79998e+00
smpl_c3_p0          =  -9.68805e-05
busy_c3_p1          =  1.79998e+00
smpl_c3_p1          =  -1.04736e-04
busy_c3_p2          =  1.79996e+00
smpl_c3_p2          =  -1.04053e-04
busy_c3_p3          =  1.79996e+00
smpl_c3_p3          =  -9.88059e-05
busy_c3_p4          =  1.79996e+00
smpl_c3_p4          =  -9.91373e-05
busy_c3_p5          =  1.79996e+00
smpl_c3_p5          =  -1.05909e-04
busy_c3_p6          =  1.79997e+00
smpl_c3_p6          =  -1.02679e-04
busy_c3_p7          =  1.79997e+00
smpl_c3_p7          =  -1.05833e-04
busy_c3_p8          =  1.79996e+00
smpl_c3_p8          =  -1.01224e-04
busy_c3_p9          =  1.79997e+00
smpl_c3_p9          =  -1.10959e-04
busy_c3_p10         =  1.79996e+00
smpl_c3_p10         =  -9.76539e-05
busy_c3_p11         =  -8.46920e-05
smpl_c3_p11         =  1.80001e+00
busy_c4_p0          =  1.79997e+00
smpl_c4_p0          =  -1.13386e-04
busy_c4_p1          =  1.79998e+00
smpl_c4_p1          =  -1.03183e-04
busy_c4_p2          =  1.79996e+00
smpl_c4_p2          =  -1.12625e-04
busy_c4_p3          =  1.79997e+00
smpl_c4_p3          =  -1.01997e-04
busy_c4_p4          =  1.79996e+00
smpl_c4_p4          =  -1.01500e-04
busy_c4_p5          =  1.79997e+00
smpl_c4_p5          =  -1.04092e-04
busy_c4_p6          =  1.79996e+00
smpl_c4_p6          =  -1.08525e-04
busy_c4_p7          =  1.79996e+00
smpl_c4_p7          =  -9.95489e-05
busy_c4_p8          =  1.79997e+00
smpl_c4_p8          =  -1.11673e-04
busy_c4_p9          =  1.79997e+00
smpl_c4_p9          =  -1.04584e-04
busy_c4_p10         =  1.79997e+00
smpl_c4_p10         =  -1.06704e-04
busy_c4_p11         =  -8.00193e-05
smpl_c4_p11         =  1.80000e+00
busy_c5_p0          =  1.79997e+00
smpl_c5_p0          =  -1.13600e-04
busy_c5_p1          =  1.79996e+00
smpl_c5_p1          =  -1.00653e-04
busy_c5_p2          =  1.79997e+00
smpl_c5_p2          =  -1.05656e-04
busy_c5_p3          =  1.79998e+00
smpl_c5_p3          =  -9.90230e-05
busy_c5_p4          =  1.79996e+00
smpl_c5_p4          =  -9.65200e-05
busy_c5_p5          =  1.79996e+00
smpl_c5_p5          =  -9.60037e-05
busy_c5_p6          =  1.79997e+00
smpl_c5_p6          =  -1.09541e-04
busy_c5_p7          =  1.79996e+00
smpl_c5_p7          =  -1.11107e-04
busy_c5_p8          =  1.79996e+00
smpl_c5_p8          =  -1.14458e-04
busy_c5_p9          =  1.79997e+00
smpl_c5_p9          =  -1.10851e-04
busy_c5_p10         =  1.79997e+00
smpl_c5_p10         =  -1.12583e-04
busy_c5_p11         =  -9.03818e-05
smpl_c5_p11         =  1.80001e+00
i_vdd               =  -2.02160e-06 from=  3.20000e-06 to=  4.20002e-06
i_vpwr              =  -6.18810e-06 from=  3.20000e-06 to=  4.20002e-06
i_vrefp             =  -6.49732e-06 from=  3.20000e-06 to=  4.20002e-06
i_vrefn             =  6.48561e-06 from=  3.20000e-06 to=  4.20002e-06
i_vcm               =  1.18675e-08 from=  3.20000e-06 to=  4.20002e-06
gnd_die_pp          =  1.44341e-02 from=  3.20000e-06 to=  4.20000e-06
gnd_die_max         =  8.35329e-03 at=  4.11817e-06
gnd_die_min         =  -6.08085e-03 at=  3.20062e-06
vgnd_die_pp         =  1.41102e-02 from=  3.20000e-06 to=  4.20000e-06
vgnd_die_max        =  6.06265e-03 at=  3.95025e-06
vgnd_die_min        =  -8.04758e-03 at=  3.53417e-06
vdd_die_pp          =  1.19537e-02 from=  3.20000e-06 to=  4.20000e-06
vdd_die_max         =  1.80514e+00 at=  3.20084e-06
vdd_die_min         =  1.79318e+00 at=  3.20062e-06
vpwr_die_pp         =  1.53621e-02 from=  3.20000e-06 to=  4.20000e-06
vpwr_die_max        =  1.80911e+00 at=  3.86736e-06
vpwr_die_min        =  1.79374e+00 at=  3.95019e-06


Total analysis time (seconds) = 912.257

Total elapsed time (seconds) = 965.243 

Total DRAM available = 98304.000 MB.
DRAM currently available = 12649.672 MB.
Maximum ngspice program size =  827.312 MB.
Current ngspice program size =  827.312 MB.

