
Note: Compatibility modes selected: hs a


Circuit: * sim/supply-impedance-sensitivity -- ground/supply-return impedance

option SCALE: Scale is set to 1e-06 for instance and model parameters
option SCALE: Scale is set to 1e-06 for instance and model parameters
option SCALE: Scale is set to 1e-06 for instance and model parameters
option SCALE: Scale is set to 1e-06 for instance and model parameters
Doing analysis at TEMP = 27.000000 and TNOM = 27.000000

Using KLU as Direct Linear Solver
 Reference value :  0.00000e+00
 Reference value :  7.64000e-09
 Reference value :  1.91400e-08
 Reference value :  2.01084e-08
 Reference value :  2.02661e-08
 Reference value :  2.05390e-08
 Reference value :  2.07762e-08
 Reference value :  2.10713e-08
 Reference value :  2.12450e-08
 Reference value :  2.20112e-08
 Reference value :  2.39493e-08
 Reference value :  2.59121e-08
 Reference value :  2.88328e-08
 Reference value :  3.42019e-08
 Reference value :  4.42019e-08
 Reference value :  5.27019e-08
 Reference value :  6.02019e-08
 Reference value :  6.82019e-08
 Reference value :  7.57019e-08
 Reference value :  8.37019e-08
 Reference value :  9.17019e-08
 Reference value :  9.97019e-08
 Reference value :  1.07702e-07
 Reference value :  1.16202e-07
 Reference value :  1.24202e-07
 Reference value :  1.32702e-07
 Reference value :  1.40702e-07
 Reference value :  1.48202e-07
 Reference value :  1.55702e-07
 Reference value :  1.63702e-07
 Reference value :  1.71702e-07
 Reference value :  1.79702e-07
 Reference value :  1.88202e-07
 Reference value :  1.95702e-07
 Reference value :  1.99562e-07
 Reference value :  1.99690e-07
 Reference value :  2.00088e-07
 Reference value :  2.00500e-07
 Reference value :  2.00881e-07
 Reference value :  2.01323e-07
 Reference value :  2.02717e-07
 Reference value :  2.04512e-07
 Reference value :  2.06295e-07
 Reference value :  2.07897e-07
 Reference value :  2.09445e-07
 Reference value :  2.11261e-07
 Reference value :  2.13436e-07
 Reference value :  2.17522e-07
 Reference value :  2.26500e-07
 Reference value :  2.34500e-07
 Reference value :  2.41172e-07
 Reference value :  2.41304e-07
 Reference value :  2.41680e-07
 Reference value :  2.42391e-07
 Reference value :  2.43349e-07
 Reference value :  2.44462e-07
 Reference value :  2.46118e-07
 Reference value :  2.47906e-07
 Reference value :  2.49833e-07
 Reference value :  2.51560e-07
 Reference value :  2.53351e-07
 Reference value :  2.55395e-07
 Reference value :  2.59025e-07
 Reference value :  2.67025e-07
 Reference value :  2.75525e-07
 Reference value :  2.82840e-07
 Reference value :  2.82957e-07
 Reference value :  2.83301e-07
 Reference value :  2.83710e-07
 Reference value :  2.84167e-07
 Reference value :  2.84795e-07
 Reference value :  2.85493e-07
 Reference value :  2.87140e-07
 Reference value :  2.88701e-07
 Reference value :  2.90698e-07
 Reference value :  2.92497e-07
 Reference value :  2.94448e-07
 Reference value :  2.96187e-07
 Reference value :  2.99094e-07
 Reference value :  3.06162e-07
 Reference value :  3.14162e-07
 Reference value :  3.22162e-07
 Reference value :  3.24584e-07
 Reference value :  3.24757e-07
 Reference value :  3.25401e-07
 Reference value :  3.25882e-07
 Reference value :  3.26961e-07
 Reference value :  3.28939e-07
 Reference value :  3.30737e-07
 Reference value :  3.32696e-07
 Reference value :  3.34742e-07
 Reference value :  3.36727e-07
 Reference value :  3.39327e-07
 Reference value :  3.45591e-07
 Reference value :  3.53591e-07
 Reference value :  3.61591e-07
 Reference value :  3.66194e-07
 Reference value :  3.66339e-07
 Reference value :  3.66674e-07
 Reference value :  3.67167e-07
 Reference value :  3.67597e-07
 Reference value :  3.68514e-07
 Reference value :  3.69880e-07
 Reference value :  3.71515e-07
 Reference value :  3.72899e-07
 Reference value :  3.74634e-07
 Reference value :  3.76636e-07
 Reference value :  3.78476e-07
 Reference value :  3.80984e-07
 Reference value :  3.85202e-07
 Reference value :  3.93702e-07
 Reference value :  4.02202e-07
 Reference value :  4.07862e-07
 Reference value :  4.08027e-07
 Reference value :  4.08631e-07
 Reference value :  4.09160e-07
 Reference value :  4.10318e-07
 Reference value :  4.11951e-07
 Reference value :  4.13735e-07
 Reference value :  4.15013e-07
 Reference value :  4.16210e-07
 Reference value :  4.18098e-07
 Reference value :  4.20070e-07
 Reference value :  4.21987e-07
 Reference value :  4.23942e-07
 Reference value :  4.26451e-07
 Reference value :  4.33389e-07
 Reference value :  4.41389e-07
 Reference value :  4.49195e-07
 Reference value :  4.49613e-07
 Reference value :  4.49831e-07
 Reference value :  4.50325e-07
 Reference value :  4.50800e-07
 Reference value :  4.51514e-07
 Reference value :  4.52430e-07
 Reference value :  4.54083e-07
 Reference value :  4.55905e-07
 Reference value :  4.57604e-07
 Reference value :  4.59125e-07
 Reference value :  4.61019e-07
 Reference value :  4.62778e-07
 Reference value :  4.65778e-07
 Reference value :  4.72843e-07
 Reference value :  4.81343e-07
 Reference value :  4.89343e-07
 Reference value :  4.91270e-07
 Reference value :  4.91442e-07
 Reference value :  4.92167e-07
 Reference value :  4.92782e-07
 Reference value :  4.94592e-07
 Reference value :  4.96282e-07
 Reference value :  4.97992e-07
 Reference value :  4.99713e-07
 Reference value :  5.01621e-07
 Reference value :  5.03638e-07
 Reference value :  5.06699e-07
 Reference value :  5.13761e-07
 Reference value :  5.21761e-07
 Reference value :  5.29761e-07
 Reference value :  5.32900e-07
 Reference value :  5.33036e-07
 Reference value :  5.33379e-07
 Reference value :  5.33953e-07
 Reference value :  5.34702e-07
 Reference value :  5.36028e-07
 Reference value :  5.37497e-07
 Reference value :  5.39233e-07
 Reference value :  5.41051e-07
 Reference value :  5.42683e-07
 Reference value :  5.44612e-07
 Reference value :  5.47270e-07
 Reference value :  5.51830e-07
 Reference value :  5.60330e-07
 Reference value :  5.68330e-07
 Reference value :  5.74516e-07
 Reference value :  5.74649e-07
 Reference value :  5.75011e-07
 Reference value :  5.75644e-07
 Reference value :  5.76099e-07
 Reference value :  5.77546e-07
 Reference value :  5.79533e-07
 Reference value :  5.81446e-07
 Reference value :  5.83582e-07
 Reference value :  5.85646e-07
 Reference value :  5.87879e-07
 Reference value :  5.92409e-07
 Reference value :  5.98351e-07
 Reference value :  5.99660e-07
 Reference value :  6.01653e-07
 Reference value :  6.04145e-07
 Reference value :  6.06171e-07
 Reference value :  6.08952e-07
 Reference value :  6.15207e-07
 Reference value :  6.16274e-07
 Reference value :  6.16547e-07
 Reference value :  6.17011e-07
 Reference value :  6.17708e-07
 Reference value :  6.18499e-07
 Reference value :  6.19788e-07
 Reference value :  6.21663e-07
 Reference value :  6.23342e-07
 Reference value :  6.25020e-07
 Reference value :  6.27056e-07
 Reference value :  6.29084e-07
 Reference value :  6.32171e-07
 Reference value :  6.38471e-07
 Reference value :  6.46471e-07
 Reference value :  6.54471e-07
 Reference value :  6.57909e-07
 Reference value :  6.58034e-07
 Reference value :  6.58513e-07
 Reference value :  6.59066e-07
 Reference value :  6.59362e-07
 Reference value :  6.60795e-07
 Reference value :  6.62612e-07
 Reference value :  6.64218e-07
 Reference value :  6.66352e-07
 Reference value :  6.68545e-07
 Reference value :  6.70507e-07
 Reference value :  6.74312e-07
 Reference value :  6.83866e-07
 Reference value :  6.93866e-07
 Reference value :  6.99555e-07
 Reference value :  6.99703e-07
 Reference value :  7.00045e-07
 Reference value :  7.00623e-07
 Reference value :  7.01412e-07
 Reference value :  7.02865e-07
 Reference value :  7.04612e-07
 Reference value :  7.06694e-07
 Reference value :  7.08419e-07
 Reference value :  7.10371e-07
 Reference value :  7.12503e-07
 Reference value :  7.15351e-07
 Reference value :  7.22224e-07
 Reference value :  7.30224e-07
 Reference value :  7.38224e-07
 Reference value :  7.41258e-07
 Reference value :  7.41471e-07
 Reference value :  7.42205e-07
 Reference value :  7.42599e-07
 Reference value :  7.43977e-07
 Reference value :  7.46317e-07
 Reference value :  7.48606e-07
 Reference value :  7.50561e-07
 Reference value :  7.52635e-07
 Reference value :  7.54420e-07
 Reference value :  7.59729e-07
 Reference value :  7.70215e-07
 Reference value :  7.79215e-07
 Reference value :  7.80872e-07
 Reference value :  7.82835e-07
 Reference value :  7.82949e-07
 Reference value :  7.83244e-07
 Reference value :  7.83833e-07
 Reference value :  7.84291e-07
 Reference value :  7.85147e-07
 Reference value :  7.86654e-07
 Reference value :  7.88391e-07
 Reference value :  7.90077e-07
 Reference value :  7.91857e-07
 Reference value :  7.93918e-07
 Reference value :  7.96597e-07
 Reference value :  8.00410e-07
 Reference value :  8.08347e-07
 Reference value :  8.15847e-07
 Reference value :  8.24174e-07
 Reference value :  8.24614e-07
 Reference value :  8.24821e-07
 Reference value :  8.25545e-07
 Reference value :  8.25964e-07
 Reference value :  8.27432e-07
 Reference value :  8.29555e-07
 Reference value :  8.31160e-07
 Reference value :  8.33044e-07
 Reference value :  8.34911e-07
 Reference value :  8.36691e-07
 Reference value :  8.39242e-07
 Reference value :  8.45382e-07
 Reference value :  8.55382e-07
 Reference value :  8.65382e-07
 Reference value :  8.66269e-07
 Reference value :  8.66456e-07
 Reference value :  8.66895e-07
 Reference value :  8.67376e-07
 Reference value :  8.67763e-07
 Reference value :  8.69292e-07
 Reference value :  8.71104e-07
 Reference value :  8.72796e-07
 Reference value :  8.74220e-07
 Reference value :  8.75786e-07
 Reference value :  8.77716e-07
 Reference value :  8.79802e-07
 Reference value :  8.83178e-07
 Reference value :  8.90485e-07
 Reference value :  8.97985e-07
 Reference value :  9.05985e-07
 Reference value :  9.07929e-07
 Reference value :  9.08083e-07
 Reference value :  9.08771e-07
 Reference value :  9.09231e-07
 Reference value :  9.10359e-07
 Reference value :  9.12321e-07
 Reference value :  9.14431e-07
 Reference value :  9.16365e-07
 Reference value :  9.18257e-07
 Reference value :  9.20064e-07
 Reference value :  9.22281e-07
 Reference value :  9.25877e-07
 Reference value :  9.34358e-07
 Reference value :  9.43858e-07
 Reference value :  9.49529e-07
 Reference value :  9.49672e-07
 Reference value :  9.50044e-07
 Reference value :  9.50646e-07
 Reference value :  9.51034e-07
 Reference value :  9.51452e-07
 Reference value :  9.52325e-07
 Reference value :  9.54165e-07
 Reference value :  9.55677e-07
 Reference value :  9.57405e-07
 Reference value :  9.59188e-07
 Reference value :  9.61122e-07
 Reference value :  9.64125e-07
 Reference value :  9.69361e-07
 Reference value :  9.77361e-07
 Reference value :  9.85361e-07
 Reference value :  9.91199e-07
 Reference value :  9.91328e-07
 Reference value :  9.91819e-07
 Reference value :  9.92354e-07
 Reference value :  9.93141e-07
 Reference value :  9.95107e-07
 Reference value :  9.96870e-07
 Reference value :  9.98911e-07
 Reference value :  1.00088e-06
 Reference value :  1.00259e-06
 Reference value :  1.00449e-06
 Reference value :  1.00741e-06
 Reference value :  1.01390e-06
 Reference value :  1.02390e-06
 Reference value :  1.03190e-06
 Reference value :  1.03290e-06
 Reference value :  1.03305e-06
 Reference value :  1.03337e-06
 Reference value :  1.03391e-06
 Reference value :  1.03459e-06
 Reference value :  1.03576e-06
 Reference value :  1.03761e-06
 Reference value :  1.03928e-06
 Reference value :  1.04097e-06
 Reference value :  1.04281e-06
 Reference value :  1.04440e-06
 Reference value :  1.04668e-06
 Reference value :  1.05054e-06
 Reference value :  1.05850e-06
 Reference value :  1.06650e-06
 Reference value :  1.07425e-06
 Reference value :  1.07461e-06
 Reference value :  1.07482e-06
 Reference value :  1.07550e-06
 Reference value :  1.07612e-06
 Reference value :  1.07760e-06
 Reference value :  1.07935e-06
 Reference value :  1.08088e-06
 Reference value :  1.08244e-06
 Reference value :  1.08443e-06
 Reference value :  1.08627e-06
 Reference value :  1.08816e-06
 Reference value :  1.09177e-06
 Reference value :  1.09910e-06
 Reference value :  1.10660e-06
 Reference value :  1.11460e-06
 Reference value :  1.11624e-06
 Reference value :  1.11642e-06
 Reference value :  1.11702e-06
 Reference value :  1.11730e-06
 Reference value :  1.11754e-06
 Reference value :  1.11801e-06
 Reference value :  1.11836e-06
 Reference value :  1.11875e-06
 Reference value :  1.11994e-06
 Reference value :  1.12156e-06
 Reference value :  1.12313e-06
 Reference value :  1.12464e-06
 Reference value :  1.12638e-06
 Reference value :  1.12872e-06
 Reference value :  1.13195e-06
 Reference value :  1.13921e-06
 Reference value :  1.14671e-06
 Reference value :  1.15471e-06
 Reference value :  1.15790e-06
 Reference value :  1.15806e-06
 Reference value :  1.15872e-06
 Reference value :  1.15912e-06
 Reference value :  1.15940e-06
 Reference value :  1.16078e-06
 Reference value :  1.16193e-06
 Reference value :  1.16341e-06
 Reference value :  1.16501e-06
 Reference value :  1.16683e-06
 Reference value :  1.16886e-06
 Reference value :  1.17106e-06
 Reference value :  1.17505e-06
 Reference value :  1.18355e-06
 Reference value :  1.19205e-06
 Reference value :  1.19951e-06
 Reference value :  1.19965e-06
 Reference value :  1.19996e-06
 Reference value :  1.20031e-06
 Reference value :  1.20086e-06
 Reference value :  1.20136e-06
 Reference value :  1.20229e-06
 Reference value :  1.20410e-06
 Reference value :  1.20583e-06
 Reference value :  1.20751e-06
 Reference value :  1.20958e-06
 Reference value :  1.21179e-06
 Reference value :  1.21429e-06
 Reference value :  1.21995e-06
 Reference value :  1.22795e-06
 Reference value :  1.23595e-06
 Reference value :  1.24121e-06
 Reference value :  1.24136e-06
 Reference value :  1.24198e-06
 Reference value :  1.24245e-06
 Reference value :  1.24344e-06
 Reference value :  1.24441e-06
 Reference value :  1.24577e-06
 Reference value :  1.24780e-06
 Reference value :  1.24956e-06
 Reference value :  1.25153e-06
 Reference value :  1.25361e-06
 Reference value :  1.25762e-06
 Reference value :  1.26558e-06
 Reference value :  1.27308e-06
 Reference value :  1.28108e-06
 Reference value :  1.28292e-06
 Reference value :  1.28309e-06
 Reference value :  1.28363e-06
 Reference value :  1.28410e-06
 Reference value :  1.28474e-06
 Reference value :  1.28550e-06
 Reference value :  1.28725e-06
 Reference value :  1.28918e-06
 Reference value :  1.29089e-06
 Reference value :  1.29280e-06
 Reference value :  1.29458e-06
 Reference value :  1.29663e-06
 Reference value :  1.30018e-06
 Reference value :  1.30755e-06
 Reference value :  1.31555e-06
 Reference value :  1.32403e-06
 Reference value :  1.32464e-06
 Reference value :  1.32492e-06
 Reference value :  1.32567e-06
 Reference value :  1.32654e-06
 Reference value :  1.32843e-06
 Reference value :  1.33018e-06
 Reference value :  1.33174e-06
 Reference value :  1.33356e-06
 Reference value :  1.33527e-06
 Reference value :  1.33620e-06
 Reference value :  1.33792e-06
 Reference value :  1.33987e-06
 Reference value :  1.34181e-06
 Reference value :  1.34380e-06
 Reference value :  1.34602e-06
 Reference value :  1.35091e-06
 Reference value :  1.35891e-06
 Reference value :  1.36617e-06
 Reference value :  1.36629e-06
 Reference value :  1.36663e-06
 Reference value :  1.36699e-06
 Reference value :  1.36758e-06
 Reference value :  1.36839e-06
 Reference value :  1.36928e-06
 Reference value :  1.37111e-06
 Reference value :  1.37281e-06
 Reference value :  1.37466e-06
 Reference value :  1.37676e-06
 Reference value :  1.38004e-06
 Reference value :  1.38746e-06
 Reference value :  1.39996e-06
 Reference value :  1.40790e-06
 Reference value :  1.40826e-06
 Reference value :  1.40951e-06
 Reference value :  1.41199e-06
 Reference value :  1.41474e-06
 Reference value :  1.41711e-06
 Reference value :  1.41906e-06
 Reference value :  1.42132e-06
 Reference value :  1.42611e-06
 Reference value :  1.43561e-06
 Reference value :  1.44311e-06
 Reference value :  1.44951e-06
 Reference value :  1.44964e-06
 Reference value :  1.44996e-06
 Reference value :  1.45034e-06
 Reference value :  1.45078e-06
 Reference value :  1.45167e-06
 Reference value :  1.45291e-06
 Reference value :  1.45463e-06
 Reference value :  1.45664e-06
 Reference value :  1.45850e-06
 Reference value :  1.46050e-06
 Reference value :  1.46248e-06
 Reference value :  1.46493e-06
 Reference value :  1.47055e-06
 Reference value :  1.47805e-06
 Reference value :  1.48605e-06
 Reference value :  1.49121e-06
 Reference value :  1.49138e-06
 Reference value :  1.49208e-06
 Reference value :  1.49268e-06
 Reference value :  1.49413e-06
 Reference value :  1.49585e-06
 Reference value :  1.49740e-06
 Reference value :  1.49894e-06
 Reference value :  1.50075e-06
 Reference value :  1.50291e-06
 Reference value :  1.50503e-06
 Reference value :  1.50843e-06
 Reference value :  1.51627e-06
 Reference value :  1.52477e-06
 Reference value :  1.53227e-06
 Reference value :  1.53294e-06
 Reference value :  1.53314e-06
 Reference value :  1.53356e-06
 Reference value :  1.53408e-06
 Reference value :  1.53545e-06
 Reference value :  1.53691e-06
 Reference value :  1.53873e-06
 Reference value :  1.54055e-06
 Reference value :  1.54252e-06
 Reference value :  1.54477e-06
 Reference value :  1.54759e-06
 Reference value :  1.55343e-06
 Reference value :  1.56143e-06
 Reference value :  1.56993e-06
 Reference value :  1.57454e-06
 Reference value :  1.57471e-06
 Reference value :  1.57539e-06
 Reference value :  1.57586e-06
 Reference value :  1.57658e-06
 Reference value :  1.57834e-06
 Reference value :  1.58013e-06
 Reference value :  1.58186e-06
 Reference value :  1.58389e-06
 Reference value :  1.58580e-06
 Reference value :  1.58777e-06
 Reference value :  1.59165e-06
 Reference value :  1.60056e-06
 Reference value :  1.61056e-06
 Reference value :  1.61543e-06
 Reference value :  1.61622e-06
 Reference value :  1.61642e-06
 Reference value :  1.61682e-06
 Reference value :  1.61730e-06
 Reference value :  1.61804e-06
 Reference value :  1.61839e-06
 Reference value :  1.61960e-06
 Reference value :  1.62130e-06
 Reference value :  1.62285e-06
 Reference value :  1.62457e-06
 Reference value :  1.62657e-06
 Reference value :  1.62852e-06
 Reference value :  1.63106e-06
 Reference value :  1.63766e-06
 Reference value :  1.64566e-06
 Reference value :  1.65366e-06
 Reference value :  1.65789e-06
 Reference value :  1.65803e-06
 Reference value :  1.65863e-06
 Reference value :  1.65916e-06
 Reference value :  1.66035e-06
 Reference value :  1.66227e-06
 Reference value :  1.66406e-06
 Reference value :  1.66585e-06
 Reference value :  1.66786e-06
 Reference value :  1.67001e-06
 Reference value :  1.67221e-06
 Reference value :  1.67587e-06
 Reference value :  1.69087e-06
 Reference value :  1.69957e-06
 Reference value :  1.69999e-06
 Reference value :  1.70079e-06
 Reference value :  1.70160e-06
 Reference value :  1.70309e-06
 Reference value :  1.70453e-06
 Reference value :  1.70600e-06
 Reference value :  1.70770e-06
 Reference value :  1.70981e-06
 Reference value :  1.71158e-06
 Reference value :  1.71401e-06
 Reference value :  1.71858e-06
 Reference value :  1.72658e-06
 Reference value :  1.73508e-06
 Reference value :  1.74118e-06
 Reference value :  1.74133e-06
 Reference value :  1.74184e-06
 Reference value :  1.74243e-06
 Reference value :  1.74273e-06
 Reference value :  1.74471e-06
 Reference value :  1.74683e-06
 Reference value :  1.74932e-06
 Reference value :  1.75152e-06
 Reference value :  1.75350e-06
 Reference value :  1.75640e-06
 Reference value :  1.76423e-06
 Reference value :  1.77423e-06
 Reference value :  1.78285e-06
 Reference value :  1.78298e-06
 Reference value :  1.78324e-06
 Reference value :  1.78384e-06
 Reference value :  1.78468e-06
 Reference value :  1.78590e-06
 Reference value :  1.78751e-06
 Reference value :  1.78899e-06
 Reference value :  1.79048e-06
 Reference value :  1.79243e-06
 Reference value :  1.79440e-06
 Reference value :  1.79658e-06
 Reference value :  1.80054e-06
 Reference value :  1.80848e-06
 Reference value :  1.81698e-06
 Reference value :  1.82450e-06
 Reference value :  1.82462e-06
 Reference value :  1.82488e-06
 Reference value :  1.82559e-06
 Reference value :  1.82587e-06
 Reference value :  1.82735e-06
 Reference value :  1.82933e-06
 Reference value :  1.83131e-06
 Reference value :  1.83337e-06
 Reference value :  1.83546e-06
 Reference value :  1.83735e-06
 Reference value :  1.84131e-06
 Reference value :  1.85104e-06
 Reference value :  1.86204e-06
 Reference value :  1.86623e-06
 Reference value :  1.86637e-06
 Reference value :  1.86677e-06
 Reference value :  1.86729e-06
 Reference value :  1.86770e-06
 Reference value :  1.86890e-06
 Reference value :  1.87062e-06
 Reference value :  1.87280e-06
 Reference value :  1.87446e-06
 Reference value :  1.87641e-06
 Reference value :  1.87860e-06
 Reference value :  1.88072e-06
 Reference value :  1.88575e-06
 Reference value :  1.89375e-06
 Reference value :  1.90175e-06
 Reference value :  1.90785e-06
 Reference value :  1.90799e-06
 Reference value :  1.90850e-06
 Reference value :  1.90910e-06
 Reference value :  1.90968e-06
 Reference value :  1.91149e-06
 Reference value :  1.91344e-06
 Reference value :  1.91573e-06
 Reference value :  1.91787e-06
 Reference value :  1.92020e-06
 Reference value :  1.92394e-06
 Reference value :  1.93345e-06
 Reference value :  1.94495e-06
 Reference value :  1.94956e-06
 Reference value :  1.94972e-06
 Reference value :  1.95010e-06
 Reference value :  1.95038e-06
 Reference value :  1.95067e-06
 Reference value :  1.95105e-06
 Reference value :  1.95227e-06
 Reference value :  1.95413e-06
 Reference value :  1.95581e-06
 Reference value :  1.95770e-06
 Reference value :  1.95943e-06
 Reference value :  1.96136e-06
 Reference value :  1.96457e-06
 Reference value :  1.97152e-06
 Reference value :  1.97952e-06
 Reference value :  1.98802e-06
 Reference value :  1.99123e-06
 Reference value :  1.99141e-06
 Reference value :  1.99217e-06
 Reference value :  1.99252e-06
 Reference value :  1.99318e-06
 Reference value :  1.99515e-06
 Reference value :  1.99693e-06
 Reference value :  1.99920e-06
 Reference value :  2.00166e-06
 Reference value :  2.00383e-06
 Reference value :  2.00641e-06
 Reference value :  2.01381e-06
 Reference value :  2.02431e-06
 Reference value :  2.03284e-06
 Reference value :  2.03297e-06
 Reference value :  2.03329e-06
 Reference value :  2.03383e-06
 Reference value :  2.03420e-06
 Reference value :  2.03470e-06
 Reference value :  2.03609e-06
 Reference value :  2.03774e-06
 Reference value :  2.03932e-06
 Reference value :  2.04102e-06
 Reference value :  2.04311e-06
 Reference value :  2.04506e-06
 Reference value :  2.04752e-06
 Reference value :  2.05304e-06
 Reference value :  2.06254e-06
 Reference value :  2.07054e-06
 Reference value :  2.07458e-06
 Reference value :  2.07481e-06
 Reference value :  2.07550e-06
 Reference value :  2.07592e-06
 Reference value :  2.07688e-06
 Reference value :  2.07912e-06
 Reference value :  2.08087e-06
 Reference value :  2.08280e-06
 Reference value :  2.08505e-06
 Reference value :  2.08692e-06
 Reference value :  2.09071e-06
 Reference value :  2.09864e-06
 Reference value :  2.10764e-06
 Reference value :  2.11564e-06
 Reference value :  2.11627e-06
 Reference value :  2.11654e-06
 Reference value :  2.11700e-06
 Reference value :  2.11737e-06
 Reference value :  2.11761e-06
 Reference value :  2.11810e-06
 Reference value :  2.11857e-06
 Reference value :  2.11894e-06
 Reference value :  2.12070e-06
 Reference value :  2.12242e-06
 Reference value :  2.12423e-06
 Reference value :  2.12629e-06
 Reference value :  2.12825e-06
 Reference value :  2.13102e-06
 Reference value :  2.13809e-06
 Reference value :  2.14609e-06
 Reference value :  2.15409e-06
 Reference value :  2.15791e-06
 Reference value :  2.15811e-06
 Reference value :  2.15883e-06
 Reference value :  2.15939e-06
 Reference value :  2.16093e-06
 Reference value :  2.16283e-06
 Reference value :  2.16472e-06
 Reference value :  2.16683e-06
 Reference value :  2.16873e-06
 Reference value :  2.17084e-06
 Reference value :  2.17328e-06
 Reference value :  2.17944e-06
 Reference value :  2.18744e-06
 Reference value :  2.19544e-06
 Reference value :  2.19956e-06
 Reference value :  2.19972e-06
 Reference value :  2.20009e-06
 Reference value :  2.20050e-06
 Reference value :  2.20085e-06
 Reference value :  2.20126e-06
 Reference value :  2.20155e-06
 Reference value :  2.20319e-06
 Reference value :  2.20489e-06
 Reference value :  2.20677e-06
 Reference value :  2.20858e-06
 Reference value :  2.21053e-06
 Reference value :  2.21280e-06
 Reference value :  2.21651e-06
 Reference value :  2.22496e-06
 Reference value :  2.23296e-06
 Reference value :  2.24117e-06
 Reference value :  2.24128e-06
 Reference value :  2.24163e-06
 Reference value :  2.24238e-06
 Reference value :  2.24273e-06
 Reference value :  2.24382e-06
 Reference value :  2.24453e-06
 Reference value :  2.24639e-06
 Reference value :  2.24834e-06
 Reference value :  2.25028e-06
 Reference value :  2.25217e-06
 Reference value :  2.25401e-06
 Reference value :  2.25614e-06
 Reference value :  2.26039e-06
 Reference value :  2.26887e-06
 Reference value :  2.27687e-06
 Reference value :  2.28287e-06
 Reference value :  2.28301e-06
 Reference value :  2.28341e-06
 Reference value :  2.28385e-06
 Reference value :  2.28448e-06
 Reference value :  2.28511e-06
 Reference value :  2.28616e-06
 Reference value :  2.28753e-06
 Reference value :  2.28903e-06
 Reference value :  2.29058e-06
 Reference value :  2.29249e-06
 Reference value :  2.29444e-06
 Reference value :  2.29644e-06
 Reference value :  2.29900e-06
 Reference value :  2.30667e-06
 Reference value :  2.31467e-06
 Reference value :  2.32267e-06
 Reference value :  2.32460e-06
 Reference value :  2.32481e-06
 Reference value :  2.32552e-06
 Reference value :  2.32617e-06
 Reference value :  2.32788e-06
 Reference value :  2.32962e-06
 Reference value :  2.33106e-06
 Reference value :  2.33288e-06
 Reference value :  2.33498e-06
 Reference value :  2.33682e-06
 Reference value :  2.33938e-06
 Reference value :  2.34207e-06
 Reference value :  2.34644e-06
 Reference value :  2.35491e-06
 Reference value :  2.36291e-06
 Reference value :  2.36624e-06
 Reference value :  2.36638e-06
 Reference value :  2.36684e-06
 Reference value :  2.36720e-06
 Reference value :  2.36773e-06
 Reference value :  2.36874e-06
 Reference value :  2.37053e-06
 Reference value :  2.37212e-06
 Reference value :  2.37389e-06
 Reference value :  2.37538e-06
 Reference value :  2.37703e-06
 Reference value :  2.37895e-06
 Reference value :  2.38161e-06
 Reference value :  2.38713e-06
 Reference value :  2.39513e-06
 Reference value :  2.40313e-06
 Reference value :  2.40788e-06
 Reference value :  2.40803e-06
 Reference value :  2.40874e-06
 Reference value :  2.40915e-06
 Reference value :  2.41036e-06
 Reference value :  2.41224e-06
 Reference value :  2.41394e-06
 Reference value :  2.41566e-06
 Reference value :  2.41748e-06
 Reference value :  2.41948e-06
 Reference value :  2.42167e-06
 Reference value :  2.42440e-06
 Reference value :  2.42540e-06
 Reference value :  2.42752e-06
 Reference value :  2.42953e-06
 Reference value :  2.43133e-06
 Reference value :  2.43382e-06
 Reference value :  2.43739e-06
 Reference value :  2.44584e-06
 Reference value :  2.44957e-06
 Reference value :  2.44972e-06
 Reference value :  2.45020e-06
 Reference value :  2.45065e-06
 Reference value :  2.45135e-06
 Reference value :  2.45247e-06
 Reference value :  2.45403e-06
 Reference value :  2.45636e-06
 Reference value :  2.45819e-06
 Reference value :  2.45995e-06
 Reference value :  2.46171e-06
 Reference value :  2.46388e-06
 Reference value :  2.46778e-06
 Reference value :  2.47573e-06
 Reference value :  2.48373e-06
 Reference value :  2.49117e-06
 Reference value :  2.49136e-06
 Reference value :  2.49196e-06
 Reference value :  2.49245e-06
 Reference value :  2.49308e-06
 Reference value :  2.49484e-06
 Reference value :  2.49680e-06
 Reference value :  2.49842e-06
 Reference value :  2.50038e-06
 Reference value :  2.50229e-06
 Reference value :  2.50447e-06
 Reference value :  2.50727e-06
 Reference value :  2.51017e-06
 Reference value :  2.51661e-06
 Reference value :  2.52511e-06
 Reference value :  2.53247e-06
 Reference value :  2.53294e-06
 Reference value :  2.53317e-06
 Reference value :  2.53377e-06
 Reference value :  2.53419e-06
 Reference value :  2.53504e-06
 Reference value :  2.53655e-06
 Reference value :  2.53800e-06
 Reference value :  2.53972e-06
 Reference value :  2.54119e-06
 Reference value :  2.54317e-06
 Reference value :  2.54497e-06
 Reference value :  2.54772e-06
 Reference value :  2.55234e-06
 Reference value :  2.56084e-06
 Reference value :  2.56934e-06
 Reference value :  2.57453e-06
 Reference value :  2.57466e-06
 Reference value :  2.57510e-06
 Reference value :  2.57574e-06
 Reference value :  2.57641e-06
 Reference value :  2.57831e-06
 Reference value :  2.58043e-06
 Reference value :  2.58273e-06
 Reference value :  2.58513e-06
 Reference value :  2.58681e-06
 Reference value :  2.58895e-06
 Reference value :  2.59229e-06
 Reference value :  2.59739e-06
 Reference value :  2.60589e-06
 Reference value :  2.61389e-06
 Reference value :  2.61625e-06
 Reference value :  2.61642e-06
 Reference value :  2.61701e-06
 Reference value :  2.61743e-06
 Reference value :  2.61834e-06
 Reference value :  2.61981e-06
 Reference value :  2.62128e-06
 Reference value :  2.62318e-06
 Reference value :  2.62475e-06
 Reference value :  2.62658e-06
 Reference value :  2.62836e-06
 Reference value :  2.63050e-06
 Reference value :  2.63375e-06
 Reference value :  2.64163e-06
 Reference value :  2.64913e-06
 Reference value :  2.65713e-06
 Reference value :  2.65793e-06
 Reference value :  2.65817e-06
 Reference value :  2.65887e-06
 Reference value :  2.65923e-06
 Reference value :  2.66030e-06
 Reference value :  2.66257e-06
 Reference value :  2.66485e-06
 Reference value :  2.66766e-06
 Reference value :  2.67014e-06
 Reference value :  2.67223e-06
 Reference value :  2.67511e-06
 Reference value :  2.68261e-06
 Reference value :  2.69061e-06
 Reference value :  2.69811e-06
 Reference value :  2.69961e-06
 Reference value :  2.69981e-06
 Reference value :  2.70034e-06
 Reference value :  2.70081e-06
 Reference value :  2.70147e-06
 Reference value :  2.70283e-06
 Reference value :  2.70448e-06
 Reference value :  2.70611e-06
 Reference value :  2.70775e-06
 Reference value :  2.70987e-06
 Reference value :  2.71185e-06
 Reference value :  2.71399e-06
 Reference value :  2.71840e-06
 Reference value :  2.72640e-06
 Reference value :  2.73490e-06
 Reference value :  2.74118e-06
 Reference value :  2.74131e-06
 Reference value :  2.74185e-06
 Reference value :  2.74240e-06
 Reference value :  2.74270e-06
 Reference value :  2.74395e-06
 Reference value :  2.74644e-06
 Reference value :  2.74819e-06
 Reference value :  2.75035e-06
 Reference value :  2.75245e-06
 Reference value :  2.75428e-06
 Reference value :  2.75636e-06
 Reference value :  2.75910e-06
 Reference value :  2.76458e-06
 Reference value :  2.77258e-06
 Reference value :  2.78058e-06
 Reference value :  2.78291e-06
 Reference value :  2.78309e-06
 Reference value :  2.78357e-06
 Reference value :  2.78397e-06
 Reference value :  2.78452e-06
 Reference value :  2.78557e-06
 Reference value :  2.78752e-06
 Reference value :  2.78915e-06
 Reference value :  2.79099e-06
 Reference value :  2.79274e-06
 Reference value :  2.79473e-06
 Reference value :  2.79746e-06
 Reference value :  2.80181e-06
 Reference value :  2.81031e-06
 Reference value :  2.81831e-06
 Reference value :  2.82452e-06
 Reference value :  2.82465e-06
 Reference value :  2.82501e-06
 Reference value :  2.82569e-06
 Reference value :  2.82593e-06
 Reference value :  2.82729e-06
 Reference value :  2.82924e-06
 Reference value :  2.83136e-06
 Reference value :  2.83386e-06
 Reference value :  2.83630e-06
 Reference value :  2.83849e-06
 Reference value :  2.84080e-06
 Reference value :  2.84778e-06
 Reference value :  2.85578e-06
 Reference value :  2.86378e-06
 Reference value :  2.86625e-06
 Reference value :  2.86642e-06
 Reference value :  2.86694e-06
 Reference value :  2.86731e-06
 Reference value :  2.86787e-06
 Reference value :  2.86864e-06
 Reference value :  2.87040e-06
 Reference value :  2.87200e-06
 Reference value :  2.87359e-06
 Reference value :  2.87530e-06
 Reference value :  2.87701e-06
 Reference value :  2.87909e-06
 Reference value :  2.88268e-06
 Reference value :  2.88916e-06
 Reference value :  2.89766e-06
 Reference value :  2.90566e-06
 Reference value :  2.90791e-06
 Reference value :  2.90808e-06
 Reference value :  2.90883e-06
 Reference value :  2.90914e-06
 Reference value :  2.90986e-06
 Reference value :  2.91164e-06
 Reference value :  2.91325e-06
 Reference value :  2.91511e-06
 Reference value :  2.91710e-06
 Reference value :  2.91897e-06
 Reference value :  2.92145e-06
 Reference value :  2.92405e-06
 Reference value :  2.92714e-06
 Reference value :  2.93432e-06
 Reference value :  2.94232e-06
 Reference value :  2.94951e-06
 Reference value :  2.94964e-06
 Reference value :  2.94991e-06
 Reference value :  2.95019e-06
 Reference value :  2.95043e-06
 Reference value :  2.95071e-06
 Reference value :  2.95103e-06
 Reference value :  2.95199e-06
 Reference value :  2.95374e-06
 Reference value :  2.95531e-06
 Reference value :  2.95704e-06
 Reference value :  2.95884e-06
 Reference value :  2.96055e-06
 Reference value :  2.96280e-06
 Reference value :  2.96570e-06
 Reference value :  2.97279e-06
 Reference value :  2.98079e-06
 Reference value :  2.98879e-06
 Reference value :  2.99127e-06
 Reference value :  2.99147e-06
 Reference value :  2.99209e-06
 Reference value :  2.99262e-06
 Reference value :  2.99367e-06
 Reference value :  2.99558e-06
 Reference value :  2.99709e-06
 Reference value :  2.99877e-06
 Reference value :  3.00059e-06
 Reference value :  3.00228e-06
 Reference value :  3.00483e-06
 Reference value :  3.00810e-06
 Reference value :  3.01148e-06
 Reference value :  3.01812e-06
 Reference value :  3.02662e-06
 Reference value :  3.03285e-06
 Reference value :  3.03298e-06
 Reference value :  3.03333e-06
 Reference value :  3.03385e-06
 Reference value :  3.03430e-06
 Reference value :  3.03500e-06
 Reference value :  3.03694e-06
 Reference value :  3.03908e-06
 Reference value :  3.04101e-06
 Reference value :  3.04305e-06
 Reference value :  3.04489e-06
 Reference value :  3.04749e-06
 Reference value :  3.05324e-06
 Reference value :  3.06174e-06
 Reference value :  3.06974e-06
 Reference value :  3.07454e-06
 Reference value :  3.07468e-06
 Reference value :  3.07530e-06
 Reference value :  3.07579e-06
 Reference value :  3.07646e-06
 Reference value :  3.07805e-06
 Reference value :  3.08037e-06
 Reference value :  3.08246e-06
 Reference value :  3.08450e-06
 Reference value :  3.08629e-06
 Reference value :  3.08874e-06
 Reference value :  3.09132e-06
 Reference value :  3.09331e-06
 Reference value :  3.09567e-06
 Reference value :  3.10265e-06
 Reference value :  3.11065e-06
 Reference value :  3.11619e-06
 Reference value :  3.11633e-06
 Reference value :  3.11673e-06
 Reference value :  3.11730e-06
 Reference value :  3.11765e-06
 Reference value :  3.11806e-06
 Reference value :  3.11894e-06
 Reference value :  3.12018e-06
 Reference value :  3.12170e-06
 Reference value :  3.12361e-06
 Reference value :  3.12528e-06
 Reference value :  3.12700e-06
 Reference value :  3.12934e-06
 Reference value :  3.13471e-06
 Reference value :  3.14271e-06
 Reference value :  3.15071e-06
 Reference value :  3.15784e-06
 Reference value :  3.15799e-06
 Reference value :  3.15836e-06
 Reference value :  3.15908e-06
 Reference value :  3.15942e-06
 Reference value :  3.16069e-06
 Reference value :  3.16198e-06
 Reference value :  3.16311e-06
 Reference value :  3.16483e-06
 Reference value :  3.16674e-06
 Reference value :  3.16865e-06
 Reference value :  3.17033e-06
 Reference value :  3.17343e-06
 Reference value :  3.17921e-06
 Reference value :  3.18721e-06
 Reference value :  3.19571e-06
 Reference value :  3.19956e-06
 Reference value :  3.19972e-06
 Reference value :  3.20013e-06
 Reference value :  3.20051e-06
 Reference value :  3.20098e-06
 Reference value :  3.20145e-06
 Reference value :  3.20230e-06
 Reference value :  3.20390e-06
 Reference value :  3.20576e-06
 Reference value :  3.20767e-06
 Reference value :  3.20931e-06
 Reference value :  3.21119e-06
 Reference value :  3.21392e-06
 Reference value :  3.22006e-06
 Reference value :  3.22806e-06
 Reference value :  3.23606e-06
 Reference value :  3.24119e-06
 Reference value :  3.24136e-06
 Reference value :  3.24198e-06
 Reference value :  3.24257e-06
 Reference value :  3.24351e-06
 Reference value :  3.24513e-06
 Reference value :  3.24651e-06
 Reference value :  3.24728e-06
 Reference value :  3.24898e-06
 Reference value :  3.25087e-06
 Reference value :  3.25267e-06
 Reference value :  3.25520e-06
 Reference value :  3.26091e-06
 Reference value :  3.26891e-06
 Reference value :  3.27691e-06
 Reference value :  3.28287e-06
 Reference value :  3.28303e-06
 Reference value :  3.28346e-06
 Reference value :  3.28383e-06
 Reference value :  3.28441e-06
 Reference value :  3.28499e-06
 Reference value :  3.28588e-06
 Reference value :  3.28758e-06
 Reference value :  3.28930e-06
 Reference value :  3.29122e-06
 Reference value :  3.29295e-06
 Reference value :  3.29492e-06
 Reference value :  3.29710e-06
 Reference value :  3.30056e-06
 Reference value :  3.30850e-06
 Reference value :  3.31650e-06
 Reference value :  3.32425e-06
 Reference value :  3.32461e-06
 Reference value :  3.32483e-06
 Reference value :  3.32554e-06
 Reference value :  3.32584e-06
 Reference value :  3.32674e-06
 Reference value :  3.32807e-06
 Reference value :  3.32976e-06
 Reference value :  3.33165e-06
 Reference value :  3.33320e-06
 Reference value :  3.33542e-06
 Reference value :  3.33736e-06
 Reference value :  3.34008e-06
 Reference value :  3.34556e-06
 Reference value :  3.35356e-06
 Reference value :  3.36206e-06
 Reference value :  3.36621e-06
 Reference value :  3.36636e-06
 Reference value :  3.36678e-06
 Reference value :  3.36718e-06
 Reference value :  3.36772e-06
 Reference value :  3.36886e-06
 Reference value :  3.37074e-06
 Reference value :  3.37211e-06
 Reference value :  3.37383e-06
 Reference value :  3.37549e-06
 Reference value :  3.37718e-06
 Reference value :  3.37911e-06
 Reference value :  3.38225e-06
 Reference value :  3.38861e-06
 Reference value :  3.39661e-06
 Reference value :  3.40461e-06
 Reference value :  3.40790e-06
 Reference value :  3.40805e-06
 Reference value :  3.40872e-06
 Reference value :  3.40914e-06
 Reference value :  3.40993e-06
 Reference value :  3.41127e-06
 Reference value :  3.41278e-06
 Reference value :  3.41441e-06
 Reference value :  3.41611e-06
 Reference value :  3.41790e-06
 Reference value :  3.41989e-06
 Reference value :  3.42285e-06
 Reference value :  3.42795e-06
 Reference value :  3.43595e-06
 Reference value :  3.44395e-06
 Reference value :  3.44953e-06
 Reference value :  3.44967e-06
 Reference value :  3.45008e-06
 Reference value :  3.45051e-06
 Reference value :  3.45095e-06
 Reference value :  3.45173e-06
 Reference value :  3.45317e-06
 Reference value :  3.45479e-06
 Reference value :  3.45659e-06
 Reference value :  3.45844e-06
 Reference value :  3.46025e-06
 Reference value :  3.46240e-06
 Reference value :  3.46556e-06
 Reference value :  3.47191e-06
 Reference value :  3.47991e-06
 Reference value :  3.48791e-06
 Reference value :  3.49124e-06
 Reference value :  3.49142e-06
 Reference value :  3.49217e-06
 Reference value :  3.49248e-06
 Reference value :  3.49322e-06
 Reference value :  3.49465e-06
 Reference value :  3.49652e-06
 Reference value :  3.49848e-06
 Reference value :  3.50027e-06
 Reference value :  3.50240e-06
 Reference value :  3.50438e-06
 Reference value :  3.50727e-06
 Reference value :  3.51367e-06
 Reference value :  3.52167e-06
 Reference value :  3.52967e-06
 Reference value :  3.53290e-06
 Reference value :  3.53305e-06
 Reference value :  3.53353e-06
 Reference value :  3.53394e-06
 Reference value :  3.53449e-06
 Reference value :  3.53564e-06
 Reference value :  3.53722e-06
 Reference value :  3.53898e-06
 Reference value :  3.54062e-06
 Reference value :  3.54235e-06
 Reference value :  3.54446e-06
 Reference value :  3.54719e-06
 Reference value :  3.55187e-06
 Reference value :  3.55987e-06
 Reference value :  3.56787e-06
 Reference value :  3.57450e-06
 Reference value :  3.57465e-06
 Reference value :  3.57509e-06
 Reference value :  3.57577e-06
 Reference value :  3.57607e-06
 Reference value :  3.57756e-06
 Reference value :  3.57886e-06
 Reference value :  3.58081e-06
 Reference value :  3.58278e-06
 Reference value :  3.58500e-06
 Reference value :  3.58699e-06
 Reference value :  3.58973e-06
 Reference value :  3.59502e-06
 Reference value :  3.60302e-06
 Reference value :  3.61102e-06
 Reference value :  3.61620e-06
 Reference value :  3.61632e-06
 Reference value :  3.61663e-06
 Reference value :  3.61698e-06
 Reference value :  3.61752e-06
 Reference value :  3.61836e-06
 Reference value :  3.61971e-06
 Reference value :  3.62125e-06
 Reference value :  3.62317e-06
 Reference value :  3.62504e-06
 Reference value :  3.62688e-06
 Reference value :  3.62896e-06
 Reference value :  3.63162e-06
 Reference value :  3.63660e-06
 Reference value :  3.64460e-06
 Reference value :  3.65260e-06
 Reference value :  3.65786e-06
 Reference value :  3.65799e-06
 Reference value :  3.65842e-06
 Reference value :  3.65911e-06
 Reference value :  3.65931e-06
 Reference value :  3.66062e-06
 Reference value :  3.66188e-06
 Reference value :  3.66389e-06
 Reference value :  3.66582e-06
 Reference value :  3.66783e-06
 Reference value :  3.66963e-06
 Reference value :  3.67171e-06
 Reference value :  3.67541e-06
 Reference value :  3.68333e-06
 Reference value :  3.69133e-06
 Reference value :  3.69917e-06
 Reference value :  3.69960e-06
 Reference value :  3.69984e-06
 Reference value :  3.70034e-06
 Reference value :  3.70081e-06
 Reference value :  3.70149e-06
 Reference value :  3.70319e-06
 Reference value :  3.70464e-06
 Reference value :  3.70637e-06
 Reference value :  3.70800e-06
 Reference value :  3.71011e-06
 Reference value :  3.71176e-06
 Reference value :  3.71382e-06
 Reference value :  3.71795e-06
 Reference value :  3.72593e-06
 Reference value :  3.73393e-06
 Reference value :  3.74117e-06
 Reference value :  3.74131e-06
 Reference value :  3.74176e-06
 Reference value :  3.74244e-06
 Reference value :  3.74276e-06
 Reference value :  3.74393e-06
 Reference value :  3.74612e-06
 Reference value :  3.74815e-06
 Reference value :  3.74971e-06
 Reference value :  3.75152e-06
 Reference value :  3.75334e-06
 Reference value :  3.75529e-06
 Reference value :  3.75868e-06
 Reference value :  3.76667e-06
 Reference value :  3.77467e-06
 Reference value :  3.78250e-06
 Reference value :  3.78294e-06
 Reference value :  3.78329e-06
 Reference value :  3.78383e-06
 Reference value :  3.78424e-06
 Reference value :  3.78534e-06
 Reference value :  3.78673e-06
 Reference value :  3.78840e-06
 Reference value :  3.79098e-06
 Reference value :  3.79399e-06
 Reference value :  3.79736e-06
 Reference value :  3.80666e-06
 Reference value :  3.82016e-06
 Reference value :  3.82461e-06
 Reference value :  3.82539e-06
 Reference value :  3.82598e-06
 Reference value :  3.82776e-06
 Reference value :  3.83012e-06
 Reference value :  3.83190e-06
 Reference value :  3.83425e-06
 Reference value :  3.83619e-06
 Reference value :  3.83826e-06
 Reference value :  3.84129e-06
 Reference value :  3.84898e-06
 Reference value :  3.85698e-06
 Reference value :  3.86548e-06
 Reference value :  3.86627e-06
 Reference value :  3.86644e-06
 Reference value :  3.86700e-06
 Reference value :  3.86742e-06
 Reference value :  3.86789e-06
 Reference value :  3.86917e-06
 Reference value :  3.87083e-06
 Reference value :  3.87255e-06
 Reference value :  3.87419e-06
 Reference value :  3.87591e-06
 Reference value :  3.87801e-06
 Reference value :  3.87994e-06
 Reference value :  3.88364e-06
 Reference value :  3.89154e-06
 Reference value :  3.90004e-06
 Reference value :  3.90783e-06
 Reference value :  3.90794e-06
 Reference value :  3.90820e-06
 Reference value :  3.90887e-06
 Reference value :  3.90919e-06
 Reference value :  3.91021e-06
 Reference value :  3.91176e-06
 Reference value :  3.91319e-06
 Reference value :  3.91496e-06
 Reference value :  3.91673e-06
 Reference value :  3.91898e-06
 Reference value :  3.92087e-06
 Reference value :  3.92362e-06
 Reference value :  3.92982e-06
 Reference value :  3.93782e-06
 Reference value :  3.94582e-06
 Reference value :  3.94956e-06
 Reference value :  3.94969e-06
 Reference value :  3.95005e-06
 Reference value :  3.95035e-06
 Reference value :  3.95059e-06
 Reference value :  3.95083e-06
 Reference value :  3.95126e-06
 Reference value :  3.95271e-06
 Reference value :  3.95448e-06
 Reference value :  3.95637e-06
 Reference value :  3.95812e-06
 Reference value :  3.95981e-06
 Reference value :  3.96159e-06
 Reference value :  3.96383e-06
 Reference value :  3.96737e-06
 Reference value :  3.97583e-06
 Reference value :  3.98333e-06
 Reference value :  3.99117e-06
 Reference value :  3.99128e-06
 Reference value :  3.99153e-06
 Reference value :  3.99220e-06
 Reference value :  3.99254e-06
 Reference value :  3.99331e-06
 Reference value :  3.99479e-06
 Reference value :  3.99613e-06
 Reference value :  3.99773e-06
 Reference value :  3.99929e-06
 Reference value :  4.00100e-06
 Reference value :  4.00294e-06
 Reference value :  4.00512e-06
 Reference value :  4.00883e-06
 Reference value :  4.01723e-06
 Reference value :  4.02523e-06
 Reference value :  4.03284e-06
 Reference value :  4.03298e-06
 Reference value :  4.03323e-06
 Reference value :  4.03383e-06
 Reference value :  4.03436e-06
 Reference value :  4.03437e-06
 Reference value :  4.03505e-06
 Reference value :  4.03678e-06
 Reference value :  4.03845e-06
 Reference value :  4.04019e-06
 Reference value :  4.04199e-06
 Reference value :  4.04411e-06
 Reference value :  4.04598e-06
 Reference value :  4.04908e-06
 Reference value :  4.05645e-06
 Reference value :  4.06445e-06
 Reference value :  4.07245e-06
 Reference value :  4.07458e-06
 Reference value :  4.07475e-06
 Reference value :  4.07550e-06
 Reference value :  4.07584e-06
 Reference value :  4.07657e-06
 Reference value :  4.07787e-06
 Reference value :  4.07897e-06
 Reference value :  4.08066e-06
 Reference value :  4.08241e-06
 Reference value :  4.08437e-06
 Reference value :  4.08636e-06
 Reference value :  4.08855e-06
 Reference value :  4.09363e-06
 Reference value :  4.10163e-06
 Reference value :  4.10963e-06
 Reference value :  4.11617e-06
 Reference value :  4.11629e-06
 Reference value :  4.11656e-06
 Reference value :  4.11717e-06
 Reference value :  4.11789e-06
 Reference value :  4.11844e-06
 Reference value :  4.11916e-06
 Reference value :  4.12065e-06
 Reference value :  4.12255e-06
 Reference value :  4.12438e-06
 Reference value :  4.12635e-06
 Reference value :  4.12828e-06
 Reference value :  4.13134e-06
 Reference value :  4.13774e-06
 Reference value :  4.14574e-06
 Reference value :  4.15374e-06
 Reference value :  4.15788e-06
 Reference value :  4.15804e-06
 Reference value :  4.15859e-06
 Reference value :  4.15911e-06
 Reference value :  4.15944e-06
 Reference value :  4.16063e-06
 Reference value :  4.16217e-06
 Reference value :  4.16405e-06
 Reference value :  4.16577e-06
 Reference value :  4.16762e-06
 Reference value :  4.16943e-06
 Reference value :  4.17180e-06
 Reference value :  4.17602e-06
 Reference value :  4.18402e-06
 Reference value :  4.19152e-06
 Reference value :  4.19902e-06
 Reference value :  4.19963e-06
 Reference value :  4.19992e-06
 Reference value :  4.20026e-06
 Reference value :  4.20073e-06
 Reference value :  4.20140e-06
 Reference value :  4.20199e-06
 Reference value :  4.20373e-06
 Reference value :  4.20568e-06
 Reference value :  4.20721e-06
 Reference value :  4.20900e-06
 Reference value :  4.21116e-06
 Reference value :  4.21389e-06
 Reference value :  4.21906e-06
 Reference value :  4.22656e-06
 Reference value :  4.23456e-06
 Reference value :  4.24117e-06
 Reference value :  4.24132e-06
 Reference value :  4.24168e-06
 Reference value :  4.24232e-06
 Reference value :  4.24279e-06
 Reference value :  4.24402e-06
 Reference value :  4.24544e-06
 Reference value :  4.24708e-06
 Reference value :  4.24938e-06
 Reference value :  4.25104e-06
 Reference value :  4.25304e-06
 Reference value :  4.25496e-06
 Reference value :  4.25823e-06
 Reference value :  4.26610e-06
 Reference value :  4.27360e-06
 Reference value :  4.28160e-06
 Reference value :  4.28293e-06
 Reference value :  4.28314e-06
 Reference value :  4.28364e-06
 Reference value :  4.28408e-06
 Reference value :  4.28453e-06
 Reference value :  4.28470e-06
 Reference value :  4.28527e-06
 Reference value :  4.28684e-06
 Reference value :  4.28867e-06
 Reference value :  4.29048e-06
 Reference value :  4.29227e-06
 Reference value :  4.29514e-06
 Reference value :  4.30042e-06
 Reference value :  4.30792e-06
 Reference value :  4.31592e-06
 Reference value :  4.32342e-06
 Reference value :  4.32459e-06
 Reference value :  4.32481e-06
 Reference value :  4.32551e-06
 Reference value :  4.32595e-06
 Reference value :  4.32724e-06
 Reference value :  4.32926e-06
 Reference value :  4.33153e-06
 Reference value :  4.33370e-06
 Reference value :  4.33594e-06
 Reference value :  4.33822e-06
 Reference value :  4.34160e-06
 Reference value :  4.34259e-06
 Reference value :  4.34405e-06
 Reference value :  4.34593e-06
 Reference value :  4.34833e-06
 Reference value :  4.35180e-06
 Reference value :  4.35854e-06
 Reference value :  4.36617e-06
 Reference value :  4.36629e-06
 Reference value :  4.36653e-06
 Reference value :  4.36708e-06
 Reference value :  4.36778e-06
 Reference value :  4.36856e-06
 Reference value :  4.37003e-06
 Reference value :  4.37191e-06
 Reference value :  4.37363e-06
 Reference value :  4.37538e-06
 Reference value :  4.37726e-06
 Reference value :  4.37935e-06
 Reference value :  4.38167e-06
 Reference value :  4.38588e-06
 Reference value :  4.39388e-06
 Reference value :  4.40188e-06
 Reference value :  4.40787e-06
 Reference value :  4.40803e-06
 Reference value :  4.40863e-06
 Reference value :  4.40916e-06
 Reference value :  4.40984e-06
 Reference value :  4.41163e-06
 Reference value :  4.41361e-06
 Reference value :  4.41577e-06
 Reference value :  4.41846e-06
 Reference value :  4.42118e-06
 Reference value :  4.42297e-06
 Reference value :  4.42463e-06
 Reference value :  4.42650e-06
 Reference value :  4.42899e-06
 Reference value :  4.43648e-06
 Reference value :  4.44448e-06
 Reference value :  4.44953e-06
 Reference value :  4.44966e-06
 Reference value :  4.45006e-06
 Reference value :  4.45060e-06
 Reference value :  4.45137e-06
 Reference value :  4.45288e-06
 Reference value :  4.45484e-06
 Reference value :  4.45663e-06
 Reference value :  4.45855e-06
 Reference value :  4.46048e-06
 Reference value :  4.46250e-06
 Reference value :  4.46565e-06
 Reference value :  4.47241e-06
 Reference value :  4.48041e-06
 Reference value :  4.48891e-06
 Reference value :  4.49125e-06
 Reference value :  4.49145e-06
 Reference value :  4.49218e-06
 Reference value :  4.49250e-06
 Reference value :  4.49321e-06
 Reference value :  4.49515e-06
 Reference value :  4.49695e-06
 Reference value :  4.49909e-06
 Reference value :  4.50165e-06
 Reference value :  4.50411e-06
 Reference value :  4.50640e-06
 Reference value :  4.50865e-06
 Reference value :  4.50946e-06
 Reference value :  4.51147e-06
 Reference value :  4.51342e-06
 Reference value :  4.51580e-06
 Reference value :  4.52080e-06
 Reference value :  4.52880e-06
 Reference value :  4.53287e-06
 Reference value :  4.53301e-06
 Reference value :  4.53333e-06
 Reference value :  4.53385e-06
 Reference value :  4.53436e-06
 Reference value :  4.53483e-06
 Reference value :  4.53592e-06
 Reference value :  4.53750e-06
 Reference value :  4.53918e-06
 Reference value :  4.54112e-06
 Reference value :  4.54295e-06
 Reference value :  4.54558e-06
 Reference value :  4.54857e-06
 Reference value :  4.55479e-06
 Reference value :  4.56229e-06
 Reference value :  4.56979e-06
 Reference value :  4.57454e-06
 Reference value :  4.57468e-06
 Reference value :  4.57528e-06
 Reference value :  4.57579e-06
 Reference value :  4.57611e-06
 Reference value :  4.57785e-06
 Reference value :  4.57980e-06
 Reference value :  4.58194e-06
 Reference value :  4.58397e-06
 Reference value :  4.58614e-06
 Reference value :  4.58824e-06
 Reference value :  4.59139e-06
 Reference value :  4.59240e-06
 Reference value :  4.59406e-06
 Reference value :  4.59625e-06
 Reference value :  4.59823e-06
 Reference value :  4.60036e-06
 Reference value :  4.60359e-06
 Reference value :  4.61199e-06
 Reference value :  4.61621e-06
 Reference value :  4.61636e-06
 Reference value :  4.61678e-06
 Reference value :  4.61717e-06
 Reference value :  4.61763e-06
 Reference value :  4.61807e-06
 Reference value :  4.61898e-06
 Reference value :  4.62086e-06
 Reference value :  4.62261e-06
 Reference value :  4.62438e-06
 Reference value :  4.62639e-06
 Reference value :  4.62842e-06
 Reference value :  4.63058e-06
 Reference value :  4.63451e-06
 Reference value :  4.64194e-06
 Reference value :  4.64994e-06
 Reference value :  4.65739e-06
 Reference value :  4.65795e-06
 Reference value :  4.65824e-06
 Reference value :  4.65887e-06
 Reference value :  4.65935e-06
 Reference value :  4.66114e-06
 Reference value :  4.66290e-06
 Reference value :  4.66453e-06
 Reference value :  4.66610e-06
 Reference value :  4.66816e-06
 Reference value :  4.67016e-06
 Reference value :  4.67320e-06
 Reference value :  4.67452e-06
 Reference value :  4.67548e-06
 Reference value :  4.67728e-06
 Reference value :  4.67914e-06
 Reference value :  4.68136e-06
 Reference value :  4.68704e-06
 Reference value :  4.69504e-06
 Reference value :  4.69955e-06
 Reference value :  4.69971e-06
 Reference value :  4.70018e-06
 Reference value :  4.70059e-06
 Reference value :  4.70130e-06
 Reference value :  4.70217e-06
 Reference value :  4.70381e-06
 Reference value :  4.70534e-06
 Reference value :  4.70709e-06
 Reference value :  4.70883e-06
 Reference value :  4.71140e-06
 Reference value :  4.71348e-06
 Reference value :  4.71655e-06
 Reference value :  4.72318e-06
 Reference value :  4.73118e-06
 Reference value :  4.73918e-06
 Reference value :  4.74126e-06
 Reference value :  4.74144e-06
 Reference value :  4.74217e-06
 Reference value :  4.74249e-06
 Reference value :  4.74317e-06
 Reference value :  4.74514e-06
 Reference value :  4.74691e-06
 Reference value :  4.74904e-06
 Reference value :  4.75179e-06
 Reference value :  4.75364e-06
 Reference value :  4.75618e-06
 Reference value :  4.75793e-06
 Reference value :  4.75933e-06
 Reference value :  4.76141e-06
 Reference value :  4.76326e-06
 Reference value :  4.76543e-06
 Reference value :  4.76888e-06
 Reference value :  4.77683e-06
 Reference value :  4.78287e-06
 Reference value :  4.78303e-06
 Reference value :  4.78344e-06
 Reference value :  4.78385e-06
 Reference value :  4.78436e-06
 Reference value :  4.78496e-06
 Reference value :  4.78631e-06
 Reference value :  4.78813e-06
 Reference value :  4.78986e-06
 Reference value :  4.79146e-06
 Reference value :  4.79316e-06
 Reference value :  4.79498e-06
 Reference value :  4.79741e-06
 Reference value :  4.80206e-06
 Reference value :  4.81006e-06
 Reference value :  4.81856e-06
 Reference value :  4.82454e-06
 Reference value :  4.82471e-06
 Reference value :  4.82538e-06
 Reference value :  4.82580e-06
 Reference value :  4.82625e-06
 Reference value :  4.82782e-06
 Reference value :  4.82944e-06
 Reference value :  4.83120e-06
 Reference value :  4.83346e-06
 Reference value :  4.83501e-06
 Reference value :  4.83768e-06
 Reference value :  4.84061e-06
 Reference value :  4.84168e-06
 Reference value :  4.84309e-06
 Reference value :  4.84481e-06
 Reference value :  4.84663e-06
 Reference value :  4.84907e-06
 Reference value :  4.85246e-06
 Reference value :  4.86037e-06
 Reference value :  4.86620e-06
 Reference value :  4.86633e-06
 Reference value :  4.86674e-06
 Reference value :  4.86717e-06
 Reference value :  4.86753e-06
 Reference value :  4.86816e-06
 Reference value :  4.86926e-06
 Reference value :  4.87091e-06
 Reference value :  4.87241e-06
 Reference value :  4.87426e-06
 Reference value :  4.87600e-06
 Reference value :  4.87804e-06
 Reference value :  4.87989e-06
 Reference value :  4.88378e-06
 Reference value :  4.89107e-06
 Reference value :  4.89907e-06
 Reference value :  4.90783e-06
 Reference value :  4.90794e-06
 Reference value :  4.90824e-06
 Reference value :  4.90891e-06
 Reference value :  4.90927e-06
 Reference value :  4.91044e-06
 Reference value :  4.91219e-06
 Reference value :  4.91392e-06
 Reference value :  4.91570e-06
 Reference value :  4.91768e-06
 Reference value :  4.91962e-06
 Reference value :  4.92286e-06
 Reference value :  4.92611e-06
 Reference value :  4.92802e-06
 Reference value :  4.93007e-06
 Reference value :  4.93202e-06
 Reference value :  4.93405e-06
 Reference value :  4.93736e-06
 Reference value :  4.94462e-06
 Reference value :  4.94953e-06
 Reference value :  4.94965e-06
 Reference value :  4.95000e-06
 Reference value :  4.95025e-06
 Reference value :  4.95046e-06
 Reference value :  4.95072e-06
 Reference value :  4.95112e-06
 Reference value :  4.95194e-06
 Reference value :  4.95356e-06
 Reference value :  4.95554e-06
 Reference value :  4.95765e-06
 Reference value :  4.95964e-06
 Reference value :  4.96147e-06
 Reference value :  4.96376e-06
 Reference value :  4.96689e-06
 Reference value :  4.97460e-06
 Reference value :  4.98260e-06
 Reference value :  4.99089e-06
 Reference value :  4.99127e-06
 Reference value :  4.99149e-06
 Reference value :  4.99218e-06
 Reference value :  4.99273e-06
 Reference value :  4.99417e-06
 Reference value :  4.99588e-06
 Reference value :  4.99768e-06
 Reference value :  4.99926e-06
 Reference value :  5.00101e-06
 Reference value :  5.00282e-06
 Reference value :  5.00563e-06
 Reference value :  5.00801e-06
 Reference value :  5.00981e-06
 Reference value :  5.01274e-06
 Reference value :  5.01880e-06
 Reference value :  5.02680e-06
 Reference value :  5.03285e-06
 Reference value :  5.03298e-06
 Reference value :  5.03324e-06
 Reference value :  5.03370e-06
 Reference value :  5.03420e-06
 Reference value :  5.03478e-06
 Reference value :  5.03571e-06
 Reference value :  5.03803e-06
 Reference value :  5.04000e-06
 Reference value :  5.04218e-06
 Reference value :  5.04392e-06
 Reference value :  5.04590e-06
 Reference value :  5.04885e-06
 Reference value :  5.05478e-06
 Reference value :  5.06278e-06
 Reference value :  5.07078e-06
 Reference value :  5.07456e-06
 Reference value :  5.07469e-06
 Reference value :  5.07526e-06
 Reference value :  5.07580e-06
 Reference value :  5.07618e-06
 Reference value :  5.07793e-06
 Reference value :  5.07992e-06
 Reference value :  5.08150e-06
 Reference value :  5.08362e-06
 Reference value :  5.08549e-06
 Reference value :  5.08796e-06
 Reference value :  5.09092e-06
 Reference value :  5.09281e-06
 Reference value :  5.09530e-06
 Reference value :  5.10101e-06
 Reference value :  5.10901e-06
 Reference value :  5.11617e-06
 Reference value :  5.11630e-06
 Reference value :  5.11662e-06
 Reference value :  5.11717e-06
 Reference value :  5.11747e-06
 Reference value :  5.11771e-06
 Reference value :  5.11832e-06
 Reference value :  5.11912e-06
 Reference value :  5.12028e-06
 Reference value :  5.12184e-06
 Reference value :  5.12321e-06
 Reference value :  5.12508e-06
 Reference value :  5.12712e-06
 Reference value :  5.12926e-06
 Reference value :  5.13270e-06
 Reference value :  5.14006e-06
 Reference value :  5.14906e-06
 Reference value :  5.15706e-06
 Reference value :  5.15794e-06
 Reference value :  5.15820e-06
 Reference value :  5.15894e-06
 Reference value :  5.15956e-06
 Reference value :  5.16059e-06
 Reference value :  5.16167e-06
 Reference value :  5.16340e-06
 Reference value :  5.16526e-06
 Reference value :  5.16699e-06
 Reference value :  5.16909e-06
 Reference value :  5.17155e-06
 Reference value :  5.17799e-06
 Reference value :  5.18649e-06
 Reference value :  5.19399e-06
 Reference value :  5.19953e-06
 Reference value :  5.19969e-06
 Reference value :  5.19999e-06
 Reference value :  5.20054e-06
 Reference value :  5.20105e-06
 Reference value :  5.20132e-06
 Reference value :  5.20232e-06
 Reference value :  5.20431e-06
 Reference value :  5.20633e-06
 Reference value :  5.20801e-06
 Reference value :  5.20999e-06
 Reference value :  5.21188e-06
 Reference value :  5.21559e-06
 Reference value :  5.22356e-06
 Reference value :  5.23156e-06
 Reference value :  5.23956e-06
 Reference value :  5.24127e-06
 Reference value :  5.24150e-06
 Reference value :  5.24222e-06
 Reference value :  5.24283e-06
 Reference value :  5.24404e-06
 Reference value :  5.24546e-06
 Reference value :  5.24722e-06
 Reference value :  5.24922e-06
 Reference value :  5.25094e-06
 Reference value :  5.25288e-06
 Reference value :  5.25605e-06
 Reference value :  5.26249e-06
 Reference value :  5.27099e-06
 Reference value :  5.27899e-06
 Reference value :  5.28290e-06
 Reference value :  5.28303e-06
 Reference value :  5.28345e-06
 Reference value :  5.28387e-06
 Reference value :  5.28456e-06
 Reference value :  5.28519e-06
 Reference value :  5.28663e-06
 Reference value :  5.28835e-06
 Reference value :  5.29007e-06
 Reference value :  5.29166e-06
 Reference value :  5.29382e-06
 Reference value :  5.29575e-06
 Reference value :  5.29854e-06
 Reference value :  5.30479e-06
 Reference value :  5.31379e-06
 Reference value :  5.32179e-06
 Reference value :  5.32457e-06
 Reference value :  5.32471e-06
 Reference value :  5.32540e-06
 Reference value :  5.32580e-06
 Reference value :  5.32661e-06
 Reference value :  5.32833e-06
 Reference value :  5.33043e-06
 Reference value :  5.33239e-06
 Reference value :  5.33421e-06
 Reference value :  5.33643e-06
 Reference value :  5.33994e-06
 Reference value :  5.34600e-06
 Reference value :  5.35400e-06
 Reference value :  5.36200e-06
 Reference value :  5.36621e-06
 Reference value :  5.36633e-06
 Reference value :  5.36680e-06
 Reference value :  5.36727e-06
 Reference value :  5.36803e-06
 Reference value :  5.36931e-06
 Reference value :  5.37119e-06
 Reference value :  5.37287e-06
 Reference value :  5.37476e-06
 Reference value :  5.37655e-06
 Reference value :  5.37859e-06
 Reference value :  5.38098e-06
 Reference value :  5.38558e-06
 Reference value :  5.39358e-06
 Reference value :  5.40158e-06
 Reference value :  5.40785e-06
 Reference value :  5.40798e-06
 Reference value :  5.40826e-06
 Reference value :  5.40895e-06
 Reference value :  5.40977e-06
 Reference value :  5.41161e-06
 Reference value :  5.41320e-06
 Reference value :  5.41477e-06
 Reference value :  5.41635e-06
 Reference value :  5.41842e-06
 Reference value :  5.42091e-06
 Reference value :  5.42479e-06
 Reference value :  5.43356e-06
 Reference value :  5.44156e-06
 Reference value :  5.44903e-06
 Reference value :  5.44962e-06
 Reference value :  5.44989e-06
 Reference value :  5.45033e-06
 Reference value :  5.45092e-06
 Reference value :  5.45239e-06
 Reference value :  5.45389e-06
 Reference value :  5.45554e-06
 Reference value :  5.45733e-06
 Reference value :  5.45921e-06
 Reference value :  5.46134e-06
 Reference value :  5.46333e-06
 Reference value :  5.46711e-06
 Reference value :  5.47455e-06
 Reference value :  5.48205e-06
 Reference value :  5.49005e-06
 Reference value :  5.49127e-06
 Reference value :  5.49148e-06
 Reference value :  5.49218e-06
 Reference value :  5.49287e-06
 Reference value :  5.49468e-06
 Reference value :  5.49639e-06
 Reference value :  5.49795e-06
 Reference value :  5.49968e-06
 Reference value :  5.50192e-06
 Reference value :  5.50386e-06
 Reference value :  5.50747e-06
 Reference value :  5.51605e-06
 Reference value :  5.52405e-06
 Reference value :  5.53205e-06
 Reference value :  5.53294e-06
 Reference value :  5.53316e-06
 Reference value :  5.53366e-06
 Reference value :  5.53427e-06
 Reference value :  5.53562e-06
 Reference value :  5.53701e-06
 Reference value :  5.53864e-06
 Reference value :  5.54015e-06
 Reference value :  5.54169e-06
 Reference value :  5.54375e-06
 Reference value :  5.54590e-06
 Reference value :  5.54965e-06
 Reference value :  5.55691e-06
 Reference value :  5.56491e-06
 Reference value :  5.57291e-06
 Reference value :  5.57458e-06
 Reference value :  5.57473e-06
 Reference value :  5.57550e-06
 Reference value :  5.57606e-06
 Reference value :  5.57775e-06
 Reference value :  5.57950e-06
 Reference value :  5.58121e-06
 Reference value :  5.58337e-06
 Reference value :  5.58547e-06
 Reference value :  5.58736e-06
 Reference value :  5.59009e-06
 Reference value :  5.59724e-06
 Reference value :  5.60524e-06
 Reference value :  5.61274e-06
 Reference value :  5.61625e-06
 Reference value :  5.61643e-06
 Reference value :  5.61693e-06
 Reference value :  5.61749e-06
 Reference value :  5.61869e-06
 Reference value :  5.62028e-06
 Reference value :  5.62183e-06
 Reference value :  5.62365e-06
 Reference value :  5.62552e-06
 Reference value :  5.62725e-06
 Reference value :  5.63041e-06
 Reference value :  5.63720e-06
 Reference value :  5.64520e-06
 Reference value :  5.65370e-06
 Reference value :  5.65787e-06
 Reference value :  5.65801e-06
 Reference value :  5.65855e-06
 Reference value :  5.65923e-06
 Reference value :  5.66049e-06
 Reference value :  5.66236e-06
 Reference value :  5.66380e-06
 Reference value :  5.66534e-06
 Reference value :  5.66694e-06
 Reference value :  5.66959e-06
 Reference value :  5.67174e-06
 Reference value :  5.67699e-06
 Reference value :  5.68549e-06
 Reference value :  5.69349e-06
 Reference value :  5.69951e-06
 Reference value :  5.69965e-06
 Reference value :  5.69995e-06
 Reference value :  5.70050e-06
 Reference value :  5.70117e-06
 Reference value :  5.70263e-06
 Reference value :  5.70438e-06
 Reference value :  5.70601e-06
 Reference value :  5.70802e-06
 Reference value :  5.70980e-06
 Reference value :  5.71180e-06
 Reference value :  5.71469e-06
 Reference value :  5.72016e-06
 Reference value :  5.72816e-06
 Reference value :  5.73616e-06
 Reference value :  5.74119e-06
 Reference value :  5.74133e-06
 Reference value :  5.74166e-06
 Reference value :  5.74226e-06
 Reference value :  5.74279e-06
 Reference value :  5.74448e-06
 Reference value :  5.74644e-06
 Reference value :  5.74818e-06
 Reference value :  5.75027e-06
 Reference value :  5.75230e-06
 Reference value :  5.75428e-06
 Reference value :  5.75671e-06
 Reference value :  5.76234e-06
 Reference value :  5.77034e-06
 Reference value :  5.77834e-06
 Reference value :  5.78290e-06
 Reference value :  5.78304e-06
 Reference value :  5.78344e-06
 Reference value :  5.78403e-06
 Reference value :  5.78522e-06
 Reference value :  5.78678e-06
 Reference value :  5.78850e-06
 Reference value :  5.79033e-06
 Reference value :  5.79224e-06
 Reference value :  5.79377e-06
 Reference value :  5.79573e-06
 Reference value :  5.79889e-06
 Reference value :  5.80543e-06
 Reference value :  5.81343e-06
 Reference value :  5.82143e-06
 Reference value :  5.82457e-06
 Reference value :  5.82473e-06
 Reference value :  5.82539e-06
 Reference value :  5.82580e-06
 Reference value :  5.82644e-06
 Reference value :  5.82845e-06
 Reference value :  5.83025e-06
 Reference value :  5.83205e-06
 Reference value :  5.83398e-06
 Reference value :  5.83578e-06
 Reference value :  5.83773e-06
 Reference value :  5.84211e-06
 Reference value :  5.85154e-06
 Reference value :  5.86004e-06
 Reference value :  5.86618e-06
 Reference value :  5.86632e-06
 Reference value :  5.86657e-06
 Reference value :  5.86706e-06
 Reference value :  5.86747e-06
 Reference value :  5.86897e-06
 Reference value :  5.87057e-06
 Reference value :  5.87224e-06
 Reference value :  5.87396e-06
 Reference value :  5.87579e-06
 Reference value :  5.87793e-06
 Reference value :  5.88033e-06
 Reference value :  5.88395e-06
 Reference value :  5.89189e-06
 Reference value :  5.89989e-06
 Reference value :  5.90783e-06
 Reference value :  5.90798e-06
 Reference value :  5.90826e-06
 Reference value :  5.90902e-06
 Reference value :  5.90930e-06
 Reference value :  5.91094e-06
 Reference value :  5.91292e-06
 Reference value :  5.91487e-06
 Reference value :  5.91685e-06
 Reference value :  5.91879e-06
 Reference value :  5.92092e-06
 Reference value :  5.92393e-06
 Reference value :  5.93238e-06
 Reference value :  5.94038e-06
 Reference value :  5.94838e-06
 Reference value :  5.94960e-06
 Reference value :  5.94976e-06
 Reference value :  5.95043e-06
 Reference value :  5.95078e-06
 Reference value :  5.95194e-06
 Reference value :  5.95340e-06
 Reference value :  5.95495e-06
 Reference value :  5.95647e-06
 Reference value :  5.95806e-06
 Reference value :  5.96002e-06
 Reference value :  5.96184e-06
 Reference value :  5.96559e-06
 Reference value :  5.97205e-06
 Reference value :  5.98005e-06
 Reference value :  5.98805e-06
 Reference value :  5.99124e-06
 Reference value :  5.99144e-06
 Reference value :  5.99199e-06
 Reference value :  5.99256e-06
 Reference value :  5.99384e-06
 Reference value :  5.99575e-06
 Reference value :  5.99785e-06
 Reference value :  5.99960e-06
 Reference value :  6.00108e-06
 Reference value :  6.00309e-06
 Reference value :  6.00601e-06
 Reference value :  6.01227e-06
 Reference value :  6.02027e-06
 Reference value :  6.02827e-06
 Reference value :  6.03287e-06
 Reference value :  6.03302e-06
 Reference value :  6.03330e-06
 Reference value :  6.03371e-06
 Reference value :  6.03441e-06
 Reference value :  6.03523e-06
 Reference value :  6.03696e-06
 Reference value :  6.03875e-06
 Reference value :  6.04058e-06
 Reference value :  6.04246e-06
 Reference value :  6.04440e-06
 Reference value :  6.04645e-06
 Reference value :  6.04986e-06
 Reference value :  6.05723e-06
 Reference value :  6.06523e-06
 Reference value :  6.07323e-06
 Reference value :  6.07460e-06
 Reference value :  6.07482e-06
 Reference value :  6.07541e-06
 Reference value :  6.07624e-06
 Reference value :  6.07800e-06
 Reference value :  6.07988e-06
 Reference value :  6.08171e-06
 Reference value :  6.08325e-06
 Reference value :  6.08487e-06
 Reference value :  6.08790e-06
 Reference value :  6.09591e-06
 Reference value :  6.10941e-06
 Reference value :  6.11626e-06
 Reference value :  6.11669e-06
 Reference value :  6.11724e-06
 Reference value :  6.11750e-06
 Reference value :  6.11888e-06
 Reference value :  6.12082e-06
 Reference value :  6.12240e-06
 Reference value :  6.12400e-06
 Reference value :  6.12590e-06
 Reference value :  6.12753e-06
 Reference value :  6.12965e-06
 Reference value :  6.13244e-06
 Reference value :  6.13795e-06
 Reference value :  6.14595e-06
 Reference value :  6.15445e-06
 Reference value :  6.15791e-06
 Reference value :  6.15808e-06
 Reference value :  6.15883e-06
 Reference value :  6.15915e-06
 Reference value :  6.15981e-06
 Reference value :  6.16102e-06
 Reference value :  6.16139e-06
 Reference value :  6.16294e-06
 Reference value :  6.16486e-06
 Reference value :  6.16692e-06
 Reference value :  6.16873e-06
 Reference value :  6.17108e-06
 Reference value :  6.17556e-06
 Reference value :  6.18356e-06
 Reference value :  6.19156e-06
 Reference value :  6.19950e-06
 Reference value :  6.19962e-06
 Reference value :  6.19987e-06
 Reference value :  6.20027e-06
 Reference value :  6.20085e-06
 Reference value :  6.20122e-06
 Reference value :  6.20167e-06
 Reference value :  6.20335e-06
 Reference value :  6.20527e-06
 Reference value :  6.20716e-06
 Reference value :  6.20899e-06
 Reference value :  6.21117e-06
 Reference value :  6.21377e-06
 Reference value :  6.22058e-06
 Reference value :  6.22908e-06
 Reference value :  6.23708e-06
 Reference value :  6.24121e-06
 Reference value :  6.24136e-06
 Reference value :  6.24196e-06
 Reference value :  6.24245e-06
 Reference value :  6.24324e-06
 Reference value :  6.24445e-06
 Reference value :  6.24593e-06
 Reference value :  6.24750e-06
 Reference value :  6.24937e-06
 Reference value :  6.25143e-06
 Reference value :  6.25384e-06
 Reference value :  6.25781e-06
 Reference value :  6.26581e-06
 Reference value :  6.27381e-06
 Reference value :  6.28231e-06
 Reference value :  6.28293e-06
 Reference value :  6.28313e-06
No. of Data Rows : 28413

  Measurements for Transient Analysis

d9_c1               =  -1.04318e-04
d8_c1               =  -8.19267e-05
d7_c1               =  1.79998e+00
d6_c1               =  1.79998e+00
d5_c1               =  -8.18719e-05
d4_c1               =  1.79998e+00
d3_c1               =  1.79998e+00
d2_c1               =  1.79998e+00
d1_c1               =  1.79998e+00
d0_c1               =  1.79998e+00
d9_c2               =  -1.16331e-04
d8_c2               =  1.79997e+00
d7_c2               =  -9.44109e-05
d6_c2               =  1.79997e+00
d5_c2               =  1.79997e+00
d4_c2               =  1.79997e+00
d3_c2               =  1.79997e+00
d2_c2               =  1.79997e+00
d1_c2               =  1.79997e+00
d0_c2               =  1.79996e+00
d9_c3               =  -1.14308e-04
d8_c3               =  1.79997e+00
d7_c3               =  1.79997e+00
d6_c3               =  1.79997e+00
d5_c3               =  1.79997e+00
d4_c3               =  1.79997e+00
d3_c3               =  1.79997e+00
d2_c3               =  1.79997e+00
d1_c3               =  1.79997e+00
d0_c3               =  1.79997e+00
d9_c4               =  1.79998e+00
d8_c4               =  -9.34092e-05
d7_c4               =  1.79997e+00
d6_c4               =  -9.34089e-05
d5_c4               =  -9.34390e-05
d4_c4               =  -9.34092e-05
d3_c4               =  -9.34168e-05
d2_c4               =  -9.34748e-05
d1_c4               =  -9.34215e-05
d0_c4               =  1.79997e+00
d9_c5               =  1.79997e+00
d8_c5               =  1.79995e+00
d7_c5               =  1.79995e+00
d6_c5               =  1.79995e+00
d5_c5               =  1.79995e+00
d4_c5               =  1.79995e+00
d3_c5               =  1.79995e+00
d2_c5               =  1.79995e+00
d1_c5               =  1.79995e+00
d0_c5               =  1.79995e+00
busy_c1_p0          =  1.79997e+00
smpl_c1_p0          =  -8.33546e-05
busy_c1_p1          =  1.79997e+00
smpl_c1_p1          =  -8.29615e-05
busy_c1_p2          =  1.79998e+00
smpl_c1_p2          =  -6.96211e-05
busy_c1_p3          =  1.79997e+00
smpl_c1_p3          =  -8.08283e-05
busy_c1_p4          =  1.79997e+00
smpl_c1_p4          =  -8.41658e-05
busy_c1_p5          =  1.79997e+00
smpl_c1_p5          =  -8.10200e-05
busy_c1_p6          =  1.79997e+00
smpl_c1_p6          =  -8.73358e-05
busy_c1_p7          =  1.79997e+00
smpl_c1_p7          =  -7.95262e-05
busy_c1_p8          =  1.79997e+00
smpl_c1_p8          =  -8.31215e-05
busy_c1_p9          =  1.79997e+00
smpl_c1_p9          =  -8.35388e-05
busy_c1_p10         =  1.79997e+00
smpl_c1_p10         =  -7.86602e-05
busy_c1_p11         =  -5.64134e-05
smpl_c1_p11         =  1.80001e+00
busy_c2_p0          =  1.79997e+00
smpl_c2_p0          =  -8.40042e-05
busy_c2_p1          =  1.79997e+00
smpl_c2_p1          =  -8.27140e-05
busy_c2_p2          =  1.79997e+00
smpl_c2_p2          =  -8.62751e-05
busy_c2_p3          =  1.79997e+00
smpl_c2_p3          =  -8.56022e-05
busy_c2_p4          =  1.79997e+00
smpl_c2_p4          =  -8.21864e-05
busy_c2_p5          =  1.79997e+00
smpl_c2_p5          =  -8.53010e-05
busy_c2_p6          =  1.79996e+00
smpl_c2_p6          =  -8.83756e-05
busy_c2_p7          =  1.79997e+00
smpl_c2_p7          =  -8.44906e-05
busy_c2_p8          =  1.79997e+00
smpl_c2_p8          =  -8.50636e-05
busy_c2_p9          =  1.79997e+00
smpl_c2_p9          =  -7.78426e-05
busy_c2_p10         =  1.79997e+00
smpl_c2_p10         =  -8.70197e-05
busy_c2_p11         =  -6.31920e-05
smpl_c2_p11         =  1.80000e+00
busy_c3_p0          =  1.79997e+00
smpl_c3_p0          =  -8.27834e-05
busy_c3_p1          =  1.79997e+00
smpl_c3_p1          =  -8.00310e-05
busy_c3_p2          =  1.79997e+00
smpl_c3_p2          =  -8.74707e-05
busy_c3_p3          =  1.79996e+00
smpl_c3_p3          =  -9.11050e-05
busy_c3_p4          =  1.79997e+00
smpl_c3_p4          =  -8.29211e-05
busy_c3_p5          =  1.79997e+00
smpl_c3_p5          =  -8.82966e-05
busy_c3_p6          =  1.79996e+00
smpl_c3_p6          =  -9.09297e-05
busy_c3_p7          =  1.79996e+00
smpl_c3_p7          =  -9.15290e-05
busy_c3_p8          =  1.79997e+00
smpl_c3_p8          =  -8.89081e-05
busy_c3_p9          =  1.79996e+00
smpl_c3_p9          =  -9.00462e-05
busy_c3_p10         =  1.79997e+00
smpl_c3_p10         =  -8.58725e-05
busy_c3_p11         =  -6.49994e-05
smpl_c3_p11         =  1.80000e+00
busy_c4_p0          =  1.79997e+00
smpl_c4_p0          =  -8.27574e-05
busy_c4_p1          =  1.79996e+00
smpl_c4_p1          =  -8.94406e-05
busy_c4_p2          =  1.79997e+00
smpl_c4_p2          =  -8.34806e-05
busy_c4_p3          =  1.79996e+00
smpl_c4_p3          =  -8.80894e-05
busy_c4_p4          =  1.79997e+00
smpl_c4_p4          =  -8.58383e-05
busy_c4_p5          =  1.79997e+00
smpl_c4_p5          =  -7.95461e-05
busy_c4_p6          =  1.79997e+00
smpl_c4_p6          =  -7.98313e-05
busy_c4_p7          =  1.79997e+00
smpl_c4_p7          =  -8.64384e-05
busy_c4_p8          =  1.79996e+00
smpl_c4_p8          =  -8.88886e-05
busy_c4_p9          =  1.79996e+00
smpl_c4_p9          =  -7.90101e-05
busy_c4_p10         =  1.79997e+00
smpl_c4_p10         =  -8.74586e-05
busy_c4_p11         =  -5.10829e-05
smpl_c4_p11         =  1.80000e+00
busy_c5_p0          =  1.79997e+00
smpl_c5_p0          =  -8.20795e-05
busy_c5_p1          =  1.79997e+00
smpl_c5_p1          =  -8.63384e-05
busy_c5_p2          =  1.79998e+00
smpl_c5_p2          =  -6.93388e-05
busy_c5_p3          =  1.79997e+00
smpl_c5_p3          =  -6.73414e-05
busy_c5_p4          =  1.79997e+00
smpl_c5_p4          =  -7.20391e-05
busy_c5_p5          =  1.79997e+00
smpl_c5_p5          =  -7.24323e-05
busy_c5_p6          =  1.79997e+00
smpl_c5_p6          =  -7.61200e-05
busy_c5_p7          =  1.79997e+00
smpl_c5_p7          =  -7.55598e-05
busy_c5_p8          =  1.79997e+00
smpl_c5_p8          =  -7.59337e-05
busy_c5_p9          =  1.79995e+00
smpl_c5_p9          =  -9.59866e-05
busy_c5_p10         =  1.79995e+00
smpl_c5_p10         =  -9.65595e-05
busy_c5_p11         =  -4.51677e-05
smpl_c5_p11         =  1.80001e+00
i_vdd               =  -2.13495e-06 from=  3.20000e-06 to=  4.20001e-06
i_vpwr              =  -6.26735e-06 from=  3.20000e-06 to=  4.20001e-06
i_vrefp             =  -6.50660e-06 from=  3.20000e-06 to=  4.20001e-06
i_vrefn             =  6.49257e-06 from=  3.20000e-06 to=  4.20001e-06
i_vcm               =  1.14836e-08 from=  3.20000e-06 to=  4.20001e-06
gnd_die_pp          =  1.27098e-02 from=  3.20000e-06 to=  4.20000e-06
gnd_die_max         =  7.07483e-03 at=  4.11829e-06
gnd_die_min         =  -5.63501e-03 at=  3.86748e-06
vgnd_die_pp         =  1.32077e-02 from=  3.20000e-06 to=  4.20000e-06
vgnd_die_max        =  5.31612e-03 at=  3.90885e-06
vgnd_die_min        =  -7.89159e-03 at=  3.86748e-06
vdd_die_pp          =  9.19315e-03 from=  3.20000e-06 to=  4.20000e-06
vdd_die_max         =  1.80388e+00 at=  3.86771e-06
vdd_die_min         =  1.79469e+00 at=  3.95071e-06
vpwr_die_pp         =  1.39084e-02 from=  3.20000e-06 to=  4.20000e-06
vpwr_die_max        =  1.80813e+00 at=  3.86754e-06
vpwr_die_min        =  1.79422e+00 at=  3.95025e-06


Total analysis time (seconds) = 793.394

Total elapsed time (seconds) = 838.579 

Total DRAM available = 98304.000 MB.
DRAM currently available = 13026.250 MB.
Maximum ngspice program size =  823.672 MB.
Current ngspice program size =  823.672 MB.

