
Note: Compatibility modes selected: hs a


Circuit: * sim/supply-impedance-sensitivity -- ground/supply-return impedance

option SCALE: Scale is set to 1e-06 for instance and model parameters
option SCALE: Scale is set to 1e-06 for instance and model parameters
option SCALE: Scale is set to 1e-06 for instance and model parameters
option SCALE: Scale is set to 1e-06 for instance and model parameters
Doing analysis at TEMP = 27.000000 and TNOM = 27.000000

Using KLU as Direct Linear Solver
 Reference value :  0.00000e+00
 Reference value :  7.64000e-09
 Reference value :  1.95700e-08
 Reference value :  2.47500e-08
 Reference value :  3.32500e-08
 Reference value :  4.17500e-08
 Reference value :  5.12500e-08
 Reference value :  6.27500e-08
 Reference value :  7.42500e-08
 Reference value :  8.42500e-08
 Reference value :  9.62500e-08
 Reference value :  1.05750e-07
 Reference value :  1.13750e-07
 Reference value :  1.22250e-07
 Reference value :  1.30250e-07
 Reference value :  1.38750e-07
 Reference value :  1.46750e-07
 Reference value :  1.54750e-07
 Reference value :  1.62750e-07
 Reference value :  1.70750e-07
 Reference value :  1.78750e-07
 Reference value :  1.87250e-07
 Reference value :  1.95250e-07
 Reference value :  2.00090e-07
 Reference value :  2.00656e-07
 Reference value :  2.01339e-07
 Reference value :  2.08195e-07
 Reference value :  2.16195e-07
 Reference value :  2.24195e-07
 Reference value :  2.32195e-07
 Reference value :  2.40195e-07
 Reference value :  2.43298e-07
 Reference value :  2.45336e-07
 Reference value :  2.53336e-07
 Reference value :  2.61836e-07
 Reference value :  2.69836e-07
 Reference value :  2.77836e-07
 Reference value :  2.83423e-07
 Reference value :  2.84381e-07
 Reference value :  2.85258e-07
 Reference value :  2.91901e-07
 Reference value :  2.99901e-07
 Reference value :  3.08401e-07
 Reference value :  3.16401e-07
 Reference value :  3.24201e-07
 Reference value :  3.26631e-07
 Reference value :  3.33549e-07
 Reference value :  3.42049e-07
 Reference value :  3.50549e-07
 Reference value :  3.58549e-07
 Reference value :  3.66167e-07
 Reference value :  3.66967e-07
 Reference value :  3.70891e-07
 Reference value :  3.79391e-07
 Reference value :  3.87391e-07
 Reference value :  3.95891e-07
 Reference value :  4.04391e-07
 Reference value :  4.08883e-07
 Reference value :  4.11567e-07
 Reference value :  4.15567e-07
 Reference value :  4.23067e-07
 Reference value :  4.31067e-07
 Reference value :  4.39067e-07
 Reference value :  4.47067e-07
 Reference value :  4.50090e-07
 Reference value :  4.51088e-07
 Reference value :  4.54079e-07
 Reference value :  4.62579e-07
 Reference value :  4.70579e-07
 Reference value :  4.79079e-07
 Reference value :  4.87079e-07
 Reference value :  4.92167e-07
 Reference value :  4.95696e-07
 Reference value :  5.04196e-07
 Reference value :  5.09196e-07
 Reference value :  5.14696e-07
 Reference value :  5.22696e-07
 Reference value :  5.30696e-07
 Reference value :  5.33423e-07
 Reference value :  5.34515e-07
 Reference value :  5.37853e-07
 Reference value :  5.45353e-07
 Reference value :  5.53353e-07
 Reference value :  5.61353e-07
 Reference value :  5.69853e-07
 Reference value :  5.75500e-07
 Reference value :  5.79567e-07
 Reference value :  5.88067e-07
 Reference value :  5.96067e-07
 Reference value :  6.04567e-07
 Reference value :  6.12567e-07
 Reference value :  6.16764e-07
 Reference value :  6.18357e-07
 Reference value :  6.26214e-07
 Reference value :  6.34214e-07
 Reference value :  6.42214e-07
 Reference value :  6.50214e-07
 Reference value :  6.57833e-07
 Reference value :  6.59965e-07
 Reference value :  6.66876e-07
 Reference value :  6.75376e-07
 Reference value :  6.83376e-07
 Reference value :  6.91376e-07
 Reference value :  6.99188e-07
 Reference value :  7.00292e-07
 Reference value :  7.02705e-07
 Reference value :  7.10705e-07
 Reference value :  7.18705e-07
 Reference value :  7.27705e-07
 Reference value :  7.35705e-07
 Reference value :  7.41842e-07
 Reference value :  7.45201e-07
 Reference value :  7.52701e-07
 Reference value :  7.60701e-07
 Reference value :  7.68201e-07
 Reference value :  7.71701e-07
 Reference value :  7.79201e-07
 Reference value :  7.83418e-07
 Reference value :  7.84296e-07
 Reference value :  7.85649e-07
 Reference value :  7.92483e-07
 Reference value :  8.00483e-07
 Reference value :  8.08983e-07
 Reference value :  8.16983e-07
 Reference value :  8.24500e-07
 Reference value :  8.26631e-07
 Reference value :  8.33040e-07
 Reference value :  8.41040e-07
 Reference value :  8.49540e-07
 Reference value :  8.57540e-07
 Reference value :  8.61540e-07
 Reference value :  8.66517e-07
 Reference value :  8.67204e-07
 Reference value :  8.67949e-07
 Reference value :  8.71220e-07
 Reference value :  8.78220e-07
 Reference value :  8.86220e-07
 Reference value :  8.94220e-07
 Reference value :  9.02220e-07
 Reference value :  9.08508e-07
 Reference value :  9.10875e-07
 Reference value :  9.18375e-07
 Reference value :  9.26375e-07
 Reference value :  9.34875e-07
 Reference value :  9.45375e-07
 Reference value :  9.49500e-07
 Reference value :  9.50500e-07
 Reference value :  9.51138e-07
 Reference value :  9.54076e-07
 Reference value :  9.62576e-07
 Reference value :  9.71076e-07
 Reference value :  9.79076e-07
 Reference value :  9.87076e-07
 Reference value :  9.92167e-07
 Reference value :  9.95710e-07
 Reference value :  1.00371e-06
 Reference value :  1.01171e-06
 Reference value :  1.02021e-06
 Reference value :  1.02821e-06
 Reference value :  1.03342e-06
 Reference value :  1.03426e-06
 Reference value :  1.03928e-06
 Reference value :  1.04728e-06
 Reference value :  1.05528e-06
 Reference value :  1.06328e-06
 Reference value :  1.07128e-06
 Reference value :  1.07565e-06
 Reference value :  1.08213e-06
 Reference value :  1.09063e-06
 Reference value :  1.09863e-06
 Reference value :  1.10713e-06
 Reference value :  1.11513e-06
 Reference value :  1.11696e-06
 Reference value :  1.11781e-06
 Reference value :  1.12162e-06
 Reference value :  1.13012e-06
 Reference value :  1.13812e-06
 Reference value :  1.14712e-06
 Reference value :  1.15512e-06
 Reference value :  1.15888e-06
 Reference value :  1.16087e-06
 Reference value :  1.16833e-06
 Reference value :  1.17633e-06
 Reference value :  1.18433e-06
 Reference value :  1.19233e-06
 Reference value :  1.19955e-06
 Reference value :  1.20050e-06
 Reference value :  1.20094e-06
 Reference value :  1.20462e-06
 Reference value :  1.21262e-06
 Reference value :  1.22112e-06
 Reference value :  1.22962e-06
 Reference value :  1.23812e-06
 Reference value :  1.24222e-06
 Reference value :  1.24398e-06
 Reference value :  1.25030e-06
 Reference value :  1.25880e-06
 Reference value :  1.26730e-06
 Reference value :  1.27580e-06
 Reference value :  1.28288e-06
 Reference value :  1.28383e-06
 Reference value :  1.28459e-06
 Reference value :  1.28742e-06
 Reference value :  1.29542e-06
 Reference value :  1.30342e-06
 Reference value :  1.31142e-06
 Reference value :  1.31942e-06
 Reference value :  1.32555e-06
 Reference value :  1.33197e-06
 Reference value :  1.34347e-06
 Reference value :  1.35697e-06
 Reference value :  1.36676e-06
 Reference value :  1.36853e-06
 Reference value :  1.38021e-06
 Reference value :  1.39321e-06
 Reference value :  1.40671e-06
 Reference value :  1.41296e-06
 Reference value :  1.42596e-06
 Reference value :  1.43946e-06
 Reference value :  1.45010e-06
 Reference value :  1.45322e-06
 Reference value :  1.46122e-06
 Reference value :  1.46922e-06
 Reference value :  1.47772e-06
 Reference value :  1.48572e-06
 Reference value :  1.49217e-06
 Reference value :  1.49622e-06
 Reference value :  1.50422e-06
 Reference value :  1.51572e-06
 Reference value :  1.52672e-06
 Reference value :  1.53322e-06
 Reference value :  1.53470e-06
 Reference value :  1.54445e-06
 Reference value :  1.55795e-06
 Reference value :  1.56995e-06
 Reference value :  1.57706e-06
 Reference value :  1.58602e-06
 Reference value :  1.59202e-06
 Reference value :  1.60252e-06
 Reference value :  1.61352e-06
 Reference value :  1.61696e-06
 Reference value :  1.61831e-06
 Reference value :  1.62420e-06
 Reference value :  1.63220e-06
 Reference value :  1.64020e-06
 Reference value :  1.64820e-06
 Reference value :  1.65670e-06
 Reference value :  1.65918e-06
 Reference value :  1.66437e-06
 Reference value :  1.67237e-06
 Reference value :  1.68087e-06
 Reference value :  1.68587e-06
 Reference value :  1.69337e-06
 Reference value :  1.70008e-06
 Reference value :  1.70095e-06
 Reference value :  1.70230e-06
 Reference value :  1.71063e-06
 Reference value :  1.71913e-06
 Reference value :  1.72763e-06
 Reference value :  1.73563e-06
 Reference value :  1.74184e-06
 Reference value :  1.74471e-06
 Reference value :  1.75221e-06
 Reference value :  1.76021e-06
 Reference value :  1.76821e-06
 Reference value :  1.77671e-06
 Reference value :  1.78318e-06
 Reference value :  1.78386e-06
 Reference value :  1.78654e-06
 Reference value :  1.79654e-06
 Reference value :  1.80504e-06
 Reference value :  1.81304e-06
 Reference value :  1.82104e-06
 Reference value :  1.82565e-06
 Reference value :  1.83154e-06
 Reference value :  1.84054e-06
 Reference value :  1.84904e-06
 Reference value :  1.85704e-06
 Reference value :  1.86154e-06
 Reference value :  1.86675e-06
 Reference value :  1.86768e-06
 Reference value :  1.87016e-06
 Reference value :  1.87766e-06
 Reference value :  1.88616e-06
 Reference value :  1.89666e-06
 Reference value :  1.90466e-06
 Reference value :  1.90898e-06
 Reference value :  1.91487e-06
 Reference value :  1.92387e-06
 Reference value :  1.93237e-06
 Reference value :  1.94037e-06
 Reference value :  1.94787e-06
 Reference value :  1.95020e-06
 Reference value :  1.95069e-06
 Reference value :  1.95132e-06
 Reference value :  1.95396e-06
 Reference value :  1.96196e-06
 Reference value :  1.96996e-06
 Reference value :  1.97796e-06
 Reference value :  1.98596e-06
 Reference value :  1.99217e-06
 Reference value :  1.99521e-06
 Reference value :  2.00321e-06
 Reference value :  2.01171e-06
 Reference value :  2.02121e-06
 Reference value :  2.03021e-06
 Reference value :  2.03322e-06
 Reference value :  2.03407e-06
 Reference value :  2.03813e-06
 Reference value :  2.04613e-06
 Reference value :  2.05413e-06
 Reference value :  2.06213e-06
 Reference value :  2.07063e-06
 Reference value :  2.07550e-06
 Reference value :  2.08013e-06
 Reference value :  2.08813e-06
 Reference value :  2.09663e-06
 Reference value :  2.10463e-06
 Reference value :  2.11363e-06
 Reference value :  2.11675e-06
 Reference value :  2.11771e-06
 Reference value :  2.11966e-06
 Reference value :  2.12816e-06
 Reference value :  2.13616e-06
 Reference value :  2.14416e-06
 Reference value :  2.15266e-06
 Reference value :  2.15883e-06
 Reference value :  2.16064e-06
 Reference value :  2.16605e-06
 Reference value :  2.17405e-06
 Reference value :  2.18255e-06
 Reference value :  2.19005e-06
 Reference value :  2.19805e-06
 Reference value :  2.20029e-06
 Reference value :  2.20084e-06
 Reference value :  2.20269e-06
 Reference value :  2.21019e-06
 Reference value :  2.21819e-06
 Reference value :  2.22669e-06
 Reference value :  2.23669e-06
 Reference value :  2.24217e-06
 Reference value :  2.24428e-06
 Reference value :  2.24940e-06
 Reference value :  2.25790e-06
 Reference value :  2.26590e-06
 Reference value :  2.27390e-06
 Reference value :  2.28190e-06
 Reference value :  2.28363e-06
 Reference value :  2.28451e-06
 Reference value :  2.28758e-06
 Reference value :  2.29608e-06
 Reference value :  2.30408e-06
 Reference value :  2.31258e-06
 Reference value :  2.32008e-06
 Reference value :  2.32550e-06
 Reference value :  2.32952e-06
 Reference value :  2.33552e-06
 Reference value :  2.34702e-06
 Reference value :  2.35552e-06
 Reference value :  2.36402e-06
 Reference value :  2.36696e-06
 Reference value :  2.36813e-06
 Reference value :  2.37518e-06
 Reference value :  2.38318e-06
 Reference value :  2.39118e-06
 Reference value :  2.39918e-06
 Reference value :  2.40718e-06
 Reference value :  2.40954e-06
 Reference value :  2.41536e-06
 Reference value :  2.41836e-06
 Reference value :  2.42536e-06
 Reference value :  2.43386e-06
 Reference value :  2.44236e-06
 Reference value :  2.44985e-06
 Reference value :  2.45054e-06
 Reference value :  2.45188e-06
 Reference value :  2.45961e-06
 Reference value :  2.46761e-06
 Reference value :  2.47661e-06
 Reference value :  2.48561e-06
 Reference value :  2.49217e-06
 Reference value :  2.49569e-06
 Reference value :  2.50219e-06
 Reference value :  2.51019e-06
 Reference value :  2.51869e-06
 Reference value :  2.52669e-06
 Reference value :  2.53318e-06
 Reference value :  2.53386e-06
 Reference value :  2.53408e-06
 Reference value :  2.53623e-06
 Reference value :  2.54473e-06
 Reference value :  2.55273e-06
 Reference value :  2.56123e-06
 Reference value :  2.56923e-06
 Reference value :  2.57517e-06
 Reference value :  2.57853e-06
 Reference value :  2.58503e-06
 Reference value :  2.59353e-06
 Reference value :  2.60203e-06
 Reference value :  2.61003e-06
 Reference value :  2.61652e-06
 Reference value :  2.61717e-06
 Reference value :  2.61868e-06
 Reference value :  2.62668e-06
 Reference value :  2.63518e-06
 Reference value :  2.64318e-06
 Reference value :  2.65118e-06
 Reference value :  2.65818e-06
 Reference value :  2.66086e-06
 Reference value :  2.66686e-06
 Reference value :  2.67436e-06
 Reference value :  2.68236e-06
 Reference value :  2.69036e-06
 Reference value :  2.69918e-06
 Reference value :  2.70053e-06
 Reference value :  2.70199e-06
 Reference value :  2.71099e-06
 Reference value :  2.71899e-06
 Reference value :  2.72699e-06
 Reference value :  2.73549e-06
 Reference value :  2.74184e-06
 Reference value :  2.74469e-06
 Reference value :  2.75069e-06
 Reference value :  2.75769e-06
 Reference value :  2.76619e-06
 Reference value :  2.77469e-06
 Reference value :  2.78251e-06
 Reference value :  2.78363e-06
 Reference value :  2.78431e-06
 Reference value :  2.78874e-06
 Reference value :  2.79674e-06
 Reference value :  2.80524e-06
 Reference value :  2.81524e-06
 Reference value :  2.82324e-06
 Reference value :  2.82663e-06
 Reference value :  2.83303e-06
 Reference value :  2.84053e-06
 Reference value :  2.84853e-06
 Reference value :  2.85653e-06
 Reference value :  2.86503e-06
 Reference value :  2.86675e-06
 Reference value :  2.86753e-06
 Reference value :  2.87000e-06
 Reference value :  2.87800e-06
 Reference value :  2.88600e-06
 Reference value :  2.89450e-06
 Reference value :  2.90250e-06
 Reference value :  2.90851e-06
 Reference value :  2.91086e-06
 Reference value :  2.91686e-06
 Reference value :  2.92386e-06
 Reference value :  2.93186e-06
 Reference value :  2.94036e-06
 Reference value :  2.94918e-06
 Reference value :  2.95022e-06
 Reference value :  2.95050e-06
 Reference value :  2.95114e-06
 Reference value :  2.95740e-06
 Reference value :  2.96540e-06
 Reference value :  2.97340e-06
 Reference value :  2.98140e-06
 Reference value :  2.98890e-06
 Reference value :  2.99252e-06
 Reference value :  2.99820e-06
 Reference value :  3.00320e-06
 Reference value :  3.01120e-06
 Reference value :  3.01920e-06
 Reference value :  3.02720e-06
 Reference value :  3.03322e-06
 Reference value :  3.03427e-06
 Reference value :  3.03862e-06
 Reference value :  3.04712e-06
 Reference value :  3.05512e-06
 Reference value :  3.06362e-06
 Reference value :  3.07162e-06
 Reference value :  3.07555e-06
 Reference value :  3.08211e-06
 Reference value :  3.08861e-06
 Reference value :  3.09711e-06
 Reference value :  3.10561e-06
 Reference value :  3.11561e-06
 Reference value :  3.11656e-06
 Reference value :  3.11761e-06
 Reference value :  3.11838e-06
 Reference value :  3.12521e-06
 Reference value :  3.13321e-06
 Reference value :  3.14121e-06
 Reference value :  3.15071e-06
 Reference value :  3.15883e-06
 Reference value :  3.16132e-06
 Reference value :  3.16293e-06
 Reference value :  3.17075e-06
 Reference value :  3.17875e-06
 Reference value :  3.18625e-06
 Reference value :  3.19425e-06
 Reference value :  3.20009e-06
 Reference value :  3.20065e-06
 Reference value :  3.20119e-06
 Reference value :  3.20766e-06
 Reference value :  3.21616e-06
 Reference value :  3.22416e-06
 Reference value :  3.23216e-06
 Reference value :  3.24091e-06
 Reference value :  3.24330e-06
 Reference value :  3.24691e-06
 Reference value :  3.25584e-06
 Reference value :  3.26634e-06
 Reference value :  3.27634e-06
 Reference value :  3.28318e-06
 Reference value :  3.28387e-06
 Reference value :  3.28465e-06
 Reference value :  3.29133e-06
 Reference value :  3.29933e-06
 Reference value :  3.30733e-06
 Reference value :  3.31583e-06
 Reference value :  3.32383e-06
 Reference value :  3.32621e-06
 Reference value :  3.32813e-06
 Reference value :  3.33201e-06
 Reference value :  3.34051e-06
 Reference value :  3.35101e-06
 Reference value :  3.36001e-06
 Reference value :  3.36652e-06
 Reference value :  3.36720e-06
 Reference value :  3.36799e-06
 Reference value :  3.37261e-06
 Reference value :  3.38061e-06
 Reference value :  3.38861e-06
 Reference value :  3.39661e-06
 Reference value :  3.40461e-06
 Reference value :  3.40888e-06
 Reference value :  3.41108e-06
 Reference value :  3.41533e-06
 Reference value :  3.42433e-06
 Reference value :  3.43283e-06
 Reference value :  3.44133e-06
 Reference value :  3.44955e-06
 Reference value :  3.45050e-06
 Reference value :  3.45132e-06
 Reference value :  3.45592e-06
 Reference value :  3.46492e-06
 Reference value :  3.47342e-06
 Reference value :  3.48142e-06
 Reference value :  3.48992e-06
 Reference value :  3.49288e-06
 Reference value :  3.49479e-06
 Reference value :  3.49867e-06
 Reference value :  3.50617e-06
 Reference value :  3.51417e-06
 Reference value :  3.52267e-06
 Reference value :  3.53067e-06
 Reference value :  3.53342e-06
 Reference value :  3.53442e-06
 Reference value :  3.53804e-06
 Reference value :  3.54704e-06
 Reference value :  3.55554e-06
 Reference value :  3.56354e-06
 Reference value :  3.57154e-06
 Reference value :  3.57565e-06
 Reference value :  3.57776e-06
 Reference value :  3.57992e-06
 Reference value :  3.58692e-06
 Reference value :  3.59492e-06
 Reference value :  3.60292e-06
 Reference value :  3.61142e-06
 Reference value :  3.61676e-06
 Reference value :  3.61787e-06
 Reference value :  3.62287e-06
 Reference value :  3.63137e-06
 Reference value :  3.64037e-06
 Reference value :  3.64937e-06
 Reference value :  3.65783e-06
 Reference value :  3.66036e-06
 Reference value :  3.66231e-06
 Reference value :  3.66981e-06
 Reference value :  3.67881e-06
 Reference value :  3.68731e-06
 Reference value :  3.69531e-06
 Reference value :  3.70008e-06
 Reference value :  3.70100e-06
 Reference value :  3.70194e-06
 Reference value :  3.70872e-06
 Reference value :  3.71672e-06
 Reference value :  3.72472e-06
 Reference value :  3.73272e-06
 Reference value :  3.74069e-06
 Reference value :  3.74330e-06
 Reference value :  3.74416e-06
 Reference value :  3.74559e-06
 Reference value :  3.75145e-06
 Reference value :  3.76045e-06
 Reference value :  3.76845e-06
 Reference value :  3.77645e-06
 Reference value :  3.78342e-06
 Reference value :  3.78432e-06
 Reference value :  3.78520e-06
 Reference value :  3.79140e-06
 Reference value :  3.79940e-06
 Reference value :  3.80890e-06
 Reference value :  3.82190e-06
 Reference value :  3.82749e-06
 Reference value :  3.83133e-06
 Reference value :  3.84333e-06
 Reference value :  3.85733e-06
 Reference value :  3.86675e-06
 Reference value :  3.86769e-06
 Reference value :  3.87062e-06
 Reference value :  3.87962e-06
 Reference value :  3.89112e-06
 Reference value :  3.90012e-06
 Reference value :  3.90888e-06
 Reference value :  3.91119e-06
 Reference value :  3.91457e-06
 Reference value :  3.92257e-06
 Reference value :  3.93257e-06
 Reference value :  3.94407e-06
 Reference value :  3.95020e-06
 Reference value :  3.95069e-06
 Reference value :  3.95265e-06
 Reference value :  3.96365e-06
 Reference value :  3.97465e-06
 Reference value :  3.98265e-06
 Reference value :  3.99122e-06
 Reference value :  3.99459e-06
 Reference value :  3.99809e-06
 Reference value :  4.00609e-06
 Reference value :  4.01759e-06
 Reference value :  4.02909e-06
 Reference value :  4.03383e-06
 Reference value :  4.03821e-06
 Reference value :  4.04971e-06
 Reference value :  4.06221e-06
 Reference value :  4.07371e-06
 Reference value :  4.07788e-06
 Reference value :  4.08282e-06
 Reference value :  4.09182e-06
 Reference value :  4.10032e-06
 Reference value :  4.10882e-06
 Reference value :  4.11632e-06
 Reference value :  4.11744e-06
 Reference value :  4.11822e-06
 Reference value :  4.12417e-06
 Reference value :  4.13217e-06
 Reference value :  4.14017e-06
 Reference value :  4.14817e-06
 Reference value :  4.15667e-06
 Reference value :  4.15954e-06
 Reference value :  4.16408e-06
 Reference value :  4.17608e-06
 Reference value :  4.18708e-06
 Reference value :  4.19658e-06
 Reference value :  4.20009e-06
 Reference value :  4.20074e-06
 Reference value :  4.20201e-06
 Reference value :  4.21101e-06
 Reference value :  4.21951e-06
 Reference value :  4.22801e-06
 Reference value :  4.23601e-06
 Reference value :  4.24184e-06
 Reference value :  4.24398e-06
 Reference value :  4.24891e-06
 Reference value :  4.25741e-06
 Reference value :  4.26541e-06
 Reference value :  4.27341e-06
 Reference value :  4.28141e-06
 Reference value :  4.28363e-06
 Reference value :  4.28449e-06
 Reference value :  4.29046e-06
 Reference value :  4.29896e-06
 Reference value :  4.30696e-06
 Reference value :  4.31546e-06
 Reference value :  4.32346e-06
 Reference value :  4.32621e-06
 Reference value :  4.33152e-06
 Reference value :  4.33602e-06
 Reference value :  4.34402e-06
 Reference value :  4.35202e-06
 Reference value :  4.36052e-06
 Reference value :  4.36676e-06
 Reference value :  4.36775e-06
 Reference value :  4.37196e-06
 Reference value :  4.37996e-06
 Reference value :  4.38846e-06
 Reference value :  4.39646e-06
 Reference value :  4.40446e-06
 Reference value :  4.40888e-06
 Reference value :  4.41386e-06
 Reference value :  4.41936e-06
 Reference value :  4.42736e-06
 Reference value :  4.43586e-06
 Reference value :  4.44386e-06
 Reference value :  4.45009e-06
 Reference value :  4.45119e-06
 Reference value :  4.45857e-06
 Reference value :  4.46657e-06
 Reference value :  4.47507e-06
 Reference value :  4.48357e-06
 Reference value :  4.49117e-06
 Reference value :  4.49372e-06
 Reference value :  4.50019e-06
 Reference value :  4.50469e-06
 Reference value :  4.51319e-06
 Reference value :  4.52219e-06
 Reference value :  4.53069e-06
 Reference value :  4.53363e-06
 Reference value :  4.53441e-06
 Reference value :  4.53799e-06
 Reference value :  4.54549e-06
 Reference value :  4.55399e-06
 Reference value :  4.56249e-06
 Reference value :  4.57099e-06
 Reference value :  4.57555e-06
 Reference value :  4.58003e-06
 Reference value :  4.58503e-06
 Reference value :  4.59203e-06
 Reference value :  4.60003e-06
 Reference value :  4.60853e-06
 Reference value :  4.61622e-06
 Reference value :  4.61717e-06
 Reference value :  4.61799e-06
 Reference value :  4.62338e-06
 Reference value :  4.63188e-06
 Reference value :  4.63988e-06
 Reference value :  4.64838e-06
 Reference value :  4.65638e-06
 Reference value :  4.65954e-06
 Reference value :  4.66486e-06
 Reference value :  4.66886e-06
 Reference value :  4.67586e-06
 Reference value :  4.68486e-06
 Reference value :  4.69336e-06
 Reference value :  4.69985e-06
 Reference value :  4.70053e-06
 Reference value :  4.70117e-06
 Reference value :  4.70482e-06
 Reference value :  4.71232e-06
 Reference value :  4.72032e-06
 Reference value :  4.72882e-06
 Reference value :  4.73682e-06
 Reference value :  4.74217e-06
 Reference value :  4.74619e-06
 Reference value :  4.75069e-06
 Reference value :  4.75719e-06
 Reference value :  4.76569e-06
 Reference value :  4.77469e-06
 Reference value :  4.78251e-06
 Reference value :  4.78383e-06
 Reference value :  4.78438e-06
 Reference value :  4.78693e-06
 Reference value :  4.79443e-06
 Reference value :  4.80343e-06
 Reference value :  4.81193e-06
 Reference value :  4.82093e-06
 Reference value :  4.82555e-06
 Reference value :  4.83103e-06
 Reference value :  4.83553e-06
 Reference value :  4.84453e-06
 Reference value :  4.85303e-06
 Reference value :  4.86103e-06
 Reference value :  4.86675e-06
 Reference value :  4.86770e-06
 Reference value :  4.87023e-06
 Reference value :  4.87723e-06
 Reference value :  4.88523e-06
 Reference value :  4.89373e-06
 Reference value :  4.90173e-06
 Reference value :  4.90818e-06
 Reference value :  4.91086e-06
 Reference value :  4.91686e-06
 Reference value :  4.92036e-06
 Reference value :  4.92836e-06
 Reference value :  4.93686e-06
 Reference value :  4.94536e-06
 Reference value :  4.95020e-06
 Reference value :  4.95079e-06
 Reference value :  4.95140e-06
 Reference value :  4.95664e-06
 Reference value :  4.96464e-06
 Reference value :  4.97314e-06
 Reference value :  4.98164e-06
 Reference value :  4.99014e-06
 Reference value :  4.99252e-06
 Reference value :  4.99920e-06
 Reference value :  5.00570e-06
 Reference value :  5.01420e-06
 Reference value :  5.02270e-06
 Reference value :  5.03120e-06
 Reference value :  5.03363e-06
 Reference value :  5.03480e-06
 Reference value :  5.04241e-06
 Reference value :  5.05091e-06
 Reference value :  5.05891e-06
 Reference value :  5.06691e-06
 Reference value :  5.07450e-06
 Reference value :  5.07666e-06
 Reference value :  5.08311e-06
 Reference value :  5.09061e-06
 Reference value :  5.09861e-06
 Reference value :  5.10711e-06
 Reference value :  5.11511e-06
 Reference value :  5.11696e-06
 Reference value :  5.11773e-06
 Reference value :  5.12039e-06
 Reference value :  5.12889e-06
 Reference value :  5.13739e-06
 Reference value :  5.14539e-06
 Reference value :  5.15389e-06
 Reference value :  5.15888e-06
 Reference value :  5.16113e-06
 Reference value :  5.16933e-06
 Reference value :  5.17783e-06
 Reference value :  5.18633e-06
 Reference value :  5.19533e-06
 Reference value :  5.20009e-06
 Reference value :  5.20085e-06
 Reference value :  5.20298e-06
 Reference value :  5.21148e-06
 Reference value :  5.21998e-06
 Reference value :  5.22798e-06
 Reference value :  5.23598e-06
 Reference value :  5.24217e-06
 Reference value :  5.24454e-06
 Reference value :  5.25230e-06
 Reference value :  5.26030e-06
 Reference value :  5.26930e-06
 Reference value :  5.27830e-06
 Reference value :  5.28342e-06
 Reference value :  5.28438e-06
 Reference value :  5.28890e-06
 Reference value :  5.29840e-06
 Reference value :  5.30690e-06
 Reference value :  5.31490e-06
 Reference value :  5.32290e-06
 Reference value :  5.32621e-06
 Reference value :  5.33097e-06
 Reference value :  5.33847e-06
 Reference value :  5.34647e-06
 Reference value :  5.35547e-06
 Reference value :  5.36347e-06
 Reference value :  5.36676e-06
 Reference value :  5.36812e-06
 Reference value :  5.37570e-06
 Reference value :  5.38420e-06
 Reference value :  5.39370e-06
 Reference value :  5.40320e-06
 Reference value :  5.40883e-06
 Reference value :  5.41496e-06
 Reference value :  5.42296e-06
 Reference value :  5.43196e-06
 Reference value :  5.43996e-06
 Reference value :  5.44896e-06
 Reference value :  5.45030e-06
 Reference value :  5.45424e-06
 Reference value :  5.46274e-06
 Reference value :  5.47174e-06
 Reference value :  5.48174e-06
 Reference value :  5.49070e-06
 Reference value :  5.49380e-06
 Reference value :  5.50280e-06
 Reference value :  5.51180e-06
 Reference value :  5.52030e-06
 Reference value :  5.52880e-06
 Reference value :  5.53343e-06
 Reference value :  5.53511e-06
 Reference value :  5.54408e-06
 Reference value :  5.55208e-06
 Reference value :  5.56058e-06
 Reference value :  5.56858e-06
 Reference value :  5.57517e-06
 Reference value :  5.57963e-06
 Reference value :  5.58863e-06
 Reference value :  5.59663e-06
 Reference value :  5.60513e-06
 Reference value :  5.61363e-06
 Reference value :  5.61677e-06
 Reference value :  5.61738e-06
 Reference value :  5.62481e-06
 Reference value :  5.63381e-06
 Reference value :  5.64231e-06
 Reference value :  5.65131e-06
 Reference value :  5.65818e-06
 Reference value :  5.66196e-06
 Reference value :  5.67046e-06
 Reference value :  5.67896e-06
 Reference value :  5.68696e-06
 Reference value :  5.69496e-06
 Reference value :  5.70010e-06
 Reference value :  5.70071e-06
 Reference value :  5.70768e-06
 Reference value :  5.71568e-06
 Reference value :  5.72368e-06
 Reference value :  5.73218e-06
 Reference value :  5.74068e-06
 Reference value :  5.74830e-06
 Reference value :  5.75680e-06
 Reference value :  5.76630e-06
 Reference value :  5.77480e-06
 Reference value :  5.78288e-06
 Reference value :  5.78383e-06
 Reference value :  5.78749e-06
 Reference value :  5.79599e-06
 Reference value :  5.80399e-06
 Reference value :  5.81299e-06
 Reference value :  5.82099e-06
 Reference value :  5.82555e-06
 Reference value :  5.83163e-06
 Reference value :  5.84013e-06
 Reference value :  5.84913e-06
 Reference value :  5.85763e-06
 Reference value :  5.86617e-06
 Reference value :  5.86717e-06
 Reference value :  5.87068e-06
 Reference value :  5.87868e-06
 Reference value :  5.88668e-06
 Reference value :  5.89468e-06
 Reference value :  5.90318e-06
 Reference value :  5.90883e-06
 Reference value :  5.91396e-06
 Reference value :  5.92346e-06
 Reference value :  5.93196e-06
 Reference value :  5.94046e-06
 Reference value :  5.94846e-06
 Reference value :  5.95029e-06
 Reference value :  5.95290e-06
 Reference value :  5.96090e-06
 Reference value :  5.96940e-06
 Reference value :  5.97740e-06
 Reference value :  5.98590e-06
 Reference value :  5.99217e-06
 Reference value :  5.99730e-06
 Reference value :  6.00630e-06
 Reference value :  6.01430e-06
 Reference value :  6.02330e-06
 Reference value :  6.03130e-06
 Reference value :  6.03363e-06
 Reference value :  6.03604e-06
 Reference value :  6.04304e-06
 Reference value :  6.05204e-06
 Reference value :  6.06054e-06
 Reference value :  6.06854e-06
 Reference value :  6.07517e-06
 Reference value :  6.08016e-06
 Reference value :  6.08866e-06
 Reference value :  6.09716e-06
 Reference value :  6.10616e-06
 Reference value :  6.11416e-06
 Reference value :  6.11697e-06
 Reference value :  6.11779e-06
 Reference value :  6.12206e-06
 Reference value :  6.13056e-06
 Reference value :  6.13906e-06
 Reference value :  6.14756e-06
 Reference value :  6.15656e-06
 Reference value :  6.15992e-06
 Reference value :  6.16433e-06
 Reference value :  6.17283e-06
 Reference value :  6.18133e-06
 Reference value :  6.18933e-06
 Reference value :  6.19783e-06
 Reference value :  6.20050e-06
 Reference value :  6.20094e-06
 Reference value :  6.20447e-06
 Reference value :  6.21197e-06
 Reference value :  6.22047e-06
 Reference value :  6.22847e-06
 Reference value :  6.23697e-06
 Reference value :  6.24217e-06
 Reference value :  6.24427e-06
 Reference value :  6.25180e-06
 Reference value :  6.26030e-06
 Reference value :  6.26930e-06
 Reference value :  6.27730e-06
 Reference value :  6.28333e-06
No. of Data Rows : 14081

  Measurements for Transient Analysis

d9_c1               =  2.11436e-06
d8_c1               =  2.78558e-06
d7_c1               =  1.79999e+00
d6_c1               =  1.79999e+00
d5_c1               =  2.78537e-06
d4_c1               =  2.78558e-06
d3_c1               =  1.79999e+00
d2_c1               =  2.78540e-06
d1_c1               =  2.78540e-06
d0_c1               =  1.79999e+00
d9_c2               =  1.79097e-06
d8_c2               =  1.79999e+00
d7_c2               =  2.38278e-06
d6_c2               =  1.79999e+00
d5_c2               =  1.79999e+00
d4_c2               =  1.79999e+00
d3_c2               =  1.79999e+00
d2_c2               =  1.79999e+00
d1_c2               =  1.79999e+00
d0_c2               =  1.79999e+00
d9_c3               =  1.80000e+00
d8_c3               =  2.34545e-06
d7_c3               =  2.34331e-06
d6_c3               =  2.34047e-06
d5_c3               =  2.33658e-06
d4_c3               =  2.33080e-06
d3_c3               =  2.32167e-06
d2_c3               =  2.30484e-06
d1_c3               =  2.26501e-06
d0_c3               =  2.32447e-06
d9_c4               =  1.80000e+00
d8_c4               =  2.55516e-06
d7_c4               =  1.79999e+00
d6_c4               =  2.55020e-06
d5_c4               =  2.54631e-06
d4_c4               =  2.54054e-06
d3_c4               =  2.53142e-06
d2_c4               =  2.51462e-06
d1_c4               =  2.47474e-06
d0_c4               =  1.79999e+00
d9_c5               =  1.80000e+00
d8_c5               =  1.79999e+00
d7_c5               =  1.79999e+00
d6_c5               =  1.79999e+00
d5_c5               =  1.79999e+00
d4_c5               =  1.79999e+00
d3_c5               =  1.79999e+00
d2_c5               =  1.79999e+00
d1_c5               =  1.79999e+00
d0_c5               =  1.79999e+00
busy_c1_p0          =  1.79999e+00
smpl_c1_p0          =  -2.96825e-05
busy_c1_p1          =  1.79999e+00
smpl_c1_p1          =  5.77541e-06
busy_c1_p2          =  1.79999e+00
smpl_c1_p2          =  1.17246e-05
busy_c1_p3          =  1.79999e+00
smpl_c1_p3          =  5.87923e-06
busy_c1_p4          =  1.79999e+00
smpl_c1_p4          =  5.88077e-06
busy_c1_p5          =  1.79999e+00
smpl_c1_p5          =  5.86149e-06
busy_c1_p6          =  1.79999e+00
smpl_c1_p6          =  5.86797e-06
busy_c1_p7          =  1.79999e+00
smpl_c1_p7          =  5.86341e-06
busy_c1_p8          =  1.79999e+00
smpl_c1_p8          =  5.87691e-06
busy_c1_p9          =  1.79999e+00
smpl_c1_p9          =  5.79357e-06
busy_c1_p10         =  1.79999e+00
smpl_c1_p10         =  6.02165e-06
busy_c1_p11         =  4.16239e-06
smpl_c1_p11         =  1.80001e+00
busy_c2_p0          =  1.79999e+00
smpl_c2_p0          =  -2.94059e-05
busy_c2_p1          =  1.79999e+00
smpl_c2_p1          =  5.94158e-06
busy_c2_p2          =  1.79999e+00
smpl_c2_p2          =  6.00568e-06
busy_c2_p3          =  1.79999e+00
smpl_c2_p3          =  5.94394e-06
busy_c2_p4          =  1.79999e+00
smpl_c2_p4          =  5.98213e-06
busy_c2_p5          =  1.79999e+00
smpl_c2_p5          =  6.00404e-06
busy_c2_p6          =  1.79999e+00
smpl_c2_p6          =  6.02827e-06
busy_c2_p7          =  1.79999e+00
smpl_c2_p7          =  6.02467e-06
busy_c2_p8          =  1.79999e+00
smpl_c2_p8          =  6.02761e-06
busy_c2_p9          =  1.79999e+00
smpl_c2_p9          =  5.95507e-06
busy_c2_p10         =  1.79999e+00
smpl_c2_p10         =  5.86082e-06
busy_c2_p11         =  -3.25630e-06
smpl_c2_p11         =  1.80001e+00
busy_c3_p0          =  1.79999e+00
smpl_c3_p0          =  -2.96323e-05
busy_c3_p1          =  1.79999e+00
smpl_c3_p1          =  5.84480e-06
busy_c3_p2          =  1.79999e+00
smpl_c3_p2          =  5.86749e-06
busy_c3_p3          =  1.79999e+00
smpl_c3_p3          =  5.90539e-06
busy_c3_p4          =  1.79999e+00
smpl_c3_p4          =  5.94944e-06
busy_c3_p5          =  1.79999e+00
smpl_c3_p5          =  5.98587e-06
busy_c3_p6          =  1.79999e+00
smpl_c3_p6          =  6.00550e-06
busy_c3_p7          =  1.79999e+00
smpl_c3_p7          =  6.02129e-06
busy_c3_p8          =  1.79999e+00
smpl_c3_p8          =  6.01965e-06
busy_c3_p9          =  1.79999e+00
smpl_c3_p9          =  5.94459e-06
busy_c3_p10         =  1.79999e+00
smpl_c3_p10         =  5.85970e-06
busy_c3_p11         =  -2.54146e-06
smpl_c3_p11         =  1.80001e+00
busy_c4_p0          =  1.79999e+00
smpl_c4_p0          =  -2.98300e-05
busy_c4_p1          =  1.79999e+00
smpl_c4_p1          =  5.87071e-06
busy_c4_p2          =  1.79999e+00
smpl_c4_p2          =  5.93900e-06
busy_c4_p3          =  1.79999e+00
smpl_c4_p3          =  5.87395e-06
busy_c4_p4          =  1.79999e+00
smpl_c4_p4          =  5.90985e-06
busy_c4_p5          =  1.79999e+00
smpl_c4_p5          =  5.93845e-06
busy_c4_p6          =  1.79999e+00
smpl_c4_p6          =  5.95029e-06
busy_c4_p7          =  1.79999e+00
smpl_c4_p7          =  5.95706e-06
busy_c4_p8          =  1.79999e+00
smpl_c4_p8          =  5.95339e-06
busy_c4_p9          =  1.79999e+00
smpl_c4_p9          =  5.88007e-06
busy_c4_p10         =  1.79999e+00
smpl_c4_p10         =  5.94888e-06
busy_c4_p11         =  -3.10102e-06
smpl_c4_p11         =  1.80001e+00
busy_c5_p0          =  1.79999e+00
smpl_c5_p0          =  -2.98110e-05
busy_c5_p1          =  1.79999e+00
smpl_c5_p1          =  5.72063e-06
busy_c5_p2          =  1.79999e+00
smpl_c5_p2          =  1.16133e-05
busy_c5_p3          =  1.79999e+00
smpl_c5_p3          =  1.27614e-05
busy_c5_p4          =  1.79999e+00
smpl_c5_p4          =  1.16989e-05
busy_c5_p5          =  1.79999e+00
smpl_c5_p5          =  1.02473e-05
busy_c5_p6          =  1.79999e+00
smpl_c5_p6          =  8.81972e-06
busy_c5_p7          =  1.79999e+00
smpl_c5_p7          =  7.83151e-06
busy_c5_p8          =  1.79999e+00
smpl_c5_p8          =  7.24649e-06
busy_c5_p9          =  1.79999e+00
smpl_c5_p9          =  6.80779e-06
busy_c5_p10         =  1.79999e+00
smpl_c5_p10         =  7.12938e-06
busy_c5_p11         =  1.29033e-06
smpl_c5_p11         =  1.80001e+00
i_vdd               =  -2.09806e-06 from=  3.20000e-06 to=  4.20009e-06
i_vpwr              =  -7.29852e-06 from=  3.20000e-06 to=  4.20009e-06
i_vrefp             =  -6.66587e-06 from=  3.20000e-06 to=  4.20009e-06
i_vrefn             =  6.65484e-06 from=  3.20000e-06 to=  4.20009e-06
i_vcm               =  1.23512e-08 from=  3.20000e-06 to=  4.20009e-06
gnd_die_pp          =  4.85211e-05 from=  3.20000e-06 to=  4.20000e-06
gnd_die_max         =  3.38865e-05 at=  4.11780e-06
gnd_die_min         =  -1.46345e-05 at=  3.20057e-06
vgnd_die_pp         =  1.17269e-04 from=  3.20000e-06 to=  4.20000e-06
vgnd_die_max        =  9.60398e-05 at=  3.20050e-06
vgnd_die_min        =  -2.12288e-05 at=  4.11696e-06
vdd_die_pp          =  5.71929e-05 from=  3.20000e-06 to=  4.20000e-06
vdd_die_max         =  1.80001e+00 at=  3.40888e-06
vdd_die_min         =  1.79995e+00 at=  3.20084e-06
vpwr_die_pp         =  1.19652e-04 from=  3.20000e-06 to=  4.20000e-06
vpwr_die_max        =  1.80004e+00 at=  4.11696e-06
vpwr_die_min        =  1.79992e+00 at=  3.61676e-06
i_gnda              =  2.19356e-06 from=  3.20000e-06 to=  4.20009e-06


Total analysis time (seconds) = 290.51

Total elapsed time (seconds) = 330.865 

Total DRAM available = 98304.000 MB.
DRAM currently available = 13731.031 MB.
Maximum ngspice program size =  821.359 MB.
Current ngspice program size =  821.359 MB.

