
Note: Compatibility modes selected: hs a


Circuit: * sim/supply-impedance-sensitivity -- ground/supply-return impedance

option SCALE: Scale is set to 1e-06 for instance and model parameters
option SCALE: Scale is set to 1e-06 for instance and model parameters
option SCALE: Scale is set to 1e-06 for instance and model parameters
option SCALE: Scale is set to 1e-06 for instance and model parameters
Doing analysis at TEMP = 125.000000 and TNOM = 27.000000

Using KLU as Direct Linear Solver
 Reference value :  0.00000e+00
 Reference value :  8.14000e-09
 Reference value :  2.00000e-08
 Reference value :  2.47500e-08
 Reference value :  3.27500e-08
 Reference value :  4.12500e-08
 Reference value :  5.22500e-08
 Reference value :  6.42500e-08
 Reference value :  7.57500e-08
 Reference value :  8.82500e-08
 Reference value :  9.97500e-08
 Reference value :  1.12250e-07
 Reference value :  1.24750e-07
 Reference value :  1.36750e-07
 Reference value :  1.48750e-07
 Reference value :  1.61250e-07
 Reference value :  1.73250e-07
 Reference value :  1.84750e-07
 Reference value :  1.97750e-07
 Reference value :  2.00500e-07
 Reference value :  2.01048e-07
 Reference value :  2.05856e-07
 Reference value :  2.14856e-07
 Reference value :  2.23356e-07
 Reference value :  2.31356e-07
 Reference value :  2.39856e-07
 Reference value :  2.42752e-07
 Reference value :  2.44719e-07
 Reference value :  2.51203e-07
 Reference value :  2.60203e-07
 Reference value :  2.69203e-07
 Reference value :  2.77203e-07
 Reference value :  2.83443e-07
 Reference value :  2.84582e-07
 Reference value :  2.87247e-07
 Reference value :  2.94247e-07
 Reference value :  3.02747e-07
 Reference value :  3.11247e-07
 Reference value :  3.19747e-07
 Reference value :  3.25500e-07
 Reference value :  3.28571e-07
 Reference value :  3.36571e-07
 Reference value :  3.43071e-07
 Reference value :  3.49071e-07
 Reference value :  3.57071e-07
 Reference value :  3.65071e-07
 Reference value :  3.66977e-07
 Reference value :  3.67897e-07
 Reference value :  3.71044e-07
 Reference value :  3.78544e-07
 Reference value :  3.86044e-07
 Reference value :  3.95044e-07
 Reference value :  4.04044e-07
 Reference value :  4.08833e-07
 Reference value :  4.14838e-07
 Reference value :  4.23838e-07
 Reference value :  4.32338e-07
 Reference value :  4.40838e-07
 Reference value :  4.48838e-07
 Reference value :  4.49891e-07
 Reference value :  4.51215e-07
 Reference value :  4.59972e-07
 Reference value :  4.68472e-07
 Reference value :  4.76972e-07
 Reference value :  4.85472e-07
 Reference value :  4.91842e-07
 Reference value :  4.96038e-07
 Reference value :  5.04538e-07
 Reference value :  5.13038e-07
 Reference value :  5.22038e-07
 Reference value :  5.30038e-07
 Reference value :  5.33224e-07
 Reference value :  5.33491e-07
 Reference value :  5.33979e-07
 Reference value :  5.40129e-07
 Reference value :  5.48629e-07
 Reference value :  5.56629e-07
 Reference value :  5.65129e-07
 Reference value :  5.73629e-07
 Reference value :  5.76089e-07
 Reference value :  5.82737e-07
 Reference value :  5.90737e-07
 Reference value :  5.98737e-07
 Reference value :  6.06237e-07
 Reference value :  6.12737e-07
 Reference value :  6.16787e-07
 Reference value :  6.17875e-07
 Reference value :  6.22035e-07
 Reference value :  6.30035e-07
 Reference value :  6.38035e-07
 Reference value :  6.46535e-07
 Reference value :  6.54535e-07
 Reference value :  6.58876e-07
 Reference value :  6.64129e-07
 Reference value :  6.72629e-07
 Reference value :  6.81129e-07
 Reference value :  6.89629e-07
 Reference value :  6.97629e-07
 Reference value :  6.99891e-07
 Reference value :  7.01083e-07
 Reference value :  7.08884e-07
 Reference value :  7.16884e-07
 Reference value :  7.25884e-07
 Reference value :  7.34384e-07
 Reference value :  7.41317e-07
 Reference value :  7.43508e-07
 Reference value :  7.51432e-07
 Reference value :  7.59432e-07
 Reference value :  7.67432e-07
 Reference value :  7.75432e-07
 Reference value :  7.82983e-07
 Reference value :  7.83224e-07
 Reference value :  7.83491e-07
 Reference value :  7.84067e-07
 Reference value :  7.89009e-07
 Reference value :  7.97009e-07
 Reference value :  8.05509e-07
 Reference value :  8.14009e-07
 Reference value :  8.22509e-07
 Reference value :  8.25800e-07
 Reference value :  8.31251e-07
 Reference value :  8.40251e-07
 Reference value :  8.48751e-07
 Reference value :  8.56751e-07
 Reference value :  8.63751e-07
 Reference value :  8.66751e-07
 Reference value :  8.67608e-07
 Reference value :  8.69922e-07
 Reference value :  8.76922e-07
 Reference value :  8.85422e-07
 Reference value :  8.93922e-07
 Reference value :  9.02922e-07
 Reference value :  9.08508e-07
 Reference value :  9.12092e-07
 Reference value :  9.20092e-07
 Reference value :  9.28592e-07
 Reference value :  9.36592e-07
 Reference value :  9.45092e-07
 Reference value :  9.49891e-07
 Reference value :  9.50157e-07
 Reference value :  9.50660e-07
 Reference value :  9.51557e-07
 Reference value :  9.57294e-07
 Reference value :  9.65794e-07
 Reference value :  9.73794e-07
 Reference value :  9.82294e-07
 Reference value :  9.90294e-07
 Reference value :  9.92757e-07
 Reference value :  9.99422e-07
 Reference value :  1.00742e-06
 Reference value :  1.01592e-06
 Reference value :  1.02392e-06
 Reference value :  1.03192e-06
 Reference value :  1.03367e-06
 Reference value :  1.03439e-06
 Reference value :  1.04068e-06
 Reference value :  1.04918e-06
 Reference value :  1.05768e-06
 Reference value :  1.06618e-06
 Reference value :  1.07409e-06
 Reference value :  1.07612e-06
 Reference value :  1.08277e-06
 Reference value :  1.09077e-06
 Reference value :  1.09927e-06
 Reference value :  1.10727e-06
 Reference value :  1.11527e-06
 Reference value :  1.11656e-06
 Reference value :  1.11741e-06
 Reference value :  1.11825e-06
 Reference value :  1.12617e-06
 Reference value :  1.13417e-06
 Reference value :  1.14267e-06
 Reference value :  1.15067e-06
 Reference value :  1.15798e-06
 Reference value :  1.15998e-06
 Reference value :  1.16537e-06
 Reference value :  1.17437e-06
 Reference value :  1.18237e-06
 Reference value :  1.19087e-06
 Reference value :  1.19919e-06
 Reference value :  1.20050e-06
 Reference value :  1.20117e-06
 Reference value :  1.20543e-06
 Reference value :  1.21443e-06
 Reference value :  1.22343e-06
 Reference value :  1.23193e-06
 Reference value :  1.24043e-06
 Reference value :  1.24275e-06
 Reference value :  1.24434e-06
 Reference value :  1.25068e-06
 Reference value :  1.25868e-06
 Reference value :  1.26718e-06
 Reference value :  1.27518e-06
 Reference value :  1.28288e-06
 Reference value :  1.28386e-06
 Reference value :  1.28499e-06
 Reference value :  1.29077e-06
 Reference value :  1.29827e-06
 Reference value :  1.30627e-06
 Reference value :  1.31477e-06
 Reference value :  1.32277e-06
 Reference value :  1.32606e-06
 Reference value :  1.33050e-06
 Reference value :  1.33600e-06
 Reference value :  1.34400e-06
 Reference value :  1.35200e-06
 Reference value :  1.36050e-06
 Reference value :  1.36679e-06
 Reference value :  1.36790e-06
 Reference value :  1.37105e-06
 Reference value :  1.37805e-06
 Reference value :  1.38605e-06
 Reference value :  1.39455e-06
 Reference value :  1.40255e-06
 Reference value :  1.40851e-06
 Reference value :  1.41378e-06
 Reference value :  1.42178e-06
 Reference value :  1.43028e-06
 Reference value :  1.43828e-06
 Reference value :  1.44628e-06
 Reference value :  1.44989e-06
 Reference value :  1.45121e-06
 Reference value :  1.45948e-06
 Reference value :  1.46898e-06
 Reference value :  1.47698e-06
 Reference value :  1.48548e-06
 Reference value :  1.49184e-06
 Reference value :  1.49490e-06
 Reference value :  1.50290e-06
 Reference value :  1.51040e-06
 Reference value :  1.51940e-06
 Reference value :  1.52440e-06
 Reference value :  1.53237e-06
 Reference value :  1.53383e-06
 Reference value :  1.53466e-06
 Reference value :  1.53834e-06
 Reference value :  1.54534e-06
 Reference value :  1.55334e-06
 Reference value :  1.56234e-06
 Reference value :  1.57134e-06
 Reference value :  1.57550e-06
 Reference value :  1.58036e-06
 Reference value :  1.58986e-06
 Reference value :  1.59836e-06
 Reference value :  1.60686e-06
 Reference value :  1.61486e-06
 Reference value :  1.61656e-06
 Reference value :  1.61785e-06
 Reference value :  1.62480e-06
 Reference value :  1.63280e-06
 Reference value :  1.64080e-06
 Reference value :  1.64980e-06
 Reference value :  1.65757e-06
 Reference value :  1.65943e-06
 Reference value :  1.66662e-06
 Reference value :  1.67512e-06
 Reference value :  1.68312e-06
 Reference value :  1.69112e-06
 Reference value :  1.69906e-06
 Reference value :  1.69989e-06
 Reference value :  1.70016e-06
 Reference value :  1.70076e-06
 Reference value :  1.70619e-06
 Reference value :  1.71419e-06
 Reference value :  1.72269e-06
 Reference value :  1.73119e-06
 Reference value :  1.74069e-06
 Reference value :  1.74276e-06
 Reference value :  1.74942e-06
 Reference value :  1.75842e-06
 Reference value :  1.76742e-06
 Reference value :  1.77542e-06
 Reference value :  1.78298e-06
 Reference value :  1.78322e-06
 Reference value :  1.78398e-06
 Reference value :  1.78545e-06
 Reference value :  1.79276e-06
 Reference value :  1.80126e-06
 Reference value :  1.81026e-06
 Reference value :  1.81876e-06
 Reference value :  1.82517e-06
 Reference value :  1.82874e-06
 Reference value :  1.83674e-06
 Reference value :  1.84474e-06
 Reference value :  1.85274e-06
 Reference value :  1.85924e-06
 Reference value :  1.86524e-06
 Reference value :  1.86696e-06
 Reference value :  1.86772e-06
 Reference value :  1.86914e-06
 Reference value :  1.87664e-06
 Reference value :  1.88464e-06
 Reference value :  1.89314e-06
 Reference value :  1.90164e-06
 Reference value :  1.90851e-06
 Reference value :  1.91158e-06
 Reference value :  1.91958e-06
 Reference value :  1.92858e-06
 Reference value :  1.93708e-06
 Reference value :  1.94558e-06
 Reference value :  1.94965e-06
 Reference value :  1.95055e-06
 Reference value :  1.95129e-06
 Reference value :  1.95549e-06
 Reference value :  1.96399e-06
 Reference value :  1.97199e-06
 Reference value :  1.98099e-06
 Reference value :  1.98899e-06
 Reference value :  1.99230e-06
 Reference value :  1.99792e-06
 Reference value :  2.00642e-06
 Reference value :  2.01542e-06
 Reference value :  2.02342e-06
 Reference value :  2.03142e-06
 Reference value :  2.03367e-06
 Reference value :  2.03439e-06
 Reference value :  2.04118e-06
 Reference value :  2.04968e-06
 Reference value :  2.05818e-06
 Reference value :  2.06618e-06
 Reference value :  2.07455e-06
 Reference value :  2.07684e-06
 Reference value :  2.08427e-06
 Reference value :  2.09277e-06
 Reference value :  2.10077e-06
 Reference value :  2.10927e-06
 Reference value :  2.11622e-06
 Reference value :  2.11656e-06
 Reference value :  2.11742e-06
 Reference value :  2.11844e-06
 Reference value :  2.12627e-06
 Reference value :  2.13727e-06
 Reference value :  2.14527e-06
 Reference value :  2.15327e-06
 Reference value :  2.15883e-06
 Reference value :  2.16055e-06
 Reference value :  2.16626e-06
 Reference value :  2.17476e-06
 Reference value :  2.18276e-06
 Reference value :  2.19126e-06
 Reference value :  2.19950e-06
 Reference value :  2.20050e-06
 Reference value :  2.20117e-06
 Reference value :  2.20499e-06
 Reference value :  2.21399e-06
 Reference value :  2.22199e-06
 Reference value :  2.23099e-06
 Reference value :  2.23899e-06
 Reference value :  2.24247e-06
 Reference value :  2.24423e-06
 Reference value :  2.25110e-06
 Reference value :  2.25910e-06
 Reference value :  2.26760e-06
 Reference value :  2.27610e-06
 Reference value :  2.28298e-06
 Reference value :  2.28393e-06
 Reference value :  2.28494e-06
 Reference value :  2.29018e-06
 Reference value :  2.29768e-06
 Reference value :  2.30568e-06
 Reference value :  2.31418e-06
 Reference value :  2.32218e-06
 Reference value :  2.32608e-06
 Reference value :  2.33264e-06
 Reference value :  2.33864e-06
 Reference value :  2.34714e-06
 Reference value :  2.35564e-06
 Reference value :  2.36414e-06
 Reference value :  2.36656e-06
 Reference value :  2.36762e-06
 Reference value :  2.37002e-06
 Reference value :  2.37802e-06
 Reference value :  2.38652e-06
 Reference value :  2.39702e-06
 Reference value :  2.40502e-06
 Reference value :  2.40888e-06
 Reference value :  2.41200e-06
 Reference value :  2.41650e-06
 Reference value :  2.42400e-06
 Reference value :  2.43200e-06
 Reference value :  2.44000e-06
 Reference value :  2.44850e-06
 Reference value :  2.45031e-06
 Reference value :  2.45123e-06
 Reference value :  2.45437e-06
 Reference value :  2.46137e-06
 Reference value :  2.46937e-06
 Reference value :  2.47737e-06
 Reference value :  2.48587e-06
 Reference value :  2.49184e-06
 Reference value :  2.49432e-06
 Reference value :  2.50032e-06
 Reference value :  2.50782e-06
 Reference value :  2.51632e-06
 Reference value :  2.52432e-06
 Reference value :  2.53258e-06
 Reference value :  2.53322e-06
 Reference value :  2.53428e-06
 Reference value :  2.53617e-06
 Reference value :  2.54417e-06
 Reference value :  2.55317e-06
 Reference value :  2.56217e-06
 Reference value :  2.57067e-06
 Reference value :  2.57550e-06
 Reference value :  2.57971e-06
 Reference value :  2.58271e-06
 Reference value :  2.58921e-06
 Reference value :  2.59721e-06
 Reference value :  2.60521e-06
 Reference value :  2.61371e-06
 Reference value :  2.61656e-06
 Reference value :  2.61682e-06
 Reference value :  2.61769e-06
 Reference value :  2.62144e-06
 Reference value :  2.62994e-06
 Reference value :  2.63844e-06
 Reference value :  2.64694e-06
 Reference value :  2.65544e-06
 Reference value :  2.65896e-06
 Reference value :  2.66250e-06
 Reference value :  2.66850e-06
 Reference value :  2.67700e-06
 Reference value :  2.68550e-06
 Reference value :  2.69350e-06
 Reference value :  2.69989e-06
 Reference value :  2.70094e-06
 Reference value :  2.70329e-06
 Reference value :  2.71229e-06
 Reference value :  2.72029e-06
 Reference value :  2.72879e-06
 Reference value :  2.73729e-06
 Reference value :  2.74217e-06
 Reference value :  2.74484e-06
 Reference value :  2.75084e-06
 Reference value :  2.75884e-06
 Reference value :  2.76684e-06
 Reference value :  2.77484e-06
 Reference value :  2.78298e-06
 Reference value :  2.78392e-06
 Reference value :  2.78473e-06
 Reference value :  2.79209e-06
 Reference value :  2.80009e-06
 Reference value :  2.80859e-06
 Reference value :  2.81709e-06
 Reference value :  2.82455e-06
 Reference value :  2.82640e-06
 Reference value :  2.83117e-06
 Reference value :  2.83123e-06
 Reference value :  2.83660e-06
 Reference value :  2.84460e-06
 Reference value :  2.85260e-06
 Reference value :  2.86110e-06
 Reference value :  2.86675e-06
 Reference value :  2.86773e-06
 Reference value :  2.87178e-06
 Reference value :  2.87978e-06
 Reference value :  2.88878e-06
 Reference value :  2.89678e-06
 Reference value :  2.90528e-06
 Reference value :  2.90896e-06
 Reference value :  2.91301e-06
 Reference value :  2.91751e-06
 Reference value :  2.92551e-06
 Reference value :  2.93351e-06
 Reference value :  2.94201e-06
 Reference value :  2.94965e-06
 Reference value :  2.95052e-06
 Reference value :  2.95112e-06
 Reference value :  2.95724e-06
 Reference value :  2.96574e-06
 Reference value :  2.97474e-06
 Reference value :  2.98274e-06
 Reference value :  2.99117e-06
 Reference value :  2.99307e-06
 Reference value :  2.99984e-06
 Reference value :  3.00634e-06
 Reference value :  3.01434e-06
 Reference value :  3.02284e-06
 Reference value :  3.03134e-06
 Reference value :  3.03322e-06
 Reference value :  3.03416e-06
 Reference value :  3.03559e-06
 Reference value :  3.04359e-06
 Reference value :  3.05159e-06
 Reference value :  3.05959e-06
 Reference value :  3.06759e-06
 Reference value :  3.07485e-06
 Reference value :  3.07680e-06
 Reference value :  3.08221e-06
 Reference value :  3.09021e-06
 Reference value :  3.09821e-06
 Reference value :  3.10621e-06
 Reference value :  3.11421e-06
 Reference value :  3.11656e-06
 Reference value :  3.11756e-06
 Reference value :  3.11990e-06
 Reference value :  3.12790e-06
 Reference value :  3.13690e-06
 Reference value :  3.14540e-06
 Reference value :  3.15390e-06
 Reference value :  3.15888e-06
 Reference value :  3.16073e-06
 Reference value :  3.16183e-06
 Reference value :  3.16895e-06
 Reference value :  3.17695e-06
 Reference value :  3.18495e-06
 Reference value :  3.19345e-06
 Reference value :  3.20009e-06
 Reference value :  3.20079e-06
 Reference value :  3.20136e-06
 Reference value :  3.20796e-06
 Reference value :  3.21646e-06
 Reference value :  3.22496e-06
 Reference value :  3.23346e-06
 Reference value :  3.24122e-06
 Reference value :  3.24343e-06
 Reference value :  3.24556e-06
 Reference value :  3.25231e-06
 Reference value :  3.26031e-06
 Reference value :  3.26881e-06
 Reference value :  3.27731e-06
 Reference value :  3.28344e-06
 Reference value :  3.28412e-06
 Reference value :  3.28499e-06
 Reference value :  3.29229e-06
 Reference value :  3.30079e-06
 Reference value :  3.30979e-06
 Reference value :  3.31779e-06
 Reference value :  3.32465e-06
 Reference value :  3.32671e-06
 Reference value :  3.32976e-06
 Reference value :  3.33676e-06
 Reference value :  3.34476e-06
 Reference value :  3.35326e-06
 Reference value :  3.36126e-06
 Reference value :  3.36656e-06
 Reference value :  3.36761e-06
 Reference value :  3.36790e-06
 Reference value :  3.37152e-06
 Reference value :  3.37902e-06
 Reference value :  3.38702e-06
 Reference value :  3.39552e-06
 Reference value :  3.40352e-06
 Reference value :  3.40883e-06
 Reference value :  3.41110e-06
 Reference value :  3.41510e-06
 Reference value :  3.42310e-06
 Reference value :  3.43160e-06
 Reference value :  3.43960e-06
 Reference value :  3.44760e-06
 Reference value :  3.44989e-06
 Reference value :  3.45094e-06
 Reference value :  3.45148e-06
 Reference value :  3.45646e-06
 Reference value :  3.46396e-06
 Reference value :  3.47246e-06
 Reference value :  3.48096e-06
 Reference value :  3.49117e-06
 Reference value :  3.49495e-06
 Reference value :  3.50695e-06
 Reference value :  3.52095e-06
 Reference value :  3.53318e-06
 Reference value :  3.53322e-06
 Reference value :  3.53456e-06
 Reference value :  3.54202e-06
 Reference value :  3.55452e-06
 Reference value :  3.56302e-06
 Reference value :  3.57102e-06
 Reference value :  3.57554e-06
 Reference value :  3.57831e-06
 Reference value :  3.58431e-06
 Reference value :  3.59631e-06
 Reference value :  3.60831e-06
 Reference value :  3.61617e-06
 Reference value :  3.61656e-06
 Reference value :  3.61778e-06
 Reference value :  3.61894e-06
 Reference value :  3.62530e-06
 Reference value :  3.63280e-06
 Reference value :  3.64080e-06
 Reference value :  3.64930e-06
 Reference value :  3.65730e-06
 Reference value :  3.65942e-06
 Reference value :  3.66156e-06
 Reference value :  3.66694e-06
 Reference value :  3.67494e-06
 Reference value :  3.68344e-06
 Reference value :  3.69194e-06
 Reference value :  3.69955e-06
 Reference value :  3.69989e-06
 Reference value :  3.70093e-06
 Reference value :  3.70132e-06
 Reference value :  3.70567e-06
 Reference value :  3.71317e-06
 Reference value :  3.72167e-06
 Reference value :  3.73067e-06
 Reference value :  3.73917e-06
 Reference value :  3.74247e-06
 Reference value :  3.74445e-06
 Reference value :  3.74850e-06
 Reference value :  3.75650e-06
 Reference value :  3.76450e-06
 Reference value :  3.77300e-06
 Reference value :  3.78150e-06
 Reference value :  3.78322e-06
 Reference value :  3.78407e-06
 Reference value :  3.78491e-06
 Reference value :  3.79044e-06
 Reference value :  3.79844e-06
 Reference value :  3.80694e-06
 Reference value :  3.81544e-06
 Reference value :  3.82344e-06
 Reference value :  3.82609e-06
 Reference value :  3.82749e-06
 Reference value :  3.82916e-06
 Reference value :  3.83713e-06
 Reference value :  3.84563e-06
 Reference value :  3.85413e-06
 Reference value :  3.86313e-06
 Reference value :  3.86656e-06
 Reference value :  3.86726e-06
 Reference value :  3.86793e-06
 Reference value :  3.87150e-06
 Reference value :  3.87850e-06
 Reference value :  3.88650e-06
 Reference value :  3.89450e-06
 Reference value :  3.90350e-06
 Reference value :  3.90883e-06
 Reference value :  3.91044e-06
 Reference value :  3.91150e-06
 Reference value :  3.91537e-06
 Reference value :  3.92337e-06
 Reference value :  3.93137e-06
 Reference value :  3.93987e-06
 Reference value :  3.94837e-06
 Reference value :  3.95050e-06
 Reference value :  3.95112e-06
 Reference value :  3.95348e-06
 Reference value :  3.96148e-06
 Reference value :  3.96948e-06
 Reference value :  3.97748e-06
 Reference value :  3.98598e-06
 Reference value :  3.99184e-06
 Reference value :  3.99418e-06
 Reference value :  3.99513e-06
 Reference value :  4.00121e-06
 Reference value :  4.00921e-06
 Reference value :  4.01721e-06
 Reference value :  4.02521e-06
 Reference value :  4.03298e-06
 Reference value :  4.03322e-06
 Reference value :  4.03435e-06
 Reference value :  4.03679e-06
 Reference value :  4.04479e-06
 Reference value :  4.05279e-06
 Reference value :  4.06079e-06
 Reference value :  4.06879e-06
 Reference value :  4.07517e-06
 Reference value :  4.07788e-06
 Reference value :  4.08523e-06
 Reference value :  4.09323e-06
 Reference value :  4.10173e-06
 Reference value :  4.11023e-06
 Reference value :  4.11684e-06
 Reference value :  4.11749e-06
 Reference value :  4.11843e-06
 Reference value :  4.12629e-06
 Reference value :  4.13729e-06
 Reference value :  4.14779e-06
 Reference value :  4.15629e-06
 Reference value :  4.15942e-06
 Reference value :  4.16277e-06
 Reference value :  4.17077e-06
 Reference value :  4.17927e-06
 Reference value :  4.18777e-06
 Reference value :  4.19627e-06
 Reference value :  4.20030e-06
 Reference value :  4.20103e-06
 Reference value :  4.20525e-06
 Reference value :  4.21375e-06
 Reference value :  4.22225e-06
 Reference value :  4.23075e-06
 Reference value :  4.23875e-06
 Reference value :  4.24230e-06
 Reference value :  4.24389e-06
 Reference value :  4.24960e-06
 Reference value :  4.25760e-06
 Reference value :  4.26560e-06
 Reference value :  4.27360e-06
 Reference value :  4.28210e-06
 Reference value :  4.28363e-06
 Reference value :  4.28469e-06
 Reference value :  4.29118e-06
 Reference value :  4.29918e-06
 Reference value :  4.30768e-06
 Reference value :  4.31568e-06
 Reference value :  4.32450e-06
 Reference value :  4.32608e-06
 Reference value :  4.33164e-06
 Reference value :  4.33564e-06
 Reference value :  4.34364e-06
 Reference value :  4.35214e-06
 Reference value :  4.36114e-06
 Reference value :  4.36656e-06
 Reference value :  4.36761e-06
 Reference value :  4.36798e-06
 Reference value :  4.37228e-06
 Reference value :  4.37978e-06
 Reference value :  4.38828e-06
 Reference value :  4.39628e-06
 Reference value :  4.40478e-06
 Reference value :  4.40883e-06
 Reference value :  4.41200e-06
 Reference value :  4.41800e-06
 Reference value :  4.42600e-06
 Reference value :  4.43450e-06
 Reference value :  4.44250e-06
 Reference value :  4.44985e-06
 Reference value :  4.45070e-06
 Reference value :  4.45682e-06
 Reference value :  4.47082e-06
 Reference value :  4.48432e-06
 Reference value :  4.49217e-06
 Reference value :  4.49482e-06
 Reference value :  4.49982e-06
 Reference value :  4.50732e-06
 Reference value :  4.51532e-06
 Reference value :  4.52382e-06
 Reference value :  4.53232e-06
 Reference value :  4.53322e-06
 Reference value :  4.53427e-06
 Reference value :  4.53463e-06
 Reference value :  4.53943e-06
 Reference value :  4.54743e-06
 Reference value :  4.55593e-06
 Reference value :  4.56443e-06
 Reference value :  4.57293e-06
 Reference value :  4.57580e-06
 Reference value :  4.58071e-06
 Reference value :  4.58421e-06
 Reference value :  4.59121e-06
 Reference value :  4.59921e-06
 Reference value :  4.60771e-06
 Reference value :  4.61617e-06
 Reference value :  4.61656e-06
 Reference value :  4.61777e-06
 Reference value :  4.61890e-06
 Reference value :  4.62527e-06
 Reference value :  4.63327e-06
 Reference value :  4.64177e-06
 Reference value :  4.64977e-06
 Reference value :  4.65783e-06
 Reference value :  4.65974e-06
 Reference value :  4.66500e-06
 Reference value :  4.67150e-06
 Reference value :  4.67950e-06
 Reference value :  4.68800e-06
 Reference value :  4.69650e-06
 Reference value :  4.69989e-06
 Reference value :  4.70093e-06
 Reference value :  4.70129e-06
 Reference value :  4.70560e-06
 Reference value :  4.71260e-06
 Reference value :  4.72110e-06
 Reference value :  4.72960e-06
 Reference value :  4.73810e-06
 Reference value :  4.74247e-06
 Reference value :  4.74834e-06
 Reference value :  4.75434e-06
 Reference value :  4.76234e-06
 Reference value :  4.77034e-06
 Reference value :  4.77834e-06
 Reference value :  4.78322e-06
 Reference value :  4.78407e-06
 Reference value :  4.78476e-06
 Reference value :  4.78943e-06
 Reference value :  4.79693e-06
 Reference value :  4.80543e-06
 Reference value :  4.81393e-06
 Reference value :  4.82243e-06
 Reference value :  4.82580e-06
 Reference value :  4.83117e-06
 Reference value :  4.83467e-06
 Reference value :  4.84167e-06
 Reference value :  4.84967e-06
 Reference value :  4.85867e-06
 Reference value :  4.86632e-06
 Reference value :  4.86656e-06
 Reference value :  4.86731e-06
 Reference value :  4.86799e-06
 Reference value :  4.87271e-06
 Reference value :  4.88021e-06
 Reference value :  4.89171e-06
 Reference value :  4.90021e-06
 Reference value :  4.90788e-06
 Reference value :  4.90974e-06
 Reference value :  4.91600e-06
 Reference value :  4.92150e-06
 Reference value :  4.92950e-06
 Reference value :  4.93750e-06
 Reference value :  4.94600e-06
 Reference value :  4.95025e-06
 Reference value :  4.95077e-06
 Reference value :  4.95187e-06
 Reference value :  4.95787e-06
 Reference value :  4.96637e-06
 Reference value :  4.97487e-06
 Reference value :  4.98387e-06
 Reference value :  4.99132e-06
 Reference value :  4.99345e-06
 Reference value :  4.99934e-06
 Reference value :  5.00584e-06
 Reference value :  5.01434e-06
 Reference value :  5.02284e-06
 Reference value :  5.03134e-06
 Reference value :  5.03393e-06
 Reference value :  5.03454e-06
 Reference value :  5.04108e-06
 Reference value :  5.05158e-06
 Reference value :  5.05958e-06
 Reference value :  5.06808e-06
 Reference value :  5.07517e-06
 Reference value :  5.07821e-06
 Reference value :  5.08421e-06
 Reference value :  5.09171e-06
 Reference value :  5.09971e-06
 Reference value :  5.10821e-06
 Reference value :  5.11622e-06
 Reference value :  5.11656e-06
 Reference value :  5.11741e-06
 Reference value :  5.11847e-06
 Reference value :  5.12627e-06
 Reference value :  5.13477e-06
 Reference value :  5.14327e-06
 Reference value :  5.15127e-06
 Reference value :  5.15818e-06
 Reference value :  5.16021e-06
 Reference value :  5.16588e-06
 Reference value :  5.17438e-06
 Reference value :  5.18238e-06
 Reference value :  5.19088e-06
 Reference value :  5.19919e-06
 Reference value :  5.20050e-06
 Reference value :  5.20115e-06
 Reference value :  5.20520e-06
 Reference value :  5.21370e-06
 Reference value :  5.22170e-06
 Reference value :  5.22970e-06
 Reference value :  5.23820e-06
 Reference value :  5.24230e-06
 Reference value :  5.24402e-06
 Reference value :  5.25071e-06
 Reference value :  5.26021e-06
 Reference value :  5.26871e-06
 Reference value :  5.27771e-06
 Reference value :  5.28346e-06
 Reference value :  5.28453e-06
 Reference value :  5.28880e-06
 Reference value :  5.29730e-06
 Reference value :  5.30580e-06
 Reference value :  5.31430e-06
 Reference value :  5.32280e-06
 Reference value :  5.32580e-06
 Reference value :  5.32951e-06
 Reference value :  5.33601e-06
 Reference value :  5.34451e-06
 Reference value :  5.35251e-06
 Reference value :  5.36051e-06
 Reference value :  5.36679e-06
 Reference value :  5.36790e-06
 Reference value :  5.37451e-06
 Reference value :  5.38301e-06
 Reference value :  5.39101e-06
 Reference value :  5.39951e-06
 Reference value :  5.40788e-06
 Reference value :  5.41078e-06
 Reference value :  5.41978e-06
 Reference value :  5.42828e-06
 Reference value :  5.43728e-06
 Reference value :  5.44578e-06
 Reference value :  5.45012e-06
 Reference value :  5.45331e-06
 Reference value :  5.46131e-06
 Reference value :  5.46981e-06
 Reference value :  5.47831e-06
 Reference value :  5.48681e-06
 Reference value :  5.49217e-06
 Reference value :  5.49867e-06
 Reference value :  5.50667e-06
 Reference value :  5.51517e-06
 Reference value :  5.52317e-06
 Reference value :  5.53167e-06
 Reference value :  5.53364e-06
 Reference value :  5.53824e-06
 Reference value :  5.54624e-06
 Reference value :  5.55424e-06
 Reference value :  5.56274e-06
 Reference value :  5.57124e-06
 Reference value :  5.57554e-06
 Reference value :  5.58250e-06
 Reference value :  5.59100e-06
 Reference value :  5.59900e-06
 Reference value :  5.60750e-06
 Reference value :  5.61583e-06
 Reference value :  5.61717e-06
 Reference value :  5.62258e-06
 Reference value :  5.63108e-06
 Reference value :  5.63958e-06
 Reference value :  5.64808e-06
 Reference value :  5.65658e-06
 Reference value :  5.65948e-06
 Reference value :  5.66783e-06
 Reference value :  5.67633e-06
 Reference value :  5.68483e-06
 Reference value :  5.69283e-06
 Reference value :  5.69985e-06
 Reference value :  5.70059e-06
 Reference value :  5.70773e-06
 Reference value :  5.71623e-06
 Reference value :  5.72473e-06
 Reference value :  5.73323e-06
 Reference value :  5.74122e-06
 Reference value :  5.74616e-06
 Reference value :  5.75716e-06
 Reference value :  5.76816e-06
 Reference value :  5.77966e-06
 Reference value :  5.78363e-06
 Reference value :  5.78969e-06
 Reference value :  5.80169e-06
 Reference value :  5.81369e-06
 Reference value :  5.82465e-06
 Reference value :  5.83149e-06
 Reference value :  5.84299e-06
 Reference value :  5.85449e-06
 Reference value :  5.86583e-06
 Reference value :  5.86725e-06
 Reference value :  5.87608e-06
 Reference value :  5.88858e-06
 Reference value :  5.90058e-06
 Reference value :  5.90883e-06
 Reference value :  5.91883e-06
 Reference value :  5.93083e-06
 Reference value :  5.94283e-06
 Reference value :  5.95008e-06
 Reference value :  5.95247e-06
 Reference value :  5.96097e-06
 Reference value :  5.96997e-06
 Reference value :  5.97897e-06
 Reference value :  5.98797e-06
 Reference value :  5.99230e-06
 Reference value :  6.00366e-06
 Reference value :  6.01416e-06
 Reference value :  6.02266e-06
 Reference value :  6.03116e-06
 Reference value :  6.03393e-06
 Reference value :  6.03852e-06
 Reference value :  6.04752e-06
 Reference value :  6.06002e-06
 Reference value :  6.07252e-06
 Reference value :  6.07906e-06
 Reference value :  6.09106e-06
 Reference value :  6.10256e-06
 Reference value :  6.11406e-06
 Reference value :  6.11656e-06
 Reference value :  6.11778e-06
 Reference value :  6.12509e-06
 Reference value :  6.13359e-06
 Reference value :  6.14159e-06
 Reference value :  6.15009e-06
 Reference value :  6.15788e-06
 Reference value :  6.15998e-06
 Reference value :  6.16438e-06
 Reference value :  6.17288e-06
 Reference value :  6.18188e-06
 Reference value :  6.19038e-06
 Reference value :  6.19888e-06
 Reference value :  6.20050e-06
 Reference value :  6.20106e-06
 Reference value :  6.20435e-06
 Reference value :  6.21235e-06
 Reference value :  6.22085e-06
 Reference value :  6.22885e-06
 Reference value :  6.23735e-06
 Reference value :  6.24217e-06
 Reference value :  6.24354e-06
 Reference value :  6.24821e-06
 Reference value :  6.25671e-06
 Reference value :  6.26471e-06
 Reference value :  6.27271e-06
 Reference value :  6.28071e-06
No. of Data Rows : 14210

  Measurements for Transient Analysis

d9_c1               =  2.04600e-03
d8_c1               =  2.31064e-03
d7_c1               =  1.80021e+00
d6_c1               =  2.31190e-03
d5_c1               =  1.80021e+00
d4_c1               =  1.80021e+00
d3_c1               =  1.80021e+00
d2_c1               =  2.31218e-03
d1_c1               =  2.31238e-03
d0_c1               =  2.31064e-03
d9_c2               =  1.62655e-03
d8_c2               =  1.80017e+00
d7_c2               =  1.84555e-03
d6_c2               =  1.80017e+00
d5_c2               =  1.80017e+00
d4_c2               =  1.80017e+00
d3_c2               =  1.80017e+00
d2_c2               =  1.80017e+00
d1_c2               =  1.80017e+00
d0_c2               =  1.80017e+00
d9_c3               =  1.80034e+00
d8_c3               =  1.75700e-03
d7_c3               =  1.75700e-03
d6_c3               =  1.75700e-03
d5_c3               =  1.75700e-03
d4_c3               =  1.75700e-03
d3_c3               =  1.75700e-03
d2_c3               =  1.75700e-03
d1_c3               =  1.75701e-03
d0_c3               =  1.75696e-03
d9_c4               =  1.80041e+00
d8_c4               =  1.99319e-03
d7_c4               =  1.80018e+00
d6_c4               =  1.99319e-03
d5_c4               =  1.99319e-03
d4_c4               =  1.99319e-03
d3_c4               =  1.99319e-03
d2_c4               =  1.99319e-03
d1_c4               =  1.99320e-03
d0_c4               =  1.80018e+00
d9_c5               =  1.80070e+00
d8_c5               =  1.80025e+00
d7_c5               =  1.80025e+00
d6_c5               =  1.80025e+00
d5_c5               =  1.80025e+00
d4_c5               =  1.80025e+00
d3_c5               =  1.80025e+00
d2_c5               =  1.80025e+00
d1_c5               =  1.80025e+00
d0_c5               =  1.80025e+00
busy_c1_p0          =  1.80014e+00
smpl_c1_p0          =  1.18665e-03
busy_c1_p1          =  1.80014e+00
smpl_c1_p1          =  1.49742e-03
busy_c1_p2          =  1.80014e+00
smpl_c1_p2          =  1.48026e-03
busy_c1_p3          =  1.80014e+00
smpl_c1_p3          =  1.50058e-03
busy_c1_p4          =  1.80014e+00
smpl_c1_p4          =  1.49360e-03
busy_c1_p5          =  1.80014e+00
smpl_c1_p5          =  1.49977e-03
busy_c1_p6          =  1.80014e+00
smpl_c1_p6          =  1.50536e-03
busy_c1_p7          =  1.80014e+00
smpl_c1_p7          =  1.50249e-03
busy_c1_p8          =  1.80014e+00
smpl_c1_p8          =  1.50423e-03
busy_c1_p9          =  1.80014e+00
smpl_c1_p9          =  1.42195e-03
busy_c1_p10         =  1.80016e+00
smpl_c1_p10         =  1.67874e-03
busy_c1_p11         =  1.70901e-03
smpl_c1_p11         =  1.80022e+00
busy_c2_p0          =  1.80014e+00
smpl_c2_p0          =  1.18701e-03
busy_c2_p1          =  1.80014e+00
smpl_c2_p1          =  1.49840e-03
busy_c2_p2          =  1.80014e+00
smpl_c2_p2          =  1.50257e-03
busy_c2_p3          =  1.80014e+00
smpl_c2_p3          =  1.50289e-03
busy_c2_p4          =  1.80014e+00
smpl_c2_p4          =  1.50536e-03
busy_c2_p5          =  1.80014e+00
smpl_c2_p5          =  1.50834e-03
busy_c2_p6          =  1.80014e+00
smpl_c2_p6          =  1.50611e-03
busy_c2_p7          =  1.80014e+00
smpl_c2_p7          =  1.50543e-03
busy_c2_p8          =  1.80014e+00
smpl_c2_p8          =  1.50512e-03
busy_c2_p9          =  1.80014e+00
smpl_c2_p9          =  1.42232e-03
busy_c2_p10         =  1.80013e+00
smpl_c2_p10         =  1.32738e-03
busy_c2_p11         =  1.70662e-03
smpl_c2_p11         =  1.80022e+00
busy_c3_p0          =  1.80014e+00
smpl_c3_p0          =  1.18772e-03
busy_c3_p1          =  1.80014e+00
smpl_c3_p1          =  1.41467e-03
busy_c3_p2          =  1.80014e+00
smpl_c3_p2          =  1.41822e-03
busy_c3_p3          =  1.80014e+00
smpl_c3_p3          =  1.41922e-03
busy_c3_p4          =  1.80014e+00
smpl_c3_p4          =  1.41911e-03
busy_c3_p5          =  1.80014e+00
smpl_c3_p5          =  1.41884e-03
busy_c3_p6          =  1.80014e+00
smpl_c3_p6          =  1.41980e-03
busy_c3_p7          =  1.80014e+00
smpl_c3_p7          =  1.41949e-03
busy_c3_p8          =  1.80014e+00
smpl_c3_p8          =  1.41925e-03
busy_c3_p9          =  1.80013e+00
smpl_c3_p9          =  1.33595e-03
busy_c3_p10         =  1.80012e+00
smpl_c3_p10         =  1.24116e-03
busy_c3_p11         =  1.71351e-03
smpl_c3_p11         =  1.80022e+00
busy_c4_p0          =  1.80013e+00
smpl_c4_p0          =  1.10284e-03
busy_c4_p1          =  1.80014e+00
smpl_c4_p1          =  1.41638e-03
busy_c4_p2          =  1.80014e+00
smpl_c4_p2          =  1.41871e-03
busy_c4_p3          =  1.80014e+00
smpl_c4_p3          =  1.41891e-03
busy_c4_p4          =  1.80014e+00
smpl_c4_p4          =  1.42142e-03
busy_c4_p5          =  1.80014e+00
smpl_c4_p5          =  1.42123e-03
busy_c4_p6          =  1.80014e+00
smpl_c4_p6          =  1.42214e-03
busy_c4_p7          =  1.80014e+00
smpl_c4_p7          =  1.42186e-03
busy_c4_p8          =  1.80014e+00
smpl_c4_p8          =  1.42155e-03
busy_c4_p9          =  1.80013e+00
smpl_c4_p9          =  1.33852e-03
busy_c4_p10         =  1.80014e+00
smpl_c4_p10         =  1.42043e-03
busy_c4_p11         =  1.71353e-03
smpl_c4_p11         =  1.80022e+00
busy_c5_p0          =  1.80013e+00
smpl_c5_p0          =  1.10325e-03
busy_c5_p1          =  1.80014e+00
smpl_c5_p1          =  1.41464e-03
busy_c5_p2          =  1.80014e+00
smpl_c5_p2          =  1.39867e-03
busy_c5_p3          =  1.80014e+00
smpl_c5_p3          =  1.40198e-03
busy_c5_p4          =  1.80014e+00
smpl_c5_p4          =  1.40320e-03
busy_c5_p5          =  1.80014e+00
smpl_c5_p5          =  1.40487e-03
busy_c5_p6          =  1.80014e+00
smpl_c5_p6          =  1.40858e-03
busy_c5_p7          =  1.80014e+00
smpl_c5_p7          =  1.41376e-03
busy_c5_p8          =  1.80014e+00
smpl_c5_p8          =  1.41748e-03
busy_c5_p9          =  1.80013e+00
smpl_c5_p9          =  1.33571e-03
busy_c5_p10         =  1.80018e+00
smpl_c5_p10         =  2.02083e-03
busy_c5_p11         =  1.71329e-03
smpl_c5_p11         =  1.80022e+00
i_vdd               =  -2.39615e-06 from=  3.20000e-06 to=  4.20009e-06
i_vpwr              =  -8.30027e-06 from=  3.20000e-06 to=  4.20009e-06
i_vrefp             =  -6.68596e-06 from=  3.20000e-06 to=  4.20009e-06
i_vrefn             =  6.64466e-06 from=  3.20000e-06 to=  4.20009e-06
i_vcm               =  3.61021e-08 from=  3.20000e-06 to=  4.20009e-06
gnd_die_pp          =  7.55047e-03 from=  3.20000e-06 to=  4.20000e-06
gnd_die_max         =  7.41691e-03 at=  4.11768e-06
gnd_die_min         =  -1.33563e-04 at=  4.15818e-06
vgnd_die_pp         =  1.06048e-02 from=  3.20000e-06 to=  4.20000e-06
vgnd_die_max        =  1.02878e-02 at=  3.28412e-06
vgnd_die_min        =  -3.17059e-04 at=  4.15818e-06
vdd_die_pp          =  0.00000e+00 from=  3.20000e-06 to=  4.20000e-06
vdd_die_max         =  1.80000e+00 at=  4.19985e-06
vdd_die_min         =  1.80000e+00 at=  4.19985e-06
vpwr_die_pp         =  0.00000e+00 from=  3.20000e-06 to=  4.20000e-06
vpwr_die_max        =  1.80000e+00 at=  4.19985e-06
vpwr_die_min        =  1.80000e+00 at=  4.19985e-06
i_gnda              =  4.40906e-06 from=  3.20000e-06 to=  4.20009e-06


Total analysis time (seconds) = 333.33

Total elapsed time (seconds) = 383.580 

Total DRAM available = 98304.000 MB.
DRAM currently available = 9943.781 MB.
Maximum ngspice program size =  820.922 MB.
Current ngspice program size =  820.922 MB.

Note: Starting dynamic gmin stepping
Note: Dynamic gmin stepping completed
