
Note: Compatibility modes selected: hs a


Circuit: * sim/supply-impedance-sensitivity -- ground/supply-return impedance

option SCALE: Scale is set to 1e-06 for instance and model parameters
option SCALE: Scale is set to 1e-06 for instance and model parameters
option SCALE: Scale is set to 1e-06 for instance and model parameters
option SCALE: Scale is set to 1e-06 for instance and model parameters
Doing analysis at TEMP = 27.000000 and TNOM = 27.000000

Using KLU as Direct Linear Solver
 Reference value :  0.00000e+00
 Reference value :  8.14000e-09
 Reference value :  1.95700e-08
 Reference value :  2.42500e-08
 Reference value :  3.22500e-08
 Reference value :  4.02500e-08
 Reference value :  4.82500e-08
 Reference value :  5.62500e-08
 Reference value :  6.42500e-08
 Reference value :  7.22500e-08
 Reference value :  8.02500e-08
 Reference value :  8.82500e-08
 Reference value :  9.62500e-08
 Reference value :  1.04250e-07
 Reference value :  1.12250e-07
 Reference value :  1.20250e-07
 Reference value :  1.28750e-07
 Reference value :  1.36750e-07
 Reference value :  1.44750e-07
 Reference value :  1.53250e-07
 Reference value :  1.61750e-07
 Reference value :  1.72250e-07
 Reference value :  1.83750e-07
 Reference value :  1.95250e-07
 Reference value :  2.00103e-07
 Reference value :  2.00757e-07
 Reference value :  2.01470e-07
 Reference value :  2.06931e-07
 Reference value :  2.13931e-07
 Reference value :  2.21931e-07
 Reference value :  2.28931e-07
 Reference value :  2.36931e-07
 Reference value :  2.42167e-07
 Reference value :  2.43899e-07
 Reference value :  2.50456e-07
 Reference value :  2.58456e-07
 Reference value :  2.66456e-07
 Reference value :  2.74456e-07
 Reference value :  2.82395e-07
 Reference value :  2.83635e-07
 Reference value :  2.84544e-07
 Reference value :  2.88131e-07
 Reference value :  2.95631e-07
 Reference value :  3.03631e-07
 Reference value :  3.11631e-07
 Reference value :  3.19631e-07
 Reference value :  3.25500e-07
 Reference value :  3.29467e-07
 Reference value :  3.37467e-07
 Reference value :  3.45467e-07
 Reference value :  3.53467e-07
 Reference value :  3.63467e-07
 Reference value :  3.66792e-07
 Reference value :  3.68835e-07
 Reference value :  3.76835e-07
 Reference value :  3.85335e-07
 Reference value :  3.93335e-07
 Reference value :  4.01835e-07
 Reference value :  4.08508e-07
 Reference value :  4.10777e-07
 Reference value :  4.14231e-07
 Reference value :  4.21231e-07
 Reference value :  4.29231e-07
 Reference value :  4.37731e-07
 Reference value :  4.45731e-07
 Reference value :  4.50103e-07
 Reference value :  4.51023e-07
 Reference value :  4.51865e-07
 Reference value :  4.56931e-07
 Reference value :  4.63931e-07
 Reference value :  4.71431e-07
 Reference value :  4.79431e-07
 Reference value :  4.87431e-07
 Reference value :  4.92167e-07
 Reference value :  4.96220e-07
 Reference value :  5.04220e-07
 Reference value :  5.12220e-07
 Reference value :  5.20220e-07
 Reference value :  5.28220e-07
 Reference value :  5.33443e-07
 Reference value :  5.34417e-07
 Reference value :  5.41352e-07
 Reference value :  5.49852e-07
 Reference value :  5.58352e-07
 Reference value :  5.66352e-07
 Reference value :  5.74176e-07
 Reference value :  5.76180e-07
 Reference value :  5.81477e-07
 Reference value :  5.85477e-07
 Reference value :  5.92477e-07
 Reference value :  6.00977e-07
 Reference value :  6.09477e-07
 Reference value :  6.16517e-07
 Reference value :  6.17167e-07
 Reference value :  6.17782e-07
 Reference value :  6.20051e-07
 Reference value :  6.25551e-07
 Reference value :  6.32551e-07
 Reference value :  6.40551e-07
 Reference value :  6.48551e-07
 Reference value :  6.57051e-07
 Reference value :  6.59518e-07
 Reference value :  6.64827e-07
 Reference value :  6.72327e-07
 Reference value :  6.76327e-07
 Reference value :  6.82827e-07
 Reference value :  6.90827e-07
 Reference value :  6.98827e-07
 Reference value :  7.00292e-07
 Reference value :  7.01165e-07
 Reference value :  7.03681e-07
 Reference value :  7.10681e-07
 Reference value :  7.18681e-07
 Reference value :  7.26681e-07
 Reference value :  7.34681e-07
 Reference value :  7.41517e-07
 Reference value :  7.44210e-07
 Reference value :  7.52210e-07
 Reference value :  7.60710e-07
 Reference value :  7.68210e-07
 Reference value :  7.72210e-07
 Reference value :  7.79210e-07
 Reference value :  7.83418e-07
 Reference value :  7.84132e-07
 Reference value :  7.84825e-07
 Reference value :  7.88823e-07
 Reference value :  7.97323e-07
 Reference value :  8.05823e-07
 Reference value :  8.13823e-07
 Reference value :  8.21823e-07
 Reference value :  8.25650e-07
 Reference value :  8.31047e-07
 Reference value :  8.39047e-07
 Reference value :  8.47047e-07
 Reference value :  8.54547e-07
 Reference value :  8.61047e-07
 Reference value :  8.66317e-07
 Reference value :  8.67167e-07
 Reference value :  8.67542e-07
 Reference value :  8.68728e-07
 Reference value :  8.75027e-07
 Reference value :  8.82027e-07
 Reference value :  8.89527e-07
 Reference value :  8.97527e-07
 Reference value :  9.05527e-07
 Reference value :  9.09183e-07
 Reference value :  9.14882e-07
 Reference value :  9.22882e-07
 Reference value :  9.30882e-07
 Reference value :  9.38882e-07
 Reference value :  9.46882e-07
 Reference value :  9.50085e-07
 Reference value :  9.50987e-07
 Reference value :  9.53440e-07
 Reference value :  9.60940e-07
 Reference value :  9.69440e-07
 Reference value :  9.77440e-07
 Reference value :  9.85440e-07
 Reference value :  9.91842e-07
 Reference value :  9.95217e-07
 Reference value :  1.00372e-06
 Reference value :  1.01172e-06
 Reference value :  1.01972e-06
 Reference value :  1.02772e-06
 Reference value :  1.03342e-06
 Reference value :  1.03427e-06
 Reference value :  1.03823e-06
 Reference value :  1.04573e-06
 Reference value :  1.05423e-06
 Reference value :  1.06223e-06
 Reference value :  1.07023e-06
 Reference value :  1.07550e-06
 Reference value :  1.07955e-06
 Reference value :  1.08805e-06
 Reference value :  1.09605e-06
 Reference value :  1.10455e-06
 Reference value :  1.11255e-06
 Reference value :  1.11675e-06
 Reference value :  1.11763e-06
 Reference value :  1.11999e-06
 Reference value :  1.12749e-06
 Reference value :  1.13599e-06
 Reference value :  1.14399e-06
 Reference value :  1.15199e-06
 Reference value :  1.15851e-06
 Reference value :  1.16018e-06
 Reference value :  1.16474e-06
 Reference value :  1.17324e-06
 Reference value :  1.18124e-06
 Reference value :  1.18924e-06
 Reference value :  1.19724e-06
 Reference value :  1.20010e-06
 Reference value :  1.20066e-06
 Reference value :  1.20122e-06
 Reference value :  1.20685e-06
 Reference value :  1.21535e-06
 Reference value :  1.22335e-06
 Reference value :  1.23185e-06
 Reference value :  1.23935e-06
 Reference value :  1.24252e-06
 Reference value :  1.24374e-06
 Reference value :  1.24952e-06
 Reference value :  1.25802e-06
 Reference value :  1.26652e-06
 Reference value :  1.27552e-06
 Reference value :  1.28288e-06
 Reference value :  1.28383e-06
 Reference value :  1.28479e-06
 Reference value :  1.28964e-06
 Reference value :  1.29714e-06
 Reference value :  1.30514e-06
 Reference value :  1.31314e-06
 Reference value :  1.32114e-06
 Reference value :  1.32555e-06
 Reference value :  1.32791e-06
 Reference value :  1.33291e-06
 Reference value :  1.33841e-06
 Reference value :  1.34591e-06
 Reference value :  1.35391e-06
 Reference value :  1.36191e-06
 Reference value :  1.36677e-06
 Reference value :  1.36768e-06
 Reference value :  1.36829e-06
 Reference value :  1.37254e-06
 Reference value :  1.37954e-06
 Reference value :  1.38704e-06
 Reference value :  1.39554e-06
 Reference value :  1.40354e-06
 Reference value :  1.40883e-06
 Reference value :  1.41450e-06
 Reference value :  1.42300e-06
 Reference value :  1.43100e-06
 Reference value :  1.43900e-06
 Reference value :  1.44700e-06
 Reference value :  1.45013e-06
 Reference value :  1.45272e-06
 Reference value :  1.46122e-06
 Reference value :  1.46922e-06
 Reference value :  1.47772e-06
 Reference value :  1.48572e-06
 Reference value :  1.49217e-06
 Reference value :  1.49626e-06
 Reference value :  1.50476e-06
 Reference value :  1.51276e-06
 Reference value :  1.52126e-06
 Reference value :  1.52926e-06
 Reference value :  1.53346e-06
 Reference value :  1.53573e-06
 Reference value :  1.54423e-06
 Reference value :  1.55273e-06
 Reference value :  1.56073e-06
 Reference value :  1.56923e-06
 Reference value :  1.57517e-06
 Reference value :  1.57704e-06
 Reference value :  1.58500e-06
 Reference value :  1.59300e-06
 Reference value :  1.59800e-06
 Reference value :  1.60450e-06
 Reference value :  1.61250e-06
 Reference value :  1.61677e-06
 Reference value :  1.61767e-06
 Reference value :  1.61874e-06
 Reference value :  1.62405e-06
 Reference value :  1.63105e-06
 Reference value :  1.63905e-06
 Reference value :  1.64705e-06
 Reference value :  1.65555e-06
 Reference value :  1.65898e-06
 Reference value :  1.66439e-06
 Reference value :  1.67239e-06
 Reference value :  1.68039e-06
 Reference value :  1.68839e-06
 Reference value :  1.69639e-06
 Reference value :  1.70008e-06
 Reference value :  1.70068e-06
 Reference value :  1.70409e-06
 Reference value :  1.71209e-06
 Reference value :  1.72059e-06
 Reference value :  1.72909e-06
 Reference value :  1.73709e-06
 Reference value :  1.74217e-06
 Reference value :  1.74621e-06
 Reference value :  1.75421e-06
 Reference value :  1.76271e-06
 Reference value :  1.77071e-06
 Reference value :  1.77821e-06
 Reference value :  1.78221e-06
 Reference value :  1.78363e-06
 Reference value :  1.78433e-06
 Reference value :  1.78625e-06
 Reference value :  1.79375e-06
 Reference value :  1.80175e-06
 Reference value :  1.81025e-06
 Reference value :  1.81825e-06
 Reference value :  1.82485e-06
 Reference value :  1.82755e-06
 Reference value :  1.83555e-06
 Reference value :  1.84355e-06
 Reference value :  1.85155e-06
 Reference value :  1.85955e-06
 Reference value :  1.86632e-06
 Reference value :  1.86717e-06
 Reference value :  1.86763e-06
 Reference value :  1.87328e-06
 Reference value :  1.88028e-06
 Reference value :  1.88728e-06
 Reference value :  1.89428e-06
 Reference value :  1.90278e-06
 Reference value :  1.90851e-06
 Reference value :  1.91138e-06
 Reference value :  1.91988e-06
 Reference value :  1.92788e-06
 Reference value :  1.93588e-06
 Reference value :  1.94488e-06
 Reference value :  1.95011e-06
 Reference value :  1.95057e-06
 Reference value :  1.95110e-06
 Reference value :  1.95303e-06
 Reference value :  1.95903e-06
 Reference value :  1.96553e-06
 Reference value :  1.97353e-06
 Reference value :  1.98203e-06
 Reference value :  1.99003e-06
 Reference value :  1.99286e-06
 Reference value :  1.99971e-06
 Reference value :  2.00771e-06
 Reference value :  2.01571e-06
 Reference value :  2.02371e-06
 Reference value :  2.03121e-06
 Reference value :  2.03344e-06
 Reference value :  2.03425e-06
 Reference value :  2.03855e-06
 Reference value :  2.04605e-06
 Reference value :  2.05305e-06
 Reference value :  2.06005e-06
 Reference value :  2.06755e-06
 Reference value :  2.07485e-06
 Reference value :  2.07709e-06
 Reference value :  2.08505e-06
 Reference value :  2.09305e-06
 Reference value :  2.10105e-06
 Reference value :  2.10905e-06
 Reference value :  2.11586e-06
 Reference value :  2.11717e-06
 Reference value :  2.11791e-06
 Reference value :  2.12077e-06
 Reference value :  2.12827e-06
 Reference value :  2.13627e-06
 Reference value :  2.14427e-06
 Reference value :  2.15227e-06
 Reference value :  2.15851e-06
 Reference value :  2.15986e-06
 Reference value :  2.16274e-06
 Reference value :  2.17024e-06
 Reference value :  2.17824e-06
 Reference value :  2.18674e-06
 Reference value :  2.19474e-06
 Reference value :  2.20010e-06
 Reference value :  2.20066e-06
 Reference value :  2.20130e-06
 Reference value :  2.20686e-06
 Reference value :  2.21586e-06
 Reference value :  2.22336e-06
 Reference value :  2.23186e-06
 Reference value :  2.23886e-06
 Reference value :  2.24232e-06
 Reference value :  2.24383e-06
 Reference value :  2.24822e-06
 Reference value :  2.25622e-06
 Reference value :  2.26422e-06
 Reference value :  2.27222e-06
 Reference value :  2.28072e-06
 Reference value :  2.28344e-06
 Reference value :  2.28439e-06
 Reference value :  2.28574e-06
 Reference value :  2.29274e-06
 Reference value :  2.30074e-06
 Reference value :  2.30924e-06
 Reference value :  2.31824e-06
 Reference value :  2.32517e-06
 Reference value :  2.32749e-06
 Reference value :  2.33549e-06
 Reference value :  2.34199e-06
 Reference value :  2.34999e-06
 Reference value :  2.35799e-06
 Reference value :  2.36617e-06
 Reference value :  2.36717e-06
 Reference value :  2.36897e-06
 Reference value :  2.37697e-06
 Reference value :  2.38497e-06
 Reference value :  2.39297e-06
 Reference value :  2.40297e-06
 Reference value :  2.40883e-06
 Reference value :  2.41133e-06
 Reference value :  2.41833e-06
 Reference value :  2.42233e-06
 Reference value :  2.42933e-06
 Reference value :  2.43733e-06
 Reference value :  2.44533e-06
 Reference value :  2.45010e-06
 Reference value :  2.45101e-06
 Reference value :  2.45240e-06
 Reference value :  2.45790e-06
 Reference value :  2.46490e-06
 Reference value :  2.47390e-06
 Reference value :  2.48190e-06
 Reference value :  2.49040e-06
 Reference value :  2.49285e-06
 Reference value :  2.49816e-06
 Reference value :  2.50466e-06
 Reference value :  2.51266e-06
 Reference value :  2.52116e-06
 Reference value :  2.52966e-06
 Reference value :  2.53344e-06
 Reference value :  2.53450e-06
 Reference value :  2.54114e-06
 Reference value :  2.54964e-06
 Reference value :  2.55764e-06
 Reference value :  2.56564e-06
 Reference value :  2.57364e-06
 Reference value :  2.57619e-06
 Reference value :  2.58150e-06
 Reference value :  2.58750e-06
 Reference value :  2.59400e-06
 Reference value :  2.60200e-06
 Reference value :  2.61000e-06
 Reference value :  2.61652e-06
 Reference value :  2.61719e-06
 Reference value :  2.61897e-06
 Reference value :  2.62747e-06
 Reference value :  2.63597e-06
 Reference value :  2.64447e-06
 Reference value :  2.65247e-06
 Reference value :  2.65851e-06
 Reference value :  2.66038e-06
 Reference value :  2.66733e-06
 Reference value :  2.67233e-06
 Reference value :  2.68033e-06
 Reference value :  2.68833e-06
 Reference value :  2.69683e-06
 Reference value :  2.70008e-06
 Reference value :  2.70078e-06
 Reference value :  2.70277e-06
 Reference value :  2.71077e-06
 Reference value :  2.71877e-06
 Reference value :  2.72727e-06
 Reference value :  2.73527e-06
 Reference value :  2.74184e-06
 Reference value :  2.74417e-06
 Reference value :  2.75167e-06
 Reference value :  2.75667e-06
 Reference value :  2.76617e-06
 Reference value :  2.77467e-06
 Reference value :  2.78250e-06
 Reference value :  2.78363e-06
 Reference value :  2.78446e-06
 Reference value :  2.79042e-06
 Reference value :  2.79842e-06
 Reference value :  2.80692e-06
 Reference value :  2.81492e-06
 Reference value :  2.82292e-06
 Reference value :  2.82585e-06
 Reference value :  2.83000e-06
 Reference value :  2.83650e-06
 Reference value :  2.84350e-06
 Reference value :  2.85200e-06
 Reference value :  2.86050e-06
 Reference value :  2.86675e-06
 Reference value :  2.86720e-06
 Reference value :  2.86776e-06
 Reference value :  2.87308e-06
 Reference value :  2.88008e-06
 Reference value :  2.88858e-06
 Reference value :  2.89658e-06
 Reference value :  2.90558e-06
 Reference value :  2.90898e-06
 Reference value :  2.91233e-06
 Reference value :  2.91933e-06
 Reference value :  2.92583e-06
 Reference value :  2.93433e-06
 Reference value :  2.94283e-06
 Reference value :  2.94965e-06
 Reference value :  2.95055e-06
 Reference value :  2.95091e-06
 Reference value :  2.95321e-06
 Reference value :  2.96121e-06
 Reference value :  2.96921e-06
 Reference value :  2.97721e-06
 Reference value :  2.98521e-06
 Reference value :  2.99184e-06
 Reference value :  2.99417e-06
 Reference value :  3.00167e-06
 Reference value :  3.00717e-06
 Reference value :  3.01517e-06
 Reference value :  3.02367e-06
 Reference value :  3.03167e-06
 Reference value :  3.03363e-06
 Reference value :  3.03437e-06
 Reference value :  3.03832e-06
 Reference value :  3.04682e-06
 Reference value :  3.05482e-06
 Reference value :  3.06282e-06
 Reference value :  3.07132e-06
 Reference value :  3.07555e-06
 Reference value :  3.07850e-06
 Reference value :  3.08550e-06
 Reference value :  3.09150e-06
 Reference value :  3.10050e-06
 Reference value :  3.10850e-06
 Reference value :  3.11617e-06
 Reference value :  3.11697e-06
 Reference value :  3.11761e-06
 Reference value :  3.12123e-06
 Reference value :  3.12923e-06
 Reference value :  3.13723e-06
 Reference value :  3.14523e-06
 Reference value :  3.15373e-06
 Reference value :  3.15883e-06
 Reference value :  3.16108e-06
 Reference value :  3.16452e-06
 Reference value :  3.17252e-06
 Reference value :  3.18102e-06
 Reference value :  3.18902e-06
 Reference value :  3.19702e-06
 Reference value :  3.20010e-06
 Reference value :  3.20066e-06
 Reference value :  3.20122e-06
 Reference value :  3.21042e-06
 Reference value :  3.22292e-06
 Reference value :  3.23492e-06
 Reference value :  3.24252e-06
 Reference value :  3.24634e-06
 Reference value :  3.25770e-06
 Reference value :  3.26870e-06
 Reference value :  3.27670e-06
 Reference value :  3.28344e-06
 Reference value :  3.28438e-06
 Reference value :  3.28499e-06
 Reference value :  3.29121e-06
 Reference value :  3.29971e-06
 Reference value :  3.30771e-06
 Reference value :  3.31621e-06
 Reference value :  3.32450e-06
 Reference value :  3.32659e-06
 Reference value :  3.32736e-06
 Reference value :  3.33124e-06
 Reference value :  3.33924e-06
 Reference value :  3.34774e-06
 Reference value :  3.35574e-06
 Reference value :  3.36374e-06
 Reference value :  3.36677e-06
 Reference value :  3.36781e-06
 Reference value :  3.37378e-06
 Reference value :  3.38228e-06
 Reference value :  3.39028e-06
 Reference value :  3.39828e-06
 Reference value :  3.40678e-06
 Reference value :  3.40951e-06
 Reference value :  3.41070e-06
 Reference value :  3.41560e-06
 Reference value :  3.42410e-06
 Reference value :  3.43260e-06
 Reference value :  3.44110e-06
 Reference value :  3.44905e-06
 Reference value :  3.45030e-06
 Reference value :  3.45125e-06
 Reference value :  3.45956e-06
 Reference value :  3.46806e-06
 Reference value :  3.47656e-06
 Reference value :  3.48456e-06
 Reference value :  3.49152e-06
 Reference value :  3.49362e-06
 Reference value :  3.49574e-06
 Reference value :  3.50274e-06
 Reference value :  3.51074e-06
 Reference value :  3.51874e-06
 Reference value :  3.52724e-06
 Reference value :  3.53344e-06
 Reference value :  3.53434e-06
 Reference value :  3.53891e-06
 Reference value :  3.54741e-06
 Reference value :  3.55591e-06
 Reference value :  3.56441e-06
 Reference value :  3.57291e-06
 Reference value :  3.57585e-06
 Reference value :  3.57739e-06
 Reference value :  3.58346e-06
 Reference value :  3.59146e-06
 Reference value :  3.59946e-06
 Reference value :  3.60796e-06
 Reference value :  3.61581e-06
 Reference value :  3.61697e-06
 Reference value :  3.61780e-06
 Reference value :  3.62427e-06
 Reference value :  3.63277e-06
 Reference value :  3.64127e-06
 Reference value :  3.64977e-06
 Reference value :  3.65783e-06
 Reference value :  3.65952e-06
 Reference value :  3.66105e-06
 Reference value :  3.66781e-06
 Reference value :  3.67631e-06
 Reference value :  3.68431e-06
 Reference value :  3.69231e-06
 Reference value :  3.69965e-06
 Reference value :  3.70053e-06
 Reference value :  3.70115e-06
 Reference value :  3.70671e-06
 Reference value :  3.71521e-06
 Reference value :  3.72321e-06
 Reference value :  3.73321e-06
 Reference value :  3.74232e-06
 Reference value :  3.74407e-06
 Reference value :  3.74420e-06
 Reference value :  3.74938e-06
 Reference value :  3.75788e-06
 Reference value :  3.76588e-06
 Reference value :  3.77438e-06
 Reference value :  3.78238e-06
 Reference value :  3.78383e-06
 Reference value :  3.78455e-06
 Reference value :  3.79091e-06
 Reference value :  3.79891e-06
 Reference value :  3.80691e-06
 Reference value :  3.81541e-06
 Reference value :  3.82341e-06
 Reference value :  3.82619e-06
 Reference value :  3.82774e-06
 Reference value :  3.83363e-06
 Reference value :  3.84163e-06
 Reference value :  3.84963e-06
 Reference value :  3.85763e-06
 Reference value :  3.86563e-06
 Reference value :  3.86717e-06
 Reference value :  3.86766e-06
 Reference value :  3.87107e-06
 Reference value :  3.87807e-06
 Reference value :  3.88457e-06
 Reference value :  3.89257e-06
 Reference value :  3.90107e-06
 Reference value :  3.90818e-06
 Reference value :  3.91032e-06
 Reference value :  3.91178e-06
 Reference value :  3.91942e-06
 Reference value :  3.92792e-06
 Reference value :  3.93642e-06
 Reference value :  3.94442e-06
 Reference value :  3.95004e-06
 Reference value :  3.95055e-06
 Reference value :  3.95112e-06
 Reference value :  3.95735e-06
 Reference value :  3.96535e-06
 Reference value :  3.97335e-06
 Reference value :  3.98335e-06
 Reference value :  3.99122e-06
 Reference value :  3.99326e-06
 Reference value :  3.99480e-06
 Reference value :  4.00085e-06
 Reference value :  4.00935e-06
 Reference value :  4.01785e-06
 Reference value :  4.02585e-06
 Reference value :  4.03298e-06
 Reference value :  4.03394e-06
 Reference value :  4.03464e-06
 Reference value :  4.04182e-06
 Reference value :  4.05032e-06
 Reference value :  4.05832e-06
 Reference value :  4.06682e-06
 Reference value :  4.07455e-06
 Reference value :  4.07659e-06
 Reference value :  4.07776e-06
 Reference value :  4.08234e-06
 Reference value :  4.09034e-06
 Reference value :  4.09834e-06
 Reference value :  4.10634e-06
 Reference value :  4.11434e-06
 Reference value :  4.11697e-06
 Reference value :  4.11743e-06
 Reference value :  4.11868e-06
 Reference value :  4.12668e-06
 Reference value :  4.13518e-06
 Reference value :  4.14318e-06
 Reference value :  4.15118e-06
 Reference value :  4.15798e-06
 Reference value :  4.16024e-06
 Reference value :  4.16388e-06
 Reference value :  4.17188e-06
 Reference value :  4.18038e-06
 Reference value :  4.18888e-06
 Reference value :  4.19688e-06
 Reference value :  4.20030e-06
 Reference value :  4.20096e-06
 Reference value :  4.20345e-06
 Reference value :  4.21195e-06
 Reference value :  4.21995e-06
 Reference value :  4.22845e-06
 Reference value :  4.23645e-06
 Reference value :  4.24217e-06
 Reference value :  4.24383e-06
 Reference value :  4.24972e-06
 Reference value :  4.25822e-06
 Reference value :  4.26622e-06
 Reference value :  4.27422e-06
 Reference value :  4.28222e-06
 Reference value :  4.28363e-06
 Reference value :  4.28438e-06
 Reference value :  4.28834e-06
 Reference value :  4.29634e-06
 Reference value :  4.30534e-06
 Reference value :  4.31334e-06
 Reference value :  4.32134e-06
 Reference value :  4.32550e-06
 Reference value :  4.32849e-06
 Reference value :  4.33599e-06
 Reference value :  4.33949e-06
 Reference value :  4.34699e-06
 Reference value :  4.35499e-06
 Reference value :  4.36349e-06
 Reference value :  4.36677e-06
 Reference value :  4.36782e-06
 Reference value :  4.37153e-06
 Reference value :  4.37853e-06
 Reference value :  4.38703e-06
 Reference value :  4.39503e-06
 Reference value :  4.40353e-06
 Reference value :  4.40883e-06
 Reference value :  4.41133e-06
 Reference value :  4.41883e-06
 Reference value :  4.42533e-06
 Reference value :  4.43333e-06
 Reference value :  4.44133e-06
 Reference value :  4.44917e-06
 Reference value :  4.45030e-06
 Reference value :  4.45111e-06
 Reference value :  4.45701e-06
 Reference value :  4.46551e-06
 Reference value :  4.47401e-06
 Reference value :  4.48201e-06
 Reference value :  4.49001e-06
 Reference value :  4.49285e-06
 Reference value :  4.49816e-06
 Reference value :  4.50366e-06
 Reference value :  4.50916e-06
 Reference value :  4.51766e-06
 Reference value :  4.52566e-06
 Reference value :  4.53288e-06
 Reference value :  4.53383e-06
 Reference value :  4.53450e-06
 Reference value :  4.53884e-06
 Reference value :  4.54634e-06
 Reference value :  4.55534e-06
 Reference value :  4.56334e-06
 Reference value :  4.57184e-06
 Reference value :  4.57555e-06
 Reference value :  4.57850e-06
 Reference value :  4.58650e-06
 Reference value :  4.59100e-06
 Reference value :  4.59850e-06
 Reference value :  4.60650e-06
 Reference value :  4.61550e-06
 Reference value :  4.61697e-06
 Reference value :  4.61784e-06
 Reference value :  4.62219e-06
 Reference value :  4.62919e-06
 Reference value :  4.63719e-06
 Reference value :  4.64519e-06
 Reference value :  4.65319e-06
 Reference value :  4.65883e-06
 Reference value :  4.66133e-06
 Reference value :  4.66883e-06
 Reference value :  4.67183e-06
 Reference value :  4.67933e-06
 Reference value :  4.68733e-06
 Reference value :  4.69533e-06
 Reference value :  4.70008e-06
 Reference value :  4.70094e-06
 Reference value :  4.70135e-06
 Reference value :  4.70576e-06
 Reference value :  4.71326e-06
 Reference value :  4.72126e-06
 Reference value :  4.72926e-06
 Reference value :  4.73726e-06
 Reference value :  4.74217e-06
 Reference value :  4.74517e-06
 Reference value :  4.75267e-06
 Reference value :  4.75767e-06
 Reference value :  4.76567e-06
 Reference value :  4.77367e-06
 Reference value :  4.78167e-06
 Reference value :  4.78363e-06
 Reference value :  4.78437e-06
 Reference value :  4.78530e-06
 Reference value :  4.79209e-06
 Reference value :  4.80009e-06
 Reference value :  4.80809e-06
 Reference value :  4.81609e-06
 Reference value :  4.82404e-06
 Reference value :  4.82619e-06
 Reference value :  4.83150e-06
 Reference value :  4.83700e-06
 Reference value :  4.84300e-06
 Reference value :  4.85100e-06
 Reference value :  4.85950e-06
 Reference value :  4.86652e-06
 Reference value :  4.86717e-06
 Reference value :  4.86764e-06
 Reference value :  4.86860e-06
 Reference value :  4.87429e-06
 Reference value :  4.88129e-06
 Reference value :  4.88829e-06
 Reference value :  4.89629e-06
 Reference value :  4.90429e-06
 Reference value :  4.90883e-06
 Reference value :  4.91183e-06
 Reference value :  4.91933e-06
 Reference value :  4.92283e-06
 Reference value :  4.93033e-06
 Reference value :  4.93833e-06
 Reference value :  4.94633e-06
 Reference value :  4.95025e-06
 Reference value :  4.95066e-06
 Reference value :  4.95139e-06
 Reference value :  4.95431e-06
 Reference value :  4.96131e-06
 Reference value :  4.96831e-06
 Reference value :  4.97631e-06
 Reference value :  4.98431e-06
 Reference value :  4.99132e-06
 Reference value :  4.99371e-06
 Reference value :  5.00167e-06
 Reference value :  5.00767e-06
 Reference value :  5.01567e-06
 Reference value :  5.02417e-06
 Reference value :  5.03250e-06
 Reference value :  5.03383e-06
 Reference value :  5.03444e-06
 Reference value :  5.04136e-06
 Reference value :  5.04936e-06
 Reference value :  5.05786e-06
 Reference value :  5.06586e-06
 Reference value :  5.07386e-06
 Reference value :  5.07619e-06
 Reference value :  5.08150e-06
 Reference value :  5.08750e-06
 Reference value :  5.09550e-06
 Reference value :  5.10350e-06
 Reference value :  5.11150e-06
 Reference value :  5.11675e-06
 Reference value :  5.11753e-06
 Reference value :  5.11838e-06
 Reference value :  5.12588e-06
 Reference value :  5.13388e-06
 Reference value :  5.14188e-06
 Reference value :  5.14988e-06
 Reference value :  5.15783e-06
 Reference value :  5.15985e-06
 Reference value :  5.16425e-06
 Reference value :  5.17225e-06
 Reference value :  5.18025e-06
 Reference value :  5.18875e-06
 Reference value :  5.19675e-06
 Reference value :  5.20009e-06
 Reference value :  5.20078e-06
 Reference value :  5.20179e-06
 Reference value :  5.20960e-06
 Reference value :  5.21810e-06
 Reference value :  5.22660e-06
 Reference value :  5.23460e-06
 Reference value :  5.24132e-06
 Reference value :  5.24318e-06
 Reference value :  5.24322e-06
 Reference value :  5.24583e-06
 Reference value :  5.25383e-06
 Reference value :  5.26183e-06
 Reference value :  5.26983e-06
 Reference value :  5.27833e-06
 Reference value :  5.28344e-06
 Reference value :  5.28454e-06
 Reference value :  5.29107e-06
 Reference value :  5.30007e-06
 Reference value :  5.30807e-06
 Reference value :  5.31607e-06
 Reference value :  5.32403e-06
 Reference value :  5.32616e-06
 Reference value :  5.33041e-06
 Reference value :  5.33691e-06
 Reference value :  5.34541e-06
 Reference value :  5.35341e-06
 Reference value :  5.36141e-06
 Reference value :  5.36677e-06
 Reference value :  5.36768e-06
 Reference value :  5.37068e-06
 Reference value :  5.37868e-06
 Reference value :  5.38668e-06
 Reference value :  5.39468e-06
 Reference value :  5.40268e-06
 Reference value :  5.40851e-06
 Reference value :  5.41300e-06
 Reference value :  5.42100e-06
 Reference value :  5.42900e-06
 Reference value :  5.43700e-06
 Reference value :  5.44500e-06
 Reference value :  5.45012e-06
 Reference value :  5.45323e-06
 Reference value :  5.46173e-06
 Reference value :  5.46973e-06
 Reference value :  5.47823e-06
 Reference value :  5.48623e-06
 Reference value :  5.49217e-06
 Reference value :  5.49784e-06
 Reference value :  5.50584e-06
 Reference value :  5.51384e-06
 Reference value :  5.52234e-06
 Reference value :  5.53034e-06
 Reference value :  5.53346e-06
 Reference value :  5.53556e-06
 Reference value :  5.54356e-06
 Reference value :  5.55156e-06
 Reference value :  5.55956e-06
 Reference value :  5.56756e-06
 Reference value :  5.57485e-06
 Reference value :  5.57917e-06
 Reference value :  5.58717e-06
 Reference value :  5.59517e-06
 Reference value :  5.60317e-06
 Reference value :  5.61117e-06
 Reference value :  5.61679e-06
 Reference value :  5.61930e-06
 Reference value :  5.62730e-06
 Reference value :  5.63580e-06
 Reference value :  5.64380e-06
 Reference value :  5.65230e-06
 Reference value :  5.65851e-06
 Reference value :  5.66300e-06
 Reference value :  5.67100e-06
 Reference value :  5.67900e-06
 Reference value :  5.68700e-06
 Reference value :  5.69600e-06
 Reference value :  5.70012e-06
 Reference value :  5.70265e-06
 Reference value :  5.71065e-06
 Reference value :  5.71865e-06
 Reference value :  5.72715e-06
 Reference value :  5.73515e-06
 Reference value :  5.74152e-06
 Reference value :  5.74584e-06
 Reference value :  5.75434e-06
 Reference value :  5.76234e-06
 Reference value :  5.77034e-06
 Reference value :  5.77784e-06
 Reference value :  5.78342e-06
 Reference value :  5.78422e-06
 Reference value :  5.79150e-06
 Reference value :  5.79950e-06
 Reference value :  5.80750e-06
 Reference value :  5.81550e-06
 Reference value :  5.82350e-06
 Reference value :  5.82625e-06
 Reference value :  5.83417e-06
 Reference value :  5.84217e-06
 Reference value :  5.85017e-06
 Reference value :  5.85817e-06
 Reference value :  5.86617e-06
 Reference value :  5.86717e-06
 Reference value :  5.86795e-06
 Reference value :  5.87583e-06
 Reference value :  5.88383e-06
 Reference value :  5.89233e-06
 Reference value :  5.90033e-06
 Reference value :  5.90783e-06
 Reference value :  5.91100e-06
 Reference value :  5.91850e-06
 Reference value :  5.92650e-06
 Reference value :  5.93450e-06
 Reference value :  5.94250e-06
 Reference value :  5.94955e-06
 Reference value :  5.95050e-06
 Reference value :  5.95505e-06
 Reference value :  5.96305e-06
 Reference value :  5.97105e-06
 Reference value :  5.97905e-06
 Reference value :  5.98755e-06
 Reference value :  5.99217e-06
 Reference value :  5.99784e-06
 Reference value :  6.00584e-06
 Reference value :  6.01384e-06
 Reference value :  6.02184e-06
 Reference value :  6.03034e-06
 Reference value :  6.03346e-06
 Reference value :  6.03456e-06
 Reference value :  6.04145e-06
 Reference value :  6.04845e-06
 Reference value :  6.05545e-06
 Reference value :  6.06395e-06
 Reference value :  6.07245e-06
 Reference value :  6.07585e-06
 Reference value :  6.08317e-06
 Reference value :  6.09167e-06
 Reference value :  6.09967e-06
 Reference value :  6.10767e-06
 Reference value :  6.11567e-06
 Reference value :  6.11717e-06
 Reference value :  6.11769e-06
 Reference value :  6.12046e-06
 Reference value :  6.12896e-06
 Reference value :  6.13746e-06
 Reference value :  6.14546e-06
 Reference value :  6.15346e-06
 Reference value :  6.15883e-06
 Reference value :  6.15988e-06
 Reference value :  6.16297e-06
 Reference value :  6.17047e-06
 Reference value :  6.17847e-06
 Reference value :  6.18697e-06
 Reference value :  6.19547e-06
 Reference value :  6.20009e-06
 Reference value :  6.20077e-06
 Reference value :  6.20174e-06
 Reference value :  6.20956e-06
 Reference value :  6.21756e-06
 Reference value :  6.22556e-06
 Reference value :  6.23406e-06
 Reference value :  6.24122e-06
 Reference value :  6.24318e-06
 Reference value :  6.24322e-06
 Reference value :  6.24583e-06
 Reference value :  6.25383e-06
 Reference value :  6.26183e-06
 Reference value :  6.26983e-06
 Reference value :  6.27833e-06
No. of Data Rows : 14123

  Measurements for Transient Analysis

d9_c1               =  7.77888e-04
d8_c1               =  8.82157e-04
d7_c1               =  1.80010e+00
d6_c1               =  1.80010e+00
d5_c1               =  8.81831e-04
d4_c1               =  1.80010e+00
d3_c1               =  8.82296e-04
d2_c1               =  1.80010e+00
d1_c1               =  1.80010e+00
d0_c1               =  8.81835e-04
d9_c2               =  6.90924e-04
d8_c2               =  1.80010e+00
d7_c2               =  7.88821e-04
d6_c2               =  1.80010e+00
d5_c2               =  1.80010e+00
d4_c2               =  1.80010e+00
d3_c2               =  1.80010e+00
d2_c2               =  1.80009e+00
d1_c2               =  1.80010e+00
d0_c2               =  1.80009e+00
d9_c3               =  6.62527e-04
d8_c3               =  1.80009e+00
d7_c3               =  1.80009e+00
d6_c3               =  1.80009e+00
d5_c3               =  1.80009e+00
d4_c3               =  1.80009e+00
d3_c3               =  1.80009e+00
d2_c3               =  1.80009e+00
d1_c3               =  1.80009e+00
d0_c3               =  1.80009e+00
d9_c4               =  1.80022e+00
d8_c4               =  8.32885e-04
d7_c4               =  1.80010e+00
d6_c4               =  8.32885e-04
d5_c4               =  8.32885e-04
d4_c4               =  8.32885e-04
d3_c4               =  8.32885e-04
d2_c4               =  8.32885e-04
d1_c4               =  8.32886e-04
d0_c4               =  1.80010e+00
d9_c5               =  1.80033e+00
d8_c5               =  1.80012e+00
d7_c5               =  1.80012e+00
d6_c5               =  1.80012e+00
d5_c5               =  1.80012e+00
d4_c5               =  1.80012e+00
d3_c5               =  1.80012e+00
d2_c5               =  1.80012e+00
d1_c5               =  1.80012e+00
d0_c5               =  1.80012e+00
busy_c1_p0          =  1.80007e+00
smpl_c1_p0          =  4.81327e-04
busy_c1_p1          =  1.80007e+00
smpl_c1_p1          =  5.93364e-04
busy_c1_p2          =  1.80007e+00
smpl_c1_p2          =  5.87783e-04
busy_c1_p3          =  1.80007e+00
smpl_c1_p3          =  5.92490e-04
busy_c1_p4          =  1.80007e+00
smpl_c1_p4          =  5.92940e-04
busy_c1_p5          =  1.80008e+00
smpl_c1_p5          =  5.95472e-04
busy_c1_p6          =  1.80008e+00
smpl_c1_p6          =  5.96036e-04
busy_c1_p7          =  1.80008e+00
smpl_c1_p7          =  5.97060e-04
busy_c1_p8          =  1.80008e+00
smpl_c1_p8          =  5.96903e-04
busy_c1_p9          =  1.80007e+00
smpl_c1_p9          =  5.80744e-04
busy_c1_p10         =  1.80008e+00
smpl_c1_p10         =  6.37927e-04
busy_c1_p11         =  7.38773e-04
smpl_c1_p11         =  1.80008e+00
busy_c2_p0          =  1.80007e+00
smpl_c2_p0          =  4.81515e-04
busy_c2_p1          =  1.80007e+00
smpl_c2_p1          =  5.93934e-04
busy_c2_p2          =  1.80007e+00
smpl_c2_p2          =  5.93976e-04
busy_c2_p3          =  1.80007e+00
smpl_c2_p3          =  5.95484e-04
busy_c2_p4          =  1.80007e+00
smpl_c2_p4          =  5.95415e-04
busy_c2_p5          =  1.80007e+00
smpl_c2_p5          =  5.95272e-04
busy_c2_p6          =  1.80007e+00
smpl_c2_p6          =  5.95681e-04
busy_c2_p7          =  1.80007e+00
smpl_c2_p7          =  5.95530e-04
busy_c2_p8          =  1.80007e+00
smpl_c2_p8          =  5.95405e-04
busy_c2_p9          =  1.80007e+00
smpl_c2_p9          =  5.79107e-04
busy_c2_p10         =  1.80007e+00
smpl_c2_p10         =  5.63610e-04
busy_c2_p11         =  7.37255e-04
smpl_c2_p11         =  1.80008e+00
busy_c3_p0          =  1.80007e+00
smpl_c3_p0          =  4.81928e-04
busy_c3_p1          =  1.80007e+00
smpl_c3_p1          =  5.94215e-04
busy_c3_p2          =  1.80007e+00
smpl_c3_p2          =  5.94141e-04
busy_c3_p3          =  1.80007e+00
smpl_c3_p3          =  5.94685e-04
busy_c3_p4          =  1.80007e+00
smpl_c3_p4          =  5.94609e-04
busy_c3_p5          =  1.80007e+00
smpl_c3_p5          =  5.94479e-04
busy_c3_p6          =  1.80007e+00
smpl_c3_p6          =  5.94874e-04
busy_c3_p7          =  1.80007e+00
smpl_c3_p7          =  5.94743e-04
busy_c3_p8          =  1.80007e+00
smpl_c3_p8          =  5.94623e-04
busy_c3_p9          =  1.80007e+00
smpl_c3_p9          =  5.78316e-04
busy_c3_p10         =  1.80007e+00
smpl_c3_p10         =  5.39029e-04
busy_c3_p11         =  7.37282e-04
smpl_c3_p11         =  1.80008e+00
busy_c4_p0          =  1.80007e+00
smpl_c4_p0          =  4.81985e-04
busy_c4_p1          =  1.80007e+00
smpl_c4_p1          =  5.72910e-04
busy_c4_p2          =  1.80007e+00
smpl_c4_p2          =  5.71956e-04
busy_c4_p3          =  1.80007e+00
smpl_c4_p3          =  5.73399e-04
busy_c4_p4          =  1.80007e+00
smpl_c4_p4          =  5.73350e-04
busy_c4_p5          =  1.80007e+00
smpl_c4_p5          =  5.73208e-04
busy_c4_p6          =  1.80007e+00
smpl_c4_p6          =  5.73598e-04
busy_c4_p7          =  1.80007e+00
smpl_c4_p7          =  5.73424e-04
busy_c4_p8          =  1.80007e+00
smpl_c4_p8          =  5.73283e-04
busy_c4_p9          =  1.80007e+00
smpl_c4_p9          =  5.57134e-04
busy_c4_p10         =  1.80007e+00
smpl_c4_p10         =  5.90310e-04
busy_c4_p11         =  7.38302e-04
smpl_c4_p11         =  1.80008e+00
busy_c5_p0          =  1.80007e+00
smpl_c5_p0          =  4.68521e-04
busy_c5_p1          =  1.80007e+00
smpl_c5_p1          =  5.71786e-04
busy_c5_p2          =  1.80007e+00
smpl_c5_p2          =  5.66481e-04
busy_c5_p3          =  1.80007e+00
smpl_c5_p3          =  5.67497e-04
busy_c5_p4          =  1.80007e+00
smpl_c5_p4          =  5.67646e-04
busy_c5_p5          =  1.80007e+00
smpl_c5_p5          =  5.67729e-04
busy_c5_p6          =  1.80007e+00
smpl_c5_p6          =  5.68860e-04
busy_c5_p7          =  1.80007e+00
smpl_c5_p7          =  5.71550e-04
busy_c5_p8          =  1.80007e+00
smpl_c5_p8          =  5.72909e-04
busy_c5_p9          =  1.80007e+00
smpl_c5_p9          =  5.60110e-04
busy_c5_p10         =  1.80009e+00
smpl_c5_p10         =  7.56221e-04
busy_c5_p11         =  7.39200e-04
smpl_c5_p11         =  1.80008e+00
i_vdd               =  -2.09465e-06 from=  3.20000e-06 to=  4.20010e-06
i_vpwr              =  -6.94773e-06 from=  3.20000e-06 to=  4.20010e-06
i_vrefp             =  -6.47043e-06 from=  3.20000e-06 to=  4.20010e-06
i_vrefn             =  6.45532e-06 from=  3.20000e-06 to=  4.20010e-06
i_vcm               =  1.30145e-08 from=  3.20000e-06 to=  4.20010e-06
gnd_die_pp          =  7.69402e-03 from=  3.20000e-06 to=  4.20000e-06
gnd_die_max         =  7.53587e-03 at=  4.11760e-06
gnd_die_min         =  -1.58144e-04 at=  3.40818e-06
vgnd_die_pp         =  9.79464e-03 from=  3.20000e-06 to=  4.20000e-06
vgnd_die_max        =  9.36369e-03 at=  3.86717e-06
vgnd_die_min        =  -4.30944e-04 at=  4.15818e-06
vdd_die_pp          =  0.00000e+00 from=  3.20000e-06 to=  4.20000e-06
vdd_die_max         =  1.80000e+00 at=  4.19985e-06
vdd_die_min         =  1.80000e+00 at=  4.19985e-06
vpwr_die_pp         =  0.00000e+00 from=  3.20000e-06 to=  4.20000e-06
vpwr_die_max        =  1.80000e+00 at=  4.19985e-06
vpwr_die_min        =  1.80000e+00 at=  4.19985e-06
i_gnda              =  3.75450e-06 from=  3.20000e-06 to=  4.20010e-06


Total analysis time (seconds) = 395.859

Total elapsed time (seconds) = 448.793 

Total DRAM available = 98304.000 MB.
DRAM currently available = 10133.188 MB.
Maximum ngspice program size =  820.625 MB.
Current ngspice program size =  820.625 MB.

