
Note: Compatibility modes selected: hs a


Circuit: * sim/supply-impedance-sensitivity -- ground/supply-return impedance

option SCALE: Scale is set to 1e-06 for instance and model parameters
option SCALE: Scale is set to 1e-06 for instance and model parameters
option SCALE: Scale is set to 1e-06 for instance and model parameters
option SCALE: Scale is set to 1e-06 for instance and model parameters
Doing analysis at TEMP = 27.000000 and TNOM = 27.000000

Using KLU as Direct Linear Solver
 Reference value :  0.00000e+00
 Reference value :  8.14000e-09
 Reference value :  1.95700e-08
 Reference value :  2.42500e-08
 Reference value :  3.32500e-08
 Reference value :  4.22500e-08
 Reference value :  5.02500e-08
 Reference value :  5.82500e-08
 Reference value :  6.72500e-08
 Reference value :  7.52500e-08
 Reference value :  8.32500e-08
 Reference value :  9.22500e-08
 Reference value :  1.01250e-07
 Reference value :  1.09250e-07
 Reference value :  1.17750e-07
 Reference value :  1.25750e-07
 Reference value :  1.33750e-07
 Reference value :  1.44750e-07
 Reference value :  1.57250e-07
 Reference value :  1.69750e-07
 Reference value :  1.81750e-07
 Reference value :  1.93750e-07
 Reference value :  2.00138e-07
 Reference value :  2.00773e-07
 Reference value :  2.01644e-07
 Reference value :  2.09474e-07
 Reference value :  2.17974e-07
 Reference value :  2.26474e-07
 Reference value :  2.35474e-07
 Reference value :  2.41842e-07
 Reference value :  2.43315e-07
 Reference value :  2.45566e-07
 Reference value :  2.53566e-07
 Reference value :  2.61566e-07
 Reference value :  2.70066e-07
 Reference value :  2.78066e-07
 Reference value :  2.83445e-07
 Reference value :  2.83995e-07
 Reference value :  2.84819e-07
 Reference value :  2.87835e-07
 Reference value :  2.94835e-07
 Reference value :  3.03335e-07
 Reference value :  3.11335e-07
 Reference value :  3.20335e-07
 Reference value :  3.25175e-07
 Reference value :  3.27638e-07
 Reference value :  3.36138e-07
 Reference value :  3.45138e-07
 Reference value :  3.53138e-07
 Reference value :  3.61138e-07
 Reference value :  3.66793e-07
 Reference value :  3.67659e-07
 Reference value :  3.73614e-07
 Reference value :  3.82114e-07
 Reference value :  3.90614e-07
 Reference value :  3.98614e-07
 Reference value :  4.07114e-07
 Reference value :  4.09407e-07
 Reference value :  4.12874e-07
 Reference value :  4.18374e-07
 Reference value :  4.26374e-07
 Reference value :  4.35374e-07
 Reference value :  4.44374e-07
 Reference value :  4.50126e-07
 Reference value :  4.51111e-07
 Reference value :  4.53286e-07
 Reference value :  4.60286e-07
 Reference value :  4.68286e-07
 Reference value :  4.77286e-07
 Reference value :  4.85286e-07
 Reference value :  4.91842e-07
 Reference value :  4.94334e-07
 Reference value :  5.02334e-07
 Reference value :  5.10334e-07
 Reference value :  5.18834e-07
 Reference value :  5.27334e-07
 Reference value :  5.33460e-07
 Reference value :  5.34325e-07
 Reference value :  5.39971e-07
 Reference value :  5.47971e-07
 Reference value :  5.55971e-07
 Reference value :  5.64471e-07
 Reference value :  5.71971e-07
 Reference value :  5.75545e-07
 Reference value :  5.78606e-07
 Reference value :  5.86106e-07
 Reference value :  5.91106e-07
 Reference value :  5.98106e-07
 Reference value :  6.06606e-07
 Reference value :  6.14606e-07
 Reference value :  6.16979e-07
 Reference value :  6.17895e-07
 Reference value :  6.20936e-07
 Reference value :  6.28436e-07
 Reference value :  6.36936e-07
 Reference value :  6.44936e-07
 Reference value :  6.53436e-07
 Reference value :  6.58833e-07
 Reference value :  6.61463e-07
 Reference value :  6.69463e-07
 Reference value :  6.77963e-07
 Reference value :  6.85963e-07
 Reference value :  6.93963e-07
 Reference value :  6.98463e-07
 Reference value :  7.00297e-07
 Reference value :  7.01142e-07
 Reference value :  7.04594e-07
 Reference value :  7.12594e-07
 Reference value :  7.20594e-07
 Reference value :  7.29594e-07
 Reference value :  7.38594e-07
 Reference value :  7.42167e-07
 Reference value :  7.44811e-07
 Reference value :  7.53311e-07
 Reference value :  7.61811e-07
 Reference value :  7.70311e-07
 Reference value :  7.78311e-07
 Reference value :  7.83418e-07
 Reference value :  7.84139e-07
 Reference value :  7.90045e-07
 Reference value :  7.98045e-07
 Reference value :  8.06045e-07
 Reference value :  8.14045e-07
 Reference value :  8.23045e-07
 Reference value :  8.25813e-07
 Reference value :  8.31136e-07
 Reference value :  8.39636e-07
 Reference value :  8.48136e-07
 Reference value :  8.56136e-07
 Reference value :  8.64136e-07
 Reference value :  8.66959e-07
 Reference value :  8.67342e-07
 Reference value :  8.71257e-07
 Reference value :  8.79757e-07
 Reference value :  8.87757e-07
 Reference value :  8.96757e-07
 Reference value :  9.05257e-07
 Reference value :  9.08878e-07
 Reference value :  9.12465e-07
 Reference value :  9.20465e-07
 Reference value :  9.28965e-07
 Reference value :  9.36965e-07
 Reference value :  9.44965e-07
 Reference value :  9.50085e-07
 Reference value :  9.50808e-07
 Reference value :  9.55881e-07
 Reference value :  9.63881e-07
 Reference value :  9.71881e-07
 Reference value :  9.79881e-07
 Reference value :  9.87881e-07
 Reference value :  9.92167e-07
 Reference value :  9.94797e-07
 Reference value :  1.00330e-06
 Reference value :  1.01180e-06
 Reference value :  1.01980e-06
 Reference value :  1.02780e-06
 Reference value :  1.03288e-06
 Reference value :  1.03407e-06
 Reference value :  1.03585e-06
 Reference value :  1.04385e-06
 Reference value :  1.05235e-06
 Reference value :  1.06085e-06
 Reference value :  1.06935e-06
 Reference value :  1.07517e-06
 Reference value :  1.07714e-06
 Reference value :  1.08613e-06
 Reference value :  1.09463e-06
 Reference value :  1.10313e-06
 Reference value :  1.11163e-06
 Reference value :  1.11675e-06
 Reference value :  1.11756e-06
 Reference value :  1.11988e-06
 Reference value :  1.12838e-06
 Reference value :  1.13688e-06
 Reference value :  1.14538e-06
 Reference value :  1.15388e-06
 Reference value :  1.15888e-06
 Reference value :  1.16020e-06
 Reference value :  1.16689e-06
 Reference value :  1.17539e-06
 Reference value :  1.18339e-06
 Reference value :  1.19239e-06
 Reference value :  1.19965e-06
 Reference value :  1.20032e-06
 Reference value :  1.20098e-06
 Reference value :  1.20212e-06
 Reference value :  1.20812e-06
 Reference value :  1.21562e-06
 Reference value :  1.22362e-06
 Reference value :  1.23162e-06
 Reference value :  1.23962e-06
 Reference value :  1.24248e-06
 Reference value :  1.24379e-06
 Reference value :  1.24929e-06
 Reference value :  1.25679e-06
 Reference value :  1.26529e-06
 Reference value :  1.27379e-06
 Reference value :  1.28179e-06
 Reference value :  1.28364e-06
 Reference value :  1.28435e-06
 Reference value :  1.28495e-06
 Reference value :  1.28921e-06
 Reference value :  1.29771e-06
 Reference value :  1.30621e-06
 Reference value :  1.31471e-06
 Reference value :  1.32321e-06
 Reference value :  1.32581e-06
 Reference value :  1.32849e-06
 Reference value :  1.33549e-06
 Reference value :  1.34149e-06
 Reference value :  1.34899e-06
 Reference value :  1.35749e-06
 Reference value :  1.36583e-06
 Reference value :  1.36717e-06
 Reference value :  1.36801e-06
 Reference value :  1.37194e-06
 Reference value :  1.37944e-06
 Reference value :  1.38744e-06
 Reference value :  1.39594e-06
 Reference value :  1.40494e-06
 Reference value :  1.40888e-06
 Reference value :  1.41489e-06
 Reference value :  1.42289e-06
 Reference value :  1.43089e-06
 Reference value :  1.43889e-06
 Reference value :  1.44689e-06
 Reference value :  1.45013e-06
 Reference value :  1.45080e-06
 Reference value :  1.45646e-06
 Reference value :  1.46446e-06
 Reference value :  1.47246e-06
 Reference value :  1.48096e-06
 Reference value :  1.48896e-06
 Reference value :  1.49230e-06
 Reference value :  1.49740e-06
 Reference value :  1.50590e-06
 Reference value :  1.51440e-06
 Reference value :  1.52240e-06
 Reference value :  1.53090e-06
 Reference value :  1.53365e-06
 Reference value :  1.53477e-06
 Reference value :  1.54176e-06
 Reference value :  1.54976e-06
 Reference value :  1.55826e-06
 Reference value :  1.56676e-06
 Reference value :  1.57450e-06
 Reference value :  1.57609e-06
 Reference value :  1.58563e-06
 Reference value :  1.59363e-06
 Reference value :  1.60213e-06
 Reference value :  1.60963e-06
 Reference value :  1.61632e-06
 Reference value :  1.61728e-06
 Reference value :  1.61914e-06
 Reference value :  1.62714e-06
 Reference value :  1.63514e-06
 Reference value :  1.64364e-06
 Reference value :  1.65164e-06
 Reference value :  1.65818e-06
 Reference value :  1.66008e-06
 Reference value :  1.66744e-06
 Reference value :  1.67494e-06
 Reference value :  1.67944e-06
 Reference value :  1.68694e-06
 Reference value :  1.69494e-06
 Reference value :  1.70009e-06
 Reference value :  1.70112e-06
 Reference value :  1.70285e-06
 Reference value :  1.70985e-06
 Reference value :  1.71835e-06
 Reference value :  1.72685e-06
 Reference value :  1.74122e-06
 Reference value :  1.74307e-06
 Reference value :  1.74879e-06
 Reference value :  1.75679e-06
 Reference value :  1.76429e-06
 Reference value :  1.76979e-06
 Reference value :  1.77579e-06
 Reference value :  1.78283e-06
 Reference value :  1.78385e-06
 Reference value :  1.78450e-06
 Reference value :  1.78762e-06
 Reference value :  1.79562e-06
 Reference value :  1.80362e-06
 Reference value :  1.81162e-06
 Reference value :  1.82012e-06
 Reference value :  1.82517e-06
 Reference value :  1.82713e-06
 Reference value :  1.83513e-06
 Reference value :  1.84363e-06
 Reference value :  1.85163e-06
 Reference value :  1.86013e-06
 Reference value :  1.86590e-06
 Reference value :  1.86717e-06
 Reference value :  1.86765e-06
 Reference value :  1.86889e-06
 Reference value :  1.87539e-06
 Reference value :  1.88339e-06
 Reference value :  1.89189e-06
 Reference value :  1.90039e-06
 Reference value :  1.90798e-06
 Reference value :  1.90974e-06
 Reference value :  1.91596e-06
 Reference value :  1.92446e-06
 Reference value :  1.93246e-06
 Reference value :  1.94046e-06
 Reference value :  1.94846e-06
 Reference value :  1.95011e-06
 Reference value :  1.95059e-06
 Reference value :  1.95110e-06
 Reference value :  1.95377e-06
 Reference value :  1.96077e-06
 Reference value :  1.96927e-06
 Reference value :  1.97627e-06
 Reference value :  1.98427e-06
 Reference value :  1.99132e-06
 Reference value :  1.99307e-06
 Reference value :  1.99980e-06
 Reference value :  2.00780e-06
 Reference value :  2.01630e-06
 Reference value :  2.02430e-06
 Reference value :  2.03230e-06
 Reference value :  2.03383e-06
 Reference value :  2.03482e-06
 Reference value :  2.04161e-06
 Reference value :  2.04961e-06
 Reference value :  2.05811e-06
 Reference value :  2.06611e-06
 Reference value :  2.07455e-06
 Reference value :  2.07608e-06
 Reference value :  2.08263e-06
 Reference value :  2.09113e-06
 Reference value :  2.09913e-06
 Reference value :  2.10763e-06
 Reference value :  2.11563e-06
 Reference value :  2.11717e-06
 Reference value :  2.11786e-06
 Reference value :  2.12141e-06
 Reference value :  2.12941e-06
 Reference value :  2.13791e-06
 Reference value :  2.14691e-06
 Reference value :  2.15491e-06
 Reference value :  2.15898e-06
 Reference value :  2.16017e-06
 Reference value :  2.16486e-06
 Reference value :  2.17236e-06
 Reference value :  2.18036e-06
 Reference value :  2.18886e-06
 Reference value :  2.19736e-06
 Reference value :  2.20014e-06
 Reference value :  2.20077e-06
 Reference value :  2.20195e-06
 Reference value :  2.20943e-06
 Reference value :  2.21793e-06
 Reference value :  2.22693e-06
 Reference value :  2.23543e-06
 Reference value :  2.24184e-06
 Reference value :  2.24332e-06
 Reference value :  2.24630e-06
 Reference value :  2.25380e-06
 Reference value :  2.26230e-06
 Reference value :  2.27030e-06
 Reference value :  2.27830e-06
 Reference value :  2.28344e-06
 Reference value :  2.28400e-06
 Reference value :  2.28482e-06
 Reference value :  2.28965e-06
 Reference value :  2.29715e-06
 Reference value :  2.30515e-06
 Reference value :  2.31365e-06
 Reference value :  2.32215e-06
 Reference value :  2.32563e-06
 Reference value :  2.32911e-06
 Reference value :  2.33711e-06
 Reference value :  2.34411e-06
 Reference value :  2.35261e-06
 Reference value :  2.36111e-06
 Reference value :  2.36679e-06
 Reference value :  2.36747e-06
 Reference value :  2.36903e-06
 Reference value :  2.37703e-06
 Reference value :  2.38553e-06
 Reference value :  2.39403e-06
 Reference value :  2.40203e-06
 Reference value :  2.40851e-06
 Reference value :  2.41045e-06
 Reference value :  2.41845e-06
 Reference value :  2.42495e-06
 Reference value :  2.43095e-06
 Reference value :  2.43945e-06
 Reference value :  2.44795e-06
 Reference value :  2.45031e-06
 Reference value :  2.45122e-06
 Reference value :  2.45425e-06
 Reference value :  2.46125e-06
 Reference value :  2.46925e-06
 Reference value :  2.47725e-06
 Reference value :  2.48575e-06
 Reference value :  2.49184e-06
 Reference value :  2.49428e-06
 Reference value :  2.50178e-06
 Reference value :  2.50878e-06
 Reference value :  2.51678e-06
 Reference value :  2.52528e-06
 Reference value :  2.53288e-06
 Reference value :  2.53387e-06
 Reference value :  2.53467e-06
 Reference value :  2.54120e-06
 Reference value :  2.54920e-06
 Reference value :  2.55820e-06
 Reference value :  2.56670e-06
 Reference value :  2.57450e-06
 Reference value :  2.57608e-06
 Reference value :  2.58162e-06
 Reference value :  2.58912e-06
 Reference value :  2.59562e-06
 Reference value :  2.60412e-06
 Reference value :  2.61212e-06
 Reference value :  2.61679e-06
 Reference value :  2.61766e-06
 Reference value :  2.62006e-06
 Reference value :  2.62856e-06
 Reference value :  2.63656e-06
 Reference value :  2.64556e-06
 Reference value :  2.65406e-06
 Reference value :  2.65883e-06
 Reference value :  2.66146e-06
 Reference value :  2.66946e-06
 Reference value :  2.67546e-06
 Reference value :  2.68246e-06
 Reference value :  2.69046e-06
 Reference value :  2.69896e-06
 Reference value :  2.70050e-06
 Reference value :  2.70111e-06
 Reference value :  2.70530e-06
 Reference value :  2.71380e-06
 Reference value :  2.72180e-06
 Reference value :  2.72980e-06
 Reference value :  2.73780e-06
 Reference value :  2.74217e-06
 Reference value :  2.74479e-06
 Reference value :  2.75279e-06
 Reference value :  2.75879e-06
 Reference value :  2.76729e-06
 Reference value :  2.77529e-06
 Reference value :  2.78288e-06
 Reference value :  2.78383e-06
 Reference value :  2.78452e-06
 Reference value :  2.79105e-06
 Reference value :  2.79905e-06
 Reference value :  2.80705e-06
 Reference value :  2.81605e-06
 Reference value :  2.82450e-06
 Reference value :  2.82608e-06
 Reference value :  2.83112e-06
 Reference value :  2.83862e-06
 Reference value :  2.84462e-06
 Reference value :  2.85262e-06
 Reference value :  2.86112e-06
 Reference value :  2.86675e-06
 Reference value :  2.86724e-06
 Reference value :  2.86806e-06
 Reference value :  2.87469e-06
 Reference value :  2.88269e-06
 Reference value :  2.89119e-06
 Reference value :  2.89919e-06
 Reference value :  2.90719e-06
 Reference value :  2.90941e-06
 Reference value :  2.91445e-06
 Reference value :  2.92195e-06
 Reference value :  2.92795e-06
 Reference value :  2.93695e-06
 Reference value :  2.94545e-06
 Reference value :  2.95025e-06
 Reference value :  2.95065e-06
 Reference value :  2.95177e-06
 Reference value :  2.95975e-06
 Reference value :  2.96825e-06
 Reference value :  2.97675e-06
 Reference value :  2.98475e-06
 Reference value :  2.99152e-06
 Reference value :  2.99342e-06
 Reference value :  3.00079e-06
 Reference value :  3.00829e-06
 Reference value :  3.01429e-06
 Reference value :  3.02279e-06
 Reference value :  3.03079e-06
 Reference value :  3.03363e-06
 Reference value :  3.03441e-06
 Reference value :  3.03892e-06
 Reference value :  3.04842e-06
 Reference value :  3.05692e-06
 Reference value :  3.06492e-06
 Reference value :  3.07342e-06
 Reference value :  3.07581e-06
 Reference value :  3.07962e-06
 Reference value :  3.08812e-06
 Reference value :  3.09362e-06
 Reference value :  3.10112e-06
 Reference value :  3.10912e-06
 Reference value :  3.11632e-06
 Reference value :  3.11655e-06
 Reference value :  3.11745e-06
 Reference value :  3.11842e-06
 Reference value :  3.12666e-06
 Reference value :  3.13466e-06
 Reference value :  3.14266e-06
 Reference value :  3.15066e-06
 Reference value :  3.15798e-06
 Reference value :  3.16049e-06
 Reference value :  3.16248e-06
 Reference value :  3.17034e-06
 Reference value :  3.17834e-06
 Reference value :  3.18634e-06
 Reference value :  3.19484e-06
 Reference value :  3.20014e-06
 Reference value :  3.20088e-06
 Reference value :  3.20243e-06
 Reference value :  3.21093e-06
 Reference value :  3.21943e-06
 Reference value :  3.22743e-06
 Reference value :  3.23593e-06
 Reference value :  3.24184e-06
 Reference value :  3.24377e-06
 Reference value :  3.24596e-06
 Reference value :  3.25277e-06
 Reference value :  3.26177e-06
 Reference value :  3.26977e-06
 Reference value :  3.27827e-06
 Reference value :  3.28344e-06
 Reference value :  3.28399e-06
 Reference value :  3.28502e-06
 Reference value :  3.29022e-06
 Reference value :  3.29772e-06
 Reference value :  3.30472e-06
 Reference value :  3.31272e-06
 Reference value :  3.32072e-06
 Reference value :  3.32550e-06
 Reference value :  3.32741e-06
 Reference value :  3.33376e-06
 Reference value :  3.34226e-06
 Reference value :  3.35026e-06
 Reference value :  3.35876e-06
 Reference value :  3.36632e-06
 Reference value :  3.36720e-06
 Reference value :  3.36802e-06
 Reference value :  3.37403e-06
 Reference value :  3.38203e-06
 Reference value :  3.39003e-06
 Reference value :  3.39853e-06
 Reference value :  3.40653e-06
 Reference value :  3.40941e-06
 Reference value :  3.41209e-06
 Reference value :  3.42009e-06
 Reference value :  3.42809e-06
 Reference value :  3.43659e-06
 Reference value :  3.44509e-06
 Reference value :  3.45013e-06
 Reference value :  3.45080e-06
 Reference value :  3.45187e-06
 Reference value :  3.45987e-06
 Reference value :  3.46787e-06
 Reference value :  3.47637e-06
 Reference value :  3.48437e-06
 Reference value :  3.49152e-06
 Reference value :  3.49339e-06
 Reference value :  3.49844e-06
 Reference value :  3.50644e-06
 Reference value :  3.51494e-06
 Reference value :  3.52294e-06
 Reference value :  3.53144e-06
 Reference value :  3.53383e-06
 Reference value :  3.53457e-06
 Reference value :  3.54020e-06
 Reference value :  3.54820e-06
 Reference value :  3.55670e-06
 Reference value :  3.56470e-06
 Reference value :  3.57320e-06
 Reference value :  3.57581e-06
 Reference value :  3.57830e-06
 Reference value :  3.58580e-06
 Reference value :  3.59480e-06
 Reference value :  3.60330e-06
 Reference value :  3.61180e-06
 Reference value :  3.61679e-06
 Reference value :  3.61766e-06
 Reference value :  3.62053e-06
 Reference value :  3.62953e-06
 Reference value :  3.63803e-06
 Reference value :  3.64653e-06
 Reference value :  3.65453e-06
 Reference value :  3.65888e-06
 Reference value :  3.66077e-06
 Reference value :  3.66759e-06
 Reference value :  3.67609e-06
 Reference value :  3.68459e-06
 Reference value :  3.69309e-06
 Reference value :  3.70009e-06
 Reference value :  3.70079e-06
 Reference value :  3.70181e-06
 Reference value :  3.70981e-06
 Reference value :  3.71781e-06
 Reference value :  3.72631e-06
 Reference value :  3.73431e-06
 Reference value :  3.74152e-06
 Reference value :  3.74341e-06
 Reference value :  3.74488e-06
 Reference value :  3.75173e-06
 Reference value :  3.75973e-06
 Reference value :  3.76823e-06
 Reference value :  3.77673e-06
 Reference value :  3.78342e-06
 Reference value :  3.78404e-06
 Reference value :  3.78548e-06
 Reference value :  3.79398e-06
 Reference value :  3.80248e-06
 Reference value :  3.81048e-06
 Reference value :  3.81898e-06
 Reference value :  3.82517e-06
 Reference value :  3.82710e-06
 Reference value :  3.82858e-06
 Reference value :  3.83597e-06
 Reference value :  3.84397e-06
 Reference value :  3.85197e-06
 Reference value :  3.85997e-06
 Reference value :  3.86675e-06
 Reference value :  3.86724e-06
 Reference value :  3.86792e-06
 Reference value :  3.87355e-06
 Reference value :  3.88155e-06
 Reference value :  3.88955e-06
 Reference value :  3.89855e-06
 Reference value :  3.90705e-06
 Reference value :  3.90941e-06
 Reference value :  3.91116e-06
 Reference value :  3.91676e-06
 Reference value :  3.92476e-06
 Reference value :  3.93276e-06
 Reference value :  3.94176e-06
 Reference value :  3.94950e-06
 Reference value :  3.95051e-06
 Reference value :  3.95106e-06
 Reference value :  3.95519e-06
 Reference value :  3.96369e-06
 Reference value :  3.97269e-06
 Reference value :  3.98069e-06
 Reference value :  3.98869e-06
 Reference value :  3.99221e-06
 Reference value :  3.99453e-06
 Reference value :  4.00010e-06
 Reference value :  4.00860e-06
 Reference value :  4.01660e-06
 Reference value :  4.02460e-06
 Reference value :  4.03288e-06
 Reference value :  4.03387e-06
 Reference value :  4.03428e-06
 Reference value :  4.03665e-06
 Reference value :  4.04515e-06
 Reference value :  4.05265e-06
 Reference value :  4.06115e-06
 Reference value :  4.06865e-06
 Reference value :  4.07517e-06
 Reference value :  4.07745e-06
 Reference value :  4.07999e-06
 Reference value :  4.08849e-06
 Reference value :  4.09699e-06
 Reference value :  4.10499e-06
 Reference value :  4.11449e-06
 Reference value :  4.11723e-06
 Reference value :  4.11789e-06
 Reference value :  4.12349e-06
 Reference value :  4.13149e-06
 Reference value :  4.14049e-06
 Reference value :  4.14899e-06
 Reference value :  4.15741e-06
 Reference value :  4.15975e-06
 Reference value :  4.16001e-06
 Reference value :  4.16416e-06
 Reference value :  4.17116e-06
 Reference value :  4.17916e-06
 Reference value :  4.18716e-06
 Reference value :  4.19566e-06
 Reference value :  4.20014e-06
 Reference value :  4.20077e-06
 Reference value :  4.20160e-06
 Reference value :  4.20941e-06
 Reference value :  4.21791e-06
 Reference value :  4.22591e-06
 Reference value :  4.23391e-06
 Reference value :  4.24122e-06
 Reference value :  4.24306e-06
 Reference value :  4.24408e-06
 Reference value :  4.25026e-06
 Reference value :  4.25826e-06
 Reference value :  4.26676e-06
 Reference value :  4.27476e-06
 Reference value :  4.28255e-06
 Reference value :  4.28383e-06
 Reference value :  4.28422e-06
 Reference value :  4.28597e-06
 Reference value :  4.29497e-06
 Reference value :  4.30397e-06
 Reference value :  4.31247e-06
 Reference value :  4.32097e-06
 Reference value :  4.32550e-06
 Reference value :  4.32811e-06
 Reference value :  4.33611e-06
 Reference value :  4.34261e-06
 Reference value :  4.34761e-06
 Reference value :  4.35561e-06
 Reference value :  4.36361e-06
 Reference value :  4.36679e-06
 Reference value :  4.36780e-06
 Reference value :  4.36884e-06
 Reference value :  4.37458e-06
 Reference value :  4.38208e-06
 Reference value :  4.39058e-06
 Reference value :  4.39958e-06
 Reference value :  4.40783e-06
 Reference value :  4.40941e-06
 Reference value :  4.41495e-06
 Reference value :  4.42345e-06
 Reference value :  4.42995e-06
 Reference value :  4.43895e-06
 Reference value :  4.44695e-06
 Reference value :  4.45012e-06
 Reference value :  4.45110e-06
 Reference value :  4.45671e-06
 Reference value :  4.46471e-06
 Reference value :  4.47321e-06
 Reference value :  4.48171e-06
 Reference value :  4.48971e-06
 Reference value :  4.49248e-06
 Reference value :  4.49628e-06
 Reference value :  4.50478e-06
 Reference value :  4.50928e-06
 Reference value :  4.51478e-06
 Reference value :  4.52228e-06
 Reference value :  4.53078e-06
 Reference value :  4.53365e-06
 Reference value :  4.53447e-06
 Reference value :  4.53626e-06
 Reference value :  4.54276e-06
 Reference value :  4.54976e-06
 Reference value :  4.55826e-06
 Reference value :  4.56676e-06
 Reference value :  4.57455e-06
 Reference value :  4.57608e-06
 Reference value :  4.58162e-06
 Reference value :  4.58962e-06
 Reference value :  4.59312e-06
 Reference value :  4.59912e-06
 Reference value :  4.60712e-06
 Reference value :  4.61562e-06
 Reference value :  4.61728e-06
 Reference value :  4.61801e-06
 Reference value :  4.62317e-06
 Reference value :  4.63217e-06
 Reference value :  4.64317e-06
 Reference value :  4.65367e-06
 Reference value :  4.65897e-06
 Reference value :  4.66546e-06
 Reference value :  4.67496e-06
 Reference value :  4.68546e-06
 Reference value :  4.69596e-06
 Reference value :  4.70009e-06
 Reference value :  4.70078e-06
 Reference value :  4.70130e-06
 Reference value :  4.70485e-06
 Reference value :  4.71235e-06
 Reference value :  4.72035e-06
 Reference value :  4.72885e-06
 Reference value :  4.73785e-06
 Reference value :  4.74217e-06
 Reference value :  4.74479e-06
 Reference value :  4.75229e-06
 Reference value :  4.75829e-06
 Reference value :  4.76379e-06
 Reference value :  4.77179e-06
 Reference value :  4.77979e-06
 Reference value :  4.78342e-06
 Reference value :  4.78404e-06
 Reference value :  4.78484e-06
 Reference value :  4.79034e-06
 Reference value :  4.79684e-06
 Reference value :  4.80534e-06
 Reference value :  4.81334e-06
 Reference value :  4.82234e-06
 Reference value :  4.82563e-06
 Reference value :  4.83462e-06
 Reference value :  4.84362e-06
 Reference value :  4.85512e-06
 Reference value :  4.86652e-06
 Reference value :  4.86734e-06
 Reference value :  4.86989e-06
 Reference value :  4.87989e-06
 Reference value :  4.89089e-06
 Reference value :  4.89889e-06
 Reference value :  4.90689e-06
 Reference value :  4.90915e-06
 Reference value :  4.91295e-06
 Reference value :  4.92095e-06
 Reference value :  4.92595e-06
 Reference value :  4.93145e-06
 Reference value :  4.93995e-06
 Reference value :  4.94795e-06
 Reference value :  4.95053e-06
 Reference value :  4.95113e-06
 Reference value :  4.95269e-06
 Reference value :  4.95919e-06
 Reference value :  4.96619e-06
 Reference value :  4.97419e-06
 Reference value :  4.98269e-06
 Reference value :  4.99117e-06
 Reference value :  4.99275e-06
 Reference value :  4.99829e-06
 Reference value :  5.00629e-06
 Reference value :  5.01229e-06
 Reference value :  5.02029e-06
 Reference value :  5.02879e-06
 Reference value :  5.03347e-06
 Reference value :  5.03457e-06
 Reference value :  5.04062e-06
 Reference value :  5.04912e-06
 Reference value :  5.05762e-06
 Reference value :  5.06562e-06
 Reference value :  5.07406e-06
 Reference value :  5.07608e-06
 Reference value :  5.08212e-06
 Reference value :  5.09062e-06
 Reference value :  5.09662e-06
 Reference value :  5.10512e-06
 Reference value :  5.11312e-06
 Reference value :  5.11675e-06
 Reference value :  5.11756e-06
 Reference value :  5.11876e-06
 Reference value :  5.12716e-06
 Reference value :  5.13566e-06
 Reference value :  5.14366e-06
 Reference value :  5.15216e-06
 Reference value :  5.15851e-06
 Reference value :  5.15999e-06
 Reference value :  5.16490e-06
 Reference value :  5.17340e-06
 Reference value :  5.18190e-06
 Reference value :  5.18990e-06
 Reference value :  5.19790e-06
 Reference value :  5.20032e-06
 Reference value :  5.20098e-06
 Reference value :  5.20267e-06
 Reference value :  5.21317e-06
 Reference value :  5.22117e-06
 Reference value :  5.23017e-06
 Reference value :  5.23817e-06
 Reference value :  5.24217e-06
 Reference value :  5.24356e-06
 Reference value :  5.24880e-06
 Reference value :  5.25730e-06
 Reference value :  5.26580e-06
 Reference value :  5.27430e-06
 Reference value :  5.28256e-06
 Reference value :  5.28383e-06
 Reference value :  5.28450e-06
 Reference value :  5.28903e-06
 Reference value :  5.29753e-06
 Reference value :  5.30553e-06
 Reference value :  5.31353e-06
 Reference value :  5.32153e-06
 Reference value :  5.32554e-06
 Reference value :  5.32799e-06
 Reference value :  5.33499e-06
 Reference value :  5.34149e-06
 Reference value :  5.34949e-06
 Reference value :  5.35749e-06
 Reference value :  5.36549e-06
 Reference value :  5.36717e-06
 Reference value :  5.36813e-06
 Reference value :  5.37540e-06
 Reference value :  5.38340e-06
 Reference value :  5.39140e-06
 Reference value :  5.39940e-06
 Reference value :  5.40737e-06
 Reference value :  5.40989e-06
 Reference value :  5.41739e-06
 Reference value :  5.42539e-06
 Reference value :  5.43389e-06
 Reference value :  5.44239e-06
 Reference value :  5.44955e-06
 Reference value :  5.45054e-06
 Reference value :  5.45579e-06
 Reference value :  5.46379e-06
 Reference value :  5.47179e-06
 Reference value :  5.48329e-06
 Reference value :  5.49221e-06
 Reference value :  5.50322e-06
 Reference value :  5.51172e-06
 Reference value :  5.51972e-06
 Reference value :  5.52772e-06
 Reference value :  5.53346e-06
 Reference value :  5.53513e-06
 Reference value :  5.54363e-06
 Reference value :  5.55163e-06
 Reference value :  5.56013e-06
 Reference value :  5.56813e-06
 Reference value :  5.57485e-06
 Reference value :  5.57755e-06
 Reference value :  5.58555e-06
 Reference value :  5.59405e-06
 Reference value :  5.60255e-06
 Reference value :  5.61105e-06
 Reference value :  5.61679e-06
 Reference value :  5.61882e-06
 Reference value :  5.62682e-06
 Reference value :  5.63482e-06
 Reference value :  5.64282e-06
 Reference value :  5.65082e-06
 Reference value :  5.65788e-06
 Reference value :  5.66088e-06
 Reference value :  5.66938e-06
 Reference value :  5.67788e-06
 Reference value :  5.68588e-06
 Reference value :  5.69388e-06
 Reference value :  5.70012e-06
 Reference value :  5.70210e-06
 Reference value :  5.71010e-06
 Reference value :  5.71810e-06
 Reference value :  5.72610e-06
 Reference value :  5.73410e-06
 Reference value :  5.74132e-06
 Reference value :  5.74422e-06
 Reference value :  5.75222e-06
 Reference value :  5.76022e-06
 Reference value :  5.76872e-06
 Reference value :  5.77672e-06
 Reference value :  5.78318e-06
 Reference value :  5.78389e-06
 Reference value :  5.79116e-06
 Reference value :  5.79916e-06
 Reference value :  5.80716e-06
 Reference value :  5.81516e-06
 Reference value :  5.82366e-06
 Reference value :  5.82617e-06
 Reference value :  5.83405e-06
 Reference value :  5.84255e-06
 Reference value :  5.85055e-06
 Reference value :  5.85855e-06
 Reference value :  5.86617e-06
 Reference value :  5.86717e-06
 Reference value :  5.86794e-06
 Reference value :  5.87627e-06
 Reference value :  5.88477e-06
 Reference value :  5.89277e-06
 Reference value :  5.90027e-06
 Reference value :  5.90783e-06
 Reference value :  5.90989e-06
 Reference value :  5.91788e-06
 Reference value :  5.92588e-06
 Reference value :  5.93388e-06
 Reference value :  5.94288e-06
 Reference value :  5.94965e-06
 Reference value :  5.95053e-06
 Reference value :  5.95586e-06
 Reference value :  5.96386e-06
 Reference value :  5.97236e-06
 Reference value :  5.98086e-06
 Reference value :  5.98886e-06
 Reference value :  5.99230e-06
 Reference value :  5.99972e-06
 Reference value :  6.00772e-06
 Reference value :  6.01572e-06
 Reference value :  6.02422e-06
 Reference value :  6.03222e-06
 Reference value :  6.03406e-06
 Reference value :  6.04011e-06
 Reference value :  6.04861e-06
 Reference value :  6.05661e-06
 Reference value :  6.06461e-06
 Reference value :  6.07311e-06
 Reference value :  6.07563e-06
 Reference value :  6.08255e-06
 Reference value :  6.09055e-06
 Reference value :  6.09855e-06
 Reference value :  6.10655e-06
 Reference value :  6.11455e-06
 Reference value :  6.11696e-06
 Reference value :  6.11757e-06
 Reference value :  6.12226e-06
 Reference value :  6.13076e-06
 Reference value :  6.13876e-06
 Reference value :  6.14676e-06
 Reference value :  6.15526e-06
 Reference value :  6.15918e-06
 Reference value :  6.16019e-06
 Reference value :  6.16637e-06
 Reference value :  6.17437e-06
 Reference value :  6.18287e-06
 Reference value :  6.19137e-06
 Reference value :  6.19918e-06
 Reference value :  6.20050e-06
 Reference value :  6.20107e-06
 Reference value :  6.20367e-06
 Reference value :  6.21217e-06
 Reference value :  6.22067e-06
 Reference value :  6.22867e-06
 Reference value :  6.23667e-06
 Reference value :  6.24184e-06
 Reference value :  6.24356e-06
 Reference value :  6.24880e-06
 Reference value :  6.25730e-06
 Reference value :  6.26580e-06
 Reference value :  6.27380e-06
 Reference value :  6.28230e-06
No. of Data Rows : 14186

  Measurements for Transient Analysis

d9_c1               =  1.76308e-03
d8_c1               =  1.96932e-03
d7_c1               =  1.80017e+00
d6_c1               =  1.80017e+00
d5_c1               =  1.80017e+00
d4_c1               =  1.96945e-03
d3_c1               =  1.96951e-03
d2_c1               =  1.96960e-03
d1_c1               =  1.96975e-03
d0_c1               =  1.80017e+00
d9_c2               =  1.38128e-03
d8_c2               =  1.80014e+00
d7_c2               =  1.55142e-03
d6_c2               =  1.80014e+00
d5_c2               =  1.80014e+00
d4_c2               =  1.80014e+00
d3_c2               =  1.80014e+00
d2_c2               =  1.80014e+00
d1_c2               =  1.80014e+00
d0_c2               =  1.80014e+00
d9_c3               =  1.28701e-03
d8_c3               =  1.80013e+00
d7_c3               =  1.80013e+00
d6_c3               =  1.80013e+00
d5_c3               =  1.80013e+00
d4_c3               =  1.80013e+00
d3_c3               =  1.80013e+00
d2_c3               =  1.80013e+00
d1_c3               =  1.80013e+00
d0_c3               =  1.80013e+00
d9_c4               =  1.80034e+00
d8_c4               =  1.68169e-03
d7_c4               =  1.80015e+00
d6_c4               =  1.68169e-03
d5_c4               =  1.68169e-03
d4_c4               =  1.68170e-03
d3_c4               =  1.68170e-03
d2_c4               =  1.68170e-03
d1_c4               =  1.68170e-03
d0_c4               =  1.80015e+00
d9_c5               =  1.80058e+00
d8_c5               =  1.80021e+00
d7_c5               =  1.80021e+00
d6_c5               =  1.80021e+00
d5_c5               =  1.80021e+00
d4_c5               =  1.80021e+00
d3_c5               =  1.80021e+00
d2_c5               =  1.80021e+00
d1_c5               =  1.80021e+00
d0_c5               =  1.80021e+00
busy_c1_p0          =  1.80010e+00
smpl_c1_p0          =  9.28012e-04
busy_c1_p1          =  1.80011e+00
smpl_c1_p1          =  1.21799e-03
busy_c1_p2          =  1.80011e+00
smpl_c1_p2          =  1.20700e-03
busy_c1_p3          =  1.80011e+00
smpl_c1_p3          =  1.22321e-03
busy_c1_p4          =  1.80011e+00
smpl_c1_p4          =  1.22411e-03
busy_c1_p5          =  1.80011e+00
smpl_c1_p5          =  1.22391e-03
busy_c1_p6          =  1.80011e+00
smpl_c1_p6          =  1.22265e-03
busy_c1_p7          =  1.80011e+00
smpl_c1_p7          =  1.22445e-03
busy_c1_p8          =  1.80011e+00
smpl_c1_p8          =  1.22660e-03
busy_c1_p9          =  1.80011e+00
smpl_c1_p9          =  1.19387e-03
busy_c1_p10         =  1.80013e+00
smpl_c1_p10         =  1.47347e-03
busy_c1_p11         =  1.37840e-03
smpl_c1_p11         =  1.80013e+00
busy_c2_p0          =  1.80010e+00
smpl_c2_p0          =  9.27553e-04
busy_c2_p1          =  1.80011e+00
smpl_c2_p1          =  1.21898e-03
busy_c2_p2          =  1.80011e+00
smpl_c2_p2          =  1.22261e-03
busy_c2_p3          =  1.80011e+00
smpl_c2_p3          =  1.22404e-03
busy_c2_p4          =  1.80011e+00
smpl_c2_p4          =  1.22515e-03
busy_c2_p5          =  1.80011e+00
smpl_c2_p5          =  1.22481e-03
busy_c2_p6          =  1.80011e+00
smpl_c2_p6          =  1.22132e-03
busy_c2_p7          =  1.80011e+00
smpl_c2_p7          =  1.22082e-03
busy_c2_p8          =  1.80011e+00
smpl_c2_p8          =  1.22053e-03
busy_c2_p9          =  1.80011e+00
smpl_c2_p9          =  1.18558e-03
busy_c2_p10         =  1.80011e+00
smpl_c2_p10         =  1.14270e-03
busy_c2_p11         =  1.37526e-03
smpl_c2_p11         =  1.80013e+00
busy_c3_p0          =  1.80010e+00
smpl_c3_p0          =  9.28209e-04
busy_c3_p1          =  1.80011e+00
smpl_c3_p1          =  1.21944e-03
busy_c3_p2          =  1.80011e+00
smpl_c3_p2          =  1.22289e-03
busy_c3_p3          =  1.80011e+00
smpl_c3_p3          =  1.22365e-03
busy_c3_p4          =  1.80011e+00
smpl_c3_p4          =  1.22348e-03
busy_c3_p5          =  1.80011e+00
smpl_c3_p5          =  1.22316e-03
busy_c3_p6          =  1.80011e+00
smpl_c3_p6          =  1.21970e-03
busy_c3_p7          =  1.80011e+00
smpl_c3_p7          =  1.21918e-03
busy_c3_p8          =  1.80011e+00
smpl_c3_p8          =  1.21888e-03
busy_c3_p9          =  1.80011e+00
smpl_c3_p9          =  1.18392e-03
busy_c3_p10         =  1.80010e+00
smpl_c3_p10         =  1.06041e-03
busy_c3_p11         =  1.37950e-03
smpl_c3_p11         =  1.80013e+00
busy_c4_p0          =  1.80010e+00
smpl_c4_p0          =  9.28543e-04
busy_c4_p1          =  1.80011e+00
smpl_c4_p1          =  1.14239e-03
busy_c4_p2          =  1.80011e+00
smpl_c4_p2          =  1.14472e-03
busy_c4_p3          =  1.80011e+00
smpl_c4_p3          =  1.14617e-03
busy_c4_p4          =  1.80011e+00
smpl_c4_p4          =  1.14711e-03
busy_c4_p5          =  1.80011e+00
smpl_c4_p5          =  1.14674e-03
busy_c4_p6          =  1.80011e+00
smpl_c4_p6          =  1.14353e-03
busy_c4_p7          =  1.80011e+00
smpl_c4_p7          =  1.14318e-03
busy_c4_p8          =  1.80011e+00
smpl_c4_p8          =  1.14285e-03
busy_c4_p9          =  1.80010e+00
smpl_c4_p9          =  1.10778e-03
busy_c4_p10         =  1.80011e+00
smpl_c4_p10         =  1.23012e-03
busy_c4_p11         =  1.38174e-03
smpl_c4_p11         =  1.80013e+00
busy_c5_p0          =  1.80010e+00
smpl_c5_p0          =  8.93173e-04
busy_c5_p1          =  1.80011e+00
smpl_c5_p1          =  1.14343e-03
busy_c5_p2          =  1.80011e+00
smpl_c5_p2          =  1.13101e-03
busy_c5_p3          =  1.80011e+00
smpl_c5_p3          =  1.13462e-03
busy_c5_p4          =  1.80011e+00
smpl_c5_p4          =  1.13578e-03
busy_c5_p5          =  1.80011e+00
smpl_c5_p5          =  1.13710e-03
busy_c5_p6          =  1.80011e+00
smpl_c5_p6          =  1.14000e-03
busy_c5_p7          =  1.80011e+00
smpl_c5_p7          =  1.13976e-03
busy_c5_p8          =  1.80011e+00
smpl_c5_p8          =  1.14258e-03
busy_c5_p9          =  1.80010e+00
smpl_c5_p9          =  1.10892e-03
busy_c5_p10         =  1.80015e+00
smpl_c5_p10         =  1.79230e-03
busy_c5_p11         =  1.38486e-03
smpl_c5_p11         =  1.80013e+00
i_vdd               =  -2.11564e-06 from=  3.20000e-06 to=  4.20014e-06
i_vpwr              =  -6.78599e-06 from=  3.20000e-06 to=  4.20014e-06
i_vrefp             =  -6.49731e-06 from=  3.20000e-06 to=  4.20014e-06
i_vrefn             =  6.48142e-06 from=  3.20000e-06 to=  4.20014e-06
i_vcm               =  1.24079e-08 from=  3.20000e-06 to=  4.20014e-06
gnd_die_pp          =  7.01985e-03 from=  3.20000e-06 to=  4.20000e-06
gnd_die_max         =  6.86938e-03 at=  4.11767e-06
gnd_die_min         =  -1.50473e-04 at=  4.15818e-06
vgnd_die_pp         =  1.02287e-02 from=  3.20000e-06 to=  4.20000e-06
vgnd_die_max        =  9.83370e-03 at=  3.86717e-06
vgnd_die_min        =  -3.94979e-04 at=  4.15818e-06
vdd_die_pp          =  0.00000e+00 from=  3.20000e-06 to=  4.20000e-06
vdd_die_max         =  1.80000e+00 at=  4.19985e-06
vdd_die_min         =  1.80000e+00 at=  4.19985e-06
vpwr_die_pp         =  0.00000e+00 from=  3.20000e-06 to=  4.20000e-06
vpwr_die_max        =  1.80000e+00 at=  4.19985e-06
vpwr_die_min        =  1.80000e+00 at=  4.19985e-06
i_gnda              =  3.70992e-06 from=  3.20000e-06 to=  4.20014e-06


Total analysis time (seconds) = 341

Total elapsed time (seconds) = 384.764 

Total DRAM available = 98304.000 MB.
DRAM currently available = 8506.781 MB.
Maximum ngspice program size =  821.344 MB.
Current ngspice program size =  821.344 MB.

