
Note: Compatibility modes selected: hs a


Circuit: * comparator-decision regen-time sweep -- vindiff=1.7578mv corner=tt temp=125c (issue #54)

option SCALE: Scale is set to 1e-06 for instance and model parameters
option SCALE: Scale is set to 1e-06 for instance and model parameters
option SCALE: Scale is set to 1e-06 for instance and model parameters
option SCALE: Scale is set to 1e-06 for instance and model parameters
Doing analysis at TEMP = 125.000000 and TNOM = 27.000000

Using KLU as Direct Linear Solver
 Reference value :  0.00000e+00
 Reference value :  2.83640e-09
 Reference value :  4.40640e-09
 Reference value :  5.14250e-09
 Reference value :  5.16750e-09
 Reference value :  8.18750e-09
 Reference value :  1.08925e-08
 Reference value :  1.32375e-08
 Reference value :  1.36275e-08
 Reference value :  1.71025e-08
No. of Data Rows : 4034
Note: Simulation executed from .control section 
