
Note: Compatibility modes selected: hs a


Circuit: * comparator-decision regen-time sweep -- vindiff=0.5mv corner=tt temp=27.0c (issue #54)

option SCALE: Scale is set to 1e-06 for instance and model parameters
option SCALE: Scale is set to 1e-06 for instance and model parameters
option SCALE: Scale is set to 1e-06 for instance and model parameters
option SCALE: Scale is set to 1e-06 for instance and model parameters
Doing analysis at TEMP = 27.000000 and TNOM = 27.000000

Using KLU as Direct Linear Solver
 Reference value :  0.00000e+00
 Reference value :  4.00000e-13
 Reference value :  6.40000e-12
 Reference value :  2.64000e-11
 Reference value :  4.14000e-11
 Reference value :  6.14000e-11
 Reference value :  3.35140e-09
 Reference value :  5.48250e-09
 Reference value :  7.28250e-09
 Reference value :  7.30250e-09
 Reference value :  7.32250e-09
 Reference value :  7.33750e-09
 Reference value :  7.35750e-09
 Reference value :  7.37750e-09
 Reference value :  7.39750e-09
 Reference value :  7.41750e-09
 Reference value :  7.43250e-09
 Reference value :  7.45250e-09
 Reference value :  7.47250e-09
 Reference value :  7.49250e-09
 Reference value :  7.50750e-09
 Reference value :  7.52750e-09
 Reference value :  7.54750e-09
 Reference value :  7.56250e-09
 Reference value :  7.58250e-09
 Reference value :  7.59750e-09
 Reference value :  7.61750e-09
 Reference value :  7.89250e-09
 Reference value :  7.91250e-09
 Reference value :  1.03625e-08
 Reference value :  1.18425e-08
 Reference value :  1.65525e-08
No. of Data Rows : 4034
Note: Simulation executed from .control section 
