
Note: Compatibility modes selected: hs a


Circuit: * sim/supply-impedance-sensitivity -- ground/supply-return impedance

option SCALE: Scale is set to 1e-06 for instance and model parameters
option SCALE: Scale is set to 1e-06 for instance and model parameters
option SCALE: Scale is set to 1e-06 for instance and model parameters
option SCALE: Scale is set to 1e-06 for instance and model parameters
Doing analysis at TEMP = 27.000000 and TNOM = 27.000000

Using KLU as Direct Linear Solver
 Reference value :  0.00000e+00
 Reference value :  2.00000e-08
 Reference value :  3.37500e-08
 Reference value :  5.02500e-08
 Reference value :  6.77500e-08
 Reference value :  8.42500e-08
 Reference value :  1.01750e-07
 Reference value :  1.20750e-07
 Reference value :  1.46750e-07
 Reference value :  1.73250e-07
 Reference value :  1.99550e-07
 Reference value :  2.01108e-07
 Reference value :  2.15770e-07
 Reference value :  2.32270e-07
 Reference value :  2.43606e-07
 Reference value :  2.55952e-07
 Reference value :  2.72452e-07
 Reference value :  2.83833e-07
 Reference value :  2.90631e-07
 Reference value :  3.09131e-07
 Reference value :  3.25500e-07
 Reference value :  3.37463e-07
 Reference value :  3.55463e-07
 Reference value :  3.66789e-07
 Reference value :  3.77883e-07
 Reference value :  3.94383e-07
 Reference value :  4.08983e-07
 Reference value :  4.17228e-07
 Reference value :  4.34728e-07
 Reference value :  4.50099e-07
 Reference value :  4.51808e-07
 Reference value :  4.65371e-07
 Reference value :  4.83371e-07
 Reference value :  4.94219e-07
 Reference value :  5.12719e-07
 Reference value :  5.30219e-07
 Reference value :  5.34288e-07
 Reference value :  5.50414e-07
 Reference value :  5.68414e-07
 Reference value :  5.77476e-07
 Reference value :  5.89976e-07
 Reference value :  6.06476e-07
 Reference value :  6.16966e-07
 Reference value :  6.19014e-07
 Reference value :  6.33514e-07
 Reference value :  6.51514e-07
 Reference value :  6.60370e-07
 Reference value :  6.75826e-07
 Reference value :  6.91326e-07
 Reference value :  7.00532e-07
 Reference value :  7.07740e-07
 Reference value :  7.25240e-07
 Reference value :  7.41167e-07
 Reference value :  7.51709e-07
 Reference value :  7.69209e-07
 Reference value :  7.83418e-07
 Reference value :  7.85530e-07
 Reference value :  8.02834e-07
 Reference value :  8.19834e-07
 Reference value :  8.30046e-07
 Reference value :  8.47046e-07
 Reference value :  8.61046e-07
 Reference value :  8.67180e-07
 Reference value :  8.70578e-07
 Reference value :  8.88078e-07
 Reference value :  9.06578e-07
 Reference value :  9.16381e-07
 Reference value :  9.34381e-07
 Reference value :  9.49500e-07
 Reference value :  9.51482e-07
 Reference value :  9.66771e-07
 Reference value :  9.85271e-07
 Reference value :  9.96216e-07
 Reference value :  1.01222e-06
 Reference value :  1.02972e-06
 Reference value :  1.03472e-06
 Reference value :  1.05077e-06
 Reference value :  1.06827e-06
 Reference value :  1.07855e-06
 Reference value :  1.09655e-06
 Reference value :  1.11405e-06
 Reference value :  1.11759e-06
 Reference value :  1.12942e-06
 Reference value :  1.14792e-06
 Reference value :  1.15985e-06
 Reference value :  1.17224e-06
 Reference value :  1.19024e-06
 Reference value :  1.20050e-06
 Reference value :  1.20736e-06
 Reference value :  1.22486e-06
 Reference value :  1.24132e-06
 Reference value :  1.24602e-06
 Reference value :  1.26252e-06
 Reference value :  1.28002e-06
 Reference value :  1.28441e-06
 Reference value :  1.29513e-06
 Reference value :  1.31263e-06
 Reference value :  1.32616e-06
 Reference value :  1.33641e-06
 Reference value :  1.35291e-06
 Reference value :  1.36677e-06
 Reference value :  1.36827e-06
 Reference value :  1.38101e-06
 Reference value :  1.39801e-06
 Reference value :  1.40958e-06
 Reference value :  1.42650e-06
 Reference value :  1.44350e-06
 Reference value :  1.45133e-06
 Reference value :  1.46923e-06
 Reference value :  1.48873e-06
 Reference value :  1.49926e-06
 Reference value :  1.51626e-06
 Reference value :  1.53254e-06
 Reference value :  1.53668e-06
 Reference value :  1.55518e-06
 Reference value :  1.57268e-06
 Reference value :  1.58200e-06
 Reference value :  1.59750e-06
 Reference value :  1.61400e-06
 Reference value :  1.61766e-06
 Reference value :  1.62552e-06
 Reference value :  1.64352e-06
 Reference value :  1.65883e-06
 Reference value :  1.67189e-06
 Reference value :  1.69089e-06
 Reference value :  1.70053e-06
 Reference value :  1.71263e-06
 Reference value :  1.73113e-06
 Reference value :  1.74252e-06
 Reference value :  1.75721e-06
 Reference value :  1.77421e-06
 Reference value :  1.78342e-06
 Reference value :  1.78575e-06
 Reference value :  1.80325e-06
 Reference value :  1.82225e-06
 Reference value :  1.83255e-06
 Reference value :  1.85105e-06
 Reference value :  1.86675e-06
 Reference value :  1.87237e-06
 Reference value :  1.89187e-06
 Reference value :  1.90851e-06
 Reference value :  1.92538e-06
 Reference value :  1.94388e-06
 Reference value :  1.95065e-06
 Reference value :  1.95497e-06
 Reference value :  1.97347e-06
 Reference value :  1.99082e-06
 Reference value :  2.00121e-06
 Reference value :  2.01971e-06
 Reference value :  2.03288e-06
 Reference value :  2.03503e-06
 Reference value :  2.05303e-06
 Reference value :  2.07053e-06
 Reference value :  2.08105e-06
 Reference value :  2.09955e-06
 Reference value :  2.11505e-06
 Reference value :  2.11789e-06
 Reference value :  2.13288e-06
 Reference value :  2.15188e-06
 Reference value :  2.16041e-06
 Reference value :  2.17574e-06
 Reference value :  2.19374e-06
 Reference value :  2.20059e-06
 Reference value :  2.20635e-06
 Reference value :  2.22285e-06
 Reference value :  2.24117e-06
 Reference value :  2.24476e-06
 Reference value :  2.26121e-06
 Reference value :  2.27921e-06
 Reference value :  2.28449e-06
 Reference value :  2.29776e-06
 Reference value :  2.31776e-06
 Reference value :  2.32703e-06
 Reference value :  2.34048e-06
 Reference value :  2.35748e-06
 Reference value :  2.36697e-06
 Reference value :  2.37696e-06
 Reference value :  2.39396e-06
 Reference value :  2.40888e-06
 Reference value :  2.41983e-06
 Reference value :  2.43583e-06
 Reference value :  2.45010e-06
 Reference value :  2.45205e-06
 Reference value :  2.46586e-06
 Reference value :  2.48436e-06
 Reference value :  2.49370e-06
 Reference value :  2.50765e-06
 Reference value :  2.52815e-06
 Reference value :  2.53450e-06
 Reference value :  2.55014e-06
 Reference value :  2.56964e-06
 Reference value :  2.57849e-06
 Reference value :  2.59249e-06
 Reference value :  2.61049e-06
 Reference value :  2.61736e-06
 Reference value :  2.62947e-06
 Reference value :  2.64647e-06
 Reference value :  2.65898e-06
 Reference value :  2.66983e-06
 Reference value :  2.68533e-06
 Reference value :  2.70008e-06
 Reference value :  2.70415e-06
 Reference value :  2.72115e-06
 Reference value :  2.73965e-06
 Reference value :  2.74767e-06
 Reference value :  2.76017e-06
 Reference value :  2.77817e-06
 Reference value :  2.78395e-06
 Reference value :  2.79442e-06
 Reference value :  2.81142e-06
 Reference value :  2.82555e-06
 Reference value :  2.83650e-06
 Reference value :  2.85400e-06
 Reference value :  2.86675e-06
 Reference value :  2.86789e-06
 Reference value :  2.88382e-06
 Reference value :  2.90082e-06
 Reference value :  2.91038e-06
 Reference value :  2.92583e-06
 Reference value :  2.94333e-06
 Reference value :  2.95051e-06
 Reference value :  2.95493e-06
 Reference value :  2.97343e-06
 Reference value :  2.99132e-06
 Reference value :  3.00267e-06
 Reference value :  3.01667e-06
 Reference value :  3.03298e-06
 Reference value :  3.03478e-06
 Reference value :  3.04992e-06
 Reference value :  3.06642e-06
 Reference value :  3.07660e-06
 Reference value :  3.08700e-06
 Reference value :  3.10250e-06
 Reference value :  3.11677e-06
 Reference value :  3.11992e-06
 Reference value :  3.13542e-06
 Reference value :  3.15092e-06
 Reference value :  3.16030e-06
 Reference value :  3.17001e-06
 Reference value :  3.18701e-06
 Reference value :  3.20008e-06
 Reference value :  3.20336e-06
 Reference value :  3.21986e-06
 Reference value :  3.23836e-06
 Reference value :  3.24483e-06
 Reference value :  3.24976e-06
 Reference value :  3.26676e-06
 Reference value :  3.28343e-06
 Reference value :  3.28498e-06
 Reference value :  3.29820e-06
 Reference value :  3.31470e-06
 Reference value :  3.32659e-06
 Reference value :  3.33157e-06
 Reference value :  3.34657e-06
 Reference value :  3.36307e-06
 Reference value :  3.36725e-06
 Reference value :  3.37730e-06
 Reference value :  3.39330e-06
 Reference value :  3.40818e-06
 Reference value :  3.41290e-06
 Reference value :  3.42990e-06
 Reference value :  3.44790e-06
 Reference value :  3.45101e-06
 Reference value :  3.46507e-06
 Reference value :  3.48207e-06
 Reference value :  3.49285e-06
 Reference value :  3.50123e-06
 Reference value :  3.51823e-06
 Reference value :  3.53343e-06
 Reference value :  3.53994e-06
 Reference value :  3.55694e-06
 Reference value :  3.57344e-06
 Reference value :  3.57737e-06
 Reference value :  3.59127e-06
 Reference value :  3.60777e-06
 Reference value :  3.61697e-06
 Reference value :  3.62681e-06
 Reference value :  3.64531e-06
 Reference value :  3.65898e-06
 Reference value :  3.66429e-06
 Reference value :  3.68129e-06
 Reference value :  3.69679e-06
 Reference value :  3.70093e-06
 Reference value :  3.71167e-06
 Reference value :  3.72817e-06
 Reference value :  3.74217e-06
 Reference value :  3.74756e-06
 Reference value :  3.76356e-06
 Reference value :  3.77956e-06
 Reference value :  3.78424e-06
 Reference value :  3.79640e-06
 Reference value :  3.81290e-06
 Reference value :  3.82565e-06
 Reference value :  3.82962e-06
 Reference value :  3.84612e-06
 Reference value :  3.86262e-06
 Reference value :  3.86735e-06
 Reference value :  3.88026e-06
 Reference value :  3.89676e-06
 Reference value :  3.90898e-06
 Reference value :  3.91490e-06
 Reference value :  3.93240e-06
 Reference value :  3.94890e-06
 Reference value :  3.95111e-06
 Reference value :  3.96586e-06
 Reference value :  3.98336e-06
 Reference value :  3.99365e-06
 Reference value :  4.00333e-06
 Reference value :  4.01983e-06
 Reference value :  4.03342e-06
 Reference value :  4.03783e-06
 Reference value :  4.05433e-06
 Reference value :  4.07183e-06
 Reference value :  4.07775e-06
 Reference value :  4.08984e-06
 Reference value :  4.10734e-06
 Reference value :  4.11718e-06
 Reference value :  4.12215e-06
 Reference value :  4.13965e-06
 Reference value :  4.15665e-06
 Reference value :  4.15996e-06
 Reference value :  4.16024e-06
 Reference value :  4.17333e-06
 Reference value :  4.19233e-06
 Reference value :  4.20053e-06
 Reference value :  4.20830e-06
 Reference value :  4.22680e-06
 Reference value :  4.24217e-06
 Reference value :  4.24871e-06
 Reference value :  4.26571e-06
 Reference value :  4.28288e-06
 Reference value :  4.28448e-06
 Reference value :  4.29988e-06
 Reference value :  4.31788e-06
 Reference value :  4.32703e-06
 Reference value :  4.33849e-06
 Reference value :  4.35349e-06
 Reference value :  4.36677e-06
 Reference value :  4.36841e-06
 Reference value :  4.38515e-06
 Reference value :  4.40315e-06
 Reference value :  4.41133e-06
 Reference value :  4.42683e-06
 Reference value :  4.44483e-06
 Reference value :  4.45100e-06
 Reference value :  4.46397e-06
 Reference value :  4.48347e-06
 Reference value :  4.49370e-06
 Reference value :  4.50615e-06
 Reference value :  4.52265e-06
 Reference value :  4.53363e-06
 Reference value :  4.54032e-06
 Reference value :  4.55732e-06
 Reference value :  4.57455e-06
 Reference value :  4.58350e-06
 Reference value :  4.59500e-06
 Reference value :  4.61300e-06
 Reference value :  4.61784e-06
 Reference value :  4.63367e-06
 Reference value :  4.65517e-06
 Reference value :  4.66483e-06
 Reference value :  4.67883e-06
 Reference value :  4.69683e-06
 Reference value :  4.70104e-06
 Reference value :  4.71022e-06
 Reference value :  4.72722e-06
 Reference value :  4.74217e-06
 Reference value :  4.75267e-06
 Reference value :  4.76817e-06
 Reference value :  4.78342e-06
 Reference value :  4.78528e-06
 Reference value :  4.80155e-06
 Reference value :  4.81955e-06
 Reference value :  4.82900e-06
 Reference value :  4.84150e-06
 Reference value :  4.86050e-06
 Reference value :  4.86724e-06
 Reference value :  4.87061e-06
 Reference value :  4.88411e-06
 Reference value :  4.90261e-06
 Reference value :  4.91183e-06
 Reference value :  4.92483e-06
 Reference value :  4.94283e-06
 Reference value :  4.95080e-06
 Reference value :  4.95910e-06
 Reference value :  4.97810e-06
 Reference value :  4.99232e-06
 Reference value :  5.00367e-06
 Reference value :  5.02117e-06
 Reference value :  5.03363e-06
 Reference value :  5.04113e-06
 Reference value :  5.06013e-06
 Reference value :  5.07565e-06
 Reference value :  5.08700e-06
 Reference value :  5.10500e-06
 Reference value :  5.11717e-06
 Reference value :  5.12520e-06
 Reference value :  5.14320e-06
 Reference value :  5.15883e-06
 Reference value :  5.16725e-06
 Reference value :  5.18525e-06
 Reference value :  5.20008e-06
 Reference value :  5.20367e-06
 Reference value :  5.22017e-06
 Reference value :  5.23717e-06
 Reference value :  5.24322e-06
 Reference value :  5.25533e-06
 Reference value :  5.27333e-06
 Reference value :  5.28363e-06
 Reference value :  5.29255e-06
 Reference value :  5.31105e-06
 Reference value :  5.32555e-06
 Reference value :  5.33591e-06
 Reference value :  5.35391e-06
 Reference value :  5.36677e-06
 Reference value :  5.37113e-06
 Reference value :  5.38813e-06
 Reference value :  5.40513e-06
 Reference value :  5.41750e-06
 Reference value :  5.43550e-06
 Reference value :  5.45012e-06
 Reference value :  5.46373e-06
 Reference value :  5.48173e-06
 Reference value :  5.49584e-06
 Reference value :  5.51784e-06
 Reference value :  5.53346e-06
 Reference value :  5.54606e-06
 Reference value :  5.56456e-06
 Reference value :  5.57767e-06
 Reference value :  5.59667e-06
 Reference value :  5.61417e-06
 Reference value :  5.62132e-06
 Reference value :  5.63882e-06
 Reference value :  5.65682e-06
 Reference value :  5.66700e-06
 Reference value :  5.68500e-06
 Reference value :  5.70012e-06
 Reference value :  5.71219e-06
 Reference value :  5.73019e-06
 Reference value :  5.74334e-06
 Reference value :  5.76134e-06
 Reference value :  5.77884e-06
 Reference value :  5.78505e-06
 Reference value :  5.80302e-06
 Reference value :  5.82152e-06
 Reference value :  5.83417e-06
 Reference value :  5.85217e-06
 Reference value :  5.86675e-06
 Reference value :  5.87432e-06
 Reference value :  5.89432e-06
 Reference value :  5.90883e-06
 Reference value :  5.92400e-06
 Reference value :  5.94100e-06
 Reference value :  5.95054e-06
 Reference value :  5.96558e-06
 Reference value :  5.98408e-06
 Reference value :  5.99584e-06
 Reference value :  6.01334e-06
 Reference value :  6.03084e-06
 Reference value :  6.03636e-06
 Reference value :  6.05386e-06
 Reference value :  6.07186e-06
 Reference value :  6.08367e-06
 Reference value :  6.10117e-06
 Reference value :  6.11675e-06
 Reference value :  6.12402e-06
 Reference value :  6.14152e-06
 Reference value :  6.15788e-06
 Reference value :  6.15988e-06
 Reference value :  6.17247e-06
 Reference value :  6.19047e-06
 Reference value :  6.20050e-06
 Reference value :  6.20819e-06
 Reference value :  6.22569e-06
 Reference value :  6.24184e-06
 Reference value :  6.24322e-06
 Reference value :  6.25433e-06
 Reference value :  6.27233e-06
No. of Data Rows : 14098

  Measurements for Transient Analysis

d9_c1               =  3.34291e-07
d8_c1               =  1.40762e-07
d7_c1               =  1.80000e+00
d6_c1               =  1.80000e+00
d5_c1               =  5.94189e-08
d4_c1               =  1.80000e+00
d3_c1               =  2.33636e-07
d2_c1               =  1.80000e+00
d1_c1               =  1.80000e+00
d0_c1               =  6.35158e-08
d9_c2               =  -4.54530e-07
d8_c2               =  1.80000e+00
d7_c2               =  1.39510e-07
d6_c2               =  1.80000e+00
d5_c2               =  1.80000e+00
d4_c2               =  1.80000e+00
d3_c2               =  1.80000e+00
d2_c2               =  1.80000e+00
d1_c2               =  1.80000e+00
d0_c2               =  1.80000e+00
d9_c3               =  -4.18245e-07
d8_c3               =  1.80000e+00
d7_c3               =  1.80000e+00
d6_c3               =  1.80000e+00
d5_c3               =  1.80000e+00
d4_c3               =  1.80000e+00
d3_c3               =  1.80000e+00
d2_c3               =  1.80000e+00
d1_c3               =  1.80000e+00
d0_c3               =  1.80000e+00
d9_c4               =  1.80001e+00
d8_c4               =  5.00561e-09
d7_c4               =  1.80000e+00
d6_c4               =  5.01552e-09
d5_c4               =  5.01563e-09
d4_c4               =  5.00928e-09
d3_c4               =  5.00868e-09
d2_c4               =  5.00821e-09
d1_c4               =  4.90546e-09
d0_c4               =  1.80000e+00
d9_c5               =  1.80001e+00
d8_c5               =  1.80000e+00
d7_c5               =  1.80000e+00
d6_c5               =  1.80000e+00
d5_c5               =  1.80000e+00
d4_c5               =  1.80000e+00
d3_c5               =  1.80000e+00
d2_c5               =  1.80000e+00
d1_c5               =  1.80000e+00
d0_c5               =  1.80000e+00
busy_c1_p0          =  1.80000e+00
smpl_c1_p0          =  -9.82486e-05
busy_c1_p1          =  1.80000e+00
smpl_c1_p1          =  3.90904e-06
busy_c1_p2          =  1.80000e+00
smpl_c1_p2          =  9.54420e-06
busy_c1_p3          =  1.80000e+00
smpl_c1_p3          =  4.06390e-06
busy_c1_p4          =  1.80000e+00
smpl_c1_p4          =  4.05570e-06
busy_c1_p5          =  1.80000e+00
smpl_c1_p5          =  4.04139e-06
busy_c1_p6          =  1.80000e+00
smpl_c1_p6          =  4.06300e-06
busy_c1_p7          =  1.80000e+00
smpl_c1_p7          =  4.04883e-06
busy_c1_p8          =  1.80000e+00
smpl_c1_p8          =  4.04826e-06
busy_c1_p9          =  1.80000e+00
smpl_c1_p9          =  4.05435e-06
busy_c1_p10         =  1.80000e+00
smpl_c1_p10         =  4.05182e-06
busy_c1_p11         =  -1.59386e-06
smpl_c1_p11         =  1.80004e+00
busy_c2_p0          =  1.80000e+00
smpl_c2_p0          =  -9.83208e-05
busy_c2_p1          =  1.80000e+00
smpl_c2_p1          =  4.13069e-06
busy_c2_p2          =  1.80000e+00
smpl_c2_p2          =  4.24428e-06
busy_c2_p3          =  1.80000e+00
smpl_c2_p3          =  4.13888e-06
busy_c2_p4          =  1.80000e+00
smpl_c2_p4          =  4.18765e-06
busy_c2_p5          =  1.80000e+00
smpl_c2_p5          =  4.22858e-06
busy_c2_p6          =  1.80000e+00
smpl_c2_p6          =  4.25869e-06
busy_c2_p7          =  1.80000e+00
smpl_c2_p7          =  4.25438e-06
busy_c2_p8          =  1.80000e+00
smpl_c2_p8          =  4.26075e-06
busy_c2_p9          =  1.80000e+00
smpl_c2_p9          =  4.26620e-06
busy_c2_p10         =  1.80000e+00
smpl_c2_p10         =  4.26436e-06
busy_c2_p11         =  1.69568e-08
smpl_c2_p11         =  1.80004e+00
busy_c3_p0          =  1.80000e+00
smpl_c3_p0          =  -9.82142e-05
busy_c3_p1          =  1.80000e+00
smpl_c3_p1          =  4.15114e-06
busy_c3_p2          =  1.80000e+00
smpl_c3_p2          =  4.14827e-06
busy_c3_p3          =  1.80000e+00
smpl_c3_p3          =  4.19583e-06
busy_c3_p4          =  1.80000e+00
smpl_c3_p4          =  4.26138e-06
busy_c3_p5          =  1.80000e+00
smpl_c3_p5          =  4.31255e-06
busy_c3_p6          =  1.80000e+00
smpl_c3_p6          =  4.32656e-06
busy_c3_p7          =  1.80000e+00
smpl_c3_p7          =  4.34715e-06
busy_c3_p8          =  1.80000e+00
smpl_c3_p8          =  4.35247e-06
busy_c3_p9          =  1.80000e+00
smpl_c3_p9          =  4.35421e-06
busy_c3_p10         =  1.80000e+00
smpl_c3_p10         =  4.35552e-06
busy_c3_p11         =  3.20300e-07
smpl_c3_p11         =  1.80004e+00
busy_c4_p0          =  1.80000e+00
smpl_c4_p0          =  -9.83763e-05
busy_c4_p1          =  1.80000e+00
smpl_c4_p1          =  4.11928e-06
busy_c4_p2          =  1.80000e+00
smpl_c4_p2          =  4.25728e-06
busy_c4_p3          =  1.80000e+00
smpl_c4_p3          =  4.14415e-06
busy_c4_p4          =  1.80000e+00
smpl_c4_p4          =  4.20386e-06
busy_c4_p5          =  1.80000e+00
smpl_c4_p5          =  4.23991e-06
busy_c4_p6          =  1.80000e+00
smpl_c4_p6          =  4.25052e-06
busy_c4_p7          =  1.80000e+00
smpl_c4_p7          =  4.26778e-06
busy_c4_p8          =  1.80000e+00
smpl_c4_p8          =  4.26168e-06
busy_c4_p9          =  1.80000e+00
smpl_c4_p9          =  4.26764e-06
busy_c4_p10         =  1.80000e+00
smpl_c4_p10         =  4.26682e-06
busy_c4_p11         =  1.99001e-06
smpl_c4_p11         =  1.80004e+00
busy_c5_p0          =  1.80000e+00
smpl_c5_p0          =  -9.82363e-05
busy_c5_p1          =  1.80000e+00
smpl_c5_p1          =  3.91290e-06
busy_c5_p2          =  1.80000e+00
smpl_c5_p2          =  9.47401e-06
busy_c5_p3          =  1.80000e+00
smpl_c5_p3          =  1.16222e-05
busy_c5_p4          =  1.80000e+00
smpl_c5_p4          =  1.04703e-05
busy_c5_p5          =  1.80000e+00
smpl_c5_p5          =  8.90904e-06
busy_c5_p6          =  1.80000e+00
smpl_c5_p6          =  7.37740e-06
busy_c5_p7          =  1.80000e+00
smpl_c5_p7          =  6.31309e-06
busy_c5_p8          =  1.80000e+00
smpl_c5_p8          =  5.66439e-06
busy_c5_p9          =  1.80000e+00
smpl_c5_p9          =  5.21100e-06
busy_c5_p10         =  1.80000e+00
smpl_c5_p10         =  4.96492e-06
busy_c5_p11         =  4.45094e-06
smpl_c5_p11         =  1.80004e+00
i_vdd               =  -2.09351e-06 from=  3.20000e-06 to=  4.20008e-06
i_vpwr              =  -6.96108e-06 from=  3.20000e-06 to=  4.20008e-06
i_vrefp             =  -6.47006e-06 from=  3.20000e-06 to=  4.20008e-06
i_vrefn             =  6.45510e-06 from=  3.20000e-06 to=  4.20008e-06
i_vcm               =  1.37680e-08 from=  3.20000e-06 to=  4.20008e-06
gnd_die_pp          =  0.00000e+00 from=  3.20000e-06 to=  4.20000e-06
gnd_die_max         =  0.00000e+00 at=  4.19985e-06
gnd_die_min         =  0.00000e+00 at=  4.19985e-06
vgnd_die_pp         =  0.00000e+00 from=  3.20000e-06 to=  4.20000e-06
vgnd_die_max        =  0.00000e+00 at=  4.19985e-06
vgnd_die_min        =  0.00000e+00 at=  4.19985e-06
vdd_die_pp          =  0.00000e+00 from=  3.20000e-06 to=  4.20000e-06
vdd_die_max         =  1.80000e+00 at=  4.19985e-06
vdd_die_min         =  1.80000e+00 at=  4.19985e-06
vpwr_die_pp         =  0.00000e+00 from=  3.20000e-06 to=  4.20000e-06
vpwr_die_max        =  1.80000e+00 at=  4.19985e-06
vpwr_die_min        =  1.80000e+00 at=  4.19985e-06
i_gnda              =  2.17393e-06 from=  3.20000e-06 to=  4.20008e-06


Total analysis time (seconds) = 260.825

Total elapsed time (seconds) = 292.230 

Total DRAM available = 49152.000 MB.
DRAM currently available = 7515.984 MB.
Maximum ngspice program size =  818.688 MB.
Current ngspice program size =   29.344 MB.

Note: Starting dynamic gmin stepping
Note: Dynamic gmin stepping completed
