
Note: Compatibility modes selected: hs a


Circuit: * cdac-array-transfer -- generated by sim/cdac-array-transfer/run_transfer.py (issue #53)

option SCALE: Scale is set to 1e-06 for instance and model parameters
option SCALE: Scale is set to 1e-06 for instance and model parameters
option SCALE: Scale is set to 1e-06 for instance and model parameters
option SCALE: Scale is set to 1e-06 for instance and model parameters
Doing analysis at TEMP = 27.000000 and TNOM = 27.000000

Using KLU as Direct Linear Solver
 Reference value :  0.00000e+00
 Reference value :  2.00000e-11
 Reference value :  1.60000e-10
 Reference value :  9.20000e-10
 Reference value :  9.69931e-10
 Reference value :  1.00655e-09
 Reference value :  1.03764e-09
 Reference value :  1.10000e-09
 Reference value :  1.12874e-09
 Reference value :  1.20097e-09
 Reference value :  1.39778e-09
 Reference value :  2.08283e-09
 Reference value :  3.08283e-09
 Reference value :  4.08283e-09
 Reference value :  5.08283e-09
 Reference value :  6.08283e-09
 Reference value :  7.58283e-09
 Reference value :  8.58283e-09
 Reference value :  9.58283e-09
 Reference value :  1.05828e-08
 Reference value :  1.15828e-08
 Reference value :  1.25828e-08
 Reference value :  1.40828e-08
 Reference value :  1.50828e-08
 Reference value :  1.65828e-08
 Reference value :  1.75828e-08
 Reference value :  1.85828e-08
 Reference value :  2.00828e-08
 Reference value :  2.15828e-08
 Reference value :  2.25828e-08
 Reference value :  2.35828e-08
 Reference value :  2.45828e-08
 Reference value :  2.55828e-08
 Reference value :  2.65828e-08
 Reference value :  2.80828e-08
 Reference value :  2.90828e-08
 Reference value :  3.00828e-08
 Reference value :  3.10828e-08
 Reference value :  3.25828e-08
 Reference value :  3.40828e-08
 Reference value :  3.50828e-08
 Reference value :  3.60828e-08
 Reference value :  3.70828e-08
 Reference value :  3.80828e-08
 Reference value :  3.90828e-08
 Reference value :  4.00828e-08
 Reference value :  4.10828e-08
 Reference value :  4.25828e-08
 Reference value :  4.35828e-08
 Reference value :  4.45828e-08
 Reference value :  4.55828e-08
 Reference value :  4.65828e-08
 Reference value :  4.75828e-08
 Reference value :  4.85828e-08
 Reference value :  5.00828e-08
 Reference value :  5.10828e-08
 Reference value :  5.20828e-08
 Reference value :  5.30828e-08
 Reference value :  5.40828e-08
 Reference value :  5.55828e-08
 Reference value :  5.65828e-08
 Reference value :  5.75828e-08
 Reference value :  5.90828e-08
 Reference value :  6.00828e-08
 Reference value :  6.10828e-08
 Reference value :  6.20828e-08
 Reference value :  6.30828e-08
 Reference value :  6.45828e-08
 Reference value :  6.55828e-08
 Reference value :  6.70828e-08
 Reference value :  6.85828e-08
 Reference value :  6.95828e-08
 Reference value :  7.05828e-08
 Reference value :  7.15828e-08
 Reference value :  7.25828e-08
 Reference value :  7.35828e-08
 Reference value :  7.45828e-08
 Reference value :  7.55828e-08
 Reference value :  7.65828e-08
 Reference value :  7.80828e-08
 Reference value :  7.90828e-08
 Reference value :  8.00828e-08
 Reference value :  8.10828e-08
 Reference value :  8.20828e-08
 Reference value :  8.30828e-08
 Reference value :  8.40828e-08
 Reference value :  8.50828e-08
 Reference value :  8.65828e-08
 Reference value :  8.75828e-08
 Reference value :  8.85828e-08
 Reference value :  8.95828e-08
 Reference value :  9.10828e-08
 Reference value :  9.20828e-08
 Reference value :  9.35828e-08
 Reference value :  9.45828e-08
 Reference value :  9.55828e-08
 Reference value :  9.65828e-08
 Reference value :  9.75828e-08
 Reference value :  9.85828e-08
 Reference value :  9.95828e-08
 Reference value :  1.00583e-07
 Reference value :  1.01583e-07
 Reference value :  1.02583e-07
 Reference value :  1.03583e-07
 Reference value :  1.04583e-07
 Reference value :  1.05583e-07
 Reference value :  1.06583e-07
 Reference value :  1.08083e-07
 Reference value :  1.09083e-07
 Reference value :  1.10083e-07
 Reference value :  1.11083e-07
 Reference value :  1.12083e-07
 Reference value :  1.13583e-07
 Reference value :  1.14583e-07
 Reference value :  1.15583e-07
 Reference value :  1.16583e-07
 Reference value :  1.18083e-07
 Reference value :  1.19583e-07
 Reference value :  1.20583e-07
 Reference value :  1.22083e-07
 Reference value :  1.23583e-07
 Reference value :  1.24583e-07
 Reference value :  1.25583e-07
 Reference value :  1.26583e-07
 Reference value :  1.27583e-07
 Reference value :  1.28583e-07
 Reference value :  1.29583e-07
 Reference value :  1.30583e-07
 Reference value :  1.31583e-07
 Reference value :  1.32583e-07
 Reference value :  1.33583e-07
 Reference value :  1.34583e-07
 Reference value :  1.36083e-07
 Reference value :  1.37083e-07
 Reference value :  1.38083e-07
 Reference value :  1.39083e-07
 Reference value :  1.40083e-07
 Reference value :  1.41083e-07
 Reference value :  1.42083e-07
 Reference value :  1.43083e-07
 Reference value :  1.44083e-07
 Reference value :  1.45583e-07
 Reference value :  1.46583e-07
 Reference value :  1.47583e-07
 Reference value :  1.49083e-07
 Reference value :  1.50083e-07
 Reference value :  1.51583e-07
 Reference value :  1.52583e-07
 Reference value :  1.53583e-07
 Reference value :  1.54583e-07
 Reference value :  1.55583e-07
 Reference value :  1.56583e-07
 Reference value :  1.57583e-07
 Reference value :  1.58583e-07
 Reference value :  1.60083e-07
 Reference value :  1.61083e-07
 Reference value :  1.62083e-07
 Reference value :  1.63583e-07
 Reference value :  1.64583e-07
 Reference value :  1.65583e-07
 Reference value :  1.67083e-07
 Reference value :  1.68083e-07
 Reference value :  1.69583e-07
 Reference value :  1.70583e-07
 Reference value :  1.72083e-07
 Reference value :  1.73083e-07
 Reference value :  1.74583e-07
 Reference value :  1.75583e-07
 Reference value :  1.76583e-07
 Reference value :  1.77583e-07
 Reference value :  1.79083e-07
 Reference value :  1.80083e-07
 Reference value :  1.81083e-07
 Reference value :  1.82083e-07
 Reference value :  1.83083e-07
 Reference value :  1.84583e-07
 Reference value :  1.85583e-07
 Reference value :  1.86583e-07
 Reference value :  1.87583e-07
 Reference value :  1.89083e-07
 Reference value :  1.90083e-07
 Reference value :  1.91083e-07
 Reference value :  1.92083e-07
 Reference value :  1.93083e-07
 Reference value :  1.94083e-07
 Reference value :  1.95083e-07
 Reference value :  1.96583e-07
 Reference value :  1.97583e-07
 Reference value :  1.98583e-07
 Reference value :  1.99583e-07
 Reference value :  2.00583e-07
 Reference value :  2.01583e-07
 Reference value :  2.02583e-07
 Reference value :  2.04083e-07
 Reference value :  2.05083e-07
 Reference value :  2.06083e-07
 Reference value :  2.07083e-07
 Reference value :  2.08083e-07
 Reference value :  2.09083e-07
 Reference value :  2.10083e-07
 Reference value :  2.11083e-07
 Reference value :  2.12083e-07
 Reference value :  2.13083e-07
 Reference value :  2.14083e-07
 Reference value :  2.15083e-07
 Reference value :  2.16083e-07
 Reference value :  2.17583e-07
 Reference value :  2.18583e-07
 Reference value :  2.19583e-07
 Reference value :  2.20583e-07
 Reference value :  2.21583e-07
 Reference value :  2.22583e-07
 Reference value :  2.24083e-07
 Reference value :  2.25583e-07
 Reference value :  2.26583e-07
 Reference value :  2.27583e-07
 Reference value :  2.28583e-07
 Reference value :  2.29583e-07
 Reference value :  2.30583e-07
 Reference value :  2.31583e-07
 Reference value :  2.32583e-07
 Reference value :  2.33583e-07
 Reference value :  2.34583e-07
 Reference value :  2.35583e-07
 Reference value :  2.37083e-07
 Reference value :  2.38083e-07
 Reference value :  2.39083e-07
 Reference value :  2.40083e-07
 Reference value :  2.41083e-07
 Reference value :  2.42083e-07
 Reference value :  2.43083e-07
 Reference value :  2.44083e-07
 Reference value :  2.45083e-07
 Reference value :  2.46083e-07
 Reference value :  2.47083e-07
 Reference value :  2.48083e-07
 Reference value :  2.49083e-07
 Reference value :  2.50583e-07
 Reference value :  2.51583e-07
 Reference value :  2.52583e-07
 Reference value :  2.53583e-07
 Reference value :  2.54583e-07
 Reference value :  2.55583e-07
 Reference value :  2.56583e-07
 Reference value :  2.57583e-07
 Reference value :  2.58583e-07
 Reference value :  2.60083e-07
 Reference value :  2.61083e-07
 Reference value :  2.62083e-07
 Reference value :  2.63083e-07
 Reference value :  2.64083e-07
 Reference value :  2.65083e-07
 Reference value :  2.66583e-07
 Reference value :  2.67583e-07
 Reference value :  2.68583e-07
 Reference value :  2.69583e-07
 Reference value :  2.70583e-07
 Reference value :  2.71583e-07
 Reference value :  2.73083e-07
 Reference value :  2.74583e-07
 Reference value :  2.75583e-07
 Reference value :  2.77083e-07
 Reference value :  2.78083e-07
 Reference value :  2.79083e-07
 Reference value :  2.80583e-07
 Reference value :  2.81583e-07
 Reference value :  2.83083e-07
 Reference value :  2.84083e-07
 Reference value :  2.85083e-07
 Reference value :  2.86583e-07
 Reference value :  2.87583e-07
 Reference value :  2.88583e-07
 Reference value :  2.89583e-07
 Reference value :  2.90583e-07
 Reference value :  2.91583e-07
 Reference value :  2.92583e-07
 Reference value :  2.93583e-07
 Reference value :  2.94583e-07
 Reference value :  2.95583e-07
 Reference value :  2.96583e-07
 Reference value :  2.97583e-07
 Reference value :  2.98583e-07
 Reference value :  2.99583e-07
 Reference value :  3.00583e-07
 Reference value :  3.02083e-07
 Reference value :  3.03083e-07
 Reference value :  3.04083e-07
 Reference value :  3.05583e-07
 Reference value :  3.06583e-07
 Reference value :  3.07583e-07
 Reference value :  3.09083e-07
 Reference value :  3.10083e-07
 Reference value :  3.11083e-07
 Reference value :  3.12583e-07
 Reference value :  3.13583e-07
 Reference value :  3.14583e-07
 Reference value :  3.15583e-07
 Reference value :  3.16583e-07
 Reference value :  3.17583e-07
 Reference value :  3.18583e-07
 Reference value :  3.19583e-07
 Reference value :  3.20583e-07
 Reference value :  3.21583e-07
 Reference value :  3.22583e-07
 Reference value :  3.23583e-07
 Reference value :  3.24583e-07
 Reference value :  3.25583e-07
 Reference value :  3.26583e-07
 Reference value :  3.27583e-07
 Reference value :  3.28583e-07
 Reference value :  3.29583e-07
 Reference value :  3.30583e-07
 Reference value :  3.32083e-07
 Reference value :  3.33083e-07
 Reference value :  3.34083e-07
 Reference value :  3.35083e-07
 Reference value :  3.36583e-07
 Reference value :  3.37583e-07
 Reference value :  3.39083e-07
 Reference value :  3.40083e-07
 Reference value :  3.41583e-07
 Reference value :  3.42583e-07
 Reference value :  3.43583e-07
 Reference value :  3.45083e-07
 Reference value :  3.46083e-07
 Reference value :  3.47083e-07
 Reference value :  3.48583e-07
 Reference value :  3.50083e-07
 Reference value :  3.51083e-07
 Reference value :  3.52083e-07
 Reference value :  3.53083e-07
 Reference value :  3.54083e-07
 Reference value :  3.55083e-07
 Reference value :  3.56083e-07
 Reference value :  3.57083e-07
 Reference value :  3.58083e-07
 Reference value :  3.59083e-07
 Reference value :  3.60083e-07
 Reference value :  3.61083e-07
 Reference value :  3.62083e-07
 Reference value :  3.63083e-07
 Reference value :  3.64583e-07
 Reference value :  3.65583e-07
 Reference value :  3.66583e-07
 Reference value :  3.68083e-07
 Reference value :  3.69083e-07
 Reference value :  3.70083e-07
 Reference value :  3.71083e-07
 Reference value :  3.72583e-07
 Reference value :  3.73583e-07
 Reference value :  3.74583e-07
 Reference value :  3.75583e-07
 Reference value :  3.76583e-07
 Reference value :  3.77583e-07
 Reference value :  3.78583e-07
 Reference value :  3.79583e-07
 Reference value :  3.80583e-07
 Reference value :  3.82083e-07
 Reference value :  3.83583e-07
 Reference value :  3.84583e-07
 Reference value :  3.86083e-07
 Reference value :  3.87083e-07
 Reference value :  3.88583e-07
 Reference value :  3.89583e-07
 Reference value :  3.90583e-07
 Reference value :  3.91583e-07
 Reference value :  3.92583e-07
 Reference value :  3.93583e-07
 Reference value :  3.94583e-07
 Reference value :  3.95583e-07
 Reference value :  3.96583e-07
 Reference value :  3.98083e-07
 Reference value :  3.99083e-07
 Reference value :  4.00083e-07
 Reference value :  4.01083e-07
 Reference value :  4.02083e-07
 Reference value :  4.03083e-07
 Reference value :  4.04083e-07
 Reference value :  4.05083e-07
 Reference value :  4.06083e-07
 Reference value :  4.07583e-07
 Reference value :  4.08583e-07
 Reference value :  4.09583e-07
 Reference value :  4.10583e-07
 Reference value :  4.12083e-07
 Reference value :  4.13583e-07
 Reference value :  4.14583e-07
 Reference value :  4.16083e-07
 Reference value :  4.17083e-07
 Reference value :  4.18083e-07
 Reference value :  4.19083e-07
 Reference value :  4.20083e-07
 Reference value :  4.21583e-07
 Reference value :  4.22583e-07
 Reference value :  4.23583e-07
 Reference value :  4.24583e-07
 Reference value :  4.25583e-07
 Reference value :  4.27083e-07
 Reference value :  4.28583e-07
 Reference value :  4.29583e-07
 Reference value :  4.31083e-07
 Reference value :  4.32083e-07
 Reference value :  4.33083e-07
 Reference value :  4.34083e-07
 Reference value :  4.35083e-07
 Reference value :  4.36083e-07
 Reference value :  4.37583e-07
 Reference value :  4.39083e-07
 Reference value :  4.40083e-07
 Reference value :  4.41083e-07
 Reference value :  4.42083e-07
 Reference value :  4.43083e-07
 Reference value :  4.44583e-07
 Reference value :  4.45583e-07
 Reference value :  4.46583e-07
 Reference value :  4.47583e-07
 Reference value :  4.48583e-07
 Reference value :  4.50083e-07
 Reference value :  4.51583e-07
 Reference value :  4.52583e-07
 Reference value :  4.53583e-07
 Reference value :  4.54583e-07
 Reference value :  4.55583e-07
 Reference value :  4.57083e-07
 Reference value :  4.58083e-07
 Reference value :  4.59583e-07
 Reference value :  4.60583e-07
 Reference value :  4.61583e-07
 Reference value :  4.62583e-07
 Reference value :  4.63583e-07
 Reference value :  4.64583e-07
 Reference value :  4.66083e-07
 Reference value :  4.67083e-07
 Reference value :  4.68083e-07
 Reference value :  4.69083e-07
 Reference value :  4.70583e-07
 Reference value :  4.71583e-07
 Reference value :  4.72583e-07
 Reference value :  4.74083e-07
 Reference value :  4.75583e-07
 Reference value :  4.76583e-07
 Reference value :  4.78083e-07
 Reference value :  4.79083e-07
 Reference value :  4.80583e-07
 Reference value :  4.81583e-07
 Reference value :  4.83083e-07
 Reference value :  4.84083e-07
 Reference value :  4.85083e-07
 Reference value :  4.86083e-07
 Reference value :  4.87583e-07
 Reference value :  4.88583e-07
 Reference value :  4.89583e-07
 Reference value :  4.90583e-07
 Reference value :  4.92083e-07
 Reference value :  4.93083e-07
 Reference value :  4.94583e-07
 Reference value :  4.96083e-07
 Reference value :  4.97083e-07
 Reference value :  4.98083e-07
 Reference value :  4.99541e-07
No. of Data Rows : 1023
vtop_p_0            =  9.00000e-01
vtop_n_0            =  2.69751e+00
vtop_p_128          =  1.35017e+00
vtop_n_128          =  2.24734e+00
vtop_p_256          =  1.80018e+00
vtop_n_256          =  1.79734e+00
vtop_p_384          =  2.25035e+00
vtop_n_384          =  1.34715e+00
vtop_p_511          =  2.69751e+00
vtop_n_511          =  9.00000e-01
Note: Simulation executed from .control section 
