
Note: Compatibility modes selected: hs a


Circuit: * cdac-array-transfer -- generated by sim/cdac-array-transfer/run_transfer.py (issue #53)

option SCALE: Scale is set to 1e-06 for instance and model parameters
option SCALE: Scale is set to 1e-06 for instance and model parameters
option SCALE: Scale is set to 1e-06 for instance and model parameters
option SCALE: Scale is set to 1e-06 for instance and model parameters
Doing analysis at TEMP = 27.000000 and TNOM = 27.000000

Using KLU as Direct Linear Solver
 Reference value :  0.00000e+00
 Reference value :  2.00000e-11
 Reference value :  3.20000e-10
 Reference value :  9.20000e-10
 Reference value :  9.69931e-10
 Reference value :  1.00655e-09
 Reference value :  1.03829e-09
 Reference value :  1.10000e-09
 Reference value :  1.11183e-09
 Reference value :  1.15915e-09
 Reference value :  1.29407e-09
 Reference value :  1.64212e-09
 Reference value :  2.60619e-09
 Reference value :  4.10619e-09
 Reference value :  5.10619e-09
 Reference value :  6.10619e-09
 Reference value :  7.10619e-09
 Reference value :  8.60619e-09
 Reference value :  9.60619e-09
 Reference value :  1.11062e-08
 Reference value :  1.26062e-08
 Reference value :  1.41062e-08
 Reference value :  1.56062e-08
 Reference value :  1.71062e-08
 Reference value :  1.86062e-08
 Reference value :  2.01062e-08
 Reference value :  2.16062e-08
 Reference value :  2.31062e-08
 Reference value :  2.46062e-08
 Reference value :  2.61062e-08
 Reference value :  2.76062e-08
 Reference value :  2.96062e-08
 Reference value :  3.16062e-08
 Reference value :  3.31062e-08
 Reference value :  3.46062e-08
 Reference value :  3.61062e-08
 Reference value :  3.76062e-08
 Reference value :  3.91062e-08
 Reference value :  4.06062e-08
 Reference value :  4.21062e-08
 Reference value :  4.36062e-08
 Reference value :  4.51062e-08
 Reference value :  4.66062e-08
 Reference value :  4.81062e-08
 Reference value :  4.96062e-08
 Reference value :  5.16062e-08
 Reference value :  5.31062e-08
 Reference value :  5.46062e-08
 Reference value :  5.61062e-08
 Reference value :  5.76062e-08
 Reference value :  5.91062e-08
 Reference value :  6.06062e-08
 Reference value :  6.21062e-08
 Reference value :  6.36062e-08
 Reference value :  6.51062e-08
 Reference value :  6.66062e-08
 Reference value :  6.81062e-08
 Reference value :  6.91062e-08
 Reference value :  7.01062e-08
 Reference value :  7.11062e-08
 Reference value :  7.21062e-08
 Reference value :  7.31062e-08
 Reference value :  7.41062e-08
 Reference value :  7.51062e-08
 Reference value :  7.61062e-08
 Reference value :  7.71062e-08
 Reference value :  7.81062e-08
 Reference value :  7.91062e-08
 Reference value :  8.01062e-08
 Reference value :  8.11062e-08
 Reference value :  8.26062e-08
 Reference value :  8.36062e-08
 Reference value :  8.46062e-08
 Reference value :  8.61062e-08
 Reference value :  8.71062e-08
 Reference value :  8.81062e-08
 Reference value :  8.91062e-08
 Reference value :  9.01062e-08
 Reference value :  9.16062e-08
 Reference value :  9.26062e-08
 Reference value :  9.36062e-08
 Reference value :  9.46062e-08
 Reference value :  9.61062e-08
 Reference value :  9.71062e-08
 Reference value :  9.86062e-08
 Reference value :  9.96062e-08
 Reference value :  1.00606e-07
 Reference value :  1.02106e-07
 Reference value :  1.03106e-07
 Reference value :  1.04106e-07
 Reference value :  1.05106e-07
 Reference value :  1.06106e-07
 Reference value :  1.07106e-07
 Reference value :  1.08106e-07
 Reference value :  1.09106e-07
 Reference value :  1.10606e-07
 Reference value :  1.11606e-07
 Reference value :  1.12606e-07
 Reference value :  1.13606e-07
 Reference value :  1.14606e-07
 Reference value :  1.15606e-07
 Reference value :  1.16606e-07
 Reference value :  1.18106e-07
 Reference value :  1.19106e-07
 Reference value :  1.20106e-07
 Reference value :  1.21606e-07
 Reference value :  1.22606e-07
 Reference value :  1.24106e-07
 Reference value :  1.25106e-07
 Reference value :  1.26106e-07
 Reference value :  1.27606e-07
 Reference value :  1.28606e-07
 Reference value :  1.29606e-07
 Reference value :  1.30606e-07
 Reference value :  1.31606e-07
 Reference value :  1.32606e-07
 Reference value :  1.34106e-07
 Reference value :  1.35606e-07
 Reference value :  1.36606e-07
 Reference value :  1.37606e-07
 Reference value :  1.38606e-07
 Reference value :  1.39606e-07
 Reference value :  1.41106e-07
 Reference value :  1.42106e-07
 Reference value :  1.43106e-07
 Reference value :  1.44106e-07
 Reference value :  1.45106e-07
 Reference value :  1.46106e-07
 Reference value :  1.47606e-07
 Reference value :  1.49106e-07
 Reference value :  1.50606e-07
 Reference value :  1.52106e-07
 Reference value :  1.53606e-07
 Reference value :  1.55106e-07
 Reference value :  1.56606e-07
 Reference value :  1.58106e-07
 Reference value :  1.59606e-07
 Reference value :  1.61106e-07
 Reference value :  1.62606e-07
 Reference value :  1.64106e-07
 Reference value :  1.66106e-07
 Reference value :  1.67606e-07
 Reference value :  1.69606e-07
 Reference value :  1.71606e-07
 Reference value :  1.73106e-07
 Reference value :  1.74606e-07
 Reference value :  1.76106e-07
 Reference value :  1.77606e-07
 Reference value :  1.79106e-07
 Reference value :  1.81106e-07
 Reference value :  1.82606e-07
 Reference value :  1.84606e-07
 Reference value :  1.86106e-07
 Reference value :  1.87606e-07
 Reference value :  1.89106e-07
 Reference value :  1.90606e-07
 Reference value :  1.92606e-07
 Reference value :  1.93606e-07
 Reference value :  1.94606e-07
 Reference value :  1.96106e-07
 Reference value :  1.97606e-07
 Reference value :  1.99106e-07
 Reference value :  2.00106e-07
 Reference value :  2.01606e-07
 Reference value :  2.03106e-07
 Reference value :  2.04106e-07
 Reference value :  2.05106e-07
 Reference value :  2.06106e-07
 Reference value :  2.07106e-07
 Reference value :  2.08106e-07
 Reference value :  2.09106e-07
 Reference value :  2.10106e-07
 Reference value :  2.11606e-07
 Reference value :  2.12606e-07
 Reference value :  2.14106e-07
 Reference value :  2.16106e-07
 Reference value :  2.17606e-07
 Reference value :  2.19106e-07
 Reference value :  2.20106e-07
 Reference value :  2.21106e-07
 Reference value :  2.22106e-07
 Reference value :  2.23106e-07
 Reference value :  2.24106e-07
 Reference value :  2.25106e-07
 Reference value :  2.26106e-07
 Reference value :  2.27606e-07
 Reference value :  2.28606e-07
 Reference value :  2.30106e-07
 Reference value :  2.31606e-07
 Reference value :  2.33106e-07
 Reference value :  2.34606e-07
 Reference value :  2.35606e-07
 Reference value :  2.37106e-07
 Reference value :  2.38106e-07
 Reference value :  2.39106e-07
 Reference value :  2.40106e-07
 Reference value :  2.41106e-07
 Reference value :  2.42606e-07
 Reference value :  2.43606e-07
 Reference value :  2.44606e-07
 Reference value :  2.45606e-07
 Reference value :  2.47106e-07
 Reference value :  2.48106e-07
 Reference value :  2.49106e-07
 Reference value :  2.50606e-07
 Reference value :  2.51606e-07
 Reference value :  2.52606e-07
 Reference value :  2.53606e-07
 Reference value :  2.54606e-07
 Reference value :  2.55606e-07
 Reference value :  2.57106e-07
 Reference value :  2.58106e-07
 Reference value :  2.59606e-07
 Reference value :  2.60606e-07
 Reference value :  2.62106e-07
 Reference value :  2.63606e-07
 Reference value :  2.64606e-07
 Reference value :  2.66106e-07
 Reference value :  2.67606e-07
 Reference value :  2.69106e-07
 Reference value :  2.70606e-07
 Reference value :  2.71606e-07
 Reference value :  2.73106e-07
 Reference value :  2.74106e-07
 Reference value :  2.75606e-07
 Reference value :  2.77106e-07
 Reference value :  2.78106e-07
 Reference value :  2.79606e-07
 Reference value :  2.81106e-07
 Reference value :  2.82606e-07
 Reference value :  2.84106e-07
 Reference value :  2.85606e-07
 Reference value :  2.87106e-07
 Reference value :  2.89106e-07
 Reference value :  2.91106e-07
 Reference value :  2.92606e-07
 Reference value :  2.94606e-07
 Reference value :  2.96606e-07
 Reference value :  2.98106e-07
 Reference value :  3.00106e-07
 Reference value :  3.01606e-07
 Reference value :  3.03606e-07
 Reference value :  3.05606e-07
 Reference value :  3.07106e-07
 Reference value :  3.08606e-07
 Reference value :  3.10106e-07
 Reference value :  3.11606e-07
 Reference value :  3.13606e-07
 Reference value :  3.15106e-07
 Reference value :  3.16606e-07
 Reference value :  3.17606e-07
 Reference value :  3.19106e-07
 Reference value :  3.21106e-07
 Reference value :  3.22606e-07
 Reference value :  3.23606e-07
 Reference value :  3.25106e-07
 Reference value :  3.26606e-07
 Reference value :  3.28106e-07
 Reference value :  3.29106e-07
 Reference value :  3.30106e-07
 Reference value :  3.31106e-07
 Reference value :  3.32106e-07
 Reference value :  3.33106e-07
 Reference value :  3.34106e-07
 Reference value :  3.35106e-07
 Reference value :  3.36106e-07
 Reference value :  3.37606e-07
 Reference value :  3.38606e-07
 Reference value :  3.39606e-07
 Reference value :  3.40606e-07
 Reference value :  3.42106e-07
 Reference value :  3.43606e-07
 Reference value :  3.44606e-07
 Reference value :  3.45606e-07
 Reference value :  3.46606e-07
 Reference value :  3.47606e-07
 Reference value :  3.49106e-07
 Reference value :  3.50606e-07
 Reference value :  3.51606e-07
 Reference value :  3.52606e-07
 Reference value :  3.53606e-07
 Reference value :  3.55106e-07
 Reference value :  3.56606e-07
 Reference value :  3.58606e-07
 Reference value :  3.60106e-07
 Reference value :  3.61106e-07
 Reference value :  3.62106e-07
 Reference value :  3.63606e-07
 Reference value :  3.64606e-07
 Reference value :  3.65606e-07
 Reference value :  3.66606e-07
 Reference value :  3.67606e-07
 Reference value :  3.69106e-07
 Reference value :  3.70106e-07
 Reference value :  3.71106e-07
 Reference value :  3.72606e-07
 Reference value :  3.74106e-07
 Reference value :  3.75606e-07
 Reference value :  3.77106e-07
 Reference value :  3.78606e-07
 Reference value :  3.80606e-07
 Reference value :  3.82606e-07
 Reference value :  3.84106e-07
 Reference value :  3.85606e-07
 Reference value :  3.87606e-07
 Reference value :  3.89606e-07
 Reference value :  3.91606e-07
 Reference value :  3.93606e-07
 Reference value :  3.95106e-07
 Reference value :  3.96606e-07
 Reference value :  3.98606e-07
 Reference value :  4.00606e-07
 Reference value :  4.02606e-07
 Reference value :  4.05106e-07
 Reference value :  4.07106e-07
 Reference value :  4.09106e-07
 Reference value :  4.11106e-07
 Reference value :  4.12606e-07
 Reference value :  4.14106e-07
 Reference value :  4.15606e-07
 Reference value :  4.17606e-07
 Reference value :  4.20106e-07
 Reference value :  4.21606e-07
 Reference value :  4.23606e-07
 Reference value :  4.26106e-07
 Reference value :  4.27606e-07
 Reference value :  4.29106e-07
 Reference value :  4.30606e-07
 Reference value :  4.32106e-07
 Reference value :  4.34106e-07
 Reference value :  4.35606e-07
 Reference value :  4.37606e-07
 Reference value :  4.39606e-07
 Reference value :  4.41606e-07
 Reference value :  4.43606e-07
 Reference value :  4.45606e-07
 Reference value :  4.47106e-07
 Reference value :  4.48606e-07
 Reference value :  4.50106e-07
 Reference value :  4.52106e-07
 Reference value :  4.54106e-07
 Reference value :  4.55606e-07
 Reference value :  4.57106e-07
 Reference value :  4.58606e-07
 Reference value :  4.60106e-07
 Reference value :  4.61606e-07
 Reference value :  4.63606e-07
 Reference value :  4.65606e-07
 Reference value :  4.67606e-07
 Reference value :  4.69106e-07
 Reference value :  4.71106e-07
 Reference value :  4.72606e-07
 Reference value :  4.74106e-07
 Reference value :  4.75606e-07
 Reference value :  4.77106e-07
 Reference value :  4.78606e-07
 Reference value :  4.80106e-07
 Reference value :  4.81606e-07
 Reference value :  4.83106e-07
 Reference value :  4.84606e-07
 Reference value :  4.86606e-07
 Reference value :  4.88606e-07
 Reference value :  4.90106e-07
 Reference value :  4.92106e-07
 Reference value :  4.93606e-07
 Reference value :  4.95106e-07
 Reference value :  4.96606e-07
 Reference value :  4.98606e-07
No. of Data Rows : 1023
vtop_p_0            =  9.00000e-01
vtop_n_0            =  2.69763e+00
vtop_p_128          =  1.35018e+00
vtop_n_128          =  2.24746e+00
vtop_p_256          =  1.80018e+00
vtop_n_256          =  1.79746e+00
vtop_p_384          =  2.25036e+00
vtop_n_384          =  1.34727e+00
vtop_p_511          =  2.69763e+00
vtop_n_511          =  9.00000e-01
Note: Simulation executed from .control section 
