
Note: Compatibility modes selected: hs a


Circuit: * cdac-array-transfer -- generated by sim/cdac-array-transfer/run_transfer.py (issue #53)

option SCALE: Scale is set to 1e-06 for instance and model parameters
option SCALE: Scale is set to 1e-06 for instance and model parameters
option SCALE: Scale is set to 1e-06 for instance and model parameters
option SCALE: Scale is set to 1e-06 for instance and model parameters
Doing analysis at TEMP = -40.000000 and TNOM = 27.000000

Using KLU as Direct Linear Solver
 Reference value :  0.00000e+00
 Reference value :  2.00000e-11
 Reference value :  3.20000e-10
 Reference value :  9.20000e-10
 Reference value :  9.69931e-10
 Reference value :  1.00655e-09
 Reference value :  1.03740e-09
 Reference value :  1.10000e-09
 Reference value :  1.13095e-09
 Reference value :  1.20530e-09
 Reference value :  1.63456e-09
 Reference value :  2.60248e-09
 Reference value :  3.60248e-09
 Reference value :  5.10248e-09
 Reference value :  6.10248e-09
 Reference value :  7.10248e-09
 Reference value :  8.10248e-09
 Reference value :  9.10248e-09
 Reference value :  1.01025e-08
 Reference value :  1.16025e-08
 Reference value :  1.31025e-08
 Reference value :  1.46025e-08
 Reference value :  1.56025e-08
 Reference value :  1.71025e-08
 Reference value :  1.81025e-08
 Reference value :  1.96025e-08
 Reference value :  2.06025e-08
 Reference value :  2.21025e-08
 Reference value :  2.36025e-08
 Reference value :  2.51025e-08
 Reference value :  2.66025e-08
 Reference value :  2.81025e-08
 Reference value :  2.91025e-08
 Reference value :  3.01025e-08
 Reference value :  3.11025e-08
 Reference value :  3.21025e-08
 Reference value :  3.36025e-08
 Reference value :  3.46025e-08
 Reference value :  3.56025e-08
 Reference value :  3.66025e-08
 Reference value :  3.76025e-08
 Reference value :  3.86025e-08
 Reference value :  3.96025e-08
 Reference value :  4.11025e-08
 Reference value :  4.21025e-08
 Reference value :  4.36025e-08
 Reference value :  4.46025e-08
 Reference value :  4.61025e-08
 Reference value :  4.76025e-08
 Reference value :  4.91025e-08
 Reference value :  5.01025e-08
 Reference value :  5.11025e-08
 Reference value :  5.21025e-08
 Reference value :  5.31025e-08
 Reference value :  5.46025e-08
 Reference value :  5.56025e-08
 Reference value :  5.66025e-08
 Reference value :  5.81025e-08
 Reference value :  5.91025e-08
 Reference value :  6.01025e-08
 Reference value :  6.11025e-08
 Reference value :  6.21025e-08
 Reference value :  6.31025e-08
 Reference value :  6.41025e-08
 Reference value :  6.56025e-08
 Reference value :  6.66025e-08
 Reference value :  6.81025e-08
 Reference value :  6.91025e-08
 Reference value :  7.01025e-08
 Reference value :  7.11025e-08
 Reference value :  7.26025e-08
 Reference value :  7.41025e-08
 Reference value :  7.56025e-08
 Reference value :  7.66025e-08
 Reference value :  7.76025e-08
 Reference value :  7.91025e-08
 Reference value :  8.01025e-08
 Reference value :  8.11025e-08
 Reference value :  8.21025e-08
 Reference value :  8.31025e-08
 Reference value :  8.46025e-08
 Reference value :  8.61025e-08
 Reference value :  8.71025e-08
 Reference value :  8.86025e-08
 Reference value :  9.01025e-08
 Reference value :  9.21025e-08
 Reference value :  9.41025e-08
 Reference value :  9.56025e-08
 Reference value :  9.71025e-08
 Reference value :  9.91025e-08
 Reference value :  1.00602e-07
 Reference value :  1.02102e-07
 Reference value :  1.03102e-07
 Reference value :  1.04102e-07
 Reference value :  1.05602e-07
 Reference value :  1.07102e-07
 Reference value :  1.08102e-07
 Reference value :  1.09602e-07
 Reference value :  1.11102e-07
 Reference value :  1.12102e-07
 Reference value :  1.13602e-07
 Reference value :  1.15102e-07
 Reference value :  1.16102e-07
 Reference value :  1.17602e-07
 Reference value :  1.18602e-07
 Reference value :  1.20102e-07
 Reference value :  1.21602e-07
 Reference value :  1.23102e-07
 Reference value :  1.24102e-07
 Reference value :  1.25602e-07
 Reference value :  1.26602e-07
 Reference value :  1.27602e-07
 Reference value :  1.28602e-07
 Reference value :  1.29602e-07
 Reference value :  1.31102e-07
 Reference value :  1.32102e-07
 Reference value :  1.33602e-07
 Reference value :  1.34602e-07
 Reference value :  1.35602e-07
 Reference value :  1.37102e-07
 Reference value :  1.38602e-07
 Reference value :  1.39602e-07
 Reference value :  1.40602e-07
 Reference value :  1.41602e-07
 Reference value :  1.43102e-07
 Reference value :  1.44602e-07
 Reference value :  1.45602e-07
 Reference value :  1.46602e-07
 Reference value :  1.47602e-07
 Reference value :  1.49102e-07
 Reference value :  1.50102e-07
 Reference value :  1.51102e-07
 Reference value :  1.52102e-07
 Reference value :  1.53102e-07
 Reference value :  1.54102e-07
 Reference value :  1.55102e-07
 Reference value :  1.56602e-07
 Reference value :  1.57602e-07
 Reference value :  1.58602e-07
 Reference value :  1.60102e-07
 Reference value :  1.61602e-07
 Reference value :  1.63102e-07
 Reference value :  1.64602e-07
 Reference value :  1.65602e-07
 Reference value :  1.66602e-07
 Reference value :  1.67602e-07
 Reference value :  1.68602e-07
 Reference value :  1.69602e-07
 Reference value :  1.71102e-07
 Reference value :  1.72102e-07
 Reference value :  1.73602e-07
 Reference value :  1.75102e-07
 Reference value :  1.76102e-07
 Reference value :  1.77102e-07
 Reference value :  1.78102e-07
 Reference value :  1.79602e-07
 Reference value :  1.80602e-07
 Reference value :  1.82102e-07
 Reference value :  1.83102e-07
 Reference value :  1.84602e-07
 Reference value :  1.85602e-07
 Reference value :  1.86602e-07
 Reference value :  1.88102e-07
 Reference value :  1.89102e-07
 Reference value :  1.90102e-07
 Reference value :  1.91102e-07
 Reference value :  1.92602e-07
 Reference value :  1.94102e-07
 Reference value :  1.95602e-07
 Reference value :  1.97102e-07
 Reference value :  1.98602e-07
 Reference value :  2.00102e-07
 Reference value :  2.01102e-07
 Reference value :  2.02102e-07
 Reference value :  2.03602e-07
 Reference value :  2.05102e-07
 Reference value :  2.06602e-07
 Reference value :  2.08102e-07
 Reference value :  2.09602e-07
 Reference value :  2.10602e-07
 Reference value :  2.11602e-07
 Reference value :  2.13102e-07
 Reference value :  2.14102e-07
 Reference value :  2.15602e-07
 Reference value :  2.17102e-07
 Reference value :  2.18602e-07
 Reference value :  2.20102e-07
 Reference value :  2.21102e-07
 Reference value :  2.22102e-07
 Reference value :  2.23102e-07
 Reference value :  2.24102e-07
 Reference value :  2.25602e-07
 Reference value :  2.27102e-07
 Reference value :  2.28102e-07
 Reference value :  2.29102e-07
 Reference value :  2.30102e-07
 Reference value :  2.31102e-07
 Reference value :  2.32102e-07
 Reference value :  2.33602e-07
 Reference value :  2.34602e-07
 Reference value :  2.36102e-07
 Reference value :  2.37102e-07
 Reference value :  2.38602e-07
 Reference value :  2.39602e-07
 Reference value :  2.41102e-07
 Reference value :  2.42602e-07
 Reference value :  2.44102e-07
 Reference value :  2.45102e-07
 Reference value :  2.46102e-07
 Reference value :  2.47102e-07
 Reference value :  2.48102e-07
 Reference value :  2.49102e-07
 Reference value :  2.50102e-07
 Reference value :  2.51602e-07
 Reference value :  2.53102e-07
 Reference value :  2.54102e-07
 Reference value :  2.55102e-07
 Reference value :  2.56102e-07
 Reference value :  2.57602e-07
 Reference value :  2.59102e-07
 Reference value :  2.60102e-07
 Reference value :  2.61602e-07
 Reference value :  2.62602e-07
 Reference value :  2.64102e-07
 Reference value :  2.65602e-07
 Reference value :  2.67102e-07
 Reference value :  2.68102e-07
 Reference value :  2.69602e-07
 Reference value :  2.71102e-07
 Reference value :  2.72102e-07
 Reference value :  2.73602e-07
 Reference value :  2.74602e-07
 Reference value :  2.75602e-07
 Reference value :  2.76602e-07
 Reference value :  2.78102e-07
 Reference value :  2.79102e-07
 Reference value :  2.80102e-07
 Reference value :  2.81102e-07
 Reference value :  2.82602e-07
 Reference value :  2.84102e-07
 Reference value :  2.85102e-07
 Reference value :  2.86602e-07
 Reference value :  2.87602e-07
 Reference value :  2.88602e-07
 Reference value :  2.89602e-07
 Reference value :  2.90602e-07
 Reference value :  2.91602e-07
 Reference value :  2.92602e-07
 Reference value :  2.93602e-07
 Reference value :  2.94602e-07
 Reference value :  2.96102e-07
 Reference value :  2.97102e-07
 Reference value :  2.98102e-07
 Reference value :  2.99102e-07
 Reference value :  3.00602e-07
 Reference value :  3.02102e-07
 Reference value :  3.03602e-07
 Reference value :  3.04602e-07
 Reference value :  3.05602e-07
 Reference value :  3.06602e-07
 Reference value :  3.07602e-07
 Reference value :  3.08602e-07
 Reference value :  3.10102e-07
 Reference value :  3.11602e-07
 Reference value :  3.13102e-07
 Reference value :  3.14602e-07
 Reference value :  3.16602e-07
 Reference value :  3.18602e-07
 Reference value :  3.20602e-07
 Reference value :  3.22602e-07
 Reference value :  3.25102e-07
 Reference value :  3.27102e-07
 Reference value :  3.28602e-07
 Reference value :  3.30102e-07
 Reference value :  3.32102e-07
 Reference value :  3.34602e-07
 Reference value :  3.36102e-07
 Reference value :  3.37602e-07
 Reference value :  3.39602e-07
 Reference value :  3.41102e-07
 Reference value :  3.43102e-07
 Reference value :  3.44602e-07
 Reference value :  3.46602e-07
 Reference value :  3.48102e-07
 Reference value :  3.50102e-07
 Reference value :  3.52102e-07
 Reference value :  3.53602e-07
 Reference value :  3.55102e-07
 Reference value :  3.57102e-07
 Reference value :  3.59102e-07
 Reference value :  3.60602e-07
 Reference value :  3.62602e-07
 Reference value :  3.64102e-07
 Reference value :  3.66102e-07
 Reference value :  3.68102e-07
 Reference value :  3.69602e-07
 Reference value :  3.71102e-07
 Reference value :  3.72602e-07
 Reference value :  3.74102e-07
 Reference value :  3.75602e-07
 Reference value :  3.77602e-07
 Reference value :  3.79102e-07
 Reference value :  3.80602e-07
 Reference value :  3.82602e-07
 Reference value :  3.84602e-07
 Reference value :  3.86602e-07
 Reference value :  3.88602e-07
 Reference value :  3.90102e-07
 Reference value :  3.91602e-07
 Reference value :  3.93102e-07
 Reference value :  3.95602e-07
 Reference value :  3.98102e-07
 Reference value :  4.00602e-07
 Reference value :  4.02602e-07
 Reference value :  4.05602e-07
 Reference value :  4.08602e-07
 Reference value :  4.11102e-07
 Reference value :  4.13102e-07
 Reference value :  4.15102e-07
 Reference value :  4.17102e-07
 Reference value :  4.18602e-07
 Reference value :  4.20602e-07
 Reference value :  4.22102e-07
 Reference value :  4.23602e-07
 Reference value :  4.25602e-07
 Reference value :  4.27602e-07
 Reference value :  4.29602e-07
 Reference value :  4.31102e-07
 Reference value :  4.32602e-07
 Reference value :  4.34102e-07
 Reference value :  4.36102e-07
 Reference value :  4.38102e-07
 Reference value :  4.40102e-07
 Reference value :  4.41602e-07
 Reference value :  4.43102e-07
 Reference value :  4.45602e-07
 Reference value :  4.47602e-07
 Reference value :  4.49102e-07
 Reference value :  4.51102e-07
 Reference value :  4.53602e-07
 Reference value :  4.56102e-07
 Reference value :  4.58602e-07
 Reference value :  4.61102e-07
 Reference value :  4.62602e-07
 Reference value :  4.65102e-07
 Reference value :  4.66602e-07
 Reference value :  4.68102e-07
 Reference value :  4.70102e-07
 Reference value :  4.72102e-07
 Reference value :  4.73602e-07
 Reference value :  4.75102e-07
 Reference value :  4.77102e-07
 Reference value :  4.79102e-07
 Reference value :  4.80602e-07
 Reference value :  4.82602e-07
 Reference value :  4.84602e-07
 Reference value :  4.86102e-07
 Reference value :  4.88102e-07
 Reference value :  4.90102e-07
 Reference value :  4.91602e-07
 Reference value :  4.93102e-07
 Reference value :  4.95102e-07
 Reference value :  4.96602e-07
 Reference value :  4.98102e-07
 Reference value :  5.00000e-07
No. of Data Rows : 1023
vtop_p_0            =  9.00000e-01
vtop_n_0            =  2.69765e+00
vtop_p_128          =  1.35019e+00
vtop_n_128          =  2.24747e+00
vtop_p_256          =  1.80019e+00
vtop_n_256          =  1.79746e+00
vtop_p_384          =  2.25038e+00
vtop_n_384          =  1.34726e+00
vtop_p_511          =  2.69765e+00
vtop_n_511          =  9.00000e-01
Note: Simulation executed from .control section 
