
Note: Compatibility modes selected: hs a


Circuit: * cdac-array-transfer -- generated by sim/cdac-array-transfer/run_transfer.py (issue #53)

option SCALE: Scale is set to 1e-06 for instance and model parameters
option SCALE: Scale is set to 1e-06 for instance and model parameters
option SCALE: Scale is set to 1e-06 for instance and model parameters
option SCALE: Scale is set to 1e-06 for instance and model parameters
Doing analysis at TEMP = 27.000000 and TNOM = 27.000000

Using KLU as Direct Linear Solver
 Reference value :  0.00000e+00
 Reference value :  4.00000e-11
 Reference value :  3.20000e-10
 Reference value :  9.20000e-10
 Reference value :  9.69710e-10
 Reference value :  9.86701e-10
 Reference value :  1.03773e-09
 Reference value :  1.06342e-09
 Reference value :  1.10000e-09
 Reference value :  1.11097e-09
 Reference value :  1.15487e-09
 Reference value :  1.29345e-09
 Reference value :  1.73299e-09
 Reference value :  2.73299e-09
 Reference value :  3.73299e-09
 Reference value :  4.73299e-09
 Reference value :  5.73299e-09
 Reference value :  7.23299e-09
 Reference value :  9.23299e-09
 Reference value :  1.07330e-08
 Reference value :  1.17330e-08
 Reference value :  1.27330e-08
 Reference value :  1.37330e-08
 Reference value :  1.47330e-08
 Reference value :  1.62330e-08
 Reference value :  1.77330e-08
 Reference value :  1.92330e-08
 Reference value :  2.07330e-08
 Reference value :  2.27330e-08
 Reference value :  2.47330e-08
 Reference value :  2.57330e-08
 Reference value :  2.72330e-08
 Reference value :  2.87330e-08
 Reference value :  3.02330e-08
 Reference value :  3.12330e-08
 Reference value :  3.27330e-08
 Reference value :  3.42330e-08
 Reference value :  3.57330e-08
 Reference value :  3.67330e-08
 Reference value :  3.82330e-08
 Reference value :  3.92330e-08
 Reference value :  4.07330e-08
 Reference value :  4.22330e-08
 Reference value :  4.37330e-08
 Reference value :  4.52330e-08
 Reference value :  4.62330e-08
 Reference value :  4.77330e-08
 Reference value :  4.87330e-08
 Reference value :  5.02330e-08
 Reference value :  5.17330e-08
 Reference value :  5.32330e-08
 Reference value :  5.47330e-08
 Reference value :  5.57330e-08
 Reference value :  5.72330e-08
 Reference value :  5.87330e-08
 Reference value :  6.02330e-08
 Reference value :  6.17330e-08
 Reference value :  6.32330e-08
 Reference value :  6.52330e-08
 Reference value :  6.67330e-08
 Reference value :  6.82330e-08
 Reference value :  6.92330e-08
 Reference value :  7.07330e-08
 Reference value :  7.17330e-08
 Reference value :  7.32330e-08
 Reference value :  7.47330e-08
 Reference value :  7.62330e-08
 Reference value :  7.77330e-08
 Reference value :  7.92330e-08
 Reference value :  8.07330e-08
 Reference value :  8.22330e-08
 Reference value :  8.37330e-08
 Reference value :  8.57330e-08
 Reference value :  8.77330e-08
 Reference value :  8.92330e-08
 Reference value :  9.12330e-08
 Reference value :  9.32330e-08
 Reference value :  9.52330e-08
 Reference value :  9.72330e-08
 Reference value :  9.92330e-08
 Reference value :  1.01233e-07
 Reference value :  1.03233e-07
 Reference value :  1.05233e-07
 Reference value :  1.06733e-07
 Reference value :  1.08733e-07
 Reference value :  1.10733e-07
 Reference value :  1.12233e-07
 Reference value :  1.13733e-07
 Reference value :  1.15733e-07
 Reference value :  1.17733e-07
 Reference value :  1.20233e-07
 Reference value :  1.22233e-07
 Reference value :  1.24233e-07
 Reference value :  1.25733e-07
 Reference value :  1.27233e-07
 Reference value :  1.28733e-07
 Reference value :  1.30233e-07
 Reference value :  1.31733e-07
 Reference value :  1.33233e-07
 Reference value :  1.34733e-07
 Reference value :  1.36233e-07
 Reference value :  1.38233e-07
 Reference value :  1.39733e-07
 Reference value :  1.41233e-07
 Reference value :  1.42733e-07
 Reference value :  1.44233e-07
 Reference value :  1.45233e-07
 Reference value :  1.46233e-07
 Reference value :  1.47733e-07
 Reference value :  1.49233e-07
 Reference value :  1.50233e-07
 Reference value :  1.51233e-07
 Reference value :  1.52733e-07
 Reference value :  1.54233e-07
 Reference value :  1.55233e-07
 Reference value :  1.56733e-07
 Reference value :  1.57733e-07
 Reference value :  1.59233e-07
 Reference value :  1.60233e-07
 Reference value :  1.61733e-07
 Reference value :  1.63233e-07
 Reference value :  1.64233e-07
 Reference value :  1.65233e-07
 Reference value :  1.66733e-07
 Reference value :  1.68233e-07
 Reference value :  1.69233e-07
 Reference value :  1.70733e-07
 Reference value :  1.71733e-07
 Reference value :  1.73233e-07
 Reference value :  1.74733e-07
 Reference value :  1.75733e-07
 Reference value :  1.77233e-07
 Reference value :  1.78733e-07
 Reference value :  1.80233e-07
 Reference value :  1.81733e-07
 Reference value :  1.82733e-07
 Reference value :  1.83733e-07
 Reference value :  1.84733e-07
 Reference value :  1.86233e-07
 Reference value :  1.87733e-07
 Reference value :  1.89233e-07
 Reference value :  1.90733e-07
 Reference value :  1.92233e-07
 Reference value :  1.93733e-07
 Reference value :  1.94733e-07
 Reference value :  1.95733e-07
 Reference value :  1.97233e-07
 Reference value :  1.98233e-07
 Reference value :  1.99233e-07
 Reference value :  2.00233e-07
 Reference value :  2.01233e-07
 Reference value :  2.02733e-07
 Reference value :  2.04233e-07
 Reference value :  2.05733e-07
 Reference value :  2.07233e-07
 Reference value :  2.08733e-07
 Reference value :  2.09733e-07
 Reference value :  2.11233e-07
 Reference value :  2.12733e-07
 Reference value :  2.14233e-07
 Reference value :  2.15733e-07
 Reference value :  2.16733e-07
 Reference value :  2.17733e-07
 Reference value :  2.18733e-07
 Reference value :  2.20233e-07
 Reference value :  2.21733e-07
 Reference value :  2.23233e-07
 Reference value :  2.24233e-07
 Reference value :  2.25233e-07
 Reference value :  2.26733e-07
 Reference value :  2.27733e-07
 Reference value :  2.29233e-07
 Reference value :  2.30233e-07
 Reference value :  2.31733e-07
 Reference value :  2.32733e-07
 Reference value :  2.33733e-07
 Reference value :  2.34733e-07
 Reference value :  2.36233e-07
 Reference value :  2.37733e-07
 Reference value :  2.38733e-07
 Reference value :  2.39733e-07
 Reference value :  2.40733e-07
 Reference value :  2.41733e-07
 Reference value :  2.43233e-07
 Reference value :  2.44733e-07
 Reference value :  2.45733e-07
 Reference value :  2.46733e-07
 Reference value :  2.48233e-07
 Reference value :  2.49733e-07
 Reference value :  2.51233e-07
 Reference value :  2.52233e-07
 Reference value :  2.53233e-07
 Reference value :  2.54233e-07
 Reference value :  2.55733e-07
 Reference value :  2.56733e-07
 Reference value :  2.58233e-07
 Reference value :  2.59233e-07
 Reference value :  2.60233e-07
 Reference value :  2.61733e-07
 Reference value :  2.63233e-07
 Reference value :  2.64733e-07
 Reference value :  2.66233e-07
 Reference value :  2.67733e-07
 Reference value :  2.69233e-07
 Reference value :  2.70733e-07
 Reference value :  2.71733e-07
 Reference value :  2.73233e-07
 Reference value :  2.74233e-07
 Reference value :  2.75233e-07
 Reference value :  2.76733e-07
 Reference value :  2.77733e-07
 Reference value :  2.78733e-07
 Reference value :  2.79733e-07
 Reference value :  2.80733e-07
 Reference value :  2.82233e-07
 Reference value :  2.83233e-07
 Reference value :  2.84233e-07
 Reference value :  2.85733e-07
 Reference value :  2.87233e-07
 Reference value :  2.88233e-07
 Reference value :  2.89233e-07
 Reference value :  2.90233e-07
 Reference value :  2.91233e-07
 Reference value :  2.92733e-07
 Reference value :  2.94233e-07
 Reference value :  2.95733e-07
 Reference value :  2.97233e-07
 Reference value :  2.98733e-07
 Reference value :  2.99733e-07
 Reference value :  3.01233e-07
 Reference value :  3.02733e-07
 Reference value :  3.04233e-07
 Reference value :  3.05733e-07
 Reference value :  3.07233e-07
 Reference value :  3.08733e-07
 Reference value :  3.10233e-07
 Reference value :  3.11733e-07
 Reference value :  3.13233e-07
 Reference value :  3.14233e-07
 Reference value :  3.15733e-07
 Reference value :  3.17233e-07
 Reference value :  3.19233e-07
 Reference value :  3.20733e-07
 Reference value :  3.22733e-07
 Reference value :  3.24233e-07
 Reference value :  3.25733e-07
 Reference value :  3.27233e-07
 Reference value :  3.28733e-07
 Reference value :  3.30233e-07
 Reference value :  3.31733e-07
 Reference value :  3.33233e-07
 Reference value :  3.34733e-07
 Reference value :  3.36233e-07
 Reference value :  3.37733e-07
 Reference value :  3.39233e-07
 Reference value :  3.40733e-07
 Reference value :  3.42233e-07
 Reference value :  3.43733e-07
 Reference value :  3.45233e-07
 Reference value :  3.46733e-07
 Reference value :  3.48733e-07
 Reference value :  3.50733e-07
 Reference value :  3.52233e-07
 Reference value :  3.53733e-07
 Reference value :  3.55233e-07
 Reference value :  3.57233e-07
 Reference value :  3.59233e-07
 Reference value :  3.60733e-07
 Reference value :  3.62233e-07
 Reference value :  3.63733e-07
 Reference value :  3.65233e-07
 Reference value :  3.66733e-07
 Reference value :  3.68733e-07
 Reference value :  3.70733e-07
 Reference value :  3.72233e-07
 Reference value :  3.74233e-07
 Reference value :  3.75733e-07
 Reference value :  3.77233e-07
 Reference value :  3.78733e-07
 Reference value :  3.80733e-07
 Reference value :  3.82733e-07
 Reference value :  3.84733e-07
 Reference value :  3.86733e-07
 Reference value :  3.88733e-07
 Reference value :  3.90233e-07
 Reference value :  3.92233e-07
 Reference value :  3.93733e-07
 Reference value :  3.95233e-07
 Reference value :  3.96733e-07
 Reference value :  3.98233e-07
 Reference value :  3.99733e-07
 Reference value :  4.01233e-07
 Reference value :  4.02233e-07
 Reference value :  4.03233e-07
 Reference value :  4.04233e-07
 Reference value :  4.05733e-07
 Reference value :  4.07233e-07
 Reference value :  4.08733e-07
 Reference value :  4.10233e-07
 Reference value :  4.12233e-07
 Reference value :  4.14233e-07
 Reference value :  4.15733e-07
 Reference value :  4.17233e-07
 Reference value :  4.18733e-07
 Reference value :  4.20233e-07
 Reference value :  4.21733e-07
 Reference value :  4.23233e-07
 Reference value :  4.24733e-07
 Reference value :  4.26233e-07
 Reference value :  4.27733e-07
 Reference value :  4.29233e-07
 Reference value :  4.30733e-07
 Reference value :  4.32233e-07
 Reference value :  4.33733e-07
 Reference value :  4.35733e-07
 Reference value :  4.37233e-07
 Reference value :  4.38733e-07
 Reference value :  4.40233e-07
 Reference value :  4.41733e-07
 Reference value :  4.43233e-07
 Reference value :  4.45233e-07
 Reference value :  4.46733e-07
 Reference value :  4.48733e-07
 Reference value :  4.50233e-07
 Reference value :  4.51733e-07
 Reference value :  4.53733e-07
 Reference value :  4.55733e-07
 Reference value :  4.57233e-07
 Reference value :  4.58733e-07
 Reference value :  4.60733e-07
 Reference value :  4.62733e-07
 Reference value :  4.64733e-07
 Reference value :  4.66233e-07
 Reference value :  4.68233e-07
 Reference value :  4.69733e-07
 Reference value :  4.71233e-07
 Reference value :  4.73233e-07
 Reference value :  4.74733e-07
 Reference value :  4.76233e-07
 Reference value :  4.77733e-07
 Reference value :  4.79233e-07
 Reference value :  4.81233e-07
 Reference value :  4.83233e-07
 Reference value :  4.85733e-07
 Reference value :  4.87733e-07
 Reference value :  4.89233e-07
 Reference value :  4.91233e-07
 Reference value :  4.92733e-07
 Reference value :  4.94233e-07
 Reference value :  4.95733e-07
 Reference value :  4.97233e-07
 Reference value :  4.98733e-07
No. of Data Rows : 1024
vtop_p_0            =  9.90000e-01
vtop_n_0            =  2.96629e+00
vtop_p_128          =  1.48506e+00
vtop_n_128          =  2.47120e+00
vtop_p_256          =  1.98007e+00
vtop_n_256          =  1.97620e+00
vtop_p_384          =  2.47513e+00
vtop_n_384          =  1.48113e+00
vtop_p_511          =  2.96629e+00
vtop_n_511          =  9.90000e-01
Note: Simulation executed from .control section 
