
Note: Compatibility modes selected: hs a


Circuit: * cdac-array-transfer -- generated by sim/cdac-array-transfer/run_transfer.py (issue #53)

option SCALE: Scale is set to 1e-06 for instance and model parameters
option SCALE: Scale is set to 1e-06 for instance and model parameters
option SCALE: Scale is set to 1e-06 for instance and model parameters
option SCALE: Scale is set to 1e-06 for instance and model parameters
Doing analysis at TEMP = 27.000000 and TNOM = 27.000000

Using KLU as Direct Linear Solver
 Reference value :  0.00000e+00
 Reference value :  2.00000e-11
 Reference value :  3.20000e-10
 Reference value :  9.20000e-10
 Reference value :  9.70201e-10
 Reference value :  9.88052e-10
 Reference value :  1.04734e-09
 Reference value :  1.10000e-09
 Reference value :  1.11200e-09
 Reference value :  1.15998e-09
 Reference value :  1.28808e-09
 Reference value :  2.12521e-09
 Reference value :  3.12521e-09
 Reference value :  4.12521e-09
 Reference value :  5.12521e-09
 Reference value :  6.12521e-09
 Reference value :  7.12521e-09
 Reference value :  8.12521e-09
 Reference value :  9.12521e-09
 Reference value :  1.01252e-08
 Reference value :  1.11252e-08
 Reference value :  1.26252e-08
 Reference value :  1.41252e-08
 Reference value :  1.51252e-08
 Reference value :  1.61252e-08
 Reference value :  1.76252e-08
 Reference value :  1.86252e-08
 Reference value :  2.01252e-08
 Reference value :  2.16252e-08
 Reference value :  2.31252e-08
 Reference value :  2.41252e-08
 Reference value :  2.51252e-08
 Reference value :  2.66252e-08
 Reference value :  2.76252e-08
 Reference value :  2.86252e-08
 Reference value :  2.96252e-08
 Reference value :  3.06252e-08
 Reference value :  3.21252e-08
 Reference value :  3.31252e-08
 Reference value :  3.46252e-08
 Reference value :  3.61252e-08
 Reference value :  3.76252e-08
 Reference value :  3.91252e-08
 Reference value :  4.01252e-08
 Reference value :  4.11252e-08
 Reference value :  4.26252e-08
 Reference value :  4.36252e-08
 Reference value :  4.46252e-08
 Reference value :  4.56252e-08
 Reference value :  4.66252e-08
 Reference value :  4.81252e-08
 Reference value :  4.91252e-08
 Reference value :  5.01252e-08
 Reference value :  5.11252e-08
 Reference value :  5.21252e-08
 Reference value :  5.31252e-08
 Reference value :  5.41252e-08
 Reference value :  5.51252e-08
 Reference value :  5.61252e-08
 Reference value :  5.71252e-08
 Reference value :  5.81252e-08
 Reference value :  5.91252e-08
 Reference value :  6.01252e-08
 Reference value :  6.16252e-08
 Reference value :  6.26252e-08
 Reference value :  6.36252e-08
 Reference value :  6.46252e-08
 Reference value :  6.56252e-08
 Reference value :  6.66252e-08
 Reference value :  6.81252e-08
 Reference value :  6.91252e-08
 Reference value :  7.01252e-08
 Reference value :  7.11252e-08
 Reference value :  7.21252e-08
 Reference value :  7.36252e-08
 Reference value :  7.46252e-08
 Reference value :  7.61252e-08
 Reference value :  7.71252e-08
 Reference value :  7.81252e-08
 Reference value :  7.91252e-08
 Reference value :  8.01252e-08
 Reference value :  8.16252e-08
 Reference value :  8.31252e-08
 Reference value :  8.41252e-08
 Reference value :  8.51252e-08
 Reference value :  8.61252e-08
 Reference value :  8.76252e-08
 Reference value :  8.91252e-08
 Reference value :  9.01252e-08
 Reference value :  9.11252e-08
 Reference value :  9.26252e-08
 Reference value :  9.36252e-08
 Reference value :  9.51252e-08
 Reference value :  9.66252e-08
 Reference value :  9.76252e-08
 Reference value :  9.86252e-08
 Reference value :  9.96252e-08
 Reference value :  1.01125e-07
 Reference value :  1.02125e-07
 Reference value :  1.03125e-07
 Reference value :  1.04125e-07
 Reference value :  1.05625e-07
 Reference value :  1.06625e-07
 Reference value :  1.07625e-07
 Reference value :  1.09125e-07
 Reference value :  1.10625e-07
 Reference value :  1.12125e-07
 Reference value :  1.13125e-07
 Reference value :  1.14625e-07
 Reference value :  1.15625e-07
 Reference value :  1.16625e-07
 Reference value :  1.18125e-07
 Reference value :  1.19625e-07
 Reference value :  1.21125e-07
 Reference value :  1.22125e-07
 Reference value :  1.23125e-07
 Reference value :  1.24125e-07
 Reference value :  1.25125e-07
 Reference value :  1.26625e-07
 Reference value :  1.27625e-07
 Reference value :  1.29125e-07
 Reference value :  1.30625e-07
 Reference value :  1.32125e-07
 Reference value :  1.33625e-07
 Reference value :  1.34625e-07
 Reference value :  1.36125e-07
 Reference value :  1.37625e-07
 Reference value :  1.38625e-07
 Reference value :  1.40625e-07
 Reference value :  1.41625e-07
 Reference value :  1.42625e-07
 Reference value :  1.43625e-07
 Reference value :  1.44625e-07
 Reference value :  1.45625e-07
 Reference value :  1.46625e-07
 Reference value :  1.47625e-07
 Reference value :  1.49125e-07
 Reference value :  1.50125e-07
 Reference value :  1.51625e-07
 Reference value :  1.52625e-07
 Reference value :  1.54125e-07
 Reference value :  1.55625e-07
 Reference value :  1.57125e-07
 Reference value :  1.58625e-07
 Reference value :  1.60625e-07
 Reference value :  1.62125e-07
 Reference value :  1.63625e-07
 Reference value :  1.65125e-07
 Reference value :  1.67125e-07
 Reference value :  1.68625e-07
 Reference value :  1.70125e-07
 Reference value :  1.71625e-07
 Reference value :  1.72625e-07
 Reference value :  1.74125e-07
 Reference value :  1.75625e-07
 Reference value :  1.76625e-07
 Reference value :  1.78125e-07
 Reference value :  1.79125e-07
 Reference value :  1.80125e-07
 Reference value :  1.81625e-07
 Reference value :  1.83125e-07
 Reference value :  1.84125e-07
 Reference value :  1.85125e-07
 Reference value :  1.86625e-07
 Reference value :  1.87625e-07
 Reference value :  1.88625e-07
 Reference value :  1.89625e-07
 Reference value :  1.91125e-07
 Reference value :  1.92625e-07
 Reference value :  1.93625e-07
 Reference value :  1.94625e-07
 Reference value :  1.95625e-07
 Reference value :  1.96625e-07
 Reference value :  1.97625e-07
 Reference value :  1.98625e-07
 Reference value :  2.00125e-07
 Reference value :  2.01125e-07
 Reference value :  2.02125e-07
 Reference value :  2.03125e-07
 Reference value :  2.04125e-07
 Reference value :  2.05125e-07
 Reference value :  2.06125e-07
 Reference value :  2.07625e-07
 Reference value :  2.08625e-07
 Reference value :  2.10125e-07
 Reference value :  2.11625e-07
 Reference value :  2.13125e-07
 Reference value :  2.14125e-07
 Reference value :  2.15125e-07
 Reference value :  2.16625e-07
 Reference value :  2.17625e-07
 Reference value :  2.18625e-07
 Reference value :  2.19625e-07
 Reference value :  2.20625e-07
 Reference value :  2.21625e-07
 Reference value :  2.22625e-07
 Reference value :  2.23625e-07
 Reference value :  2.24625e-07
 Reference value :  2.25625e-07
 Reference value :  2.26625e-07
 Reference value :  2.27625e-07
 Reference value :  2.28625e-07
 Reference value :  2.29625e-07
 Reference value :  2.30625e-07
 Reference value :  2.32125e-07
 Reference value :  2.33625e-07
 Reference value :  2.34625e-07
 Reference value :  2.35625e-07
 Reference value :  2.36625e-07
 Reference value :  2.37625e-07
 Reference value :  2.38625e-07
 Reference value :  2.39625e-07
 Reference value :  2.40625e-07
 Reference value :  2.41625e-07
 Reference value :  2.42625e-07
 Reference value :  2.44125e-07
 Reference value :  2.45125e-07
 Reference value :  2.46125e-07
 Reference value :  2.47125e-07
 Reference value :  2.48125e-07
 Reference value :  2.49625e-07
 Reference value :  2.50625e-07
 Reference value :  2.51625e-07
 Reference value :  2.53125e-07
 Reference value :  2.54625e-07
 Reference value :  2.55625e-07
 Reference value :  2.56625e-07
 Reference value :  2.57625e-07
 Reference value :  2.58625e-07
 Reference value :  2.59625e-07
 Reference value :  2.61125e-07
 Reference value :  2.62125e-07
 Reference value :  2.63125e-07
 Reference value :  2.64125e-07
 Reference value :  2.65625e-07
 Reference value :  2.67125e-07
 Reference value :  2.68125e-07
 Reference value :  2.69125e-07
 Reference value :  2.70125e-07
 Reference value :  2.71125e-07
 Reference value :  2.72125e-07
 Reference value :  2.73625e-07
 Reference value :  2.74625e-07
 Reference value :  2.75625e-07
 Reference value :  2.77125e-07
 Reference value :  2.78625e-07
 Reference value :  2.79625e-07
 Reference value :  2.80625e-07
 Reference value :  2.81625e-07
 Reference value :  2.82625e-07
 Reference value :  2.83625e-07
 Reference value :  2.84625e-07
 Reference value :  2.85625e-07
 Reference value :  2.86625e-07
 Reference value :  2.87625e-07
 Reference value :  2.88625e-07
 Reference value :  2.89625e-07
 Reference value :  2.90625e-07
 Reference value :  2.91625e-07
 Reference value :  2.92625e-07
 Reference value :  2.94125e-07
 Reference value :  2.95125e-07
 Reference value :  2.96625e-07
 Reference value :  2.97625e-07
 Reference value :  2.98625e-07
 Reference value :  2.99625e-07
 Reference value :  3.00625e-07
 Reference value :  3.01625e-07
 Reference value :  3.02625e-07
 Reference value :  3.03625e-07
 Reference value :  3.04625e-07
 Reference value :  3.05625e-07
 Reference value :  3.06625e-07
 Reference value :  3.07625e-07
 Reference value :  3.08625e-07
 Reference value :  3.09625e-07
 Reference value :  3.10625e-07
 Reference value :  3.11625e-07
 Reference value :  3.12625e-07
 Reference value :  3.13625e-07
 Reference value :  3.15125e-07
 Reference value :  3.16125e-07
 Reference value :  3.17125e-07
 Reference value :  3.18625e-07
 Reference value :  3.20125e-07
 Reference value :  3.21625e-07
 Reference value :  3.23125e-07
 Reference value :  3.24625e-07
 Reference value :  3.26125e-07
 Reference value :  3.27625e-07
 Reference value :  3.28625e-07
 Reference value :  3.29625e-07
 Reference value :  3.30625e-07
 Reference value :  3.32125e-07
 Reference value :  3.33125e-07
 Reference value :  3.34125e-07
 Reference value :  3.35625e-07
 Reference value :  3.36625e-07
 Reference value :  3.37625e-07
 Reference value :  3.38625e-07
 Reference value :  3.39625e-07
 Reference value :  3.40625e-07
 Reference value :  3.41625e-07
 Reference value :  3.42625e-07
 Reference value :  3.43625e-07
 Reference value :  3.44625e-07
 Reference value :  3.45625e-07
 Reference value :  3.47125e-07
 Reference value :  3.48625e-07
 Reference value :  3.49625e-07
 Reference value :  3.50625e-07
 Reference value :  3.51625e-07
 Reference value :  3.53125e-07
 Reference value :  3.54625e-07
 Reference value :  3.55625e-07
 Reference value :  3.56625e-07
 Reference value :  3.58125e-07
 Reference value :  3.59125e-07
 Reference value :  3.60125e-07
 Reference value :  3.61625e-07
 Reference value :  3.62625e-07
 Reference value :  3.63625e-07
 Reference value :  3.64625e-07
 Reference value :  3.65625e-07
 Reference value :  3.66625e-07
 Reference value :  3.68125e-07
 Reference value :  3.69625e-07
 Reference value :  3.70625e-07
 Reference value :  3.71625e-07
 Reference value :  3.72625e-07
 Reference value :  3.73625e-07
 Reference value :  3.74625e-07
 Reference value :  3.76125e-07
 Reference value :  3.77625e-07
 Reference value :  3.79125e-07
 Reference value :  3.80625e-07
 Reference value :  3.82125e-07
 Reference value :  3.83125e-07
 Reference value :  3.84125e-07
 Reference value :  3.85125e-07
 Reference value :  3.86125e-07
 Reference value :  3.87125e-07
 Reference value :  3.88125e-07
 Reference value :  3.89625e-07
 Reference value :  3.90625e-07
 Reference value :  3.91625e-07
 Reference value :  3.92625e-07
 Reference value :  3.93625e-07
 Reference value :  3.94625e-07
 Reference value :  3.95625e-07
 Reference value :  3.96625e-07
 Reference value :  3.97625e-07
 Reference value :  3.98625e-07
 Reference value :  3.99625e-07
 Reference value :  4.00625e-07
 Reference value :  4.01625e-07
 Reference value :  4.02625e-07
 Reference value :  4.03625e-07
 Reference value :  4.04625e-07
 Reference value :  4.06125e-07
 Reference value :  4.07125e-07
 Reference value :  4.08125e-07
 Reference value :  4.09625e-07
 Reference value :  4.10625e-07
 Reference value :  4.11625e-07
 Reference value :  4.13125e-07
 Reference value :  4.14625e-07
 Reference value :  4.15625e-07
 Reference value :  4.17125e-07
 Reference value :  4.18625e-07
 Reference value :  4.20125e-07
 Reference value :  4.21625e-07
 Reference value :  4.22625e-07
 Reference value :  4.23625e-07
 Reference value :  4.24625e-07
 Reference value :  4.26125e-07
 Reference value :  4.27625e-07
 Reference value :  4.28625e-07
 Reference value :  4.30125e-07
 Reference value :  4.31125e-07
 Reference value :  4.32125e-07
 Reference value :  4.33125e-07
 Reference value :  4.34125e-07
 Reference value :  4.35125e-07
 Reference value :  4.36125e-07
 Reference value :  4.37125e-07
 Reference value :  4.38125e-07
 Reference value :  4.39125e-07
 Reference value :  4.40125e-07
 Reference value :  4.41125e-07
 Reference value :  4.42125e-07
 Reference value :  4.43125e-07
 Reference value :  4.44125e-07
 Reference value :  4.45125e-07
 Reference value :  4.46625e-07
 Reference value :  4.47625e-07
 Reference value :  4.49125e-07
 Reference value :  4.50125e-07
 Reference value :  4.51125e-07
 Reference value :  4.52125e-07
 Reference value :  4.53125e-07
 Reference value :  4.54125e-07
 Reference value :  4.55125e-07
 Reference value :  4.56125e-07
 Reference value :  4.57125e-07
 Reference value :  4.58625e-07
 Reference value :  4.60125e-07
 Reference value :  4.61625e-07
 Reference value :  4.63125e-07
 Reference value :  4.64625e-07
 Reference value :  4.65625e-07
 Reference value :  4.67125e-07
 Reference value :  4.68125e-07
 Reference value :  4.69125e-07
 Reference value :  4.70125e-07
 Reference value :  4.71125e-07
 Reference value :  4.72125e-07
 Reference value :  4.73125e-07
 Reference value :  4.74125e-07
 Reference value :  4.75125e-07
 Reference value :  4.76625e-07
 Reference value :  4.78125e-07
 Reference value :  4.79125e-07
 Reference value :  4.80125e-07
 Reference value :  4.81125e-07
 Reference value :  4.82125e-07
 Reference value :  4.83125e-07
 Reference value :  4.84125e-07
 Reference value :  4.85125e-07
 Reference value :  4.86125e-07
 Reference value :  4.87125e-07
 Reference value :  4.88125e-07
 Reference value :  4.89125e-07
 Reference value :  4.90125e-07
 Reference value :  4.91125e-07
 Reference value :  4.92625e-07
 Reference value :  4.93625e-07
 Reference value :  4.94625e-07
 Reference value :  4.95625e-07
 Reference value :  4.96625e-07
 Reference value :  4.97625e-07
 Reference value :  4.98625e-07
 Reference value :  4.99563e-07
No. of Data Rows : 1023
vtop_p_0            =  8.10000e-01
vtop_n_0            =  2.42784e+00
vtop_p_128          =  1.21516e+00
vtop_n_128          =  2.02270e+00
vtop_p_256          =  1.62016e+00
vtop_n_256          =  1.61769e+00
vtop_p_384          =  2.02532e+00
vtop_n_384          =  1.21253e+00
vtop_p_511          =  2.42784e+00
vtop_n_511          =  8.10000e-01
Note: Simulation executed from .control section 
