
Note: Compatibility modes selected: hs a


Circuit: * comparator-decision offset pick-off -- vindiff=0.0mv corner=tt_mm temp=27.0c seed=7 (issue #54)

option SCALE: Scale is set to 1e-06 for instance and model parameters
option SCALE: Scale is set to 1e-06 for instance and model parameters
option SCALE: Scale is set to 1e-06 for instance and model parameters
option SCALE: Scale is set to 1e-06 for instance and model parameters
Doing analysis at TEMP = 27.000000 and TNOM = 27.000000

Using KLU as Direct Linear Solver
 Reference value :  0.00000e+00
 Reference value :  1.60000e-13
 Reference value :  2.56000e-12
 Reference value :  1.25600e-11
 Reference value :  2.25600e-11
 Reference value :  3.25600e-11
 Reference value :  4.05600e-11
 Reference value :  4.85600e-11
 Reference value :  5.65600e-11
 Reference value :  6.85600e-11
 Reference value :  7.65600e-11
 Reference value :  8.25600e-11
 Reference value :  9.25600e-11
 Reference value :  1.02560e-10
 Reference value :  1.12560e-10
 Reference value :  1.22560e-10
 Reference value :  1.30560e-10
 Reference value :  1.38560e-10
 Reference value :  1.48560e-10
 Reference value :  1.58560e-10
 Reference value :  1.70560e-10
 Reference value :  1.82560e-10
 Reference value :  1.92560e-10
 Reference value :  2.04560e-10
 Reference value :  2.14560e-10
 Reference value :  2.22560e-10
 Reference value :  2.32560e-10
 Reference value :  2.38560e-10
 Reference value :  2.46560e-10
 Reference value :  2.54560e-10
 Reference value :  2.62560e-10
 Reference value :  2.68560e-10
 Reference value :  2.76560e-10
 Reference value :  2.84560e-10
 Reference value :  2.90560e-10
 Reference value :  2.96560e-10
 Reference value :  3.06560e-10
 Reference value :  3.16560e-10
 Reference value :  3.24560e-10
 Reference value :  3.34560e-10
 Reference value :  3.44560e-10
 Reference value :  3.52560e-10
 Reference value :  3.58560e-10
 Reference value :  3.66560e-10
 Reference value :  3.74560e-10
 Reference value :  3.82560e-10
 Reference value :  3.94560e-10
 Reference value :  4.02560e-10
 Reference value :  4.12560e-10
 Reference value :  4.22560e-10
 Reference value :  4.32560e-10
 Reference value :  4.42560e-10
 Reference value :  4.50560e-10
 Reference value :  4.58560e-10
 Reference value :  4.66560e-10
 Reference value :  4.74560e-10
 Reference value :  4.84560e-10
 Reference value :  4.92560e-10
 Reference value :  4.98560e-10
 Reference value :  5.06560e-10
 Reference value :  5.14560e-10
 Reference value :  5.22560e-10
 Reference value :  5.30560e-10
 Reference value :  5.42560e-10
 Reference value :  5.52560e-10
 Reference value :  5.64560e-10
 Reference value :  5.76560e-10
 Reference value :  5.88560e-10
 Reference value :  5.96560e-10
 Reference value :  6.04560e-10
 Reference value :  6.12560e-10
 Reference value :  6.20560e-10
 Reference value :  6.30560e-10
 Reference value :  6.38560e-10
 Reference value :  6.48560e-10
 Reference value :  6.56560e-10
 Reference value :  6.66560e-10
 Reference value :  6.74560e-10
 Reference value :  6.82560e-10
 Reference value :  6.92560e-10
 Reference value :  7.02560e-10
 Reference value :  7.12560e-10
 Reference value :  7.24560e-10
 Reference value :  7.32560e-10
 Reference value :  7.44560e-10
 Reference value :  7.54560e-10
 Reference value :  7.64560e-10
 Reference value :  7.76560e-10
 Reference value :  7.86560e-10
 Reference value :  7.94560e-10
 Reference value :  8.02560e-10
 Reference value :  8.10560e-10
 Reference value :  8.18560e-10
 Reference value :  8.26560e-10
 Reference value :  8.32560e-10
 Reference value :  8.38560e-10
 Reference value :  8.46560e-10
 Reference value :  8.54560e-10
 Reference value :  8.62560e-10
 Reference value :  8.70560e-10
 Reference value :  8.78560e-10
 Reference value :  8.86560e-10
 Reference value :  8.94560e-10
 Reference value :  9.02560e-10
 Reference value :  9.10560e-10
 Reference value :  9.20560e-10
 Reference value :  9.32560e-10
 Reference value :  9.44560e-10
 Reference value :  9.54560e-10
 Reference value :  9.64560e-10
 Reference value :  9.74560e-10
 Reference value :  9.84560e-10
 Reference value :  9.94560e-10
 Reference value :  1.00656e-09
 Reference value :  1.01656e-09
 Reference value :  1.02456e-09
 Reference value :  1.03256e-09
 Reference value :  1.04456e-09
 Reference value :  1.05456e-09
 Reference value :  1.06656e-09
 Reference value :  1.07256e-09
 Reference value :  1.08256e-09
 Reference value :  1.09456e-09
 Reference value :  1.10656e-09
 Reference value :  1.11856e-09
 Reference value :  1.12856e-09
 Reference value :  1.13656e-09
 Reference value :  1.14656e-09
 Reference value :  1.15456e-09
 Reference value :  1.16256e-09
 Reference value :  1.17256e-09
 Reference value :  1.18056e-09
 Reference value :  1.18856e-09
 Reference value :  1.19856e-09
 Reference value :  1.21056e-09
 Reference value :  1.22256e-09
 Reference value :  1.23456e-09
 Reference value :  1.24656e-09
 Reference value :  1.25856e-09
 Reference value :  1.26856e-09
 Reference value :  1.27856e-09
 Reference value :  1.28656e-09
 Reference value :  1.29656e-09
 Reference value :  1.30656e-09
 Reference value :  1.31856e-09
 Reference value :  1.33056e-09
 Reference value :  1.34256e-09
 Reference value :  1.34856e-09
 Reference value :  1.35656e-09
 Reference value :  1.36456e-09
 Reference value :  1.37056e-09
 Reference value :  1.37856e-09
 Reference value :  1.38856e-09
 Reference value :  1.39856e-09
 Reference value :  1.40856e-09
 Reference value :  1.41856e-09
 Reference value :  1.42856e-09
 Reference value :  1.43856e-09
 Reference value :  1.44856e-09
 Reference value :  1.45856e-09
 Reference value :  1.46856e-09
 Reference value :  1.47856e-09
 Reference value :  1.48656e-09
 Reference value :  1.49856e-09
 Reference value :  1.50856e-09
 Reference value :  1.51656e-09
 Reference value :  1.52456e-09
 Reference value :  1.53256e-09
 Reference value :  1.54056e-09
 Reference value :  1.54856e-09
 Reference value :  1.55656e-09
 Reference value :  1.56456e-09
 Reference value :  1.57256e-09
 Reference value :  1.58056e-09
 Reference value :  1.58856e-09
 Reference value :  1.59856e-09
 Reference value :  1.60856e-09
 Reference value :  1.61856e-09
 Reference value :  1.62656e-09
 Reference value :  1.63456e-09
 Reference value :  1.64256e-09
 Reference value :  1.65056e-09
 Reference value :  1.66056e-09
 Reference value :  1.67056e-09
 Reference value :  1.68056e-09
 Reference value :  1.68856e-09
 Reference value :  1.69656e-09
 Reference value :  1.70656e-09
 Reference value :  1.71656e-09
 Reference value :  1.72656e-09
 Reference value :  1.73656e-09
 Reference value :  1.74656e-09
 Reference value :  1.75656e-09
 Reference value :  1.76656e-09
 Reference value :  1.77656e-09
 Reference value :  1.78656e-09
 Reference value :  1.79656e-09
 Reference value :  1.80656e-09
 Reference value :  1.81456e-09
 Reference value :  1.82256e-09
 Reference value :  1.83056e-09
 Reference value :  1.84056e-09
 Reference value :  1.85056e-09
 Reference value :  1.86056e-09
 Reference value :  1.86856e-09
 Reference value :  1.87656e-09
 Reference value :  1.88456e-09
 Reference value :  1.89456e-09
 Reference value :  1.90256e-09
 Reference value :  1.91056e-09
 Reference value :  1.91856e-09
 Reference value :  1.92856e-09
 Reference value :  1.93856e-09
 Reference value :  1.95056e-09
 Reference value :  1.96256e-09
 Reference value :  1.97456e-09
 Reference value :  1.98056e-09
 Reference value :  1.98856e-09
 Reference value :  1.99656e-09
 Reference value :  2.00456e-09
 Reference value :  2.01056e-09
 Reference value :  2.01656e-09
 Reference value :  2.02256e-09
 Reference value :  2.02856e-09
 Reference value :  2.03656e-09
 Reference value :  2.04256e-09
 Reference value :  2.04856e-09
 Reference value :  2.05656e-09
 Reference value :  2.06456e-09
 Reference value :  2.07456e-09
 Reference value :  2.08456e-09
 Reference value :  2.09456e-09
 Reference value :  2.10656e-09
 Reference value :  2.11656e-09
 Reference value :  2.12856e-09
 Reference value :  2.14056e-09
 Reference value :  2.15256e-09
 Reference value :  2.16056e-09
 Reference value :  2.16856e-09
 Reference value :  2.17656e-09
 Reference value :  2.18456e-09
 Reference value :  2.19256e-09
 Reference value :  2.20056e-09
 Reference value :  2.20856e-09
 Reference value :  2.21456e-09
 Reference value :  2.22256e-09
 Reference value :  2.23056e-09
 Reference value :  2.23856e-09
 Reference value :  2.24656e-09
 Reference value :  2.25456e-09
 Reference value :  2.26056e-09
 Reference value :  2.26856e-09
 Reference value :  2.27456e-09
 Reference value :  2.28256e-09
 Reference value :  2.29056e-09
 Reference value :  2.29856e-09
 Reference value :  2.30656e-09
 Reference value :  2.31456e-09
 Reference value :  2.32256e-09
 Reference value :  2.33056e-09
 Reference value :  2.33656e-09
 Reference value :  2.34456e-09
 Reference value :  2.35456e-09
 Reference value :  2.36656e-09
 Reference value :  2.37656e-09
 Reference value :  2.38656e-09
 Reference value :  2.39656e-09
 Reference value :  2.40656e-09
 Reference value :  2.41656e-09
 Reference value :  2.42656e-09
 Reference value :  2.43656e-09
 Reference value :  2.44656e-09
 Reference value :  2.45656e-09
 Reference value :  2.46656e-09
 Reference value :  2.47656e-09
 Reference value :  2.48656e-09
 Reference value :  2.49656e-09
 Reference value :  2.50656e-09
 Reference value :  2.51456e-09
 Reference value :  2.52456e-09
 Reference value :  2.53456e-09
 Reference value :  2.54456e-09
 Reference value :  2.55456e-09
 Reference value :  2.56456e-09
 Reference value :  2.57056e-09
 Reference value :  2.57856e-09
 Reference value :  2.58456e-09
 Reference value :  2.59256e-09
 Reference value :  2.60056e-09
 Reference value :  2.61056e-09
 Reference value :  2.62056e-09
 Reference value :  2.63256e-09
 Reference value :  2.64456e-09
 Reference value :  2.65456e-09
 Reference value :  2.66656e-09
 Reference value :  2.67856e-09
 Reference value :  2.69056e-09
 Reference value :  2.70056e-09
 Reference value :  2.71256e-09
 Reference value :  2.72256e-09
 Reference value :  2.73056e-09
 Reference value :  2.73656e-09
 Reference value :  2.74256e-09
 Reference value :  2.75256e-09
 Reference value :  2.76256e-09
 Reference value :  2.77456e-09
 Reference value :  2.78456e-09
 Reference value :  2.79456e-09
 Reference value :  2.80656e-09
 Reference value :  2.81856e-09
 Reference value :  2.82856e-09
 Reference value :  2.83856e-09
 Reference value :  2.85056e-09
 Reference value :  2.86056e-09
 Reference value :  2.87056e-09
 Reference value :  2.88056e-09
 Reference value :  2.89256e-09
 Reference value :  2.90056e-09
 Reference value :  2.90856e-09
 Reference value :  2.91456e-09
 Reference value :  2.92056e-09
 Reference value :  2.92856e-09
 Reference value :  2.93656e-09
 Reference value :  2.94256e-09
 Reference value :  2.94856e-09
 Reference value :  2.95656e-09
 Reference value :  2.96256e-09
 Reference value :  2.97056e-09
 Reference value :  2.97856e-09
 Reference value :  2.98456e-09
 Reference value :  2.99056e-09
 Reference value :  2.99856e-09
 Reference value :  3.00456e-09
 Reference value :  3.01056e-09
 Reference value :  3.01656e-09
 Reference value :  3.02456e-09
 Reference value :  3.03056e-09
 Reference value :  3.03856e-09
 Reference value :  3.04656e-09
 Reference value :  3.05256e-09
 Reference value :  3.05856e-09
 Reference value :  3.06456e-09
 Reference value :  3.07056e-09
 Reference value :  3.07856e-09
 Reference value :  3.08656e-09
 Reference value :  3.09456e-09
 Reference value :  3.10256e-09
 Reference value :  3.10856e-09
 Reference value :  3.11456e-09
 Reference value :  3.12256e-09
 Reference value :  3.12856e-09
 Reference value :  3.13456e-09
 Reference value :  3.14056e-09
 Reference value :  3.14656e-09
 Reference value :  3.15456e-09
 Reference value :  3.16056e-09
 Reference value :  3.16856e-09
 Reference value :  3.17656e-09
 Reference value :  3.18456e-09
 Reference value :  3.19256e-09
 Reference value :  3.19856e-09
 Reference value :  3.20656e-09
 Reference value :  3.21456e-09
 Reference value :  3.22056e-09
 Reference value :  3.22656e-09
 Reference value :  3.23256e-09
 Reference value :  3.23856e-09
 Reference value :  3.24656e-09
 Reference value :  3.25456e-09
 Reference value :  3.26056e-09
 Reference value :  3.26856e-09
 Reference value :  3.27456e-09
 Reference value :  3.28056e-09
 Reference value :  3.28656e-09
 Reference value :  3.29456e-09
 Reference value :  3.30056e-09
 Reference value :  3.30856e-09
 Reference value :  3.31656e-09
 Reference value :  3.32256e-09
 Reference value :  3.32856e-09
 Reference value :  3.33656e-09
 Reference value :  4.02856e-09
 Reference value :  5.31100e-09
 Reference value :  6.39100e-09
No. of Data Rows : 3314
Note: Simulation executed from .control section 
