
Note: Compatibility modes selected: hs a


Circuit: * comparator-decision offset pick-off -- vindiff=0.0mv corner=tt_mm temp=27.0c seed=23 (issue #54)

option SCALE: Scale is set to 1e-06 for instance and model parameters
option SCALE: Scale is set to 1e-06 for instance and model parameters
option SCALE: Scale is set to 1e-06 for instance and model parameters
option SCALE: Scale is set to 1e-06 for instance and model parameters
Doing analysis at TEMP = 27.000000 and TNOM = 27.000000

Using KLU as Direct Linear Solver
 Reference value :  0.00000e+00
 Reference value :  8.00000e-14
 Reference value :  6.40000e-13
 Reference value :  4.56000e-12
 Reference value :  1.05600e-11
 Reference value :  1.65600e-11
 Reference value :  2.25600e-11
 Reference value :  2.85600e-11
 Reference value :  3.45600e-11
 Reference value :  4.05600e-11
 Reference value :  4.85600e-11
 Reference value :  5.65600e-11
 Reference value :  6.25600e-11
 Reference value :  6.85600e-11
 Reference value :  7.65600e-11
 Reference value :  8.65600e-11
 Reference value :  9.45600e-11
 Reference value :  1.04560e-10
 Reference value :  1.12560e-10
 Reference value :  1.20560e-10
 Reference value :  1.28560e-10
 Reference value :  1.36560e-10
 Reference value :  1.46560e-10
 Reference value :  1.56560e-10
 Reference value :  1.66560e-10
 Reference value :  1.76560e-10
 Reference value :  1.86560e-10
 Reference value :  1.98560e-10
 Reference value :  2.08560e-10
 Reference value :  2.16560e-10
 Reference value :  2.26560e-10
 Reference value :  2.36560e-10
 Reference value :  2.46560e-10
 Reference value :  2.56560e-10
 Reference value :  2.66560e-10
 Reference value :  2.76560e-10
 Reference value :  2.86560e-10
 Reference value :  2.96560e-10
 Reference value :  3.04560e-10
 Reference value :  3.12560e-10
 Reference value :  3.20560e-10
 Reference value :  3.30560e-10
 Reference value :  3.40560e-10
 Reference value :  3.50560e-10
 Reference value :  3.60560e-10
 Reference value :  3.68560e-10
 Reference value :  3.76560e-10
 Reference value :  3.84560e-10
 Reference value :  3.92560e-10
 Reference value :  3.98560e-10
 Reference value :  4.06560e-10
 Reference value :  4.14560e-10
 Reference value :  4.22560e-10
 Reference value :  4.32560e-10
 Reference value :  4.42560e-10
 Reference value :  4.50560e-10
 Reference value :  4.58560e-10
 Reference value :  4.68560e-10
 Reference value :  4.78560e-10
 Reference value :  4.90560e-10
 Reference value :  5.02560e-10
 Reference value :  5.12560e-10
 Reference value :  5.22560e-10
 Reference value :  5.32560e-10
 Reference value :  5.44560e-10
 Reference value :  5.56560e-10
 Reference value :  5.66560e-10
 Reference value :  5.78560e-10
 Reference value :  5.88560e-10
 Reference value :  5.94560e-10
 Reference value :  6.00560e-10
 Reference value :  6.06560e-10
 Reference value :  6.14560e-10
 Reference value :  6.20560e-10
 Reference value :  6.26560e-10
 Reference value :  6.34560e-10
 Reference value :  6.42560e-10
 Reference value :  6.50560e-10
 Reference value :  6.60560e-10
 Reference value :  6.70560e-10
 Reference value :  6.78560e-10
 Reference value :  1.49056e-09
 Reference value :  2.00456e-09
 Reference value :  2.01056e-09
 Reference value :  2.01656e-09
 Reference value :  2.02256e-09
 Reference value :  2.03056e-09
 Reference value :  2.03856e-09
 Reference value :  2.04656e-09
 Reference value :  2.05456e-09
 Reference value :  2.06056e-09
 Reference value :  2.06856e-09
 Reference value :  2.07456e-09
 Reference value :  2.08256e-09
 Reference value :  2.09056e-09
 Reference value :  2.09656e-09
 Reference value :  2.10456e-09
 Reference value :  2.11256e-09
 Reference value :  2.12056e-09
 Reference value :  2.12856e-09
 Reference value :  2.13656e-09
 Reference value :  2.14456e-09
 Reference value :  2.15256e-09
 Reference value :  2.16056e-09
 Reference value :  2.16656e-09
 Reference value :  2.17456e-09
 Reference value :  2.18256e-09
 Reference value :  2.18856e-09
 Reference value :  2.19656e-09
 Reference value :  2.20456e-09
 Reference value :  2.21256e-09
 Reference value :  2.22056e-09
 Reference value :  2.22656e-09
 Reference value :  2.23256e-09
 Reference value :  2.24056e-09
 Reference value :  2.24656e-09
 Reference value :  2.25256e-09
 Reference value :  2.25856e-09
 Reference value :  2.26456e-09
 Reference value :  2.27056e-09
 Reference value :  2.27856e-09
 Reference value :  2.28656e-09
 Reference value :  2.29256e-09
 Reference value :  2.30056e-09
 Reference value :  2.30656e-09
 Reference value :  2.31456e-09
 Reference value :  2.32056e-09
 Reference value :  2.32856e-09
 Reference value :  2.33656e-09
 Reference value :  2.34456e-09
 Reference value :  2.35256e-09
 Reference value :  2.35856e-09
 Reference value :  2.36656e-09
 Reference value :  2.37256e-09
 Reference value :  2.38056e-09
 Reference value :  2.38656e-09
 Reference value :  2.39456e-09
 Reference value :  2.40256e-09
 Reference value :  2.40856e-09
 Reference value :  2.41456e-09
 Reference value :  2.42256e-09
 Reference value :  2.42856e-09
 Reference value :  2.43456e-09
 Reference value :  2.44256e-09
 Reference value :  2.44856e-09
 Reference value :  2.45456e-09
 Reference value :  2.46256e-09
 Reference value :  2.47056e-09
 Reference value :  2.47656e-09
 Reference value :  2.48256e-09
 Reference value :  2.48856e-09
 Reference value :  2.49656e-09
 Reference value :  2.50456e-09
 Reference value :  2.51056e-09
 Reference value :  2.51856e-09
 Reference value :  2.52656e-09
 Reference value :  2.53256e-09
 Reference value :  2.53856e-09
 Reference value :  2.54656e-09
 Reference value :  2.55256e-09
 Reference value :  2.56056e-09
 Reference value :  2.56656e-09
 Reference value :  2.57456e-09
 Reference value :  2.58256e-09
 Reference value :  2.58856e-09
 Reference value :  2.59456e-09
 Reference value :  2.60256e-09
 Reference value :  2.60856e-09
 Reference value :  2.61656e-09
 Reference value :  2.62256e-09
 Reference value :  2.62856e-09
 Reference value :  2.63656e-09
 Reference value :  2.64256e-09
 Reference value :  2.65056e-09
 Reference value :  2.65856e-09
 Reference value :  2.66456e-09
 Reference value :  2.67256e-09
 Reference value :  2.67856e-09
 Reference value :  2.68656e-09
 Reference value :  2.69256e-09
 Reference value :  2.70056e-09
 Reference value :  2.70656e-09
 Reference value :  2.71456e-09
 Reference value :  2.72056e-09
 Reference value :  2.72656e-09
 Reference value :  2.73256e-09
 Reference value :  2.74056e-09
 Reference value :  2.74856e-09
 Reference value :  2.75656e-09
 Reference value :  2.76256e-09
 Reference value :  2.76856e-09
 Reference value :  2.77656e-09
 Reference value :  2.78256e-09
 Reference value :  2.79056e-09
 Reference value :  2.79656e-09
 Reference value :  2.80456e-09
 Reference value :  2.81256e-09
 Reference value :  2.81856e-09
 Reference value :  2.82456e-09
 Reference value :  2.83056e-09
 Reference value :  2.83856e-09
 Reference value :  2.84656e-09
 Reference value :  2.85456e-09
 Reference value :  2.86056e-09
 Reference value :  2.86656e-09
 Reference value :  2.87256e-09
 Reference value :  2.88056e-09
 Reference value :  2.88656e-09
 Reference value :  2.89256e-09
 Reference value :  2.89856e-09
 Reference value :  2.90656e-09
 Reference value :  2.91456e-09
 Reference value :  2.92256e-09
 Reference value :  2.93056e-09
 Reference value :  2.93856e-09
 Reference value :  2.94656e-09
 Reference value :  2.95456e-09
 Reference value :  2.96256e-09
 Reference value :  2.97056e-09
 Reference value :  2.97856e-09
 Reference value :  2.98656e-09
 Reference value :  2.99456e-09
 Reference value :  3.00056e-09
 Reference value :  3.00856e-09
 Reference value :  3.01456e-09
 Reference value :  3.02256e-09
 Reference value :  3.02856e-09
 Reference value :  3.03656e-09
 Reference value :  3.04256e-09
 Reference value :  3.04856e-09
 Reference value :  3.05456e-09
 Reference value :  3.06256e-09
 Reference value :  3.06856e-09
 Reference value :  3.07656e-09
 Reference value :  4.37456e-09
 Reference value :  5.02500e-09
 Reference value :  6.32700e-09
No. of Data Rows : 3314
Note: Simulation executed from .control section 
