
Note: Compatibility modes selected: hs a


Circuit: * comparator-decision offset pick-off -- vindiff=0.0mv corner=tt_mm temp=27.0c seed=2 (issue #54)

option SCALE: Scale is set to 1e-06 for instance and model parameters
option SCALE: Scale is set to 1e-06 for instance and model parameters
option SCALE: Scale is set to 1e-06 for instance and model parameters
option SCALE: Scale is set to 1e-06 for instance and model parameters
Doing analysis at TEMP = 27.000000 and TNOM = 27.000000

Using KLU as Direct Linear Solver
 Reference value :  0.00000e+00
 Reference value :  1.60000e-13
 Reference value :  2.56000e-12
 Reference value :  8.56000e-12
 Reference value :  1.65600e-11
 Reference value :  2.25600e-11
 Reference value :  3.05600e-11
 Reference value :  3.85600e-11
 Reference value :  4.45600e-11
 Reference value :  5.25600e-11
 Reference value :  5.85600e-11
 Reference value :  6.45600e-11
 Reference value :  7.05600e-11
 Reference value :  7.85600e-11
 Reference value :  8.45600e-11
 Reference value :  9.25600e-11
 Reference value :  9.85600e-11
 Reference value :  1.06560e-10
 Reference value :  1.14560e-10
 Reference value :  1.20560e-10
 Reference value :  1.26560e-10
 Reference value :  1.36560e-10
 Reference value :  1.46560e-10
 Reference value :  1.56560e-10
 Reference value :  1.66560e-10
 Reference value :  1.76560e-10
 Reference value :  1.86560e-10
 Reference value :  1.96560e-10
 Reference value :  2.06560e-10
 Reference value :  2.16560e-10
 Reference value :  2.26560e-10
 Reference value :  2.36560e-10
 Reference value :  2.46560e-10
 Reference value :  2.56560e-10
 Reference value :  2.66560e-10
 Reference value :  2.76560e-10
 Reference value :  2.86560e-10
 Reference value :  2.96560e-10
 Reference value :  3.04560e-10
 Reference value :  3.12560e-10
 Reference value :  3.20560e-10
 Reference value :  3.28560e-10
 Reference value :  3.40560e-10
 Reference value :  3.50560e-10
 Reference value :  3.56560e-10
 Reference value :  3.62560e-10
 Reference value :  3.68560e-10
 Reference value :  3.76560e-10
 Reference value :  3.86560e-10
 Reference value :  3.94560e-10
 Reference value :  4.04560e-10
 Reference value :  4.12560e-10
 Reference value :  4.22560e-10
 Reference value :  4.34560e-10
 Reference value :  4.46560e-10
 Reference value :  4.58560e-10
 Reference value :  4.68560e-10
 Reference value :  4.78560e-10
 Reference value :  4.88560e-10
 Reference value :  4.98560e-10
 Reference value :  5.06560e-10
 Reference value :  5.14560e-10
 Reference value :  5.24560e-10
 Reference value :  5.34560e-10
 Reference value :  5.42560e-10
 Reference value :  5.52560e-10
 Reference value :  5.62560e-10
 Reference value :  5.72560e-10
 Reference value :  5.82560e-10
 Reference value :  5.92560e-10
 Reference value :  6.00560e-10
 Reference value :  6.06560e-10
 Reference value :  6.12560e-10
 Reference value :  6.18560e-10
 Reference value :  6.24560e-10
 Reference value :  6.30560e-10
 Reference value :  6.40560e-10
 Reference value :  6.50560e-10
 Reference value :  6.58560e-10
 Reference value :  6.68560e-10
 Reference value :  6.76560e-10
 Reference value :  6.86560e-10
 Reference value :  6.94560e-10
 Reference value :  7.00560e-10
 Reference value :  7.06560e-10
 Reference value :  7.12560e-10
 Reference value :  7.20560e-10
 Reference value :  7.26560e-10
 Reference value :  7.34560e-10
 Reference value :  7.40560e-10
 Reference value :  7.48560e-10
 Reference value :  7.54560e-10
 Reference value :  7.60560e-10
 Reference value :  7.68560e-10
 Reference value :  7.76560e-10
 Reference value :  7.84560e-10
 Reference value :  7.92560e-10
 Reference value :  8.00560e-10
 Reference value :  8.12560e-10
 Reference value :  8.24560e-10
 Reference value :  8.34560e-10
 Reference value :  8.42560e-10
 Reference value :  8.50560e-10
 Reference value :  8.58560e-10
 Reference value :  8.66560e-10
 Reference value :  8.78560e-10
 Reference value :  8.86560e-10
 Reference value :  9.54560e-10
 Reference value :  9.64560e-10
 Reference value :  9.70560e-10
 Reference value :  9.76560e-10
 Reference value :  9.84560e-10
 Reference value :  9.96560e-10
 Reference value :  1.00856e-09
 Reference value :  1.02056e-09
 Reference value :  1.03256e-09
 Reference value :  1.04456e-09
 Reference value :  1.05656e-09
 Reference value :  1.06856e-09
 Reference value :  1.08056e-09
 Reference value :  1.09256e-09
 Reference value :  1.10056e-09
 Reference value :  1.11256e-09
 Reference value :  1.12256e-09
 Reference value :  1.13256e-09
 Reference value :  1.14056e-09
 Reference value :  1.14856e-09
 Reference value :  1.15656e-09
 Reference value :  1.16256e-09
 Reference value :  1.17056e-09
 Reference value :  1.18056e-09
 Reference value :  1.19256e-09
 Reference value :  1.20056e-09
 Reference value :  1.20856e-09
 Reference value :  1.21656e-09
 Reference value :  1.22456e-09
 Reference value :  1.23256e-09
 Reference value :  1.24056e-09
 Reference value :  1.24856e-09
 Reference value :  1.25656e-09
 Reference value :  1.26656e-09
 Reference value :  1.27656e-09
 Reference value :  1.28656e-09
 Reference value :  1.29856e-09
 Reference value :  1.30856e-09
 Reference value :  1.31856e-09
 Reference value :  1.32856e-09
 Reference value :  1.34056e-09
 Reference value :  1.35256e-09
 Reference value :  1.36256e-09
 Reference value :  1.37256e-09
 Reference value :  1.38456e-09
 Reference value :  1.39656e-09
 Reference value :  1.40656e-09
 Reference value :  1.41656e-09
 Reference value :  1.42656e-09
 Reference value :  1.43656e-09
 Reference value :  1.44656e-09
 Reference value :  1.45656e-09
 Reference value :  1.46656e-09
 Reference value :  1.47656e-09
 Reference value :  1.48656e-09
 Reference value :  1.49656e-09
 Reference value :  1.50656e-09
 Reference value :  1.51656e-09
 Reference value :  1.52656e-09
 Reference value :  1.53656e-09
 Reference value :  1.54656e-09
 Reference value :  1.55656e-09
 Reference value :  1.56656e-09
 Reference value :  1.57656e-09
 Reference value :  1.58656e-09
 Reference value :  1.59656e-09
 Reference value :  1.60856e-09
 Reference value :  1.61856e-09
 Reference value :  1.62856e-09
 Reference value :  1.63856e-09
 Reference value :  1.64656e-09
 Reference value :  1.65256e-09
 Reference value :  1.66256e-09
 Reference value :  1.67256e-09
 Reference value :  1.68256e-09
 Reference value :  1.69256e-09
 Reference value :  1.70256e-09
 Reference value :  1.71256e-09
 Reference value :  1.72256e-09
 Reference value :  1.73256e-09
 Reference value :  1.74256e-09
 Reference value :  1.75256e-09
 Reference value :  1.76256e-09
 Reference value :  1.77256e-09
 Reference value :  1.78256e-09
 Reference value :  1.79256e-09
 Reference value :  1.80256e-09
 Reference value :  1.81056e-09
 Reference value :  1.82056e-09
 Reference value :  1.83056e-09
 Reference value :  1.84056e-09
 Reference value :  1.84856e-09
 Reference value :  1.85856e-09
 Reference value :  1.86656e-09
 Reference value :  1.87456e-09
 Reference value :  1.88256e-09
 Reference value :  1.89256e-09
 Reference value :  1.90256e-09
 Reference value :  1.91256e-09
 Reference value :  1.92256e-09
 Reference value :  1.93256e-09
 Reference value :  1.94256e-09
 Reference value :  1.95256e-09
 Reference value :  1.96256e-09
 Reference value :  1.97256e-09
 Reference value :  1.98256e-09
 Reference value :  1.99256e-09
 Reference value :  2.00256e-09
 Reference value :  2.01256e-09
 Reference value :  2.02256e-09
 Reference value :  2.03256e-09
 Reference value :  2.04256e-09
 Reference value :  2.05256e-09
 Reference value :  2.06056e-09
 Reference value :  2.07056e-09
 Reference value :  2.08056e-09
 Reference value :  2.08856e-09
 Reference value :  2.09656e-09
 Reference value :  2.10656e-09
 Reference value :  2.11656e-09
 Reference value :  2.12456e-09
 Reference value :  2.13256e-09
 Reference value :  2.14056e-09
 Reference value :  2.15056e-09
 Reference value :  2.16056e-09
 Reference value :  2.17056e-09
 Reference value :  2.18056e-09
 Reference value :  2.19056e-09
 Reference value :  2.20056e-09
 Reference value :  2.21056e-09
 Reference value :  2.22056e-09
 Reference value :  2.23056e-09
 Reference value :  2.24056e-09
 Reference value :  2.25056e-09
 Reference value :  2.26056e-09
 Reference value :  2.26856e-09
 Reference value :  2.27856e-09
 Reference value :  2.28656e-09
 Reference value :  2.29656e-09
 Reference value :  2.30656e-09
 Reference value :  2.31656e-09
 Reference value :  2.32656e-09
 Reference value :  2.33656e-09
 Reference value :  2.34656e-09
 Reference value :  2.35656e-09
 Reference value :  2.36856e-09
 Reference value :  2.37856e-09
 Reference value :  2.39056e-09
 Reference value :  2.40056e-09
 Reference value :  2.41056e-09
 Reference value :  2.42056e-09
 Reference value :  2.43056e-09
 Reference value :  2.44056e-09
 Reference value :  2.45056e-09
 Reference value :  2.46056e-09
 Reference value :  2.47056e-09
 Reference value :  2.48056e-09
 Reference value :  2.49256e-09
 Reference value :  2.50456e-09
 Reference value :  2.51456e-09
 Reference value :  2.52256e-09
 Reference value :  2.53256e-09
 Reference value :  2.54256e-09
 Reference value :  2.55256e-09
 Reference value :  2.56256e-09
 Reference value :  2.57256e-09
 Reference value :  2.58056e-09
 Reference value :  2.58856e-09
 Reference value :  2.59856e-09
 Reference value :  2.60856e-09
 Reference value :  2.61856e-09
 Reference value :  2.62456e-09
 Reference value :  2.63056e-09
 Reference value :  2.63856e-09
 Reference value :  2.64856e-09
 Reference value :  2.65856e-09
 Reference value :  2.67056e-09
 Reference value :  2.68056e-09
 Reference value :  2.69056e-09
 Reference value :  2.70256e-09
 Reference value :  2.71256e-09
 Reference value :  2.72456e-09
 Reference value :  2.73656e-09
 Reference value :  2.74856e-09
 Reference value :  2.76056e-09
 Reference value :  2.77056e-09
 Reference value :  2.78056e-09
 Reference value :  2.79056e-09
 Reference value :  2.80256e-09
 Reference value :  2.81456e-09
 Reference value :  2.82656e-09
 Reference value :  2.83656e-09
 Reference value :  2.84656e-09
 Reference value :  2.85856e-09
 Reference value :  2.87056e-09
 Reference value :  2.87856e-09
 Reference value :  2.88656e-09
 Reference value :  2.89856e-09
 Reference value :  2.91056e-09
 Reference value :  2.91856e-09
 Reference value :  2.92856e-09
 Reference value :  2.94056e-09
 Reference value :  2.95256e-09
 Reference value :  2.96056e-09
 Reference value :  2.97056e-09
 Reference value :  2.98056e-09
 Reference value :  2.99056e-09
 Reference value :  3.00256e-09
 Reference value :  3.01456e-09
 Reference value :  3.02456e-09
 Reference value :  3.03656e-09
 Reference value :  3.04856e-09
 Reference value :  3.06056e-09
 Reference value :  3.07256e-09
 Reference value :  3.08256e-09
 Reference value :  3.09456e-09
 Reference value :  3.10456e-09
 Reference value :  3.11656e-09
 Reference value :  3.12656e-09
 Reference value :  3.13256e-09
 Reference value :  3.14056e-09
 Reference value :  3.14656e-09
 Reference value :  3.15256e-09
 Reference value :  3.16056e-09
 Reference value :  3.16656e-09
 Reference value :  3.17456e-09
 Reference value :  3.18256e-09
 Reference value :  3.18856e-09
 Reference value :  3.19656e-09
 Reference value :  3.20456e-09
 Reference value :  3.21456e-09
 Reference value :  3.22256e-09
 Reference value :  3.23456e-09
 Reference value :  3.24456e-09
 Reference value :  3.25656e-09
 Reference value :  3.26856e-09
 Reference value :  3.28056e-09
 Reference value :  3.29256e-09
 Reference value :  3.30256e-09
 Reference value :  3.31456e-09
 Reference value :  3.32456e-09
 Reference value :  3.33256e-09
 Reference value :  3.34056e-09
 Reference value :  3.35056e-09
 Reference value :  3.36256e-09
 Reference value :  3.37256e-09
 Reference value :  3.38456e-09
 Reference value :  3.39656e-09
 Reference value :  3.40256e-09
 Reference value :  3.40856e-09
 Reference value :  3.41456e-09
 Reference value :  3.42256e-09
 Reference value :  3.43056e-09
 Reference value :  3.43856e-09
 Reference value :  3.44656e-09
 Reference value :  3.45456e-09
 Reference value :  3.46056e-09
 Reference value :  3.46656e-09
 Reference value :  3.47656e-09
 Reference value :  3.48656e-09
 Reference value :  3.49856e-09
 Reference value :  3.50856e-09
 Reference value :  3.52056e-09
 Reference value :  3.53256e-09
 Reference value :  3.54456e-09
 Reference value :  3.55456e-09
 Reference value :  3.56456e-09
 Reference value :  3.57456e-09
 Reference value :  3.58656e-09
 Reference value :  3.59856e-09
 Reference value :  3.61056e-09
 Reference value :  3.62256e-09
 Reference value :  3.63456e-09
 Reference value :  3.64656e-09
 Reference value :  3.65656e-09
 Reference value :  3.73856e-09
 Reference value :  3.74456e-09
 Reference value :  3.75256e-09
 Reference value :  3.75856e-09
 Reference value :  3.76656e-09
 Reference value :  3.77256e-09
 Reference value :  3.77856e-09
 Reference value :  3.78456e-09
 Reference value :  3.79256e-09
 Reference value :  3.80056e-09
 Reference value :  4.94056e-09
 Reference value :  6.28500e-09
No. of Data Rows : 3314
Note: Simulation executed from .control section 
