
Note: Compatibility modes selected: hs a


Circuit: * comparator-decision offset pick-off -- vindiff=0.0mv corner=tt_mm temp=27.0c seed=19 (issue #54)

option SCALE: Scale is set to 1e-06 for instance and model parameters
option SCALE: Scale is set to 1e-06 for instance and model parameters
option SCALE: Scale is set to 1e-06 for instance and model parameters
option SCALE: Scale is set to 1e-06 for instance and model parameters
Doing analysis at TEMP = 27.000000 and TNOM = 27.000000

Using KLU as Direct Linear Solver
 Reference value :  0.00000e+00
 Reference value :  1.60000e-13
 Reference value :  2.56000e-12
 Reference value :  1.05600e-11
 Reference value :  1.85600e-11
 Reference value :  2.45600e-11
 Reference value :  3.25600e-11
 Reference value :  3.85600e-11
 Reference value :  4.85600e-11
 Reference value :  6.05600e-11
 Reference value :  6.85600e-11
 Reference value :  7.85600e-11
 Reference value :  8.85600e-11
 Reference value :  9.85600e-11
 Reference value :  1.06560e-10
 Reference value :  1.14560e-10
 Reference value :  1.26560e-10
 Reference value :  1.36560e-10
 Reference value :  1.48560e-10
 Reference value :  1.54560e-10
 Reference value :  1.64560e-10
 Reference value :  1.72560e-10
 Reference value :  1.80560e-10
 Reference value :  1.92560e-10
 Reference value :  2.02560e-10
 Reference value :  2.08560e-10
 Reference value :  2.14560e-10
 Reference value :  2.22560e-10
 Reference value :  2.30560e-10
 Reference value :  2.42560e-10
 Reference value :  2.52560e-10
 Reference value :  2.62560e-10
 Reference value :  2.74560e-10
 Reference value :  2.84560e-10
 Reference value :  2.94560e-10
 Reference value :  3.04560e-10
 Reference value :  3.16560e-10
 Reference value :  3.28560e-10
 Reference value :  3.38560e-10
 Reference value :  3.50560e-10
 Reference value :  3.56560e-10
 Reference value :  3.62560e-10
 Reference value :  3.68560e-10
 Reference value :  3.76560e-10
 Reference value :  3.84560e-10
 Reference value :  3.90560e-10
 Reference value :  3.96560e-10
 Reference value :  4.02560e-10
 Reference value :  4.08560e-10
 Reference value :  4.14560e-10
 Reference value :  4.20560e-10
 Reference value :  4.26560e-10
 Reference value :  4.32560e-10
 Reference value :  4.38560e-10
 Reference value :  4.44560e-10
 Reference value :  4.50560e-10
 Reference value :  4.58560e-10
 Reference value :  4.68560e-10
 Reference value :  4.78560e-10
 Reference value :  4.90560e-10
 Reference value :  5.02560e-10
 Reference value :  5.12560e-10
 Reference value :  5.20560e-10
 Reference value :  5.28560e-10
 Reference value :  5.38560e-10
 Reference value :  5.48560e-10
 Reference value :  5.60560e-10
 Reference value :  5.70560e-10
 Reference value :  5.80560e-10
 Reference value :  5.90560e-10
 Reference value :  6.02560e-10
 Reference value :  6.12560e-10
 Reference value :  6.24560e-10
 Reference value :  6.36560e-10
 Reference value :  6.46560e-10
 Reference value :  6.58560e-10
 Reference value :  6.68560e-10
 Reference value :  6.78560e-10
 Reference value :  6.88560e-10
 Reference value :  7.00560e-10
 Reference value :  7.12560e-10
 Reference value :  7.20560e-10
 Reference value :  7.26560e-10
 Reference value :  7.34560e-10
 Reference value :  7.40560e-10
 Reference value :  7.48560e-10
 Reference value :  7.54560e-10
 Reference value :  7.64560e-10
 Reference value :  7.76560e-10
 Reference value :  7.88560e-10
 Reference value :  7.96560e-10
 Reference value :  8.04560e-10
 Reference value :  8.12560e-10
 Reference value :  8.20560e-10
 Reference value :  8.28560e-10
 Reference value :  8.36560e-10
 Reference value :  8.42560e-10
 Reference value :  8.48560e-10
 Reference value :  8.58560e-10
 Reference value :  8.70560e-10
 Reference value :  8.78560e-10
 Reference value :  8.86560e-10
 Reference value :  8.94560e-10
 Reference value :  9.02560e-10
 Reference value :  9.12560e-10
 Reference value :  9.22560e-10
 Reference value :  9.32560e-10
 Reference value :  9.42560e-10
 Reference value :  9.50560e-10
 Reference value :  9.58560e-10
 Reference value :  9.66560e-10
 Reference value :  9.76560e-10
 Reference value :  9.84560e-10
 Reference value :  9.92560e-10
 Reference value :  1.00056e-09
 Reference value :  1.00856e-09
 Reference value :  1.01656e-09
 Reference value :  1.02856e-09
 Reference value :  1.03856e-09
 Reference value :  1.05056e-09
 Reference value :  1.05856e-09
 Reference value :  1.06656e-09
 Reference value :  1.07656e-09
 Reference value :  1.08856e-09
 Reference value :  1.09856e-09
 Reference value :  1.10856e-09
 Reference value :  1.11856e-09
 Reference value :  1.13056e-09
 Reference value :  1.14256e-09
 Reference value :  1.15056e-09
 Reference value :  1.15856e-09
 Reference value :  1.16656e-09
 Reference value :  1.17856e-09
 Reference value :  1.18456e-09
 Reference value :  1.19056e-09
 Reference value :  1.19856e-09
 Reference value :  1.20656e-09
 Reference value :  1.21256e-09
 Reference value :  1.22256e-09
 Reference value :  1.23456e-09
 Reference value :  1.24656e-09
 Reference value :  1.25656e-09
 Reference value :  1.26656e-09
 Reference value :  1.27656e-09
 Reference value :  1.28856e-09
 Reference value :  1.29856e-09
 Reference value :  1.30856e-09
 Reference value :  1.31656e-09
 Reference value :  1.32456e-09
 Reference value :  1.33456e-09
 Reference value :  1.34656e-09
 Reference value :  1.35656e-09
 Reference value :  1.36656e-09
 Reference value :  1.37656e-09
 Reference value :  1.38856e-09
 Reference value :  1.39656e-09
 Reference value :  1.40656e-09
 Reference value :  1.41656e-09
 Reference value :  1.42656e-09
 Reference value :  1.43656e-09
 Reference value :  1.44856e-09
 Reference value :  1.45856e-09
 Reference value :  1.47056e-09
 Reference value :  1.48256e-09
 Reference value :  1.49256e-09
 Reference value :  1.50256e-09
 Reference value :  1.51456e-09
 Reference value :  1.52456e-09
 Reference value :  1.53256e-09
 Reference value :  1.54256e-09
 Reference value :  1.54856e-09
 Reference value :  1.55656e-09
 Reference value :  1.56656e-09
 Reference value :  1.57656e-09
 Reference value :  1.58856e-09
 Reference value :  1.59656e-09
 Reference value :  1.60256e-09
 Reference value :  1.61056e-09
 Reference value :  1.61856e-09
 Reference value :  1.62856e-09
 Reference value :  1.64056e-09
 Reference value :  1.64856e-09
 Reference value :  1.65656e-09
 Reference value :  1.66456e-09
 Reference value :  1.67456e-09
 Reference value :  1.68456e-09
 Reference value :  1.69256e-09
 Reference value :  1.70256e-09
 Reference value :  1.71256e-09
 Reference value :  1.72256e-09
 Reference value :  1.73256e-09
 Reference value :  1.74056e-09
 Reference value :  1.75056e-09
 Reference value :  1.76056e-09
 Reference value :  1.77056e-09
 Reference value :  1.77856e-09
 Reference value :  1.78656e-09
 Reference value :  1.79656e-09
 Reference value :  1.80656e-09
 Reference value :  1.81456e-09
 Reference value :  1.82256e-09
 Reference value :  1.83256e-09
 Reference value :  1.84056e-09
 Reference value :  1.85056e-09
 Reference value :  1.86056e-09
 Reference value :  1.86856e-09
 Reference value :  1.87856e-09
 Reference value :  1.88856e-09
 Reference value :  1.89856e-09
 Reference value :  1.90656e-09
 Reference value :  1.91256e-09
 Reference value :  1.92056e-09
 Reference value :  1.92856e-09
 Reference value :  1.93456e-09
 Reference value :  1.94056e-09
 Reference value :  1.94856e-09
 Reference value :  1.95656e-09
 Reference value :  1.96256e-09
 Reference value :  1.97056e-09
 Reference value :  1.97856e-09
 Reference value :  1.98656e-09
 Reference value :  1.99456e-09
 Reference value :  2.00456e-09
 Reference value :  2.01056e-09
 Reference value :  2.01656e-09
 Reference value :  2.02256e-09
 Reference value :  2.02856e-09
 Reference value :  2.03456e-09
 Reference value :  2.04056e-09
 Reference value :  2.04856e-09
 Reference value :  2.05456e-09
 Reference value :  2.06056e-09
 Reference value :  2.06856e-09
 Reference value :  2.07656e-09
 Reference value :  2.08656e-09
 Reference value :  2.09656e-09
 Reference value :  2.10656e-09
 Reference value :  2.11656e-09
 Reference value :  2.12456e-09
 Reference value :  2.13456e-09
 Reference value :  2.14456e-09
 Reference value :  2.15256e-09
 Reference value :  2.16256e-09
 Reference value :  2.17056e-09
 Reference value :  2.17856e-09
 Reference value :  2.18856e-09
 Reference value :  2.20056e-09
 Reference value :  2.21256e-09
 Reference value :  2.22056e-09
 Reference value :  2.23056e-09
 Reference value :  2.24056e-09
 Reference value :  2.25056e-09
 Reference value :  2.26256e-09
 Reference value :  2.27256e-09
 Reference value :  2.28256e-09
 Reference value :  2.29256e-09
 Reference value :  2.30256e-09
 Reference value :  2.31256e-09
 Reference value :  2.32256e-09
 Reference value :  2.33256e-09
 Reference value :  2.34056e-09
 Reference value :  2.34856e-09
 Reference value :  2.35656e-09
 Reference value :  2.36656e-09
 Reference value :  2.37656e-09
 Reference value :  2.38456e-09
 Reference value :  2.39256e-09
 Reference value :  2.40056e-09
 Reference value :  2.40856e-09
 Reference value :  2.41456e-09
 Reference value :  2.42456e-09
 Reference value :  2.43256e-09
 Reference value :  2.43856e-09
 Reference value :  2.44456e-09
 Reference value :  2.45056e-09
 Reference value :  2.45656e-09
 Reference value :  2.46456e-09
 Reference value :  2.47256e-09
 Reference value :  2.48256e-09
 Reference value :  2.49256e-09
 Reference value :  2.50456e-09
 Reference value :  2.51256e-09
 Reference value :  2.52056e-09
 Reference value :  2.52856e-09
 Reference value :  2.53856e-09
 Reference value :  2.54856e-09
 Reference value :  2.55656e-09
 Reference value :  2.56656e-09
 Reference value :  2.57656e-09
 Reference value :  2.58456e-09
 Reference value :  2.59456e-09
 Reference value :  2.60456e-09
 Reference value :  2.61456e-09
 Reference value :  2.62456e-09
 Reference value :  2.63656e-09
 Reference value :  2.64856e-09
 Reference value :  2.65856e-09
 Reference value :  2.67056e-09
 Reference value :  2.67856e-09
 Reference value :  2.68656e-09
 Reference value :  2.69656e-09
 Reference value :  2.70656e-09
 Reference value :  2.71656e-09
 Reference value :  2.72656e-09
 Reference value :  2.73656e-09
 Reference value :  2.74656e-09
 Reference value :  2.75656e-09
 Reference value :  2.76456e-09
 Reference value :  2.77256e-09
 Reference value :  2.78256e-09
 Reference value :  2.79256e-09
 Reference value :  2.80056e-09
 Reference value :  2.80656e-09
 Reference value :  2.81256e-09
 Reference value :  2.81856e-09
 Reference value :  2.82656e-09
 Reference value :  2.83456e-09
 Reference value :  2.84056e-09
 Reference value :  3.28256e-09
 Reference value :  4.46856e-09
 Reference value :  5.22900e-09
 Reference value :  6.57100e-09
No. of Data Rows : 3314
Note: Simulation executed from .control section 
