
Note: Compatibility modes selected: hs a


Circuit: * comparator-decision offset pick-off -- vindiff=0.0mv corner=tt_mm temp=27.0c seed=6 (issue #54)

option SCALE: Scale is set to 1e-06 for instance and model parameters
option SCALE: Scale is set to 1e-06 for instance and model parameters
option SCALE: Scale is set to 1e-06 for instance and model parameters
option SCALE: Scale is set to 1e-06 for instance and model parameters
Doing analysis at TEMP = 27.000000 and TNOM = 27.000000

Using KLU as Direct Linear Solver
 Reference value :  0.00000e+00
 Reference value :  1.60000e-13
 Reference value :  2.56000e-12
 Reference value :  1.25600e-11
 Reference value :  2.05600e-11
 Reference value :  3.05600e-11
 Reference value :  4.25600e-11
 Reference value :  5.45600e-11
 Reference value :  6.65600e-11
 Reference value :  7.85600e-11
 Reference value :  8.85600e-11
 Reference value :  1.00560e-10
 Reference value :  1.10560e-10
 Reference value :  1.20560e-10
 Reference value :  1.32560e-10
 Reference value :  1.42560e-10
 Reference value :  1.54560e-10
 Reference value :  1.64560e-10
 Reference value :  1.72560e-10
 Reference value :  1.80560e-10
 Reference value :  1.86560e-10
 Reference value :  1.94560e-10
 Reference value :  2.02560e-10
 Reference value :  2.12560e-10
 Reference value :  2.20560e-10
 Reference value :  2.28560e-10
 Reference value :  2.38560e-10
 Reference value :  2.48560e-10
 Reference value :  2.58560e-10
 Reference value :  2.68560e-10
 Reference value :  2.76560e-10
 Reference value :  2.84560e-10
 Reference value :  2.92560e-10
 Reference value :  3.00560e-10
 Reference value :  3.08560e-10
 Reference value :  3.16560e-10
 Reference value :  3.24560e-10
 Reference value :  3.34560e-10
 Reference value :  3.44560e-10
 Reference value :  3.54560e-10
 Reference value :  3.62560e-10
 Reference value :  3.70560e-10
 Reference value :  3.80560e-10
 Reference value :  3.90560e-10
 Reference value :  4.00560e-10
 Reference value :  4.10560e-10
 Reference value :  4.20560e-10
 Reference value :  4.32560e-10
 Reference value :  4.42560e-10
 Reference value :  4.54560e-10
 Reference value :  4.62560e-10
 Reference value :  4.70560e-10
 Reference value :  4.78560e-10
 Reference value :  4.88560e-10
 Reference value :  4.98560e-10
 Reference value :  5.08560e-10
 Reference value :  5.18560e-10
 Reference value :  5.28560e-10
 Reference value :  5.36560e-10
 Reference value :  5.44560e-10
 Reference value :  5.50560e-10
 Reference value :  5.56560e-10
 Reference value :  5.62560e-10
 Reference value :  5.68560e-10
 Reference value :  5.78560e-10
 Reference value :  5.88560e-10
 Reference value :  5.98560e-10
 Reference value :  6.08560e-10
 Reference value :  6.18560e-10
 Reference value :  6.28560e-10
 Reference value :  6.38560e-10
 Reference value :  6.48560e-10
 Reference value :  6.58560e-10
 Reference value :  6.70560e-10
 Reference value :  6.80560e-10
 Reference value :  6.90560e-10
 Reference value :  7.00560e-10
 Reference value :  7.12560e-10
 Reference value :  7.22560e-10
 Reference value :  7.32560e-10
 Reference value :  7.42560e-10
 Reference value :  7.54560e-10
 Reference value :  7.66560e-10
 Reference value :  7.76560e-10
 Reference value :  7.88560e-10
 Reference value :  8.00560e-10
 Reference value :  8.10560e-10
 Reference value :  8.22560e-10
 Reference value :  8.32560e-10
 Reference value :  8.44560e-10
 Reference value :  8.54560e-10
 Reference value :  8.64560e-10
 Reference value :  8.74560e-10
 Reference value :  8.84560e-10
 Reference value :  8.94560e-10
 Reference value :  9.04560e-10
 Reference value :  9.14560e-10
 Reference value :  9.24560e-10
 Reference value :  9.34560e-10
 Reference value :  9.44560e-10
 Reference value :  9.54560e-10
 Reference value :  9.64560e-10
 Reference value :  9.74560e-10
 Reference value :  9.84560e-10
 Reference value :  9.92560e-10
 Reference value :  1.00056e-09
 Reference value :  1.01056e-09
 Reference value :  1.02256e-09
 Reference value :  1.03256e-09
 Reference value :  1.04056e-09
 Reference value :  1.04656e-09
 Reference value :  1.05456e-09
 Reference value :  1.06056e-09
 Reference value :  1.06856e-09
 Reference value :  1.07656e-09
 Reference value :  1.08656e-09
 Reference value :  1.09856e-09
 Reference value :  1.11056e-09
 Reference value :  1.12256e-09
 Reference value :  1.13456e-09
 Reference value :  1.14656e-09
 Reference value :  1.15856e-09
 Reference value :  1.17056e-09
 Reference value :  1.18256e-09
 Reference value :  1.19056e-09
 Reference value :  1.20056e-09
 Reference value :  1.21056e-09
 Reference value :  1.22056e-09
 Reference value :  1.22656e-09
 Reference value :  1.23256e-09
 Reference value :  1.24056e-09
 Reference value :  1.25056e-09
 Reference value :  1.26056e-09
 Reference value :  1.27256e-09
 Reference value :  1.28456e-09
 Reference value :  1.29656e-09
 Reference value :  1.30856e-09
 Reference value :  1.31856e-09
 Reference value :  1.32856e-09
 Reference value :  1.34056e-09
 Reference value :  1.35256e-09
 Reference value :  1.36256e-09
 Reference value :  1.37056e-09
 Reference value :  1.38056e-09
 Reference value :  1.38856e-09
 Reference value :  1.39656e-09
 Reference value :  1.40656e-09
 Reference value :  1.41656e-09
 Reference value :  1.42856e-09
 Reference value :  1.44056e-09
 Reference value :  1.45256e-09
 Reference value :  1.46256e-09
 Reference value :  1.47256e-09
 Reference value :  1.48256e-09
 Reference value :  1.49256e-09
 Reference value :  1.50256e-09
 Reference value :  1.51256e-09
 Reference value :  1.52256e-09
 Reference value :  1.53256e-09
 Reference value :  1.54256e-09
 Reference value :  1.55256e-09
 Reference value :  1.56256e-09
 Reference value :  1.57256e-09
 Reference value :  1.58256e-09
 Reference value :  1.59456e-09
 Reference value :  1.60456e-09
 Reference value :  1.61456e-09
 Reference value :  1.62456e-09
 Reference value :  1.63456e-09
 Reference value :  1.64456e-09
 Reference value :  1.65456e-09
 Reference value :  1.66456e-09
 Reference value :  1.67456e-09
 Reference value :  1.68456e-09
 Reference value :  1.69456e-09
 Reference value :  1.70256e-09
 Reference value :  1.71056e-09
 Reference value :  1.71856e-09
 Reference value :  1.72656e-09
 Reference value :  1.73456e-09
 Reference value :  1.74256e-09
 Reference value :  1.74856e-09
 Reference value :  1.75656e-09
 Reference value :  1.76456e-09
 Reference value :  1.77656e-09
 Reference value :  1.78856e-09
 Reference value :  1.79856e-09
 Reference value :  1.81056e-09
 Reference value :  1.81856e-09
 Reference value :  1.82656e-09
 Reference value :  1.83456e-09
 Reference value :  1.84456e-09
 Reference value :  1.85256e-09
 Reference value :  1.86056e-09
 Reference value :  1.86856e-09
 Reference value :  1.87656e-09
 Reference value :  1.88456e-09
 Reference value :  1.89256e-09
 Reference value :  1.90056e-09
 Reference value :  1.90856e-09
 Reference value :  1.91656e-09
 Reference value :  1.92456e-09
 Reference value :  1.93256e-09
 Reference value :  1.94056e-09
 Reference value :  1.94856e-09
 Reference value :  1.95656e-09
 Reference value :  1.96456e-09
 Reference value :  1.97256e-09
 Reference value :  1.98056e-09
 Reference value :  1.98856e-09
 Reference value :  1.99656e-09
 Reference value :  2.00456e-09
 Reference value :  2.01256e-09
 Reference value :  2.02056e-09
 Reference value :  2.02856e-09
 Reference value :  2.03656e-09
 Reference value :  2.04656e-09
 Reference value :  2.05856e-09
 Reference value :  2.07056e-09
 Reference value :  2.07856e-09
 Reference value :  2.08456e-09
 Reference value :  2.09056e-09
 Reference value :  2.09856e-09
 Reference value :  2.10656e-09
 Reference value :  2.11656e-09
 Reference value :  2.12656e-09
 Reference value :  2.13856e-09
 Reference value :  2.14856e-09
 Reference value :  2.15856e-09
 Reference value :  2.17056e-09
 Reference value :  2.18256e-09
 Reference value :  2.19456e-09
 Reference value :  2.20256e-09
 Reference value :  2.20856e-09
 Reference value :  2.21456e-09
 Reference value :  2.22256e-09
 Reference value :  2.23056e-09
 Reference value :  2.23656e-09
 Reference value :  2.24456e-09
 Reference value :  2.25256e-09
 Reference value :  2.26056e-09
 Reference value :  2.26856e-09
 Reference value :  2.27656e-09
 Reference value :  2.28456e-09
 Reference value :  2.29256e-09
 Reference value :  2.30056e-09
 Reference value :  2.30856e-09
 Reference value :  2.31856e-09
 Reference value :  2.32856e-09
 Reference value :  2.33856e-09
 Reference value :  2.34856e-09
 Reference value :  2.35856e-09
 Reference value :  2.37056e-09
 Reference value :  2.38256e-09
 Reference value :  2.39456e-09
 Reference value :  2.40056e-09
 Reference value :  2.40656e-09
 Reference value :  2.41456e-09
 Reference value :  2.42656e-09
 Reference value :  2.43656e-09
 Reference value :  2.44656e-09
 Reference value :  2.45656e-09
 Reference value :  2.46656e-09
 Reference value :  2.47456e-09
 Reference value :  2.48456e-09
 Reference value :  2.49656e-09
 Reference value :  2.50656e-09
 Reference value :  2.51656e-09
 Reference value :  2.52656e-09
 Reference value :  2.53456e-09
 Reference value :  2.54256e-09
 Reference value :  2.55056e-09
 Reference value :  2.55856e-09
 Reference value :  2.56856e-09
 Reference value :  2.57656e-09
 Reference value :  2.58256e-09
 Reference value :  2.59056e-09
 Reference value :  2.59656e-09
 Reference value :  2.60456e-09
 Reference value :  2.61256e-09
 Reference value :  2.61856e-09
 Reference value :  2.62656e-09
 Reference value :  2.63256e-09
 Reference value :  2.64056e-09
 Reference value :  2.64856e-09
 Reference value :  2.65856e-09
 Reference value :  2.66656e-09
 Reference value :  2.67256e-09
 Reference value :  2.67856e-09
 Reference value :  2.68456e-09
 Reference value :  2.69056e-09
 Reference value :  2.69656e-09
 Reference value :  2.70256e-09
 Reference value :  2.71056e-09
 Reference value :  2.71656e-09
 Reference value :  2.72456e-09
 Reference value :  2.73056e-09
 Reference value :  2.73856e-09
 Reference value :  2.74456e-09
 Reference value :  2.75256e-09
 Reference value :  2.76056e-09
 Reference value :  2.76656e-09
 Reference value :  2.77456e-09
 Reference value :  2.78056e-09
 Reference value :  2.78856e-09
 Reference value :  2.79456e-09
 Reference value :  2.80256e-09
 Reference value :  2.80856e-09
 Reference value :  2.81656e-09
 Reference value :  2.82256e-09
 Reference value :  2.83056e-09
 Reference value :  2.83656e-09
 Reference value :  2.84456e-09
 Reference value :  2.85056e-09
 Reference value :  2.85856e-09
 Reference value :  2.86656e-09
 Reference value :  2.87256e-09
 Reference value :  2.88056e-09
 Reference value :  2.88656e-09
 Reference value :  2.89456e-09
 Reference value :  2.90256e-09
 Reference value :  3.98456e-09
 Reference value :  5.29900e-09
 Reference value :  5.74500e-09
No. of Data Rows : 3314
Note: Simulation executed from .control section 
