
Note: Compatibility modes selected: hs a


Circuit: * comparator-decision offset pick-off -- vindiff=5mv corner=tt temp=27.0c seed=none (issue #54)

option SCALE: Scale is set to 1e-06 for instance and model parameters
option SCALE: Scale is set to 1e-06 for instance and model parameters
option SCALE: Scale is set to 1e-06 for instance and model parameters
option SCALE: Scale is set to 1e-06 for instance and model parameters
Doing analysis at TEMP = 27.000000 and TNOM = 27.000000

Using KLU as Direct Linear Solver
 Reference value :  0.00000e+00
 Reference value :  8.00000e-14
 Reference value :  6.40000e-13
 Reference value :  8.56000e-12
 Reference value :  2.05600e-11
 Reference value :  3.25600e-11
 Reference value :  4.25600e-11
 Reference value :  5.25600e-11
 Reference value :  6.05600e-11
 Reference value :  6.85600e-11
 Reference value :  7.85600e-11
 Reference value :  8.85600e-11
 Reference value :  9.65600e-11
 Reference value :  1.04560e-10
 Reference value :  1.14560e-10
 Reference value :  1.26560e-10
 Reference value :  1.36560e-10
 Reference value :  1.46560e-10
 Reference value :  1.56560e-10
 Reference value :  1.66560e-10
 Reference value :  1.74560e-10
 Reference value :  1.84560e-10
 Reference value :  1.94560e-10
 Reference value :  2.04560e-10
 Reference value :  2.14560e-10
 Reference value :  2.24560e-10
 Reference value :  2.36560e-10
 Reference value :  2.46560e-10
 Reference value :  2.56560e-10
 Reference value :  2.68560e-10
 Reference value :  2.78560e-10
 Reference value :  2.88560e-10
 Reference value :  2.96560e-10
 Reference value :  3.06560e-10
 Reference value :  3.16560e-10
 Reference value :  3.22560e-10
 Reference value :  3.30560e-10
 Reference value :  3.38560e-10
 Reference value :  3.46560e-10
 Reference value :  3.52560e-10
 Reference value :  3.62560e-10
 Reference value :  3.72560e-10
 Reference value :  3.82560e-10
 Reference value :  3.92560e-10
 Reference value :  4.02560e-10
 Reference value :  4.12560e-10
 Reference value :  4.22560e-10
 Reference value :  4.32560e-10
 Reference value :  4.42560e-10
 Reference value :  4.52560e-10
 Reference value :  4.62560e-10
 Reference value :  4.72560e-10
 Reference value :  4.82560e-10
 Reference value :  4.92560e-10
 Reference value :  5.02560e-10
 Reference value :  5.12560e-10
 Reference value :  5.22560e-10
 Reference value :  5.32560e-10
 Reference value :  5.42560e-10
 Reference value :  5.52560e-10
 Reference value :  5.60560e-10
 Reference value :  5.70560e-10
 Reference value :  5.80560e-10
 Reference value :  5.92560e-10
 Reference value :  6.02560e-10
 Reference value :  6.14560e-10
 Reference value :  6.24560e-10
 Reference value :  6.34560e-10
 Reference value :  6.46560e-10
 Reference value :  6.56560e-10
 Reference value :  6.68560e-10
 Reference value :  6.80560e-10
 Reference value :  6.90560e-10
 Reference value :  6.98560e-10
 Reference value :  7.08560e-10
 Reference value :  7.18560e-10
 Reference value :  7.28560e-10
 Reference value :  7.38560e-10
 Reference value :  7.44560e-10
 Reference value :  7.54560e-10
 Reference value :  7.64560e-10
 Reference value :  7.72560e-10
 Reference value :  7.82560e-10
 Reference value :  7.90560e-10
 Reference value :  8.00560e-10
 Reference value :  8.10560e-10
 Reference value :  8.20560e-10
 Reference value :  8.30560e-10
 Reference value :  8.40560e-10
 Reference value :  8.50560e-10
 Reference value :  8.62560e-10
 Reference value :  8.72560e-10
 Reference value :  8.82560e-10
 Reference value :  8.90560e-10
 Reference value :  8.98560e-10
 Reference value :  9.06560e-10
 Reference value :  9.16560e-10
 Reference value :  9.26560e-10
 Reference value :  9.34560e-10
 Reference value :  9.40560e-10
 Reference value :  9.48560e-10
 Reference value :  9.58560e-10
 Reference value :  9.70560e-10
 Reference value :  9.80560e-10
 Reference value :  9.88560e-10
 Reference value :  1.00056e-09
 Reference value :  1.01256e-09
 Reference value :  1.01856e-09
 Reference value :  1.02656e-09
 Reference value :  1.03656e-09
 Reference value :  1.04656e-09
 Reference value :  1.05656e-09
 Reference value :  1.06856e-09
 Reference value :  1.07856e-09
 Reference value :  1.08856e-09
 Reference value :  1.09656e-09
 Reference value :  1.10456e-09
 Reference value :  1.11256e-09
 Reference value :  1.11856e-09
 Reference value :  1.12656e-09
 Reference value :  1.13256e-09
 Reference value :  1.13856e-09
 Reference value :  1.14456e-09
 Reference value :  1.15056e-09
 Reference value :  1.15656e-09
 Reference value :  1.16456e-09
 Reference value :  1.17456e-09
 Reference value :  1.18256e-09
 Reference value :  1.18856e-09
 Reference value :  1.19456e-09
 Reference value :  1.20456e-09
 Reference value :  1.21256e-09
 Reference value :  1.22256e-09
 Reference value :  1.23256e-09
 Reference value :  1.24256e-09
 Reference value :  1.25056e-09
 Reference value :  1.26056e-09
 Reference value :  1.27056e-09
 Reference value :  1.28056e-09
 Reference value :  1.29056e-09
 Reference value :  1.30256e-09
 Reference value :  1.31256e-09
 Reference value :  1.32256e-09
 Reference value :  1.33256e-09
 Reference value :  1.34456e-09
 Reference value :  1.35256e-09
 Reference value :  1.36456e-09
 Reference value :  1.37656e-09
 Reference value :  1.38856e-09
 Reference value :  1.40056e-09
 Reference value :  1.41056e-09
 Reference value :  1.42256e-09
 Reference value :  1.43256e-09
 Reference value :  1.44456e-09
 Reference value :  1.45456e-09
 Reference value :  1.46456e-09
 Reference value :  1.47656e-09
 Reference value :  1.48656e-09
 Reference value :  1.49856e-09
 Reference value :  1.50856e-09
 Reference value :  1.51656e-09
 Reference value :  1.52456e-09
 Reference value :  1.53256e-09
 Reference value :  1.54056e-09
 Reference value :  1.54856e-09
 Reference value :  1.55656e-09
 Reference value :  1.56456e-09
 Reference value :  1.57256e-09
 Reference value :  1.58256e-09
 Reference value :  1.59256e-09
 Reference value :  1.60456e-09
 Reference value :  1.61456e-09
 Reference value :  1.62456e-09
 Reference value :  1.63656e-09
 Reference value :  1.64856e-09
 Reference value :  1.65856e-09
 Reference value :  1.66656e-09
 Reference value :  1.67456e-09
 Reference value :  1.68656e-09
 Reference value :  1.69656e-09
 Reference value :  1.70856e-09
 Reference value :  1.71856e-09
 Reference value :  1.73056e-09
 Reference value :  1.73856e-09
 Reference value :  1.74656e-09
 Reference value :  1.75456e-09
 Reference value :  1.76256e-09
 Reference value :  1.77056e-09
 Reference value :  1.77856e-09
 Reference value :  1.78656e-09
 Reference value :  1.79456e-09
 Reference value :  1.80456e-09
 Reference value :  1.81256e-09
 Reference value :  1.82256e-09
 Reference value :  1.83456e-09
 Reference value :  1.84456e-09
 Reference value :  1.85456e-09
 Reference value :  1.86456e-09
 Reference value :  1.87456e-09
 Reference value :  1.88456e-09
 Reference value :  1.89456e-09
 Reference value :  1.90456e-09
 Reference value :  1.91456e-09
 Reference value :  1.92456e-09
 Reference value :  1.93456e-09
 Reference value :  1.94456e-09
 Reference value :  1.95256e-09
 Reference value :  1.96056e-09
 Reference value :  1.97256e-09
 Reference value :  1.98456e-09
 Reference value :  1.99656e-09
 Reference value :  2.00856e-09
 Reference value :  2.01856e-09
 Reference value :  2.02856e-09
 Reference value :  2.03856e-09
 Reference value :  2.04856e-09
 Reference value :  2.06056e-09
 Reference value :  2.07256e-09
 Reference value :  2.08256e-09
 Reference value :  2.09056e-09
 Reference value :  2.09656e-09
 Reference value :  2.10456e-09
 Reference value :  2.11056e-09
 Reference value :  2.11856e-09
 Reference value :  2.12656e-09
 Reference value :  2.13256e-09
 Reference value :  2.13856e-09
 Reference value :  2.14456e-09
 Reference value :  2.15056e-09
 Reference value :  2.15856e-09
 Reference value :  2.17056e-09
 Reference value :  2.18256e-09
 Reference value :  2.19456e-09
 Reference value :  2.20056e-09
 Reference value :  2.21056e-09
 Reference value :  2.22056e-09
 Reference value :  2.23256e-09
 Reference value :  2.24256e-09
 Reference value :  2.25456e-09
 Reference value :  2.26256e-09
 Reference value :  2.27256e-09
 Reference value :  2.28456e-09
 Reference value :  2.29456e-09
 Reference value :  2.30456e-09
 Reference value :  2.31256e-09
 Reference value :  2.32056e-09
 Reference value :  2.32656e-09
 Reference value :  2.33256e-09
 Reference value :  2.33856e-09
 Reference value :  2.34456e-09
 Reference value :  2.35056e-09
 Reference value :  2.35656e-09
 Reference value :  2.36256e-09
 Reference value :  2.37056e-09
 Reference value :  2.38056e-09
 Reference value :  2.39056e-09
 Reference value :  2.39856e-09
 Reference value :  2.40656e-09
 Reference value :  2.41656e-09
 Reference value :  2.42656e-09
 Reference value :  2.43656e-09
 Reference value :  2.44656e-09
 Reference value :  2.45656e-09
 Reference value :  2.46656e-09
 Reference value :  2.47656e-09
 Reference value :  2.48656e-09
 Reference value :  2.49656e-09
 Reference value :  2.50656e-09
 Reference value :  2.51656e-09
 Reference value :  2.52856e-09
 Reference value :  2.53856e-09
 Reference value :  2.54656e-09
 Reference value :  2.55256e-09
 Reference value :  2.55856e-09
 Reference value :  2.56656e-09
 Reference value :  2.57256e-09
 Reference value :  2.58056e-09
 Reference value :  2.58656e-09
 Reference value :  2.59256e-09
 Reference value :  2.59856e-09
 Reference value :  2.60656e-09
 Reference value :  2.61256e-09
 Reference value :  2.62056e-09
 Reference value :  2.62656e-09
 Reference value :  2.63256e-09
 Reference value :  2.64056e-09
 Reference value :  2.64856e-09
 Reference value :  2.65656e-09
 Reference value :  2.66256e-09
 Reference value :  2.67056e-09
 Reference value :  2.67856e-09
 Reference value :  2.68456e-09
 Reference value :  2.69256e-09
 Reference value :  2.69856e-09
 Reference value :  2.70456e-09
 Reference value :  2.71056e-09
 Reference value :  2.71656e-09
 Reference value :  2.72256e-09
 Reference value :  2.72856e-09
 Reference value :  2.73456e-09
 Reference value :  2.74256e-09
 Reference value :  2.74856e-09
 Reference value :  2.75656e-09
 Reference value :  2.76256e-09
 Reference value :  2.76856e-09
 Reference value :  2.77456e-09
 Reference value :  2.78056e-09
 Reference value :  2.78856e-09
 Reference value :  2.79456e-09
 Reference value :  2.80056e-09
 Reference value :  2.80856e-09
 Reference value :  2.81456e-09
 Reference value :  2.82256e-09
 Reference value :  2.82856e-09
 Reference value :  2.83656e-09
 Reference value :  2.84256e-09
 Reference value :  2.85056e-09
 Reference value :  2.85856e-09
 Reference value :  2.86456e-09
 Reference value :  2.87056e-09
 Reference value :  2.87856e-09
 Reference value :  2.88656e-09
 Reference value :  2.89456e-09
 Reference value :  2.90256e-09
 Reference value :  2.91056e-09
 Reference value :  2.91856e-09
 Reference value :  2.92656e-09
 Reference value :  2.93456e-09
 Reference value :  2.94256e-09
 Reference value :  2.95056e-09
 Reference value :  2.95656e-09
 Reference value :  2.96256e-09
 Reference value :  2.97056e-09
 Reference value :  2.97656e-09
 Reference value :  2.98456e-09
 Reference value :  2.99256e-09
 Reference value :  2.99856e-09
 Reference value :  3.00656e-09
 Reference value :  3.01256e-09
 Reference value :  3.01856e-09
 Reference value :  3.02456e-09
 Reference value :  3.03256e-09
 Reference value :  3.04056e-09
 Reference value :  3.04656e-09
 Reference value :  3.05456e-09
 Reference value :  3.06056e-09
 Reference value :  3.06856e-09
 Reference value :  3.07656e-09
 Reference value :  3.08456e-09
 Reference value :  3.09256e-09
 Reference value :  3.10056e-09
 Reference value :  3.10656e-09
 Reference value :  3.11256e-09
 Reference value :  3.11856e-09
 Reference value :  3.12656e-09
 Reference value :  3.13256e-09
 Reference value :  3.13856e-09
 Reference value :  3.14456e-09
 Reference value :  3.15256e-09
 Reference value :  3.15856e-09
 Reference value :  3.16656e-09
 Reference value :  3.17456e-09
 Reference value :  3.18056e-09
 Reference value :  3.18656e-09
 Reference value :  3.19456e-09
 Reference value :  3.20256e-09
 Reference value :  3.20856e-09
 Reference value :  3.21456e-09
 Reference value :  3.22056e-09
 Reference value :  3.22856e-09
 Reference value :  3.23656e-09
 Reference value :  3.24456e-09
 Reference value :  3.25056e-09
 Reference value :  3.25656e-09
 Reference value :  3.26456e-09
 Reference value :  3.27056e-09
 Reference value :  3.69256e-09
 Reference value :  5.00060e-09
 Reference value :  6.09300e-09
No. of Data Rows : 3314
Note: Simulation executed from .control section 
