
Note: Compatibility modes selected: hs a


Circuit: * comparator-decision offset pick-off -- vindiff=0.0mv corner=tt temp=27.0c seed=22 (issue #54)

option SCALE: Scale is set to 1e-06 for instance and model parameters
option SCALE: Scale is set to 1e-06 for instance and model parameters
option SCALE: Scale is set to 1e-06 for instance and model parameters
option SCALE: Scale is set to 1e-06 for instance and model parameters
Doing analysis at TEMP = 27.000000 and TNOM = 27.000000

Using KLU as Direct Linear Solver
 Reference value :  0.00000e+00
 Reference value :  3.20000e-13
 Reference value :  4.56000e-12
 Reference value :  1.25600e-11
 Reference value :  2.05600e-11
 Reference value :  2.85600e-11
 Reference value :  3.85600e-11
 Reference value :  4.85600e-11
 Reference value :  5.65600e-11
 Reference value :  6.65600e-11
 Reference value :  7.65600e-11
 Reference value :  8.65600e-11
 Reference value :  9.45600e-11
 Reference value :  1.04560e-10
 Reference value :  1.14560e-10
 Reference value :  1.24560e-10
 Reference value :  1.36560e-10
 Reference value :  1.48560e-10
 Reference value :  1.58560e-10
 Reference value :  1.70560e-10
 Reference value :  1.82560e-10
 Reference value :  1.92560e-10
 Reference value :  2.02560e-10
 Reference value :  2.10560e-10
 Reference value :  2.18560e-10
 Reference value :  2.26560e-10
 Reference value :  2.36560e-10
 Reference value :  2.44560e-10
 Reference value :  2.54560e-10
 Reference value :  2.64560e-10
 Reference value :  2.76560e-10
 Reference value :  2.84560e-10
 Reference value :  2.96560e-10
 Reference value :  3.06560e-10
 Reference value :  3.16560e-10
 Reference value :  3.26560e-10
 Reference value :  3.36560e-10
 Reference value :  3.42560e-10
 Reference value :  3.50560e-10
 Reference value :  3.62560e-10
 Reference value :  3.72560e-10
 Reference value :  3.84560e-10
 Reference value :  3.90560e-10
 Reference value :  3.96560e-10
 Reference value :  4.02560e-10
 Reference value :  4.12560e-10
 Reference value :  4.22560e-10
 Reference value :  4.32560e-10
 Reference value :  4.40560e-10
 Reference value :  4.48560e-10
 Reference value :  4.58560e-10
 Reference value :  4.68560e-10
 Reference value :  4.78560e-10
 Reference value :  4.88560e-10
 Reference value :  4.94560e-10
 Reference value :  5.04560e-10
 Reference value :  5.16560e-10
 Reference value :  5.28560e-10
 Reference value :  5.40560e-10
 Reference value :  5.52560e-10
 Reference value :  5.64560e-10
 Reference value :  5.74560e-10
 Reference value :  5.84560e-10
 Reference value :  5.94560e-10
 Reference value :  6.02560e-10
 Reference value :  6.12560e-10
 Reference value :  6.22560e-10
 Reference value :  6.30560e-10
 Reference value :  6.38560e-10
 Reference value :  6.48560e-10
 Reference value :  6.58560e-10
 Reference value :  6.68560e-10
 Reference value :  6.76560e-10
 Reference value :  6.88560e-10
 Reference value :  7.00560e-10
 Reference value :  7.12560e-10
 Reference value :  7.22560e-10
 Reference value :  7.32560e-10
 Reference value :  7.42560e-10
 Reference value :  7.52560e-10
 Reference value :  7.60560e-10
 Reference value :  7.68560e-10
 Reference value :  7.78560e-10
 Reference value :  7.88560e-10
 Reference value :  7.98560e-10
 Reference value :  8.06560e-10
 Reference value :  8.16560e-10
 Reference value :  8.26560e-10
 Reference value :  8.38560e-10
 Reference value :  8.48560e-10
 Reference value :  8.58560e-10
 Reference value :  8.70560e-10
 Reference value :  8.82560e-10
 Reference value :  8.92560e-10
 Reference value :  9.02560e-10
 Reference value :  9.14560e-10
 Reference value :  9.24560e-10
 Reference value :  9.36560e-10
 Reference value :  9.48560e-10
 Reference value :  9.60560e-10
 Reference value :  9.72560e-10
 Reference value :  9.82560e-10
 Reference value :  9.92560e-10
 Reference value :  1.00056e-09
 Reference value :  1.01056e-09
 Reference value :  1.02056e-09
 Reference value :  1.03056e-09
 Reference value :  1.04056e-09
 Reference value :  1.05056e-09
 Reference value :  1.06256e-09
 Reference value :  1.07456e-09
 Reference value :  1.08656e-09
 Reference value :  1.09656e-09
 Reference value :  1.10856e-09
 Reference value :  1.12056e-09
 Reference value :  1.13056e-09
 Reference value :  1.14256e-09
 Reference value :  1.14856e-09
 Reference value :  1.15656e-09
 Reference value :  1.16456e-09
 Reference value :  1.17256e-09
 Reference value :  1.17856e-09
 Reference value :  1.18456e-09
 Reference value :  1.19056e-09
 Reference value :  1.19856e-09
 Reference value :  1.20456e-09
 Reference value :  1.21256e-09
 Reference value :  1.22256e-09
 Reference value :  1.23256e-09
 Reference value :  1.24256e-09
 Reference value :  1.24856e-09
 Reference value :  1.25856e-09
 Reference value :  1.27056e-09
 Reference value :  1.28056e-09
 Reference value :  1.28856e-09
 Reference value :  1.29856e-09
 Reference value :  1.30856e-09
 Reference value :  1.31856e-09
 Reference value :  1.32856e-09
 Reference value :  1.33656e-09
 Reference value :  1.34656e-09
 Reference value :  1.35656e-09
 Reference value :  1.36656e-09
 Reference value :  1.37656e-09
 Reference value :  1.38656e-09
 Reference value :  1.39656e-09
 Reference value :  1.40856e-09
 Reference value :  1.41856e-09
 Reference value :  1.42856e-09
 Reference value :  1.43856e-09
 Reference value :  1.45056e-09
 Reference value :  1.46056e-09
 Reference value :  1.47256e-09
 Reference value :  1.48456e-09
 Reference value :  1.49656e-09
 Reference value :  1.50856e-09
 Reference value :  1.52056e-09
 Reference value :  1.53256e-09
 Reference value :  1.54456e-09
 Reference value :  1.55456e-09
 Reference value :  1.56656e-09
 Reference value :  1.57656e-09
 Reference value :  1.58856e-09
 Reference value :  1.59856e-09
 Reference value :  1.61056e-09
 Reference value :  1.62056e-09
 Reference value :  1.63056e-09
 Reference value :  1.64256e-09
 Reference value :  1.65256e-09
 Reference value :  1.66456e-09
 Reference value :  1.67256e-09
 Reference value :  1.68056e-09
 Reference value :  1.68656e-09
 Reference value :  1.69856e-09
 Reference value :  1.71056e-09
 Reference value :  1.72256e-09
 Reference value :  1.72856e-09
 Reference value :  1.73656e-09
 Reference value :  1.74256e-09
 Reference value :  1.74856e-09
 Reference value :  1.75656e-09
 Reference value :  1.76456e-09
 Reference value :  1.77256e-09
 Reference value :  1.77856e-09
 Reference value :  1.78456e-09
 Reference value :  1.79056e-09
 Reference value :  1.79856e-09
 Reference value :  1.80656e-09
 Reference value :  1.81456e-09
 Reference value :  1.82456e-09
 Reference value :  1.83056e-09
 Reference value :  1.83656e-09
 Reference value :  1.84256e-09
 Reference value :  1.85056e-09
 Reference value :  1.85856e-09
 Reference value :  1.86456e-09
 Reference value :  1.87256e-09
 Reference value :  1.87856e-09
 Reference value :  1.88456e-09
 Reference value :  1.89056e-09
 Reference value :  1.89856e-09
 Reference value :  1.90656e-09
 Reference value :  1.91456e-09
 Reference value :  1.92256e-09
 Reference value :  1.93056e-09
 Reference value :  1.93856e-09
 Reference value :  1.94656e-09
 Reference value :  1.95256e-09
 Reference value :  1.96056e-09
 Reference value :  1.96656e-09
 Reference value :  1.97456e-09
 Reference value :  1.98056e-09
 Reference value :  1.98856e-09
 Reference value :  1.99456e-09
 Reference value :  2.00056e-09
 Reference value :  2.00656e-09
 Reference value :  2.01456e-09
 Reference value :  2.02056e-09
 Reference value :  2.02856e-09
 Reference value :  2.03656e-09
 Reference value :  2.04456e-09
 Reference value :  2.05256e-09
 Reference value :  2.05856e-09
 Reference value :  2.06456e-09
 Reference value :  2.07056e-09
 Reference value :  2.07656e-09
 Reference value :  2.08256e-09
 Reference value :  2.09056e-09
 Reference value :  2.09856e-09
 Reference value :  2.10656e-09
 Reference value :  2.11456e-09
 Reference value :  2.12256e-09
 Reference value :  2.13056e-09
 Reference value :  2.13856e-09
 Reference value :  2.14656e-09
 Reference value :  2.15256e-09
 Reference value :  2.15856e-09
 Reference value :  2.16656e-09
 Reference value :  2.17256e-09
 Reference value :  2.18056e-09
 Reference value :  2.18856e-09
 Reference value :  2.19456e-09
 Reference value :  2.20056e-09
 Reference value :  2.20656e-09
 Reference value :  2.21456e-09
 Reference value :  2.22256e-09
 Reference value :  2.23056e-09
 Reference value :  2.23856e-09
 Reference value :  2.24456e-09
 Reference value :  2.58656e-09
 Reference value :  3.78656e-09
 Reference value :  4.45856e-09
 Reference value :  4.46656e-09
 Reference value :  4.47456e-09
 Reference value :  4.48256e-09
 Reference value :  4.48856e-09
 Reference value :  4.49656e-09
 Reference value :  4.50456e-09
 Reference value :  4.51256e-09
 Reference value :  4.52056e-09
 Reference value :  4.52856e-09
 Reference value :  4.53456e-09
 Reference value :  4.54456e-09
 Reference value :  4.55056e-09
 Reference value :  4.55656e-09
 Reference value :  4.56256e-09
 Reference value :  4.57056e-09
 Reference value :  4.57856e-09
 Reference value :  4.58456e-09
 Reference value :  4.59256e-09
 Reference value :  4.59856e-09
 Reference value :  4.60456e-09
 Reference value :  4.61056e-09
 Reference value :  4.61856e-09
 Reference value :  4.62656e-09
 Reference value :  4.63256e-09
 Reference value :  4.64056e-09
 Reference value :  4.64656e-09
 Reference value :  4.65256e-09
 Reference value :  4.66056e-09
 Reference value :  4.66856e-09
 Reference value :  4.67456e-09
 Reference value :  4.68056e-09
 Reference value :  4.68856e-09
 Reference value :  4.69656e-09
 Reference value :  4.70256e-09
 Reference value :  4.70856e-09
 Reference value :  5.76900e-09
No. of Data Rows : 3314
Note: Simulation executed from .control section 
