
Note: Compatibility modes selected: hs a


Circuit: * comparator-decision offset pick-off -- vindiff=0.0mv corner=tt temp=27.0c seed=16 (issue #54)

option SCALE: Scale is set to 1e-06 for instance and model parameters
option SCALE: Scale is set to 1e-06 for instance and model parameters
option SCALE: Scale is set to 1e-06 for instance and model parameters
option SCALE: Scale is set to 1e-06 for instance and model parameters
Doing analysis at TEMP = 27.000000 and TNOM = 27.000000

Using KLU as Direct Linear Solver
 Reference value :  0.00000e+00
 Reference value :  1.60000e-13
 Reference value :  1.28000e-12
 Reference value :  6.56000e-12
 Reference value :  1.25600e-11
 Reference value :  1.85600e-11
 Reference value :  2.65600e-11
 Reference value :  3.25600e-11
 Reference value :  4.05600e-11
 Reference value :  4.65600e-11
 Reference value :  5.25600e-11
 Reference value :  5.85600e-11
 Reference value :  6.45600e-11
 Reference value :  7.25600e-11
 Reference value :  8.05600e-11
 Reference value :  8.65600e-11
 Reference value :  9.25600e-11
 Reference value :  1.00560e-10
 Reference value :  1.08560e-10
 Reference value :  1.16560e-10
 Reference value :  1.94560e-10
 Reference value :  2.06560e-10
 Reference value :  2.16560e-10
 Reference value :  2.26560e-10
 Reference value :  2.36560e-10
 Reference value :  2.46560e-10
 Reference value :  2.58560e-10
 Reference value :  2.70560e-10
 Reference value :  2.80560e-10
 Reference value :  2.92560e-10
 Reference value :  3.02560e-10
 Reference value :  3.12560e-10
 Reference value :  3.20560e-10
 Reference value :  3.30560e-10
 Reference value :  3.40560e-10
 Reference value :  3.50560e-10
 Reference value :  3.60560e-10
 Reference value :  3.70560e-10
 Reference value :  3.76560e-10
 Reference value :  3.82560e-10
 Reference value :  3.88560e-10
 Reference value :  3.94560e-10
 Reference value :  4.02560e-10
 Reference value :  4.10560e-10
 Reference value :  4.18560e-10
 Reference value :  4.28560e-10
 Reference value :  4.36560e-10
 Reference value :  4.44560e-10
 Reference value :  4.52560e-10
 Reference value :  4.62560e-10
 Reference value :  4.70560e-10
 Reference value :  4.80560e-10
 Reference value :  4.90560e-10
 Reference value :  5.00560e-10
 Reference value :  5.10560e-10
 Reference value :  5.20560e-10
 Reference value :  5.30560e-10
 Reference value :  5.40560e-10
 Reference value :  5.50560e-10
 Reference value :  5.60560e-10
 Reference value :  5.70560e-10
 Reference value :  5.80560e-10
 Reference value :  5.90560e-10
 Reference value :  6.00560e-10
 Reference value :  6.10560e-10
 Reference value :  6.20560e-10
 Reference value :  6.30560e-10
 Reference value :  6.40560e-10
 Reference value :  6.50560e-10
 Reference value :  6.60560e-10
 Reference value :  6.70560e-10
 Reference value :  6.80560e-10
 Reference value :  6.90560e-10
 Reference value :  7.00560e-10
 Reference value :  7.10560e-10
 Reference value :  7.20560e-10
 Reference value :  7.30560e-10
 Reference value :  7.40560e-10
 Reference value :  7.50560e-10
 Reference value :  7.60560e-10
 Reference value :  7.70560e-10
 Reference value :  7.80560e-10
 Reference value :  7.88560e-10
 Reference value :  7.96560e-10
 Reference value :  8.04560e-10
 Reference value :  8.12560e-10
 Reference value :  8.22560e-10
 Reference value :  8.30560e-10
 Reference value :  8.38560e-10
 Reference value :  8.48560e-10
 Reference value :  8.58560e-10
 Reference value :  8.68560e-10
 Reference value :  8.76560e-10
 Reference value :  8.86560e-10
 Reference value :  8.98560e-10
 Reference value :  9.08560e-10
 Reference value :  9.14560e-10
 Reference value :  9.20560e-10
 Reference value :  9.28560e-10
 Reference value :  9.36560e-10
 Reference value :  9.42560e-10
 Reference value :  9.48560e-10
 Reference value :  9.54560e-10
 Reference value :  9.60560e-10
 Reference value :  9.68560e-10
 Reference value :  9.76560e-10
 Reference value :  9.82560e-10
 Reference value :  9.88560e-10
 Reference value :  9.94560e-10
 Reference value :  1.00256e-09
 Reference value :  1.01056e-09
 Reference value :  1.01856e-09
 Reference value :  1.02656e-09
 Reference value :  1.03456e-09
 Reference value :  1.04256e-09
 Reference value :  1.05256e-09
 Reference value :  1.06256e-09
 Reference value :  1.07056e-09
 Reference value :  1.08056e-09
 Reference value :  1.08856e-09
 Reference value :  1.09856e-09
 Reference value :  1.11056e-09
 Reference value :  1.12056e-09
 Reference value :  1.13056e-09
 Reference value :  1.13856e-09
 Reference value :  1.14856e-09
 Reference value :  1.15656e-09
 Reference value :  1.16656e-09
 Reference value :  1.17456e-09
 Reference value :  1.18456e-09
 Reference value :  1.19456e-09
 Reference value :  1.20456e-09
 Reference value :  1.21456e-09
 Reference value :  1.22456e-09
 Reference value :  1.23456e-09
 Reference value :  1.24456e-09
 Reference value :  1.25456e-09
 Reference value :  1.26456e-09
 Reference value :  1.27456e-09
 Reference value :  1.28456e-09
 Reference value :  1.29256e-09
 Reference value :  1.30256e-09
 Reference value :  1.31456e-09
 Reference value :  1.32456e-09
 Reference value :  1.33456e-09
 Reference value :  1.34456e-09
 Reference value :  1.35456e-09
 Reference value :  1.36656e-09
 Reference value :  1.37856e-09
 Reference value :  1.38856e-09
 Reference value :  1.39856e-09
 Reference value :  1.40856e-09
 Reference value :  1.41856e-09
 Reference value :  1.42856e-09
 Reference value :  1.43856e-09
 Reference value :  1.44656e-09
 Reference value :  1.45456e-09
 Reference value :  1.46256e-09
 Reference value :  1.47256e-09
 Reference value :  1.48056e-09
 Reference value :  1.49056e-09
 Reference value :  1.50056e-09
 Reference value :  1.51256e-09
 Reference value :  1.52456e-09
 Reference value :  1.53656e-09
 Reference value :  1.54456e-09
 Reference value :  1.55256e-09
 Reference value :  1.55856e-09
 Reference value :  1.56456e-09
 Reference value :  1.57056e-09
 Reference value :  1.57656e-09
 Reference value :  1.58256e-09
 Reference value :  1.59256e-09
 Reference value :  1.60056e-09
 Reference value :  1.60856e-09
 Reference value :  1.62056e-09
 Reference value :  1.63056e-09
 Reference value :  1.64056e-09
 Reference value :  1.65256e-09
 Reference value :  1.66056e-09
 Reference value :  1.66856e-09
 Reference value :  1.67856e-09
 Reference value :  1.68856e-09
 Reference value :  1.69856e-09
 Reference value :  1.70856e-09
 Reference value :  1.71856e-09
 Reference value :  1.72856e-09
 Reference value :  1.73856e-09
 Reference value :  1.75056e-09
 Reference value :  1.76056e-09
 Reference value :  1.77056e-09
 Reference value :  1.77856e-09
 Reference value :  1.78656e-09
 Reference value :  1.79656e-09
 Reference value :  1.80456e-09
 Reference value :  1.81656e-09
 Reference value :  1.82656e-09
 Reference value :  1.83856e-09
 Reference value :  1.84856e-09
 Reference value :  1.85656e-09
 Reference value :  1.86256e-09
 Reference value :  1.87056e-09
 Reference value :  1.87656e-09
 Reference value :  1.88256e-09
 Reference value :  1.89056e-09
 Reference value :  1.89856e-09
 Reference value :  1.90656e-09
 Reference value :  1.91656e-09
 Reference value :  1.92656e-09
 Reference value :  1.93856e-09
 Reference value :  1.94856e-09
 Reference value :  1.95656e-09
 Reference value :  1.96456e-09
 Reference value :  1.97256e-09
 Reference value :  1.98456e-09
 Reference value :  1.99256e-09
 Reference value :  2.00256e-09
 Reference value :  2.01456e-09
 Reference value :  2.02656e-09
 Reference value :  2.03856e-09
 Reference value :  2.05056e-09
 Reference value :  2.06056e-09
 Reference value :  2.07256e-09
 Reference value :  2.08056e-09
 Reference value :  2.08856e-09
 Reference value :  2.09856e-09
 Reference value :  2.10856e-09
 Reference value :  2.11856e-09
 Reference value :  2.12656e-09
 Reference value :  2.13456e-09
 Reference value :  2.14456e-09
 Reference value :  2.15456e-09
 Reference value :  2.16256e-09
 Reference value :  2.17056e-09
 Reference value :  2.17856e-09
 Reference value :  2.18656e-09
 Reference value :  2.19856e-09
 Reference value :  2.21056e-09
 Reference value :  2.22056e-09
 Reference value :  2.23056e-09
 Reference value :  2.24256e-09
 Reference value :  2.25056e-09
 Reference value :  2.25656e-09
 Reference value :  2.26256e-09
 Reference value :  2.26856e-09
 Reference value :  2.27456e-09
 Reference value :  2.28056e-09
 Reference value :  2.28656e-09
 Reference value :  2.29256e-09
 Reference value :  2.30056e-09
 Reference value :  2.30856e-09
 Reference value :  2.31456e-09
 Reference value :  2.32456e-09
 Reference value :  2.33656e-09
 Reference value :  2.34856e-09
 Reference value :  2.36056e-09
 Reference value :  2.36656e-09
 Reference value :  2.37256e-09
 Reference value :  2.38056e-09
 Reference value :  2.38856e-09
 Reference value :  2.39656e-09
 Reference value :  2.40456e-09
 Reference value :  2.41256e-09
 Reference value :  2.42056e-09
 Reference value :  2.42656e-09
 Reference value :  2.43256e-09
 Reference value :  2.43856e-09
 Reference value :  2.44656e-09
 Reference value :  2.45456e-09
 Reference value :  2.46256e-09
 Reference value :  2.47056e-09
 Reference value :  2.47856e-09
 Reference value :  2.48456e-09
 Reference value :  2.49256e-09
 Reference value :  2.49856e-09
 Reference value :  2.50656e-09
 Reference value :  2.51256e-09
 Reference value :  2.51856e-09
 Reference value :  2.52456e-09
 Reference value :  2.53456e-09
 Reference value :  2.54456e-09
 Reference value :  2.55456e-09
 Reference value :  2.56456e-09
 Reference value :  2.57456e-09
 Reference value :  2.58456e-09
 Reference value :  2.59056e-09
 Reference value :  2.60056e-09
 Reference value :  2.61256e-09
 Reference value :  2.62456e-09
 Reference value :  2.63256e-09
 Reference value :  2.64056e-09
 Reference value :  2.65056e-09
 Reference value :  2.66056e-09
 Reference value :  2.67056e-09
 Reference value :  2.68056e-09
 Reference value :  2.69056e-09
 Reference value :  2.70056e-09
 Reference value :  2.70856e-09
 Reference value :  2.71856e-09
 Reference value :  2.72856e-09
 Reference value :  2.73856e-09
 Reference value :  2.74856e-09
 Reference value :  2.75856e-09
 Reference value :  2.76856e-09
 Reference value :  2.78056e-09
 Reference value :  2.79256e-09
 Reference value :  2.80256e-09
 Reference value :  2.81456e-09
 Reference value :  2.82456e-09
 Reference value :  2.83656e-09
 Reference value :  2.84656e-09
 Reference value :  2.85456e-09
 Reference value :  2.86456e-09
 Reference value :  2.87456e-09
 Reference value :  2.88256e-09
 Reference value :  2.89056e-09
 Reference value :  2.89856e-09
 Reference value :  2.90656e-09
 Reference value :  2.91456e-09
 Reference value :  2.92056e-09
 Reference value :  2.92856e-09
 Reference value :  2.93656e-09
 Reference value :  2.94456e-09
 Reference value :  2.95256e-09
 Reference value :  2.96056e-09
 Reference value :  2.96856e-09
 Reference value :  2.97656e-09
 Reference value :  2.98256e-09
 Reference value :  2.99056e-09
 Reference value :  2.99656e-09
 Reference value :  3.00456e-09
 Reference value :  3.01056e-09
 Reference value :  3.01656e-09
 Reference value :  3.02456e-09
 Reference value :  3.03256e-09
 Reference value :  3.04056e-09
 Reference value :  3.04656e-09
 Reference value :  3.05456e-09
 Reference value :  3.06256e-09
 Reference value :  3.07056e-09
 Reference value :  3.07656e-09
 Reference value :  3.08256e-09
 Reference value :  3.08856e-09
 Reference value :  3.09656e-09
 Reference value :  3.10256e-09
 Reference value :  3.11256e-09
 Reference value :  3.12256e-09
 Reference value :  3.13256e-09
 Reference value :  3.14456e-09
 Reference value :  3.15456e-09
 Reference value :  3.16256e-09
 Reference value :  4.31456e-09
 Reference value :  5.54700e-09
No. of Data Rows : 3314
Note: Simulation executed from .control section 
