
Note: Compatibility modes selected: hs a


Circuit: * comparator-decision offset pick-off -- vindiff=0.0mv corner=tt temp=27.0c seed=2 (issue #54)

option SCALE: Scale is set to 1e-06 for instance and model parameters
option SCALE: Scale is set to 1e-06 for instance and model parameters
option SCALE: Scale is set to 1e-06 for instance and model parameters
option SCALE: Scale is set to 1e-06 for instance and model parameters
Doing analysis at TEMP = 27.000000 and TNOM = 27.000000

Using KLU as Direct Linear Solver
 Reference value :  0.00000e+00
 Reference value :  1.60000e-13
 Reference value :  2.56000e-12
 Reference value :  1.05600e-11
 Reference value :  1.85600e-11
 Reference value :  2.45600e-11
 Reference value :  3.25600e-11
 Reference value :  3.85600e-11
 Reference value :  4.65600e-11
 Reference value :  5.45600e-11
 Reference value :  6.05600e-11
 Reference value :  6.65600e-11
 Reference value :  7.45600e-11
 Reference value :  8.25600e-11
 Reference value :  8.85600e-11
 Reference value :  9.45600e-11
 Reference value :  1.02560e-10
 Reference value :  1.10560e-10
 Reference value :  1.16560e-10
 Reference value :  1.24560e-10
 Reference value :  1.32560e-10
 Reference value :  1.40560e-10
 Reference value :  1.48560e-10
 Reference value :  1.56560e-10
 Reference value :  1.62560e-10
 Reference value :  1.72560e-10
 Reference value :  1.80560e-10
 Reference value :  1.88560e-10
 Reference value :  1.96560e-10
 Reference value :  2.04560e-10
 Reference value :  2.12560e-10
 Reference value :  2.20560e-10
 Reference value :  2.26560e-10
 Reference value :  2.34560e-10
 Reference value :  2.44560e-10
 Reference value :  2.56560e-10
 Reference value :  2.66560e-10
 Reference value :  2.76560e-10
 Reference value :  2.86560e-10
 Reference value :  2.98560e-10
 Reference value :  3.08560e-10
 Reference value :  3.20560e-10
 Reference value :  3.30560e-10
 Reference value :  3.40560e-10
 Reference value :  3.50560e-10
 Reference value :  3.60560e-10
 Reference value :  3.70560e-10
 Reference value :  3.80560e-10
 Reference value :  3.90560e-10
 Reference value :  4.00560e-10
 Reference value :  4.10560e-10
 Reference value :  4.20560e-10
 Reference value :  4.30560e-10
 Reference value :  4.38560e-10
 Reference value :  4.50560e-10
 Reference value :  4.60560e-10
 Reference value :  4.70560e-10
 Reference value :  4.78560e-10
 Reference value :  4.86560e-10
 Reference value :  4.94560e-10
 Reference value :  5.02560e-10
 Reference value :  5.12560e-10
 Reference value :  5.22560e-10
 Reference value :  5.30560e-10
 Reference value :  5.38560e-10
 Reference value :  5.48560e-10
 Reference value :  5.58560e-10
 Reference value :  5.66560e-10
 Reference value :  5.76560e-10
 Reference value :  5.88560e-10
 Reference value :  5.98560e-10
 Reference value :  6.10560e-10
 Reference value :  6.22560e-10
 Reference value :  6.32560e-10
 Reference value :  6.40560e-10
 Reference value :  6.50560e-10
 Reference value :  6.60560e-10
 Reference value :  6.68560e-10
 Reference value :  6.76560e-10
 Reference value :  6.84560e-10
 Reference value :  6.92560e-10
 Reference value :  7.00560e-10
 Reference value :  7.10560e-10
 Reference value :  7.20560e-10
 Reference value :  7.30560e-10
 Reference value :  7.42560e-10
 Reference value :  7.48560e-10
 Reference value :  7.58560e-10
 Reference value :  7.70560e-10
 Reference value :  7.80560e-10
 Reference value :  7.92560e-10
 Reference value :  8.02560e-10
 Reference value :  8.12560e-10
 Reference value :  8.20560e-10
 Reference value :  8.30560e-10
 Reference value :  8.40560e-10
 Reference value :  8.50560e-10
 Reference value :  8.62560e-10
 Reference value :  8.74560e-10
 Reference value :  8.82560e-10
 Reference value :  8.92560e-10
 Reference value :  9.04560e-10
 Reference value :  9.12560e-10
 Reference value :  9.22560e-10
 Reference value :  9.30560e-10
 Reference value :  9.36560e-10
 Reference value :  9.44560e-10
 Reference value :  9.50560e-10
 Reference value :  9.58560e-10
 Reference value :  9.66560e-10
 Reference value :  9.72560e-10
 Reference value :  9.78560e-10
 Reference value :  9.86560e-10
 Reference value :  9.94560e-10
 Reference value :  1.00256e-09
 Reference value :  1.01056e-09
 Reference value :  1.02056e-09
 Reference value :  1.03056e-09
 Reference value :  1.04056e-09
 Reference value :  1.05056e-09
 Reference value :  1.05856e-09
 Reference value :  1.06656e-09
 Reference value :  1.07256e-09
 Reference value :  1.07856e-09
 Reference value :  1.08456e-09
 Reference value :  1.09056e-09
 Reference value :  1.10056e-09
 Reference value :  1.10856e-09
 Reference value :  1.11856e-09
 Reference value :  1.12656e-09
 Reference value :  1.13456e-09
 Reference value :  1.14656e-09
 Reference value :  1.15856e-09
 Reference value :  1.17056e-09
 Reference value :  1.18256e-09
 Reference value :  1.19256e-09
 Reference value :  1.20256e-09
 Reference value :  1.21056e-09
 Reference value :  1.21856e-09
 Reference value :  1.23056e-09
 Reference value :  1.24256e-09
 Reference value :  1.25256e-09
 Reference value :  1.26056e-09
 Reference value :  1.26856e-09
 Reference value :  1.27456e-09
 Reference value :  1.28256e-09
 Reference value :  1.29056e-09
 Reference value :  1.29856e-09
 Reference value :  1.30656e-09
 Reference value :  1.31656e-09
 Reference value :  1.32856e-09
 Reference value :  1.33856e-09
 Reference value :  1.35056e-09
 Reference value :  1.36056e-09
 Reference value :  1.36656e-09
 Reference value :  1.37256e-09
 Reference value :  1.37856e-09
 Reference value :  1.38456e-09
 Reference value :  1.39256e-09
 Reference value :  1.39856e-09
 Reference value :  1.40856e-09
 Reference value :  1.41656e-09
 Reference value :  1.42456e-09
 Reference value :  1.43456e-09
 Reference value :  1.44656e-09
 Reference value :  1.45656e-09
 Reference value :  1.46856e-09
 Reference value :  1.48056e-09
 Reference value :  1.49056e-09
 Reference value :  1.50056e-09
 Reference value :  1.51256e-09
 Reference value :  1.52256e-09
 Reference value :  1.53456e-09
 Reference value :  1.54456e-09
 Reference value :  1.55656e-09
 Reference value :  1.56656e-09
 Reference value :  1.57456e-09
 Reference value :  1.58056e-09
 Reference value :  1.58856e-09
 Reference value :  1.59656e-09
 Reference value :  1.60256e-09
 Reference value :  1.61056e-09
 Reference value :  1.61656e-09
 Reference value :  1.62456e-09
 Reference value :  1.63256e-09
 Reference value :  1.64056e-09
 Reference value :  1.64656e-09
 Reference value :  1.65456e-09
 Reference value :  1.66456e-09
 Reference value :  1.67456e-09
 Reference value :  1.68456e-09
 Reference value :  1.69656e-09
 Reference value :  1.70656e-09
 Reference value :  1.71856e-09
 Reference value :  1.73056e-09
 Reference value :  1.74056e-09
 Reference value :  1.75056e-09
 Reference value :  1.76056e-09
 Reference value :  1.77056e-09
 Reference value :  1.78056e-09
 Reference value :  1.79056e-09
 Reference value :  1.80256e-09
 Reference value :  1.81256e-09
 Reference value :  1.82256e-09
 Reference value :  1.83456e-09
 Reference value :  1.84256e-09
 Reference value :  1.85056e-09
 Reference value :  1.85856e-09
 Reference value :  1.87056e-09
 Reference value :  1.88256e-09
 Reference value :  1.89256e-09
 Reference value :  1.90056e-09
 Reference value :  1.91056e-09
 Reference value :  1.92056e-09
 Reference value :  1.93256e-09
 Reference value :  1.94056e-09
 Reference value :  1.94656e-09
 Reference value :  1.95256e-09
 Reference value :  1.96056e-09
 Reference value :  1.96856e-09
 Reference value :  1.97456e-09
 Reference value :  1.98256e-09
 Reference value :  1.98856e-09
 Reference value :  1.99656e-09
 Reference value :  2.00456e-09
 Reference value :  2.01256e-09
 Reference value :  2.02256e-09
 Reference value :  2.03256e-09
 Reference value :  2.04256e-09
 Reference value :  2.05256e-09
 Reference value :  2.06256e-09
 Reference value :  2.07256e-09
 Reference value :  2.08256e-09
 Reference value :  2.09256e-09
 Reference value :  2.10256e-09
 Reference value :  2.11256e-09
 Reference value :  2.12256e-09
 Reference value :  2.13256e-09
 Reference value :  2.14256e-09
 Reference value :  2.15256e-09
 Reference value :  2.16056e-09
 Reference value :  2.17056e-09
 Reference value :  2.18256e-09
 Reference value :  2.19256e-09
 Reference value :  2.20256e-09
 Reference value :  2.21056e-09
 Reference value :  2.22056e-09
 Reference value :  2.23256e-09
 Reference value :  2.24056e-09
 Reference value :  2.25056e-09
 Reference value :  2.25856e-09
 Reference value :  2.26456e-09
 Reference value :  2.27256e-09
 Reference value :  2.28256e-09
 Reference value :  2.29256e-09
 Reference value :  2.30256e-09
 Reference value :  2.31256e-09
 Reference value :  2.32256e-09
 Reference value :  2.33256e-09
 Reference value :  2.34256e-09
 Reference value :  2.34856e-09
 Reference value :  2.35456e-09
 Reference value :  2.36256e-09
 Reference value :  2.37056e-09
 Reference value :  2.37856e-09
 Reference value :  2.38656e-09
 Reference value :  2.39656e-09
 Reference value :  2.40656e-09
 Reference value :  2.41656e-09
 Reference value :  2.42456e-09
 Reference value :  2.43456e-09
 Reference value :  2.44456e-09
 Reference value :  2.45456e-09
 Reference value :  2.46656e-09
 Reference value :  2.47856e-09
 Reference value :  2.48656e-09
 Reference value :  2.49456e-09
 Reference value :  2.50256e-09
 Reference value :  2.51256e-09
 Reference value :  2.52456e-09
 Reference value :  2.53656e-09
 Reference value :  2.54856e-09
 Reference value :  2.56056e-09
 Reference value :  2.57056e-09
 Reference value :  2.58056e-09
 Reference value :  2.59056e-09
 Reference value :  2.60056e-09
 Reference value :  2.61256e-09
 Reference value :  2.62256e-09
 Reference value :  2.63056e-09
 Reference value :  2.64056e-09
 Reference value :  2.64856e-09
 Reference value :  2.65656e-09
 Reference value :  2.66456e-09
 Reference value :  2.67456e-09
 Reference value :  2.68456e-09
 Reference value :  2.69656e-09
 Reference value :  2.70656e-09
 Reference value :  2.71456e-09
 Reference value :  2.72456e-09
 Reference value :  2.73456e-09
 Reference value :  2.74656e-09
 Reference value :  2.75856e-09
 Reference value :  2.77056e-09
 Reference value :  2.77656e-09
 Reference value :  2.78456e-09
 Reference value :  2.79456e-09
 Reference value :  2.80656e-09
 Reference value :  2.81856e-09
 Reference value :  2.83056e-09
 Reference value :  2.84056e-09
 Reference value :  2.84856e-09
 Reference value :  2.85656e-09
 Reference value :  2.86456e-09
 Reference value :  2.87456e-09
 Reference value :  2.88656e-09
 Reference value :  2.89656e-09
 Reference value :  2.90456e-09
 Reference value :  2.91256e-09
 Reference value :  2.92056e-09
 Reference value :  2.93056e-09
 Reference value :  2.94056e-09
 Reference value :  2.94656e-09
 Reference value :  2.95256e-09
 Reference value :  2.95856e-09
 Reference value :  2.96456e-09
 Reference value :  2.97056e-09
 Reference value :  2.98056e-09
 Reference value :  2.99256e-09
 Reference value :  3.00456e-09
 Reference value :  3.01656e-09
 Reference value :  3.02456e-09
 Reference value :  3.03456e-09
 Reference value :  3.04456e-09
 Reference value :  3.05456e-09
 Reference value :  3.06056e-09
 Reference value :  3.06856e-09
 Reference value :  3.07456e-09
 Reference value :  3.08256e-09
 Reference value :  3.08856e-09
 Reference value :  3.09456e-09
 Reference value :  3.10056e-09
 Reference value :  3.10856e-09
 Reference value :  3.11656e-09
 Reference value :  3.12256e-09
 Reference value :  3.12856e-09
 Reference value :  3.13456e-09
 Reference value :  3.14256e-09
 Reference value :  3.15056e-09
 Reference value :  3.15656e-09
 Reference value :  3.16256e-09
 Reference value :  3.16856e-09
 Reference value :  3.17456e-09
 Reference value :  3.18256e-09
 Reference value :  3.18856e-09
 Reference value :  3.19456e-09
 Reference value :  3.20056e-09
 Reference value :  3.20856e-09
 Reference value :  3.21456e-09
 Reference value :  3.22056e-09
 Reference value :  3.22656e-09
 Reference value :  3.23256e-09
 Reference value :  3.24056e-09
 Reference value :  3.24856e-09
 Reference value :  3.25456e-09
 Reference value :  3.26056e-09
 Reference value :  3.26856e-09
 Reference value :  3.27456e-09
 Reference value :  3.28056e-09
 Reference value :  3.28656e-09
 Reference value :  3.29456e-09
 Reference value :  3.30256e-09
 Reference value :  3.31056e-09
 Reference value :  3.31856e-09
 Reference value :  3.32456e-09
 Reference value :  3.33256e-09
 Reference value :  3.33856e-09
 Reference value :  3.34456e-09
 Reference value :  3.35056e-09
 Reference value :  3.35856e-09
 Reference value :  3.36456e-09
 Reference value :  3.37256e-09
 Reference value :  3.37856e-09
 Reference value :  3.38656e-09
 Reference value :  3.39456e-09
 Reference value :  3.40256e-09
 Reference value :  3.41056e-09
 Reference value :  3.41856e-09
 Reference value :  3.42456e-09
 Reference value :  3.43056e-09
 Reference value :  3.43656e-09
 Reference value :  3.44256e-09
 Reference value :  3.45056e-09
 Reference value :  3.45656e-09
 Reference value :  3.46456e-09
 Reference value :  3.47056e-09
 Reference value :  3.47656e-09
 Reference value :  3.48256e-09
 Reference value :  3.48856e-09
 Reference value :  3.49656e-09
 Reference value :  3.50256e-09
 Reference value :  3.51056e-09
 Reference value :  3.51856e-09
 Reference value :  3.52456e-09
 Reference value :  3.53056e-09
 Reference value :  3.53656e-09
 Reference value :  3.54256e-09
 Reference value :  3.55056e-09
 Reference value :  3.55656e-09
 Reference value :  3.56456e-09
 Reference value :  3.57056e-09
 Reference value :  3.57656e-09
 Reference value :  3.58256e-09
 Reference value :  3.58856e-09
 Reference value :  3.59456e-09
 Reference value :  3.60056e-09
 Reference value :  3.60656e-09
 Reference value :  3.61456e-09
 Reference value :  3.62056e-09
 Reference value :  3.62856e-09
 Reference value :  3.63656e-09
 Reference value :  3.64256e-09
 Reference value :  3.65056e-09
 Reference value :  3.65656e-09
 Reference value :  3.66256e-09
 Reference value :  3.66856e-09
 Reference value :  3.67456e-09
 Reference value :  3.68056e-09
 Reference value :  3.68656e-09
 Reference value :  3.69256e-09
 Reference value :  3.70056e-09
 Reference value :  3.70656e-09
 Reference value :  3.71456e-09
 Reference value :  3.72056e-09
 Reference value :  3.72856e-09
 Reference value :  3.73456e-09
 Reference value :  3.74056e-09
 Reference value :  3.74656e-09
 Reference value :  3.75256e-09
 Reference value :  3.75856e-09
 Reference value :  3.76656e-09
 Reference value :  3.77456e-09
 Reference value :  3.78256e-09
 Reference value :  3.78856e-09
 Reference value :  3.79656e-09
 Reference value :  3.80456e-09
 Reference value :  3.81256e-09
 Reference value :  3.82056e-09
 Reference value :  3.82656e-09
 Reference value :  3.83456e-09
 Reference value :  3.84056e-09
 Reference value :  3.84856e-09
 Reference value :  3.85456e-09
 Reference value :  3.86056e-09
 Reference value :  3.86856e-09
 Reference value :  3.87656e-09
 Reference value :  3.88256e-09
 Reference value :  3.88856e-09
 Reference value :  3.89456e-09
 Reference value :  3.90256e-09
 Reference value :  3.91056e-09
 Reference value :  3.91656e-09
 Reference value :  3.92456e-09
 Reference value :  3.93256e-09
 Reference value :  3.93856e-09
 Reference value :  3.94656e-09
 Reference value :  3.95456e-09
 Reference value :  3.96256e-09
 Reference value :  3.96856e-09
 Reference value :  3.97456e-09
 Reference value :  3.98256e-09
 Reference value :  3.98856e-09
 Reference value :  3.99656e-09
 Reference value :  4.00256e-09
 Reference value :  4.01056e-09
 Reference value :  4.01856e-09
 Reference value :  4.02456e-09
 Reference value :  4.03056e-09
 Reference value :  4.03656e-09
 Reference value :  4.04256e-09
 Reference value :  4.04856e-09
 Reference value :  4.05456e-09
 Reference value :  4.06056e-09
 Reference value :  4.06656e-09
 Reference value :  4.07456e-09
 Reference value :  4.08256e-09
 Reference value :  4.08856e-09
 Reference value :  4.09656e-09
 Reference value :  4.10456e-09
 Reference value :  4.11256e-09
 Reference value :  4.11856e-09
 Reference value :  4.12656e-09
 Reference value :  4.13456e-09
 Reference value :  4.14056e-09
 Reference value :  4.14856e-09
 Reference value :  4.15656e-09
 Reference value :  4.16256e-09
 Reference value :  4.16856e-09
 Reference value :  4.17656e-09
 Reference value :  4.18256e-09
 Reference value :  4.19056e-09
 Reference value :  4.19856e-09
 Reference value :  4.20456e-09
 Reference value :  4.21056e-09
 Reference value :  4.21656e-09
 Reference value :  4.22456e-09
 Reference value :  4.23056e-09
 Reference value :  4.23856e-09
 Reference value :  4.24656e-09
 Reference value :  4.25456e-09
 Reference value :  4.26056e-09
 Reference value :  4.26656e-09
 Reference value :  4.27256e-09
 Reference value :  4.27856e-09
 Reference value :  4.28656e-09
 Reference value :  4.29256e-09
 Reference value :  4.29856e-09
 Reference value :  4.30456e-09
 Reference value :  4.31256e-09
 Reference value :  4.31856e-09
 Reference value :  4.32656e-09
 Reference value :  4.33456e-09
 Reference value :  4.34256e-09
 Reference value :  4.34856e-09
 Reference value :  4.35456e-09
 Reference value :  4.36256e-09
 Reference value :  4.37056e-09
 Reference value :  4.37856e-09
 Reference value :  4.38456e-09
 Reference value :  4.39256e-09
 Reference value :  4.40056e-09
 Reference value :  4.40856e-09
 Reference value :  4.41456e-09
 Reference value :  4.42056e-09
 Reference value :  4.42656e-09
 Reference value :  4.43456e-09
 Reference value :  4.44056e-09
 Reference value :  4.44656e-09
 Reference value :  4.45256e-09
 Reference value :  4.46056e-09
 Reference value :  4.46856e-09
 Reference value :  4.47456e-09
 Reference value :  4.48256e-09
 Reference value :  4.48856e-09
 Reference value :  4.49656e-09
 Reference value :  4.50456e-09
 Reference value :  4.51056e-09
 Reference value :  4.51856e-09
 Reference value :  4.52456e-09
 Reference value :  4.53256e-09
 Reference value :  4.53856e-09
 Reference value :  5.10700e-09
 Reference value :  6.26900e-09
No. of Data Rows : 3314
Note: Simulation executed from .control section 
