
Note: Compatibility modes selected: hs a


Circuit: * comparator-decision offset pick-off -- vindiff=0.0mv corner=tt temp=27.0c seed=11 (issue #54)

option SCALE: Scale is set to 1e-06 for instance and model parameters
option SCALE: Scale is set to 1e-06 for instance and model parameters
option SCALE: Scale is set to 1e-06 for instance and model parameters
option SCALE: Scale is set to 1e-06 for instance and model parameters
Doing analysis at TEMP = 27.000000 and TNOM = 27.000000

Using KLU as Direct Linear Solver
 Reference value :  0.00000e+00
 Reference value :  6.40000e-13
 Reference value :  8.56000e-12
 Reference value :  2.05600e-11
 Reference value :  3.25600e-11
 Reference value :  4.25600e-11
 Reference value :  5.05600e-11
 Reference value :  5.85600e-11
 Reference value :  6.65600e-11
 Reference value :  7.45600e-11
 Reference value :  8.45600e-11
 Reference value :  9.65600e-11
 Reference value :  1.06560e-10
 Reference value :  1.18560e-10
 Reference value :  1.26560e-10
 Reference value :  1.34560e-10
 Reference value :  1.40560e-10
 Reference value :  1.50560e-10
 Reference value :  1.58560e-10
 Reference value :  1.64560e-10
 Reference value :  1.72560e-10
 Reference value :  1.82560e-10
 Reference value :  1.90560e-10
 Reference value :  1.98560e-10
 Reference value :  2.08560e-10
 Reference value :  2.16560e-10
 Reference value :  2.24560e-10
 Reference value :  2.32560e-10
 Reference value :  2.42560e-10
 Reference value :  2.52560e-10
 Reference value :  2.62560e-10
 Reference value :  2.72560e-10
 Reference value :  2.82560e-10
 Reference value :  2.92560e-10
 Reference value :  3.02560e-10
 Reference value :  3.12560e-10
 Reference value :  3.22560e-10
 Reference value :  3.32560e-10
 Reference value :  3.42560e-10
 Reference value :  3.52560e-10
 Reference value :  3.62560e-10
 Reference value :  3.72560e-10
 Reference value :  3.82560e-10
 Reference value :  3.90560e-10
 Reference value :  3.98560e-10
 Reference value :  4.08560e-10
 Reference value :  4.20560e-10
 Reference value :  4.30560e-10
 Reference value :  4.40560e-10
 Reference value :  4.50560e-10
 Reference value :  4.62560e-10
 Reference value :  4.74560e-10
 Reference value :  4.84560e-10
 Reference value :  4.92560e-10
 Reference value :  5.00560e-10
 Reference value :  5.08560e-10
 Reference value :  5.14560e-10
 Reference value :  5.20560e-10
 Reference value :  5.26560e-10
 Reference value :  5.34560e-10
 Reference value :  5.42560e-10
 Reference value :  5.52560e-10
 Reference value :  5.62560e-10
 Reference value :  5.74560e-10
 Reference value :  5.86560e-10
 Reference value :  5.98560e-10
 Reference value :  6.08560e-10
 Reference value :  6.18560e-10
 Reference value :  6.26560e-10
 Reference value :  6.32560e-10
 Reference value :  6.40560e-10
 Reference value :  6.48560e-10
 Reference value :  6.54560e-10
 Reference value :  6.64560e-10
 Reference value :  6.72560e-10
 Reference value :  6.82560e-10
 Reference value :  6.94560e-10
 Reference value :  7.04560e-10
 Reference value :  7.12560e-10
 Reference value :  7.22560e-10
 Reference value :  7.32560e-10
 Reference value :  7.44560e-10
 Reference value :  7.54560e-10
 Reference value :  7.64560e-10
 Reference value :  7.76560e-10
 Reference value :  7.86560e-10
 Reference value :  7.98560e-10
 Reference value :  8.08560e-10
 Reference value :  8.18560e-10
 Reference value :  8.30560e-10
 Reference value :  8.42560e-10
 Reference value :  8.52560e-10
 Reference value :  8.60560e-10
 Reference value :  8.68560e-10
 Reference value :  8.78560e-10
 Reference value :  8.90560e-10
 Reference value :  8.98560e-10
 Reference value :  9.04560e-10
 Reference value :  9.10560e-10
 Reference value :  9.16560e-10
 Reference value :  9.26560e-10
 Reference value :  9.36560e-10
 Reference value :  9.46560e-10
 Reference value :  9.56560e-10
 Reference value :  9.66560e-10
 Reference value :  9.76560e-10
 Reference value :  9.86560e-10
 Reference value :  9.96560e-10
 Reference value :  1.00656e-09
 Reference value :  1.01656e-09
 Reference value :  1.02456e-09
 Reference value :  1.03656e-09
 Reference value :  1.04456e-09
 Reference value :  1.05656e-09
 Reference value :  1.06856e-09
 Reference value :  1.08056e-09
 Reference value :  1.08856e-09
 Reference value :  1.09656e-09
 Reference value :  1.10456e-09
 Reference value :  1.11456e-09
 Reference value :  1.12656e-09
 Reference value :  1.13656e-09
 Reference value :  1.14856e-09
 Reference value :  1.15856e-09
 Reference value :  1.16856e-09
 Reference value :  1.17856e-09
 Reference value :  1.18856e-09
 Reference value :  1.19856e-09
 Reference value :  1.20856e-09
 Reference value :  1.21856e-09
 Reference value :  1.22856e-09
 Reference value :  1.23856e-09
 Reference value :  1.24856e-09
 Reference value :  1.25856e-09
 Reference value :  1.26856e-09
 Reference value :  1.27856e-09
 Reference value :  1.28856e-09
 Reference value :  1.29856e-09
 Reference value :  1.30856e-09
 Reference value :  1.31856e-09
 Reference value :  1.32856e-09
 Reference value :  1.33856e-09
 Reference value :  1.34856e-09
 Reference value :  1.35856e-09
 Reference value :  1.36656e-09
 Reference value :  1.37656e-09
 Reference value :  1.38656e-09
 Reference value :  1.39456e-09
 Reference value :  1.40256e-09
 Reference value :  1.41256e-09
 Reference value :  1.42256e-09
 Reference value :  1.43256e-09
 Reference value :  1.44256e-09
 Reference value :  1.45056e-09
 Reference value :  1.46256e-09
 Reference value :  1.47256e-09
 Reference value :  1.48056e-09
 Reference value :  1.49056e-09
 Reference value :  1.50056e-09
 Reference value :  1.51256e-09
 Reference value :  1.52456e-09
 Reference value :  1.53456e-09
 Reference value :  1.54656e-09
 Reference value :  1.55856e-09
 Reference value :  1.56856e-09
 Reference value :  1.58056e-09
 Reference value :  1.58856e-09
 Reference value :  1.59656e-09
 Reference value :  1.60256e-09
 Reference value :  1.61056e-09
 Reference value :  1.77056e-09
 Reference value :  1.77856e-09
 Reference value :  1.78656e-09
 Reference value :  1.79456e-09
 Reference value :  1.80256e-09
 Reference value :  1.81056e-09
 Reference value :  1.81856e-09
 Reference value :  1.82456e-09
 Reference value :  1.83256e-09
 Reference value :  1.84456e-09
 Reference value :  1.85656e-09
 Reference value :  1.86856e-09
 Reference value :  1.87856e-09
 Reference value :  1.89056e-09
 Reference value :  1.90256e-09
 Reference value :  1.91456e-09
 Reference value :  1.92656e-09
 Reference value :  1.93856e-09
 Reference value :  1.94656e-09
 Reference value :  1.95456e-09
 Reference value :  1.96256e-09
 Reference value :  1.97256e-09
 Reference value :  1.98256e-09
 Reference value :  1.99056e-09
 Reference value :  2.00056e-09
 Reference value :  2.01056e-09
 Reference value :  2.02056e-09
 Reference value :  2.02856e-09
 Reference value :  2.03456e-09
 Reference value :  2.04256e-09
 Reference value :  2.05056e-09
 Reference value :  2.05856e-09
 Reference value :  2.06656e-09
 Reference value :  2.07256e-09
 Reference value :  2.08056e-09
 Reference value :  2.08656e-09
 Reference value :  2.09256e-09
 Reference value :  2.09856e-09
 Reference value :  2.10656e-09
 Reference value :  2.11456e-09
 Reference value :  2.12256e-09
 Reference value :  2.13056e-09
 Reference value :  2.13856e-09
 Reference value :  2.14456e-09
 Reference value :  2.15056e-09
 Reference value :  2.15856e-09
 Reference value :  2.16456e-09
 Reference value :  2.17256e-09
 Reference value :  2.18056e-09
 Reference value :  2.18656e-09
 Reference value :  2.19256e-09
 Reference value :  2.20056e-09
 Reference value :  2.20856e-09
 Reference value :  2.21856e-09
 Reference value :  2.22856e-09
 Reference value :  2.23856e-09
 Reference value :  2.24856e-09
 Reference value :  2.25856e-09
 Reference value :  2.26856e-09
 Reference value :  2.27856e-09
 Reference value :  2.28856e-09
 Reference value :  2.29856e-09
 Reference value :  2.30856e-09
 Reference value :  2.31856e-09
 Reference value :  2.32856e-09
 Reference value :  2.33856e-09
 Reference value :  2.34856e-09
 Reference value :  2.35856e-09
 Reference value :  2.36856e-09
 Reference value :  2.37856e-09
 Reference value :  2.38856e-09
 Reference value :  2.40056e-09
 Reference value :  2.41056e-09
 Reference value :  2.42256e-09
 Reference value :  2.43256e-09
 Reference value :  2.44056e-09
 Reference value :  2.45056e-09
 Reference value :  2.46056e-09
 Reference value :  2.47056e-09
 Reference value :  2.47656e-09
 Reference value :  2.48456e-09
 Reference value :  2.49256e-09
 Reference value :  2.50256e-09
 Reference value :  2.51256e-09
 Reference value :  2.51856e-09
 Reference value :  2.52656e-09
 Reference value :  2.53456e-09
 Reference value :  2.54256e-09
 Reference value :  2.55056e-09
 Reference value :  2.55656e-09
 Reference value :  2.56456e-09
 Reference value :  2.57256e-09
 Reference value :  2.58256e-09
 Reference value :  2.59256e-09
 Reference value :  2.60456e-09
 Reference value :  2.61656e-09
 Reference value :  2.62856e-09
 Reference value :  2.63856e-09
 Reference value :  2.64856e-09
 Reference value :  2.66056e-09
 Reference value :  2.67256e-09
 Reference value :  2.68056e-09
 Reference value :  2.68856e-09
 Reference value :  2.69856e-09
 Reference value :  2.71056e-09
 Reference value :  2.72056e-09
 Reference value :  2.72856e-09
 Reference value :  2.73656e-09
 Reference value :  2.74456e-09
 Reference value :  2.75256e-09
 Reference value :  2.76056e-09
 Reference value :  2.76856e-09
 Reference value :  2.77656e-09
 Reference value :  2.78656e-09
 Reference value :  2.79656e-09
 Reference value :  2.80656e-09
 Reference value :  2.81656e-09
 Reference value :  2.82656e-09
 Reference value :  2.83656e-09
 Reference value :  2.84656e-09
 Reference value :  2.85456e-09
 Reference value :  2.86456e-09
 Reference value :  2.87256e-09
 Reference value :  2.88056e-09
 Reference value :  2.89056e-09
 Reference value :  2.90056e-09
 Reference value :  2.91056e-09
 Reference value :  2.92056e-09
 Reference value :  2.93056e-09
 Reference value :  2.93656e-09
 Reference value :  2.94656e-09
 Reference value :  2.95656e-09
 Reference value :  2.96656e-09
 Reference value :  2.97656e-09
 Reference value :  2.98856e-09
 Reference value :  3.00056e-09
 Reference value :  3.01256e-09
 Reference value :  3.02456e-09
 Reference value :  3.03456e-09
 Reference value :  3.04256e-09
 Reference value :  3.05256e-09
 Reference value :  3.06256e-09
 Reference value :  3.07256e-09
 Reference value :  3.08256e-09
 Reference value :  3.09056e-09
 Reference value :  3.09656e-09
 Reference value :  3.10656e-09
 Reference value :  3.11656e-09
 Reference value :  3.12656e-09
 Reference value :  3.13256e-09
 Reference value :  3.14056e-09
 Reference value :  3.14856e-09
 Reference value :  3.15656e-09
 Reference value :  3.16456e-09
 Reference value :  3.17056e-09
 Reference value :  3.17656e-09
 Reference value :  3.18456e-09
 Reference value :  3.19056e-09
 Reference value :  3.19656e-09
 Reference value :  3.20256e-09
 Reference value :  3.20856e-09
 Reference value :  3.21456e-09
 Reference value :  3.22256e-09
 Reference value :  3.23056e-09
 Reference value :  3.23656e-09
 Reference value :  3.24456e-09
 Reference value :  3.25256e-09
 Reference value :  3.25856e-09
 Reference value :  3.26456e-09
 Reference value :  3.27256e-09
 Reference value :  3.27856e-09
 Reference value :  3.28656e-09
 Reference value :  3.29456e-09
 Reference value :  3.30056e-09
 Reference value :  3.30656e-09
 Reference value :  3.31256e-09
 Reference value :  3.32056e-09
 Reference value :  3.32856e-09
 Reference value :  3.33656e-09
 Reference value :  3.34256e-09
 Reference value :  3.35056e-09
 Reference value :  3.35856e-09
 Reference value :  3.36456e-09
 Reference value :  3.37056e-09
 Reference value :  3.37656e-09
 Reference value :  3.38256e-09
 Reference value :  3.39056e-09
 Reference value :  3.39656e-09
 Reference value :  3.40256e-09
 Reference value :  3.40856e-09
 Reference value :  3.41656e-09
 Reference value :  3.42456e-09
 Reference value :  3.43056e-09
 Reference value :  3.43656e-09
 Reference value :  3.44256e-09
 Reference value :  3.45056e-09
 Reference value :  3.45856e-09
 Reference value :  3.46656e-09
 Reference value :  3.47256e-09
 Reference value :  3.47856e-09
 Reference value :  3.48656e-09
 Reference value :  3.49456e-09
 Reference value :  3.50256e-09
 Reference value :  3.50856e-09
 Reference value :  3.51656e-09
 Reference value :  3.52456e-09
 Reference value :  3.53256e-09
 Reference value :  3.53856e-09
 Reference value :  3.54656e-09
 Reference value :  3.55456e-09
 Reference value :  3.56256e-09
 Reference value :  3.56856e-09
 Reference value :  3.57456e-09
 Reference value :  3.58256e-09
 Reference value :  3.59056e-09
 Reference value :  3.59856e-09
 Reference value :  3.60456e-09
 Reference value :  3.61056e-09
 Reference value :  3.61656e-09
 Reference value :  3.62456e-09
 Reference value :  3.63256e-09
 Reference value :  3.64056e-09
 Reference value :  3.64856e-09
 Reference value :  3.65656e-09
 Reference value :  3.66456e-09
 Reference value :  3.67256e-09
 Reference value :  3.68056e-09
 Reference value :  3.68656e-09
 Reference value :  3.69456e-09
 Reference value :  3.70056e-09
 Reference value :  3.70856e-09
 Reference value :  3.87856e-09
 Reference value :  3.88456e-09
 Reference value :  3.89056e-09
 Reference value :  3.89656e-09
 Reference value :  3.90256e-09
 Reference value :  3.90856e-09
 Reference value :  3.91656e-09
 Reference value :  3.92256e-09
 Reference value :  3.93056e-09
 Reference value :  3.93856e-09
 Reference value :  3.94656e-09
 Reference value :  3.95456e-09
 Reference value :  3.96056e-09
 Reference value :  3.96856e-09
 Reference value :  3.97656e-09
 Reference value :  5.00500e-09
 Reference value :  6.18900e-09
No. of Data Rows : 3314
Note: Simulation executed from .control section 
