
Note: Compatibility modes selected: hs a


Circuit: * comparator-decision offset pick-off -- vindiff=0.0mv corner=tt temp=27.0c seed=6 (issue #54)

option SCALE: Scale is set to 1e-06 for instance and model parameters
option SCALE: Scale is set to 1e-06 for instance and model parameters
option SCALE: Scale is set to 1e-06 for instance and model parameters
option SCALE: Scale is set to 1e-06 for instance and model parameters
Doing analysis at TEMP = 27.000000 and TNOM = 27.000000

Using KLU as Direct Linear Solver
 Reference value :  0.00000e+00
 Reference value :  1.60000e-13
 Reference value :  1.28000e-12
 Reference value :  8.56000e-12
 Reference value :  2.38560e-10
 Reference value :  2.44560e-10
 Reference value :  2.50560e-10
 Reference value :  2.56560e-10
 Reference value :  2.64560e-10
 Reference value :  2.72560e-10
 Reference value :  2.80560e-10
 Reference value :  2.86560e-10
 Reference value :  2.94560e-10
 Reference value :  3.00560e-10
 Reference value :  3.06560e-10
 Reference value :  3.14560e-10
 Reference value :  3.20560e-10
 Reference value :  3.28560e-10
 Reference value :  3.36560e-10
 Reference value :  3.44560e-10
 Reference value :  3.50560e-10
 Reference value :  3.58560e-10
 Reference value :  3.64560e-10
 Reference value :  3.72560e-10
 Reference value :  3.80560e-10
 Reference value :  3.86560e-10
 Reference value :  3.92560e-10
 Reference value :  4.00560e-10
 Reference value :  4.08560e-10
 Reference value :  4.16560e-10
 Reference value :  4.24560e-10
 Reference value :  4.30560e-10
 Reference value :  4.38560e-10
 Reference value :  4.44560e-10
 Reference value :  4.52560e-10
 Reference value :  4.58560e-10
 Reference value :  4.64560e-10
 Reference value :  6.80560e-10
 Reference value :  6.86560e-10
 Reference value :  6.94560e-10
 Reference value :  7.00560e-10
 Reference value :  7.08560e-10
 Reference value :  7.16560e-10
 Reference value :  7.24560e-10
 Reference value :  7.32560e-10
 Reference value :  7.38560e-10
 Reference value :  7.46560e-10
 Reference value :  7.54560e-10
 Reference value :  7.62560e-10
 Reference value :  7.68560e-10
 Reference value :  7.74560e-10
 Reference value :  7.80560e-10
 Reference value :  7.88560e-10
 Reference value :  7.94560e-10
 Reference value :  8.02560e-10
 Reference value :  8.10560e-10
 Reference value :  8.16560e-10
 Reference value :  2.02656e-09
 Reference value :  3.15256e-09
 Reference value :  4.36256e-09
 Reference value :  5.31900e-09
 Reference value :  6.46500e-09
No. of Data Rows : 3314
Note: Simulation executed from .control section 
