
Note: Compatibility modes selected: hs a


Circuit: * comparator-decision offset pick-off -- vindiff=0.0mv corner=tt temp=27.0c seed=24 (issue #54)

option SCALE: Scale is set to 1e-06 for instance and model parameters
option SCALE: Scale is set to 1e-06 for instance and model parameters
option SCALE: Scale is set to 1e-06 for instance and model parameters
option SCALE: Scale is set to 1e-06 for instance and model parameters
Doing analysis at TEMP = 27.000000 and TNOM = 27.000000

Using KLU as Direct Linear Solver
 Reference value :  0.00000e+00
 Reference value :  3.20000e-13
 Reference value :  6.56000e-12
 Reference value :  1.65600e-11
 Reference value :  2.65600e-11
 Reference value :  3.65600e-11
 Reference value :  4.65600e-11
 Reference value :  5.65600e-11
 Reference value :  6.45600e-11
 Reference value :  7.45600e-11
 Reference value :  8.65600e-11
 Reference value :  9.85600e-11
 Reference value :  1.08560e-10
 Reference value :  1.20560e-10
 Reference value :  1.30560e-10
 Reference value :  1.38560e-10
 Reference value :  1.46560e-10
 Reference value :  1.52560e-10
 Reference value :  1.58560e-10
 Reference value :  1.64560e-10
 Reference value :  1.72560e-10
 Reference value :  1.78560e-10
 Reference value :  1.86560e-10
 Reference value :  1.94560e-10
 Reference value :  2.04560e-10
 Reference value :  2.14560e-10
 Reference value :  2.26560e-10
 Reference value :  2.36560e-10
 Reference value :  2.48560e-10
 Reference value :  2.58560e-10
 Reference value :  2.66560e-10
 Reference value :  2.74560e-10
 Reference value :  2.84560e-10
 Reference value :  2.92560e-10
 Reference value :  3.02560e-10
 Reference value :  3.12560e-10
 Reference value :  3.20560e-10
 Reference value :  3.28560e-10
 Reference value :  3.34560e-10
 Reference value :  3.40560e-10
 Reference value :  3.48560e-10
 Reference value :  3.56560e-10
 Reference value :  3.66560e-10
 Reference value :  3.76560e-10
 Reference value :  3.86560e-10
 Reference value :  3.98560e-10
 Reference value :  4.10560e-10
 Reference value :  4.22560e-10
 Reference value :  4.32560e-10
 Reference value :  4.44560e-10
 Reference value :  4.56560e-10
 Reference value :  4.64560e-10
 Reference value :  4.70560e-10
 Reference value :  4.78560e-10
 Reference value :  4.86560e-10
 Reference value :  4.96560e-10
 Reference value :  5.04560e-10
 Reference value :  5.12560e-10
 Reference value :  5.22560e-10
 Reference value :  5.32560e-10
 Reference value :  5.42560e-10
 Reference value :  5.52560e-10
 Reference value :  5.62560e-10
 Reference value :  5.72560e-10
 Reference value :  5.82560e-10
 Reference value :  5.90560e-10
 Reference value :  5.98560e-10
 Reference value :  6.08560e-10
 Reference value :  6.18560e-10
 Reference value :  6.30560e-10
 Reference value :  6.40560e-10
 Reference value :  6.52560e-10
 Reference value :  6.62560e-10
 Reference value :  6.74560e-10
 Reference value :  6.84560e-10
 Reference value :  6.96560e-10
 Reference value :  7.06560e-10
 Reference value :  7.16560e-10
 Reference value :  7.28560e-10
 Reference value :  7.38560e-10
 Reference value :  7.48560e-10
 Reference value :  7.60560e-10
 Reference value :  7.72560e-10
 Reference value :  7.82560e-10
 Reference value :  7.94560e-10
 Reference value :  8.06560e-10
 Reference value :  8.18560e-10
 Reference value :  8.28560e-10
 Reference value :  8.38560e-10
 Reference value :  8.48560e-10
 Reference value :  8.58560e-10
 Reference value :  8.68560e-10
 Reference value :  8.76560e-10
 Reference value :  8.84560e-10
 Reference value :  8.90560e-10
 Reference value :  8.96560e-10
 Reference value :  9.02560e-10
 Reference value :  9.10560e-10
 Reference value :  9.16560e-10
 Reference value :  9.22560e-10
 Reference value :  9.30560e-10
 Reference value :  9.40560e-10
 Reference value :  9.52560e-10
 Reference value :  9.64560e-10
 Reference value :  9.76560e-10
 Reference value :  9.86560e-10
 Reference value :  9.98560e-10
 Reference value :  1.00856e-09
 Reference value :  1.01856e-09
 Reference value :  1.02656e-09
 Reference value :  1.03256e-09
 Reference value :  1.03856e-09
 Reference value :  1.04456e-09
 Reference value :  1.05256e-09
 Reference value :  1.06456e-09
 Reference value :  1.07656e-09
 Reference value :  1.08656e-09
 Reference value :  1.09856e-09
 Reference value :  1.11056e-09
 Reference value :  1.12256e-09
 Reference value :  1.13056e-09
 Reference value :  1.14056e-09
 Reference value :  1.15056e-09
 Reference value :  1.16056e-09
 Reference value :  1.17256e-09
 Reference value :  1.17856e-09
 Reference value :  1.18656e-09
 Reference value :  1.19456e-09
 Reference value :  1.20256e-09
 Reference value :  1.21056e-09
 Reference value :  1.21856e-09
 Reference value :  1.22656e-09
 Reference value :  1.23256e-09
 Reference value :  1.23856e-09
 Reference value :  1.24656e-09
 Reference value :  1.25656e-09
 Reference value :  1.26656e-09
 Reference value :  1.27656e-09
 Reference value :  1.28656e-09
 Reference value :  1.29856e-09
 Reference value :  1.30856e-09
 Reference value :  1.31856e-09
 Reference value :  1.32856e-09
 Reference value :  1.33656e-09
 Reference value :  1.34456e-09
 Reference value :  1.35656e-09
 Reference value :  1.36856e-09
 Reference value :  1.37856e-09
 Reference value :  1.39056e-09
 Reference value :  1.40256e-09
 Reference value :  1.41256e-09
 Reference value :  1.42256e-09
 Reference value :  1.43456e-09
 Reference value :  1.44456e-09
 Reference value :  1.45656e-09
 Reference value :  1.46656e-09
 Reference value :  1.47856e-09
 Reference value :  1.49056e-09
 Reference value :  1.50056e-09
 Reference value :  1.51256e-09
 Reference value :  1.52256e-09
 Reference value :  1.53256e-09
 Reference value :  1.54056e-09
 Reference value :  1.54856e-09
 Reference value :  1.55856e-09
 Reference value :  1.56856e-09
 Reference value :  1.57856e-09
 Reference value :  1.59056e-09
 Reference value :  1.60256e-09
 Reference value :  1.61256e-09
 Reference value :  1.62456e-09
 Reference value :  1.63456e-09
 Reference value :  1.64656e-09
 Reference value :  1.65856e-09
 Reference value :  1.67056e-09
 Reference value :  1.68256e-09
 Reference value :  1.69256e-09
 Reference value :  1.70256e-09
 Reference value :  1.71256e-09
 Reference value :  1.72256e-09
 Reference value :  1.73256e-09
 Reference value :  1.74456e-09
 Reference value :  1.75456e-09
 Reference value :  1.76456e-09
 Reference value :  1.77256e-09
 Reference value :  1.78056e-09
 Reference value :  1.78856e-09
 Reference value :  1.79456e-09
 Reference value :  1.80056e-09
 Reference value :  1.81056e-09
 Reference value :  1.82056e-09
 Reference value :  1.83056e-09
 Reference value :  1.83856e-09
 Reference value :  1.84656e-09
 Reference value :  1.85856e-09
 Reference value :  1.87056e-09
 Reference value :  1.88256e-09
 Reference value :  1.89456e-09
 Reference value :  1.90656e-09
 Reference value :  1.91856e-09
 Reference value :  1.93056e-09
 Reference value :  1.94256e-09
 Reference value :  1.95456e-09
 Reference value :  1.96656e-09
 Reference value :  1.97656e-09
 Reference value :  1.98856e-09
 Reference value :  1.99856e-09
 Reference value :  2.00856e-09
 Reference value :  2.02056e-09
 Reference value :  2.03056e-09
 Reference value :  2.04056e-09
 Reference value :  2.05056e-09
 Reference value :  2.06056e-09
 Reference value :  2.07056e-09
 Reference value :  2.08056e-09
 Reference value :  2.08856e-09
 Reference value :  2.09656e-09
 Reference value :  2.10656e-09
 Reference value :  2.11656e-09
 Reference value :  2.12456e-09
 Reference value :  2.13456e-09
 Reference value :  2.14256e-09
 Reference value :  2.15056e-09
 Reference value :  2.16056e-09
 Reference value :  2.17056e-09
 Reference value :  2.17856e-09
 Reference value :  2.18856e-09
 Reference value :  2.20056e-09
 Reference value :  2.21256e-09
 Reference value :  2.22256e-09
 Reference value :  2.23256e-09
 Reference value :  2.24256e-09
 Reference value :  2.25456e-09
 Reference value :  2.26456e-09
 Reference value :  2.27656e-09
 Reference value :  2.28856e-09
 Reference value :  2.29856e-09
 Reference value :  2.30656e-09
 Reference value :  2.31256e-09
 Reference value :  2.32056e-09
 Reference value :  2.32856e-09
 Reference value :  2.33456e-09
 Reference value :  2.34056e-09
 Reference value :  2.34856e-09
 Reference value :  2.35656e-09
 Reference value :  2.36856e-09
 Reference value :  2.37656e-09
 Reference value :  2.38656e-09
 Reference value :  2.39656e-09
 Reference value :  2.40456e-09
 Reference value :  2.41256e-09
 Reference value :  2.42056e-09
 Reference value :  2.42856e-09
 Reference value :  2.43656e-09
 Reference value :  2.44456e-09
 Reference value :  2.45456e-09
 Reference value :  2.46656e-09
 Reference value :  2.47656e-09
 Reference value :  2.48656e-09
 Reference value :  2.49656e-09
 Reference value :  2.50856e-09
 Reference value :  2.52056e-09
 Reference value :  2.53256e-09
 Reference value :  2.54456e-09
 Reference value :  2.55656e-09
 Reference value :  2.56856e-09
 Reference value :  2.57656e-09
 Reference value :  2.58456e-09
 Reference value :  2.59256e-09
 Reference value :  2.60056e-09
 Reference value :  2.61056e-09
 Reference value :  2.61856e-09
 Reference value :  2.62656e-09
 Reference value :  2.63456e-09
 Reference value :  2.64256e-09
 Reference value :  2.65056e-09
 Reference value :  2.65856e-09
 Reference value :  2.66856e-09
 Reference value :  2.68056e-09
 Reference value :  2.69056e-09
 Reference value :  2.70056e-09
 Reference value :  2.71256e-09
 Reference value :  2.72456e-09
 Reference value :  2.73456e-09
 Reference value :  2.74456e-09
 Reference value :  2.75456e-09
 Reference value :  2.76456e-09
 Reference value :  2.77456e-09
 Reference value :  2.78456e-09
 Reference value :  2.79456e-09
 Reference value :  2.80456e-09
 Reference value :  2.81456e-09
 Reference value :  2.82056e-09
 Reference value :  2.82656e-09
 Reference value :  2.83256e-09
 Reference value :  2.83856e-09
 Reference value :  2.84456e-09
 Reference value :  2.85256e-09
 Reference value :  2.85856e-09
 Reference value :  2.86456e-09
 Reference value :  2.87056e-09
 Reference value :  3.06856e-09
 Reference value :  4.20656e-09
 Reference value :  5.40700e-09
 Reference value :  6.53300e-09
No. of Data Rows : 3314
Note: Simulation executed from .control section 
