
Note: Compatibility modes selected: hs a


Circuit: * comparator-decision offset pick-off -- vindiff=0.0mv corner=tt temp=27.0c seed=14 (issue #54)

option SCALE: Scale is set to 1e-06 for instance and model parameters
option SCALE: Scale is set to 1e-06 for instance and model parameters
option SCALE: Scale is set to 1e-06 for instance and model parameters
option SCALE: Scale is set to 1e-06 for instance and model parameters
Doing analysis at TEMP = 27.000000 and TNOM = 27.000000

Using KLU as Direct Linear Solver
 Reference value :  0.00000e+00
 Reference value :  1.60000e-13
 Reference value :  2.56000e-12
 Reference value :  1.05600e-11
 Reference value :  1.85600e-11
 Reference value :  3.05600e-11
 Reference value :  4.05600e-11
 Reference value :  5.25600e-11
 Reference value :  6.45600e-11
 Reference value :  7.65600e-11
 Reference value :  8.85600e-11
 Reference value :  9.65600e-11
 Reference value :  1.04560e-10
 Reference value :  1.10560e-10
 Reference value :  1.16560e-10
 Reference value :  1.24560e-10
 Reference value :  1.32560e-10
 Reference value :  1.40560e-10
 Reference value :  1.48560e-10
 Reference value :  1.58560e-10
 Reference value :  1.68560e-10
 Reference value :  1.78560e-10
 Reference value :  1.86560e-10
 Reference value :  1.96560e-10
 Reference value :  2.04560e-10
 Reference value :  2.10560e-10
 Reference value :  2.18560e-10
 Reference value :  2.24560e-10
 Reference value :  2.30560e-10
 Reference value :  2.38560e-10
 Reference value :  2.46560e-10
 Reference value :  2.54560e-10
 Reference value :  2.62560e-10
 Reference value :  2.72560e-10
 Reference value :  2.82560e-10
 Reference value :  2.94560e-10
 Reference value :  3.04560e-10
 Reference value :  3.14560e-10
 Reference value :  3.24560e-10
 Reference value :  3.32560e-10
 Reference value :  3.42560e-10
 Reference value :  3.54560e-10
 Reference value :  3.64560e-10
 Reference value :  3.74560e-10
 Reference value :  3.84560e-10
 Reference value :  3.92560e-10
 Reference value :  4.00560e-10
 Reference value :  4.06560e-10
 Reference value :  4.14560e-10
 Reference value :  4.26560e-10
 Reference value :  4.36560e-10
 Reference value :  4.44560e-10
 Reference value :  4.52560e-10
 Reference value :  4.60560e-10
 Reference value :  4.68560e-10
 Reference value :  4.78560e-10
 Reference value :  4.90560e-10
 Reference value :  5.00560e-10
 Reference value :  5.08560e-10
 Reference value :  5.16560e-10
 Reference value :  5.24560e-10
 Reference value :  5.30560e-10
 Reference value :  5.38560e-10
 Reference value :  5.46560e-10
 Reference value :  5.54560e-10
 Reference value :  5.64560e-10
 Reference value :  5.70560e-10
 Reference value :  5.78560e-10
 Reference value :  5.88560e-10
 Reference value :  5.96560e-10
 Reference value :  6.06560e-10
 Reference value :  6.18560e-10
 Reference value :  6.26560e-10
 Reference value :  6.32560e-10
 Reference value :  6.40560e-10
 Reference value :  6.46560e-10
 Reference value :  6.52560e-10
 Reference value :  6.60560e-10
 Reference value :  6.68560e-10
 Reference value :  6.74560e-10
 Reference value :  6.80560e-10
 Reference value :  6.86560e-10
 Reference value :  6.94560e-10
 Reference value :  7.02560e-10
 Reference value :  7.10560e-10
 Reference value :  7.16560e-10
 Reference value :  7.24560e-10
 Reference value :  7.30560e-10
 Reference value :  7.38560e-10
 Reference value :  7.48560e-10
 Reference value :  7.58560e-10
 Reference value :  7.68560e-10
 Reference value :  7.78560e-10
 Reference value :  7.88560e-10
 Reference value :  7.98560e-10
 Reference value :  8.08560e-10
 Reference value :  8.18560e-10
 Reference value :  8.28560e-10
 Reference value :  8.40560e-10
 Reference value :  8.52560e-10
 Reference value :  8.64560e-10
 Reference value :  8.76560e-10
 Reference value :  8.88560e-10
 Reference value :  8.94560e-10
 Reference value :  9.02560e-10
 Reference value :  9.10560e-10
 Reference value :  9.20560e-10
 Reference value :  9.30560e-10
 Reference value :  9.42560e-10
 Reference value :  9.52560e-10
 Reference value :  9.62560e-10
 Reference value :  9.72560e-10
 Reference value :  9.82560e-10
 Reference value :  9.92560e-10
 Reference value :  1.00256e-09
 Reference value :  1.01256e-09
 Reference value :  1.02256e-09
 Reference value :  1.03056e-09
 Reference value :  1.04056e-09
 Reference value :  1.05256e-09
 Reference value :  1.06256e-09
 Reference value :  1.07256e-09
 Reference value :  1.08056e-09
 Reference value :  1.08856e-09
 Reference value :  1.10056e-09
 Reference value :  1.11256e-09
 Reference value :  1.12056e-09
 Reference value :  1.12856e-09
 Reference value :  1.13856e-09
 Reference value :  1.15056e-09
 Reference value :  1.16056e-09
 Reference value :  1.17256e-09
 Reference value :  1.18256e-09
 Reference value :  1.19056e-09
 Reference value :  1.20056e-09
 Reference value :  1.20856e-09
 Reference value :  1.21856e-09
 Reference value :  1.22656e-09
 Reference value :  1.23856e-09
 Reference value :  1.24856e-09
 Reference value :  1.25856e-09
 Reference value :  1.26856e-09
 Reference value :  1.27856e-09
 Reference value :  1.29056e-09
 Reference value :  1.29656e-09
 Reference value :  1.30256e-09
 Reference value :  1.31056e-09
 Reference value :  1.31856e-09
 Reference value :  1.32456e-09
 Reference value :  1.33256e-09
 Reference value :  1.34056e-09
 Reference value :  1.35056e-09
 Reference value :  1.36256e-09
 Reference value :  1.37256e-09
 Reference value :  1.38456e-09
 Reference value :  1.39456e-09
 Reference value :  1.40656e-09
 Reference value :  1.41456e-09
 Reference value :  1.42056e-09
 Reference value :  1.42656e-09
 Reference value :  1.43456e-09
 Reference value :  1.44256e-09
 Reference value :  1.44856e-09
 Reference value :  1.45656e-09
 Reference value :  1.46456e-09
 Reference value :  1.47256e-09
 Reference value :  1.48056e-09
 Reference value :  2.60056e-09
 Reference value :  3.84856e-09
 Reference value :  4.13656e-09
 Reference value :  4.14456e-09
 Reference value :  4.15056e-09
 Reference value :  4.15856e-09
 Reference value :  4.16656e-09
 Reference value :  4.17456e-09
 Reference value :  4.18256e-09
 Reference value :  4.18856e-09
 Reference value :  4.19656e-09
 Reference value :  4.20256e-09
 Reference value :  4.21056e-09
 Reference value :  4.21656e-09
 Reference value :  4.22456e-09
 Reference value :  4.23056e-09
 Reference value :  4.23856e-09
 Reference value :  4.24456e-09
 Reference value :  4.25056e-09
 Reference value :  4.25856e-09
 Reference value :  4.26456e-09
 Reference value :  4.27256e-09
 Reference value :  4.27856e-09
 Reference value :  4.28456e-09
 Reference value :  4.29256e-09
 Reference value :  4.30056e-09
 Reference value :  4.30656e-09
 Reference value :  4.31456e-09
 Reference value :  4.32256e-09
 Reference value :  4.32856e-09
 Reference value :  4.33656e-09
 Reference value :  4.34256e-09
 Reference value :  4.35056e-09
 Reference value :  4.35656e-09
 Reference value :  4.36256e-09
 Reference value :  4.36856e-09
 Reference value :  4.37656e-09
 Reference value :  4.38456e-09
 Reference value :  4.39256e-09
 Reference value :  4.40056e-09
 Reference value :  4.40656e-09
 Reference value :  4.41456e-09
 Reference value :  4.42056e-09
 Reference value :  4.42656e-09
 Reference value :  4.43256e-09
 Reference value :  4.44056e-09
 Reference value :  4.44656e-09
 Reference value :  4.45456e-09
 Reference value :  4.46256e-09
 Reference value :  4.46856e-09
 Reference value :  4.47656e-09
 Reference value :  4.48256e-09
 Reference value :  4.49056e-09
 Reference value :  4.49856e-09
 Reference value :  4.50456e-09
 Reference value :  4.51256e-09
 Reference value :  4.52256e-09
 Reference value :  4.52856e-09
 Reference value :  4.53656e-09
 Reference value :  4.54456e-09
 Reference value :  4.55256e-09
 Reference value :  4.56056e-09
 Reference value :  4.56856e-09
 Reference value :  4.57456e-09
 Reference value :  4.58256e-09
 Reference value :  4.58856e-09
 Reference value :  4.59456e-09
 Reference value :  4.60056e-09
 Reference value :  4.60856e-09
 Reference value :  4.61456e-09
 Reference value :  4.62256e-09
 Reference value :  4.63056e-09
 Reference value :  4.63856e-09
 Reference value :  4.64456e-09
 Reference value :  4.65056e-09
 Reference value :  4.65856e-09
 Reference value :  4.66656e-09
 Reference value :  4.67456e-09
 Reference value :  4.68056e-09
 Reference value :  4.68856e-09
 Reference value :  4.69656e-09
 Reference value :  6.02100e-09
 Reference value :  6.02900e-09
 Reference value :  6.03500e-09
 Reference value :  6.04100e-09
 Reference value :  6.04700e-09
 Reference value :  6.05500e-09
 Reference value :  6.06100e-09
 Reference value :  6.06700e-09
 Reference value :  6.07500e-09
 Reference value :  6.08300e-09
 Reference value :  6.08900e-09
 Reference value :  6.09700e-09
 Reference value :  6.10300e-09
 Reference value :  6.10900e-09
 Reference value :  6.11500e-09
 Reference value :  6.12300e-09
 Reference value :  6.13100e-09
 Reference value :  6.14100e-09
 Reference value :  6.14700e-09
 Reference value :  6.15300e-09
 Reference value :  6.16100e-09
 Reference value :  6.16700e-09
 Reference value :  6.17500e-09
 Reference value :  6.18300e-09
 Reference value :  6.18900e-09
 Reference value :  6.19500e-09
 Reference value :  6.20300e-09
 Reference value :  6.21100e-09
 Reference value :  6.21700e-09
 Reference value :  6.22500e-09
 Reference value :  6.23100e-09
 Reference value :  6.23900e-09
 Reference value :  6.24700e-09
 Reference value :  6.25300e-09
 Reference value :  6.25900e-09
 Reference value :  6.26700e-09
 Reference value :  6.27300e-09
 Reference value :  6.28100e-09
 Reference value :  6.28900e-09
 Reference value :  6.29500e-09
 Reference value :  6.30300e-09
 Reference value :  6.30900e-09
 Reference value :  6.31700e-09
 Reference value :  6.32500e-09
 Reference value :  6.33100e-09
 Reference value :  6.33900e-09
 Reference value :  6.34700e-09
 Reference value :  6.35500e-09
 Reference value :  6.36300e-09
 Reference value :  6.36900e-09
 Reference value :  6.37500e-09
 Reference value :  6.38300e-09
 Reference value :  6.38900e-09
 Reference value :  6.39700e-09
 Reference value :  6.40300e-09
 Reference value :  6.40900e-09
 Reference value :  6.41700e-09
 Reference value :  6.42300e-09
 Reference value :  6.43100e-09
 Reference value :  6.43700e-09
 Reference value :  6.44500e-09
 Reference value :  6.45300e-09
 Reference value :  6.45900e-09
 Reference value :  6.46500e-09
 Reference value :  6.47100e-09
 Reference value :  6.47900e-09
 Reference value :  6.48700e-09
 Reference value :  6.49500e-09
 Reference value :  6.50300e-09
 Reference value :  6.50900e-09
 Reference value :  6.51500e-09
 Reference value :  6.52300e-09
 Reference value :  6.53100e-09
 Reference value :  6.53700e-09
 Reference value :  6.54300e-09
 Reference value :  6.55100e-09
 Reference value :  6.55700e-09
 Reference value :  6.56500e-09
 Reference value :  6.57300e-09
 Reference value :  6.58100e-09
 Reference value :  6.58900e-09
 Reference value :  6.59500e-09
 Reference value :  6.60000e-09
No. of Data Rows : 3314
Note: Simulation executed from .control section 
