
Note: Compatibility modes selected: hs a


Circuit: * comparator-decision offset pick-off -- vindiff=0.0mv corner=tt temp=27.0c seed=1 (issue #54)

option SCALE: Scale is set to 1e-06 for instance and model parameters
option SCALE: Scale is set to 1e-06 for instance and model parameters
option SCALE: Scale is set to 1e-06 for instance and model parameters
option SCALE: Scale is set to 1e-06 for instance and model parameters
Doing analysis at TEMP = 27.000000 and TNOM = 27.000000

Using KLU as Direct Linear Solver
 Reference value :  0.00000e+00
 Reference value :  1.60000e-13
 Reference value :  2.56000e-12
 Reference value :  8.56000e-12
 Reference value :  1.65600e-11
 Reference value :  2.45600e-11
 Reference value :  3.25600e-11
 Reference value :  4.05600e-11
 Reference value :  4.85600e-11
 Reference value :  5.65600e-11
 Reference value :  6.25600e-11
 Reference value :  6.85600e-11
 Reference value :  7.65600e-11
 Reference value :  8.45600e-11
 Reference value :  9.25600e-11
 Reference value :  9.85600e-11
 Reference value :  1.04560e-10
 Reference value :  1.12560e-10
 Reference value :  1.20560e-10
 Reference value :  1.26560e-10
 Reference value :  1.34560e-10
 Reference value :  1.44560e-10
 Reference value :  1.52560e-10
 Reference value :  1.60560e-10
 Reference value :  1.72560e-10
 Reference value :  1.82560e-10
 Reference value :  1.88560e-10
 Reference value :  1.96560e-10
 Reference value :  2.04560e-10
 Reference value :  2.14560e-10
 Reference value :  2.24560e-10
 Reference value :  2.30560e-10
 Reference value :  2.38560e-10
 Reference value :  2.46560e-10
 Reference value :  2.58560e-10
 Reference value :  2.66560e-10
 Reference value :  2.72560e-10
 Reference value :  2.78560e-10
 Reference value :  2.86560e-10
 Reference value :  2.94560e-10
 Reference value :  3.06560e-10
 Reference value :  3.16560e-10
 Reference value :  3.26560e-10
 Reference value :  3.34560e-10
 Reference value :  3.42560e-10
 Reference value :  3.52560e-10
 Reference value :  3.62560e-10
 Reference value :  3.74560e-10
 Reference value :  3.86560e-10
 Reference value :  3.96560e-10
 Reference value :  4.06560e-10
 Reference value :  4.14560e-10
 Reference value :  4.22560e-10
 Reference value :  4.28560e-10
 Reference value :  4.34560e-10
 Reference value :  4.44560e-10
 Reference value :  4.52560e-10
 Reference value :  4.62560e-10
 Reference value :  4.72560e-10
 Reference value :  4.80560e-10
 Reference value :  4.86560e-10
 Reference value :  4.94560e-10
 Reference value :  5.00560e-10
 Reference value :  5.10560e-10
 Reference value :  5.22560e-10
 Reference value :  5.32560e-10
 Reference value :  5.42560e-10
 Reference value :  5.52560e-10
 Reference value :  5.62560e-10
 Reference value :  5.72560e-10
 Reference value :  5.80560e-10
 Reference value :  5.88560e-10
 Reference value :  5.96560e-10
 Reference value :  6.04560e-10
 Reference value :  6.12560e-10
 Reference value :  6.20560e-10
 Reference value :  6.28560e-10
 Reference value :  6.36560e-10
 Reference value :  6.44560e-10
 Reference value :  6.52560e-10
 Reference value :  6.62560e-10
 Reference value :  6.70560e-10
 Reference value :  6.78560e-10
 Reference value :  6.86560e-10
 Reference value :  6.94560e-10
 Reference value :  7.00560e-10
 Reference value :  7.08560e-10
 Reference value :  7.18560e-10
 Reference value :  7.28560e-10
 Reference value :  7.36560e-10
 Reference value :  7.44560e-10
 Reference value :  7.52560e-10
 Reference value :  7.60560e-10
 Reference value :  7.68560e-10
 Reference value :  7.76560e-10
 Reference value :  7.84560e-10
 Reference value :  7.92560e-10
 Reference value :  8.02560e-10
 Reference value :  8.12560e-10
 Reference value :  8.20560e-10
 Reference value :  8.28560e-10
 Reference value :  8.36560e-10
 Reference value :  8.44560e-10
 Reference value :  8.54560e-10
 Reference value :  8.62560e-10
 Reference value :  8.70560e-10
 Reference value :  8.78560e-10
 Reference value :  8.86560e-10
 Reference value :  8.92560e-10
 Reference value :  9.00560e-10
 Reference value :  9.08560e-10
 Reference value :  9.16560e-10
 Reference value :  9.22560e-10
 Reference value :  9.30560e-10
 Reference value :  9.40560e-10
 Reference value :  9.50560e-10
 Reference value :  9.62560e-10
 Reference value :  9.72560e-10
 Reference value :  9.82560e-10
 Reference value :  9.94560e-10
 Reference value :  1.00656e-09
 Reference value :  1.01856e-09
 Reference value :  1.03056e-09
 Reference value :  1.04056e-09
 Reference value :  1.05256e-09
 Reference value :  1.06456e-09
 Reference value :  1.07456e-09
 Reference value :  1.08656e-09
 Reference value :  1.09656e-09
 Reference value :  1.10856e-09
 Reference value :  1.12056e-09
 Reference value :  1.13056e-09
 Reference value :  1.14056e-09
 Reference value :  1.15056e-09
 Reference value :  1.16056e-09
 Reference value :  1.17056e-09
 Reference value :  1.18056e-09
 Reference value :  1.19056e-09
 Reference value :  1.19856e-09
 Reference value :  1.20856e-09
 Reference value :  1.22056e-09
 Reference value :  1.23056e-09
 Reference value :  1.24256e-09
 Reference value :  1.25456e-09
 Reference value :  1.26656e-09
 Reference value :  1.27856e-09
 Reference value :  1.28856e-09
 Reference value :  1.29656e-09
 Reference value :  1.30656e-09
 Reference value :  1.31856e-09
 Reference value :  1.33056e-09
 Reference value :  1.34056e-09
 Reference value :  1.34656e-09
 Reference value :  1.35456e-09
 Reference value :  1.36456e-09
 Reference value :  1.37056e-09
 Reference value :  1.37856e-09
 Reference value :  1.38656e-09
 Reference value :  1.39456e-09
 Reference value :  1.40056e-09
 Reference value :  1.40856e-09
 Reference value :  1.42056e-09
 Reference value :  1.43256e-09
 Reference value :  1.44456e-09
 Reference value :  1.45656e-09
 Reference value :  1.46856e-09
 Reference value :  1.48056e-09
 Reference value :  1.49256e-09
 Reference value :  1.50056e-09
 Reference value :  1.50656e-09
 Reference value :  1.51456e-09
 Reference value :  1.52456e-09
 Reference value :  1.53456e-09
 Reference value :  1.54456e-09
 Reference value :  1.55456e-09
 Reference value :  1.56456e-09
 Reference value :  1.57456e-09
 Reference value :  1.58456e-09
 Reference value :  1.59456e-09
 Reference value :  1.60456e-09
 Reference value :  1.61456e-09
 Reference value :  1.62456e-09
 Reference value :  1.63256e-09
 Reference value :  1.64256e-09
 Reference value :  1.65056e-09
 Reference value :  1.65856e-09
 Reference value :  1.66656e-09
 Reference value :  1.67256e-09
 Reference value :  1.68056e-09
 Reference value :  1.68856e-09
 Reference value :  1.69856e-09
 Reference value :  1.71056e-09
 Reference value :  1.72056e-09
 Reference value :  1.73256e-09
 Reference value :  1.74256e-09
 Reference value :  1.75256e-09
 Reference value :  1.76256e-09
 Reference value :  1.77256e-09
 Reference value :  1.78456e-09
 Reference value :  1.79456e-09
 Reference value :  1.80056e-09
 Reference value :  1.80856e-09
 Reference value :  1.81656e-09
 Reference value :  1.82656e-09
 Reference value :  1.83656e-09
 Reference value :  1.84656e-09
 Reference value :  1.85856e-09
 Reference value :  1.86856e-09
 Reference value :  1.88056e-09
 Reference value :  1.89256e-09
 Reference value :  1.90256e-09
 Reference value :  1.91456e-09
 Reference value :  1.92656e-09
 Reference value :  1.93656e-09
 Reference value :  1.94856e-09
 Reference value :  1.95856e-09
 Reference value :  1.96856e-09
 Reference value :  1.97856e-09
 Reference value :  1.98856e-09
 Reference value :  1.99856e-09
 Reference value :  2.00656e-09
 Reference value :  2.01456e-09
 Reference value :  2.02256e-09
 Reference value :  2.03256e-09
 Reference value :  2.04056e-09
 Reference value :  2.05056e-09
 Reference value :  2.06056e-09
 Reference value :  2.06656e-09
 Reference value :  2.07656e-09
 Reference value :  2.08456e-09
 Reference value :  2.09056e-09
 Reference value :  2.09656e-09
 Reference value :  2.10456e-09
 Reference value :  2.11256e-09
 Reference value :  2.12056e-09
 Reference value :  2.13056e-09
 Reference value :  2.14056e-09
 Reference value :  2.15056e-09
 Reference value :  2.16056e-09
 Reference value :  2.17256e-09
 Reference value :  2.18456e-09
 Reference value :  2.19656e-09
 Reference value :  2.20856e-09
 Reference value :  2.22056e-09
 Reference value :  2.23256e-09
 Reference value :  2.24456e-09
 Reference value :  2.25456e-09
 Reference value :  2.26656e-09
 Reference value :  2.27656e-09
 Reference value :  2.28656e-09
 Reference value :  2.29856e-09
 Reference value :  2.30856e-09
 Reference value :  2.31856e-09
 Reference value :  2.32656e-09
 Reference value :  2.33256e-09
 Reference value :  2.33856e-09
 Reference value :  2.34456e-09
 Reference value :  2.35056e-09
 Reference value :  2.35856e-09
 Reference value :  2.36456e-09
 Reference value :  2.37256e-09
 Reference value :  2.38056e-09
 Reference value :  2.38656e-09
 Reference value :  2.39256e-09
 Reference value :  2.40256e-09
 Reference value :  2.41056e-09
 Reference value :  2.41656e-09
 Reference value :  2.42256e-09
 Reference value :  2.42856e-09
 Reference value :  2.43456e-09
 Reference value :  2.44056e-09
 Reference value :  2.44656e-09
 Reference value :  2.45256e-09
 Reference value :  2.45856e-09
 Reference value :  2.46856e-09
 Reference value :  2.48056e-09
 Reference value :  2.49256e-09
 Reference value :  2.50456e-09
 Reference value :  2.51656e-09
 Reference value :  2.52656e-09
 Reference value :  2.53856e-09
 Reference value :  2.55056e-09
 Reference value :  2.56056e-09
 Reference value :  2.56856e-09
 Reference value :  2.58056e-09
 Reference value :  2.59256e-09
 Reference value :  2.60456e-09
 Reference value :  2.61656e-09
 Reference value :  2.62656e-09
 Reference value :  2.63856e-09
 Reference value :  2.64856e-09
 Reference value :  2.65856e-09
 Reference value :  2.66856e-09
 Reference value :  2.67856e-09
 Reference value :  2.68856e-09
 Reference value :  2.69856e-09
 Reference value :  2.70856e-09
 Reference value :  2.71856e-09
 Reference value :  2.72856e-09
 Reference value :  2.73856e-09
 Reference value :  2.74856e-09
 Reference value :  2.75856e-09
 Reference value :  2.77056e-09
 Reference value :  2.78256e-09
 Reference value :  2.79456e-09
 Reference value :  2.80456e-09
 Reference value :  2.81656e-09
 Reference value :  2.82856e-09
 Reference value :  2.84056e-09
 Reference value :  2.85056e-09
 Reference value :  2.86056e-09
 Reference value :  2.87056e-09
 Reference value :  2.88256e-09
 Reference value :  2.89256e-09
 Reference value :  2.90456e-09
 Reference value :  2.91256e-09
 Reference value :  2.92056e-09
 Reference value :  2.92856e-09
 Reference value :  2.93656e-09
 Reference value :  2.94456e-09
 Reference value :  2.95256e-09
 Reference value :  2.96256e-09
 Reference value :  2.97256e-09
 Reference value :  2.98256e-09
 Reference value :  2.99256e-09
 Reference value :  3.00256e-09
 Reference value :  3.01256e-09
 Reference value :  3.02256e-09
 Reference value :  3.03256e-09
 Reference value :  3.04056e-09
 Reference value :  3.04856e-09
 Reference value :  3.05656e-09
 Reference value :  3.06456e-09
 Reference value :  3.07456e-09
 Reference value :  3.08456e-09
 Reference value :  3.09456e-09
 Reference value :  3.10456e-09
 Reference value :  3.11456e-09
 Reference value :  3.12456e-09
 Reference value :  3.13456e-09
 Reference value :  3.14456e-09
 Reference value :  3.15656e-09
 Reference value :  3.16856e-09
 Reference value :  3.17856e-09
 Reference value :  3.18656e-09
 Reference value :  3.19256e-09
 Reference value :  3.20256e-09
 Reference value :  3.21256e-09
 Reference value :  3.22256e-09
 Reference value :  3.23256e-09
 Reference value :  3.24256e-09
 Reference value :  3.25056e-09
 Reference value :  3.26056e-09
 Reference value :  3.27256e-09
 Reference value :  3.28256e-09
 Reference value :  3.29256e-09
 Reference value :  3.30256e-09
 Reference value :  3.31256e-09
 Reference value :  3.32256e-09
 Reference value :  3.33056e-09
 Reference value :  3.34056e-09
 Reference value :  3.34856e-09
 Reference value :  3.36056e-09
 Reference value :  3.36856e-09
 Reference value :  3.37656e-09
 Reference value :  3.38656e-09
 Reference value :  3.39856e-09
 Reference value :  3.41056e-09
 Reference value :  3.42056e-09
 Reference value :  3.43256e-09
 Reference value :  3.44256e-09
 Reference value :  3.45056e-09
 Reference value :  3.46056e-09
 Reference value :  3.46856e-09
 Reference value :  3.47656e-09
 Reference value :  3.48656e-09
 Reference value :  3.49856e-09
 Reference value :  3.50656e-09
 Reference value :  3.51456e-09
 Reference value :  3.52056e-09
 Reference value :  4.37856e-09
 Reference value :  5.46900e-09
No. of Data Rows : 3314
Note: Simulation executed from .control section 
