
Note: Compatibility modes selected: hs a


Circuit: * comparator-decision offset pick-off -- vindiff=0.0mv corner=tt temp=27.0c seed=23 (issue #54)

option SCALE: Scale is set to 1e-06 for instance and model parameters
option SCALE: Scale is set to 1e-06 for instance and model parameters
option SCALE: Scale is set to 1e-06 for instance and model parameters
option SCALE: Scale is set to 1e-06 for instance and model parameters
Doing analysis at TEMP = 27.000000 and TNOM = 27.000000

Using KLU as Direct Linear Solver
 Reference value :  0.00000e+00
 Reference value :  1.60000e-13
 Reference value :  2.56000e-12
 Reference value :  1.05600e-11
 Reference value :  2.05600e-11
 Reference value :  2.85600e-11
 Reference value :  3.85600e-11
 Reference value :  4.65600e-11
 Reference value :  5.25600e-11
 Reference value :  5.85600e-11
 Reference value :  6.45600e-11
 Reference value :  7.05600e-11
 Reference value :  8.25600e-11
 Reference value :  9.45600e-11
 Reference value :  1.02560e-10
 Reference value :  1.10560e-10
 Reference value :  1.18560e-10
 Reference value :  1.28560e-10
 Reference value :  1.38560e-10
 Reference value :  1.48560e-10
 Reference value :  1.58560e-10
 Reference value :  1.68560e-10
 Reference value :  1.78560e-10
 Reference value :  1.88560e-10
 Reference value :  1.98560e-10
 Reference value :  2.08560e-10
 Reference value :  2.16560e-10
 Reference value :  2.24560e-10
 Reference value :  2.32560e-10
 Reference value :  2.40560e-10
 Reference value :  2.48560e-10
 Reference value :  2.56560e-10
 Reference value :  2.66560e-10
 Reference value :  2.76560e-10
 Reference value :  2.86560e-10
 Reference value :  2.96560e-10
 Reference value :  3.08560e-10
 Reference value :  3.20560e-10
 Reference value :  3.32560e-10
 Reference value :  3.42560e-10
 Reference value :  3.50560e-10
 Reference value :  3.60560e-10
 Reference value :  3.72560e-10
 Reference value :  3.84560e-10
 Reference value :  3.90560e-10
 Reference value :  3.96560e-10
 Reference value :  4.02560e-10
 Reference value :  4.10560e-10
 Reference value :  4.16560e-10
 Reference value :  4.24560e-10
 Reference value :  4.30560e-10
 Reference value :  4.38560e-10
 Reference value :  4.46560e-10
 Reference value :  4.56560e-10
 Reference value :  4.68560e-10
 Reference value :  4.80560e-10
 Reference value :  4.90560e-10
 Reference value :  5.02560e-10
 Reference value :  5.12560e-10
 Reference value :  5.24560e-10
 Reference value :  5.34560e-10
 Reference value :  5.46560e-10
 Reference value :  5.58560e-10
 Reference value :  5.68560e-10
 Reference value :  5.80560e-10
 Reference value :  5.92560e-10
 Reference value :  6.02560e-10
 Reference value :  6.08560e-10
 Reference value :  6.16560e-10
 Reference value :  6.24560e-10
 Reference value :  6.32560e-10
 Reference value :  6.42560e-10
 Reference value :  6.54560e-10
 Reference value :  6.66560e-10
 Reference value :  6.78560e-10
 Reference value :  6.88560e-10
 Reference value :  7.00560e-10
 Reference value :  7.12560e-10
 Reference value :  7.24560e-10
 Reference value :  7.34560e-10
 Reference value :  7.42560e-10
 Reference value :  7.50560e-10
 Reference value :  7.56560e-10
 Reference value :  7.62560e-10
 Reference value :  7.68560e-10
 Reference value :  7.78560e-10
 Reference value :  7.86560e-10
 Reference value :  7.94560e-10
 Reference value :  8.06560e-10
 Reference value :  8.18560e-10
 Reference value :  8.30560e-10
 Reference value :  8.42560e-10
 Reference value :  8.50560e-10
 Reference value :  8.60560e-10
 Reference value :  8.70560e-10
 Reference value :  8.82560e-10
 Reference value :  8.94560e-10
 Reference value :  9.06560e-10
 Reference value :  9.18560e-10
 Reference value :  9.24560e-10
 Reference value :  9.32560e-10
 Reference value :  9.44560e-10
 Reference value :  9.54560e-10
 Reference value :  9.64560e-10
 Reference value :  9.74560e-10
 Reference value :  9.84560e-10
 Reference value :  9.96560e-10
 Reference value :  1.00856e-09
 Reference value :  1.01856e-09
 Reference value :  1.02856e-09
 Reference value :  1.03856e-09
 Reference value :  1.05056e-09
 Reference value :  1.06256e-09
 Reference value :  1.07456e-09
 Reference value :  1.08656e-09
 Reference value :  1.09856e-09
 Reference value :  1.11056e-09
 Reference value :  1.12256e-09
 Reference value :  1.13456e-09
 Reference value :  1.14456e-09
 Reference value :  1.15456e-09
 Reference value :  1.16456e-09
 Reference value :  1.17256e-09
 Reference value :  1.18256e-09
 Reference value :  1.19456e-09
 Reference value :  1.20456e-09
 Reference value :  1.21656e-09
 Reference value :  1.22856e-09
 Reference value :  1.23856e-09
 Reference value :  1.24856e-09
 Reference value :  1.26056e-09
 Reference value :  1.27056e-09
 Reference value :  1.28056e-09
 Reference value :  1.29056e-09
 Reference value :  1.30056e-09
 Reference value :  1.31056e-09
 Reference value :  1.32056e-09
 Reference value :  1.33056e-09
 Reference value :  1.33856e-09
 Reference value :  1.34856e-09
 Reference value :  1.35656e-09
 Reference value :  1.36456e-09
 Reference value :  1.37456e-09
 Reference value :  1.38256e-09
 Reference value :  1.39056e-09
 Reference value :  1.40056e-09
 Reference value :  1.41056e-09
 Reference value :  1.42056e-09
 Reference value :  1.43056e-09
 Reference value :  1.44056e-09
 Reference value :  1.45056e-09
 Reference value :  1.46056e-09
 Reference value :  1.46856e-09
 Reference value :  1.47856e-09
 Reference value :  1.48856e-09
 Reference value :  1.49656e-09
 Reference value :  1.50456e-09
 Reference value :  1.51456e-09
 Reference value :  1.52256e-09
 Reference value :  1.53056e-09
 Reference value :  1.54256e-09
 Reference value :  1.55456e-09
 Reference value :  1.56456e-09
 Reference value :  1.57056e-09
 Reference value :  1.57856e-09
 Reference value :  1.58856e-09
 Reference value :  1.59856e-09
 Reference value :  1.60856e-09
 Reference value :  1.61856e-09
 Reference value :  1.62856e-09
 Reference value :  1.63856e-09
 Reference value :  1.64856e-09
 Reference value :  1.65856e-09
 Reference value :  1.66856e-09
 Reference value :  1.67656e-09
 Reference value :  1.68656e-09
 Reference value :  1.69456e-09
 Reference value :  1.70256e-09
 Reference value :  1.71056e-09
 Reference value :  1.71856e-09
 Reference value :  1.72656e-09
 Reference value :  1.73456e-09
 Reference value :  1.74256e-09
 Reference value :  1.75056e-09
 Reference value :  1.76056e-09
 Reference value :  1.76856e-09
 Reference value :  1.77856e-09
 Reference value :  1.79056e-09
 Reference value :  1.79856e-09
 Reference value :  1.80656e-09
 Reference value :  1.81656e-09
 Reference value :  1.82456e-09
 Reference value :  1.83256e-09
 Reference value :  1.84056e-09
 Reference value :  1.84856e-09
 Reference value :  1.85456e-09
 Reference value :  1.86256e-09
 Reference value :  1.87056e-09
 Reference value :  1.88056e-09
 Reference value :  1.89056e-09
 Reference value :  1.90056e-09
 Reference value :  1.91056e-09
 Reference value :  1.92056e-09
 Reference value :  1.93056e-09
 Reference value :  1.93856e-09
 Reference value :  1.94856e-09
 Reference value :  1.95856e-09
 Reference value :  1.96856e-09
 Reference value :  1.97856e-09
 Reference value :  1.99056e-09
 Reference value :  1.99856e-09
 Reference value :  2.00856e-09
 Reference value :  2.01856e-09
 Reference value :  2.03056e-09
 Reference value :  2.04256e-09
 Reference value :  2.05256e-09
 Reference value :  2.06056e-09
 Reference value :  2.07056e-09
 Reference value :  2.07856e-09
 Reference value :  2.08656e-09
 Reference value :  2.09456e-09
 Reference value :  2.10456e-09
 Reference value :  2.11256e-09
 Reference value :  2.12056e-09
 Reference value :  2.13056e-09
 Reference value :  2.14256e-09
 Reference value :  2.15056e-09
 Reference value :  2.16256e-09
 Reference value :  2.17456e-09
 Reference value :  2.18056e-09
 Reference value :  2.19256e-09
 Reference value :  2.20256e-09
 Reference value :  2.21256e-09
 Reference value :  2.22256e-09
 Reference value :  2.23056e-09
 Reference value :  2.24056e-09
 Reference value :  2.25056e-09
 Reference value :  2.26256e-09
 Reference value :  2.27456e-09
 Reference value :  2.28456e-09
 Reference value :  2.29256e-09
 Reference value :  2.30056e-09
 Reference value :  2.30856e-09
 Reference value :  2.31456e-09
 Reference value :  2.32456e-09
 Reference value :  2.33456e-09
 Reference value :  2.34256e-09
 Reference value :  2.35056e-09
 Reference value :  2.36256e-09
 Reference value :  2.37456e-09
 Reference value :  2.38456e-09
 Reference value :  2.39656e-09
 Reference value :  2.40656e-09
 Reference value :  2.41856e-09
 Reference value :  2.42856e-09
 Reference value :  2.43856e-09
 Reference value :  2.44656e-09
 Reference value :  2.45456e-09
 Reference value :  2.46456e-09
 Reference value :  2.47456e-09
 Reference value :  2.48456e-09
 Reference value :  2.49456e-09
 Reference value :  2.50456e-09
 Reference value :  2.51456e-09
 Reference value :  2.52256e-09
 Reference value :  2.53056e-09
 Reference value :  2.53856e-09
 Reference value :  2.54856e-09
 Reference value :  2.56056e-09
 Reference value :  2.56856e-09
 Reference value :  2.58056e-09
 Reference value :  2.59056e-09
 Reference value :  2.60256e-09
 Reference value :  2.61456e-09
 Reference value :  2.62456e-09
 Reference value :  2.63256e-09
 Reference value :  2.63856e-09
 Reference value :  2.64656e-09
 Reference value :  2.65856e-09
 Reference value :  2.66456e-09
 Reference value :  2.67256e-09
 Reference value :  2.67856e-09
 Reference value :  2.68856e-09
 Reference value :  2.69856e-09
 Reference value :  2.70856e-09
 Reference value :  2.71656e-09
 Reference value :  2.72256e-09
 Reference value :  2.73056e-09
 Reference value :  2.73656e-09
 Reference value :  2.74456e-09
 Reference value :  2.75056e-09
 Reference value :  2.75656e-09
 Reference value :  2.76256e-09
 Reference value :  2.77056e-09
 Reference value :  2.77856e-09
 Reference value :  2.78656e-09
 Reference value :  2.79256e-09
 Reference value :  2.79856e-09
 Reference value :  2.80456e-09
 Reference value :  2.81256e-09
 Reference value :  2.81856e-09
 Reference value :  2.82456e-09
 Reference value :  2.83256e-09
 Reference value :  2.83856e-09
 Reference value :  2.84456e-09
 Reference value :  2.85056e-09
 Reference value :  2.85856e-09
 Reference value :  2.86656e-09
 Reference value :  2.87456e-09
 Reference value :  2.88256e-09
 Reference value :  2.88856e-09
 Reference value :  2.89656e-09
 Reference value :  2.90256e-09
 Reference value :  2.91056e-09
 Reference value :  2.91656e-09
 Reference value :  2.92456e-09
 Reference value :  2.93056e-09
 Reference value :  2.93856e-09
 Reference value :  2.94656e-09
 Reference value :  2.95256e-09
 Reference value :  2.96056e-09
 Reference value :  2.96856e-09
 Reference value :  3.41056e-09
 Reference value :  4.27256e-09
 Reference value :  5.33300e-09
No. of Data Rows : 3314
Note: Simulation executed from .control section 
