
Note: Compatibility modes selected: hs a


Circuit: * comparator-decision offset pick-off -- vindiff=0.0mv corner=tt temp=27.0c seed=12 (issue #54)

option SCALE: Scale is set to 1e-06 for instance and model parameters
option SCALE: Scale is set to 1e-06 for instance and model parameters
option SCALE: Scale is set to 1e-06 for instance and model parameters
option SCALE: Scale is set to 1e-06 for instance and model parameters
Doing analysis at TEMP = 27.000000 and TNOM = 27.000000

Using KLU as Direct Linear Solver
 Reference value :  0.00000e+00
 Reference value :  8.00000e-14
 Reference value :  1.28000e-12
 Reference value :  8.56000e-12
 Reference value :  1.45600e-11
 Reference value :  2.25600e-11
 Reference value :  3.05600e-11
 Reference value :  3.85600e-11
 Reference value :  4.65600e-11
 Reference value :  5.45600e-11
 Reference value :  6.25600e-11
 Reference value :  7.05600e-11
 Reference value :  7.65600e-11
 Reference value :  8.45600e-11
 Reference value :  9.25600e-11
 Reference value :  1.00560e-10
 Reference value :  1.08560e-10
 Reference value :  1.14560e-10
 Reference value :  1.22560e-10
 Reference value :  1.30560e-10
 Reference value :  1.40560e-10
 Reference value :  1.52560e-10
 Reference value :  1.64560e-10
 Reference value :  1.74560e-10
 Reference value :  1.84560e-10
 Reference value :  1.94560e-10
 Reference value :  2.04560e-10
 Reference value :  2.14560e-10
 Reference value :  2.24560e-10
 Reference value :  2.34560e-10
 Reference value :  2.44560e-10
 Reference value :  2.54560e-10
 Reference value :  2.62560e-10
 Reference value :  2.72560e-10
 Reference value :  2.82560e-10
 Reference value :  2.90560e-10
 Reference value :  3.00560e-10
 Reference value :  3.10560e-10
 Reference value :  3.20560e-10
 Reference value :  3.32560e-10
 Reference value :  3.42560e-10
 Reference value :  3.52560e-10
 Reference value :  3.64560e-10
 Reference value :  3.74560e-10
 Reference value :  3.86560e-10
 Reference value :  3.98560e-10
 Reference value :  4.08560e-10
 Reference value :  4.20560e-10
 Reference value :  4.32560e-10
 Reference value :  4.42560e-10
 Reference value :  4.52560e-10
 Reference value :  4.62560e-10
 Reference value :  4.72560e-10
 Reference value :  4.82560e-10
 Reference value :  4.90560e-10
 Reference value :  4.98560e-10
 Reference value :  5.08560e-10
 Reference value :  5.16560e-10
 Reference value :  5.24560e-10
 Reference value :  5.34560e-10
 Reference value :  5.42560e-10
 Reference value :  5.52560e-10
 Reference value :  5.60560e-10
 Reference value :  5.68560e-10
 Reference value :  5.74560e-10
 Reference value :  5.82560e-10
 Reference value :  5.90560e-10
 Reference value :  6.02560e-10
 Reference value :  6.14560e-10
 Reference value :  6.26560e-10
 Reference value :  6.34560e-10
 Reference value :  6.44560e-10
 Reference value :  6.54560e-10
 Reference value :  6.66560e-10
 Reference value :  6.76560e-10
 Reference value :  6.86560e-10
 Reference value :  6.98560e-10
 Reference value :  7.08560e-10
 Reference value :  7.18560e-10
 Reference value :  7.28560e-10
 Reference value :  7.40560e-10
 Reference value :  7.50560e-10
 Reference value :  7.60560e-10
 Reference value :  7.72560e-10
 Reference value :  7.80560e-10
 Reference value :  7.92560e-10
 Reference value :  7.98560e-10
 Reference value :  8.06560e-10
 Reference value :  8.12560e-10
 Reference value :  8.20560e-10
 Reference value :  8.28560e-10
 Reference value :  8.36560e-10
 Reference value :  8.48560e-10
 Reference value :  8.58560e-10
 Reference value :  8.70560e-10
 Reference value :  8.80560e-10
 Reference value :  8.90560e-10
 Reference value :  8.98560e-10
 Reference value :  9.06560e-10
 Reference value :  9.16560e-10
 Reference value :  9.28560e-10
 Reference value :  9.40560e-10
 Reference value :  9.48560e-10
 Reference value :  9.56560e-10
 Reference value :  9.64560e-10
 Reference value :  9.72560e-10
 Reference value :  9.80560e-10
 Reference value :  9.86560e-10
 Reference value :  9.96560e-10
 Reference value :  1.00656e-09
 Reference value :  1.01456e-09
 Reference value :  1.02256e-09
 Reference value :  1.03056e-09
 Reference value :  1.03856e-09
 Reference value :  1.04656e-09
 Reference value :  1.05456e-09
 Reference value :  1.06256e-09
 Reference value :  1.07056e-09
 Reference value :  1.07856e-09
 Reference value :  1.08856e-09
 Reference value :  1.09856e-09
 Reference value :  1.10656e-09
 Reference value :  1.11456e-09
 Reference value :  1.12256e-09
 Reference value :  1.13056e-09
 Reference value :  1.13856e-09
 Reference value :  1.14656e-09
 Reference value :  1.15456e-09
 Reference value :  1.16256e-09
 Reference value :  1.17056e-09
 Reference value :  1.17856e-09
 Reference value :  1.18856e-09
 Reference value :  1.19856e-09
 Reference value :  1.20656e-09
 Reference value :  1.21856e-09
 Reference value :  1.22656e-09
 Reference value :  1.23856e-09
 Reference value :  1.24856e-09
 Reference value :  1.25856e-09
 Reference value :  1.27056e-09
 Reference value :  1.28056e-09
 Reference value :  1.29056e-09
 Reference value :  1.30056e-09
 Reference value :  1.30856e-09
 Reference value :  1.31856e-09
 Reference value :  1.33056e-09
 Reference value :  1.34056e-09
 Reference value :  1.35256e-09
 Reference value :  1.36256e-09
 Reference value :  1.37056e-09
 Reference value :  1.37856e-09
 Reference value :  1.38856e-09
 Reference value :  1.39656e-09
 Reference value :  1.40456e-09
 Reference value :  1.41456e-09
 Reference value :  1.42456e-09
 Reference value :  1.43456e-09
 Reference value :  1.44256e-09
 Reference value :  1.45056e-09
 Reference value :  1.45856e-09
 Reference value :  1.46656e-09
 Reference value :  1.47656e-09
 Reference value :  1.48656e-09
 Reference value :  1.49456e-09
 Reference value :  1.50456e-09
 Reference value :  1.51456e-09
 Reference value :  1.52456e-09
 Reference value :  1.53456e-09
 Reference value :  1.54456e-09
 Reference value :  1.55656e-09
 Reference value :  1.56656e-09
 Reference value :  1.57856e-09
 Reference value :  1.58856e-09
 Reference value :  1.59856e-09
 Reference value :  1.60856e-09
 Reference value :  1.61656e-09
 Reference value :  1.62456e-09
 Reference value :  1.63256e-09
 Reference value :  1.64256e-09
 Reference value :  1.65256e-09
 Reference value :  1.66256e-09
 Reference value :  1.67056e-09
 Reference value :  1.67856e-09
 Reference value :  1.68656e-09
 Reference value :  1.69456e-09
 Reference value :  1.70456e-09
 Reference value :  1.71456e-09
 Reference value :  1.72656e-09
 Reference value :  1.73856e-09
 Reference value :  1.74656e-09
 Reference value :  1.75856e-09
 Reference value :  1.76856e-09
 Reference value :  1.77856e-09
 Reference value :  1.78856e-09
 Reference value :  1.79856e-09
 Reference value :  1.80856e-09
 Reference value :  1.81656e-09
 Reference value :  1.82456e-09
 Reference value :  1.83256e-09
 Reference value :  1.84256e-09
 Reference value :  1.85256e-09
 Reference value :  1.86256e-09
 Reference value :  1.87256e-09
 Reference value :  1.88256e-09
 Reference value :  1.89056e-09
 Reference value :  1.89856e-09
 Reference value :  1.90456e-09
 Reference value :  1.91256e-09
 Reference value :  1.92056e-09
 Reference value :  1.93056e-09
 Reference value :  1.94256e-09
 Reference value :  1.95056e-09
 Reference value :  1.95856e-09
 Reference value :  1.96656e-09
 Reference value :  1.97256e-09
 Reference value :  1.97856e-09
 Reference value :  1.98456e-09
 Reference value :  1.99256e-09
 Reference value :  2.00056e-09
 Reference value :  2.00856e-09
 Reference value :  2.01656e-09
 Reference value :  2.02256e-09
 Reference value :  2.03056e-09
 Reference value :  2.03856e-09
 Reference value :  2.04456e-09
 Reference value :  2.05056e-09
 Reference value :  2.05856e-09
 Reference value :  2.06456e-09
 Reference value :  2.07056e-09
 Reference value :  2.07856e-09
 Reference value :  2.08856e-09
 Reference value :  2.10056e-09
 Reference value :  2.11056e-09
 Reference value :  2.11856e-09
 Reference value :  2.12856e-09
 Reference value :  2.13856e-09
 Reference value :  2.14656e-09
 Reference value :  2.15856e-09
 Reference value :  2.17056e-09
 Reference value :  2.18056e-09
 Reference value :  2.19256e-09
 Reference value :  2.20056e-09
 Reference value :  2.20856e-09
 Reference value :  2.21656e-09
 Reference value :  2.22656e-09
 Reference value :  2.23456e-09
 Reference value :  2.24456e-09
 Reference value :  2.25456e-09
 Reference value :  2.26456e-09
 Reference value :  2.27656e-09
 Reference value :  2.28856e-09
 Reference value :  2.29856e-09
 Reference value :  2.31056e-09
 Reference value :  2.32056e-09
 Reference value :  2.32856e-09
 Reference value :  2.33856e-09
 Reference value :  2.34856e-09
 Reference value :  2.36056e-09
 Reference value :  2.37256e-09
 Reference value :  2.38256e-09
 Reference value :  2.39456e-09
 Reference value :  2.40456e-09
 Reference value :  2.41456e-09
 Reference value :  2.42456e-09
 Reference value :  2.43456e-09
 Reference value :  2.44656e-09
 Reference value :  2.45656e-09
 Reference value :  2.46856e-09
 Reference value :  2.47656e-09
 Reference value :  2.48456e-09
 Reference value :  2.49256e-09
 Reference value :  2.49856e-09
 Reference value :  2.50656e-09
 Reference value :  2.51456e-09
 Reference value :  2.52056e-09
 Reference value :  2.52656e-09
 Reference value :  2.53456e-09
 Reference value :  2.54256e-09
 Reference value :  2.54856e-09
 Reference value :  2.55456e-09
 Reference value :  2.56256e-09
 Reference value :  2.56856e-09
 Reference value :  2.57656e-09
 Reference value :  2.58456e-09
 Reference value :  2.59256e-09
 Reference value :  2.60056e-09
 Reference value :  2.60656e-09
 Reference value :  2.61256e-09
 Reference value :  2.62056e-09
 Reference value :  2.62856e-09
 Reference value :  2.63656e-09
 Reference value :  2.64456e-09
 Reference value :  2.65256e-09
 Reference value :  2.66056e-09
 Reference value :  2.66856e-09
 Reference value :  2.67456e-09
 Reference value :  2.68256e-09
 Reference value :  2.69056e-09
 Reference value :  2.69656e-09
 Reference value :  2.70456e-09
 Reference value :  2.71056e-09
 Reference value :  2.71856e-09
 Reference value :  2.72656e-09
 Reference value :  2.73456e-09
 Reference value :  2.74256e-09
 Reference value :  2.75056e-09
 Reference value :  2.75856e-09
 Reference value :  2.76456e-09
 Reference value :  2.77256e-09
 Reference value :  2.78056e-09
 Reference value :  2.78656e-09
 Reference value :  2.79456e-09
 Reference value :  2.80056e-09
 Reference value :  2.80656e-09
 Reference value :  2.81256e-09
 Reference value :  2.81856e-09
 Reference value :  2.82656e-09
 Reference value :  2.83256e-09
 Reference value :  2.83856e-09
 Reference value :  2.84656e-09
 Reference value :  2.85256e-09
 Reference value :  2.86056e-09
 Reference value :  2.86856e-09
 Reference value :  2.87456e-09
 Reference value :  2.88056e-09
 Reference value :  2.88856e-09
 Reference value :  2.89656e-09
 Reference value :  2.90456e-09
 Reference value :  2.91056e-09
 Reference value :  2.91856e-09
 Reference value :  2.92656e-09
 Reference value :  2.93256e-09
 Reference value :  2.94056e-09
 Reference value :  2.94656e-09
 Reference value :  2.95256e-09
 Reference value :  2.95856e-09
 Reference value :  2.96656e-09
 Reference value :  2.97256e-09
 Reference value :  2.97856e-09
 Reference value :  2.98456e-09
 Reference value :  2.99256e-09
 Reference value :  2.99856e-09
 Reference value :  3.00656e-09
 Reference value :  3.47456e-09
 Reference value :  3.55056e-09
 Reference value :  3.55656e-09
 Reference value :  3.56256e-09
 Reference value :  3.57056e-09
 Reference value :  3.57656e-09
 Reference value :  3.58456e-09
 Reference value :  3.59256e-09
 Reference value :  3.59856e-09
 Reference value :  3.60656e-09
 Reference value :  3.61456e-09
 Reference value :  3.62256e-09
 Reference value :  3.62856e-09
 Reference value :  3.63656e-09
 Reference value :  3.64256e-09
 Reference value :  3.65056e-09
 Reference value :  3.65656e-09
 Reference value :  3.66456e-09
 Reference value :  3.67056e-09
 Reference value :  3.67656e-09
 Reference value :  3.68256e-09
 Reference value :  3.68856e-09
 Reference value :  3.69456e-09
 Reference value :  3.70256e-09
 Reference value :  3.70856e-09
 Reference value :  3.71456e-09
 Reference value :  3.72056e-09
 Reference value :  3.72856e-09
 Reference value :  3.73456e-09
 Reference value :  3.74256e-09
 Reference value :  3.75056e-09
 Reference value :  3.75856e-09
 Reference value :  3.76456e-09
 Reference value :  3.77056e-09
 Reference value :  3.77856e-09
 Reference value :  3.78656e-09
 Reference value :  3.79456e-09
 Reference value :  3.80056e-09
 Reference value :  3.80856e-09
 Reference value :  3.81656e-09
 Reference value :  3.82656e-09
 Reference value :  3.83456e-09
 Reference value :  3.84056e-09
 Reference value :  3.84656e-09
 Reference value :  3.85256e-09
 Reference value :  3.86056e-09
 Reference value :  3.86656e-09
 Reference value :  3.87456e-09
 Reference value :  3.88256e-09
 Reference value :  3.89056e-09
 Reference value :  3.89856e-09
 Reference value :  3.90456e-09
 Reference value :  3.91256e-09
 Reference value :  3.91856e-09
 Reference value :  3.92456e-09
 Reference value :  3.93256e-09
 Reference value :  3.94056e-09
 Reference value :  3.94856e-09
 Reference value :  3.95656e-09
 Reference value :  3.96456e-09
 Reference value :  3.97256e-09
 Reference value :  3.98056e-09
 Reference value :  3.98856e-09
 Reference value :  3.99656e-09
 Reference value :  4.00256e-09
 Reference value :  4.01056e-09
 Reference value :  4.01856e-09
 Reference value :  4.02656e-09
 Reference value :  4.03456e-09
 Reference value :  4.04256e-09
 Reference value :  4.05256e-09
 Reference value :  4.06056e-09
 Reference value :  4.06856e-09
 Reference value :  4.07656e-09
 Reference value :  4.08456e-09
 Reference value :  4.09056e-09
 Reference value :  4.10256e-09
 Reference value :  4.11256e-09
 Reference value :  4.12056e-09
 Reference value :  4.12856e-09
 Reference value :  4.13656e-09
 Reference value :  4.14656e-09
 Reference value :  4.15456e-09
 Reference value :  4.16256e-09
 Reference value :  4.17056e-09
 Reference value :  4.17856e-09
 Reference value :  4.18656e-09
 Reference value :  4.19456e-09
 Reference value :  4.20256e-09
 Reference value :  4.21056e-09
 Reference value :  4.21856e-09
 Reference value :  4.22656e-09
 Reference value :  4.23256e-09
 Reference value :  4.24056e-09
 Reference value :  4.25056e-09
 Reference value :  4.25856e-09
 Reference value :  4.26656e-09
 Reference value :  4.27456e-09
 Reference value :  4.28256e-09
 Reference value :  4.29056e-09
 Reference value :  4.29856e-09
 Reference value :  4.30656e-09
 Reference value :  4.31456e-09
 Reference value :  4.32256e-09
 Reference value :  4.33056e-09
 Reference value :  4.33856e-09
 Reference value :  4.34656e-09
 Reference value :  4.35456e-09
 Reference value :  4.36456e-09
 Reference value :  4.37256e-09
 Reference value :  4.38056e-09
 Reference value :  4.38856e-09
 Reference value :  4.39856e-09
 Reference value :  4.40656e-09
 Reference value :  4.41656e-09
 Reference value :  4.42456e-09
 Reference value :  4.43256e-09
 Reference value :  4.44056e-09
 Reference value :  4.44856e-09
 Reference value :  4.45656e-09
 Reference value :  4.46456e-09
 Reference value :  4.47256e-09
 Reference value :  4.48056e-09
 Reference value :  4.48856e-09
 Reference value :  4.49656e-09
 Reference value :  4.50256e-09
 Reference value :  5.11700e-09
 Reference value :  5.16900e-09
 Reference value :  5.96500e-09
No. of Data Rows : 3314
Note: Simulation executed from .control section 
