
Note: Compatibility modes selected: hs a


Circuit: * comparator-decision offset pick-off -- vindiff=0.0mv corner=tt temp=27.0c seed=8 (issue #54)

option SCALE: Scale is set to 1e-06 for instance and model parameters
option SCALE: Scale is set to 1e-06 for instance and model parameters
option SCALE: Scale is set to 1e-06 for instance and model parameters
option SCALE: Scale is set to 1e-06 for instance and model parameters
Doing analysis at TEMP = 27.000000 and TNOM = 27.000000

Using KLU as Direct Linear Solver
 Reference value :  0.00000e+00
 Reference value :  1.60000e-13
 Reference value :  2.56000e-12
 Reference value :  1.05600e-11
 Reference value :  1.85600e-11
 Reference value :  2.65600e-11
 Reference value :  3.25600e-11
 Reference value :  3.85600e-11
 Reference value :  4.45600e-11
 Reference value :  5.25600e-11
 Reference value :  6.05600e-11
 Reference value :  7.25600e-11
 Reference value :  8.45600e-11
 Reference value :  9.65600e-11
 Reference value :  1.08560e-10
 Reference value :  1.20560e-10
 Reference value :  1.30560e-10
 Reference value :  1.40560e-10
 Reference value :  1.52560e-10
 Reference value :  1.62560e-10
 Reference value :  1.74560e-10
 Reference value :  1.86560e-10
 Reference value :  1.96560e-10
 Reference value :  2.04560e-10
 Reference value :  2.12560e-10
 Reference value :  2.20560e-10
 Reference value :  2.28560e-10
 Reference value :  2.38560e-10
 Reference value :  2.46560e-10
 Reference value :  2.56560e-10
 Reference value :  2.66560e-10
 Reference value :  2.76560e-10
 Reference value :  2.88560e-10
 Reference value :  2.98560e-10
 Reference value :  3.08560e-10
 Reference value :  3.16560e-10
 Reference value :  3.26560e-10
 Reference value :  3.38560e-10
 Reference value :  3.48560e-10
 Reference value :  3.58560e-10
 Reference value :  3.66560e-10
 Reference value :  3.74560e-10
 Reference value :  3.82560e-10
 Reference value :  3.92560e-10
 Reference value :  4.02560e-10
 Reference value :  4.12560e-10
 Reference value :  4.22560e-10
 Reference value :  4.30560e-10
 Reference value :  4.38560e-10
 Reference value :  4.50560e-10
 Reference value :  4.60560e-10
 Reference value :  4.66560e-10
 Reference value :  4.76560e-10
 Reference value :  4.86560e-10
 Reference value :  4.96560e-10
 Reference value :  5.06560e-10
 Reference value :  5.16560e-10
 Reference value :  5.28560e-10
 Reference value :  5.38560e-10
 Reference value :  5.48560e-10
 Reference value :  5.58560e-10
 Reference value :  5.68560e-10
 Reference value :  5.78560e-10
 Reference value :  5.88560e-10
 Reference value :  5.98560e-10
 Reference value :  6.08560e-10
 Reference value :  6.18560e-10
 Reference value :  6.26560e-10
 Reference value :  6.36560e-10
 Reference value :  6.48560e-10
 Reference value :  6.58560e-10
 Reference value :  6.68560e-10
 Reference value :  6.74560e-10
 Reference value :  6.80560e-10
 Reference value :  6.90560e-10
 Reference value :  7.00560e-10
 Reference value :  7.12560e-10
 Reference value :  7.24560e-10
 Reference value :  7.36560e-10
 Reference value :  7.48560e-10
 Reference value :  7.58560e-10
 Reference value :  7.64560e-10
 Reference value :  7.70560e-10
 Reference value :  7.76560e-10
 Reference value :  7.84560e-10
 Reference value :  7.96560e-10
 Reference value :  8.06560e-10
 Reference value :  8.18560e-10
 Reference value :  8.30560e-10
 Reference value :  8.42560e-10
 Reference value :  8.48560e-10
 Reference value :  8.54560e-10
 Reference value :  8.60560e-10
 Reference value :  8.68560e-10
 Reference value :  8.76560e-10
 Reference value :  8.86560e-10
 Reference value :  8.96560e-10
 Reference value :  9.06560e-10
 Reference value :  9.16560e-10
 Reference value :  9.26560e-10
 Reference value :  9.34560e-10
 Reference value :  9.42560e-10
 Reference value :  9.50560e-10
 Reference value :  9.60560e-10
 Reference value :  9.68560e-10
 Reference value :  9.74560e-10
 Reference value :  9.80560e-10
 Reference value :  9.88560e-10
 Reference value :  9.94560e-10
 Reference value :  1.00256e-09
 Reference value :  1.00856e-09
 Reference value :  1.01656e-09
 Reference value :  1.02456e-09
 Reference value :  1.03256e-09
 Reference value :  1.04256e-09
 Reference value :  1.05056e-09
 Reference value :  1.06056e-09
 Reference value :  1.07056e-09
 Reference value :  1.07856e-09
 Reference value :  1.08656e-09
 Reference value :  1.09656e-09
 Reference value :  1.10656e-09
 Reference value :  1.11656e-09
 Reference value :  1.12656e-09
 Reference value :  1.13656e-09
 Reference value :  1.14656e-09
 Reference value :  1.15656e-09
 Reference value :  1.16456e-09
 Reference value :  1.17456e-09
 Reference value :  1.18456e-09
 Reference value :  1.19456e-09
 Reference value :  1.20456e-09
 Reference value :  1.21456e-09
 Reference value :  1.22456e-09
 Reference value :  1.23456e-09
 Reference value :  1.24056e-09
 Reference value :  1.25256e-09
 Reference value :  1.26256e-09
 Reference value :  1.27256e-09
 Reference value :  1.28256e-09
 Reference value :  1.29456e-09
 Reference value :  1.30456e-09
 Reference value :  1.31256e-09
 Reference value :  1.32056e-09
 Reference value :  1.32856e-09
 Reference value :  1.33656e-09
 Reference value :  1.34456e-09
 Reference value :  1.35256e-09
 Reference value :  1.42456e-09
 Reference value :  1.43256e-09
 Reference value :  1.44256e-09
 Reference value :  1.45456e-09
 Reference value :  1.46656e-09
 Reference value :  1.47656e-09
 Reference value :  1.48856e-09
 Reference value :  1.49856e-09
 Reference value :  1.50856e-09
 Reference value :  1.51656e-09
 Reference value :  1.52256e-09
 Reference value :  1.53056e-09
 Reference value :  1.53656e-09
 Reference value :  1.54456e-09
 Reference value :  1.55256e-09
 Reference value :  1.56056e-09
 Reference value :  1.56656e-09
 Reference value :  1.57456e-09
 Reference value :  1.58056e-09
 Reference value :  1.58656e-09
 Reference value :  1.59256e-09
 Reference value :  1.59856e-09
 Reference value :  1.60456e-09
 Reference value :  1.61256e-09
 Reference value :  1.62256e-09
 Reference value :  1.63456e-09
 Reference value :  1.64456e-09
 Reference value :  1.65256e-09
 Reference value :  1.65856e-09
 Reference value :  1.66456e-09
 Reference value :  1.67056e-09
 Reference value :  1.67856e-09
 Reference value :  1.68456e-09
 Reference value :  1.69056e-09
 Reference value :  1.69656e-09
 Reference value :  1.70456e-09
 Reference value :  1.71256e-09
 Reference value :  1.72056e-09
 Reference value :  1.72856e-09
 Reference value :  1.73656e-09
 Reference value :  1.74456e-09
 Reference value :  1.75656e-09
 Reference value :  1.76856e-09
 Reference value :  1.77856e-09
 Reference value :  1.79056e-09
 Reference value :  1.80056e-09
 Reference value :  1.81056e-09
 Reference value :  1.82256e-09
 Reference value :  1.83456e-09
 Reference value :  1.84656e-09
 Reference value :  1.85656e-09
 Reference value :  1.86856e-09
 Reference value :  1.88056e-09
 Reference value :  1.89256e-09
 Reference value :  1.90456e-09
 Reference value :  1.91456e-09
 Reference value :  1.92656e-09
 Reference value :  1.93856e-09
 Reference value :  1.94856e-09
 Reference value :  1.96056e-09
 Reference value :  1.97256e-09
 Reference value :  1.98256e-09
 Reference value :  1.99456e-09
 Reference value :  2.00656e-09
 Reference value :  2.01656e-09
 Reference value :  2.02656e-09
 Reference value :  2.03656e-09
 Reference value :  2.04856e-09
 Reference value :  2.05856e-09
 Reference value :  2.07056e-09
 Reference value :  2.07656e-09
 Reference value :  2.08456e-09
 Reference value :  2.09456e-09
 Reference value :  2.23056e-09
 Reference value :  2.24256e-09
 Reference value :  2.25256e-09
 Reference value :  3.06856e-09
 Reference value :  3.22056e-09
 Reference value :  3.23256e-09
 Reference value :  3.24456e-09
 Reference value :  3.25256e-09
 Reference value :  3.26056e-09
 Reference value :  3.26856e-09
 Reference value :  3.27856e-09
 Reference value :  3.29056e-09
 Reference value :  3.30256e-09
 Reference value :  3.31256e-09
 Reference value :  3.32456e-09
 Reference value :  3.33456e-09
 Reference value :  3.34256e-09
 Reference value :  3.34856e-09
 Reference value :  3.35656e-09
 Reference value :  3.36256e-09
 Reference value :  3.36856e-09
 Reference value :  3.37656e-09
 Reference value :  3.38256e-09
 Reference value :  3.39056e-09
 Reference value :  3.39656e-09
 Reference value :  3.40456e-09
 Reference value :  3.41656e-09
 Reference value :  3.42856e-09
 Reference value :  3.43856e-09
 Reference value :  3.45056e-09
 Reference value :  3.46256e-09
 Reference value :  3.47056e-09
 Reference value :  3.48256e-09
 Reference value :  3.49056e-09
 Reference value :  3.49856e-09
 Reference value :  3.50656e-09
 Reference value :  3.51856e-09
 Reference value :  3.52856e-09
 Reference value :  3.54056e-09
 Reference value :  3.55256e-09
 Reference value :  3.56456e-09
 Reference value :  3.57456e-09
 Reference value :  3.58656e-09
 Reference value :  3.59856e-09
 Reference value :  3.61056e-09
 Reference value :  3.62256e-09
 Reference value :  3.63256e-09
 Reference value :  3.63856e-09
 Reference value :  3.64656e-09
 Reference value :  3.65656e-09
 Reference value :  3.66656e-09
 Reference value :  3.67656e-09
 Reference value :  3.68656e-09
 Reference value :  3.69456e-09
 Reference value :  3.70256e-09
 Reference value :  3.70856e-09
 Reference value :  3.71656e-09
 Reference value :  3.72256e-09
 Reference value :  3.73256e-09
 Reference value :  3.73856e-09
 Reference value :  3.74656e-09
 Reference value :  3.75456e-09
 Reference value :  3.76256e-09
 Reference value :  3.77056e-09
 Reference value :  3.77856e-09
 Reference value :  3.78656e-09
 Reference value :  3.79456e-09
 Reference value :  3.80456e-09
 Reference value :  3.81656e-09
 Reference value :  3.82456e-09
 Reference value :  3.83056e-09
 Reference value :  3.83656e-09
 Reference value :  3.84256e-09
 Reference value :  3.85056e-09
 Reference value :  3.85656e-09
 Reference value :  3.86456e-09
 Reference value :  3.87256e-09
 Reference value :  3.88056e-09
 Reference value :  3.88856e-09
 Reference value :  3.90056e-09
 Reference value :  3.91056e-09
 Reference value :  4.28056e-09
 Reference value :  5.60300e-09
No. of Data Rows : 3314
Note: Simulation executed from .control section 
