
Note: Compatibility modes selected: hs a


Circuit: * comparator-decision offset-bisect decision-boundary probe -- vindiff=50.0mv corner=ss temp=-40.0c (issue #515)

option SCALE: Scale is set to 1e-06 for instance and model parameters
option SCALE: Scale is set to 1e-06 for instance and model parameters
option SCALE: Scale is set to 1e-06 for instance and model parameters
option SCALE: Scale is set to 1e-06 for instance and model parameters
Doing analysis at TEMP = -40.000000 and TNOM = 27.000000

Using KLU as Direct Linear Solver
 Reference value :  0.00000e+00
 Reference value :  2.81400e-10
 Reference value :  1.74640e-09
 Reference value :  5.13750e-09
 Reference value :  7.30250e-09
 Reference value :  1.02025e-08
 Reference value :  1.26575e-08
 Reference value :  1.62675e-08
 Reference value :  1.89625e-08
 Reference value :  2.28175e-08
No. of Data Rows : 5034
Note: Simulation executed from .control section 
