
Note: Compatibility modes selected: hs a


Circuit: * comparator-decision offset-bisect decision-boundary probe -- vindiff=-0.054932mv corner=ss temp=-40.0c (issue #515)

option SCALE: Scale is set to 1e-06 for instance and model parameters
option SCALE: Scale is set to 1e-06 for instance and model parameters
option SCALE: Scale is set to 1e-06 for instance and model parameters
option SCALE: Scale is set to 1e-06 for instance and model parameters
Doing analysis at TEMP = -40.000000 and TNOM = 27.000000

Using KLU as Direct Linear Solver
 Reference value :  0.00000e+00
 Reference value :  2.00000e-13
 Reference value :  1.60000e-12
 Reference value :  1.64000e-11
 Reference value :  3.14000e-11
 Reference value :  4.64000e-11
 Reference value :  6.64000e-11
 Reference value :  8.14000e-11
 Reference value :  1.01400e-10
 Reference value :  1.21400e-10
 Reference value :  1.36400e-10
 Reference value :  1.56400e-10
 Reference value :  1.76400e-10
 Reference value :  1.91400e-10
 Reference value :  2.06400e-10
 Reference value :  2.26400e-10
 Reference value :  2.41400e-10
 Reference value :  2.56400e-10
 Reference value :  2.76400e-10
 Reference value :  2.96400e-10
 Reference value :  3.16400e-10
 Reference value :  3.36400e-10
 Reference value :  3.51400e-10
 Reference value :  3.66400e-10
 Reference value :  3.86400e-10
 Reference value :  4.06400e-10
 Reference value :  4.26400e-10
 Reference value :  4.46400e-10
 Reference value :  4.66400e-10
 Reference value :  4.86400e-10
 Reference value :  5.06400e-10
 Reference value :  5.26400e-10
 Reference value :  5.41400e-10
 Reference value :  5.61400e-10
 Reference value :  5.76400e-10
 Reference value :  5.91400e-10
 Reference value :  6.11400e-10
 Reference value :  6.26400e-10
 Reference value :  6.41400e-10
 Reference value :  6.56400e-10
 Reference value :  6.71400e-10
 Reference value :  6.91400e-10
 Reference value :  7.11400e-10
 Reference value :  7.31400e-10
 Reference value :  7.51400e-10
 Reference value :  7.66400e-10
 Reference value :  7.81400e-10
 Reference value :  8.06400e-10
 Reference value :  8.21400e-10
 Reference value :  8.36400e-10
 Reference value :  8.56400e-10
 Reference value :  8.76400e-10
 Reference value :  8.96400e-10
 Reference value :  9.16400e-10
 Reference value :  9.31400e-10
 Reference value :  9.51400e-10
 Reference value :  9.71400e-10
 Reference value :  9.91400e-10
 Reference value :  1.01140e-09
 Reference value :  1.02640e-09
 Reference value :  1.04640e-09
 Reference value :  1.06140e-09
 Reference value :  1.07640e-09
 Reference value :  1.09640e-09
 Reference value :  1.11140e-09
 Reference value :  1.13140e-09
 Reference value :  1.14640e-09
 Reference value :  1.16140e-09
 Reference value :  1.18140e-09
 Reference value :  1.19640e-09
 Reference value :  1.21640e-09
 Reference value :  1.23640e-09
 Reference value :  1.25640e-09
 Reference value :  1.27640e-09
 Reference value :  1.29640e-09
 Reference value :  1.31140e-09
 Reference value :  1.33140e-09
 Reference value :  1.34640e-09
 Reference value :  1.36640e-09
 Reference value :  1.38640e-09
 Reference value :  1.40640e-09
 Reference value :  1.42640e-09
 Reference value :  1.44640e-09
 Reference value :  1.46640e-09
 Reference value :  1.48640e-09
 Reference value :  1.50140e-09
 Reference value :  1.52140e-09
 Reference value :  1.53640e-09
 Reference value :  1.55640e-09
 Reference value :  1.57640e-09
 Reference value :  1.59640e-09
 Reference value :  1.61640e-09
 Reference value :  1.63140e-09
 Reference value :  1.65140e-09
 Reference value :  1.67140e-09
 Reference value :  1.69140e-09
 Reference value :  1.71140e-09
 Reference value :  1.73140e-09
 Reference value :  1.75140e-09
 Reference value :  1.77140e-09
 Reference value :  1.79140e-09
 Reference value :  1.81140e-09
 Reference value :  1.83140e-09
 Reference value :  1.85140e-09
 Reference value :  1.86640e-09
 Reference value :  1.88140e-09
 Reference value :  1.90140e-09
 Reference value :  1.92140e-09
 Reference value :  1.94140e-09
 Reference value :  1.96140e-09
 Reference value :  1.98140e-09
 Reference value :  1.99640e-09
 Reference value :  2.01640e-09
 Reference value :  2.03640e-09
 Reference value :  2.05640e-09
 Reference value :  2.07640e-09
 Reference value :  2.09640e-09
 Reference value :  2.11640e-09
 Reference value :  2.13640e-09
 Reference value :  2.15640e-09
 Reference value :  2.17640e-09
 Reference value :  2.19640e-09
 Reference value :  2.21140e-09
 Reference value :  2.23140e-09
 Reference value :  2.25140e-09
 Reference value :  2.27140e-09
 Reference value :  2.29140e-09
 Reference value :  2.31140e-09
 Reference value :  2.33140e-09
 Reference value :  2.35140e-09
 Reference value :  2.36640e-09
 Reference value :  2.38140e-09
 Reference value :  2.40140e-09
 Reference value :  2.42640e-09
 Reference value :  2.44140e-09
 Reference value :  2.46140e-09
 Reference value :  2.48140e-09
 Reference value :  2.50140e-09
 Reference value :  2.52140e-09
 Reference value :  2.53640e-09
 Reference value :  2.55640e-09
 Reference value :  2.57640e-09
 Reference value :  2.59640e-09
 Reference value :  2.61640e-09
 Reference value :  2.63640e-09
 Reference value :  2.65640e-09
 Reference value :  2.67640e-09
 Reference value :  2.69640e-09
 Reference value :  2.71140e-09
 Reference value :  2.73140e-09
 Reference value :  2.75140e-09
 Reference value :  2.77140e-09
 Reference value :  2.79140e-09
 Reference value :  2.81140e-09
 Reference value :  2.83140e-09
 Reference value :  2.85640e-09
 Reference value :  2.87640e-09
 Reference value :  2.89640e-09
 Reference value :  2.91140e-09
 Reference value :  2.93140e-09
 Reference value :  2.95140e-09
 Reference value :  2.96640e-09
 Reference value :  2.98640e-09
 Reference value :  3.00640e-09
 Reference value :  3.02640e-09
 Reference value :  3.04140e-09
 Reference value :  3.06140e-09
 Reference value :  3.08140e-09
 Reference value :  3.10140e-09
 Reference value :  3.11640e-09
 Reference value :  3.13140e-09
 Reference value :  3.15140e-09
 Reference value :  3.17140e-09
 Reference value :  3.19140e-09
 Reference value :  3.21140e-09
 Reference value :  3.22640e-09
 Reference value :  3.24640e-09
 Reference value :  3.26140e-09
 Reference value :  3.28140e-09
 Reference value :  3.29640e-09
 Reference value :  3.31140e-09
 Reference value :  3.33140e-09
 Reference value :  3.34640e-09
 Reference value :  3.36640e-09
 Reference value :  3.38640e-09
 Reference value :  3.40640e-09
 Reference value :  3.42640e-09
 Reference value :  3.44640e-09
 Reference value :  3.46140e-09
 Reference value :  3.76140e-09
 Reference value :  3.78140e-09
 Reference value :  3.82140e-09
 Reference value :  3.84140e-09
 Reference value :  3.85640e-09
 Reference value :  4.02140e-09
 Reference value :  4.04140e-09
 Reference value :  4.06140e-09
 Reference value :  4.19140e-09
 Reference value :  4.21140e-09
 Reference value :  4.23140e-09
 Reference value :  4.25140e-09
 Reference value :  4.26640e-09
 Reference value :  4.28640e-09
 Reference value :  4.30140e-09
 Reference value :  4.32140e-09
 Reference value :  4.34140e-09
 Reference value :  4.35640e-09
 Reference value :  4.37640e-09
 Reference value :  4.39640e-09
 Reference value :  4.41640e-09
 Reference value :  4.44140e-09
 Reference value :  4.46140e-09
 Reference value :  4.48140e-09
 Reference value :  4.50140e-09
 Reference value :  4.51640e-09
 Reference value :  4.53640e-09
 Reference value :  4.55640e-09
 Reference value :  4.57140e-09
 Reference value :  4.59140e-09
 Reference value :  4.61140e-09
 Reference value :  4.62640e-09
 Reference value :  4.64640e-09
 Reference value :  4.66140e-09
 Reference value :  4.68140e-09
 Reference value :  4.70140e-09
 Reference value :  4.72140e-09
 Reference value :  4.74140e-09
 Reference value :  4.75640e-09
 Reference value :  4.77640e-09
 Reference value :  4.80140e-09
 Reference value :  4.82140e-09
 Reference value :  4.83640e-09
 Reference value :  4.85640e-09
 Reference value :  4.88140e-09
 Reference value :  4.90140e-09
 Reference value :  5.13250e-09
 Reference value :  5.15250e-09
 Reference value :  5.17250e-09
 Reference value :  5.19250e-09
 Reference value :  5.21250e-09
 Reference value :  5.23250e-09
 Reference value :  5.25250e-09
 Reference value :  5.27250e-09
 Reference value :  5.29250e-09
 Reference value :  5.31250e-09
 Reference value :  5.33250e-09
 Reference value :  5.35250e-09
 Reference value :  5.37250e-09
 Reference value :  5.39750e-09
 Reference value :  5.42250e-09
 Reference value :  5.43750e-09
 Reference value :  5.45750e-09
 Reference value :  5.47250e-09
 Reference value :  5.48750e-09
 Reference value :  5.50750e-09
 Reference value :  5.52750e-09
 Reference value :  5.54750e-09
 Reference value :  5.56750e-09
 Reference value :  5.58750e-09
 Reference value :  5.60750e-09
 Reference value :  5.62750e-09
 Reference value :  5.64750e-09
 Reference value :  5.66250e-09
 Reference value :  5.68250e-09
 Reference value :  5.70250e-09
 Reference value :  5.72250e-09
 Reference value :  5.74250e-09
 Reference value :  5.76250e-09
 Reference value :  5.77750e-09
 Reference value :  5.79250e-09
 Reference value :  5.81250e-09
 Reference value :  5.82750e-09
 Reference value :  5.84750e-09
 Reference value :  5.86750e-09
 Reference value :  5.88750e-09
 Reference value :  5.92250e-09
 Reference value :  5.93750e-09
 Reference value :  5.95750e-09
 Reference value :  5.97750e-09
 Reference value :  5.99250e-09
 Reference value :  6.00750e-09
 Reference value :  6.02750e-09
 Reference value :  6.04750e-09
 Reference value :  6.06750e-09
 Reference value :  6.08750e-09
 Reference value :  6.10750e-09
 Reference value :  6.12750e-09
 Reference value :  6.14750e-09
 Reference value :  6.16750e-09
 Reference value :  6.18750e-09
 Reference value :  6.20750e-09
 Reference value :  6.22750e-09
 Reference value :  6.24250e-09
 Reference value :  6.26250e-09
 Reference value :  6.28250e-09
 Reference value :  6.30250e-09
 Reference value :  6.32250e-09
 Reference value :  6.33750e-09
 Reference value :  6.35250e-09
 Reference value :  6.37250e-09
 Reference value :  6.39250e-09
 Reference value :  6.41250e-09
 Reference value :  6.42750e-09
 Reference value :  6.44750e-09
 Reference value :  6.46750e-09
 Reference value :  6.48750e-09
 Reference value :  6.50750e-09
 Reference value :  6.52250e-09
 Reference value :  6.53750e-09
 Reference value :  6.55250e-09
 Reference value :  6.56750e-09
 Reference value :  6.58750e-09
 Reference value :  6.60750e-09
 Reference value :  6.62750e-09
 Reference value :  6.64750e-09
 Reference value :  6.66750e-09
 Reference value :  6.68750e-09
 Reference value :  6.70750e-09
 Reference value :  6.73250e-09
 Reference value :  6.75250e-09
 Reference value :  6.77250e-09
 Reference value :  6.79250e-09
 Reference value :  6.81250e-09
 Reference value :  6.83250e-09
 Reference value :  6.84750e-09
 Reference value :  7.14750e-09
 Reference value :  7.16250e-09
 Reference value :  7.18250e-09
 Reference value :  7.20250e-09
 Reference value :  7.21750e-09
 Reference value :  7.23750e-09
 Reference value :  7.25750e-09
 Reference value :  7.27750e-09
 Reference value :  7.29250e-09
 Reference value :  7.31250e-09
 Reference value :  7.33250e-09
 Reference value :  7.34750e-09
 Reference value :  7.36750e-09
 Reference value :  7.38250e-09
 Reference value :  7.40250e-09
 Reference value :  7.42250e-09
 Reference value :  7.44250e-09
 Reference value :  7.46250e-09
 Reference value :  7.47750e-09
 Reference value :  7.49750e-09
 Reference value :  7.51750e-09
 Reference value :  7.53750e-09
 Reference value :  7.55750e-09
 Reference value :  7.57250e-09
 Reference value :  7.59250e-09
 Reference value :  7.60750e-09
 Reference value :  7.62750e-09
 Reference value :  7.64750e-09
 Reference value :  7.67250e-09
 Reference value :  7.68750e-09
 Reference value :  7.70750e-09
 Reference value :  7.72750e-09
 Reference value :  7.74750e-09
 Reference value :  7.76750e-09
 Reference value :  7.78750e-09
 Reference value :  7.80750e-09
 Reference value :  7.82750e-09
 Reference value :  7.84750e-09
 Reference value :  7.86750e-09
 Reference value :  7.88750e-09
 Reference value :  7.90750e-09
 Reference value :  7.92750e-09
 Reference value :  7.94250e-09
 Reference value :  7.96250e-09
 Reference value :  7.98250e-09
 Reference value :  8.00250e-09
 Reference value :  8.02250e-09
 Reference value :  8.04250e-09
 Reference value :  8.06250e-09
 Reference value :  8.08250e-09
 Reference value :  8.10250e-09
 Reference value :  8.11750e-09
 Reference value :  8.13750e-09
 Reference value :  8.15750e-09
 Reference value :  8.17750e-09
 Reference value :  8.19250e-09
 Reference value :  8.21250e-09
 Reference value :  8.23250e-09
 Reference value :  8.25250e-09
 Reference value :  8.27250e-09
 Reference value :  8.29250e-09
 Reference value :  8.31250e-09
 Reference value :  8.33250e-09
 Reference value :  8.35250e-09
 Reference value :  8.37250e-09
 Reference value :  8.39250e-09
 Reference value :  8.41250e-09
 Reference value :  8.42750e-09
 Reference value :  8.44750e-09
 Reference value :  8.46750e-09
 Reference value :  8.48250e-09
 Reference value :  8.49750e-09
 Reference value :  8.51250e-09
 Reference value :  8.52750e-09
 Reference value :  8.54750e-09
 Reference value :  8.56250e-09
 Reference value :  8.58250e-09
 Reference value :  8.60250e-09
 Reference value :  8.62250e-09
 Reference value :  8.64250e-09
 Reference value :  8.66250e-09
 Reference value :  8.68250e-09
 Reference value :  8.70250e-09
 Reference value :  8.71750e-09
 Reference value :  8.73750e-09
 Reference value :  8.75250e-09
 Reference value :  8.77250e-09
 Reference value :  8.79250e-09
 Reference value :  8.81250e-09
 Reference value :  8.83250e-09
 Reference value :  8.85250e-09
 Reference value :  8.87250e-09
 Reference value :  8.89250e-09
 Reference value :  8.91250e-09
 Reference value :  8.92750e-09
 Reference value :  8.94750e-09
 Reference value :  8.96750e-09
 Reference value :  8.98750e-09
 Reference value :  9.00750e-09
 Reference value :  9.02750e-09
 Reference value :  9.04250e-09
 Reference value :  9.06250e-09
 Reference value :  9.08250e-09
 Reference value :  9.10250e-09
 Reference value :  9.12250e-09
 Reference value :  9.14250e-09
 Reference value :  9.16250e-09
 Reference value :  9.18250e-09
 Reference value :  9.20250e-09
 Reference value :  9.22250e-09
 Reference value :  9.23750e-09
 Reference value :  9.25750e-09
 Reference value :  9.27750e-09
 Reference value :  9.29750e-09
 Reference value :  9.31250e-09
 Reference value :  9.33250e-09
 Reference value :  9.35250e-09
 Reference value :  9.37250e-09
 Reference value :  9.39250e-09
 Reference value :  9.41250e-09
 Reference value :  9.43250e-09
 Reference value :  9.45250e-09
 Reference value :  9.47250e-09
 Reference value :  9.49250e-09
 Reference value :  9.50750e-09
 Reference value :  9.52750e-09
 Reference value :  9.54750e-09
 Reference value :  9.56750e-09
 Reference value :  9.58250e-09
 Reference value :  9.59750e-09
 Reference value :  9.61750e-09
 Reference value :  9.63250e-09
 Reference value :  9.65250e-09
 Reference value :  9.67250e-09
 Reference value :  9.68750e-09
 Reference value :  9.70750e-09
 Reference value :  9.72750e-09
 Reference value :  9.74250e-09
 Reference value :  9.75750e-09
 Reference value :  9.77750e-09
 Reference value :  9.79750e-09
 Reference value :  9.81750e-09
 Reference value :  9.83250e-09
 Reference value :  9.85250e-09
 Reference value :  9.87250e-09
 Reference value :  9.89750e-09
 Reference value :  9.91750e-09
 Reference value :  9.93750e-09
 Reference value :  9.95750e-09
 Reference value :  9.97750e-09
 Reference value :  9.99750e-09
 Reference value :  1.00175e-08
 Reference value :  1.00375e-08
 Reference value :  1.00575e-08
 Reference value :  1.00775e-08
 Reference value :  1.00975e-08
 Reference value :  1.01125e-08
 Reference value :  1.01325e-08
 Reference value :  1.01525e-08
 Reference value :  1.01725e-08
 Reference value :  1.01875e-08
 Reference value :  1.02075e-08
 Reference value :  1.02325e-08
 Reference value :  1.02525e-08
 Reference value :  1.02675e-08
 Reference value :  1.02925e-08
 Reference value :  1.03125e-08
 Reference value :  1.03275e-08
 Reference value :  1.03425e-08
 Reference value :  1.03675e-08
 Reference value :  1.03875e-08
 Reference value :  1.04075e-08
 Reference value :  1.04275e-08
 Reference value :  1.04475e-08
 Reference value :  1.04625e-08
 Reference value :  1.04825e-08
 Reference value :  1.05025e-08
 Reference value :  1.05225e-08
 Reference value :  1.05375e-08
 Reference value :  1.05575e-08
 Reference value :  1.05775e-08
 Reference value :  1.05975e-08
 Reference value :  1.06175e-08
 Reference value :  1.06375e-08
 Reference value :  1.06575e-08
 Reference value :  1.06775e-08
 Reference value :  1.06975e-08
 Reference value :  1.07175e-08
 Reference value :  1.07375e-08
 Reference value :  1.07525e-08
 Reference value :  1.07675e-08
 Reference value :  1.07825e-08
 Reference value :  1.08025e-08
 Reference value :  1.08225e-08
 Reference value :  1.08375e-08
 Reference value :  1.08575e-08
 Reference value :  1.08725e-08
 Reference value :  1.08925e-08
 Reference value :  1.09125e-08
 Reference value :  1.09275e-08
 Reference value :  1.09425e-08
 Reference value :  1.09625e-08
 Reference value :  1.09825e-08
 Reference value :  1.09975e-08
 Reference value :  1.10175e-08
 Reference value :  1.10375e-08
 Reference value :  1.10575e-08
 Reference value :  1.10775e-08
 Reference value :  1.10975e-08
 Reference value :  1.11175e-08
 Reference value :  1.11325e-08
 Reference value :  1.11525e-08
 Reference value :  1.11675e-08
 Reference value :  1.11825e-08
 Reference value :  1.12025e-08
 Reference value :  1.12175e-08
 Reference value :  1.12375e-08
 Reference value :  1.12525e-08
 Reference value :  1.12725e-08
 Reference value :  1.12925e-08
 Reference value :  1.13075e-08
 Reference value :  1.13275e-08
 Reference value :  1.13475e-08
 Reference value :  1.13675e-08
 Reference value :  1.13875e-08
 Reference value :  1.14075e-08
 Reference value :  1.14225e-08
 Reference value :  1.14425e-08
 Reference value :  1.14575e-08
 Reference value :  1.14775e-08
 Reference value :  1.14975e-08
 Reference value :  1.15175e-08
 Reference value :  1.15375e-08
 Reference value :  1.15575e-08
 Reference value :  1.15725e-08
 Reference value :  1.15925e-08
 Reference value :  1.16125e-08
 Reference value :  1.16275e-08
 Reference value :  1.16475e-08
 Reference value :  1.16675e-08
 Reference value :  1.16875e-08
 Reference value :  1.17075e-08
 Reference value :  1.17275e-08
 Reference value :  1.17475e-08
 Reference value :  1.17675e-08
 Reference value :  1.17875e-08
 Reference value :  1.18075e-08
 Reference value :  1.18225e-08
 Reference value :  1.18425e-08
 Reference value :  1.18625e-08
 Reference value :  1.18825e-08
 Reference value :  1.19025e-08
 Reference value :  1.19225e-08
 Reference value :  1.19375e-08
 Reference value :  1.19525e-08
 Reference value :  1.19725e-08
 Reference value :  1.19875e-08
 Reference value :  1.20075e-08
 Reference value :  1.20225e-08
 Reference value :  1.20425e-08
 Reference value :  1.20625e-08
 Reference value :  1.20825e-08
 Reference value :  1.21075e-08
 Reference value :  1.21325e-08
 Reference value :  1.21525e-08
 Reference value :  1.21725e-08
 Reference value :  1.22025e-08
 Reference value :  1.22225e-08
 Reference value :  1.25275e-08
 Reference value :  1.25475e-08
 Reference value :  1.27325e-08
 Reference value :  1.27475e-08
 Reference value :  1.27625e-08
 Reference value :  1.27775e-08
 Reference value :  1.27925e-08
 Reference value :  1.28125e-08
 Reference value :  1.28325e-08
 Reference value :  1.28475e-08
 Reference value :  1.28675e-08
 Reference value :  1.28825e-08
 Reference value :  1.29025e-08
 Reference value :  1.29225e-08
 Reference value :  1.29425e-08
 Reference value :  1.29675e-08
 Reference value :  1.30175e-08
 Reference value :  1.30375e-08
 Reference value :  1.30575e-08
 Reference value :  1.30775e-08
 Reference value :  1.30975e-08
 Reference value :  1.32275e-08
 Reference value :  1.32475e-08
 Reference value :  1.32725e-08
 Reference value :  1.32925e-08
 Reference value :  1.33125e-08
 Reference value :  1.33325e-08
 Reference value :  1.33525e-08
 Reference value :  1.33675e-08
 Reference value :  1.33875e-08
 Reference value :  1.34075e-08
 Reference value :  1.34225e-08
 Reference value :  1.34425e-08
 Reference value :  1.34575e-08
 Reference value :  1.34775e-08
 Reference value :  1.34975e-08
 Reference value :  1.35175e-08
 Reference value :  1.35375e-08
 Reference value :  1.35575e-08
 Reference value :  1.35875e-08
 Reference value :  1.36025e-08
 Reference value :  1.36225e-08
 Reference value :  1.36375e-08
 Reference value :  1.36525e-08
 Reference value :  1.36725e-08
 Reference value :  1.36875e-08
 Reference value :  1.37075e-08
 Reference value :  1.37275e-08
 Reference value :  1.37425e-08
 Reference value :  1.38825e-08
 Reference value :  1.39025e-08
 Reference value :  1.39225e-08
 Reference value :  1.39375e-08
 Reference value :  1.39575e-08
 Reference value :  1.39725e-08
 Reference value :  1.39925e-08
 Reference value :  1.40175e-08
 Reference value :  1.40375e-08
 Reference value :  1.40575e-08
 Reference value :  1.40725e-08
 Reference value :  1.40925e-08
 Reference value :  1.41125e-08
 Reference value :  1.42925e-08
 Reference value :  1.43125e-08
 Reference value :  1.43325e-08
 Reference value :  1.43525e-08
 Reference value :  1.43725e-08
 Reference value :  1.43925e-08
 Reference value :  1.44125e-08
 Reference value :  1.44275e-08
 Reference value :  1.44475e-08
 Reference value :  1.44675e-08
 Reference value :  1.44925e-08
 Reference value :  1.45125e-08
 Reference value :  1.45375e-08
 Reference value :  1.45575e-08
 Reference value :  1.45825e-08
 Reference value :  1.46075e-08
 Reference value :  1.46275e-08
 Reference value :  1.46425e-08
 Reference value :  1.46625e-08
 Reference value :  1.46825e-08
 Reference value :  1.47025e-08
 Reference value :  1.47175e-08
 Reference value :  1.47375e-08
 Reference value :  1.47575e-08
 Reference value :  1.47725e-08
 Reference value :  1.47925e-08
 Reference value :  1.48125e-08
 Reference value :  1.48325e-08
 Reference value :  1.48575e-08
 Reference value :  1.48775e-08
 Reference value :  1.48975e-08
 Reference value :  1.49175e-08
 Reference value :  1.49375e-08
 Reference value :  1.49575e-08
 Reference value :  1.49775e-08
 Reference value :  1.49975e-08
 Reference value :  1.51475e-08
 Reference value :  1.51725e-08
 Reference value :  1.51925e-08
 Reference value :  1.52125e-08
 Reference value :  1.52325e-08
 Reference value :  1.55325e-08
 Reference value :  1.59525e-08
 Reference value :  1.59725e-08
 Reference value :  1.59875e-08
 Reference value :  1.60125e-08
 Reference value :  1.60275e-08
 Reference value :  1.60475e-08
 Reference value :  1.61625e-08
 Reference value :  1.61775e-08
 Reference value :  1.61975e-08
 Reference value :  1.62175e-08
 Reference value :  1.62325e-08
 Reference value :  1.62525e-08
 Reference value :  1.62725e-08
 Reference value :  1.62875e-08
 Reference value :  1.66225e-08
 Reference value :  1.66425e-08
 Reference value :  1.66625e-08
 Reference value :  1.66825e-08
 Reference value :  1.67025e-08
 Reference value :  1.67175e-08
 Reference value :  1.67375e-08
 Reference value :  1.67575e-08
 Reference value :  1.67875e-08
 Reference value :  1.71075e-08
 Reference value :  1.71275e-08
 Reference value :  1.71475e-08
 Reference value :  1.71675e-08
 Reference value :  1.71875e-08
 Reference value :  1.72075e-08
 Reference value :  1.72275e-08
 Reference value :  1.72475e-08
 Reference value :  1.72675e-08
 Reference value :  1.72875e-08
 Reference value :  1.74425e-08
 Reference value :  1.74675e-08
 Reference value :  1.74875e-08
 Reference value :  1.75025e-08
 Reference value :  1.75275e-08
 Reference value :  1.75475e-08
 Reference value :  1.75675e-08
 Reference value :  1.75875e-08
 Reference value :  1.76075e-08
 Reference value :  1.76275e-08
 Reference value :  1.76475e-08
 Reference value :  1.76675e-08
 Reference value :  1.76875e-08
 Reference value :  1.77075e-08
 Reference value :  1.77275e-08
 Reference value :  1.77475e-08
 Reference value :  1.77675e-08
 Reference value :  1.77875e-08
 Reference value :  1.78075e-08
 Reference value :  1.78275e-08
 Reference value :  1.78475e-08
 Reference value :  1.78675e-08
 Reference value :  1.78875e-08
 Reference value :  1.79075e-08
 Reference value :  1.79275e-08
 Reference value :  1.79475e-08
 Reference value :  1.82375e-08
 Reference value :  1.82525e-08
 Reference value :  1.82725e-08
 Reference value :  1.82925e-08
 Reference value :  1.83125e-08
 Reference value :  1.83325e-08
 Reference value :  1.83525e-08
 Reference value :  1.83725e-08
 Reference value :  1.83925e-08
 Reference value :  1.84075e-08
 Reference value :  1.84225e-08
 Reference value :  1.84425e-08
 Reference value :  1.84575e-08
 Reference value :  1.84775e-08
 Reference value :  1.84925e-08
 Reference value :  1.85075e-08
 Reference value :  1.85225e-08
 Reference value :  1.85425e-08
 Reference value :  1.85625e-08
 Reference value :  1.85825e-08
 Reference value :  1.85975e-08
 Reference value :  1.86175e-08
 Reference value :  1.86325e-08
 Reference value :  1.86525e-08
 Reference value :  1.86725e-08
 Reference value :  1.86925e-08
 Reference value :  1.87075e-08
 Reference value :  1.87275e-08
 Reference value :  1.87425e-08
 Reference value :  1.87625e-08
 Reference value :  1.87825e-08
 Reference value :  1.88025e-08
 Reference value :  1.88225e-08
 Reference value :  1.88425e-08
 Reference value :  1.88575e-08
 Reference value :  1.88775e-08
 Reference value :  1.88925e-08
 Reference value :  1.89125e-08
 Reference value :  1.89325e-08
 Reference value :  1.89525e-08
 Reference value :  1.89725e-08
 Reference value :  1.89875e-08
 Reference value :  1.90075e-08
 Reference value :  1.90275e-08
 Reference value :  1.90475e-08
 Reference value :  1.90675e-08
 Reference value :  1.90825e-08
 Reference value :  1.91075e-08
 Reference value :  1.91225e-08
 Reference value :  1.91425e-08
 Reference value :  1.91625e-08
 Reference value :  1.91775e-08
 Reference value :  1.91975e-08
 Reference value :  1.92175e-08
 Reference value :  1.92325e-08
 Reference value :  1.92525e-08
 Reference value :  1.92725e-08
 Reference value :  1.92925e-08
 Reference value :  1.93125e-08
 Reference value :  1.93325e-08
 Reference value :  1.93525e-08
 Reference value :  1.93675e-08
 Reference value :  1.93875e-08
 Reference value :  1.94075e-08
 Reference value :  1.94225e-08
 Reference value :  1.94425e-08
 Reference value :  1.94625e-08
 Reference value :  1.94825e-08
 Reference value :  1.95025e-08
 Reference value :  1.95225e-08
 Reference value :  1.95425e-08
 Reference value :  1.95575e-08
 Reference value :  1.95775e-08
 Reference value :  1.95925e-08
 Reference value :  1.96125e-08
 Reference value :  1.96325e-08
 Reference value :  1.96525e-08
 Reference value :  1.96725e-08
 Reference value :  1.96925e-08
 Reference value :  1.97125e-08
 Reference value :  1.97275e-08
 Reference value :  1.97475e-08
 Reference value :  1.97675e-08
 Reference value :  1.97875e-08
 Reference value :  1.98075e-08
 Reference value :  1.98225e-08
 Reference value :  1.98375e-08
 Reference value :  1.98575e-08
 Reference value :  1.98725e-08
 Reference value :  1.98925e-08
 Reference value :  1.99125e-08
 Reference value :  1.99275e-08
 Reference value :  1.99475e-08
 Reference value :  1.99625e-08
 Reference value :  1.99775e-08
 Reference value :  1.99975e-08
 Reference value :  2.00125e-08
 Reference value :  2.00325e-08
 Reference value :  2.00525e-08
 Reference value :  2.00725e-08
 Reference value :  2.00925e-08
 Reference value :  2.06225e-08
 Reference value :  2.06425e-08
 Reference value :  2.06625e-08
 Reference value :  2.06825e-08
 Reference value :  2.07025e-08
 Reference value :  2.07225e-08
 Reference value :  2.07375e-08
 Reference value :  2.07575e-08
 Reference value :  2.07825e-08
 Reference value :  2.08125e-08
 Reference value :  2.08325e-08
 Reference value :  2.08475e-08
 Reference value :  2.08675e-08
 Reference value :  2.08875e-08
 Reference value :  2.09075e-08
 Reference value :  2.09275e-08
 Reference value :  2.09425e-08
 Reference value :  2.09625e-08
 Reference value :  2.09825e-08
 Reference value :  2.10025e-08
 Reference value :  2.10225e-08
 Reference value :  2.10425e-08
 Reference value :  2.10625e-08
 Reference value :  2.10775e-08
 Reference value :  2.10975e-08
 Reference value :  2.11175e-08
 Reference value :  2.11375e-08
 Reference value :  2.11575e-08
 Reference value :  2.11725e-08
 Reference value :  2.11925e-08
 Reference value :  2.12125e-08
 Reference value :  2.12325e-08
 Reference value :  2.12525e-08
 Reference value :  2.12675e-08
 Reference value :  2.12875e-08
 Reference value :  2.13075e-08
 Reference value :  2.13275e-08
 Reference value :  2.13475e-08
 Reference value :  2.13675e-08
 Reference value :  2.13925e-08
 Reference value :  2.14175e-08
 Reference value :  2.14375e-08
 Reference value :  2.14575e-08
 Reference value :  2.14725e-08
 Reference value :  2.14925e-08
 Reference value :  2.15125e-08
 Reference value :  2.15275e-08
 Reference value :  2.15475e-08
 Reference value :  2.15675e-08
 Reference value :  2.15875e-08
 Reference value :  2.17425e-08
 Reference value :  2.17625e-08
 Reference value :  2.17775e-08
 Reference value :  2.17975e-08
 Reference value :  2.18175e-08
 Reference value :  2.18375e-08
 Reference value :  2.18575e-08
 Reference value :  2.18825e-08
 Reference value :  2.19025e-08
 Reference value :  2.19225e-08
 Reference value :  2.19425e-08
 Reference value :  2.19625e-08
 Reference value :  2.19875e-08
 Reference value :  2.20075e-08
 Reference value :  2.20275e-08
 Reference value :  2.20525e-08
 Reference value :  2.22825e-08
 Reference value :  2.23025e-08
 Reference value :  2.23225e-08
 Reference value :  2.23425e-08
 Reference value :  2.23625e-08
 Reference value :  2.23825e-08
 Reference value :  2.23975e-08
 Reference value :  2.24225e-08
 Reference value :  2.24375e-08
 Reference value :  2.24575e-08
 Reference value :  2.24775e-08
 Reference value :  2.24975e-08
 Reference value :  2.25175e-08
 Reference value :  2.25425e-08
 Reference value :  2.25625e-08
 Reference value :  2.25775e-08
 Reference value :  2.25975e-08
 Reference value :  2.26175e-08
 Reference value :  2.26325e-08
 Reference value :  2.26475e-08
 Reference value :  2.26675e-08
 Reference value :  2.26875e-08
 Reference value :  2.27025e-08
 Reference value :  2.28425e-08
 Reference value :  2.30075e-08
 Reference value :  2.30325e-08
 Reference value :  2.30525e-08
 Reference value :  2.30725e-08
 Reference value :  2.30925e-08
 Reference value :  2.31125e-08
 Reference value :  2.31325e-08
 Reference value :  2.32775e-08
 Reference value :  2.32975e-08
 Reference value :  2.33125e-08
 Reference value :  2.33375e-08
 Reference value :  2.33575e-08
 Reference value :  2.33775e-08
 Reference value :  2.33975e-08
 Reference value :  2.34125e-08
 Reference value :  2.34325e-08
 Reference value :  2.35775e-08
 Reference value :  2.35925e-08
 Reference value :  2.36125e-08
 Reference value :  2.36325e-08
 Reference value :  2.36575e-08
 Reference value :  2.36775e-08
 Reference value :  2.36975e-08
 Reference value :  2.37125e-08
 Reference value :  2.39425e-08
 Reference value :  2.39625e-08
 Reference value :  2.40925e-08
 Reference value :  2.41125e-08
 Reference value :  2.41275e-08
 Reference value :  2.41475e-08
 Reference value :  2.41675e-08
 Reference value :  2.41975e-08
 Reference value :  2.42225e-08
 Reference value :  2.42475e-08
 Reference value :  2.43825e-08
 Reference value :  2.44025e-08
 Reference value :  2.44225e-08
 Reference value :  2.44375e-08
 Reference value :  2.44575e-08
 Reference value :  2.44725e-08
 Reference value :  2.44925e-08
 Reference value :  2.45125e-08
 Reference value :  2.45325e-08
 Reference value :  2.45525e-08
 Reference value :  2.45675e-08
 Reference value :  2.45875e-08
 Reference value :  2.46025e-08
 Reference value :  2.46225e-08
 Reference value :  2.46425e-08
 Reference value :  2.46625e-08
 Reference value :  2.46775e-08
 Reference value :  2.46975e-08
 Reference value :  2.47175e-08
 Reference value :  2.47375e-08
 Reference value :  2.47575e-08
 Reference value :  2.47775e-08
 Reference value :  2.47975e-08
 Reference value :  2.48175e-08
 Reference value :  2.48375e-08
 Reference value :  2.48575e-08
 Reference value :  2.48775e-08
 Reference value :  2.48975e-08
 Reference value :  2.49175e-08
 Reference value :  2.49325e-08
 Reference value :  2.49525e-08
 Reference value :  2.49725e-08
 Reference value :  2.49925e-08
 Reference value :  2.50125e-08
 Reference value :  2.50275e-08
 Reference value :  2.50475e-08
 Reference value :  2.50675e-08
 Reference value :  2.50875e-08
No. of Data Rows : 5034
Note: Simulation executed from .control section 
