
Note: Compatibility modes selected: hs a


Circuit: * comparator-decision offset-bisect decision-boundary probe -- vindiff=-0.109863mv corner=ss temp=-40.0c (issue #515)

option SCALE: Scale is set to 1e-06 for instance and model parameters
option SCALE: Scale is set to 1e-06 for instance and model parameters
option SCALE: Scale is set to 1e-06 for instance and model parameters
option SCALE: Scale is set to 1e-06 for instance and model parameters
Doing analysis at TEMP = -40.000000 and TNOM = 27.000000

Using KLU as Direct Linear Solver
 Reference value :  0.00000e+00
 Reference value :  4.00000e-13
 Reference value :  6.40000e-12
 Reference value :  2.14000e-11
 Reference value :  3.64000e-11
 Reference value :  5.64000e-11
 Reference value :  7.64000e-11
 Reference value :  9.14000e-11
 Reference value :  1.11400e-10
 Reference value :  1.26400e-10
 Reference value :  1.41400e-10
 Reference value :  1.56400e-10
 Reference value :  1.71400e-10
 Reference value :  1.91400e-10
 Reference value :  2.11400e-10
 Reference value :  2.31400e-10
 Reference value :  2.46400e-10
 Reference value :  2.66400e-10
 Reference value :  2.81400e-10
 Reference value :  2.96400e-10
 Reference value :  3.11400e-10
 Reference value :  3.31400e-10
 Reference value :  3.46400e-10
 Reference value :  3.61400e-10
 Reference value :  3.76400e-10
 Reference value :  3.91400e-10
 Reference value :  4.11400e-10
 Reference value :  4.31400e-10
 Reference value :  4.51400e-10
 Reference value :  4.71400e-10
 Reference value :  4.91400e-10
 Reference value :  5.06400e-10
 Reference value :  5.26400e-10
 Reference value :  5.41400e-10
 Reference value :  5.56400e-10
 Reference value :  5.71400e-10
 Reference value :  5.86400e-10
 Reference value :  6.06400e-10
 Reference value :  6.21400e-10
 Reference value :  6.41400e-10
 Reference value :  6.61400e-10
 Reference value :  6.76400e-10
 Reference value :  6.91400e-10
 Reference value :  7.11400e-10
 Reference value :  7.31400e-10
 Reference value :  7.46400e-10
 Reference value :  7.61400e-10
 Reference value :  7.76400e-10
 Reference value :  7.91400e-10
 Reference value :  8.11400e-10
 Reference value :  8.26400e-10
 Reference value :  8.41400e-10
 Reference value :  8.61400e-10
 Reference value :  8.81400e-10
 Reference value :  8.96400e-10
 Reference value :  9.11400e-10
 Reference value :  9.31400e-10
 Reference value :  9.51400e-10
 Reference value :  9.66400e-10
 Reference value :  9.86400e-10
 Reference value :  1.00640e-09
 Reference value :  1.02640e-09
 Reference value :  1.04140e-09
 Reference value :  1.06140e-09
 Reference value :  1.08140e-09
 Reference value :  1.10140e-09
 Reference value :  1.11640e-09
 Reference value :  1.13140e-09
 Reference value :  1.14640e-09
 Reference value :  1.16140e-09
 Reference value :  1.18140e-09
 Reference value :  1.20140e-09
 Reference value :  1.21640e-09
 Reference value :  1.23140e-09
 Reference value :  1.25140e-09
 Reference value :  1.26640e-09
 Reference value :  1.28140e-09
 Reference value :  1.30140e-09
 Reference value :  1.32140e-09
 Reference value :  1.34140e-09
 Reference value :  1.36140e-09
 Reference value :  1.38140e-09
 Reference value :  1.39640e-09
 Reference value :  1.41140e-09
 Reference value :  1.42640e-09
 Reference value :  1.44140e-09
 Reference value :  1.45640e-09
 Reference value :  1.47140e-09
 Reference value :  1.49140e-09
 Reference value :  1.50640e-09
 Reference value :  1.52640e-09
 Reference value :  1.54140e-09
 Reference value :  1.55640e-09
 Reference value :  1.57140e-09
 Reference value :  1.58640e-09
 Reference value :  1.60140e-09
 Reference value :  1.61640e-09
 Reference value :  1.63640e-09
 Reference value :  1.65640e-09
 Reference value :  1.67640e-09
 Reference value :  1.69140e-09
 Reference value :  1.70640e-09
 Reference value :  1.72640e-09
 Reference value :  1.74140e-09
 Reference value :  1.76140e-09
 Reference value :  1.77640e-09
 Reference value :  1.79640e-09
 Reference value :  1.81140e-09
 Reference value :  1.82640e-09
 Reference value :  1.84640e-09
 Reference value :  1.86140e-09
 Reference value :  1.88140e-09
 Reference value :  1.90140e-09
 Reference value :  1.91640e-09
 Reference value :  1.93640e-09
 Reference value :  1.95140e-09
 Reference value :  1.96640e-09
 Reference value :  1.98640e-09
 Reference value :  2.00140e-09
 Reference value :  2.02140e-09
 Reference value :  2.04140e-09
 Reference value :  2.06140e-09
 Reference value :  2.07640e-09
 Reference value :  2.09140e-09
 Reference value :  2.10640e-09
 Reference value :  2.12140e-09
 Reference value :  2.13640e-09
 Reference value :  2.15140e-09
 Reference value :  2.17140e-09
 Reference value :  2.18640e-09
 Reference value :  2.20140e-09
 Reference value :  2.22140e-09
 Reference value :  2.23640e-09
 Reference value :  2.25140e-09
 Reference value :  2.27140e-09
 Reference value :  2.29140e-09
 Reference value :  2.30640e-09
 Reference value :  2.32140e-09
 Reference value :  2.34140e-09
 Reference value :  2.35640e-09
 Reference value :  2.37140e-09
 Reference value :  2.38640e-09
 Reference value :  2.40640e-09
 Reference value :  2.42140e-09
 Reference value :  2.43640e-09
 Reference value :  2.45640e-09
 Reference value :  2.47640e-09
 Reference value :  2.49140e-09
 Reference value :  2.51640e-09
 Reference value :  2.53640e-09
 Reference value :  2.56140e-09
 Reference value :  2.58140e-09
 Reference value :  2.59640e-09
 Reference value :  2.61640e-09
 Reference value :  2.63640e-09
 Reference value :  2.65640e-09
 Reference value :  2.68140e-09
 Reference value :  2.70640e-09
 Reference value :  2.72640e-09
 Reference value :  2.74140e-09
 Reference value :  2.76140e-09
 Reference value :  2.78640e-09
 Reference value :  2.80140e-09
 Reference value :  2.81640e-09
 Reference value :  2.83640e-09
 Reference value :  2.85140e-09
 Reference value :  2.86640e-09
 Reference value :  2.88640e-09
 Reference value :  2.90640e-09
 Reference value :  2.92640e-09
 Reference value :  2.94140e-09
 Reference value :  2.96140e-09
 Reference value :  2.98140e-09
 Reference value :  3.00140e-09
 Reference value :  3.02140e-09
 Reference value :  3.03640e-09
 Reference value :  3.05640e-09
 Reference value :  3.07140e-09
 Reference value :  3.09140e-09
 Reference value :  3.11140e-09
 Reference value :  3.13640e-09
 Reference value :  3.15640e-09
 Reference value :  3.17140e-09
 Reference value :  3.19140e-09
 Reference value :  3.21140e-09
 Reference value :  3.22640e-09
 Reference value :  3.24140e-09
 Reference value :  3.25640e-09
 Reference value :  3.27640e-09
 Reference value :  3.29140e-09
 Reference value :  3.31140e-09
 Reference value :  3.33140e-09
 Reference value :  3.35140e-09
 Reference value :  3.37140e-09
 Reference value :  3.39140e-09
 Reference value :  3.41140e-09
 Reference value :  3.42640e-09
 Reference value :  3.44640e-09
 Reference value :  3.46640e-09
 Reference value :  3.48640e-09
 Reference value :  3.50640e-09
 Reference value :  3.52640e-09
 Reference value :  3.54140e-09
 Reference value :  3.56140e-09
 Reference value :  3.58140e-09
 Reference value :  3.60140e-09
 Reference value :  3.62140e-09
 Reference value :  3.64140e-09
 Reference value :  3.66140e-09
 Reference value :  3.67640e-09
 Reference value :  3.69640e-09
 Reference value :  3.71640e-09
 Reference value :  3.73640e-09
 Reference value :  3.75640e-09
 Reference value :  3.77640e-09
 Reference value :  3.80140e-09
 Reference value :  3.82140e-09
 Reference value :  3.84140e-09
 Reference value :  3.86140e-09
 Reference value :  3.87640e-09
 Reference value :  3.89640e-09
 Reference value :  3.91640e-09
 Reference value :  3.93140e-09
 Reference value :  3.95140e-09
 Reference value :  3.97140e-09
 Reference value :  3.98640e-09
 Reference value :  4.00640e-09
 Reference value :  4.03140e-09
 Reference value :  4.05640e-09
 Reference value :  4.07640e-09
 Reference value :  4.09640e-09
 Reference value :  4.11640e-09
 Reference value :  4.13640e-09
 Reference value :  4.16140e-09
 Reference value :  4.18640e-09
 Reference value :  4.21140e-09
 Reference value :  4.23640e-09
 Reference value :  4.25140e-09
 Reference value :  4.27140e-09
 Reference value :  4.29140e-09
 Reference value :  4.31140e-09
 Reference value :  4.33140e-09
 Reference value :  4.35140e-09
 Reference value :  4.36640e-09
 Reference value :  4.38140e-09
 Reference value :  4.40140e-09
 Reference value :  4.42140e-09
 Reference value :  4.44140e-09
 Reference value :  4.46140e-09
 Reference value :  4.48140e-09
 Reference value :  4.50140e-09
 Reference value :  4.52140e-09
 Reference value :  4.53640e-09
 Reference value :  4.56140e-09
 Reference value :  4.58640e-09
 Reference value :  4.60640e-09
 Reference value :  4.63140e-09
 Reference value :  4.65140e-09
 Reference value :  4.67140e-09
 Reference value :  4.69140e-09
 Reference value :  4.71140e-09
 Reference value :  4.73140e-09
 Reference value :  4.74640e-09
 Reference value :  4.76140e-09
 Reference value :  4.78140e-09
 Reference value :  4.79640e-09
 Reference value :  4.81140e-09
 Reference value :  4.83140e-09
 Reference value :  4.84640e-09
 Reference value :  4.86640e-09
 Reference value :  4.88640e-09
 Reference value :  4.90640e-09
 Reference value :  4.92640e-09
 Reference value :  4.94640e-09
 Reference value :  4.96640e-09
 Reference value :  4.98140e-09
 Reference value :  5.00000e-09
 Reference value :  5.00750e-09
 Reference value :  5.02750e-09
 Reference value :  5.04750e-09
 Reference value :  5.05750e-09
 Reference value :  5.07250e-09
 Reference value :  5.08250e-09
 Reference value :  5.09625e-09
 Reference value :  5.10050e-09
 Reference value :  5.10350e-09
 Reference value :  5.11250e-09
 Reference value :  5.12250e-09
 Reference value :  5.13750e-09
 Reference value :  5.15750e-09
 Reference value :  5.17750e-09
 Reference value :  5.19750e-09
 Reference value :  5.21750e-09
 Reference value :  5.23250e-09
 Reference value :  5.24750e-09
 Reference value :  5.26750e-09
 Reference value :  5.28750e-09
 Reference value :  5.30250e-09
 Reference value :  5.32250e-09
 Reference value :  5.34250e-09
 Reference value :  5.36250e-09
 Reference value :  5.37750e-09
 Reference value :  5.39250e-09
 Reference value :  5.40750e-09
 Reference value :  5.42750e-09
 Reference value :  5.44250e-09
 Reference value :  5.45750e-09
 Reference value :  5.47750e-09
 Reference value :  5.50250e-09
 Reference value :  5.52250e-09
 Reference value :  5.54250e-09
 Reference value :  5.56250e-09
 Reference value :  5.57750e-09
 Reference value :  5.59750e-09
 Reference value :  5.61250e-09
 Reference value :  5.62750e-09
 Reference value :  5.64250e-09
 Reference value :  5.65750e-09
 Reference value :  5.67250e-09
 Reference value :  5.69250e-09
 Reference value :  5.70750e-09
 Reference value :  5.72250e-09
 Reference value :  5.73750e-09
 Reference value :  5.75250e-09
 Reference value :  5.76750e-09
 Reference value :  5.78250e-09
 Reference value :  5.79750e-09
 Reference value :  5.81250e-09
 Reference value :  5.82750e-09
 Reference value :  5.84750e-09
 Reference value :  5.86750e-09
 Reference value :  5.88250e-09
 Reference value :  5.89750e-09
 Reference value :  5.91250e-09
 Reference value :  5.92750e-09
 Reference value :  5.94250e-09
 Reference value :  5.95750e-09
 Reference value :  5.97250e-09
 Reference value :  5.99250e-09
 Reference value :  6.01250e-09
 Reference value :  6.03250e-09
 Reference value :  6.04750e-09
 Reference value :  6.06250e-09
 Reference value :  6.07750e-09
 Reference value :  6.09250e-09
 Reference value :  6.10750e-09
 Reference value :  6.12750e-09
 Reference value :  6.14750e-09
 Reference value :  6.16250e-09
 Reference value :  6.18250e-09
 Reference value :  6.20250e-09
 Reference value :  6.22750e-09
 Reference value :  6.24750e-09
 Reference value :  6.26750e-09
 Reference value :  6.28750e-09
 Reference value :  6.30250e-09
 Reference value :  6.32250e-09
 Reference value :  6.34250e-09
 Reference value :  6.35750e-09
 Reference value :  6.37750e-09
 Reference value :  6.39250e-09
 Reference value :  6.41250e-09
 Reference value :  6.42750e-09
 Reference value :  6.44750e-09
 Reference value :  6.46750e-09
 Reference value :  6.48250e-09
 Reference value :  6.49750e-09
 Reference value :  6.51750e-09
 Reference value :  6.53750e-09
 Reference value :  6.55750e-09
 Reference value :  6.57250e-09
 Reference value :  6.58750e-09
 Reference value :  6.60250e-09
 Reference value :  6.61750e-09
 Reference value :  6.63250e-09
 Reference value :  6.65250e-09
 Reference value :  6.67250e-09
 Reference value :  6.68750e-09
 Reference value :  6.70750e-09
 Reference value :  6.72750e-09
 Reference value :  6.74250e-09
 Reference value :  6.76250e-09
 Reference value :  6.78250e-09
 Reference value :  6.79750e-09
 Reference value :  6.81750e-09
 Reference value :  6.83250e-09
 Reference value :  6.84750e-09
 Reference value :  6.86750e-09
 Reference value :  6.88750e-09
 Reference value :  6.90750e-09
 Reference value :  6.92250e-09
 Reference value :  6.94250e-09
 Reference value :  6.96250e-09
 Reference value :  6.98250e-09
 Reference value :  7.00250e-09
 Reference value :  7.02250e-09
 Reference value :  7.04250e-09
 Reference value :  7.05750e-09
 Reference value :  7.07750e-09
 Reference value :  7.09750e-09
 Reference value :  7.11750e-09
 Reference value :  7.13750e-09
 Reference value :  7.15250e-09
 Reference value :  7.17250e-09
 Reference value :  7.19250e-09
 Reference value :  7.21250e-09
 Reference value :  7.23250e-09
 Reference value :  7.25250e-09
 Reference value :  7.27250e-09
 Reference value :  7.28750e-09
 Reference value :  7.30750e-09
 Reference value :  7.32750e-09
 Reference value :  7.34250e-09
 Reference value :  7.36250e-09
 Reference value :  7.38250e-09
 Reference value :  7.39750e-09
 Reference value :  7.53750e-09
 Reference value :  7.55750e-09
 Reference value :  7.57750e-09
 Reference value :  7.59750e-09
 Reference value :  7.61750e-09
 Reference value :  7.63250e-09
 Reference value :  7.65250e-09
 Reference value :  7.67250e-09
 Reference value :  7.68750e-09
 Reference value :  7.70250e-09
 Reference value :  7.72250e-09
 Reference value :  7.73750e-09
 Reference value :  7.75250e-09
 Reference value :  7.77250e-09
 Reference value :  7.79250e-09
 Reference value :  7.81250e-09
 Reference value :  7.83250e-09
 Reference value :  7.84750e-09
 Reference value :  7.86750e-09
 Reference value :  7.88750e-09
 Reference value :  7.90750e-09
 Reference value :  7.92250e-09
 Reference value :  7.94250e-09
 Reference value :  7.95750e-09
 Reference value :  7.97250e-09
 Reference value :  7.98750e-09
 Reference value :  8.00750e-09
 Reference value :  8.02750e-09
 Reference value :  8.04750e-09
 Reference value :  8.06750e-09
 Reference value :  8.08750e-09
 Reference value :  8.10750e-09
 Reference value :  8.12750e-09
 Reference value :  8.14750e-09
 Reference value :  8.16250e-09
 Reference value :  8.17750e-09
 Reference value :  8.19750e-09
 Reference value :  8.21750e-09
 Reference value :  8.23250e-09
 Reference value :  8.25250e-09
 Reference value :  8.27250e-09
 Reference value :  8.28750e-09
 Reference value :  8.30250e-09
 Reference value :  8.32250e-09
 Reference value :  8.33750e-09
 Reference value :  8.35250e-09
 Reference value :  8.36750e-09
 Reference value :  8.38750e-09
 Reference value :  8.40750e-09
 Reference value :  8.42250e-09
 Reference value :  8.44250e-09
 Reference value :  8.58250e-09
 Reference value :  8.60250e-09
 Reference value :  8.62250e-09
 Reference value :  8.63750e-09
 Reference value :  8.65750e-09
 Reference value :  8.67250e-09
 Reference value :  8.69250e-09
 Reference value :  8.71250e-09
 Reference value :  8.73250e-09
 Reference value :  8.75250e-09
 Reference value :  8.76750e-09
 Reference value :  8.78750e-09
 Reference value :  8.80250e-09
 Reference value :  8.81750e-09
 Reference value :  8.83250e-09
 Reference value :  8.85250e-09
 Reference value :  8.98750e-09
 Reference value :  9.22750e-09
 Reference value :  9.24750e-09
 Reference value :  9.26750e-09
 Reference value :  9.28250e-09
 Reference value :  9.30250e-09
 Reference value :  9.32250e-09
 Reference value :  9.34250e-09
 Reference value :  9.36250e-09
 Reference value :  9.38250e-09
 Reference value :  9.40250e-09
 Reference value :  9.41750e-09
 Reference value :  9.43750e-09
 Reference value :  9.45750e-09
 Reference value :  9.47250e-09
 Reference value :  9.49250e-09
 Reference value :  9.50750e-09
 Reference value :  9.53250e-09
 Reference value :  9.55250e-09
 Reference value :  9.57250e-09
 Reference value :  9.59250e-09
 Reference value :  9.61250e-09
 Reference value :  9.62750e-09
 Reference value :  9.64750e-09
 Reference value :  9.66750e-09
 Reference value :  9.68750e-09
 Reference value :  9.70250e-09
 Reference value :  9.72250e-09
 Reference value :  9.74250e-09
 Reference value :  9.76250e-09
 Reference value :  9.78250e-09
 Reference value :  9.80750e-09
 Reference value :  9.82750e-09
 Reference value :  9.84250e-09
 Reference value :  9.86250e-09
 Reference value :  9.88250e-09
 Reference value :  9.90250e-09
 Reference value :  9.92250e-09
 Reference value :  9.94250e-09
 Reference value :  9.95750e-09
 Reference value :  9.97750e-09
 Reference value :  1.06875e-08
 Reference value :  1.07025e-08
 Reference value :  1.07175e-08
 Reference value :  1.07325e-08
 Reference value :  1.07525e-08
 Reference value :  1.07725e-08
 Reference value :  1.07925e-08
 Reference value :  1.08875e-08
 Reference value :  1.09025e-08
 Reference value :  1.09225e-08
 Reference value :  1.09475e-08
 Reference value :  1.09675e-08
 Reference value :  1.09875e-08
 Reference value :  1.10025e-08
 Reference value :  1.10175e-08
 Reference value :  1.10325e-08
 Reference value :  1.10475e-08
 Reference value :  1.10625e-08
 Reference value :  1.10825e-08
 Reference value :  1.10975e-08
 Reference value :  1.11125e-08
 Reference value :  1.11275e-08
 Reference value :  1.11425e-08
 Reference value :  1.11575e-08
 Reference value :  1.11775e-08
 Reference value :  1.11925e-08
 Reference value :  1.12125e-08
 Reference value :  1.12275e-08
 Reference value :  1.12425e-08
 Reference value :  1.12625e-08
 Reference value :  1.12775e-08
 Reference value :  1.12975e-08
 Reference value :  1.13125e-08
 Reference value :  1.13325e-08
 Reference value :  1.13475e-08
 Reference value :  1.13675e-08
 Reference value :  1.13875e-08
 Reference value :  1.14075e-08
 Reference value :  1.14275e-08
 Reference value :  1.14425e-08
 Reference value :  1.14575e-08
 Reference value :  1.14725e-08
 Reference value :  1.14925e-08
 Reference value :  1.15075e-08
 Reference value :  1.15225e-08
 Reference value :  1.15375e-08
 Reference value :  1.15575e-08
 Reference value :  1.15725e-08
 Reference value :  1.15925e-08
 Reference value :  1.16075e-08
 Reference value :  1.16225e-08
 Reference value :  1.16375e-08
 Reference value :  1.16525e-08
 Reference value :  1.16675e-08
 Reference value :  1.16825e-08
 Reference value :  1.16975e-08
 Reference value :  1.17125e-08
 Reference value :  1.17325e-08
 Reference value :  1.17475e-08
 Reference value :  1.17625e-08
 Reference value :  1.17775e-08
 Reference value :  1.17925e-08
 Reference value :  1.18075e-08
 Reference value :  1.18225e-08
 Reference value :  1.18425e-08
 Reference value :  1.18575e-08
 Reference value :  1.18725e-08
 Reference value :  1.18875e-08
 Reference value :  1.19025e-08
 Reference value :  1.19175e-08
 Reference value :  1.19325e-08
 Reference value :  1.19525e-08
 Reference value :  1.19675e-08
 Reference value :  1.19825e-08
 Reference value :  1.19975e-08
 Reference value :  1.20125e-08
 Reference value :  1.20275e-08
 Reference value :  1.20425e-08
 Reference value :  1.20575e-08
 Reference value :  1.20725e-08
 Reference value :  1.20875e-08
 Reference value :  1.21025e-08
 Reference value :  1.21225e-08
 Reference value :  1.21375e-08
 Reference value :  1.21575e-08
 Reference value :  1.21775e-08
 Reference value :  1.21925e-08
 Reference value :  1.22075e-08
 Reference value :  1.22225e-08
 Reference value :  1.22375e-08
 Reference value :  1.22525e-08
 Reference value :  1.22675e-08
 Reference value :  1.22875e-08
 Reference value :  1.23025e-08
 Reference value :  1.23175e-08
 Reference value :  1.23325e-08
 Reference value :  1.23475e-08
 Reference value :  1.23675e-08
 Reference value :  1.23825e-08
 Reference value :  1.23975e-08
 Reference value :  1.24125e-08
 Reference value :  1.24275e-08
 Reference value :  1.24425e-08
 Reference value :  1.24575e-08
 Reference value :  1.24725e-08
 Reference value :  1.24875e-08
 Reference value :  1.25025e-08
 Reference value :  1.25225e-08
 Reference value :  1.25375e-08
 Reference value :  1.25525e-08
 Reference value :  1.25725e-08
 Reference value :  1.25925e-08
 Reference value :  1.26075e-08
 Reference value :  1.26275e-08
 Reference value :  1.26425e-08
 Reference value :  1.26625e-08
 Reference value :  1.26825e-08
 Reference value :  1.26975e-08
 Reference value :  1.27175e-08
 Reference value :  1.27325e-08
 Reference value :  1.27475e-08
 Reference value :  1.27625e-08
 Reference value :  1.27825e-08
 Reference value :  1.27975e-08
 Reference value :  1.28125e-08
 Reference value :  1.28325e-08
 Reference value :  1.28475e-08
 Reference value :  1.28625e-08
 Reference value :  1.28825e-08
 Reference value :  1.29025e-08
 Reference value :  1.29175e-08
 Reference value :  1.29325e-08
 Reference value :  1.29475e-08
 Reference value :  1.29675e-08
 Reference value :  1.29825e-08
 Reference value :  1.30025e-08
 Reference value :  1.30175e-08
 Reference value :  1.30325e-08
 Reference value :  1.30475e-08
 Reference value :  1.30625e-08
 Reference value :  1.30775e-08
 Reference value :  1.30975e-08
 Reference value :  1.31125e-08
 Reference value :  1.31275e-08
 Reference value :  1.31475e-08
 Reference value :  1.31725e-08
 Reference value :  1.31925e-08
 Reference value :  1.32125e-08
 Reference value :  1.32325e-08
 Reference value :  1.32525e-08
 Reference value :  1.32675e-08
 Reference value :  1.32875e-08
 Reference value :  1.33025e-08
 Reference value :  1.33175e-08
 Reference value :  1.33325e-08
 Reference value :  1.33525e-08
 Reference value :  1.33675e-08
 Reference value :  1.33875e-08
 Reference value :  1.34025e-08
 Reference value :  1.34225e-08
 Reference value :  1.34425e-08
 Reference value :  1.34625e-08
 Reference value :  1.34825e-08
 Reference value :  1.34975e-08
 Reference value :  1.35175e-08
 Reference value :  1.35325e-08
 Reference value :  1.35475e-08
 Reference value :  1.35675e-08
 Reference value :  1.35825e-08
 Reference value :  1.36025e-08
 Reference value :  1.36225e-08
 Reference value :  1.36425e-08
 Reference value :  1.36625e-08
 Reference value :  1.36775e-08
 Reference value :  1.36975e-08
 Reference value :  1.37125e-08
 Reference value :  1.37325e-08
 Reference value :  1.37475e-08
 Reference value :  1.37625e-08
 Reference value :  1.37825e-08
 Reference value :  1.38025e-08
 Reference value :  1.38225e-08
 Reference value :  1.38425e-08
 Reference value :  1.38575e-08
 Reference value :  1.38775e-08
 Reference value :  1.38975e-08
 Reference value :  1.39175e-08
 Reference value :  1.39325e-08
 Reference value :  1.39525e-08
 Reference value :  1.39725e-08
 Reference value :  1.39925e-08
 Reference value :  1.40075e-08
 Reference value :  1.40225e-08
 Reference value :  1.40425e-08
 Reference value :  1.40625e-08
 Reference value :  1.40825e-08
 Reference value :  1.41025e-08
 Reference value :  1.41175e-08
 Reference value :  1.41325e-08
 Reference value :  1.41525e-08
 Reference value :  1.41675e-08
 Reference value :  1.41875e-08
 Reference value :  1.42075e-08
 Reference value :  1.42275e-08
 Reference value :  1.42425e-08
 Reference value :  1.42625e-08
 Reference value :  1.42775e-08
 Reference value :  1.42925e-08
 Reference value :  1.43075e-08
 Reference value :  1.43275e-08
 Reference value :  1.43475e-08
 Reference value :  1.43625e-08
 Reference value :  1.43775e-08
 Reference value :  1.43975e-08
 Reference value :  1.44125e-08
 Reference value :  1.44325e-08
 Reference value :  1.44525e-08
 Reference value :  1.44725e-08
 Reference value :  1.44925e-08
 Reference value :  1.45075e-08
 Reference value :  1.45275e-08
 Reference value :  1.45425e-08
 Reference value :  1.45625e-08
 Reference value :  1.45775e-08
 Reference value :  1.45975e-08
 Reference value :  1.46125e-08
 Reference value :  1.46275e-08
 Reference value :  1.46425e-08
 Reference value :  1.46575e-08
 Reference value :  1.46725e-08
 Reference value :  1.46925e-08
 Reference value :  1.47125e-08
 Reference value :  1.47275e-08
 Reference value :  1.47475e-08
 Reference value :  1.47675e-08
 Reference value :  1.47825e-08
 Reference value :  1.47975e-08
 Reference value :  1.48125e-08
 Reference value :  1.48275e-08
 Reference value :  1.48425e-08
 Reference value :  1.48575e-08
 Reference value :  1.48725e-08
 Reference value :  1.48875e-08
 Reference value :  1.49025e-08
 Reference value :  1.49175e-08
 Reference value :  1.49325e-08
 Reference value :  1.49475e-08
 Reference value :  1.49675e-08
 Reference value :  1.49825e-08
 Reference value :  1.49975e-08
 Reference value :  1.50125e-08
 Reference value :  1.50275e-08
 Reference value :  1.50425e-08
 Reference value :  1.50575e-08
 Reference value :  1.50775e-08
 Reference value :  1.50925e-08
 Reference value :  1.51075e-08
 Reference value :  1.51225e-08
 Reference value :  1.51375e-08
 Reference value :  1.51575e-08
 Reference value :  1.51775e-08
 Reference value :  1.51925e-08
 Reference value :  1.52075e-08
 Reference value :  1.52225e-08
 Reference value :  1.52375e-08
 Reference value :  1.52575e-08
 Reference value :  1.52725e-08
 Reference value :  1.52875e-08
 Reference value :  1.53075e-08
 Reference value :  1.53225e-08
 Reference value :  1.53375e-08
 Reference value :  1.53525e-08
 Reference value :  1.53675e-08
 Reference value :  1.53825e-08
 Reference value :  1.54025e-08
 Reference value :  1.54225e-08
 Reference value :  1.54375e-08
 Reference value :  1.54525e-08
 Reference value :  1.54725e-08
 Reference value :  1.54875e-08
 Reference value :  1.55025e-08
 Reference value :  1.55175e-08
 Reference value :  1.55325e-08
 Reference value :  1.55475e-08
 Reference value :  1.55675e-08
 Reference value :  1.55825e-08
 Reference value :  1.55975e-08
 Reference value :  1.56175e-08
 Reference value :  1.56375e-08
 Reference value :  1.56525e-08
 Reference value :  1.56675e-08
 Reference value :  1.56825e-08
 Reference value :  1.57025e-08
 Reference value :  1.57225e-08
 Reference value :  1.57375e-08
 Reference value :  1.57575e-08
 Reference value :  1.57725e-08
 Reference value :  1.57925e-08
 Reference value :  1.58075e-08
 Reference value :  1.58225e-08
 Reference value :  1.58375e-08
 Reference value :  1.58525e-08
 Reference value :  1.58675e-08
 Reference value :  1.58825e-08
 Reference value :  1.58975e-08
 Reference value :  1.59125e-08
 Reference value :  1.59325e-08
 Reference value :  1.59525e-08
 Reference value :  1.59725e-08
 Reference value :  1.59875e-08
 Reference value :  1.60075e-08
 Reference value :  1.60225e-08
 Reference value :  1.60375e-08
 Reference value :  1.60525e-08
 Reference value :  1.60675e-08
 Reference value :  1.60825e-08
 Reference value :  1.60975e-08
 Reference value :  1.61125e-08
 Reference value :  1.61275e-08
 Reference value :  1.61425e-08
 Reference value :  1.61575e-08
 Reference value :  1.61725e-08
 Reference value :  1.61875e-08
 Reference value :  1.62025e-08
 Reference value :  1.62175e-08
 Reference value :  1.62375e-08
 Reference value :  1.62575e-08
 Reference value :  1.62775e-08
 Reference value :  1.62925e-08
 Reference value :  1.63075e-08
 Reference value :  1.63225e-08
 Reference value :  1.63375e-08
 Reference value :  1.63525e-08
 Reference value :  1.63675e-08
 Reference value :  1.63825e-08
 Reference value :  1.63975e-08
 Reference value :  1.64125e-08
 Reference value :  1.64325e-08
 Reference value :  1.64475e-08
 Reference value :  1.64675e-08
 Reference value :  1.64875e-08
 Reference value :  1.65075e-08
 Reference value :  1.65225e-08
 Reference value :  1.65375e-08
 Reference value :  1.65525e-08
 Reference value :  1.65675e-08
 Reference value :  1.65825e-08
 Reference value :  1.65975e-08
 Reference value :  1.66125e-08
 Reference value :  1.66275e-08
 Reference value :  1.66425e-08
 Reference value :  1.66575e-08
 Reference value :  1.66725e-08
 Reference value :  1.66875e-08
 Reference value :  1.67025e-08
 Reference value :  1.67175e-08
 Reference value :  1.67325e-08
 Reference value :  1.67525e-08
 Reference value :  1.67675e-08
 Reference value :  1.67825e-08
 Reference value :  1.68025e-08
 Reference value :  1.68175e-08
 Reference value :  1.68375e-08
 Reference value :  1.68525e-08
 Reference value :  1.68675e-08
 Reference value :  1.68875e-08
 Reference value :  1.69075e-08
 Reference value :  1.69225e-08
 Reference value :  1.69375e-08
 Reference value :  1.69575e-08
 Reference value :  1.69725e-08
 Reference value :  1.69925e-08
 Reference value :  1.70125e-08
 Reference value :  1.70325e-08
 Reference value :  1.70475e-08
 Reference value :  1.70625e-08
 Reference value :  1.70775e-08
 Reference value :  1.70975e-08
 Reference value :  1.71175e-08
 Reference value :  1.71375e-08
 Reference value :  1.71575e-08
 Reference value :  1.71725e-08
 Reference value :  1.71925e-08
 Reference value :  1.72075e-08
 Reference value :  1.72225e-08
 Reference value :  1.72425e-08
 Reference value :  1.72625e-08
 Reference value :  1.72825e-08
 Reference value :  1.72975e-08
 Reference value :  1.73175e-08
 Reference value :  1.73325e-08
 Reference value :  1.73475e-08
 Reference value :  1.73625e-08
 Reference value :  1.73825e-08
 Reference value :  1.73975e-08
 Reference value :  1.74125e-08
 Reference value :  1.74325e-08
 Reference value :  1.74475e-08
 Reference value :  1.74625e-08
 Reference value :  1.74775e-08
 Reference value :  1.74925e-08
 Reference value :  1.75075e-08
 Reference value :  1.75225e-08
 Reference value :  1.75425e-08
 Reference value :  1.75575e-08
 Reference value :  1.75775e-08
 Reference value :  1.75975e-08
 Reference value :  1.76175e-08
 Reference value :  1.76375e-08
 Reference value :  1.76525e-08
 Reference value :  1.76675e-08
 Reference value :  1.76825e-08
 Reference value :  1.77025e-08
 Reference value :  1.77225e-08
 Reference value :  1.77375e-08
 Reference value :  1.77575e-08
 Reference value :  1.77775e-08
 Reference value :  1.77925e-08
 Reference value :  1.78075e-08
 Reference value :  1.78275e-08
 Reference value :  1.78475e-08
 Reference value :  1.78675e-08
 Reference value :  1.78825e-08
 Reference value :  1.79025e-08
 Reference value :  1.79225e-08
 Reference value :  1.79425e-08
 Reference value :  1.79625e-08
 Reference value :  1.79775e-08
 Reference value :  1.79975e-08
 Reference value :  1.80125e-08
 Reference value :  1.80275e-08
 Reference value :  1.80475e-08
 Reference value :  1.80625e-08
 Reference value :  1.80825e-08
 Reference value :  1.81025e-08
 Reference value :  1.81225e-08
 Reference value :  1.81425e-08
 Reference value :  1.81575e-08
 Reference value :  1.81775e-08
 Reference value :  1.81975e-08
 Reference value :  1.82175e-08
 Reference value :  1.82325e-08
 Reference value :  1.82525e-08
 Reference value :  1.82725e-08
 Reference value :  1.82925e-08
 Reference value :  1.83075e-08
 Reference value :  1.83275e-08
 Reference value :  1.83475e-08
 Reference value :  1.83675e-08
 Reference value :  1.83875e-08
 Reference value :  1.84025e-08
 Reference value :  1.84225e-08
 Reference value :  1.84425e-08
 Reference value :  1.84625e-08
 Reference value :  1.84825e-08
 Reference value :  1.85025e-08
 Reference value :  1.85225e-08
 Reference value :  1.85425e-08
 Reference value :  1.85625e-08
 Reference value :  1.85775e-08
 Reference value :  1.86025e-08
 Reference value :  1.86175e-08
 Reference value :  1.86375e-08
 Reference value :  1.86525e-08
 Reference value :  1.86725e-08
 Reference value :  1.86925e-08
 Reference value :  1.87075e-08
 Reference value :  1.87275e-08
 Reference value :  1.87475e-08
 Reference value :  1.87675e-08
 Reference value :  1.87875e-08
 Reference value :  1.88075e-08
 Reference value :  1.88275e-08
 Reference value :  1.88475e-08
 Reference value :  1.88675e-08
 Reference value :  1.88875e-08
 Reference value :  1.89075e-08
 Reference value :  1.89275e-08
 Reference value :  1.89475e-08
 Reference value :  1.89625e-08
 Reference value :  1.89775e-08
 Reference value :  1.89975e-08
 Reference value :  1.90175e-08
 Reference value :  1.90375e-08
 Reference value :  1.90575e-08
 Reference value :  1.90775e-08
 Reference value :  1.90925e-08
 Reference value :  1.91125e-08
 Reference value :  1.91325e-08
 Reference value :  1.91525e-08
 Reference value :  1.91725e-08
 Reference value :  1.91875e-08
 Reference value :  1.92075e-08
 Reference value :  1.92225e-08
 Reference value :  1.92425e-08
 Reference value :  1.92625e-08
 Reference value :  1.92825e-08
 Reference value :  1.92975e-08
 Reference value :  1.93175e-08
 Reference value :  1.93375e-08
 Reference value :  1.93525e-08
 Reference value :  1.93725e-08
 Reference value :  1.93925e-08
 Reference value :  1.94125e-08
 Reference value :  1.94325e-08
 Reference value :  1.94525e-08
 Reference value :  1.94725e-08
 Reference value :  1.94925e-08
 Reference value :  1.95075e-08
 Reference value :  1.95275e-08
 Reference value :  1.95525e-08
 Reference value :  1.95675e-08
 Reference value :  1.95825e-08
 Reference value :  1.96025e-08
 Reference value :  1.96175e-08
 Reference value :  1.96325e-08
 Reference value :  1.96475e-08
 Reference value :  1.96625e-08
 Reference value :  1.96775e-08
 Reference value :  1.96975e-08
 Reference value :  1.97125e-08
 Reference value :  1.97325e-08
 Reference value :  1.97475e-08
 Reference value :  1.97725e-08
 Reference value :  1.97925e-08
 Reference value :  1.98125e-08
 Reference value :  1.98275e-08
 Reference value :  1.98475e-08
 Reference value :  1.98675e-08
 Reference value :  1.98875e-08
 Reference value :  1.99075e-08
 Reference value :  1.99275e-08
 Reference value :  1.99475e-08
 Reference value :  1.99625e-08
 Reference value :  1.99775e-08
 Reference value :  1.99925e-08
 Reference value :  2.00125e-08
 Reference value :  2.00325e-08
 Reference value :  2.00525e-08
 Reference value :  2.00725e-08
 Reference value :  2.00875e-08
 Reference value :  2.01075e-08
 Reference value :  2.01275e-08
 Reference value :  2.01425e-08
 Reference value :  2.01625e-08
 Reference value :  2.01825e-08
 Reference value :  2.02025e-08
 Reference value :  2.02175e-08
 Reference value :  2.02325e-08
 Reference value :  2.02475e-08
 Reference value :  2.02675e-08
 Reference value :  2.02875e-08
 Reference value :  2.03075e-08
 Reference value :  2.03225e-08
 Reference value :  2.03425e-08
 Reference value :  2.03625e-08
 Reference value :  2.03775e-08
 Reference value :  2.03975e-08
 Reference value :  2.04175e-08
 Reference value :  2.04325e-08
 Reference value :  2.04525e-08
 Reference value :  2.04725e-08
 Reference value :  2.04925e-08
 Reference value :  2.05075e-08
 Reference value :  2.05225e-08
 Reference value :  2.05425e-08
 Reference value :  2.05625e-08
 Reference value :  2.05775e-08
 Reference value :  2.05975e-08
 Reference value :  2.06125e-08
 Reference value :  2.06325e-08
 Reference value :  2.06525e-08
 Reference value :  2.06725e-08
 Reference value :  2.06875e-08
 Reference value :  2.07025e-08
 Reference value :  2.07225e-08
 Reference value :  2.07425e-08
 Reference value :  2.07625e-08
 Reference value :  2.07825e-08
 Reference value :  2.08075e-08
 Reference value :  2.08275e-08
 Reference value :  2.08475e-08
 Reference value :  2.08725e-08
 Reference value :  2.08925e-08
 Reference value :  2.09125e-08
 Reference value :  2.09325e-08
 Reference value :  2.09525e-08
 Reference value :  2.09725e-08
 Reference value :  2.09875e-08
 Reference value :  2.10075e-08
 Reference value :  2.10225e-08
 Reference value :  2.10375e-08
 Reference value :  2.10575e-08
 Reference value :  2.10775e-08
 Reference value :  2.10975e-08
 Reference value :  2.11175e-08
 Reference value :  2.11375e-08
 Reference value :  2.11525e-08
 Reference value :  2.11675e-08
 Reference value :  2.11825e-08
 Reference value :  2.12025e-08
 Reference value :  2.12225e-08
 Reference value :  2.12425e-08
 Reference value :  2.12625e-08
 Reference value :  2.12825e-08
 Reference value :  2.12975e-08
 Reference value :  2.13125e-08
 Reference value :  2.13275e-08
 Reference value :  2.13425e-08
 Reference value :  2.13575e-08
 Reference value :  2.13775e-08
 Reference value :  2.13925e-08
 Reference value :  2.14125e-08
 Reference value :  2.14275e-08
 Reference value :  2.14425e-08
 Reference value :  2.14625e-08
 Reference value :  2.14825e-08
 Reference value :  2.15025e-08
 Reference value :  2.15225e-08
 Reference value :  2.15425e-08
 Reference value :  2.15625e-08
 Reference value :  2.15775e-08
 Reference value :  2.15925e-08
 Reference value :  2.16125e-08
 Reference value :  2.16325e-08
 Reference value :  2.16475e-08
 Reference value :  2.16675e-08
 Reference value :  2.16875e-08
 Reference value :  2.17025e-08
 Reference value :  2.17175e-08
 Reference value :  2.17325e-08
 Reference value :  2.17475e-08
 Reference value :  2.17675e-08
 Reference value :  2.17875e-08
 Reference value :  2.18075e-08
 Reference value :  2.18275e-08
 Reference value :  2.18425e-08
 Reference value :  2.18625e-08
 Reference value :  2.18825e-08
 Reference value :  2.19025e-08
 Reference value :  2.19225e-08
 Reference value :  2.19375e-08
 Reference value :  2.19575e-08
 Reference value :  2.19775e-08
 Reference value :  2.19975e-08
 Reference value :  2.20175e-08
 Reference value :  2.20325e-08
 Reference value :  2.20525e-08
 Reference value :  2.20675e-08
 Reference value :  2.20875e-08
 Reference value :  2.21025e-08
 Reference value :  2.21225e-08
 Reference value :  2.21425e-08
 Reference value :  2.21625e-08
 Reference value :  2.21775e-08
 Reference value :  2.22025e-08
 Reference value :  2.22225e-08
 Reference value :  2.22425e-08
 Reference value :  2.22625e-08
 Reference value :  2.22775e-08
 Reference value :  2.22975e-08
 Reference value :  2.23175e-08
 Reference value :  2.23375e-08
 Reference value :  2.23525e-08
 Reference value :  2.23725e-08
 Reference value :  2.23925e-08
 Reference value :  2.24075e-08
 Reference value :  2.24225e-08
 Reference value :  2.24425e-08
 Reference value :  2.24625e-08
 Reference value :  2.24825e-08
 Reference value :  2.25025e-08
 Reference value :  2.25175e-08
 Reference value :  2.25425e-08
 Reference value :  2.25575e-08
 Reference value :  2.25775e-08
 Reference value :  2.25925e-08
 Reference value :  2.26175e-08
 Reference value :  2.26375e-08
 Reference value :  2.26575e-08
 Reference value :  2.26775e-08
 Reference value :  2.26975e-08
 Reference value :  2.27125e-08
 Reference value :  2.27275e-08
 Reference value :  2.27475e-08
 Reference value :  2.27625e-08
 Reference value :  2.27825e-08
 Reference value :  2.28025e-08
 Reference value :  2.28225e-08
 Reference value :  2.28375e-08
 Reference value :  2.28575e-08
 Reference value :  2.28775e-08
 Reference value :  2.28975e-08
 Reference value :  2.29125e-08
 Reference value :  2.29275e-08
 Reference value :  2.29425e-08
 Reference value :  2.29575e-08
 Reference value :  2.29725e-08
 Reference value :  2.29925e-08
 Reference value :  2.30125e-08
 Reference value :  2.30275e-08
 Reference value :  2.30475e-08
 Reference value :  2.30625e-08
 Reference value :  2.30825e-08
 Reference value :  2.31025e-08
 Reference value :  2.31225e-08
 Reference value :  2.31425e-08
 Reference value :  2.31575e-08
 Reference value :  2.31725e-08
 Reference value :  2.31925e-08
 Reference value :  2.32125e-08
 Reference value :  2.32325e-08
 Reference value :  2.32475e-08
 Reference value :  2.32675e-08
 Reference value :  2.32875e-08
 Reference value :  2.33025e-08
 Reference value :  2.33225e-08
 Reference value :  2.33375e-08
 Reference value :  2.33525e-08
 Reference value :  2.33725e-08
 Reference value :  2.33925e-08
 Reference value :  2.34175e-08
 Reference value :  2.34325e-08
 Reference value :  2.34525e-08
 Reference value :  2.34675e-08
 Reference value :  2.34875e-08
 Reference value :  2.35025e-08
 Reference value :  2.35225e-08
 Reference value :  2.35425e-08
 Reference value :  2.35625e-08
 Reference value :  2.35775e-08
 Reference value :  2.35925e-08
 Reference value :  2.36075e-08
 Reference value :  2.36225e-08
 Reference value :  2.36425e-08
 Reference value :  2.36625e-08
 Reference value :  2.36775e-08
 Reference value :  2.36925e-08
 Reference value :  2.37125e-08
 Reference value :  2.37325e-08
 Reference value :  2.37525e-08
 Reference value :  2.37725e-08
 Reference value :  2.37925e-08
 Reference value :  2.38075e-08
 Reference value :  2.38275e-08
 Reference value :  2.38425e-08
 Reference value :  2.38625e-08
 Reference value :  2.38825e-08
 Reference value :  2.39025e-08
 Reference value :  2.39225e-08
 Reference value :  2.39425e-08
 Reference value :  2.39625e-08
 Reference value :  2.39775e-08
 Reference value :  2.39975e-08
 Reference value :  2.40125e-08
 Reference value :  2.40325e-08
 Reference value :  2.40475e-08
 Reference value :  2.40675e-08
 Reference value :  2.40825e-08
 Reference value :  2.41025e-08
 Reference value :  2.41225e-08
 Reference value :  2.41375e-08
 Reference value :  2.41575e-08
 Reference value :  2.41725e-08
 Reference value :  2.41925e-08
 Reference value :  2.42075e-08
 Reference value :  2.42275e-08
 Reference value :  2.42425e-08
 Reference value :  2.42625e-08
 Reference value :  2.42775e-08
 Reference value :  2.42975e-08
 Reference value :  2.43175e-08
 Reference value :  2.43375e-08
 Reference value :  2.43575e-08
 Reference value :  2.43775e-08
 Reference value :  2.43975e-08
 Reference value :  2.44125e-08
 Reference value :  2.44325e-08
 Reference value :  2.44525e-08
 Reference value :  2.44675e-08
 Reference value :  2.44825e-08
 Reference value :  2.45025e-08
 Reference value :  2.45225e-08
 Reference value :  2.45425e-08
 Reference value :  2.45625e-08
 Reference value :  2.45825e-08
 Reference value :  2.45975e-08
 Reference value :  2.46125e-08
 Reference value :  2.46325e-08
 Reference value :  2.46525e-08
 Reference value :  2.46675e-08
 Reference value :  2.46825e-08
 Reference value :  2.47025e-08
 Reference value :  2.47225e-08
 Reference value :  2.47375e-08
 Reference value :  2.47575e-08
 Reference value :  2.47775e-08
 Reference value :  2.47925e-08
 Reference value :  2.48075e-08
 Reference value :  2.48225e-08
 Reference value :  2.48425e-08
 Reference value :  2.48625e-08
 Reference value :  2.48825e-08
 Reference value :  2.49025e-08
 Reference value :  2.49225e-08
 Reference value :  2.49375e-08
 Reference value :  2.49525e-08
 Reference value :  2.49675e-08
 Reference value :  2.49875e-08
 Reference value :  2.50125e-08
 Reference value :  2.50275e-08
 Reference value :  2.50475e-08
 Reference value :  2.50675e-08
 Reference value :  2.50825e-08
 Reference value :  2.51000e-08
No. of Data Rows : 5034
Note: Simulation executed from .control section 
