
Note: Compatibility modes selected: hs a


Circuit: * comparator-decision offset-bisect decision-boundary probe -- vindiff=1.757812mv corner=ss temp=-40.0c (issue #515)

option SCALE: Scale is set to 1e-06 for instance and model parameters
option SCALE: Scale is set to 1e-06 for instance and model parameters
option SCALE: Scale is set to 1e-06 for instance and model parameters
option SCALE: Scale is set to 1e-06 for instance and model parameters
Doing analysis at TEMP = -40.000000 and TNOM = 27.000000

Using KLU as Direct Linear Solver
 Reference value :  0.00000e+00
 Reference value :  2.52140e-09
 Reference value :  3.16140e-09
 Reference value :  3.57640e-09
 Reference value :  6.91250e-09
 Reference value :  1.06175e-08
 Reference value :  1.37275e-08
 Reference value :  1.68075e-08
 Reference value :  1.91175e-08
 Reference value :  2.32175e-08
No. of Data Rows : 5034
Note: Simulation executed from .control section 
