
Note: Compatibility modes selected: hs a


Circuit: * comparator-decision offset-bisect decision-boundary probe -- vindiff=0.219726mv corner=ss temp=-40.0c (issue #515)

option SCALE: Scale is set to 1e-06 for instance and model parameters
option SCALE: Scale is set to 1e-06 for instance and model parameters
option SCALE: Scale is set to 1e-06 for instance and model parameters
option SCALE: Scale is set to 1e-06 for instance and model parameters
Doing analysis at TEMP = -40.000000 and TNOM = 27.000000

Using KLU as Direct Linear Solver
 Reference value :  0.00000e+00
 Reference value :  5.01400e-10
 Reference value :  5.21400e-10
 Reference value :  5.36400e-10
 Reference value :  5.56400e-10
 Reference value :  5.76400e-10
 Reference value :  5.96400e-10
 Reference value :  6.16400e-10
 Reference value :  6.36400e-10
 Reference value :  6.56400e-10
 Reference value :  6.76400e-10
 Reference value :  6.96400e-10
 Reference value :  7.16400e-10
 Reference value :  7.36400e-10
 Reference value :  7.81400e-10
 Reference value :  7.96400e-10
 Reference value :  8.16400e-10
 Reference value :  8.31400e-10
 Reference value :  8.51400e-10
 Reference value :  8.71400e-10
 Reference value :  8.91400e-10
 Reference value :  9.11400e-10
 Reference value :  9.31400e-10
 Reference value :  9.51400e-10
 Reference value :  9.71400e-10
 Reference value :  9.91400e-10
 Reference value :  1.01140e-09
 Reference value :  1.03140e-09
 Reference value :  1.05140e-09
 Reference value :  1.07140e-09
 Reference value :  1.09140e-09
 Reference value :  1.11140e-09
 Reference value :  1.13140e-09
 Reference value :  1.15140e-09
 Reference value :  1.17140e-09
 Reference value :  1.19140e-09
 Reference value :  1.21140e-09
 Reference value :  1.23140e-09
 Reference value :  1.25140e-09
 Reference value :  1.27140e-09
 Reference value :  1.29140e-09
 Reference value :  1.31140e-09
 Reference value :  1.33140e-09
 Reference value :  1.35140e-09
 Reference value :  1.37140e-09
 Reference value :  1.39140e-09
 Reference value :  1.41140e-09
 Reference value :  1.43140e-09
 Reference value :  1.44640e-09
 Reference value :  1.46640e-09
 Reference value :  1.48640e-09
 Reference value :  1.50640e-09
 Reference value :  1.52640e-09
 Reference value :  1.55140e-09
 Reference value :  1.57140e-09
 Reference value :  1.58640e-09
 Reference value :  1.60640e-09
 Reference value :  1.62640e-09
 Reference value :  1.65140e-09
 Reference value :  1.67140e-09
 Reference value :  1.69140e-09
 Reference value :  1.71140e-09
 Reference value :  1.73140e-09
 Reference value :  1.75140e-09
 Reference value :  1.76640e-09
 Reference value :  1.78140e-09
 Reference value :  1.80140e-09
 Reference value :  1.81640e-09
 Reference value :  1.83140e-09
 Reference value :  1.84640e-09
 Reference value :  1.86640e-09
 Reference value :  1.88640e-09
 Reference value :  1.90640e-09
 Reference value :  1.93140e-09
 Reference value :  1.94640e-09
 Reference value :  1.96640e-09
 Reference value :  1.98140e-09
 Reference value :  2.00140e-09
 Reference value :  2.02140e-09
 Reference value :  2.04140e-09
 Reference value :  2.05640e-09
 Reference value :  2.07640e-09
 Reference value :  2.09640e-09
 Reference value :  2.11140e-09
 Reference value :  2.13140e-09
 Reference value :  2.14640e-09
 Reference value :  2.16640e-09
 Reference value :  2.18640e-09
 Reference value :  2.20140e-09
 Reference value :  2.22140e-09
 Reference value :  2.24140e-09
 Reference value :  2.30140e-09
 Reference value :  2.31640e-09
 Reference value :  2.33640e-09
 Reference value :  2.35140e-09
 Reference value :  2.37140e-09
 Reference value :  2.39140e-09
 Reference value :  2.40640e-09
 Reference value :  2.43140e-09
 Reference value :  2.44640e-09
 Reference value :  2.46140e-09
 Reference value :  2.47640e-09
 Reference value :  2.49140e-09
 Reference value :  2.50640e-09
 Reference value :  2.52640e-09
 Reference value :  2.55140e-09
 Reference value :  2.57640e-09
 Reference value :  2.59640e-09
 Reference value :  2.61140e-09
 Reference value :  2.62640e-09
 Reference value :  2.64640e-09
 Reference value :  2.66140e-09
 Reference value :  2.67640e-09
 Reference value :  2.69640e-09
 Reference value :  2.71640e-09
 Reference value :  2.73640e-09
 Reference value :  2.75640e-09
 Reference value :  2.77140e-09
 Reference value :  2.79140e-09
 Reference value :  2.81140e-09
 Reference value :  2.82640e-09
 Reference value :  2.84140e-09
 Reference value :  2.86140e-09
 Reference value :  2.88140e-09
 Reference value :  2.90140e-09
 Reference value :  2.91640e-09
 Reference value :  2.93640e-09
 Reference value :  2.95640e-09
 Reference value :  2.97640e-09
 Reference value :  2.99640e-09
 Reference value :  3.01140e-09
 Reference value :  3.03140e-09
 Reference value :  3.05140e-09
 Reference value :  3.07140e-09
 Reference value :  3.09140e-09
 Reference value :  3.11140e-09
 Reference value :  3.13140e-09
 Reference value :  3.15140e-09
 Reference value :  3.17140e-09
 Reference value :  3.19140e-09
 Reference value :  3.21140e-09
 Reference value :  3.22640e-09
 Reference value :  3.24640e-09
 Reference value :  3.26640e-09
 Reference value :  3.28640e-09
 Reference value :  3.30640e-09
 Reference value :  3.32140e-09
 Reference value :  3.34140e-09
 Reference value :  3.36140e-09
 Reference value :  3.38140e-09
 Reference value :  3.40640e-09
 Reference value :  3.42640e-09
 Reference value :  3.44640e-09
 Reference value :  3.47140e-09
 Reference value :  3.49140e-09
 Reference value :  3.51140e-09
 Reference value :  3.53140e-09
 Reference value :  3.55140e-09
 Reference value :  3.56640e-09
 Reference value :  3.58640e-09
 Reference value :  3.60640e-09
 Reference value :  4.14140e-09
 Reference value :  5.56750e-09
 Reference value :  5.91750e-09
 Reference value :  5.93750e-09
 Reference value :  7.83750e-09
 Reference value :  1.04125e-08
 Reference value :  1.27925e-08
 Reference value :  1.55875e-08
 Reference value :  1.80825e-08
 Reference value :  1.97225e-08
 Reference value :  1.97425e-08
 Reference value :  2.01075e-08
 Reference value :  2.21775e-08
 Reference value :  2.21975e-08
 Reference value :  2.22175e-08
 Reference value :  2.34525e-08
No. of Data Rows : 5034
Note: Simulation executed from .control section 
