
Note: Compatibility modes selected: hs a


Circuit: * comparator-decision offset-bisect decision-boundary probe -- vindiff=-0.878906mv corner=ss temp=-40.0c (issue #515)

option SCALE: Scale is set to 1e-06 for instance and model parameters
option SCALE: Scale is set to 1e-06 for instance and model parameters
option SCALE: Scale is set to 1e-06 for instance and model parameters
option SCALE: Scale is set to 1e-06 for instance and model parameters
Doing analysis at TEMP = -40.000000 and TNOM = 27.000000

Using KLU as Direct Linear Solver
 Reference value :  0.00000e+00
 Reference value :  2.00000e-13
 Reference value :  3.20000e-12
 Reference value :  1.64000e-11
 Reference value :  3.64000e-11
 Reference value :  5.64000e-11
 Reference value :  7.64000e-11
 Reference value :  9.14000e-11
 Reference value :  1.06400e-10
 Reference value :  1.26400e-10
 Reference value :  1.46400e-10
 Reference value :  1.66400e-10
 Reference value :  1.86400e-10
 Reference value :  2.06400e-10
 Reference value :  2.26400e-10
 Reference value :  2.46400e-10
 Reference value :  2.66400e-10
 Reference value :  2.86400e-10
 Reference value :  3.06400e-10
 Reference value :  3.21400e-10
 Reference value :  3.41400e-10
 Reference value :  3.61400e-10
 Reference value :  3.86400e-10
 Reference value :  4.06400e-10
 Reference value :  4.26400e-10
 Reference value :  4.46400e-10
 Reference value :  4.66400e-10
 Reference value :  4.81400e-10
 Reference value :  5.01400e-10
 Reference value :  5.21400e-10
 Reference value :  5.41400e-10
 Reference value :  5.61400e-10
 Reference value :  5.81400e-10
 Reference value :  6.01400e-10
 Reference value :  6.21400e-10
 Reference value :  6.41400e-10
 Reference value :  6.61400e-10
 Reference value :  6.81400e-10
 Reference value :  7.01400e-10
 Reference value :  7.21400e-10
 Reference value :  7.36400e-10
 Reference value :  7.56400e-10
 Reference value :  7.71400e-10
 Reference value :  7.91400e-10
 Reference value :  8.06400e-10
 Reference value :  8.26400e-10
 Reference value :  8.46400e-10
 Reference value :  8.61400e-10
 Reference value :  8.76400e-10
 Reference value :  8.91400e-10
 Reference value :  9.11400e-10
 Reference value :  9.31400e-10
 Reference value :  9.56400e-10
 Reference value :  9.71400e-10
 Reference value :  9.91400e-10
 Reference value :  1.00640e-09
 Reference value :  1.02640e-09
 Reference value :  1.04640e-09
 Reference value :  1.06140e-09
 Reference value :  1.07640e-09
 Reference value :  1.09640e-09
 Reference value :  1.11640e-09
 Reference value :  1.13640e-09
 Reference value :  1.15640e-09
 Reference value :  1.17640e-09
 Reference value :  1.19640e-09
 Reference value :  1.21640e-09
 Reference value :  1.23640e-09
 Reference value :  1.25640e-09
 Reference value :  1.27640e-09
 Reference value :  1.29640e-09
 Reference value :  1.31640e-09
 Reference value :  1.33640e-09
 Reference value :  1.35640e-09
 Reference value :  1.37640e-09
 Reference value :  1.39640e-09
 Reference value :  1.41140e-09
 Reference value :  1.43140e-09
 Reference value :  1.44640e-09
 Reference value :  1.46640e-09
 Reference value :  1.48640e-09
 Reference value :  1.50640e-09
 Reference value :  1.52640e-09
 Reference value :  1.54640e-09
 Reference value :  1.56640e-09
 Reference value :  1.58640e-09
 Reference value :  1.60640e-09
 Reference value :  1.62640e-09
 Reference value :  1.64640e-09
 Reference value :  1.66640e-09
 Reference value :  1.68140e-09
 Reference value :  1.70140e-09
 Reference value :  1.72140e-09
 Reference value :  1.74140e-09
 Reference value :  1.76140e-09
 Reference value :  1.78140e-09
 Reference value :  1.80140e-09
 Reference value :  1.82640e-09
 Reference value :  1.84640e-09
 Reference value :  1.86640e-09
 Reference value :  1.88640e-09
 Reference value :  1.90640e-09
 Reference value :  2.06640e-09
 Reference value :  2.08640e-09
 Reference value :  2.11140e-09
 Reference value :  2.13140e-09
 Reference value :  2.15140e-09
 Reference value :  2.16640e-09
 Reference value :  2.19140e-09
 Reference value :  2.21140e-09
 Reference value :  2.23140e-09
 Reference value :  2.25140e-09
 Reference value :  2.51140e-09
 Reference value :  2.53640e-09
 Reference value :  2.68640e-09
 Reference value :  3.01140e-09
 Reference value :  3.03640e-09
 Reference value :  3.06140e-09
 Reference value :  3.08140e-09
 Reference value :  3.10140e-09
 Reference value :  3.12140e-09
 Reference value :  3.14140e-09
 Reference value :  3.16140e-09
 Reference value :  3.18140e-09
 Reference value :  3.20140e-09
 Reference value :  3.22140e-09
 Reference value :  3.24140e-09
 Reference value :  3.26140e-09
 Reference value :  3.28140e-09
 Reference value :  3.30140e-09
 Reference value :  3.32140e-09
 Reference value :  3.34140e-09
 Reference value :  3.35640e-09
 Reference value :  3.37640e-09
 Reference value :  3.39640e-09
 Reference value :  3.41640e-09
 Reference value :  3.43640e-09
 Reference value :  3.45640e-09
 Reference value :  3.47640e-09
 Reference value :  3.50140e-09
 Reference value :  3.52640e-09
 Reference value :  3.54640e-09
 Reference value :  3.56640e-09
 Reference value :  3.59140e-09
 Reference value :  4.17640e-09
 Reference value :  5.04750e-09
 Reference value :  5.06250e-09
 Reference value :  5.07750e-09
 Reference value :  5.09250e-09
 Reference value :  5.10050e-09
 Reference value :  5.10750e-09
 Reference value :  5.12250e-09
 Reference value :  5.13750e-09
 Reference value :  5.15750e-09
 Reference value :  5.17750e-09
 Reference value :  5.19750e-09
 Reference value :  5.21750e-09
 Reference value :  5.23750e-09
 Reference value :  5.25750e-09
 Reference value :  5.27750e-09
 Reference value :  5.29750e-09
 Reference value :  5.31750e-09
 Reference value :  5.33750e-09
 Reference value :  5.35750e-09
 Reference value :  5.37750e-09
 Reference value :  5.39750e-09
 Reference value :  5.41250e-09
 Reference value :  5.42750e-09
 Reference value :  5.44750e-09
 Reference value :  5.46750e-09
 Reference value :  5.48750e-09
 Reference value :  5.50750e-09
 Reference value :  5.52750e-09
 Reference value :  5.54750e-09
 Reference value :  5.56750e-09
 Reference value :  5.58750e-09
 Reference value :  5.60750e-09
 Reference value :  5.62750e-09
 Reference value :  5.64750e-09
 Reference value :  5.66750e-09
 Reference value :  5.68750e-09
 Reference value :  5.70250e-09
 Reference value :  5.72250e-09
 Reference value :  5.73750e-09
 Reference value :  5.75750e-09
 Reference value :  5.77750e-09
 Reference value :  5.79750e-09
 Reference value :  5.81750e-09
 Reference value :  5.83750e-09
 Reference value :  5.85250e-09
 Reference value :  5.87250e-09
 Reference value :  5.89250e-09
 Reference value :  5.91250e-09
 Reference value :  5.93250e-09
 Reference value :  5.95250e-09
 Reference value :  5.97250e-09
 Reference value :  5.99250e-09
 Reference value :  6.01250e-09
 Reference value :  6.03250e-09
 Reference value :  6.04750e-09
 Reference value :  6.06750e-09
 Reference value :  6.08750e-09
 Reference value :  6.10250e-09
 Reference value :  6.11750e-09
 Reference value :  6.13750e-09
 Reference value :  6.15750e-09
 Reference value :  6.17750e-09
 Reference value :  6.19750e-09
 Reference value :  6.21750e-09
 Reference value :  6.23750e-09
 Reference value :  6.25750e-09
 Reference value :  6.27750e-09
 Reference value :  6.29750e-09
 Reference value :  6.31750e-09
 Reference value :  6.33750e-09
 Reference value :  6.35750e-09
 Reference value :  6.37750e-09
 Reference value :  6.39750e-09
 Reference value :  6.41750e-09
 Reference value :  6.43750e-09
 Reference value :  6.45750e-09
 Reference value :  6.47750e-09
 Reference value :  6.49750e-09
 Reference value :  6.51750e-09
 Reference value :  6.53750e-09
 Reference value :  6.55750e-09
 Reference value :  6.57250e-09
 Reference value :  6.59250e-09
 Reference value :  6.61250e-09
 Reference value :  6.63250e-09
 Reference value :  6.64750e-09
 Reference value :  6.66750e-09
 Reference value :  6.68750e-09
 Reference value :  6.70750e-09
 Reference value :  6.72250e-09
 Reference value :  6.73750e-09
 Reference value :  6.75250e-09
 Reference value :  6.77250e-09
 Reference value :  6.79250e-09
 Reference value :  6.81250e-09
 Reference value :  6.83250e-09
 Reference value :  6.84750e-09
 Reference value :  6.86750e-09
 Reference value :  6.88750e-09
 Reference value :  6.90750e-09
 Reference value :  6.92750e-09
 Reference value :  6.94750e-09
 Reference value :  6.97250e-09
 Reference value :  6.99250e-09
 Reference value :  7.00750e-09
 Reference value :  7.45250e-09
 Reference value :  7.47750e-09
 Reference value :  7.49750e-09
 Reference value :  7.52750e-09
 Reference value :  7.55250e-09
 Reference value :  7.57250e-09
 Reference value :  7.59250e-09
 Reference value :  8.04250e-09
 Reference value :  8.06250e-09
 Reference value :  8.08250e-09
 Reference value :  8.11250e-09
 Reference value :  8.13250e-09
 Reference value :  8.15250e-09
 Reference value :  8.44750e-09
 Reference value :  8.62750e-09
 Reference value :  8.64750e-09
 Reference value :  8.66750e-09
 Reference value :  8.68750e-09
 Reference value :  8.71250e-09
 Reference value :  8.73250e-09
 Reference value :  9.04250e-09
 Reference value :  9.06750e-09
 Reference value :  9.08750e-09
 Reference value :  9.11250e-09
 Reference value :  9.13250e-09
 Reference value :  9.15250e-09
 Reference value :  9.17750e-09
 Reference value :  9.20250e-09
 Reference value :  9.23250e-09
 Reference value :  9.24750e-09
 Reference value :  9.52750e-09
 Reference value :  9.54250e-09
 Reference value :  9.56250e-09
 Reference value :  9.58250e-09
 Reference value :  9.60750e-09
 Reference value :  1.03175e-08
 Reference value :  1.03475e-08
 Reference value :  1.03675e-08
 Reference value :  1.04325e-08
 Reference value :  1.05325e-08
 Reference value :  1.05575e-08
 Reference value :  1.05725e-08
 Reference value :  1.05925e-08
 Reference value :  1.06175e-08
 Reference value :  1.06375e-08
 Reference value :  1.06675e-08
 Reference value :  1.11875e-08
 Reference value :  1.14625e-08
 Reference value :  1.14875e-08
 Reference value :  1.15125e-08
 Reference value :  1.15375e-08
 Reference value :  1.15625e-08
 Reference value :  1.27025e-08
 Reference value :  1.27225e-08
 Reference value :  1.27475e-08
 Reference value :  1.27725e-08
 Reference value :  1.28025e-08
 Reference value :  1.28275e-08
 Reference value :  1.28475e-08
 Reference value :  1.28675e-08
 Reference value :  1.28875e-08
 Reference value :  1.29125e-08
 Reference value :  1.29425e-08
 Reference value :  1.29625e-08
 Reference value :  1.29825e-08
 Reference value :  1.30075e-08
 Reference value :  1.30275e-08
 Reference value :  1.30475e-08
 Reference value :  1.30675e-08
 Reference value :  1.30925e-08
 Reference value :  1.34675e-08
 Reference value :  1.38875e-08
 Reference value :  1.47525e-08
 Reference value :  1.47775e-08
 Reference value :  1.48125e-08
 Reference value :  1.48375e-08
 Reference value :  1.52475e-08
 Reference value :  1.52725e-08
 Reference value :  1.52975e-08
 Reference value :  1.53275e-08
 Reference value :  1.53525e-08
 Reference value :  1.53775e-08
 Reference value :  1.59825e-08
 Reference value :  1.61475e-08
 Reference value :  1.61675e-08
 Reference value :  1.61925e-08
 Reference value :  1.62175e-08
 Reference value :  1.62425e-08
 Reference value :  1.62675e-08
 Reference value :  1.62925e-08
 Reference value :  1.63225e-08
 Reference value :  1.63425e-08
 Reference value :  1.63675e-08
 Reference value :  1.63975e-08
 Reference value :  1.64225e-08
 Reference value :  1.64425e-08
 Reference value :  1.64625e-08
 Reference value :  1.64825e-08
 Reference value :  1.65025e-08
 Reference value :  1.65225e-08
 Reference value :  1.65425e-08
 Reference value :  1.65625e-08
 Reference value :  1.65825e-08
 Reference value :  1.66025e-08
 Reference value :  1.66225e-08
 Reference value :  1.66375e-08
 Reference value :  1.66575e-08
 Reference value :  1.66775e-08
 Reference value :  1.66975e-08
 Reference value :  1.67175e-08
 Reference value :  1.67375e-08
 Reference value :  1.67575e-08
 Reference value :  1.67725e-08
 Reference value :  1.67925e-08
 Reference value :  1.68075e-08
 Reference value :  1.68275e-08
 Reference value :  1.68475e-08
 Reference value :  1.68675e-08
 Reference value :  1.68875e-08
 Reference value :  1.69075e-08
 Reference value :  1.69275e-08
 Reference value :  1.69425e-08
 Reference value :  1.69575e-08
 Reference value :  1.69775e-08
 Reference value :  1.69975e-08
 Reference value :  1.70175e-08
 Reference value :  1.70375e-08
 Reference value :  1.70575e-08
 Reference value :  1.70775e-08
 Reference value :  1.70975e-08
 Reference value :  1.71175e-08
 Reference value :  1.71375e-08
 Reference value :  1.71575e-08
 Reference value :  1.71775e-08
 Reference value :  1.71975e-08
 Reference value :  1.72175e-08
 Reference value :  1.72375e-08
 Reference value :  1.72575e-08
 Reference value :  1.72775e-08
 Reference value :  1.72975e-08
 Reference value :  1.73175e-08
 Reference value :  1.73375e-08
 Reference value :  1.73525e-08
 Reference value :  1.73725e-08
 Reference value :  1.73925e-08
 Reference value :  1.74125e-08
 Reference value :  1.74325e-08
 Reference value :  1.74525e-08
 Reference value :  1.74725e-08
 Reference value :  1.74925e-08
 Reference value :  1.75125e-08
 Reference value :  1.75325e-08
 Reference value :  1.75475e-08
 Reference value :  1.75675e-08
 Reference value :  1.75875e-08
 Reference value :  1.76075e-08
 Reference value :  1.76275e-08
 Reference value :  1.76475e-08
 Reference value :  1.76675e-08
 Reference value :  1.76875e-08
 Reference value :  1.77075e-08
 Reference value :  1.77275e-08
 Reference value :  1.77425e-08
 Reference value :  1.77625e-08
 Reference value :  1.77775e-08
 Reference value :  1.77975e-08
 Reference value :  1.78175e-08
 Reference value :  1.78375e-08
 Reference value :  1.78525e-08
 Reference value :  1.78725e-08
 Reference value :  1.78925e-08
 Reference value :  1.79125e-08
 Reference value :  1.79325e-08
 Reference value :  1.79525e-08
 Reference value :  1.79675e-08
 Reference value :  1.79875e-08
 Reference value :  1.80075e-08
 Reference value :  1.80275e-08
 Reference value :  1.80475e-08
 Reference value :  1.80675e-08
 Reference value :  1.80875e-08
 Reference value :  1.81075e-08
 Reference value :  1.81275e-08
 Reference value :  1.81475e-08
 Reference value :  1.81675e-08
 Reference value :  1.81875e-08
 Reference value :  1.82075e-08
 Reference value :  1.82275e-08
 Reference value :  1.82425e-08
 Reference value :  1.82625e-08
 Reference value :  1.82825e-08
 Reference value :  1.83075e-08
 Reference value :  1.83225e-08
 Reference value :  1.83425e-08
 Reference value :  1.83625e-08
 Reference value :  1.83825e-08
 Reference value :  1.84025e-08
 Reference value :  1.84225e-08
 Reference value :  1.84425e-08
 Reference value :  1.84625e-08
 Reference value :  1.84825e-08
 Reference value :  1.85025e-08
 Reference value :  1.85225e-08
 Reference value :  1.85375e-08
 Reference value :  1.85575e-08
 Reference value :  1.85775e-08
 Reference value :  1.85975e-08
 Reference value :  1.86175e-08
 Reference value :  1.86375e-08
 Reference value :  1.86575e-08
 Reference value :  1.86775e-08
 Reference value :  1.87025e-08
 Reference value :  1.87225e-08
 Reference value :  1.87425e-08
 Reference value :  1.87625e-08
 Reference value :  1.87775e-08
 Reference value :  1.87925e-08
 Reference value :  1.88175e-08
 Reference value :  2.04575e-08
 Reference value :  2.04825e-08
 Reference value :  2.05125e-08
 Reference value :  2.05325e-08
 Reference value :  2.14125e-08
 Reference value :  2.17725e-08
 Reference value :  2.17925e-08
 Reference value :  2.18125e-08
 Reference value :  2.18325e-08
 Reference value :  2.18525e-08
 Reference value :  2.18775e-08
 Reference value :  2.19025e-08
 Reference value :  2.19275e-08
 Reference value :  2.19475e-08
 Reference value :  2.19725e-08
 Reference value :  2.19925e-08
 Reference value :  2.20175e-08
 Reference value :  2.20375e-08
 Reference value :  2.21525e-08
 Reference value :  2.21775e-08
 Reference value :  2.21975e-08
 Reference value :  2.22225e-08
 Reference value :  2.22425e-08
 Reference value :  2.22675e-08
 Reference value :  2.22925e-08
 Reference value :  2.23125e-08
 Reference value :  2.23375e-08
 Reference value :  2.23625e-08
 Reference value :  2.23875e-08
 Reference value :  2.24125e-08
 Reference value :  2.24325e-08
 Reference value :  2.24625e-08
 Reference value :  2.24875e-08
 Reference value :  2.25075e-08
 Reference value :  2.25275e-08
 Reference value :  2.30925e-08
 Reference value :  2.31125e-08
 Reference value :  2.31425e-08
 Reference value :  2.34225e-08
 Reference value :  2.34475e-08
 Reference value :  2.34725e-08
 Reference value :  2.34975e-08
 Reference value :  2.35225e-08
 Reference value :  2.45225e-08
 Reference value :  2.45475e-08
 Reference value :  2.45675e-08
 Reference value :  2.45975e-08
 Reference value :  2.46225e-08
 Reference value :  2.47875e-08
 Reference value :  2.48075e-08
 Reference value :  2.48275e-08
 Reference value :  2.48475e-08
 Reference value :  2.48675e-08
 Reference value :  2.48875e-08
 Reference value :  2.49075e-08
 Reference value :  2.49275e-08
 Reference value :  2.49475e-08
 Reference value :  2.49675e-08
 Reference value :  2.49875e-08
 Reference value :  2.50075e-08
 Reference value :  2.50275e-08
 Reference value :  2.50475e-08
 Reference value :  2.50675e-08
 Reference value :  2.50875e-08
No. of Data Rows : 5034
Note: Simulation executed from .control section 
