
Note: Compatibility modes selected: hs a


Circuit: * comparator-decision offset-bisect decision-boundary probe -- vindiff=-0.219726mv corner=ss temp=-40.0c (issue #515)

option SCALE: Scale is set to 1e-06 for instance and model parameters
option SCALE: Scale is set to 1e-06 for instance and model parameters
option SCALE: Scale is set to 1e-06 for instance and model parameters
option SCALE: Scale is set to 1e-06 for instance and model parameters
Doing analysis at TEMP = -40.000000 and TNOM = 27.000000

Using KLU as Direct Linear Solver
 Reference value :  0.00000e+00
 Reference value :  2.00000e-13
 Reference value :  3.20000e-12
 Reference value :  2.14000e-11
 Reference value :  4.14000e-11
 Reference value :  6.14000e-11
 Reference value :  8.14000e-11
 Reference value :  1.01400e-10
 Reference value :  1.21400e-10
 Reference value :  1.41400e-10
 Reference value :  1.61400e-10
 Reference value :  1.86400e-10
 Reference value :  2.06400e-10
 Reference value :  2.26400e-10
 Reference value :  2.51400e-10
 Reference value :  2.71400e-10
 Reference value :  2.86400e-10
 Reference value :  3.01400e-10
 Reference value :  3.21400e-10
 Reference value :  3.41400e-10
 Reference value :  3.61400e-10
 Reference value :  3.81400e-10
 Reference value :  4.01400e-10
 Reference value :  4.21400e-10
 Reference value :  4.36400e-10
 Reference value :  4.56400e-10
 Reference value :  4.76400e-10
 Reference value :  4.96400e-10
 Reference value :  5.16400e-10
 Reference value :  5.36400e-10
 Reference value :  5.56400e-10
 Reference value :  5.76400e-10
 Reference value :  5.96400e-10
 Reference value :  6.16400e-10
 Reference value :  6.36400e-10
 Reference value :  6.51400e-10
 Reference value :  6.71400e-10
 Reference value :  6.96400e-10
 Reference value :  7.16400e-10
 Reference value :  7.36400e-10
 Reference value :  7.56400e-10
 Reference value :  7.76400e-10
 Reference value :  7.96400e-10
 Reference value :  8.11400e-10
 Reference value :  8.31400e-10
 Reference value :  8.51400e-10
 Reference value :  8.71400e-10
 Reference value :  8.91400e-10
 Reference value :  9.06400e-10
 Reference value :  9.26400e-10
 Reference value :  9.46400e-10
 Reference value :  9.66400e-10
 Reference value :  9.86400e-10
 Reference value :  1.00640e-09
 Reference value :  1.02640e-09
 Reference value :  1.04640e-09
 Reference value :  1.06640e-09
 Reference value :  1.08640e-09
 Reference value :  1.10640e-09
 Reference value :  1.12640e-09
 Reference value :  1.14640e-09
 Reference value :  1.16640e-09
 Reference value :  1.18140e-09
 Reference value :  1.20140e-09
 Reference value :  1.22140e-09
 Reference value :  1.24140e-09
 Reference value :  1.26140e-09
 Reference value :  1.28140e-09
 Reference value :  1.30140e-09
 Reference value :  1.32140e-09
 Reference value :  1.34140e-09
 Reference value :  1.36140e-09
 Reference value :  1.38640e-09
 Reference value :  1.40140e-09
 Reference value :  1.42140e-09
 Reference value :  1.44640e-09
 Reference value :  1.46640e-09
 Reference value :  1.48140e-09
 Reference value :  1.50140e-09
 Reference value :  1.52140e-09
 Reference value :  1.54140e-09
 Reference value :  1.56140e-09
 Reference value :  1.57640e-09
 Reference value :  1.59640e-09
 Reference value :  1.61140e-09
 Reference value :  1.63140e-09
 Reference value :  1.65140e-09
 Reference value :  1.67140e-09
 Reference value :  1.69140e-09
 Reference value :  1.70640e-09
 Reference value :  1.72640e-09
 Reference value :  1.74140e-09
 Reference value :  1.76140e-09
 Reference value :  1.78140e-09
 Reference value :  1.79640e-09
 Reference value :  1.81640e-09
 Reference value :  1.83640e-09
 Reference value :  1.85640e-09
 Reference value :  1.87640e-09
 Reference value :  1.89640e-09
 Reference value :  1.91640e-09
 Reference value :  1.93640e-09
 Reference value :  1.95140e-09
 Reference value :  1.97140e-09
 Reference value :  1.99140e-09
 Reference value :  2.01140e-09
 Reference value :  2.03140e-09
 Reference value :  2.05140e-09
 Reference value :  2.07140e-09
 Reference value :  2.09140e-09
 Reference value :  2.35140e-09
 Reference value :  2.37140e-09
 Reference value :  2.39140e-09
 Reference value :  2.67640e-09
 Reference value :  3.00140e-09
 Reference value :  3.02140e-09
 Reference value :  3.05640e-09
 Reference value :  3.08640e-09
 Reference value :  3.10640e-09
 Reference value :  3.12140e-09
 Reference value :  3.14140e-09
 Reference value :  3.58140e-09
 Reference value :  3.60140e-09
 Reference value :  3.63140e-09
 Reference value :  3.65640e-09
 Reference value :  3.67640e-09
 Reference value :  3.69140e-09
 Reference value :  3.71140e-09
 Reference value :  3.73140e-09
 Reference value :  3.75140e-09
 Reference value :  3.77140e-09
 Reference value :  3.78640e-09
 Reference value :  3.95140e-09
 Reference value :  3.97640e-09
 Reference value :  4.11640e-09
 Reference value :  4.13640e-09
 Reference value :  4.15640e-09
 Reference value :  4.17640e-09
 Reference value :  4.20140e-09
 Reference value :  4.22140e-09
 Reference value :  4.24640e-09
 Reference value :  4.27140e-09
 Reference value :  4.29640e-09
 Reference value :  4.31640e-09
 Reference value :  4.33640e-09
 Reference value :  4.36140e-09
 Reference value :  4.38140e-09
 Reference value :  4.39640e-09
 Reference value :  4.41640e-09
 Reference value :  4.43640e-09
 Reference value :  4.45640e-09
 Reference value :  4.47640e-09
 Reference value :  4.80140e-09
 Reference value :  4.82640e-09
 Reference value :  4.96640e-09
 Reference value :  4.99570e-09
 Reference value :  5.00350e-09
 Reference value :  5.02250e-09
 Reference value :  5.04250e-09
 Reference value :  5.06250e-09
 Reference value :  6.30750e-09
 Reference value :  6.85250e-09
 Reference value :  7.14750e-09
 Reference value :  7.17250e-09
 Reference value :  7.19750e-09
 Reference value :  7.21750e-09
 Reference value :  7.23750e-09
 Reference value :  7.25750e-09
 Reference value :  7.95250e-09
 Reference value :  8.10250e-09
 Reference value :  8.12250e-09
 Reference value :  8.45750e-09
 Reference value :  8.48250e-09
 Reference value :  8.50250e-09
 Reference value :  8.52250e-09
 Reference value :  8.54250e-09
 Reference value :  9.14750e-09
 Reference value :  9.96250e-09
 Reference value :  9.98250e-09
 Reference value :  1.07625e-08
 Reference value :  1.09475e-08
 Reference value :  1.09675e-08
 Reference value :  1.09875e-08
 Reference value :  1.10125e-08
 Reference value :  1.10375e-08
 Reference value :  1.10625e-08
 Reference value :  1.10875e-08
 Reference value :  1.11125e-08
 Reference value :  1.11325e-08
 Reference value :  1.11475e-08
 Reference value :  1.11675e-08
 Reference value :  1.11875e-08
 Reference value :  1.12125e-08
 Reference value :  1.12325e-08
 Reference value :  1.12525e-08
 Reference value :  1.12725e-08
 Reference value :  1.12925e-08
 Reference value :  1.13125e-08
 Reference value :  1.13325e-08
 Reference value :  1.13525e-08
 Reference value :  1.13725e-08
 Reference value :  1.13925e-08
 Reference value :  1.14125e-08
 Reference value :  1.14325e-08
 Reference value :  1.14525e-08
 Reference value :  1.14725e-08
 Reference value :  1.14925e-08
 Reference value :  1.15125e-08
 Reference value :  1.15325e-08
 Reference value :  1.15525e-08
 Reference value :  1.15725e-08
 Reference value :  1.15925e-08
 Reference value :  1.16125e-08
 Reference value :  1.16325e-08
 Reference value :  1.16525e-08
 Reference value :  1.16725e-08
 Reference value :  1.16925e-08
 Reference value :  1.17125e-08
 Reference value :  1.17375e-08
 Reference value :  1.17575e-08
 Reference value :  1.17775e-08
 Reference value :  1.17975e-08
 Reference value :  1.18175e-08
 Reference value :  1.18375e-08
 Reference value :  1.18525e-08
 Reference value :  1.18725e-08
 Reference value :  1.18925e-08
 Reference value :  1.19125e-08
 Reference value :  1.19275e-08
 Reference value :  1.19475e-08
 Reference value :  1.19675e-08
 Reference value :  1.19875e-08
 Reference value :  1.20075e-08
 Reference value :  1.20275e-08
 Reference value :  1.20475e-08
 Reference value :  1.20675e-08
 Reference value :  1.20875e-08
 Reference value :  1.21075e-08
 Reference value :  1.21275e-08
 Reference value :  1.21475e-08
 Reference value :  1.21675e-08
 Reference value :  1.21925e-08
 Reference value :  1.22125e-08
 Reference value :  1.22325e-08
 Reference value :  1.22525e-08
 Reference value :  1.22725e-08
 Reference value :  1.22925e-08
 Reference value :  1.23125e-08
 Reference value :  1.23325e-08
 Reference value :  1.23525e-08
 Reference value :  1.23725e-08
 Reference value :  1.23925e-08
 Reference value :  1.24125e-08
 Reference value :  1.24325e-08
 Reference value :  1.24525e-08
 Reference value :  1.24675e-08
 Reference value :  1.24875e-08
 Reference value :  1.25075e-08
 Reference value :  1.25275e-08
 Reference value :  1.25425e-08
 Reference value :  1.25575e-08
 Reference value :  1.25775e-08
 Reference value :  1.25975e-08
 Reference value :  1.26175e-08
 Reference value :  1.26375e-08
 Reference value :  1.26575e-08
 Reference value :  1.26725e-08
 Reference value :  1.26925e-08
 Reference value :  1.27125e-08
 Reference value :  1.27325e-08
 Reference value :  1.27525e-08
 Reference value :  1.27725e-08
 Reference value :  1.27925e-08
 Reference value :  1.28125e-08
 Reference value :  1.28325e-08
 Reference value :  1.28525e-08
 Reference value :  1.28725e-08
 Reference value :  1.28925e-08
 Reference value :  1.29125e-08
 Reference value :  1.29325e-08
 Reference value :  1.29525e-08
 Reference value :  1.29675e-08
 Reference value :  1.29875e-08
 Reference value :  1.30075e-08
 Reference value :  1.30275e-08
 Reference value :  1.30475e-08
 Reference value :  1.30675e-08
 Reference value :  1.30875e-08
 Reference value :  1.31075e-08
 Reference value :  1.31275e-08
 Reference value :  1.31525e-08
 Reference value :  1.31775e-08
 Reference value :  1.33325e-08
 Reference value :  1.33575e-08
 Reference value :  1.33775e-08
 Reference value :  1.33975e-08
 Reference value :  1.34225e-08
 Reference value :  1.38125e-08
 Reference value :  1.38375e-08
 Reference value :  1.38575e-08
 Reference value :  1.38775e-08
 Reference value :  1.39025e-08
 Reference value :  1.39275e-08
 Reference value :  1.39525e-08
 Reference value :  1.39725e-08
 Reference value :  1.40025e-08
 Reference value :  1.40225e-08
 Reference value :  1.40425e-08
 Reference value :  1.40675e-08
 Reference value :  1.40925e-08
 Reference value :  1.41225e-08
 Reference value :  1.41425e-08
 Reference value :  1.41625e-08
 Reference value :  1.41875e-08
 Reference value :  1.42075e-08
 Reference value :  1.42275e-08
 Reference value :  1.42525e-08
 Reference value :  1.42775e-08
 Reference value :  1.42975e-08
 Reference value :  1.43175e-08
 Reference value :  1.43375e-08
 Reference value :  1.43625e-08
 Reference value :  1.43875e-08
 Reference value :  1.44125e-08
 Reference value :  1.44325e-08
 Reference value :  1.44525e-08
 Reference value :  1.44675e-08
 Reference value :  1.44875e-08
 Reference value :  1.45025e-08
 Reference value :  1.45175e-08
 Reference value :  1.45375e-08
 Reference value :  1.45575e-08
 Reference value :  1.45775e-08
 Reference value :  1.45975e-08
 Reference value :  1.46175e-08
 Reference value :  1.46375e-08
 Reference value :  1.46575e-08
 Reference value :  1.46825e-08
 Reference value :  1.47075e-08
 Reference value :  1.47325e-08
 Reference value :  1.47575e-08
 Reference value :  1.47775e-08
 Reference value :  1.47975e-08
 Reference value :  1.48225e-08
 Reference value :  1.48375e-08
 Reference value :  1.48575e-08
 Reference value :  1.48775e-08
 Reference value :  1.48975e-08
 Reference value :  1.49225e-08
 Reference value :  1.49425e-08
 Reference value :  1.49625e-08
 Reference value :  1.49875e-08
 Reference value :  1.50025e-08
 Reference value :  1.50225e-08
 Reference value :  1.50425e-08
 Reference value :  1.50625e-08
 Reference value :  1.50775e-08
 Reference value :  1.50975e-08
 Reference value :  1.51175e-08
 Reference value :  1.51325e-08
 Reference value :  1.51525e-08
 Reference value :  1.51675e-08
 Reference value :  1.51875e-08
 Reference value :  1.52075e-08
 Reference value :  1.52225e-08
 Reference value :  1.52375e-08
 Reference value :  1.52575e-08
 Reference value :  1.52725e-08
 Reference value :  1.52925e-08
 Reference value :  1.53075e-08
 Reference value :  1.53225e-08
 Reference value :  1.53375e-08
 Reference value :  1.53525e-08
 Reference value :  1.53725e-08
 Reference value :  1.53875e-08
 Reference value :  1.54075e-08
 Reference value :  1.54225e-08
 Reference value :  1.54425e-08
 Reference value :  1.54625e-08
 Reference value :  1.54775e-08
 Reference value :  1.54975e-08
 Reference value :  1.55175e-08
 Reference value :  1.55375e-08
 Reference value :  1.55575e-08
 Reference value :  1.55725e-08
 Reference value :  1.55925e-08
 Reference value :  1.56075e-08
 Reference value :  1.56275e-08
 Reference value :  1.56425e-08
 Reference value :  1.56625e-08
 Reference value :  1.56825e-08
 Reference value :  1.57025e-08
 Reference value :  1.57225e-08
 Reference value :  1.57425e-08
 Reference value :  1.57675e-08
 Reference value :  1.57825e-08
 Reference value :  1.58075e-08
 Reference value :  1.58325e-08
 Reference value :  1.58575e-08
 Reference value :  1.58775e-08
 Reference value :  1.58975e-08
 Reference value :  1.59175e-08
 Reference value :  1.59425e-08
 Reference value :  1.59675e-08
 Reference value :  1.59875e-08
 Reference value :  1.60075e-08
 Reference value :  1.60275e-08
 Reference value :  1.60475e-08
 Reference value :  1.60725e-08
 Reference value :  1.60975e-08
 Reference value :  1.61175e-08
 Reference value :  1.61325e-08
 Reference value :  1.61575e-08
 Reference value :  1.61775e-08
 Reference value :  1.61925e-08
 Reference value :  1.62075e-08
 Reference value :  1.62225e-08
 Reference value :  1.62425e-08
 Reference value :  1.62625e-08
 Reference value :  1.62825e-08
 Reference value :  1.63025e-08
 Reference value :  1.63225e-08
 Reference value :  1.63425e-08
 Reference value :  1.63725e-08
 Reference value :  1.63925e-08
 Reference value :  1.64125e-08
 Reference value :  1.64275e-08
 Reference value :  1.64525e-08
 Reference value :  1.64725e-08
 Reference value :  1.64925e-08
 Reference value :  1.65175e-08
 Reference value :  1.65375e-08
 Reference value :  1.65575e-08
 Reference value :  1.65775e-08
 Reference value :  1.65975e-08
 Reference value :  1.66125e-08
 Reference value :  1.66325e-08
 Reference value :  1.66575e-08
 Reference value :  1.66725e-08
 Reference value :  1.66925e-08
 Reference value :  1.67125e-08
 Reference value :  1.67275e-08
 Reference value :  1.67475e-08
 Reference value :  1.67675e-08
 Reference value :  1.67925e-08
 Reference value :  1.68125e-08
 Reference value :  1.68325e-08
 Reference value :  1.68525e-08
 Reference value :  1.68725e-08
 Reference value :  1.68875e-08
 Reference value :  1.69025e-08
 Reference value :  1.69175e-08
 Reference value :  1.69375e-08
 Reference value :  1.69575e-08
 Reference value :  1.69775e-08
 Reference value :  1.69925e-08
 Reference value :  1.70075e-08
 Reference value :  1.70225e-08
 Reference value :  1.70425e-08
 Reference value :  1.70625e-08
 Reference value :  1.70825e-08
 Reference value :  1.71025e-08
 Reference value :  1.71275e-08
 Reference value :  1.71525e-08
 Reference value :  1.71775e-08
 Reference value :  1.72025e-08
 Reference value :  1.72275e-08
 Reference value :  1.72475e-08
 Reference value :  1.72725e-08
 Reference value :  1.72975e-08
 Reference value :  1.73175e-08
 Reference value :  1.73375e-08
 Reference value :  1.73575e-08
 Reference value :  1.73775e-08
 Reference value :  1.73925e-08
 Reference value :  1.74125e-08
 Reference value :  1.74325e-08
 Reference value :  1.74575e-08
 Reference value :  1.74775e-08
 Reference value :  1.74925e-08
 Reference value :  1.75175e-08
 Reference value :  1.75375e-08
 Reference value :  1.75625e-08
 Reference value :  1.75925e-08
 Reference value :  1.76125e-08
 Reference value :  1.76325e-08
 Reference value :  1.76525e-08
 Reference value :  1.76775e-08
 Reference value :  1.76975e-08
 Reference value :  1.77175e-08
 Reference value :  1.77375e-08
 Reference value :  1.77625e-08
 Reference value :  1.77825e-08
 Reference value :  1.78075e-08
 Reference value :  1.78325e-08
 Reference value :  1.78575e-08
 Reference value :  1.78775e-08
 Reference value :  1.78975e-08
 Reference value :  1.79175e-08
 Reference value :  1.79425e-08
 Reference value :  1.79675e-08
 Reference value :  1.79875e-08
 Reference value :  1.80075e-08
 Reference value :  1.80275e-08
 Reference value :  1.80475e-08
 Reference value :  1.80675e-08
 Reference value :  1.80875e-08
 Reference value :  1.81075e-08
 Reference value :  1.81275e-08
 Reference value :  1.81525e-08
 Reference value :  1.81675e-08
 Reference value :  1.81875e-08
 Reference value :  1.82075e-08
 Reference value :  1.82325e-08
 Reference value :  1.82525e-08
 Reference value :  1.82725e-08
 Reference value :  1.82925e-08
 Reference value :  1.83125e-08
 Reference value :  1.83325e-08
 Reference value :  1.83525e-08
 Reference value :  1.83725e-08
 Reference value :  1.83925e-08
 Reference value :  1.84175e-08
 Reference value :  1.84325e-08
 Reference value :  1.84525e-08
 Reference value :  1.84675e-08
 Reference value :  1.84875e-08
 Reference value :  1.85025e-08
 Reference value :  1.85225e-08
 Reference value :  1.85425e-08
 Reference value :  1.85675e-08
 Reference value :  1.85825e-08
 Reference value :  1.86025e-08
 Reference value :  1.86225e-08
 Reference value :  1.86425e-08
 Reference value :  1.86625e-08
 Reference value :  1.86825e-08
 Reference value :  1.86975e-08
 Reference value :  1.87125e-08
 Reference value :  1.87325e-08
 Reference value :  1.87525e-08
 Reference value :  1.87725e-08
 Reference value :  1.87925e-08
 Reference value :  1.88175e-08
 Reference value :  1.88375e-08
 Reference value :  1.88575e-08
 Reference value :  1.88775e-08
 Reference value :  1.89025e-08
 Reference value :  1.89275e-08
 Reference value :  1.89475e-08
 Reference value :  1.89675e-08
 Reference value :  1.89875e-08
 Reference value :  1.90075e-08
 Reference value :  1.90275e-08
 Reference value :  1.90475e-08
 Reference value :  1.90675e-08
 Reference value :  1.90875e-08
 Reference value :  1.91075e-08
 Reference value :  1.91275e-08
 Reference value :  1.91525e-08
 Reference value :  1.91725e-08
 Reference value :  1.91925e-08
 Reference value :  1.92175e-08
 Reference value :  1.92425e-08
 Reference value :  1.92625e-08
 Reference value :  1.92875e-08
 Reference value :  1.93075e-08
 Reference value :  1.93275e-08
 Reference value :  1.93475e-08
 Reference value :  1.93675e-08
 Reference value :  1.93875e-08
 Reference value :  1.94075e-08
 Reference value :  1.94325e-08
 Reference value :  1.94575e-08
 Reference value :  1.94825e-08
 Reference value :  1.95075e-08
 Reference value :  1.95275e-08
 Reference value :  1.95475e-08
 Reference value :  1.95675e-08
 Reference value :  1.95875e-08
 Reference value :  1.96125e-08
 Reference value :  1.96325e-08
 Reference value :  1.96525e-08
 Reference value :  1.96675e-08
 Reference value :  1.96875e-08
 Reference value :  1.97125e-08
 Reference value :  1.97375e-08
 Reference value :  1.97625e-08
 Reference value :  1.97825e-08
 Reference value :  1.98025e-08
 Reference value :  1.98225e-08
 Reference value :  1.98425e-08
 Reference value :  1.98625e-08
 Reference value :  1.98825e-08
 Reference value :  1.99025e-08
 Reference value :  1.99275e-08
 Reference value :  1.99525e-08
 Reference value :  1.99725e-08
 Reference value :  1.99875e-08
 Reference value :  2.00075e-08
 Reference value :  2.00225e-08
 Reference value :  2.00425e-08
 Reference value :  2.00625e-08
 Reference value :  2.00825e-08
 Reference value :  2.00975e-08
 Reference value :  2.01125e-08
 Reference value :  2.01375e-08
 Reference value :  2.01575e-08
 Reference value :  2.01775e-08
 Reference value :  2.01975e-08
 Reference value :  2.02175e-08
 Reference value :  2.02375e-08
 Reference value :  2.02575e-08
 Reference value :  2.02825e-08
 Reference value :  2.03075e-08
 Reference value :  2.03275e-08
 Reference value :  2.03575e-08
 Reference value :  2.03875e-08
 Reference value :  2.04075e-08
 Reference value :  2.04275e-08
 Reference value :  2.04475e-08
 Reference value :  2.04675e-08
 Reference value :  2.04875e-08
 Reference value :  2.05125e-08
 Reference value :  2.05275e-08
 Reference value :  2.05525e-08
 Reference value :  2.05725e-08
 Reference value :  2.05875e-08
 Reference value :  2.06475e-08
 Reference value :  2.06625e-08
 Reference value :  2.06875e-08
 Reference value :  2.07125e-08
 Reference value :  2.07375e-08
 Reference value :  2.07575e-08
 Reference value :  2.07775e-08
 Reference value :  2.07925e-08
 Reference value :  2.08075e-08
 Reference value :  2.08275e-08
 Reference value :  2.08475e-08
 Reference value :  2.08675e-08
 Reference value :  2.08875e-08
 Reference value :  2.09075e-08
 Reference value :  2.09275e-08
 Reference value :  2.09475e-08
 Reference value :  2.09675e-08
 Reference value :  2.09925e-08
 Reference value :  2.10125e-08
 Reference value :  2.10325e-08
 Reference value :  2.10525e-08
 Reference value :  2.10725e-08
 Reference value :  2.10925e-08
 Reference value :  2.11075e-08
 Reference value :  2.11225e-08
 Reference value :  2.11475e-08
 Reference value :  2.11675e-08
 Reference value :  2.11875e-08
 Reference value :  2.12025e-08
 Reference value :  2.12175e-08
 Reference value :  2.12325e-08
 Reference value :  2.12525e-08
 Reference value :  2.12725e-08
 Reference value :  2.12925e-08
 Reference value :  2.13175e-08
 Reference value :  2.13325e-08
 Reference value :  2.13525e-08
 Reference value :  2.13675e-08
 Reference value :  2.13875e-08
 Reference value :  2.14075e-08
 Reference value :  2.14275e-08
 Reference value :  2.14425e-08
 Reference value :  2.14575e-08
 Reference value :  2.14725e-08
 Reference value :  2.14875e-08
 Reference value :  2.15075e-08
 Reference value :  2.15275e-08
 Reference value :  2.15425e-08
 Reference value :  2.15625e-08
 Reference value :  2.15775e-08
 Reference value :  2.15925e-08
 Reference value :  2.16075e-08
 Reference value :  2.16325e-08
 Reference value :  2.16525e-08
 Reference value :  2.16675e-08
 Reference value :  2.16875e-08
 Reference value :  2.17025e-08
 Reference value :  2.17225e-08
 Reference value :  2.17425e-08
 Reference value :  2.17625e-08
 Reference value :  2.17825e-08
 Reference value :  2.18075e-08
 Reference value :  2.18275e-08
 Reference value :  2.18475e-08
 Reference value :  2.18625e-08
 Reference value :  2.18825e-08
 Reference value :  2.18975e-08
 Reference value :  2.19175e-08
 Reference value :  2.19325e-08
 Reference value :  2.19475e-08
 Reference value :  2.19825e-08
 Reference value :  2.20025e-08
 Reference value :  2.20225e-08
 Reference value :  2.20425e-08
 Reference value :  2.20625e-08
 Reference value :  2.20775e-08
 Reference value :  2.20975e-08
 Reference value :  2.21125e-08
 Reference value :  2.21325e-08
 Reference value :  2.21475e-08
 Reference value :  2.21675e-08
 Reference value :  2.21925e-08
 Reference value :  2.22075e-08
 Reference value :  2.22275e-08
 Reference value :  2.22475e-08
 Reference value :  2.22625e-08
 Reference value :  2.22775e-08
 Reference value :  2.22925e-08
 Reference value :  2.23125e-08
 Reference value :  2.23375e-08
 Reference value :  2.23525e-08
 Reference value :  2.23675e-08
 Reference value :  2.23825e-08
 Reference value :  2.24025e-08
 Reference value :  2.24175e-08
 Reference value :  2.24425e-08
 Reference value :  2.24625e-08
 Reference value :  2.24775e-08
 Reference value :  2.24925e-08
 Reference value :  2.25175e-08
 Reference value :  2.25375e-08
 Reference value :  2.25575e-08
 Reference value :  2.25775e-08
 Reference value :  2.25975e-08
 Reference value :  2.26125e-08
 Reference value :  2.26325e-08
 Reference value :  2.26525e-08
 Reference value :  2.26725e-08
 Reference value :  2.26925e-08
 Reference value :  2.27175e-08
 Reference value :  2.27375e-08
 Reference value :  2.27575e-08
 Reference value :  2.27775e-08
 Reference value :  2.27925e-08
 Reference value :  2.28125e-08
 Reference value :  2.28325e-08
 Reference value :  2.28525e-08
 Reference value :  2.28725e-08
 Reference value :  2.28975e-08
 Reference value :  2.29175e-08
 Reference value :  2.29375e-08
 Reference value :  2.29525e-08
 Reference value :  2.29725e-08
 Reference value :  2.29925e-08
 Reference value :  2.30125e-08
 Reference value :  2.30325e-08
 Reference value :  2.30525e-08
 Reference value :  2.30725e-08
 Reference value :  2.30875e-08
 Reference value :  2.31075e-08
 Reference value :  2.31325e-08
 Reference value :  2.31525e-08
 Reference value :  2.31725e-08
 Reference value :  2.31875e-08
 Reference value :  2.32025e-08
 Reference value :  2.32275e-08
 Reference value :  2.32525e-08
 Reference value :  2.32775e-08
 Reference value :  2.32975e-08
 Reference value :  2.33175e-08
 Reference value :  2.33425e-08
 Reference value :  2.33575e-08
 Reference value :  2.33775e-08
 Reference value :  2.33975e-08
 Reference value :  2.34175e-08
 Reference value :  2.34325e-08
 Reference value :  2.34525e-08
 Reference value :  2.34725e-08
 Reference value :  2.34925e-08
 Reference value :  2.35125e-08
 Reference value :  2.35325e-08
 Reference value :  2.35475e-08
 Reference value :  2.35625e-08
 Reference value :  2.35825e-08
 Reference value :  2.36025e-08
 Reference value :  2.36175e-08
 Reference value :  2.36325e-08
 Reference value :  2.36525e-08
 Reference value :  2.36725e-08
 Reference value :  2.36925e-08
 Reference value :  2.37075e-08
 Reference value :  2.37225e-08
 Reference value :  2.37375e-08
 Reference value :  2.37575e-08
 Reference value :  2.37725e-08
 Reference value :  2.37875e-08
 Reference value :  2.38075e-08
 Reference value :  2.38225e-08
 Reference value :  2.38425e-08
 Reference value :  2.38625e-08
 Reference value :  2.38825e-08
 Reference value :  2.38975e-08
 Reference value :  2.39175e-08
 Reference value :  2.39375e-08
 Reference value :  2.39525e-08
 Reference value :  2.39725e-08
 Reference value :  2.39875e-08
 Reference value :  2.40025e-08
 Reference value :  2.40175e-08
 Reference value :  2.40375e-08
 Reference value :  2.40525e-08
 Reference value :  2.40725e-08
 Reference value :  2.40925e-08
 Reference value :  2.41125e-08
 Reference value :  2.41275e-08
 Reference value :  2.41425e-08
 Reference value :  2.41575e-08
 Reference value :  2.41725e-08
 Reference value :  2.41925e-08
 Reference value :  2.42125e-08
 Reference value :  2.42325e-08
 Reference value :  2.42525e-08
 Reference value :  2.42675e-08
 Reference value :  2.42875e-08
 Reference value :  2.43025e-08
 Reference value :  2.43175e-08
 Reference value :  2.43375e-08
 Reference value :  2.43525e-08
 Reference value :  2.43675e-08
 Reference value :  2.43825e-08
 Reference value :  2.43975e-08
 Reference value :  2.44175e-08
 Reference value :  2.44325e-08
 Reference value :  2.44475e-08
 Reference value :  2.44625e-08
 Reference value :  2.44775e-08
 Reference value :  2.44975e-08
 Reference value :  2.45125e-08
 Reference value :  2.45275e-08
 Reference value :  2.45425e-08
 Reference value :  2.45575e-08
 Reference value :  2.45725e-08
 Reference value :  2.45875e-08
 Reference value :  2.46075e-08
 Reference value :  2.46275e-08
 Reference value :  2.46425e-08
 Reference value :  2.46625e-08
 Reference value :  2.46825e-08
 Reference value :  2.46975e-08
 Reference value :  2.47175e-08
 Reference value :  2.47375e-08
 Reference value :  2.47575e-08
 Reference value :  2.47775e-08
 Reference value :  2.47925e-08
 Reference value :  2.48075e-08
 Reference value :  2.48275e-08
 Reference value :  2.48425e-08
 Reference value :  2.48575e-08
 Reference value :  2.48725e-08
 Reference value :  2.48875e-08
 Reference value :  2.49075e-08
 Reference value :  2.49275e-08
 Reference value :  2.49475e-08
 Reference value :  2.49675e-08
 Reference value :  2.49825e-08
 Reference value :  2.49975e-08
 Reference value :  2.50125e-08
 Reference value :  2.50325e-08
 Reference value :  2.50475e-08
 Reference value :  2.50625e-08
 Reference value :  2.50825e-08
 Reference value :  2.50962e-08
No. of Data Rows : 5034
Note: Simulation executed from .control section 
