
Note: Compatibility modes selected: hs a


Circuit: * comparator-decision offset-bisect decision-boundary probe -- vindiff=50.0mv corner=tt temp=27.0c (issue #515)

option SCALE: Scale is set to 1e-06 for instance and model parameters
option SCALE: Scale is set to 1e-06 for instance and model parameters
option SCALE: Scale is set to 1e-06 for instance and model parameters
option SCALE: Scale is set to 1e-06 for instance and model parameters
Doing analysis at TEMP = 27.000000 and TNOM = 27.000000

Using KLU as Direct Linear Solver
 Reference value :  0.00000e+00
 Reference value :  1.00640e-09
 Reference value :  3.24640e-09
 Reference value :  3.28140e-09
 Reference value :  3.70140e-09
 Reference value :  5.54250e-09
 Reference value :  7.38250e-09
 Reference value :  7.77750e-09
 Reference value :  7.80250e-09
 Reference value :  7.97250e-09
 Reference value :  7.98750e-09
 Reference value :  8.00250e-09
 Reference value :  9.27250e-09
 Reference value :  1.00925e-08
 Reference value :  1.01075e-08
 Reference value :  1.01225e-08
 Reference value :  1.01375e-08
 Reference value :  1.01575e-08
 Reference value :  1.02575e-08
 Reference value :  1.04575e-08
 Reference value :  1.11625e-08
 Reference value :  1.13775e-08
 Reference value :  1.18725e-08
 Reference value :  1.24075e-08
 Reference value :  1.35225e-08
 Reference value :  1.58975e-08
 Reference value :  1.59125e-08
 Reference value :  1.59275e-08
 Reference value :  1.71425e-08
 Reference value :  2.06825e-08
 Reference value :  2.41625e-08
No. of Data Rows : 5034
Note: Simulation executed from .control section 
