
Note: Compatibility modes selected: hs a


Circuit: * comparator-decision offset-bisect decision-boundary probe -- vindiff=-50.0mv corner=tt temp=27.0c (issue #515)

option SCALE: Scale is set to 1e-06 for instance and model parameters
option SCALE: Scale is set to 1e-06 for instance and model parameters
option SCALE: Scale is set to 1e-06 for instance and model parameters
option SCALE: Scale is set to 1e-06 for instance and model parameters
Doing analysis at TEMP = 27.000000 and TNOM = 27.000000

Using KLU as Direct Linear Solver
 Reference value :  0.00000e+00
 Reference value :  4.00000e-13
 Reference value :  3.20000e-12
 Reference value :  2.14000e-11
 Reference value :  4.14000e-11
 Reference value :  5.64000e-11
 Reference value :  7.64000e-11
 Reference value :  9.14000e-11
 Reference value :  1.11400e-10
 Reference value :  1.31400e-10
 Reference value :  1.51400e-10
 Reference value :  1.71400e-10
 Reference value :  1.91400e-10
 Reference value :  2.11400e-10
 Reference value :  2.31400e-10
 Reference value :  2.61400e-10
 Reference value :  2.81400e-10
 Reference value :  3.01400e-10
 Reference value :  3.16400e-10
 Reference value :  3.41400e-10
 Reference value :  3.66400e-10
 Reference value :  3.86400e-10
 Reference value :  4.06400e-10
 Reference value :  4.21400e-10
 Reference value :  4.41400e-10
 Reference value :  4.61400e-10
 Reference value :  4.81400e-10
 Reference value :  5.01400e-10
 Reference value :  5.16400e-10
 Reference value :  5.36400e-10
 Reference value :  5.56400e-10
 Reference value :  5.76400e-10
 Reference value :  5.91400e-10
 Reference value :  6.16400e-10
 Reference value :  6.36400e-10
 Reference value :  6.56400e-10
 Reference value :  6.76400e-10
 Reference value :  7.06400e-10
 Reference value :  7.26400e-10
 Reference value :  7.46400e-10
 Reference value :  7.66400e-10
 Reference value :  7.91400e-10
 Reference value :  8.06400e-10
 Reference value :  8.26400e-10
 Reference value :  8.46400e-10
 Reference value :  8.66400e-10
 Reference value :  8.86400e-10
 Reference value :  9.06400e-10
 Reference value :  9.26400e-10
 Reference value :  9.46400e-10
 Reference value :  9.71400e-10
 Reference value :  9.91400e-10
 Reference value :  1.00640e-09
 Reference value :  1.02640e-09
 Reference value :  1.04140e-09
 Reference value :  1.06140e-09
 Reference value :  1.08140e-09
 Reference value :  1.10140e-09
 Reference value :  1.11640e-09
 Reference value :  1.13640e-09
 Reference value :  1.15140e-09
 Reference value :  1.17140e-09
 Reference value :  1.19140e-09
 Reference value :  1.21140e-09
 Reference value :  1.23140e-09
 Reference value :  1.25140e-09
 Reference value :  1.26640e-09
 Reference value :  1.28640e-09
 Reference value :  1.30640e-09
 Reference value :  1.32640e-09
 Reference value :  1.34640e-09
 Reference value :  1.36140e-09
 Reference value :  1.38140e-09
 Reference value :  1.40140e-09
 Reference value :  1.42140e-09
 Reference value :  1.44640e-09
 Reference value :  1.46640e-09
 Reference value :  1.48140e-09
 Reference value :  1.50140e-09
 Reference value :  1.52140e-09
 Reference value :  1.54140e-09
 Reference value :  1.55640e-09
 Reference value :  1.58640e-09
 Reference value :  1.60640e-09
 Reference value :  1.62640e-09
 Reference value :  1.65140e-09
 Reference value :  1.67140e-09
 Reference value :  1.69140e-09
 Reference value :  1.71640e-09
 Reference value :  1.73640e-09
 Reference value :  1.75640e-09
 Reference value :  1.77640e-09
 Reference value :  1.80140e-09
 Reference value :  1.82140e-09
 Reference value :  1.84140e-09
 Reference value :  1.86140e-09
 Reference value :  1.88640e-09
 Reference value :  1.90640e-09
 Reference value :  1.93640e-09
 Reference value :  1.95140e-09
 Reference value :  1.97140e-09
 Reference value :  1.98640e-09
 Reference value :  2.00140e-09
 Reference value :  2.02640e-09
 Reference value :  2.05140e-09
 Reference value :  2.07140e-09
 Reference value :  2.09140e-09
 Reference value :  2.11140e-09
 Reference value :  2.13140e-09
 Reference value :  2.15140e-09
 Reference value :  2.16640e-09
 Reference value :  2.18640e-09
 Reference value :  2.20640e-09
 Reference value :  2.22640e-09
 Reference value :  2.24640e-09
 Reference value :  2.27140e-09
 Reference value :  2.29140e-09
 Reference value :  2.31640e-09
 Reference value :  2.34140e-09
 Reference value :  2.35640e-09
 Reference value :  2.37640e-09
 Reference value :  2.39640e-09
 Reference value :  2.41640e-09
 Reference value :  2.43640e-09
 Reference value :  2.45640e-09
 Reference value :  2.47140e-09
 Reference value :  2.50140e-09
 Reference value :  2.52140e-09
 Reference value :  2.54140e-09
 Reference value :  2.56140e-09
 Reference value :  2.58140e-09
 Reference value :  2.60140e-09
 Reference value :  2.62640e-09
 Reference value :  2.64640e-09
 Reference value :  2.67640e-09
 Reference value :  2.70140e-09
 Reference value :  2.72140e-09
 Reference value :  2.74140e-09
 Reference value :  2.76640e-09
 Reference value :  2.79140e-09
 Reference value :  2.81140e-09
 Reference value :  2.83640e-09
 Reference value :  2.86640e-09
 Reference value :  2.88640e-09
 Reference value :  2.90140e-09
 Reference value :  2.92140e-09
 Reference value :  2.93640e-09
 Reference value :  2.95640e-09
 Reference value :  2.97640e-09
 Reference value :  3.00640e-09
 Reference value :  3.03140e-09
 Reference value :  3.04640e-09
 Reference value :  3.06640e-09
 Reference value :  3.08640e-09
 Reference value :  3.10640e-09
 Reference value :  3.12140e-09
 Reference value :  3.14640e-09
 Reference value :  3.16640e-09
 Reference value :  3.18640e-09
 Reference value :  3.20140e-09
 Reference value :  3.22140e-09
 Reference value :  3.24640e-09
 Reference value :  3.26140e-09
 Reference value :  3.28640e-09
 Reference value :  3.30640e-09
 Reference value :  3.32640e-09
 Reference value :  3.35140e-09
 Reference value :  3.37140e-09
 Reference value :  3.39640e-09
 Reference value :  3.41640e-09
 Reference value :  3.44140e-09
 Reference value :  3.46140e-09
 Reference value :  3.48640e-09
 Reference value :  3.51140e-09
 Reference value :  3.53640e-09
 Reference value :  3.56140e-09
 Reference value :  3.58140e-09
 Reference value :  3.60140e-09
 Reference value :  3.62140e-09
 Reference value :  3.64640e-09
 Reference value :  3.66140e-09
 Reference value :  3.68140e-09
 Reference value :  3.70640e-09
 Reference value :  3.72640e-09
 Reference value :  3.74640e-09
 Reference value :  3.76140e-09
 Reference value :  3.77640e-09
 Reference value :  3.79640e-09
 Reference value :  3.82140e-09
 Reference value :  3.84140e-09
 Reference value :  3.86640e-09
 Reference value :  3.88640e-09
 Reference value :  3.90640e-09
 Reference value :  3.92640e-09
 Reference value :  3.95140e-09
 Reference value :  3.97640e-09
 Reference value :  3.99640e-09
 Reference value :  4.01140e-09
 Reference value :  4.03140e-09
 Reference value :  4.05140e-09
 Reference value :  4.07140e-09
 Reference value :  4.09640e-09
 Reference value :  4.11140e-09
 Reference value :  4.12640e-09
 Reference value :  4.14640e-09
 Reference value :  4.17640e-09
 Reference value :  4.19640e-09
 Reference value :  4.21640e-09
 Reference value :  4.23640e-09
 Reference value :  4.26140e-09
 Reference value :  4.28640e-09
 Reference value :  4.30640e-09
 Reference value :  4.32140e-09
 Reference value :  4.33640e-09
 Reference value :  4.35640e-09
 Reference value :  4.37640e-09
 Reference value :  4.39140e-09
 Reference value :  4.41640e-09
 Reference value :  4.43640e-09
 Reference value :  4.45640e-09
 Reference value :  4.47640e-09
 Reference value :  4.49640e-09
 Reference value :  4.51640e-09
 Reference value :  4.53640e-09
 Reference value :  4.55640e-09
 Reference value :  4.57640e-09
 Reference value :  4.59640e-09
 Reference value :  4.61140e-09
 Reference value :  4.63140e-09
 Reference value :  4.65140e-09
 Reference value :  4.67640e-09
 Reference value :  4.70140e-09
 Reference value :  4.72140e-09
 Reference value :  4.74140e-09
 Reference value :  4.76640e-09
 Reference value :  4.78640e-09
 Reference value :  4.80140e-09
 Reference value :  4.81640e-09
 Reference value :  4.84140e-09
 Reference value :  4.85640e-09
 Reference value :  4.87640e-09
 Reference value :  4.89140e-09
 Reference value :  4.91140e-09
 Reference value :  4.93140e-09
 Reference value :  4.95140e-09
 Reference value :  4.97640e-09
 Reference value :  4.99570e-09
 Reference value :  5.00150e-09
 Reference value :  5.01750e-09
 Reference value :  5.04250e-09
 Reference value :  5.05750e-09
 Reference value :  5.06750e-09
 Reference value :  5.08250e-09
 Reference value :  5.09625e-09
 Reference value :  5.10150e-09
 Reference value :  5.10750e-09
 Reference value :  5.12750e-09
 Reference value :  5.14250e-09
 Reference value :  5.15750e-09
 Reference value :  5.19250e-09
 Reference value :  5.20750e-09
 Reference value :  5.22750e-09
 Reference value :  5.24250e-09
 Reference value :  5.26250e-09
 Reference value :  5.27750e-09
 Reference value :  5.29750e-09
 Reference value :  5.32250e-09
 Reference value :  5.34250e-09
 Reference value :  5.36250e-09
 Reference value :  5.38250e-09
 Reference value :  5.40250e-09
 Reference value :  5.42750e-09
 Reference value :  5.44250e-09
 Reference value :  5.46250e-09
 Reference value :  5.48250e-09
 Reference value :  5.50250e-09
 Reference value :  5.52250e-09
 Reference value :  5.53750e-09
 Reference value :  5.55750e-09
 Reference value :  5.57750e-09
 Reference value :  5.59250e-09
 Reference value :  5.61250e-09
 Reference value :  5.63250e-09
 Reference value :  5.64750e-09
 Reference value :  5.67250e-09
 Reference value :  5.69750e-09
 Reference value :  5.71250e-09
 Reference value :  5.73250e-09
 Reference value :  5.74750e-09
 Reference value :  5.76750e-09
 Reference value :  5.78250e-09
 Reference value :  5.79750e-09
 Reference value :  5.81750e-09
 Reference value :  5.83750e-09
 Reference value :  5.85250e-09
 Reference value :  5.86750e-09
 Reference value :  5.88250e-09
 Reference value :  5.89750e-09
 Reference value :  5.91750e-09
 Reference value :  5.93750e-09
 Reference value :  5.95750e-09
 Reference value :  5.97250e-09
 Reference value :  5.99250e-09
 Reference value :  6.02750e-09
 Reference value :  6.04750e-09
 Reference value :  6.10250e-09
 Reference value :  6.12750e-09
 Reference value :  6.14750e-09
 Reference value :  6.16250e-09
 Reference value :  6.18750e-09
 Reference value :  6.20750e-09
 Reference value :  6.22750e-09
 Reference value :  6.25250e-09
 Reference value :  6.27250e-09
 Reference value :  6.29250e-09
 Reference value :  6.30750e-09
 Reference value :  6.32750e-09
 Reference value :  6.34750e-09
 Reference value :  6.36750e-09
 Reference value :  6.39250e-09
 Reference value :  6.41250e-09
 Reference value :  6.42750e-09
 Reference value :  6.44750e-09
 Reference value :  6.46750e-09
 Reference value :  6.48750e-09
 Reference value :  6.50250e-09
 Reference value :  6.52750e-09
 Reference value :  6.54750e-09
 Reference value :  6.56750e-09
 Reference value :  6.58750e-09
 Reference value :  6.60750e-09
 Reference value :  6.62750e-09
 Reference value :  6.64750e-09
 Reference value :  6.66750e-09
 Reference value :  6.68750e-09
 Reference value :  6.70750e-09
 Reference value :  6.73250e-09
 Reference value :  6.75250e-09
 Reference value :  6.77750e-09
 Reference value :  6.79750e-09
 Reference value :  6.81750e-09
 Reference value :  6.83750e-09
 Reference value :  6.86750e-09
 Reference value :  6.88750e-09
 Reference value :  6.91750e-09
 Reference value :  6.93250e-09
 Reference value :  6.95250e-09
 Reference value :  6.97750e-09
 Reference value :  6.99750e-09
 Reference value :  7.02750e-09
 Reference value :  7.04750e-09
 Reference value :  7.07250e-09
 Reference value :  7.09250e-09
 Reference value :  7.11750e-09
 Reference value :  7.13750e-09
 Reference value :  7.15750e-09
 Reference value :  7.18250e-09
 Reference value :  7.20250e-09
 Reference value :  7.22250e-09
 Reference value :  7.24750e-09
 Reference value :  7.26750e-09
 Reference value :  7.28750e-09
 Reference value :  7.31250e-09
 Reference value :  7.33250e-09
 Reference value :  7.35250e-09
 Reference value :  7.37250e-09
 Reference value :  7.39250e-09
 Reference value :  7.40750e-09
 Reference value :  7.42750e-09
 Reference value :  7.44750e-09
 Reference value :  7.46750e-09
 Reference value :  7.48750e-09
 Reference value :  7.50750e-09
 Reference value :  7.52750e-09
 Reference value :  7.54750e-09
 Reference value :  7.56750e-09
 Reference value :  7.58250e-09
 Reference value :  7.60750e-09
 Reference value :  7.62750e-09
 Reference value :  7.64750e-09
 Reference value :  7.67750e-09
 Reference value :  7.69750e-09
 Reference value :  7.71750e-09
 Reference value :  7.74250e-09
 Reference value :  7.77250e-09
 Reference value :  7.79250e-09
 Reference value :  7.81250e-09
 Reference value :  7.83750e-09
 Reference value :  7.85250e-09
 Reference value :  7.87250e-09
 Reference value :  7.89250e-09
 Reference value :  7.91250e-09
 Reference value :  7.93250e-09
 Reference value :  7.95250e-09
 Reference value :  7.97250e-09
 Reference value :  7.99750e-09
 Reference value :  8.02250e-09
 Reference value :  8.04750e-09
 Reference value :  8.07750e-09
 Reference value :  8.10250e-09
 Reference value :  8.12250e-09
 Reference value :  8.14750e-09
 Reference value :  8.16750e-09
 Reference value :  8.18750e-09
 Reference value :  8.20750e-09
 Reference value :  8.22250e-09
 Reference value :  8.24250e-09
 Reference value :  8.25750e-09
 Reference value :  8.27250e-09
 Reference value :  8.29250e-09
 Reference value :  8.31250e-09
 Reference value :  8.33250e-09
 Reference value :  8.35250e-09
 Reference value :  8.37750e-09
 Reference value :  8.39750e-09
 Reference value :  8.42250e-09
 Reference value :  8.44250e-09
 Reference value :  8.45750e-09
 Reference value :  8.47750e-09
 Reference value :  8.49750e-09
 Reference value :  8.51750e-09
 Reference value :  8.53750e-09
 Reference value :  8.55750e-09
 Reference value :  8.57250e-09
 Reference value :  8.59250e-09
 Reference value :  8.61750e-09
 Reference value :  8.63750e-09
 Reference value :  8.65750e-09
 Reference value :  8.67750e-09
 Reference value :  8.69750e-09
 Reference value :  8.71750e-09
 Reference value :  8.73750e-09
 Reference value :  8.75750e-09
 Reference value :  8.77750e-09
 Reference value :  8.79750e-09
 Reference value :  8.81750e-09
 Reference value :  8.83750e-09
 Reference value :  8.85750e-09
 Reference value :  8.87750e-09
 Reference value :  8.90250e-09
 Reference value :  8.92250e-09
 Reference value :  8.94750e-09
 Reference value :  8.96250e-09
 Reference value :  8.98250e-09
 Reference value :  9.00250e-09
 Reference value :  9.02250e-09
 Reference value :  9.04250e-09
 Reference value :  9.05750e-09
 Reference value :  9.07750e-09
 Reference value :  9.10250e-09
 Reference value :  9.11750e-09
 Reference value :  9.13750e-09
 Reference value :  9.15750e-09
 Reference value :  9.18250e-09
 Reference value :  9.20750e-09
 Reference value :  9.22750e-09
 Reference value :  9.24250e-09
 Reference value :  9.26250e-09
 Reference value :  9.28750e-09
 Reference value :  9.30750e-09
 Reference value :  9.33250e-09
 Reference value :  9.35250e-09
 Reference value :  9.37250e-09
 Reference value :  9.38750e-09
 Reference value :  9.40750e-09
 Reference value :  9.42750e-09
 Reference value :  9.44250e-09
 Reference value :  9.46250e-09
 Reference value :  9.48750e-09
 Reference value :  9.50750e-09
 Reference value :  9.52750e-09
 Reference value :  9.55250e-09
 Reference value :  9.57250e-09
 Reference value :  9.58750e-09
 Reference value :  9.61250e-09
 Reference value :  9.63750e-09
 Reference value :  9.65750e-09
 Reference value :  9.67750e-09
 Reference value :  9.69750e-09
 Reference value :  9.72250e-09
 Reference value :  9.74750e-09
 Reference value :  9.77250e-09
 Reference value :  9.79750e-09
 Reference value :  9.82250e-09
 Reference value :  9.84750e-09
 Reference value :  9.86750e-09
 Reference value :  9.88750e-09
 Reference value :  9.90750e-09
 Reference value :  9.93250e-09
 Reference value :  9.95750e-09
 Reference value :  9.98250e-09
 Reference value :  1.00025e-08
 Reference value :  1.00275e-08
 Reference value :  1.00475e-08
 Reference value :  1.00675e-08
 Reference value :  1.00875e-08
 Reference value :  1.01125e-08
 Reference value :  1.01325e-08
 Reference value :  1.01525e-08
 Reference value :  1.01675e-08
 Reference value :  1.01875e-08
 Reference value :  1.02075e-08
 Reference value :  1.02275e-08
 Reference value :  1.02475e-08
 Reference value :  1.02725e-08
 Reference value :  1.02925e-08
 Reference value :  1.03125e-08
 Reference value :  1.03375e-08
 Reference value :  1.03575e-08
 Reference value :  1.03825e-08
 Reference value :  1.04025e-08
 Reference value :  1.04175e-08
 Reference value :  1.04375e-08
 Reference value :  1.04575e-08
 Reference value :  1.04775e-08
 Reference value :  1.04925e-08
 Reference value :  1.05075e-08
 Reference value :  1.05275e-08
 Reference value :  1.05475e-08
 Reference value :  1.05675e-08
 Reference value :  1.05875e-08
 Reference value :  1.06025e-08
 Reference value :  1.06225e-08
 Reference value :  1.06375e-08
 Reference value :  1.06575e-08
 Reference value :  1.06725e-08
 Reference value :  1.06875e-08
 Reference value :  1.07075e-08
 Reference value :  1.07225e-08
 Reference value :  1.07375e-08
 Reference value :  1.07525e-08
 Reference value :  1.07725e-08
 Reference value :  1.07875e-08
 Reference value :  1.08075e-08
 Reference value :  1.08225e-08
 Reference value :  1.08375e-08
 Reference value :  1.08575e-08
 Reference value :  1.08775e-08
 Reference value :  1.08925e-08
 Reference value :  1.09075e-08
 Reference value :  1.09225e-08
 Reference value :  1.09425e-08
 Reference value :  1.09575e-08
 Reference value :  1.09775e-08
 Reference value :  1.09925e-08
 Reference value :  1.10075e-08
 Reference value :  1.10275e-08
 Reference value :  1.10425e-08
 Reference value :  1.10575e-08
 Reference value :  1.10775e-08
 Reference value :  1.10925e-08
 Reference value :  1.11075e-08
 Reference value :  1.11275e-08
 Reference value :  1.11425e-08
 Reference value :  1.11625e-08
 Reference value :  1.11825e-08
 Reference value :  1.12025e-08
 Reference value :  1.12175e-08
 Reference value :  1.12325e-08
 Reference value :  1.12475e-08
 Reference value :  1.12675e-08
 Reference value :  1.12875e-08
 Reference value :  1.13025e-08
 Reference value :  1.13225e-08
 Reference value :  1.13375e-08
 Reference value :  1.13525e-08
 Reference value :  1.13725e-08
 Reference value :  1.13925e-08
 Reference value :  1.14075e-08
 Reference value :  1.14275e-08
 Reference value :  1.14425e-08
 Reference value :  1.14575e-08
 Reference value :  1.14825e-08
 Reference value :  1.14975e-08
 Reference value :  1.15125e-08
 Reference value :  1.15325e-08
 Reference value :  1.19675e-08
 Reference value :  1.19875e-08
 Reference value :  1.20025e-08
 Reference value :  1.20225e-08
 Reference value :  1.20425e-08
 Reference value :  1.20625e-08
 Reference value :  1.20775e-08
 Reference value :  1.20925e-08
 Reference value :  1.21075e-08
 Reference value :  1.21275e-08
 Reference value :  1.21425e-08
 Reference value :  1.21575e-08
 Reference value :  1.21725e-08
 Reference value :  1.21925e-08
 Reference value :  1.22075e-08
 Reference value :  1.22225e-08
 Reference value :  1.22375e-08
 Reference value :  1.22525e-08
 Reference value :  1.22675e-08
 Reference value :  1.22825e-08
 Reference value :  1.22975e-08
 Reference value :  1.23125e-08
 Reference value :  1.23275e-08
 Reference value :  1.23425e-08
 Reference value :  1.23575e-08
 Reference value :  1.23725e-08
 Reference value :  1.23875e-08
 Reference value :  1.24025e-08
 Reference value :  1.24225e-08
 Reference value :  1.24425e-08
 Reference value :  1.24575e-08
 Reference value :  1.24725e-08
 Reference value :  1.24875e-08
 Reference value :  1.25025e-08
 Reference value :  1.25225e-08
 Reference value :  1.25425e-08
 Reference value :  1.25575e-08
 Reference value :  1.25725e-08
 Reference value :  1.25875e-08
 Reference value :  1.26025e-08
 Reference value :  1.26175e-08
 Reference value :  1.26375e-08
 Reference value :  1.26525e-08
 Reference value :  1.26675e-08
 Reference value :  1.26825e-08
 Reference value :  1.27025e-08
 Reference value :  1.27175e-08
 Reference value :  1.27325e-08
 Reference value :  1.27475e-08
 Reference value :  1.27625e-08
 Reference value :  1.27775e-08
 Reference value :  1.27975e-08
 Reference value :  1.28175e-08
 Reference value :  1.28325e-08
 Reference value :  1.28525e-08
 Reference value :  1.28675e-08
 Reference value :  1.28825e-08
 Reference value :  1.28975e-08
 Reference value :  1.29125e-08
 Reference value :  1.29275e-08
 Reference value :  1.29475e-08
 Reference value :  1.29625e-08
 Reference value :  1.29775e-08
 Reference value :  1.29975e-08
 Reference value :  1.30125e-08
 Reference value :  1.30275e-08
 Reference value :  1.30425e-08
 Reference value :  1.30625e-08
 Reference value :  1.30775e-08
 Reference value :  1.30925e-08
 Reference value :  1.31075e-08
 Reference value :  1.31275e-08
 Reference value :  1.31425e-08
 Reference value :  1.31575e-08
 Reference value :  1.31775e-08
 Reference value :  1.31925e-08
 Reference value :  1.32075e-08
 Reference value :  1.32225e-08
 Reference value :  1.32425e-08
 Reference value :  1.32575e-08
 Reference value :  1.32725e-08
 Reference value :  1.32875e-08
 Reference value :  1.33025e-08
 Reference value :  1.33175e-08
 Reference value :  1.33325e-08
 Reference value :  1.33525e-08
 Reference value :  1.33675e-08
 Reference value :  1.33875e-08
 Reference value :  1.34025e-08
 Reference value :  1.34175e-08
 Reference value :  1.34325e-08
 Reference value :  1.34525e-08
 Reference value :  1.34675e-08
 Reference value :  1.34825e-08
 Reference value :  1.34975e-08
 Reference value :  1.35125e-08
 Reference value :  1.35275e-08
 Reference value :  1.35425e-08
 Reference value :  1.35575e-08
 Reference value :  1.35725e-08
 Reference value :  1.35875e-08
 Reference value :  1.36025e-08
 Reference value :  1.36175e-08
 Reference value :  1.36375e-08
 Reference value :  1.36525e-08
 Reference value :  1.36675e-08
 Reference value :  1.36825e-08
 Reference value :  1.37025e-08
 Reference value :  1.37175e-08
 Reference value :  1.37325e-08
 Reference value :  1.37475e-08
 Reference value :  1.37625e-08
 Reference value :  1.37775e-08
 Reference value :  1.37925e-08
 Reference value :  1.38075e-08
 Reference value :  1.38225e-08
 Reference value :  1.38375e-08
 Reference value :  1.38575e-08
 Reference value :  1.38725e-08
 Reference value :  1.38875e-08
 Reference value :  1.39025e-08
 Reference value :  1.39175e-08
 Reference value :  1.39325e-08
 Reference value :  1.39475e-08
 Reference value :  1.39625e-08
 Reference value :  1.39775e-08
 Reference value :  1.39925e-08
 Reference value :  1.40075e-08
 Reference value :  1.40275e-08
 Reference value :  1.40425e-08
 Reference value :  1.40625e-08
 Reference value :  1.40775e-08
 Reference value :  1.40925e-08
 Reference value :  1.41075e-08
 Reference value :  1.41225e-08
 Reference value :  1.41375e-08
 Reference value :  1.41525e-08
 Reference value :  1.41675e-08
 Reference value :  1.41825e-08
 Reference value :  1.41975e-08
 Reference value :  1.42125e-08
 Reference value :  1.42275e-08
 Reference value :  1.42425e-08
 Reference value :  1.42625e-08
 Reference value :  1.42775e-08
 Reference value :  1.42925e-08
 Reference value :  1.43075e-08
 Reference value :  1.43225e-08
 Reference value :  1.43375e-08
 Reference value :  1.43525e-08
 Reference value :  1.43675e-08
 Reference value :  1.43825e-08
 Reference value :  1.43975e-08
 Reference value :  1.44125e-08
 Reference value :  1.44275e-08
 Reference value :  1.44425e-08
 Reference value :  1.44575e-08
 Reference value :  1.44725e-08
 Reference value :  1.44925e-08
 Reference value :  1.45075e-08
 Reference value :  1.45225e-08
 Reference value :  1.45425e-08
 Reference value :  1.45625e-08
 Reference value :  1.45825e-08
 Reference value :  1.45975e-08
 Reference value :  1.46125e-08
 Reference value :  1.46275e-08
 Reference value :  1.46425e-08
 Reference value :  1.46625e-08
 Reference value :  1.46775e-08
 Reference value :  1.46925e-08
 Reference value :  1.47075e-08
 Reference value :  1.47225e-08
 Reference value :  1.47375e-08
 Reference value :  1.47525e-08
 Reference value :  1.47675e-08
 Reference value :  1.47825e-08
 Reference value :  1.48025e-08
 Reference value :  1.48175e-08
 Reference value :  1.48325e-08
 Reference value :  1.48475e-08
 Reference value :  1.48625e-08
 Reference value :  1.48775e-08
 Reference value :  1.48925e-08
 Reference value :  1.49075e-08
 Reference value :  1.49225e-08
 Reference value :  1.49375e-08
 Reference value :  1.49525e-08
 Reference value :  1.49675e-08
 Reference value :  1.49825e-08
 Reference value :  1.49975e-08
 Reference value :  1.50175e-08
 Reference value :  1.50325e-08
 Reference value :  1.50475e-08
 Reference value :  1.50675e-08
 Reference value :  1.50875e-08
 Reference value :  1.51075e-08
 Reference value :  1.51275e-08
 Reference value :  1.51425e-08
 Reference value :  1.51575e-08
 Reference value :  1.51725e-08
 Reference value :  1.51875e-08
 Reference value :  1.52025e-08
 Reference value :  1.52225e-08
 Reference value :  1.52375e-08
 Reference value :  1.52525e-08
 Reference value :  1.52725e-08
 Reference value :  1.52875e-08
 Reference value :  1.53025e-08
 Reference value :  1.53225e-08
 Reference value :  1.53375e-08
 Reference value :  1.53575e-08
 Reference value :  1.53775e-08
 Reference value :  1.53925e-08
 Reference value :  1.54125e-08
 Reference value :  1.54275e-08
 Reference value :  1.54475e-08
 Reference value :  1.54625e-08
 Reference value :  1.54775e-08
 Reference value :  1.54975e-08
 Reference value :  1.55175e-08
 Reference value :  1.55325e-08
 Reference value :  1.55525e-08
 Reference value :  1.55725e-08
 Reference value :  1.55925e-08
 Reference value :  1.56125e-08
 Reference value :  1.56275e-08
 Reference value :  1.56425e-08
 Reference value :  1.56575e-08
 Reference value :  1.56725e-08
 Reference value :  1.56875e-08
 Reference value :  1.57025e-08
 Reference value :  1.57175e-08
 Reference value :  1.57325e-08
 Reference value :  1.57475e-08
 Reference value :  1.57625e-08
 Reference value :  1.57775e-08
 Reference value :  1.57925e-08
 Reference value :  1.58075e-08
 Reference value :  1.58225e-08
 Reference value :  1.58425e-08
 Reference value :  1.58625e-08
 Reference value :  1.58775e-08
 Reference value :  1.58925e-08
 Reference value :  1.59075e-08
 Reference value :  1.59225e-08
 Reference value :  1.59425e-08
 Reference value :  1.59625e-08
 Reference value :  1.59775e-08
 Reference value :  1.59975e-08
 Reference value :  1.60125e-08
 Reference value :  1.60325e-08
 Reference value :  1.60525e-08
 Reference value :  1.60675e-08
 Reference value :  1.60825e-08
 Reference value :  1.60975e-08
 Reference value :  1.61125e-08
 Reference value :  1.61275e-08
 Reference value :  1.61425e-08
 Reference value :  1.61625e-08
 Reference value :  1.61775e-08
 Reference value :  1.61925e-08
 Reference value :  1.62075e-08
 Reference value :  1.62225e-08
 Reference value :  1.62425e-08
 Reference value :  1.62575e-08
 Reference value :  1.62725e-08
 Reference value :  1.62875e-08
 Reference value :  1.63075e-08
 Reference value :  1.63275e-08
 Reference value :  1.63425e-08
 Reference value :  1.63625e-08
 Reference value :  1.63825e-08
 Reference value :  1.63975e-08
 Reference value :  1.64125e-08
 Reference value :  1.64275e-08
 Reference value :  1.64425e-08
 Reference value :  1.64625e-08
 Reference value :  1.64825e-08
 Reference value :  1.65025e-08
 Reference value :  1.65175e-08
 Reference value :  1.65325e-08
 Reference value :  1.65475e-08
 Reference value :  1.65625e-08
 Reference value :  1.65775e-08
 Reference value :  1.65975e-08
 Reference value :  1.66175e-08
 Reference value :  1.66325e-08
 Reference value :  1.66475e-08
 Reference value :  1.66625e-08
 Reference value :  1.66775e-08
 Reference value :  1.66975e-08
 Reference value :  1.67125e-08
 Reference value :  1.67325e-08
 Reference value :  1.67475e-08
 Reference value :  1.67675e-08
 Reference value :  1.67875e-08
 Reference value :  1.68025e-08
 Reference value :  1.68175e-08
 Reference value :  1.68325e-08
 Reference value :  1.68525e-08
 Reference value :  1.68725e-08
 Reference value :  1.68875e-08
 Reference value :  1.69075e-08
 Reference value :  1.69275e-08
 Reference value :  1.69425e-08
 Reference value :  1.69575e-08
 Reference value :  1.69775e-08
 Reference value :  1.69975e-08
 Reference value :  1.70125e-08
 Reference value :  1.70275e-08
 Reference value :  1.70425e-08
 Reference value :  1.70575e-08
 Reference value :  1.70725e-08
 Reference value :  1.70875e-08
 Reference value :  1.71025e-08
 Reference value :  1.71225e-08
 Reference value :  1.71375e-08
 Reference value :  1.71575e-08
 Reference value :  1.71775e-08
 Reference value :  1.71975e-08
 Reference value :  1.72175e-08
 Reference value :  1.72325e-08
 Reference value :  1.72475e-08
 Reference value :  1.72625e-08
 Reference value :  1.72825e-08
 Reference value :  1.73025e-08
 Reference value :  1.73175e-08
 Reference value :  1.73325e-08
 Reference value :  1.73475e-08
 Reference value :  1.73675e-08
 Reference value :  1.73875e-08
 Reference value :  1.74075e-08
 Reference value :  1.74225e-08
 Reference value :  1.75775e-08
 Reference value :  1.75975e-08
 Reference value :  1.76125e-08
 Reference value :  1.76275e-08
 Reference value :  1.76475e-08
 Reference value :  1.76675e-08
 Reference value :  1.76825e-08
 Reference value :  1.76975e-08
 Reference value :  1.77175e-08
 Reference value :  1.77325e-08
 Reference value :  1.77475e-08
 Reference value :  1.77625e-08
 Reference value :  1.77775e-08
 Reference value :  1.77925e-08
 Reference value :  1.78125e-08
 Reference value :  1.78275e-08
 Reference value :  1.78425e-08
 Reference value :  1.78625e-08
 Reference value :  1.78825e-08
 Reference value :  1.78975e-08
 Reference value :  1.79125e-08
 Reference value :  1.79275e-08
 Reference value :  1.79425e-08
 Reference value :  1.79625e-08
 Reference value :  1.79825e-08
 Reference value :  1.79975e-08
 Reference value :  1.80125e-08
 Reference value :  1.80275e-08
 Reference value :  1.80475e-08
 Reference value :  1.80675e-08
 Reference value :  1.80875e-08
 Reference value :  1.81075e-08
 Reference value :  1.81225e-08
 Reference value :  1.81425e-08
 Reference value :  1.81575e-08
 Reference value :  1.81775e-08
 Reference value :  1.81975e-08
 Reference value :  1.82125e-08
 Reference value :  1.82275e-08
 Reference value :  1.82425e-08
 Reference value :  1.82625e-08
 Reference value :  1.82775e-08
 Reference value :  1.82925e-08
 Reference value :  1.83125e-08
 Reference value :  1.83275e-08
 Reference value :  1.83425e-08
 Reference value :  1.83625e-08
 Reference value :  1.83825e-08
 Reference value :  1.84025e-08
 Reference value :  1.84175e-08
 Reference value :  1.84325e-08
 Reference value :  1.84475e-08
 Reference value :  1.84625e-08
 Reference value :  1.84775e-08
 Reference value :  1.84925e-08
 Reference value :  1.85075e-08
 Reference value :  1.85225e-08
 Reference value :  1.85375e-08
 Reference value :  1.85525e-08
 Reference value :  1.85725e-08
 Reference value :  1.85875e-08
 Reference value :  1.86025e-08
 Reference value :  1.86175e-08
 Reference value :  1.86375e-08
 Reference value :  1.86525e-08
 Reference value :  1.86725e-08
 Reference value :  1.86875e-08
 Reference value :  1.87075e-08
 Reference value :  1.87225e-08
 Reference value :  1.87375e-08
 Reference value :  1.87525e-08
 Reference value :  1.87675e-08
 Reference value :  1.87825e-08
 Reference value :  1.87975e-08
 Reference value :  1.89875e-08
 Reference value :  1.90075e-08
 Reference value :  1.90275e-08
 Reference value :  1.90475e-08
 Reference value :  1.93825e-08
 Reference value :  1.94125e-08
 Reference value :  1.94275e-08
 Reference value :  1.94425e-08
 Reference value :  1.94625e-08
 Reference value :  1.94775e-08
 Reference value :  1.94975e-08
 Reference value :  1.95175e-08
 Reference value :  1.95325e-08
 Reference value :  1.95525e-08
 Reference value :  1.95675e-08
 Reference value :  1.95875e-08
 Reference value :  1.96025e-08
 Reference value :  1.96175e-08
 Reference value :  1.96325e-08
 Reference value :  1.96475e-08
 Reference value :  1.96625e-08
 Reference value :  1.96825e-08
 Reference value :  1.96975e-08
 Reference value :  1.97175e-08
 Reference value :  1.97325e-08
 Reference value :  1.97475e-08
 Reference value :  1.97625e-08
 Reference value :  1.97775e-08
 Reference value :  1.97925e-08
 Reference value :  1.98075e-08
 Reference value :  1.98225e-08
 Reference value :  1.98375e-08
 Reference value :  1.98525e-08
 Reference value :  1.98675e-08
 Reference value :  1.98825e-08
 Reference value :  1.98975e-08
 Reference value :  1.99175e-08
 Reference value :  1.99325e-08
 Reference value :  1.99475e-08
 Reference value :  1.99625e-08
 Reference value :  1.99825e-08
 Reference value :  1.99975e-08
 Reference value :  2.00175e-08
 Reference value :  2.00325e-08
 Reference value :  2.00475e-08
 Reference value :  2.00625e-08
 Reference value :  2.00825e-08
 Reference value :  2.01025e-08
 Reference value :  2.01175e-08
 Reference value :  2.01325e-08
 Reference value :  2.01525e-08
 Reference value :  2.01725e-08
 Reference value :  2.01875e-08
 Reference value :  2.02025e-08
 Reference value :  2.02175e-08
 Reference value :  2.02325e-08
 Reference value :  2.02475e-08
 Reference value :  2.02675e-08
 Reference value :  2.02825e-08
 Reference value :  2.02975e-08
 Reference value :  2.03125e-08
 Reference value :  2.03325e-08
 Reference value :  2.03525e-08
 Reference value :  2.03725e-08
 Reference value :  2.03925e-08
 Reference value :  2.04125e-08
 Reference value :  2.04275e-08
 Reference value :  2.04425e-08
 Reference value :  2.04575e-08
 Reference value :  2.04725e-08
 Reference value :  2.04875e-08
 Reference value :  2.05025e-08
 Reference value :  2.05225e-08
 Reference value :  2.05375e-08
 Reference value :  2.05525e-08
 Reference value :  2.05675e-08
 Reference value :  2.05875e-08
 Reference value :  2.06025e-08
 Reference value :  2.06225e-08
 Reference value :  2.06375e-08
 Reference value :  2.06525e-08
 Reference value :  2.06675e-08
 Reference value :  2.06825e-08
 Reference value :  2.06975e-08
 Reference value :  2.07175e-08
 Reference value :  2.07325e-08
 Reference value :  2.07525e-08
 Reference value :  2.07725e-08
 Reference value :  2.07925e-08
 Reference value :  2.08075e-08
 Reference value :  2.08225e-08
 Reference value :  2.08375e-08
 Reference value :  2.08525e-08
 Reference value :  2.08725e-08
 Reference value :  2.08875e-08
 Reference value :  2.09075e-08
 Reference value :  2.09225e-08
 Reference value :  2.09425e-08
 Reference value :  2.09575e-08
 Reference value :  2.09725e-08
 Reference value :  2.09875e-08
 Reference value :  2.10075e-08
 Reference value :  2.10225e-08
 Reference value :  2.10375e-08
 Reference value :  2.10525e-08
 Reference value :  2.10675e-08
 Reference value :  2.10875e-08
 Reference value :  2.11075e-08
 Reference value :  2.11275e-08
 Reference value :  2.11475e-08
 Reference value :  2.11675e-08
 Reference value :  2.11825e-08
 Reference value :  2.12025e-08
 Reference value :  2.12175e-08
 Reference value :  2.12325e-08
 Reference value :  2.12525e-08
 Reference value :  2.12725e-08
 Reference value :  2.12925e-08
 Reference value :  2.13125e-08
 Reference value :  2.13375e-08
 Reference value :  2.13625e-08
 Reference value :  2.13825e-08
 Reference value :  2.13975e-08
 Reference value :  2.14175e-08
 Reference value :  2.14325e-08
 Reference value :  2.14525e-08
 Reference value :  2.14725e-08
 Reference value :  2.14925e-08
 Reference value :  2.15175e-08
 Reference value :  2.15375e-08
 Reference value :  2.15525e-08
 Reference value :  2.15725e-08
 Reference value :  2.15925e-08
 Reference value :  2.16075e-08
 Reference value :  2.16225e-08
 Reference value :  2.16425e-08
 Reference value :  2.16625e-08
 Reference value :  2.16825e-08
 Reference value :  2.17025e-08
 Reference value :  2.17225e-08
 Reference value :  2.17375e-08
 Reference value :  2.17525e-08
 Reference value :  2.17675e-08
 Reference value :  2.17875e-08
 Reference value :  2.18075e-08
 Reference value :  2.18275e-08
 Reference value :  2.18475e-08
 Reference value :  2.18625e-08
 Reference value :  2.18825e-08
 Reference value :  2.19125e-08
 Reference value :  2.19275e-08
 Reference value :  2.19425e-08
 Reference value :  2.19625e-08
 Reference value :  2.19775e-08
 Reference value :  2.19925e-08
 Reference value :  2.20075e-08
 Reference value :  2.20225e-08
 Reference value :  2.20425e-08
 Reference value :  2.20575e-08
 Reference value :  2.20775e-08
 Reference value :  2.20975e-08
 Reference value :  2.21175e-08
 Reference value :  2.21375e-08
 Reference value :  2.21575e-08
 Reference value :  2.21775e-08
 Reference value :  2.21975e-08
 Reference value :  2.22125e-08
 Reference value :  2.22275e-08
 Reference value :  2.22425e-08
 Reference value :  2.22625e-08
 Reference value :  2.22825e-08
 Reference value :  2.22975e-08
 Reference value :  2.23125e-08
 Reference value :  2.23275e-08
 Reference value :  2.23475e-08
 Reference value :  2.23675e-08
 Reference value :  2.23875e-08
 Reference value :  2.24025e-08
 Reference value :  2.24175e-08
 Reference value :  2.24375e-08
 Reference value :  2.24575e-08
 Reference value :  2.24725e-08
 Reference value :  2.24925e-08
 Reference value :  2.25125e-08
 Reference value :  2.25275e-08
 Reference value :  2.25475e-08
 Reference value :  2.25625e-08
 Reference value :  2.25775e-08
 Reference value :  2.25975e-08
 Reference value :  2.26175e-08
 Reference value :  2.26325e-08
 Reference value :  2.26475e-08
 Reference value :  2.26675e-08
 Reference value :  2.26825e-08
 Reference value :  2.27025e-08
 Reference value :  2.27225e-08
 Reference value :  2.27425e-08
 Reference value :  2.27625e-08
 Reference value :  2.27875e-08
 Reference value :  2.28075e-08
 Reference value :  2.28275e-08
 Reference value :  2.28425e-08
 Reference value :  2.28625e-08
 Reference value :  2.28825e-08
 Reference value :  2.29025e-08
 Reference value :  2.29175e-08
 Reference value :  2.29325e-08
 Reference value :  2.29525e-08
 Reference value :  2.29725e-08
 Reference value :  2.29925e-08
 Reference value :  2.30125e-08
 Reference value :  2.30275e-08
 Reference value :  2.30425e-08
 Reference value :  2.30625e-08
 Reference value :  2.30825e-08
 Reference value :  2.30975e-08
 Reference value :  2.31175e-08
 Reference value :  2.31375e-08
 Reference value :  2.31575e-08
 Reference value :  2.31775e-08
 Reference value :  2.31925e-08
 Reference value :  2.32075e-08
 Reference value :  2.32225e-08
 Reference value :  2.32425e-08
 Reference value :  2.32625e-08
 Reference value :  2.32825e-08
 Reference value :  2.33025e-08
 Reference value :  2.33225e-08
 Reference value :  2.33375e-08
 Reference value :  2.33575e-08
 Reference value :  2.33775e-08
 Reference value :  2.33925e-08
 Reference value :  2.34125e-08
 Reference value :  2.34325e-08
 Reference value :  2.34475e-08
 Reference value :  2.34675e-08
 Reference value :  2.34875e-08
 Reference value :  2.35175e-08
 Reference value :  2.35425e-08
 Reference value :  2.35625e-08
 Reference value :  2.35825e-08
 Reference value :  2.36025e-08
 Reference value :  2.36225e-08
 Reference value :  2.36425e-08
 Reference value :  2.36625e-08
 Reference value :  2.37025e-08
 Reference value :  2.37225e-08
 Reference value :  2.37425e-08
 Reference value :  2.37625e-08
 Reference value :  2.37825e-08
 Reference value :  2.38025e-08
 Reference value :  2.38225e-08
 Reference value :  2.38375e-08
 Reference value :  2.38575e-08
 Reference value :  2.38775e-08
 Reference value :  2.38925e-08
 Reference value :  2.39125e-08
 Reference value :  2.39325e-08
 Reference value :  2.39525e-08
 Reference value :  2.39725e-08
 Reference value :  2.39925e-08
 Reference value :  2.40075e-08
 Reference value :  2.40275e-08
 Reference value :  2.40475e-08
 Reference value :  2.40675e-08
 Reference value :  2.40875e-08
 Reference value :  2.41075e-08
 Reference value :  2.41275e-08
 Reference value :  2.41425e-08
 Reference value :  2.41625e-08
 Reference value :  2.41775e-08
 Reference value :  2.41925e-08
 Reference value :  2.42125e-08
 Reference value :  2.42325e-08
 Reference value :  2.42475e-08
 Reference value :  2.42675e-08
 Reference value :  2.42875e-08
 Reference value :  2.43075e-08
 Reference value :  2.43275e-08
 Reference value :  2.44625e-08
 Reference value :  2.44825e-08
 Reference value :  2.45025e-08
 Reference value :  2.45175e-08
 Reference value :  2.45375e-08
 Reference value :  2.45575e-08
 Reference value :  2.45775e-08
 Reference value :  2.45975e-08
 Reference value :  2.46175e-08
 Reference value :  2.46375e-08
 Reference value :  2.46575e-08
 Reference value :  2.46825e-08
 Reference value :  2.47175e-08
 Reference value :  2.47375e-08
 Reference value :  2.47575e-08
 Reference value :  2.47725e-08
 Reference value :  2.47975e-08
 Reference value :  2.48175e-08
 Reference value :  2.48375e-08
 Reference value :  2.48575e-08
 Reference value :  2.48775e-08
 Reference value :  2.48925e-08
 Reference value :  2.49125e-08
 Reference value :  2.49275e-08
 Reference value :  2.49475e-08
 Reference value :  2.49675e-08
 Reference value :  2.49875e-08
 Reference value :  2.50075e-08
 Reference value :  2.50275e-08
 Reference value :  2.50425e-08
 Reference value :  2.50625e-08
 Reference value :  2.50825e-08
 Reference value :  2.50962e-08
No. of Data Rows : 5034
Note: Simulation executed from .control section 
