
Note: Compatibility modes selected: hs a


Circuit: * comparator-decision offset-bisect decision-boundary probe -- vindiff=-0.439453mv corner=tt temp=27.0c (issue #515)

option SCALE: Scale is set to 1e-06 for instance and model parameters
option SCALE: Scale is set to 1e-06 for instance and model parameters
option SCALE: Scale is set to 1e-06 for instance and model parameters
option SCALE: Scale is set to 1e-06 for instance and model parameters
Doing analysis at TEMP = 27.000000 and TNOM = 27.000000

Using KLU as Direct Linear Solver
 Reference value :  0.00000e+00
 Reference value :  2.76400e-10
 Reference value :  2.96400e-10
 Reference value :  3.16400e-10
 Reference value :  3.36400e-10
 Reference value :  3.56400e-10
 Reference value :  3.76400e-10
 Reference value :  3.96400e-10
 Reference value :  4.16400e-10
 Reference value :  4.36400e-10
 Reference value :  4.56400e-10
 Reference value :  4.76400e-10
 Reference value :  4.96400e-10
 Reference value :  5.16400e-10
 Reference value :  5.36400e-10
 Reference value :  5.56400e-10
 Reference value :  5.76400e-10
 Reference value :  5.91400e-10
 Reference value :  6.06400e-10
 Reference value :  6.26400e-10
 Reference value :  6.46400e-10
 Reference value :  6.66400e-10
 Reference value :  6.86400e-10
 Reference value :  7.01400e-10
 Reference value :  7.21400e-10
 Reference value :  7.41400e-10
 Reference value :  7.61400e-10
 Reference value :  7.81400e-10
 Reference value :  8.01400e-10
 Reference value :  8.21400e-10
 Reference value :  8.41400e-10
 Reference value :  8.61400e-10
 Reference value :  8.81400e-10
 Reference value :  8.96400e-10
 Reference value :  9.16400e-10
 Reference value :  9.31400e-10
 Reference value :  9.46400e-10
 Reference value :  9.66400e-10
 Reference value :  9.86400e-10
 Reference value :  1.00640e-09
 Reference value :  1.02640e-09
 Reference value :  1.04640e-09
 Reference value :  1.06640e-09
 Reference value :  1.08640e-09
 Reference value :  1.10640e-09
 Reference value :  1.12140e-09
 Reference value :  1.13640e-09
 Reference value :  1.15640e-09
 Reference value :  1.17640e-09
 Reference value :  1.19640e-09
 Reference value :  1.21140e-09
 Reference value :  1.23140e-09
 Reference value :  1.25140e-09
 Reference value :  1.27140e-09
 Reference value :  1.28640e-09
 Reference value :  1.30640e-09
 Reference value :  1.32640e-09
 Reference value :  1.34640e-09
 Reference value :  1.36640e-09
 Reference value :  1.38140e-09
 Reference value :  1.40140e-09
 Reference value :  1.42140e-09
 Reference value :  1.43640e-09
 Reference value :  1.45640e-09
 Reference value :  1.47140e-09
 Reference value :  1.49140e-09
 Reference value :  1.51140e-09
 Reference value :  1.53140e-09
 Reference value :  1.55140e-09
 Reference value :  1.57140e-09
 Reference value :  1.59140e-09
 Reference value :  1.61140e-09
 Reference value :  1.62640e-09
 Reference value :  1.64640e-09
 Reference value :  1.66640e-09
 Reference value :  1.68640e-09
 Reference value :  1.70640e-09
 Reference value :  1.73140e-09
 Reference value :  1.75140e-09
 Reference value :  1.77140e-09
 Reference value :  1.79140e-09
 Reference value :  1.81140e-09
 Reference value :  1.83140e-09
 Reference value :  1.84640e-09
 Reference value :  1.86640e-09
 Reference value :  1.88640e-09
 Reference value :  1.90140e-09
 Reference value :  1.92140e-09
 Reference value :  1.94140e-09
 Reference value :  1.96140e-09
 Reference value :  1.98140e-09
 Reference value :  2.00140e-09
 Reference value :  2.02140e-09
 Reference value :  2.04140e-09
 Reference value :  2.06140e-09
 Reference value :  2.08140e-09
 Reference value :  2.10140e-09
 Reference value :  2.12140e-09
 Reference value :  2.14140e-09
 Reference value :  2.16140e-09
 Reference value :  2.18140e-09
 Reference value :  2.20140e-09
 Reference value :  2.22140e-09
 Reference value :  2.24140e-09
 Reference value :  2.26140e-09
 Reference value :  2.28140e-09
 Reference value :  2.30140e-09
 Reference value :  2.32140e-09
 Reference value :  2.34140e-09
 Reference value :  2.36140e-09
 Reference value :  2.38140e-09
 Reference value :  2.40140e-09
 Reference value :  2.42140e-09
 Reference value :  2.44140e-09
 Reference value :  2.46140e-09
 Reference value :  2.48140e-09
 Reference value :  2.50140e-09
 Reference value :  2.52140e-09
 Reference value :  2.54140e-09
 Reference value :  2.56140e-09
 Reference value :  2.58140e-09
 Reference value :  2.60140e-09
 Reference value :  2.62140e-09
 Reference value :  2.64140e-09
 Reference value :  2.66140e-09
 Reference value :  2.68140e-09
 Reference value :  2.70140e-09
 Reference value :  2.72140e-09
 Reference value :  2.74140e-09
 Reference value :  2.76140e-09
 Reference value :  2.78140e-09
 Reference value :  2.80140e-09
 Reference value :  2.82640e-09
 Reference value :  2.84640e-09
 Reference value :  2.86640e-09
 Reference value :  2.88640e-09
 Reference value :  2.90640e-09
 Reference value :  2.92640e-09
 Reference value :  2.94640e-09
 Reference value :  2.96640e-09
 Reference value :  2.98640e-09
 Reference value :  3.00640e-09
 Reference value :  3.02640e-09
 Reference value :  3.04140e-09
 Reference value :  3.17140e-09
 Reference value :  3.40140e-09
 Reference value :  5.73750e-09
 Reference value :  6.46250e-09
 Reference value :  6.93750e-09
 Reference value :  8.82250e-09
 Reference value :  1.10075e-08
 Reference value :  1.16775e-08
 Reference value :  1.41625e-08
 Reference value :  1.70625e-08
 Reference value :  2.02525e-08
 Reference value :  2.16275e-08
 Reference value :  2.30025e-08
 Reference value :  2.30175e-08
 Reference value :  2.30325e-08
 Reference value :  2.30525e-08
 Reference value :  2.30725e-08
 Reference value :  2.30925e-08
 Reference value :  2.31125e-08
 Reference value :  2.31325e-08
 Reference value :  2.31525e-08
 Reference value :  2.31725e-08
 Reference value :  2.31925e-08
 Reference value :  2.32125e-08
 Reference value :  2.32325e-08
 Reference value :  2.32525e-08
 Reference value :  2.32725e-08
 Reference value :  2.32875e-08
 Reference value :  2.33075e-08
 Reference value :  2.33225e-08
 Reference value :  2.33425e-08
 Reference value :  2.33625e-08
 Reference value :  2.33825e-08
 Reference value :  2.34025e-08
 Reference value :  2.34175e-08
 Reference value :  2.34375e-08
 Reference value :  2.34575e-08
 Reference value :  2.34775e-08
 Reference value :  2.34925e-08
 Reference value :  2.35075e-08
 Reference value :  2.35275e-08
 Reference value :  2.35425e-08
 Reference value :  2.35625e-08
 Reference value :  2.35825e-08
 Reference value :  2.36025e-08
 Reference value :  2.36175e-08
 Reference value :  2.36375e-08
 Reference value :  2.36575e-08
 Reference value :  2.36775e-08
 Reference value :  2.36975e-08
 Reference value :  2.37175e-08
 Reference value :  2.37375e-08
 Reference value :  2.37575e-08
 Reference value :  2.37775e-08
 Reference value :  2.37975e-08
 Reference value :  2.38125e-08
 Reference value :  2.38325e-08
 Reference value :  2.38525e-08
 Reference value :  2.38725e-08
 Reference value :  2.38925e-08
 Reference value :  2.39175e-08
 Reference value :  2.39375e-08
 Reference value :  2.39575e-08
 Reference value :  2.39725e-08
 Reference value :  2.39925e-08
 Reference value :  2.40125e-08
 Reference value :  2.40275e-08
 Reference value :  2.40475e-08
 Reference value :  2.40675e-08
 Reference value :  2.40875e-08
 Reference value :  2.41075e-08
 Reference value :  2.41275e-08
 Reference value :  2.41475e-08
 Reference value :  2.41675e-08
 Reference value :  2.41875e-08
 Reference value :  2.42075e-08
 Reference value :  2.42275e-08
 Reference value :  2.42475e-08
 Reference value :  2.42625e-08
 Reference value :  2.42825e-08
 Reference value :  2.43025e-08
 Reference value :  2.43225e-08
 Reference value :  2.43375e-08
 Reference value :  2.43575e-08
 Reference value :  2.43775e-08
 Reference value :  2.43975e-08
 Reference value :  2.44175e-08
 Reference value :  2.44375e-08
 Reference value :  2.44575e-08
 Reference value :  2.44775e-08
 Reference value :  2.44925e-08
 Reference value :  2.45125e-08
 Reference value :  2.45325e-08
 Reference value :  2.45525e-08
 Reference value :  2.45775e-08
 Reference value :  2.45975e-08
 Reference value :  2.46125e-08
 Reference value :  2.46325e-08
 Reference value :  2.46525e-08
 Reference value :  2.46725e-08
 Reference value :  2.46925e-08
 Reference value :  2.47125e-08
 Reference value :  2.47325e-08
 Reference value :  2.47525e-08
 Reference value :  2.47725e-08
 Reference value :  2.47925e-08
 Reference value :  2.48125e-08
 Reference value :  2.48325e-08
 Reference value :  2.48525e-08
 Reference value :  2.48675e-08
 Reference value :  2.48875e-08
 Reference value :  2.49075e-08
 Reference value :  2.49275e-08
 Reference value :  2.49425e-08
 Reference value :  2.49675e-08
 Reference value :  2.49875e-08
 Reference value :  2.50075e-08
 Reference value :  2.50275e-08
 Reference value :  2.50475e-08
 Reference value :  2.50675e-08
 Reference value :  2.50875e-08
No. of Data Rows : 5034
Note: Simulation executed from .control section 
