
Note: Compatibility modes selected: hs a


Circuit: * comparator-decision offset-bisect decision-boundary probe -- vindiff=1.757812mv corner=tt temp=27.0c (issue #515)

option SCALE: Scale is set to 1e-06 for instance and model parameters
option SCALE: Scale is set to 1e-06 for instance and model parameters
option SCALE: Scale is set to 1e-06 for instance and model parameters
option SCALE: Scale is set to 1e-06 for instance and model parameters
Doing analysis at TEMP = 27.000000 and TNOM = 27.000000

Using KLU as Direct Linear Solver
 Reference value :  0.00000e+00
 Reference value :  4.00000e-13
 Reference value :  6.40000e-12
 Reference value :  2.64000e-11
 Reference value :  4.14000e-11
 Reference value :  5.64000e-11
 Reference value :  7.64000e-11
 Reference value :  9.14000e-11
 Reference value :  1.11400e-10
 Reference value :  1.31400e-10
 Reference value :  2.51400e-10
 Reference value :  2.66400e-10
 Reference value :  2.86400e-10
 Reference value :  3.06400e-10
 Reference value :  3.26400e-10
 Reference value :  3.46400e-10
 Reference value :  3.66400e-10
 Reference value :  3.86400e-10
 Reference value :  4.06400e-10
 Reference value :  4.26400e-10
 Reference value :  4.46400e-10
 Reference value :  4.66400e-10
 Reference value :  4.86400e-10
 Reference value :  5.01400e-10
 Reference value :  5.21400e-10
 Reference value :  5.36400e-10
 Reference value :  5.51400e-10
 Reference value :  5.71400e-10
 Reference value :  5.91400e-10
 Reference value :  6.06400e-10
 Reference value :  6.26400e-10
 Reference value :  6.46400e-10
 Reference value :  6.66400e-10
 Reference value :  6.86400e-10
 Reference value :  7.01400e-10
 Reference value :  7.21400e-10
 Reference value :  7.41400e-10
 Reference value :  7.56400e-10
 Reference value :  7.71400e-10
 Reference value :  7.86400e-10
 Reference value :  8.06400e-10
 Reference value :  8.26400e-10
 Reference value :  8.46400e-10
 Reference value :  8.71400e-10
 Reference value :  8.91400e-10
 Reference value :  9.11400e-10
 Reference value :  1.05140e-09
 Reference value :  1.07140e-09
 Reference value :  1.09140e-09
 Reference value :  1.11140e-09
 Reference value :  1.12640e-09
 Reference value :  1.14640e-09
 Reference value :  1.16640e-09
 Reference value :  1.18140e-09
 Reference value :  1.20140e-09
 Reference value :  1.22140e-09
 Reference value :  1.24140e-09
 Reference value :  1.26140e-09
 Reference value :  1.28140e-09
 Reference value :  1.30140e-09
 Reference value :  1.33140e-09
 Reference value :  1.34640e-09
 Reference value :  1.36640e-09
 Reference value :  1.39140e-09
 Reference value :  1.41140e-09
 Reference value :  1.54140e-09
 Reference value :  1.79640e-09
 Reference value :  1.94640e-09
 Reference value :  1.96140e-09
 Reference value :  1.98140e-09
 Reference value :  2.01140e-09
 Reference value :  2.03140e-09
 Reference value :  2.05140e-09
 Reference value :  2.45640e-09
 Reference value :  2.47640e-09
 Reference value :  2.50640e-09
 Reference value :  2.59640e-09
 Reference value :  2.61140e-09
 Reference value :  2.63140e-09
 Reference value :  2.65140e-09
 Reference value :  2.81140e-09
 Reference value :  2.83140e-09
 Reference value :  2.85640e-09
 Reference value :  2.87640e-09
 Reference value :  2.90140e-09
 Reference value :  2.92140e-09
 Reference value :  2.94140e-09
 Reference value :  2.96140e-09
 Reference value :  3.28140e-09
 Reference value :  3.30140e-09
 Reference value :  3.32640e-09
 Reference value :  3.34640e-09
 Reference value :  3.37140e-09
 Reference value :  3.39140e-09
 Reference value :  3.40640e-09
 Reference value :  3.42640e-09
 Reference value :  4.53640e-09
 Reference value :  4.55140e-09
 Reference value :  4.57140e-09
 Reference value :  5.38250e-09
 Reference value :  5.39750e-09
 Reference value :  5.41250e-09
 Reference value :  5.43250e-09
 Reference value :  5.82750e-09
 Reference value :  5.85250e-09
 Reference value :  5.87250e-09
 Reference value :  5.88750e-09
 Reference value :  5.90750e-09
 Reference value :  5.94250e-09
 Reference value :  7.48250e-09
 Reference value :  7.50250e-09
 Reference value :  7.52250e-09
 Reference value :  7.54250e-09
 Reference value :  7.55750e-09
 Reference value :  7.57750e-09
 Reference value :  8.19250e-09
 Reference value :  8.21250e-09
 Reference value :  8.76750e-09
 Reference value :  1.06075e-08
 Reference value :  1.06225e-08
 Reference value :  1.06375e-08
 Reference value :  1.15625e-08
 Reference value :  1.34725e-08
 Reference value :  1.61925e-08
 Reference value :  1.91225e-08
 Reference value :  2.05825e-08
 Reference value :  2.30325e-08
 Reference value :  2.42325e-08
No. of Data Rows : 5034
Note: Simulation executed from .control section 
