
Note: Compatibility modes selected: hs a


Circuit: * comparator-decision offset-bisect decision-boundary probe -- vindiff=-0.219726mv corner=tt temp=27.0c (issue #515)

option SCALE: Scale is set to 1e-06 for instance and model parameters
option SCALE: Scale is set to 1e-06 for instance and model parameters
option SCALE: Scale is set to 1e-06 for instance and model parameters
option SCALE: Scale is set to 1e-06 for instance and model parameters
Doing analysis at TEMP = 27.000000 and TNOM = 27.000000

Using KLU as Direct Linear Solver
 Reference value :  0.00000e+00
 Reference value :  1.46400e-10
 Reference value :  4.31400e-10
 Reference value :  3.30640e-09
 Reference value :  6.34750e-09
 Reference value :  7.30250e-09
 Reference value :  9.54250e-09
 Reference value :  1.15475e-08
 Reference value :  1.37675e-08
 Reference value :  1.60175e-08
 Reference value :  1.64575e-08
 Reference value :  1.75125e-08
 Reference value :  1.90475e-08
 Reference value :  2.05325e-08
 Reference value :  2.23175e-08
 Reference value :  2.49175e-08
No. of Data Rows : 5034
Note: Simulation executed from .control section 
