
Note: Compatibility modes selected: hs a


Circuit: * comparator-decision offset-bisect decision-boundary probe -- vindiff=10.0mv corner=tt temp=27.0c (issue #515)

option SCALE: Scale is set to 1e-06 for instance and model parameters
option SCALE: Scale is set to 1e-06 for instance and model parameters
option SCALE: Scale is set to 1e-06 for instance and model parameters
option SCALE: Scale is set to 1e-06 for instance and model parameters
Doing analysis at TEMP = 27.000000 and TNOM = 27.000000

Using KLU as Direct Linear Solver
 Reference value :  0.00000e+00
 Reference value :  2.00000e-13
 Reference value :  1.60000e-12
 Reference value :  1.64000e-11
 Reference value :  3.64000e-11
 Reference value :  5.64000e-11
 Reference value :  7.64000e-11
 Reference value :  9.64000e-11
 Reference value :  1.16400e-10
 Reference value :  1.36400e-10
 Reference value :  4.26400e-10
 Reference value :  4.46400e-10
 Reference value :  4.66400e-10
 Reference value :  4.86400e-10
 Reference value :  5.06400e-10
 Reference value :  5.26400e-10
 Reference value :  5.46400e-10
 Reference value :  5.66400e-10
 Reference value :  5.86400e-10
 Reference value :  6.06400e-10
 Reference value :  6.26400e-10
 Reference value :  6.46400e-10
 Reference value :  6.66400e-10
 Reference value :  6.81400e-10
 Reference value :  7.01400e-10
 Reference value :  7.21400e-10
 Reference value :  7.41400e-10
 Reference value :  7.56400e-10
 Reference value :  7.76400e-10
 Reference value :  7.91400e-10
 Reference value :  8.06400e-10
 Reference value :  8.26400e-10
 Reference value :  8.41400e-10
 Reference value :  8.61400e-10
 Reference value :  8.81400e-10
 Reference value :  9.01400e-10
 Reference value :  9.21400e-10
 Reference value :  9.41400e-10
 Reference value :  9.56400e-10
 Reference value :  9.76400e-10
 Reference value :  9.96400e-10
 Reference value :  1.01640e-09
 Reference value :  1.03640e-09
 Reference value :  1.05640e-09
 Reference value :  1.07640e-09
 Reference value :  1.09640e-09
 Reference value :  1.11640e-09
 Reference value :  1.13640e-09
 Reference value :  1.15640e-09
 Reference value :  1.17640e-09
 Reference value :  1.19640e-09
 Reference value :  1.21640e-09
 Reference value :  1.23640e-09
 Reference value :  1.25640e-09
 Reference value :  1.27140e-09
 Reference value :  1.29140e-09
 Reference value :  1.31140e-09
 Reference value :  1.33140e-09
 Reference value :  1.35140e-09
 Reference value :  1.37140e-09
 Reference value :  1.39140e-09
 Reference value :  1.41140e-09
 Reference value :  1.43140e-09
 Reference value :  1.45140e-09
 Reference value :  1.47140e-09
 Reference value :  1.49140e-09
 Reference value :  1.51140e-09
 Reference value :  1.53140e-09
 Reference value :  1.55140e-09
 Reference value :  1.57140e-09
 Reference value :  1.59140e-09
 Reference value :  1.61140e-09
 Reference value :  1.63140e-09
 Reference value :  1.65140e-09
 Reference value :  1.67140e-09
 Reference value :  1.69140e-09
 Reference value :  1.71140e-09
 Reference value :  1.73640e-09
 Reference value :  1.75140e-09
 Reference value :  1.77140e-09
 Reference value :  1.79140e-09
 Reference value :  1.81140e-09
 Reference value :  1.83140e-09
 Reference value :  1.84640e-09
 Reference value :  1.86640e-09
 Reference value :  1.88640e-09
 Reference value :  1.90640e-09
 Reference value :  1.92640e-09
 Reference value :  1.94140e-09
 Reference value :  1.98640e-09
 Reference value :  2.00640e-09
 Reference value :  2.02640e-09
 Reference value :  2.05140e-09
 Reference value :  2.07140e-09
 Reference value :  2.09140e-09
 Reference value :  2.11140e-09
 Reference value :  2.13140e-09
 Reference value :  2.15140e-09
 Reference value :  2.17140e-09
 Reference value :  2.18640e-09
 Reference value :  2.20140e-09
 Reference value :  2.22140e-09
 Reference value :  2.24140e-09
 Reference value :  2.26140e-09
 Reference value :  2.28140e-09
 Reference value :  2.30140e-09
 Reference value :  2.32140e-09
 Reference value :  2.33640e-09
 Reference value :  2.35640e-09
 Reference value :  2.37140e-09
 Reference value :  2.39640e-09
 Reference value :  2.52640e-09
 Reference value :  2.70140e-09
 Reference value :  2.72140e-09
 Reference value :  2.74640e-09
 Reference value :  2.76140e-09
 Reference value :  2.78140e-09
 Reference value :  2.80640e-09
 Reference value :  2.82640e-09
 Reference value :  4.86140e-09
 Reference value :  7.86250e-09
 Reference value :  8.12250e-09
 Reference value :  8.88750e-09
 Reference value :  1.05375e-08
 Reference value :  1.05575e-08
 Reference value :  1.05775e-08
 Reference value :  1.05975e-08
 Reference value :  1.06175e-08
 Reference value :  1.06375e-08
 Reference value :  1.06575e-08
 Reference value :  1.06775e-08
 Reference value :  1.06925e-08
 Reference value :  1.07125e-08
 Reference value :  1.07325e-08
 Reference value :  1.07575e-08
 Reference value :  1.07725e-08
 Reference value :  1.07925e-08
 Reference value :  1.08125e-08
 Reference value :  1.08325e-08
 Reference value :  1.08525e-08
 Reference value :  1.08725e-08
 Reference value :  1.08925e-08
 Reference value :  1.09125e-08
 Reference value :  1.09325e-08
 Reference value :  1.09525e-08
 Reference value :  1.09725e-08
 Reference value :  1.09875e-08
 Reference value :  1.10075e-08
 Reference value :  1.10275e-08
 Reference value :  1.10475e-08
 Reference value :  1.10675e-08
 Reference value :  1.10875e-08
 Reference value :  1.11075e-08
 Reference value :  1.11275e-08
 Reference value :  1.11475e-08
 Reference value :  1.11675e-08
 Reference value :  1.11925e-08
 Reference value :  1.12075e-08
 Reference value :  1.12275e-08
 Reference value :  1.12475e-08
 Reference value :  1.12675e-08
 Reference value :  1.12875e-08
 Reference value :  1.13025e-08
 Reference value :  1.13175e-08
 Reference value :  1.13375e-08
 Reference value :  1.13575e-08
 Reference value :  1.13775e-08
 Reference value :  1.13975e-08
 Reference value :  1.14175e-08
 Reference value :  1.14375e-08
 Reference value :  1.14575e-08
 Reference value :  1.14775e-08
 Reference value :  1.14925e-08
 Reference value :  1.15125e-08
 Reference value :  1.15325e-08
 Reference value :  1.15525e-08
 Reference value :  1.15725e-08
 Reference value :  1.15925e-08
 Reference value :  1.16125e-08
 Reference value :  1.16325e-08
 Reference value :  1.16475e-08
 Reference value :  1.16675e-08
 Reference value :  1.16825e-08
 Reference value :  1.17025e-08
 Reference value :  1.17225e-08
 Reference value :  1.17425e-08
 Reference value :  1.17625e-08
 Reference value :  1.17875e-08
 Reference value :  1.18075e-08
 Reference value :  1.18275e-08
 Reference value :  1.18475e-08
 Reference value :  1.18675e-08
 Reference value :  1.18875e-08
 Reference value :  1.19075e-08
 Reference value :  1.19275e-08
 Reference value :  1.19475e-08
 Reference value :  1.19675e-08
 Reference value :  1.19875e-08
 Reference value :  1.20075e-08
 Reference value :  1.20225e-08
 Reference value :  1.20425e-08
 Reference value :  1.20625e-08
 Reference value :  1.20775e-08
 Reference value :  1.20975e-08
 Reference value :  1.21175e-08
 Reference value :  1.21375e-08
 Reference value :  1.21575e-08
 Reference value :  1.21775e-08
 Reference value :  1.22025e-08
 Reference value :  1.22225e-08
 Reference value :  1.22375e-08
 Reference value :  1.22575e-08
 Reference value :  1.22725e-08
 Reference value :  1.22925e-08
 Reference value :  1.23125e-08
 Reference value :  1.23325e-08
 Reference value :  1.23525e-08
 Reference value :  1.23725e-08
 Reference value :  1.23925e-08
 Reference value :  1.24125e-08
 Reference value :  1.24325e-08
 Reference value :  1.24525e-08
 Reference value :  1.24725e-08
 Reference value :  1.24925e-08
 Reference value :  1.25125e-08
 Reference value :  1.25325e-08
 Reference value :  1.25525e-08
 Reference value :  1.25725e-08
 Reference value :  1.25925e-08
 Reference value :  1.26125e-08
 Reference value :  1.26325e-08
 Reference value :  1.26525e-08
 Reference value :  1.26725e-08
 Reference value :  1.26875e-08
 Reference value :  1.27075e-08
 Reference value :  1.27275e-08
 Reference value :  1.27425e-08
 Reference value :  1.27625e-08
 Reference value :  1.27825e-08
 Reference value :  1.27975e-08
 Reference value :  1.28175e-08
 Reference value :  1.28375e-08
 Reference value :  1.28525e-08
 Reference value :  1.28725e-08
 Reference value :  1.28875e-08
 Reference value :  1.29075e-08
 Reference value :  1.29325e-08
 Reference value :  1.29525e-08
 Reference value :  1.29725e-08
 Reference value :  1.29925e-08
 Reference value :  1.30125e-08
 Reference value :  1.30325e-08
 Reference value :  1.30525e-08
 Reference value :  1.30725e-08
 Reference value :  1.30925e-08
 Reference value :  1.31175e-08
 Reference value :  1.31425e-08
 Reference value :  1.37525e-08
 Reference value :  1.37725e-08
 Reference value :  1.46925e-08
 Reference value :  1.55375e-08
 Reference value :  1.78725e-08
 Reference value :  2.01725e-08
 Reference value :  2.31675e-08
No. of Data Rows : 5034
Note: Simulation executed from .control section 
