
Note: Compatibility modes selected: hs a


Circuit: * comparator-decision offset-bisect decision-boundary probe -- vindiff=0.0mv corner=tt temp=27.0c (issue #515)

option SCALE: Scale is set to 1e-06 for instance and model parameters
option SCALE: Scale is set to 1e-06 for instance and model parameters
option SCALE: Scale is set to 1e-06 for instance and model parameters
option SCALE: Scale is set to 1e-06 for instance and model parameters
Doing analysis at TEMP = 27.000000 and TNOM = 27.000000

Using KLU as Direct Linear Solver
 Reference value :  0.00000e+00
 Reference value :  2.00000e-13
 Reference value :  1.60000e-12
 Reference value :  1.14000e-11
 Reference value :  3.14000e-11
 Reference value :  4.64000e-11
 Reference value :  6.64000e-11
 Reference value :  8.14000e-11
 Reference value :  9.64000e-11
 Reference value :  1.16400e-10
 Reference value :  1.31400e-10
 Reference value :  1.46400e-10
 Reference value :  1.61400e-10
 Reference value :  1.81400e-10
 Reference value :  1.96400e-10
 Reference value :  2.11400e-10
 Reference value :  2.26400e-10
 Reference value :  2.46400e-10
 Reference value :  2.61400e-10
 Reference value :  2.76400e-10
 Reference value :  2.91400e-10
 Reference value :  3.11400e-10
 Reference value :  3.31400e-10
 Reference value :  3.46400e-10
 Reference value :  3.61400e-10
 Reference value :  3.76400e-10
 Reference value :  3.96400e-10
 Reference value :  4.11400e-10
 Reference value :  4.26400e-10
 Reference value :  4.41400e-10
 Reference value :  4.56400e-10
 Reference value :  4.71400e-10
 Reference value :  4.86400e-10
 Reference value :  5.01400e-10
 Reference value :  5.21400e-10
 Reference value :  5.41400e-10
 Reference value :  5.56400e-10
 Reference value :  5.76400e-10
 Reference value :  5.91400e-10
 Reference value :  6.06400e-10
 Reference value :  6.26400e-10
 Reference value :  6.41400e-10
 Reference value :  6.61400e-10
 Reference value :  6.81400e-10
 Reference value :  7.01400e-10
 Reference value :  7.21400e-10
 Reference value :  7.41400e-10
 Reference value :  7.56400e-10
 Reference value :  7.76400e-10
 Reference value :  7.96400e-10
 Reference value :  8.11400e-10
 Reference value :  8.31400e-10
 Reference value :  8.46400e-10
 Reference value :  8.61400e-10
 Reference value :  8.76400e-10
 Reference value :  8.91400e-10
 Reference value :  9.06400e-10
 Reference value :  9.21400e-10
 Reference value :  9.36400e-10
 Reference value :  9.56400e-10
 Reference value :  9.71400e-10
 Reference value :  9.91400e-10
 Reference value :  1.00640e-09
 Reference value :  1.02640e-09
 Reference value :  1.04640e-09
 Reference value :  1.06140e-09
 Reference value :  1.07640e-09
 Reference value :  1.09640e-09
 Reference value :  1.11640e-09
 Reference value :  1.13640e-09
 Reference value :  1.15640e-09
 Reference value :  1.17140e-09
 Reference value :  1.18640e-09
 Reference value :  1.20140e-09
 Reference value :  1.21640e-09
 Reference value :  1.23640e-09
 Reference value :  1.25640e-09
 Reference value :  1.27640e-09
 Reference value :  1.29140e-09
 Reference value :  1.30640e-09
 Reference value :  1.32140e-09
 Reference value :  1.33640e-09
 Reference value :  1.35140e-09
 Reference value :  1.36640e-09
 Reference value :  1.38140e-09
 Reference value :  1.39640e-09
 Reference value :  1.41140e-09
 Reference value :  1.43140e-09
 Reference value :  1.45140e-09
 Reference value :  1.47140e-09
 Reference value :  1.49140e-09
 Reference value :  1.51140e-09
 Reference value :  1.53140e-09
 Reference value :  1.54640e-09
 Reference value :  1.56140e-09
 Reference value :  1.57640e-09
 Reference value :  1.59140e-09
 Reference value :  1.61140e-09
 Reference value :  1.63140e-09
 Reference value :  1.64640e-09
 Reference value :  1.66140e-09
 Reference value :  1.67640e-09
 Reference value :  1.69140e-09
 Reference value :  1.70640e-09
 Reference value :  1.72640e-09
 Reference value :  1.74140e-09
 Reference value :  1.75640e-09
 Reference value :  1.77140e-09
 Reference value :  1.79140e-09
 Reference value :  1.81140e-09
 Reference value :  1.83140e-09
 Reference value :  1.85140e-09
 Reference value :  1.87140e-09
 Reference value :  1.89140e-09
 Reference value :  1.90640e-09
 Reference value :  1.92140e-09
 Reference value :  1.94140e-09
 Reference value :  1.95640e-09
 Reference value :  1.97640e-09
 Reference value :  1.99140e-09
 Reference value :  2.01140e-09
 Reference value :  2.02640e-09
 Reference value :  2.04140e-09
 Reference value :  2.05640e-09
 Reference value :  2.07140e-09
 Reference value :  2.09140e-09
 Reference value :  2.10640e-09
 Reference value :  2.12640e-09
 Reference value :  2.14640e-09
 Reference value :  2.16140e-09
 Reference value :  2.18140e-09
 Reference value :  2.19640e-09
 Reference value :  2.21140e-09
 Reference value :  2.22640e-09
 Reference value :  2.24140e-09
 Reference value :  2.26140e-09
 Reference value :  2.28140e-09
 Reference value :  2.30140e-09
 Reference value :  2.32140e-09
 Reference value :  2.34140e-09
 Reference value :  2.36140e-09
 Reference value :  2.38140e-09
 Reference value :  2.39640e-09
 Reference value :  2.41140e-09
 Reference value :  2.43140e-09
 Reference value :  2.44640e-09
 Reference value :  2.46140e-09
 Reference value :  2.47640e-09
 Reference value :  2.49640e-09
 Reference value :  2.51640e-09
 Reference value :  2.53640e-09
 Reference value :  2.55640e-09
 Reference value :  2.57640e-09
 Reference value :  2.59140e-09
 Reference value :  2.61140e-09
 Reference value :  2.63140e-09
 Reference value :  2.65140e-09
 Reference value :  2.67140e-09
 Reference value :  2.68640e-09
 Reference value :  2.70640e-09
 Reference value :  2.72140e-09
 Reference value :  2.73640e-09
 Reference value :  2.75140e-09
 Reference value :  2.76640e-09
 Reference value :  2.79140e-09
 Reference value :  2.81640e-09
 Reference value :  2.83640e-09
 Reference value :  2.85640e-09
 Reference value :  2.87140e-09
 Reference value :  2.88640e-09
 Reference value :  2.90640e-09
 Reference value :  2.92640e-09
 Reference value :  2.94140e-09
 Reference value :  2.95640e-09
 Reference value :  2.97140e-09
 Reference value :  2.98640e-09
 Reference value :  3.00140e-09
 Reference value :  3.02140e-09
 Reference value :  3.03640e-09
 Reference value :  3.05640e-09
 Reference value :  3.07140e-09
 Reference value :  3.08640e-09
 Reference value :  3.10140e-09
 Reference value :  3.12140e-09
 Reference value :  3.13640e-09
 Reference value :  3.15640e-09
 Reference value :  3.17640e-09
 Reference value :  3.19140e-09
 Reference value :  3.20640e-09
 Reference value :  3.22140e-09
 Reference value :  3.23640e-09
 Reference value :  3.25140e-09
 Reference value :  3.26640e-09
 Reference value :  3.28140e-09
 Reference value :  3.29640e-09
 Reference value :  3.31640e-09
 Reference value :  3.33140e-09
 Reference value :  3.35140e-09
 Reference value :  3.36640e-09
 Reference value :  3.38140e-09
 Reference value :  3.39640e-09
 Reference value :  3.41140e-09
 Reference value :  3.42640e-09
 Reference value :  3.44640e-09
 Reference value :  3.46140e-09
 Reference value :  3.47640e-09
 Reference value :  3.49140e-09
 Reference value :  3.51140e-09
 Reference value :  3.52640e-09
 Reference value :  3.54140e-09
 Reference value :  3.55640e-09
 Reference value :  3.57140e-09
 Reference value :  3.59140e-09
 Reference value :  3.60640e-09
 Reference value :  3.62140e-09
 Reference value :  3.63640e-09
 Reference value :  3.65140e-09
 Reference value :  3.67140e-09
 Reference value :  3.68640e-09
 Reference value :  3.70640e-09
 Reference value :  3.72140e-09
 Reference value :  3.73640e-09
 Reference value :  3.75140e-09
 Reference value :  3.76640e-09
 Reference value :  3.78640e-09
 Reference value :  3.80140e-09
 Reference value :  3.82140e-09
 Reference value :  3.83640e-09
 Reference value :  3.85140e-09
 Reference value :  3.86640e-09
 Reference value :  3.88640e-09
 Reference value :  3.90140e-09
 Reference value :  3.91640e-09
 Reference value :  3.93640e-09
 Reference value :  3.95140e-09
 Reference value :  3.97140e-09
 Reference value :  3.98640e-09
 Reference value :  4.00140e-09
 Reference value :  4.01640e-09
 Reference value :  4.03640e-09
 Reference value :  4.05140e-09
 Reference value :  4.07140e-09
 Reference value :  4.09140e-09
 Reference value :  4.11140e-09
 Reference value :  4.12640e-09
 Reference value :  4.14140e-09
 Reference value :  4.16140e-09
 Reference value :  4.17640e-09
 Reference value :  4.19140e-09
 Reference value :  4.20640e-09
 Reference value :  4.22140e-09
 Reference value :  4.23640e-09
 Reference value :  4.25640e-09
 Reference value :  4.27140e-09
 Reference value :  4.28640e-09
 Reference value :  4.30640e-09
 Reference value :  4.32640e-09
 Reference value :  4.34640e-09
 Reference value :  4.36640e-09
 Reference value :  4.38640e-09
 Reference value :  4.40640e-09
 Reference value :  4.42140e-09
 Reference value :  4.44140e-09
 Reference value :  4.45640e-09
 Reference value :  4.47640e-09
 Reference value :  4.49140e-09
 Reference value :  4.50640e-09
 Reference value :  4.52140e-09
 Reference value :  4.53640e-09
 Reference value :  4.55140e-09
 Reference value :  4.56640e-09
 Reference value :  4.58140e-09
 Reference value :  4.60140e-09
 Reference value :  4.61640e-09
 Reference value :  4.63140e-09
 Reference value :  4.64640e-09
 Reference value :  4.66640e-09
 Reference value :  4.68140e-09
 Reference value :  4.69640e-09
 Reference value :  4.71640e-09
 Reference value :  4.73140e-09
 Reference value :  4.75140e-09
 Reference value :  4.77140e-09
 Reference value :  4.79140e-09
 Reference value :  4.80640e-09
 Reference value :  4.82640e-09
 Reference value :  4.84140e-09
 Reference value :  4.86140e-09
 Reference value :  4.87640e-09
 Reference value :  4.89640e-09
 Reference value :  4.91640e-09
 Reference value :  4.93140e-09
 Reference value :  4.95140e-09
 Reference value :  4.97140e-09
 Reference value :  4.99140e-09
 Reference value :  5.00050e-09
 Reference value :  5.00750e-09
 Reference value :  5.02750e-09
 Reference value :  5.04750e-09
 Reference value :  5.06250e-09
 Reference value :  5.07750e-09
 Reference value :  5.09250e-09
 Reference value :  5.10050e-09
 Reference value :  5.10350e-09
 Reference value :  5.11250e-09
 Reference value :  5.12750e-09
 Reference value :  5.13750e-09
 Reference value :  5.15250e-09
 Reference value :  5.16750e-09
 Reference value :  5.18750e-09
 Reference value :  5.20250e-09
 Reference value :  5.22250e-09
 Reference value :  5.23750e-09
 Reference value :  5.25250e-09
 Reference value :  5.26750e-09
 Reference value :  5.28250e-09
 Reference value :  5.29750e-09
 Reference value :  5.31750e-09
 Reference value :  5.33250e-09
 Reference value :  5.35250e-09
 Reference value :  5.36750e-09
 Reference value :  5.38750e-09
 Reference value :  5.40250e-09
 Reference value :  5.41750e-09
 Reference value :  5.43250e-09
 Reference value :  5.45250e-09
 Reference value :  5.46750e-09
 Reference value :  5.48250e-09
 Reference value :  5.49750e-09
 Reference value :  5.51750e-09
 Reference value :  5.53750e-09
 Reference value :  5.55750e-09
 Reference value :  5.57250e-09
 Reference value :  5.58750e-09
 Reference value :  5.60750e-09
 Reference value :  5.62750e-09
 Reference value :  5.64750e-09
 Reference value :  5.66250e-09
 Reference value :  5.67750e-09
 Reference value :  5.69750e-09
 Reference value :  5.71750e-09
 Reference value :  5.73750e-09
 Reference value :  5.75250e-09
 Reference value :  5.76750e-09
 Reference value :  5.78750e-09
 Reference value :  5.80250e-09
 Reference value :  5.82250e-09
 Reference value :  5.83750e-09
 Reference value :  5.85250e-09
 Reference value :  5.86750e-09
 Reference value :  5.88250e-09
 Reference value :  5.89750e-09
 Reference value :  5.91250e-09
 Reference value :  5.92750e-09
 Reference value :  5.94750e-09
 Reference value :  5.96250e-09
 Reference value :  5.97750e-09
 Reference value :  5.99750e-09
 Reference value :  6.01250e-09
 Reference value :  6.02750e-09
 Reference value :  6.04750e-09
 Reference value :  6.06250e-09
 Reference value :  6.08250e-09
 Reference value :  6.10250e-09
 Reference value :  6.11750e-09
 Reference value :  6.13750e-09
 Reference value :  6.15250e-09
 Reference value :  6.17250e-09
 Reference value :  6.18750e-09
 Reference value :  6.20750e-09
 Reference value :  6.22750e-09
 Reference value :  6.24750e-09
 Reference value :  6.26250e-09
 Reference value :  6.28250e-09
 Reference value :  6.30250e-09
 Reference value :  6.31750e-09
 Reference value :  6.33250e-09
 Reference value :  6.35250e-09
 Reference value :  6.37250e-09
 Reference value :  6.39250e-09
 Reference value :  6.40750e-09
 Reference value :  6.42250e-09
 Reference value :  6.44250e-09
 Reference value :  6.45750e-09
 Reference value :  6.47750e-09
 Reference value :  6.49250e-09
 Reference value :  6.51250e-09
 Reference value :  6.52750e-09
 Reference value :  6.54250e-09
 Reference value :  6.55750e-09
 Reference value :  6.57250e-09
 Reference value :  6.58750e-09
 Reference value :  6.60250e-09
 Reference value :  6.61750e-09
 Reference value :  6.63250e-09
 Reference value :  6.64750e-09
 Reference value :  6.66250e-09
 Reference value :  6.67750e-09
 Reference value :  6.69250e-09
 Reference value :  6.71250e-09
 Reference value :  6.72750e-09
 Reference value :  6.74250e-09
 Reference value :  6.76250e-09
 Reference value :  6.78250e-09
 Reference value :  6.80250e-09
 Reference value :  6.82250e-09
 Reference value :  6.83750e-09
 Reference value :  6.85250e-09
 Reference value :  6.86750e-09
 Reference value :  6.88250e-09
 Reference value :  6.90250e-09
 Reference value :  6.91750e-09
 Reference value :  6.93250e-09
 Reference value :  6.95250e-09
 Reference value :  6.96750e-09
 Reference value :  6.98250e-09
 Reference value :  6.99750e-09
 Reference value :  7.01250e-09
 Reference value :  7.03250e-09
 Reference value :  7.05250e-09
 Reference value :  7.06750e-09
 Reference value :  7.08750e-09
 Reference value :  7.10750e-09
 Reference value :  7.12250e-09
 Reference value :  7.13750e-09
 Reference value :  7.15750e-09
 Reference value :  7.17250e-09
 Reference value :  7.18750e-09
 Reference value :  7.20750e-09
 Reference value :  7.22750e-09
 Reference value :  7.24750e-09
 Reference value :  7.26750e-09
 Reference value :  7.28250e-09
 Reference value :  7.30250e-09
 Reference value :  7.31750e-09
 Reference value :  7.33250e-09
 Reference value :  7.35250e-09
 Reference value :  7.37250e-09
 Reference value :  7.38750e-09
 Reference value :  7.40250e-09
 Reference value :  7.41750e-09
 Reference value :  7.43750e-09
 Reference value :  7.45750e-09
 Reference value :  7.47250e-09
 Reference value :  7.48750e-09
 Reference value :  7.50250e-09
 Reference value :  7.52250e-09
 Reference value :  7.53750e-09
 Reference value :  7.55250e-09
 Reference value :  7.56750e-09
 Reference value :  7.58250e-09
 Reference value :  7.60250e-09
 Reference value :  7.61750e-09
 Reference value :  7.63250e-09
 Reference value :  7.65250e-09
 Reference value :  7.67250e-09
 Reference value :  7.69250e-09
 Reference value :  7.71250e-09
 Reference value :  7.72750e-09
 Reference value :  7.74750e-09
 Reference value :  7.77250e-09
 Reference value :  7.79250e-09
 Reference value :  7.81250e-09
 Reference value :  7.82750e-09
 Reference value :  7.84250e-09
 Reference value :  7.85750e-09
 Reference value :  7.87750e-09
 Reference value :  7.89750e-09
 Reference value :  7.91250e-09
 Reference value :  7.93250e-09
 Reference value :  7.95250e-09
 Reference value :  7.96750e-09
 Reference value :  7.98250e-09
 Reference value :  8.00250e-09
 Reference value :  8.02250e-09
 Reference value :  8.04250e-09
 Reference value :  8.05750e-09
 Reference value :  8.07250e-09
 Reference value :  8.09250e-09
 Reference value :  8.11250e-09
 Reference value :  8.12750e-09
 Reference value :  8.14250e-09
 Reference value :  8.15750e-09
 Reference value :  8.17250e-09
 Reference value :  8.18750e-09
 Reference value :  8.20250e-09
 Reference value :  8.22250e-09
 Reference value :  8.24250e-09
 Reference value :  8.26250e-09
 Reference value :  8.27750e-09
 Reference value :  8.29250e-09
 Reference value :  8.31250e-09
 Reference value :  8.32750e-09
 Reference value :  8.34250e-09
 Reference value :  8.36250e-09
 Reference value :  8.38250e-09
 Reference value :  8.39750e-09
 Reference value :  8.41750e-09
 Reference value :  8.43750e-09
 Reference value :  8.45750e-09
 Reference value :  8.47250e-09
 Reference value :  8.48750e-09
 Reference value :  8.50750e-09
 Reference value :  8.53250e-09
 Reference value :  8.55750e-09
 Reference value :  8.58250e-09
 Reference value :  8.59750e-09
 Reference value :  8.61750e-09
 Reference value :  8.63250e-09
 Reference value :  8.65250e-09
 Reference value :  8.66750e-09
 Reference value :  8.68750e-09
 Reference value :  8.70750e-09
 Reference value :  8.72250e-09
 Reference value :  8.74250e-09
 Reference value :  8.75750e-09
 Reference value :  8.77250e-09
 Reference value :  8.79250e-09
 Reference value :  8.81750e-09
 Reference value :  8.84250e-09
 Reference value :  8.85750e-09
 Reference value :  8.87750e-09
 Reference value :  8.89750e-09
 Reference value :  8.91250e-09
 Reference value :  8.93250e-09
 Reference value :  8.95250e-09
 Reference value :  8.96750e-09
 Reference value :  8.98750e-09
 Reference value :  9.00250e-09
 Reference value :  9.02250e-09
 Reference value :  9.04250e-09
 Reference value :  9.05750e-09
 Reference value :  9.07750e-09
 Reference value :  9.09750e-09
 Reference value :  9.11750e-09
 Reference value :  9.13250e-09
 Reference value :  9.15250e-09
 Reference value :  9.17250e-09
 Reference value :  9.19250e-09
 Reference value :  9.20750e-09
 Reference value :  9.22250e-09
 Reference value :  9.24250e-09
 Reference value :  9.25750e-09
 Reference value :  9.27250e-09
 Reference value :  9.28750e-09
 Reference value :  9.30250e-09
 Reference value :  9.32250e-09
 Reference value :  9.34250e-09
 Reference value :  9.36250e-09
 Reference value :  9.37750e-09
 Reference value :  9.39250e-09
 Reference value :  9.40750e-09
 Reference value :  9.42750e-09
 Reference value :  9.44250e-09
 Reference value :  9.45750e-09
 Reference value :  9.47250e-09
 Reference value :  9.49250e-09
 Reference value :  9.50750e-09
 Reference value :  9.52250e-09
 Reference value :  9.54250e-09
 Reference value :  9.56250e-09
 Reference value :  9.57750e-09
 Reference value :  9.59250e-09
 Reference value :  9.61250e-09
 Reference value :  9.63250e-09
 Reference value :  9.64750e-09
 Reference value :  9.66250e-09
 Reference value :  9.67750e-09
 Reference value :  9.69250e-09
 Reference value :  9.71250e-09
 Reference value :  9.72750e-09
 Reference value :  9.74250e-09
 Reference value :  9.75750e-09
 Reference value :  9.77250e-09
 Reference value :  9.78750e-09
 Reference value :  9.80750e-09
 Reference value :  9.82750e-09
 Reference value :  9.84750e-09
 Reference value :  9.86750e-09
 Reference value :  9.89250e-09
 Reference value :  9.90750e-09
 Reference value :  9.92750e-09
 Reference value :  9.94750e-09
 Reference value :  9.96250e-09
 Reference value :  9.97750e-09
 Reference value :  9.99250e-09
 Reference value :  1.00075e-08
 Reference value :  1.00275e-08
 Reference value :  1.00475e-08
 Reference value :  1.00625e-08
 Reference value :  1.00775e-08
 Reference value :  1.00925e-08
 Reference value :  1.01125e-08
 Reference value :  1.01325e-08
 Reference value :  1.01525e-08
 Reference value :  1.01675e-08
 Reference value :  1.01825e-08
 Reference value :  1.01975e-08
 Reference value :  1.02175e-08
 Reference value :  1.02375e-08
 Reference value :  1.02575e-08
 Reference value :  1.02725e-08
 Reference value :  1.02875e-08
 Reference value :  1.03075e-08
 Reference value :  1.03225e-08
 Reference value :  1.03425e-08
 Reference value :  1.03575e-08
 Reference value :  1.03775e-08
 Reference value :  1.03975e-08
 Reference value :  1.04125e-08
 Reference value :  1.04275e-08
 Reference value :  1.04425e-08
 Reference value :  1.04625e-08
 Reference value :  1.04775e-08
 Reference value :  1.04925e-08
 Reference value :  1.05075e-08
 Reference value :  1.05275e-08
 Reference value :  1.05475e-08
 Reference value :  1.05625e-08
 Reference value :  1.05825e-08
 Reference value :  1.05975e-08
 Reference value :  1.06175e-08
 Reference value :  1.06325e-08
 Reference value :  1.06525e-08
 Reference value :  1.06775e-08
 Reference value :  1.06975e-08
 Reference value :  1.07125e-08
 Reference value :  1.07275e-08
 Reference value :  1.07425e-08
 Reference value :  1.07575e-08
 Reference value :  1.07775e-08
 Reference value :  1.07925e-08
 Reference value :  1.08075e-08
 Reference value :  1.08275e-08
 Reference value :  1.08475e-08
 Reference value :  1.08625e-08
 Reference value :  1.08825e-08
 Reference value :  1.09025e-08
 Reference value :  1.09225e-08
 Reference value :  1.09375e-08
 Reference value :  1.09525e-08
 Reference value :  1.09675e-08
 Reference value :  1.09875e-08
 Reference value :  1.10075e-08
 Reference value :  1.10225e-08
 Reference value :  1.10425e-08
 Reference value :  1.10575e-08
 Reference value :  1.10775e-08
 Reference value :  1.10975e-08
 Reference value :  1.11175e-08
 Reference value :  1.11325e-08
 Reference value :  1.11525e-08
 Reference value :  1.11725e-08
 Reference value :  1.11875e-08
 Reference value :  1.12025e-08
 Reference value :  1.12175e-08
 Reference value :  1.12325e-08
 Reference value :  1.12525e-08
 Reference value :  1.12725e-08
 Reference value :  1.12925e-08
 Reference value :  1.13075e-08
 Reference value :  1.13225e-08
 Reference value :  1.13375e-08
 Reference value :  1.13525e-08
 Reference value :  1.13725e-08
 Reference value :  1.13925e-08
 Reference value :  1.14075e-08
 Reference value :  1.14225e-08
 Reference value :  1.14375e-08
 Reference value :  1.14575e-08
 Reference value :  1.14775e-08
 Reference value :  1.14925e-08
 Reference value :  1.15075e-08
 Reference value :  1.15275e-08
 Reference value :  1.15475e-08
 Reference value :  1.15675e-08
 Reference value :  1.15825e-08
 Reference value :  1.16025e-08
 Reference value :  1.16225e-08
 Reference value :  1.16425e-08
 Reference value :  1.16575e-08
 Reference value :  1.16725e-08
 Reference value :  1.16875e-08
 Reference value :  1.17025e-08
 Reference value :  1.17225e-08
 Reference value :  1.17375e-08
 Reference value :  1.17525e-08
 Reference value :  1.17675e-08
 Reference value :  1.17875e-08
 Reference value :  1.18025e-08
 Reference value :  1.18225e-08
 Reference value :  1.18375e-08
 Reference value :  1.18575e-08
 Reference value :  1.18725e-08
 Reference value :  1.18875e-08
 Reference value :  1.19075e-08
 Reference value :  1.19275e-08
 Reference value :  1.19425e-08
 Reference value :  1.19625e-08
 Reference value :  1.19825e-08
 Reference value :  1.19975e-08
 Reference value :  1.20125e-08
 Reference value :  1.20325e-08
 Reference value :  1.20475e-08
 Reference value :  1.20625e-08
 Reference value :  1.20825e-08
 Reference value :  1.20975e-08
 Reference value :  1.21125e-08
 Reference value :  1.21275e-08
 Reference value :  1.21425e-08
 Reference value :  1.21625e-08
 Reference value :  1.21775e-08
 Reference value :  1.21925e-08
 Reference value :  1.22125e-08
 Reference value :  1.22275e-08
 Reference value :  1.22425e-08
 Reference value :  1.22575e-08
 Reference value :  1.22725e-08
 Reference value :  1.22925e-08
 Reference value :  1.23075e-08
 Reference value :  1.23225e-08
 Reference value :  1.23375e-08
 Reference value :  1.23575e-08
 Reference value :  1.23775e-08
 Reference value :  1.23975e-08
 Reference value :  1.24125e-08
 Reference value :  1.24325e-08
 Reference value :  1.24525e-08
 Reference value :  1.24725e-08
 Reference value :  1.24875e-08
 Reference value :  1.25075e-08
 Reference value :  1.25225e-08
 Reference value :  1.25375e-08
 Reference value :  1.25575e-08
 Reference value :  1.25725e-08
 Reference value :  1.25875e-08
 Reference value :  1.26025e-08
 Reference value :  1.26225e-08
 Reference value :  1.26425e-08
 Reference value :  1.26575e-08
 Reference value :  1.26725e-08
 Reference value :  1.26875e-08
 Reference value :  1.27025e-08
 Reference value :  1.27175e-08
 Reference value :  1.27325e-08
 Reference value :  1.27475e-08
 Reference value :  1.27625e-08
 Reference value :  1.27775e-08
 Reference value :  1.27925e-08
 Reference value :  1.28075e-08
 Reference value :  1.28225e-08
 Reference value :  1.28375e-08
 Reference value :  1.28575e-08
 Reference value :  1.28775e-08
 Reference value :  1.28925e-08
 Reference value :  1.29075e-08
 Reference value :  1.29225e-08
 Reference value :  1.29375e-08
 Reference value :  1.29575e-08
 Reference value :  1.29725e-08
 Reference value :  1.29875e-08
 Reference value :  1.30075e-08
 Reference value :  1.30225e-08
 Reference value :  1.30375e-08
 Reference value :  1.30575e-08
 Reference value :  1.30725e-08
 Reference value :  1.30925e-08
 Reference value :  1.31075e-08
 Reference value :  1.31225e-08
 Reference value :  1.31375e-08
 Reference value :  1.31525e-08
 Reference value :  1.31675e-08
 Reference value :  1.31875e-08
 Reference value :  1.32025e-08
 Reference value :  1.32225e-08
 Reference value :  1.32425e-08
 Reference value :  1.32625e-08
 Reference value :  1.32825e-08
 Reference value :  1.33025e-08
 Reference value :  1.33175e-08
 Reference value :  1.33325e-08
 Reference value :  1.33475e-08
 Reference value :  1.33675e-08
 Reference value :  1.33925e-08
 Reference value :  1.34075e-08
 Reference value :  1.34225e-08
 Reference value :  1.34425e-08
 Reference value :  1.34625e-08
 Reference value :  1.34775e-08
 Reference value :  1.34975e-08
 Reference value :  1.35125e-08
 Reference value :  1.35325e-08
 Reference value :  1.35475e-08
 Reference value :  1.35625e-08
 Reference value :  1.35775e-08
 Reference value :  1.35925e-08
 Reference value :  1.36075e-08
 Reference value :  1.36275e-08
 Reference value :  1.36425e-08
 Reference value :  1.36575e-08
 Reference value :  1.36725e-08
 Reference value :  1.36875e-08
 Reference value :  1.37075e-08
 Reference value :  1.37225e-08
 Reference value :  1.37375e-08
 Reference value :  1.37525e-08
 Reference value :  1.37675e-08
 Reference value :  1.37825e-08
 Reference value :  1.38025e-08
 Reference value :  1.38225e-08
 Reference value :  1.38375e-08
 Reference value :  1.38525e-08
 Reference value :  1.38725e-08
 Reference value :  1.38875e-08
 Reference value :  1.39025e-08
 Reference value :  1.39175e-08
 Reference value :  1.39325e-08
 Reference value :  1.39475e-08
 Reference value :  1.39675e-08
 Reference value :  1.39875e-08
 Reference value :  1.40075e-08
 Reference value :  1.40275e-08
 Reference value :  1.40425e-08
 Reference value :  1.40575e-08
 Reference value :  1.40725e-08
 Reference value :  1.40925e-08
 Reference value :  1.41075e-08
 Reference value :  1.41225e-08
 Reference value :  1.41425e-08
 Reference value :  1.41625e-08
 Reference value :  1.41775e-08
 Reference value :  1.41925e-08
 Reference value :  1.42075e-08
 Reference value :  1.42225e-08
 Reference value :  1.42375e-08
 Reference value :  1.42525e-08
 Reference value :  1.42675e-08
 Reference value :  1.42825e-08
 Reference value :  1.42975e-08
 Reference value :  1.43125e-08
 Reference value :  1.43275e-08
 Reference value :  1.43425e-08
 Reference value :  1.43625e-08
 Reference value :  1.43825e-08
 Reference value :  1.44025e-08
 Reference value :  1.44175e-08
 Reference value :  1.44325e-08
 Reference value :  1.44525e-08
 Reference value :  1.44675e-08
 Reference value :  1.44825e-08
 Reference value :  1.44975e-08
 Reference value :  1.45125e-08
 Reference value :  1.45275e-08
 Reference value :  1.45425e-08
 Reference value :  1.45575e-08
 Reference value :  1.45775e-08
 Reference value :  1.45925e-08
 Reference value :  1.46125e-08
 Reference value :  1.46325e-08
 Reference value :  1.46525e-08
 Reference value :  1.46675e-08
 Reference value :  1.46825e-08
 Reference value :  1.46975e-08
 Reference value :  1.47175e-08
 Reference value :  1.47375e-08
 Reference value :  1.47525e-08
 Reference value :  1.47725e-08
 Reference value :  1.47925e-08
 Reference value :  1.48075e-08
 Reference value :  1.48275e-08
 Reference value :  1.48425e-08
 Reference value :  1.48575e-08
 Reference value :  1.48775e-08
 Reference value :  1.48975e-08
 Reference value :  1.49125e-08
 Reference value :  1.49275e-08
 Reference value :  1.49475e-08
 Reference value :  1.49675e-08
 Reference value :  1.49825e-08
 Reference value :  1.50025e-08
 Reference value :  1.50175e-08
 Reference value :  1.50375e-08
 Reference value :  1.50525e-08
 Reference value :  1.50725e-08
 Reference value :  1.50875e-08
 Reference value :  1.51075e-08
 Reference value :  1.51325e-08
 Reference value :  1.51475e-08
 Reference value :  1.51675e-08
 Reference value :  1.51875e-08
 Reference value :  1.52025e-08
 Reference value :  1.52225e-08
 Reference value :  1.52425e-08
 Reference value :  1.52625e-08
 Reference value :  1.52775e-08
 Reference value :  1.52925e-08
 Reference value :  1.53075e-08
 Reference value :  1.53275e-08
 Reference value :  1.53475e-08
 Reference value :  1.53675e-08
 Reference value :  1.53825e-08
 Reference value :  1.54025e-08
 Reference value :  1.54175e-08
 Reference value :  1.54375e-08
 Reference value :  1.54525e-08
 Reference value :  1.54675e-08
 Reference value :  1.54875e-08
 Reference value :  1.55075e-08
 Reference value :  1.55275e-08
 Reference value :  1.55425e-08
 Reference value :  1.55575e-08
 Reference value :  1.55775e-08
 Reference value :  1.55975e-08
 Reference value :  1.56125e-08
 Reference value :  1.56275e-08
 Reference value :  1.56475e-08
 Reference value :  1.56675e-08
 Reference value :  1.56875e-08
 Reference value :  1.57075e-08
 Reference value :  1.57225e-08
 Reference value :  1.57425e-08
 Reference value :  1.57625e-08
 Reference value :  1.57775e-08
 Reference value :  1.57975e-08
 Reference value :  1.58125e-08
 Reference value :  1.58325e-08
 Reference value :  1.59725e-08
 Reference value :  1.59925e-08
 Reference value :  1.60075e-08
 Reference value :  1.60275e-08
 Reference value :  1.60475e-08
 Reference value :  1.60675e-08
 Reference value :  1.60825e-08
 Reference value :  1.61025e-08
 Reference value :  1.61225e-08
 Reference value :  1.61425e-08
 Reference value :  1.61625e-08
 Reference value :  1.61825e-08
 Reference value :  1.61975e-08
 Reference value :  1.62125e-08
 Reference value :  1.62275e-08
 Reference value :  1.62475e-08
 Reference value :  1.62675e-08
 Reference value :  1.62875e-08
 Reference value :  1.63025e-08
 Reference value :  1.63225e-08
 Reference value :  1.63425e-08
 Reference value :  1.63575e-08
 Reference value :  1.63825e-08
 Reference value :  1.64025e-08
 Reference value :  1.64175e-08
 Reference value :  1.64375e-08
 Reference value :  1.64575e-08
 Reference value :  1.64725e-08
 Reference value :  1.64925e-08
 Reference value :  1.65125e-08
 Reference value :  1.65325e-08
 Reference value :  1.65475e-08
 Reference value :  1.65625e-08
 Reference value :  1.65825e-08
 Reference value :  1.65975e-08
 Reference value :  1.66125e-08
 Reference value :  1.66325e-08
 Reference value :  1.66525e-08
 Reference value :  1.66675e-08
 Reference value :  1.66825e-08
 Reference value :  1.67075e-08
 Reference value :  1.67275e-08
 Reference value :  1.67475e-08
 Reference value :  1.67675e-08
 Reference value :  1.67875e-08
 Reference value :  1.68075e-08
 Reference value :  1.68275e-08
 Reference value :  1.68425e-08
 Reference value :  1.68625e-08
 Reference value :  1.68875e-08
 Reference value :  1.69025e-08
 Reference value :  1.69175e-08
 Reference value :  1.69375e-08
 Reference value :  1.69525e-08
 Reference value :  1.69675e-08
 Reference value :  1.69825e-08
 Reference value :  1.70025e-08
 Reference value :  1.70175e-08
 Reference value :  1.70325e-08
 Reference value :  1.70475e-08
 Reference value :  1.70675e-08
 Reference value :  1.70875e-08
 Reference value :  1.71075e-08
 Reference value :  1.71225e-08
 Reference value :  1.71375e-08
 Reference value :  1.71575e-08
 Reference value :  1.71725e-08
 Reference value :  1.71925e-08
 Reference value :  1.72075e-08
 Reference value :  1.72225e-08
 Reference value :  1.72375e-08
 Reference value :  1.72575e-08
 Reference value :  1.72725e-08
 Reference value :  1.72925e-08
 Reference value :  1.73075e-08
 Reference value :  1.73225e-08
 Reference value :  1.73425e-08
 Reference value :  1.73625e-08
 Reference value :  1.73775e-08
 Reference value :  1.73975e-08
 Reference value :  1.74125e-08
 Reference value :  1.74275e-08
 Reference value :  1.74425e-08
 Reference value :  1.74575e-08
 Reference value :  1.74775e-08
 Reference value :  1.74925e-08
 Reference value :  1.75075e-08
 Reference value :  1.75325e-08
 Reference value :  1.75475e-08
 Reference value :  1.75625e-08
 Reference value :  1.75775e-08
 Reference value :  1.75975e-08
 Reference value :  1.76175e-08
 Reference value :  1.76325e-08
 Reference value :  1.76525e-08
 Reference value :  1.76675e-08
 Reference value :  1.76825e-08
 Reference value :  1.76975e-08
 Reference value :  1.77125e-08
 Reference value :  1.77325e-08
 Reference value :  1.77475e-08
 Reference value :  1.77625e-08
 Reference value :  1.77825e-08
 Reference value :  1.78025e-08
 Reference value :  1.78225e-08
 Reference value :  1.78375e-08
 Reference value :  1.78575e-08
 Reference value :  1.78825e-08
 Reference value :  1.78975e-08
 Reference value :  1.79125e-08
 Reference value :  1.79275e-08
 Reference value :  1.79475e-08
 Reference value :  1.79625e-08
 Reference value :  1.79825e-08
 Reference value :  1.80025e-08
 Reference value :  1.80225e-08
 Reference value :  1.80375e-08
 Reference value :  1.80575e-08
 Reference value :  1.80775e-08
 Reference value :  1.80925e-08
 Reference value :  1.81125e-08
 Reference value :  1.81325e-08
 Reference value :  1.81525e-08
 Reference value :  1.81725e-08
 Reference value :  1.81925e-08
 Reference value :  1.82125e-08
 Reference value :  1.82325e-08
 Reference value :  1.82475e-08
 Reference value :  1.82675e-08
 Reference value :  1.82875e-08
 Reference value :  1.83025e-08
 Reference value :  1.83225e-08
 Reference value :  1.83375e-08
 Reference value :  1.83525e-08
 Reference value :  1.83675e-08
 Reference value :  1.83875e-08
 Reference value :  1.84075e-08
 Reference value :  1.84225e-08
 Reference value :  1.84375e-08
 Reference value :  1.84525e-08
 Reference value :  1.84675e-08
 Reference value :  1.84825e-08
 Reference value :  1.84975e-08
 Reference value :  1.85175e-08
 Reference value :  1.85325e-08
 Reference value :  1.85475e-08
 Reference value :  1.85625e-08
 Reference value :  1.85825e-08
 Reference value :  1.85975e-08
 Reference value :  1.86175e-08
 Reference value :  1.86375e-08
 Reference value :  1.86525e-08
 Reference value :  1.86725e-08
 Reference value :  1.86925e-08
 Reference value :  1.87125e-08
 Reference value :  1.87325e-08
 Reference value :  1.87525e-08
 Reference value :  1.87725e-08
 Reference value :  1.87925e-08
 Reference value :  1.88125e-08
 Reference value :  1.88325e-08
 Reference value :  1.88525e-08
 Reference value :  1.88675e-08
 Reference value :  1.88875e-08
 Reference value :  1.89025e-08
 Reference value :  1.89225e-08
 Reference value :  1.89425e-08
 Reference value :  1.89575e-08
 Reference value :  1.89775e-08
 Reference value :  1.89975e-08
 Reference value :  1.90175e-08
 Reference value :  1.90325e-08
 Reference value :  1.90475e-08
 Reference value :  1.90675e-08
 Reference value :  1.90825e-08
 Reference value :  1.91025e-08
 Reference value :  1.91175e-08
 Reference value :  1.91375e-08
 Reference value :  1.91525e-08
 Reference value :  1.91675e-08
 Reference value :  1.91825e-08
 Reference value :  1.91975e-08
 Reference value :  1.92175e-08
 Reference value :  1.92325e-08
 Reference value :  1.92475e-08
 Reference value :  1.92625e-08
 Reference value :  1.92825e-08
 Reference value :  1.92975e-08
 Reference value :  1.93125e-08
 Reference value :  1.93325e-08
 Reference value :  1.93525e-08
 Reference value :  1.93725e-08
 Reference value :  1.93875e-08
 Reference value :  1.94075e-08
 Reference value :  1.94275e-08
 Reference value :  1.94475e-08
 Reference value :  1.94725e-08
 Reference value :  1.94875e-08
 Reference value :  1.95425e-08
 Reference value :  1.95625e-08
 Reference value :  1.95775e-08
 Reference value :  1.95975e-08
 Reference value :  1.96125e-08
 Reference value :  1.96325e-08
 Reference value :  1.96525e-08
 Reference value :  1.96725e-08
 Reference value :  1.96875e-08
 Reference value :  1.97025e-08
 Reference value :  1.97225e-08
 Reference value :  1.97375e-08
 Reference value :  1.97525e-08
 Reference value :  1.97725e-08
 Reference value :  1.97875e-08
 Reference value :  1.98075e-08
 Reference value :  1.98225e-08
 Reference value :  1.98425e-08
 Reference value :  1.98625e-08
 Reference value :  1.98825e-08
 Reference value :  1.99025e-08
 Reference value :  1.99175e-08
 Reference value :  1.99325e-08
 Reference value :  1.99525e-08
 Reference value :  1.99725e-08
 Reference value :  1.99925e-08
 Reference value :  2.01325e-08
 Reference value :  2.01525e-08
 Reference value :  2.01675e-08
 Reference value :  2.01875e-08
 Reference value :  2.02075e-08
 Reference value :  2.02275e-08
 Reference value :  2.02425e-08
 Reference value :  2.02575e-08
 Reference value :  2.02775e-08
 Reference value :  2.02975e-08
 Reference value :  2.03175e-08
 Reference value :  2.03375e-08
 Reference value :  2.03575e-08
 Reference value :  2.03775e-08
 Reference value :  2.03975e-08
 Reference value :  2.04125e-08
 Reference value :  2.04275e-08
 Reference value :  2.04425e-08
 Reference value :  2.04575e-08
 Reference value :  2.04775e-08
 Reference value :  2.04925e-08
 Reference value :  2.05125e-08
 Reference value :  2.05325e-08
 Reference value :  2.05525e-08
 Reference value :  2.05725e-08
 Reference value :  2.05875e-08
 Reference value :  2.06025e-08
 Reference value :  2.06175e-08
 Reference value :  2.06375e-08
 Reference value :  2.06525e-08
 Reference value :  2.06675e-08
 Reference value :  2.06875e-08
 Reference value :  2.07075e-08
 Reference value :  2.07275e-08
 Reference value :  2.07475e-08
 Reference value :  2.07675e-08
 Reference value :  2.07875e-08
 Reference value :  2.08025e-08
 Reference value :  2.08175e-08
 Reference value :  2.08325e-08
 Reference value :  2.08475e-08
 Reference value :  2.08675e-08
 Reference value :  2.08875e-08
 Reference value :  2.09075e-08
 Reference value :  2.09275e-08
 Reference value :  2.09475e-08
 Reference value :  2.09625e-08
 Reference value :  2.09825e-08
 Reference value :  2.09975e-08
 Reference value :  2.10125e-08
 Reference value :  2.10325e-08
 Reference value :  2.10475e-08
 Reference value :  2.10625e-08
 Reference value :  2.10775e-08
 Reference value :  2.10925e-08
 Reference value :  2.11125e-08
 Reference value :  2.11325e-08
 Reference value :  2.11525e-08
 Reference value :  2.11675e-08
 Reference value :  2.11825e-08
 Reference value :  2.11975e-08
 Reference value :  2.12175e-08
 Reference value :  2.12325e-08
 Reference value :  2.12525e-08
 Reference value :  2.12725e-08
 Reference value :  2.12875e-08
 Reference value :  2.13075e-08
 Reference value :  2.13275e-08
 Reference value :  2.13475e-08
 Reference value :  2.13675e-08
 Reference value :  2.13875e-08
 Reference value :  2.14025e-08
 Reference value :  2.14225e-08
 Reference value :  2.14425e-08
 Reference value :  2.14575e-08
 Reference value :  2.14775e-08
 Reference value :  2.14975e-08
 Reference value :  2.15175e-08
 Reference value :  2.15375e-08
 Reference value :  2.15575e-08
 Reference value :  2.15725e-08
 Reference value :  2.15925e-08
 Reference value :  2.16125e-08
 Reference value :  2.16325e-08
 Reference value :  2.16475e-08
 Reference value :  2.16675e-08
 Reference value :  2.16875e-08
 Reference value :  2.17075e-08
 Reference value :  2.17225e-08
 Reference value :  2.17425e-08
 Reference value :  2.17625e-08
 Reference value :  2.17825e-08
 Reference value :  2.18025e-08
 Reference value :  2.18225e-08
 Reference value :  2.18375e-08
 Reference value :  2.18575e-08
 Reference value :  2.18775e-08
 Reference value :  2.18975e-08
 Reference value :  2.19125e-08
 Reference value :  2.19275e-08
 Reference value :  2.19475e-08
 Reference value :  2.19675e-08
 Reference value :  2.19875e-08
 Reference value :  2.20025e-08
 Reference value :  2.20225e-08
 Reference value :  2.20425e-08
 Reference value :  2.20575e-08
 Reference value :  2.20775e-08
 Reference value :  2.20975e-08
 Reference value :  2.21125e-08
 Reference value :  2.21275e-08
 Reference value :  2.21475e-08
 Reference value :  2.21625e-08
 Reference value :  2.21775e-08
 Reference value :  2.21975e-08
 Reference value :  2.22125e-08
 Reference value :  2.22275e-08
 Reference value :  2.22475e-08
 Reference value :  2.22625e-08
 Reference value :  2.22775e-08
 Reference value :  2.23025e-08
 Reference value :  2.23325e-08
 Reference value :  2.23525e-08
 Reference value :  2.23775e-08
 Reference value :  2.23975e-08
 Reference value :  2.24175e-08
 Reference value :  2.24375e-08
 Reference value :  2.24575e-08
 Reference value :  2.24775e-08
 Reference value :  2.24925e-08
 Reference value :  2.25125e-08
 Reference value :  2.25325e-08
 Reference value :  2.25525e-08
 Reference value :  2.25675e-08
 Reference value :  2.25825e-08
 Reference value :  2.25975e-08
 Reference value :  2.26125e-08
 Reference value :  2.26325e-08
 Reference value :  2.26475e-08
 Reference value :  2.26675e-08
 Reference value :  2.26875e-08
 Reference value :  2.27075e-08
 Reference value :  2.27275e-08
 Reference value :  2.27425e-08
 Reference value :  2.27625e-08
 Reference value :  2.27775e-08
 Reference value :  2.27925e-08
 Reference value :  2.28175e-08
 Reference value :  2.28325e-08
 Reference value :  2.28525e-08
 Reference value :  2.28675e-08
 Reference value :  2.28875e-08
 Reference value :  2.29075e-08
 Reference value :  2.29225e-08
 Reference value :  2.29425e-08
 Reference value :  2.29625e-08
 Reference value :  2.29825e-08
 Reference value :  2.30025e-08
 Reference value :  2.30225e-08
 Reference value :  2.30375e-08
 Reference value :  2.30525e-08
 Reference value :  2.30675e-08
 Reference value :  2.30875e-08
 Reference value :  2.31025e-08
 Reference value :  2.31225e-08
 Reference value :  2.31375e-08
 Reference value :  2.31575e-08
 Reference value :  2.31725e-08
 Reference value :  2.31925e-08
 Reference value :  2.32075e-08
 Reference value :  2.32275e-08
 Reference value :  2.32475e-08
 Reference value :  2.32625e-08
 Reference value :  2.32775e-08
 Reference value :  2.32975e-08
 Reference value :  2.33125e-08
 Reference value :  2.33325e-08
 Reference value :  2.33525e-08
 Reference value :  2.33725e-08
 Reference value :  2.33875e-08
 Reference value :  2.34075e-08
 Reference value :  2.34225e-08
 Reference value :  2.34425e-08
 Reference value :  2.34625e-08
 Reference value :  2.34775e-08
 Reference value :  2.34975e-08
 Reference value :  2.35175e-08
 Reference value :  2.35325e-08
 Reference value :  2.35525e-08
 Reference value :  2.35725e-08
 Reference value :  2.35925e-08
 Reference value :  2.36125e-08
 Reference value :  2.36275e-08
 Reference value :  2.36425e-08
 Reference value :  2.36575e-08
 Reference value :  2.36725e-08
 Reference value :  2.36925e-08
 Reference value :  2.37125e-08
 Reference value :  2.37325e-08
 Reference value :  2.37525e-08
 Reference value :  2.37725e-08
 Reference value :  2.37875e-08
 Reference value :  2.38075e-08
 Reference value :  2.38225e-08
 Reference value :  2.38425e-08
 Reference value :  2.38625e-08
 Reference value :  2.38775e-08
 Reference value :  2.40075e-08
 Reference value :  2.40275e-08
 Reference value :  2.40475e-08
 Reference value :  2.40675e-08
 Reference value :  2.40875e-08
 Reference value :  2.41025e-08
 Reference value :  2.41225e-08
 Reference value :  2.41425e-08
 Reference value :  2.41575e-08
 Reference value :  2.41775e-08
 Reference value :  2.41925e-08
 Reference value :  2.42125e-08
 Reference value :  2.42275e-08
 Reference value :  2.42475e-08
 Reference value :  2.42675e-08
 Reference value :  2.42925e-08
 Reference value :  2.43125e-08
 Reference value :  2.43325e-08
 Reference value :  2.43525e-08
 Reference value :  2.43725e-08
 Reference value :  2.43925e-08
 Reference value :  2.44175e-08
 Reference value :  2.44325e-08
 Reference value :  2.44525e-08
 Reference value :  2.44725e-08
 Reference value :  2.44975e-08
 Reference value :  2.45125e-08
 Reference value :  2.45275e-08
 Reference value :  2.45475e-08
 Reference value :  2.45675e-08
 Reference value :  2.45875e-08
 Reference value :  2.46075e-08
 Reference value :  2.46275e-08
 Reference value :  2.46525e-08
 Reference value :  2.46725e-08
 Reference value :  2.46875e-08
 Reference value :  2.47125e-08
 Reference value :  2.47275e-08
 Reference value :  2.47425e-08
 Reference value :  2.47675e-08
 Reference value :  2.47875e-08
 Reference value :  2.48075e-08
 Reference value :  2.48325e-08
 Reference value :  2.48525e-08
 Reference value :  2.48675e-08
 Reference value :  2.48825e-08
 Reference value :  2.49075e-08
 Reference value :  2.50325e-08
 Reference value :  2.50525e-08
 Reference value :  2.50675e-08
 Reference value :  2.50875e-08
No. of Data Rows : 5034
Note: Simulation executed from .control section 
