
Note: Compatibility modes selected: hs a


Circuit: * comparator-decision kickback probe -- vindiff=1.7578mv corner=tt temp=27.0c rsrc=1000.0ohm (issue #346)

option SCALE: Scale is set to 1e-06 for instance and model parameters
option SCALE: Scale is set to 1e-06 for instance and model parameters
option SCALE: Scale is set to 1e-06 for instance and model parameters
option SCALE: Scale is set to 1e-06 for instance and model parameters
Doing analysis at TEMP = 27.000000 and TNOM = 27.000000

Using KLU as Direct Linear Solver
 Reference value :  0.00000e+00
 Reference value :  2.78140e-09
 Reference value :  6.25750e-09
 Reference value :  9.14750e-09
 Reference value :  1.23925e-08
 Reference value :  1.46875e-08
 Reference value :  1.66225e-08
 Reference value :  1.81325e-08
 Reference value :  1.95375e-08
 Reference value :  1.95575e-08
 Reference value :  1.96425e-08
 Reference value :  1.96625e-08
 Reference value :  1.96825e-08
 Reference value :  1.97025e-08
 Reference value :  1.99975e-08
 Reference value :  2.09575e-08
 Reference value :  2.09775e-08
 Reference value :  2.47025e-08
 Reference value :  2.67325e-08
 Reference value :  2.67525e-08
 Reference value :  2.78675e-08
 Reference value :  2.93025e-08
 Reference value :  3.23325e-08
 Reference value :  3.23525e-08
 Reference value :  3.31475e-08
 Reference value :  3.34375e-08
 Reference value :  3.48125e-08
 Reference value :  3.70325e-08
 Reference value :  3.97425e-08
 Reference value :  4.07025e-08
 Reference value :  4.17225e-08
 Reference value :  4.24575e-08
 Reference value :  4.31575e-08
 Reference value :  4.31775e-08
 Reference value :  4.31975e-08
 Reference value :  4.32175e-08
 Reference value :  4.32325e-08
 Reference value :  4.36925e-08
No. of Data Rows : 9034
Note: Simulation executed from .control section 
