
Note: Compatibility modes selected: hs a


Circuit: * comparator-decision kickback probe -- vindiff=0.0mv corner=tt temp=27.0c rsrc=1000.0ohm (issue #346)

option SCALE: Scale is set to 1e-06 for instance and model parameters
option SCALE: Scale is set to 1e-06 for instance and model parameters
option SCALE: Scale is set to 1e-06 for instance and model parameters
option SCALE: Scale is set to 1e-06 for instance and model parameters
Doing analysis at TEMP = 27.000000 and TNOM = 27.000000

Using KLU as Direct Linear Solver
 Reference value :  0.00000e+00
 Reference value :  2.69640e-09
 Reference value :  3.07640e-09
 Reference value :  3.09640e-09
 Reference value :  3.60640e-09
 Reference value :  3.71640e-09
 Reference value :  3.97140e-09
 Reference value :  4.05140e-09
 Reference value :  5.23250e-09
 Reference value :  6.40750e-09
 Reference value :  6.42750e-09
 Reference value :  7.36250e-09
 Reference value :  9.59750e-09
 Reference value :  1.21625e-08
 Reference value :  1.34525e-08
 Reference value :  1.47975e-08
 Reference value :  1.62975e-08
 Reference value :  1.63175e-08
 Reference value :  1.85125e-08
 Reference value :  2.16125e-08
 Reference value :  2.40175e-08
 Reference value :  2.69525e-08
 Reference value :  3.02325e-08
 Reference value :  3.23475e-08
 Reference value :  3.27925e-08
 Reference value :  3.31525e-08
 Reference value :  3.33175e-08
 Reference value :  3.33375e-08
 Reference value :  3.33525e-08
 Reference value :  3.49625e-08
 Reference value :  3.52575e-08
 Reference value :  3.55775e-08
 Reference value :  3.70375e-08
 Reference value :  3.89175e-08
 Reference value :  4.14525e-08
 Reference value :  4.46775e-08
No. of Data Rows : 9034
Note: Simulation executed from .control section 
