
Note: Compatibility modes selected: hs a


Circuit: * cdac-array-transfer monte carlo -- corner=tt_mm temp=27.0c supply=1.8v seed=28 (issue #29)

option SCALE: Scale is set to 1e-06 for instance and model parameters
option SCALE: Scale is set to 1e-06 for instance and model parameters
option SCALE: Scale is set to 1e-06 for instance and model parameters
option SCALE: Scale is set to 1e-06 for instance and model parameters
Doing analysis at TEMP = 27.000000 and TNOM = 27.000000

Using KLU as Direct Linear Solver
 Reference value :  0.00000e+00
 Reference value :  4.00000e-11
 Reference value :  6.10000e-10
 Reference value :  9.60000e-10
 Reference value :  9.87309e-10
 Reference value :  1.04320e-09
 Reference value :  1.10000e-09
 Reference value :  1.12150e-09
 Reference value :  1.18224e-09
 Reference value :  1.29923e-09
 Reference value :  1.52433e-09
 Reference value :  1.94671e-09
 Reference value :  2.74523e-09
 Reference value :  3.74523e-09
 Reference value :  5.24523e-09
 Reference value :  6.24523e-09
 Reference value :  7.74523e-09
 Reference value :  8.74523e-09
 Reference value :  9.74523e-09
 Reference value :  1.07452e-08
 Reference value :  1.17452e-08
 Reference value :  1.27452e-08
 Reference value :  1.42452e-08
 Reference value :  1.52452e-08
 Reference value :  1.62452e-08
 Reference value :  1.77452e-08
 Reference value :  1.87452e-08
 Reference value :  1.97452e-08
 Reference value :  2.07452e-08
 Reference value :  2.22452e-08
 Reference value :  2.32452e-08
 Reference value :  2.42452e-08
 Reference value :  2.52452e-08
 Reference value :  2.62452e-08
 Reference value :  2.72452e-08
 Reference value :  2.87452e-08
 Reference value :  2.97452e-08
 Reference value :  3.12452e-08
 Reference value :  3.27452e-08
 Reference value :  3.42452e-08
 Reference value :  3.57452e-08
 Reference value :  3.72452e-08
 Reference value :  3.82452e-08
 Reference value :  3.97452e-08
 Reference value :  4.07452e-08
 Reference value :  4.17452e-08
 Reference value :  4.32452e-08
 Reference value :  4.42452e-08
 Reference value :  4.52452e-08
 Reference value :  4.62452e-08
 Reference value :  4.72452e-08
 Reference value :  4.82452e-08
 Reference value :  4.92452e-08
 Reference value :  5.02452e-08
 Reference value :  5.22452e-08
 Reference value :  5.57452e-08
 Reference value :  6.02452e-08
 Reference value :  6.37452e-08
 Reference value :  6.52452e-08
 Reference value :  6.62452e-08
 Reference value :  6.87452e-08
 Reference value :  7.22452e-08
 Reference value :  7.57452e-08
 Reference value :  7.67452e-08
 Reference value :  7.97452e-08
 Reference value :  8.17452e-08
 Reference value :  8.27452e-08
 Reference value :  8.37452e-08
 Reference value :  8.52452e-08
 Reference value :  8.62452e-08
 Reference value :  8.72452e-08
 Reference value :  8.82452e-08
 Reference value :  8.97452e-08
 Reference value :  9.07452e-08
 Reference value :  9.17452e-08
 Reference value :  9.27452e-08
 Reference value :  9.37452e-08
 Reference value :  9.47452e-08
 Reference value :  9.57452e-08
 Reference value :  9.67452e-08
 Reference value :  9.92452e-08
 Reference value :  1.03245e-07
 Reference value :  1.06745e-07
 Reference value :  1.11245e-07
 Reference value :  1.15245e-07
 Reference value :  1.19245e-07
 Reference value :  1.21745e-07
 Reference value :  1.22745e-07
 Reference value :  1.23745e-07
 Reference value :  1.24745e-07
 Reference value :  1.26245e-07
 Reference value :  1.29745e-07
 Reference value :  1.33745e-07
 Reference value :  1.35245e-07
 Reference value :  1.36245e-07
 Reference value :  1.37745e-07
 Reference value :  1.38745e-07
 Reference value :  1.39745e-07
 Reference value :  1.40745e-07
 Reference value :  1.42245e-07
 Reference value :  1.43745e-07
 Reference value :  1.44745e-07
 Reference value :  1.46245e-07
 Reference value :  1.47245e-07
 Reference value :  1.48245e-07
 Reference value :  1.49745e-07
 Reference value :  1.50745e-07
 Reference value :  1.51745e-07
 Reference value :  1.52745e-07
 Reference value :  1.53745e-07
 Reference value :  1.55245e-07
 Reference value :  1.56745e-07
 Reference value :  1.57745e-07
 Reference value :  1.58745e-07
 Reference value :  1.60245e-07
 Reference value :  1.61245e-07
 Reference value :  1.62245e-07
 Reference value :  1.63245e-07
 Reference value :  1.64745e-07
 Reference value :  1.68745e-07
 Reference value :  1.72745e-07
 Reference value :  1.76745e-07
 Reference value :  1.80245e-07
 Reference value :  1.81245e-07
 Reference value :  1.82245e-07
 Reference value :  1.83745e-07
 Reference value :  1.85245e-07
 Reference value :  1.86245e-07
 Reference value :  1.87745e-07
 Reference value :  1.89245e-07
 Reference value :  1.90245e-07
 Reference value :  1.91745e-07
 Reference value :  1.93245e-07
 Reference value :  1.94245e-07
 Reference value :  1.95245e-07
 Reference value :  1.96745e-07
 Reference value :  1.98245e-07
 Reference value :  1.99245e-07
 Reference value :  2.00745e-07
 Reference value :  2.01745e-07
 Reference value :  2.03245e-07
 Reference value :  2.04245e-07
 Reference value :  2.05245e-07
 Reference value :  2.06245e-07
 Reference value :  2.07245e-07
 Reference value :  2.08745e-07
 Reference value :  2.09745e-07
 Reference value :  2.10745e-07
 Reference value :  2.12245e-07
 Reference value :  2.13245e-07
 Reference value :  2.14245e-07
 Reference value :  2.15745e-07
 Reference value :  2.17245e-07
 Reference value :  2.18245e-07
 Reference value :  2.19745e-07
 Reference value :  2.20745e-07
 Reference value :  2.22245e-07
 Reference value :  2.23245e-07
 Reference value :  2.24245e-07
 Reference value :  2.25245e-07
 Reference value :  2.26245e-07
 Reference value :  2.27245e-07
 Reference value :  2.28245e-07
 Reference value :  2.29245e-07
 Reference value :  2.30745e-07
 Reference value :  2.32245e-07
 Reference value :  2.33745e-07
 Reference value :  2.34745e-07
 Reference value :  2.36245e-07
 Reference value :  2.37245e-07
 Reference value :  2.38745e-07
 Reference value :  2.40245e-07
 Reference value :  2.41245e-07
 Reference value :  2.42745e-07
 Reference value :  2.44245e-07
 Reference value :  2.45245e-07
 Reference value :  2.46745e-07
 Reference value :  2.48245e-07
 Reference value :  2.49745e-07
 Reference value :  2.51245e-07
 Reference value :  2.52745e-07
 Reference value :  2.54245e-07
 Reference value :  2.55745e-07
 Reference value :  2.57245e-07
 Reference value :  2.58745e-07
 Reference value :  2.60245e-07
 Reference value :  2.63745e-07
 Reference value :  2.65245e-07
 Reference value :  2.66745e-07
 Reference value :  2.67745e-07
 Reference value :  2.69245e-07
 Reference value :  2.70745e-07
 Reference value :  2.71745e-07
 Reference value :  2.73245e-07
 Reference value :  2.74745e-07
 Reference value :  2.76245e-07
 Reference value :  2.77745e-07
 Reference value :  2.79245e-07
 Reference value :  2.80745e-07
 Reference value :  2.82745e-07
 Reference value :  2.84245e-07
 Reference value :  2.85745e-07
 Reference value :  2.87245e-07
 Reference value :  2.88745e-07
 Reference value :  2.90245e-07
 Reference value :  2.91745e-07
 Reference value :  2.93245e-07
 Reference value :  2.94745e-07
 Reference value :  2.96245e-07
 Reference value :  2.97745e-07
 Reference value :  2.99245e-07
 Reference value :  3.00745e-07
 Reference value :  3.02245e-07
 Reference value :  3.03745e-07
 Reference value :  3.05245e-07
 Reference value :  3.07245e-07
 Reference value :  3.08745e-07
 Reference value :  3.10745e-07
 Reference value :  3.12745e-07
 Reference value :  3.14245e-07
 Reference value :  3.15745e-07
 Reference value :  3.16745e-07
 Reference value :  3.18245e-07
 Reference value :  3.19745e-07
 Reference value :  3.20745e-07
 Reference value :  3.21745e-07
 Reference value :  3.23245e-07
 Reference value :  3.24745e-07
 Reference value :  3.26245e-07
 Reference value :  3.27245e-07
 Reference value :  3.28745e-07
 Reference value :  3.29745e-07
 Reference value :  3.31245e-07
 Reference value :  3.32745e-07
 Reference value :  3.33745e-07
 Reference value :  3.35245e-07
 Reference value :  3.36745e-07
 Reference value :  3.38245e-07
 Reference value :  3.39745e-07
 Reference value :  3.41745e-07
 Reference value :  3.43245e-07
 Reference value :  3.45245e-07
 Reference value :  3.46745e-07
 Reference value :  3.48245e-07
 Reference value :  3.50245e-07
 Reference value :  3.52245e-07
 Reference value :  3.53245e-07
 Reference value :  3.54245e-07
 Reference value :  3.55745e-07
 Reference value :  3.57245e-07
 Reference value :  3.58745e-07
 Reference value :  3.60745e-07
 Reference value :  3.62245e-07
 Reference value :  3.64245e-07
 Reference value :  3.66245e-07
 Reference value :  3.67745e-07
 Reference value :  3.69245e-07
 Reference value :  3.70745e-07
 Reference value :  3.72245e-07
 Reference value :  3.73745e-07
 Reference value :  3.75245e-07
 Reference value :  3.76745e-07
 Reference value :  3.77745e-07
 Reference value :  3.78745e-07
 Reference value :  3.80245e-07
 Reference value :  3.81245e-07
 Reference value :  3.82245e-07
 Reference value :  3.83245e-07
 Reference value :  3.84745e-07
 Reference value :  3.86245e-07
 Reference value :  3.87245e-07
 Reference value :  3.88245e-07
 Reference value :  3.89745e-07
 Reference value :  3.91245e-07
 Reference value :  3.92745e-07
 Reference value :  3.94245e-07
 Reference value :  3.95745e-07
 Reference value :  3.97745e-07
 Reference value :  3.98745e-07
 Reference value :  3.99745e-07
 Reference value :  4.00745e-07
 Reference value :  4.02245e-07
 Reference value :  4.03745e-07
 Reference value :  4.05245e-07
 Reference value :  4.06745e-07
 Reference value :  4.08245e-07
 Reference value :  4.09745e-07
 Reference value :  4.11245e-07
 Reference value :  4.12745e-07
 Reference value :  4.14245e-07
 Reference value :  4.15745e-07
 Reference value :  4.17245e-07
 Reference value :  4.18745e-07
 Reference value :  4.20245e-07
 Reference value :  4.21745e-07
 Reference value :  4.23245e-07
 Reference value :  4.24245e-07
 Reference value :  4.25745e-07
 Reference value :  4.27245e-07
 Reference value :  4.28745e-07
 Reference value :  4.30745e-07
 Reference value :  4.32245e-07
 Reference value :  4.34245e-07
 Reference value :  4.35745e-07
 Reference value :  4.37745e-07
 Reference value :  4.39745e-07
 Reference value :  4.41245e-07
 Reference value :  4.42745e-07
 Reference value :  4.44245e-07
 Reference value :  4.45745e-07
 Reference value :  4.47245e-07
 Reference value :  4.48745e-07
 Reference value :  4.50245e-07
 Reference value :  4.51245e-07
 Reference value :  4.52245e-07
 Reference value :  4.53245e-07
 Reference value :  4.54745e-07
 Reference value :  4.56245e-07
 Reference value :  4.58245e-07
 Reference value :  4.59745e-07
 Reference value :  4.61245e-07
 Reference value :  4.62245e-07
 Reference value :  4.63745e-07
 Reference value :  4.64745e-07
 Reference value :  4.65745e-07
 Reference value :  4.67245e-07
 Reference value :  4.68745e-07
 Reference value :  4.70745e-07
 Reference value :  4.72245e-07
 Reference value :  4.73245e-07
 Reference value :  4.74745e-07
 Reference value :  4.76245e-07
 Reference value :  4.77745e-07
 Reference value :  4.78745e-07
 Reference value :  4.80245e-07
 Reference value :  4.81745e-07
 Reference value :  4.83245e-07
 Reference value :  4.85245e-07
 Reference value :  4.87245e-07
 Reference value :  4.89245e-07
 Reference value :  4.91245e-07
 Reference value :  4.93245e-07
 Reference value :  4.94745e-07
 Reference value :  4.96245e-07
 Reference value :  4.97745e-07
 Reference value :  4.99623e-07
No. of Data Rows : 1026
vtop_p_0            =  9.00000e-01
vtop_n_0            =  2.69716e+00
vtop_p_1            =  9.03524e-01
vtop_n_1            =  2.69367e+00
vtop_p_2            =  9.07048e-01
vtop_n_2            =  2.69015e+00
vtop_p_3            =  9.10555e-01
vtop_n_3            =  2.68663e+00
vtop_p_4            =  9.14131e-01
vtop_n_4            =  2.68309e+00
vtop_p_7            =  9.24665e-01
vtop_n_7            =  2.67256e+00
vtop_p_8            =  9.28082e-01
vtop_n_8            =  2.66897e+00
vtop_p_15           =  9.52783e-01
vtop_n_15           =  2.64434e+00
vtop_p_16           =  9.56174e-01
vtop_n_16           =  2.64064e+00
vtop_p_31           =  1.00917e+00
vtop_n_31           =  2.58824e+00
vtop_p_32           =  1.01317e+00
vtop_n_32           =  2.58445e+00
vtop_p_63           =  1.12233e+00
vtop_n_63           =  2.47591e+00
vtop_p_64           =  1.12470e+00
vtop_n_64           =  2.47200e+00
vtop_p_127          =  1.34796e+00
vtop_n_127          =  2.24832e+00
vtop_p_128          =  1.34953e+00
vtop_n_128          =  2.24726e+00
vtop_p_255          =  1.79709e+00
vtop_n_255          =  1.80003e+00
vtop_p_256          =  1.80032e+00
vtop_n_256          =  1.79514e+00
vtop_p_383          =  2.24832e+00
vtop_n_383          =  1.35089e+00
vtop_p_384          =  2.25131e+00
vtop_n_384          =  1.34791e+00
vtop_p_385          =  2.25334e+00
vtop_n_385          =  1.34299e+00
vtop_p_510          =  2.69366e+00
vtop_n_510          =  9.03489e-01
vtop_p_511          =  2.69716e+00
vtop_n_511          =  9.00000e-01
Note: Simulation executed from .control section 
