
Note: Compatibility modes selected: hs a


Circuit: * cdac-array-transfer monte carlo -- corner=tt_mm temp=27.0c supply=1.8v seed=22 (issue #29)

option SCALE: Scale is set to 1e-06 for instance and model parameters
option SCALE: Scale is set to 1e-06 for instance and model parameters
option SCALE: Scale is set to 1e-06 for instance and model parameters
option SCALE: Scale is set to 1e-06 for instance and model parameters
Doing analysis at TEMP = 27.000000 and TNOM = 27.000000

Using KLU as Direct Linear Solver
 Reference value :  0.00000e+00
 Reference value :  2.00000e-11
 Reference value :  3.20000e-10
 Reference value :  9.20000e-10
 Reference value :  9.69931e-10
 Reference value :  1.00655e-09
 Reference value :  1.10000e-09
 Reference value :  1.30120e-09
 Reference value :  3.25903e-09
 Reference value :  7.75903e-09
 Reference value :  1.02590e-08
 Reference value :  1.17590e-08
 Reference value :  1.32590e-08
 Reference value :  1.47590e-08
 Reference value :  1.57590e-08
 Reference value :  1.72590e-08
 Reference value :  1.82590e-08
 Reference value :  1.92590e-08
 Reference value :  2.02590e-08
 Reference value :  2.17590e-08
 Reference value :  2.32590e-08
 Reference value :  2.42590e-08
 Reference value :  2.57590e-08
 Reference value :  2.67590e-08
 Reference value :  2.82590e-08
 Reference value :  2.97590e-08
 Reference value :  3.07590e-08
 Reference value :  3.17590e-08
 Reference value :  3.27590e-08
 Reference value :  3.37590e-08
 Reference value :  3.52590e-08
 Reference value :  3.62590e-08
 Reference value :  3.77590e-08
 Reference value :  3.87590e-08
 Reference value :  4.02590e-08
 Reference value :  4.17590e-08
 Reference value :  4.32590e-08
 Reference value :  4.42590e-08
 Reference value :  4.57590e-08
 Reference value :  4.72590e-08
 Reference value :  4.82590e-08
 Reference value :  4.97590e-08
 Reference value :  5.12590e-08
 Reference value :  5.22590e-08
 Reference value :  5.32590e-08
 Reference value :  5.47590e-08
 Reference value :  5.62590e-08
 Reference value :  5.72590e-08
 Reference value :  5.82590e-08
 Reference value :  5.97590e-08
 Reference value :  6.12590e-08
 Reference value :  6.22590e-08
 Reference value :  6.32590e-08
 Reference value :  6.42590e-08
 Reference value :  6.52590e-08
 Reference value :  6.67590e-08
 Reference value :  6.82590e-08
 Reference value :  6.92590e-08
 Reference value :  7.02590e-08
 Reference value :  7.12590e-08
 Reference value :  7.27590e-08
 Reference value :  7.42590e-08
 Reference value :  7.52590e-08
 Reference value :  7.67590e-08
 Reference value :  7.82590e-08
 Reference value :  7.92590e-08
 Reference value :  8.07590e-08
 Reference value :  8.17590e-08
 Reference value :  8.27590e-08
 Reference value :  8.37590e-08
 Reference value :  8.52590e-08
 Reference value :  8.62590e-08
 Reference value :  8.77590e-08
 Reference value :  8.87590e-08
 Reference value :  8.97590e-08
 Reference value :  9.12590e-08
 Reference value :  9.22590e-08
 Reference value :  9.37590e-08
 Reference value :  9.47590e-08
 Reference value :  9.57590e-08
 Reference value :  9.67590e-08
 Reference value :  9.82590e-08
 Reference value :  9.97590e-08
 Reference value :  1.01259e-07
 Reference value :  1.02759e-07
 Reference value :  1.04259e-07
 Reference value :  1.05259e-07
 Reference value :  1.06259e-07
 Reference value :  1.07259e-07
 Reference value :  1.08259e-07
 Reference value :  1.09759e-07
 Reference value :  1.10759e-07
 Reference value :  1.11759e-07
 Reference value :  1.12759e-07
 Reference value :  1.14259e-07
 Reference value :  1.15759e-07
 Reference value :  1.17259e-07
 Reference value :  1.18759e-07
 Reference value :  1.19759e-07
 Reference value :  1.21259e-07
 Reference value :  1.22259e-07
 Reference value :  1.23759e-07
 Reference value :  1.24759e-07
 Reference value :  1.25759e-07
 Reference value :  1.27259e-07
 Reference value :  1.28259e-07
 Reference value :  1.29259e-07
 Reference value :  1.30259e-07
 Reference value :  1.31759e-07
 Reference value :  1.33259e-07
 Reference value :  1.34259e-07
 Reference value :  1.35259e-07
 Reference value :  1.36759e-07
 Reference value :  1.38259e-07
 Reference value :  1.39759e-07
 Reference value :  1.40759e-07
 Reference value :  1.42259e-07
 Reference value :  1.43759e-07
 Reference value :  1.44759e-07
 Reference value :  1.45759e-07
 Reference value :  1.47259e-07
 Reference value :  1.49259e-07
 Reference value :  1.50759e-07
 Reference value :  1.52759e-07
 Reference value :  1.54759e-07
 Reference value :  1.56759e-07
 Reference value :  1.58759e-07
 Reference value :  1.60759e-07
 Reference value :  1.62759e-07
 Reference value :  1.64759e-07
 Reference value :  1.66759e-07
 Reference value :  1.68759e-07
 Reference value :  1.70259e-07
 Reference value :  1.71259e-07
 Reference value :  1.72259e-07
 Reference value :  1.73759e-07
 Reference value :  1.74759e-07
 Reference value :  1.76259e-07
 Reference value :  1.77259e-07
 Reference value :  1.78259e-07
 Reference value :  1.79759e-07
 Reference value :  1.81759e-07
 Reference value :  1.83759e-07
 Reference value :  1.85759e-07
 Reference value :  1.87259e-07
 Reference value :  1.89259e-07
 Reference value :  1.91259e-07
 Reference value :  1.93259e-07
 Reference value :  1.95259e-07
 Reference value :  1.97259e-07
 Reference value :  1.99259e-07
 Reference value :  2.00759e-07
 Reference value :  2.02259e-07
 Reference value :  2.03759e-07
 Reference value :  2.05259e-07
 Reference value :  2.06759e-07
 Reference value :  2.07759e-07
 Reference value :  2.08759e-07
 Reference value :  2.10259e-07
 Reference value :  2.11759e-07
 Reference value :  2.13259e-07
 Reference value :  2.14259e-07
 Reference value :  2.15759e-07
 Reference value :  2.17259e-07
 Reference value :  2.18759e-07
 Reference value :  2.20259e-07
 Reference value :  2.21759e-07
 Reference value :  2.23259e-07
 Reference value :  2.24759e-07
 Reference value :  2.25759e-07
 Reference value :  2.27259e-07
 Reference value :  2.28759e-07
 Reference value :  2.30259e-07
 Reference value :  2.31259e-07
 Reference value :  2.32759e-07
 Reference value :  2.34259e-07
 Reference value :  2.35759e-07
 Reference value :  2.36759e-07
 Reference value :  2.38259e-07
 Reference value :  2.39759e-07
 Reference value :  2.41759e-07
 Reference value :  2.43259e-07
 Reference value :  2.44759e-07
 Reference value :  2.46259e-07
 Reference value :  2.47759e-07
 Reference value :  2.49259e-07
 Reference value :  2.51259e-07
 Reference value :  2.53259e-07
 Reference value :  2.54259e-07
 Reference value :  2.55759e-07
 Reference value :  2.57759e-07
 Reference value :  2.59259e-07
 Reference value :  2.61259e-07
 Reference value :  2.62759e-07
 Reference value :  2.64259e-07
 Reference value :  2.65759e-07
 Reference value :  2.67259e-07
 Reference value :  2.68759e-07
 Reference value :  2.70259e-07
 Reference value :  2.71759e-07
 Reference value :  2.73259e-07
 Reference value :  2.75259e-07
 Reference value :  2.76759e-07
 Reference value :  2.77759e-07
 Reference value :  2.79259e-07
 Reference value :  2.80759e-07
 Reference value :  2.81759e-07
 Reference value :  2.83259e-07
 Reference value :  2.84759e-07
 Reference value :  2.86259e-07
 Reference value :  2.88259e-07
 Reference value :  2.90259e-07
 Reference value :  2.92259e-07
 Reference value :  2.94259e-07
 Reference value :  2.95759e-07
 Reference value :  2.97759e-07
 Reference value :  2.99259e-07
 Reference value :  3.01259e-07
 Reference value :  3.03259e-07
 Reference value :  3.05259e-07
 Reference value :  3.07259e-07
 Reference value :  3.09259e-07
 Reference value :  3.10759e-07
 Reference value :  3.12259e-07
 Reference value :  3.13759e-07
 Reference value :  3.15259e-07
 Reference value :  3.16759e-07
 Reference value :  3.17759e-07
 Reference value :  3.18759e-07
 Reference value :  3.20259e-07
 Reference value :  3.21759e-07
 Reference value :  3.22759e-07
 Reference value :  3.24259e-07
 Reference value :  3.25759e-07
 Reference value :  3.27259e-07
 Reference value :  3.28759e-07
 Reference value :  3.30259e-07
 Reference value :  3.31759e-07
 Reference value :  3.33259e-07
 Reference value :  3.34759e-07
 Reference value :  3.36259e-07
 Reference value :  3.37759e-07
 Reference value :  3.39259e-07
 Reference value :  3.40759e-07
 Reference value :  3.42259e-07
 Reference value :  3.43759e-07
 Reference value :  3.45259e-07
 Reference value :  3.46759e-07
 Reference value :  3.48259e-07
 Reference value :  3.49759e-07
 Reference value :  3.51259e-07
 Reference value :  3.52759e-07
 Reference value :  3.54259e-07
 Reference value :  3.55759e-07
 Reference value :  3.57259e-07
 Reference value :  3.58759e-07
 Reference value :  3.60259e-07
 Reference value :  3.61759e-07
 Reference value :  3.63259e-07
 Reference value :  3.64759e-07
 Reference value :  3.66259e-07
 Reference value :  3.67759e-07
 Reference value :  3.69259e-07
 Reference value :  3.70759e-07
 Reference value :  3.72259e-07
 Reference value :  3.73759e-07
 Reference value :  3.75259e-07
 Reference value :  3.76759e-07
 Reference value :  3.78259e-07
 Reference value :  3.79759e-07
 Reference value :  3.81259e-07
 Reference value :  3.82759e-07
 Reference value :  3.84259e-07
 Reference value :  3.85759e-07
 Reference value :  3.87259e-07
 Reference value :  3.88759e-07
 Reference value :  3.90259e-07
 Reference value :  3.91759e-07
 Reference value :  3.92759e-07
 Reference value :  3.94259e-07
 Reference value :  3.96259e-07
 Reference value :  3.98259e-07
 Reference value :  4.00259e-07
 Reference value :  4.02259e-07
 Reference value :  4.04259e-07
 Reference value :  4.06259e-07
 Reference value :  4.08259e-07
 Reference value :  4.10259e-07
 Reference value :  4.11759e-07
 Reference value :  4.12759e-07
 Reference value :  4.13759e-07
 Reference value :  4.14759e-07
 Reference value :  4.15759e-07
 Reference value :  4.16759e-07
 Reference value :  4.18259e-07
 Reference value :  4.19259e-07
 Reference value :  4.20259e-07
 Reference value :  4.21759e-07
 Reference value :  4.23259e-07
 Reference value :  4.24259e-07
 Reference value :  4.25759e-07
 Reference value :  4.27759e-07
 Reference value :  4.29759e-07
 Reference value :  4.31259e-07
 Reference value :  4.33259e-07
 Reference value :  4.35259e-07
 Reference value :  4.37259e-07
 Reference value :  4.39259e-07
 Reference value :  4.41259e-07
 Reference value :  4.43259e-07
 Reference value :  4.44759e-07
 Reference value :  4.46259e-07
 Reference value :  4.48259e-07
 Reference value :  4.49759e-07
 Reference value :  4.51259e-07
 Reference value :  4.52759e-07
 Reference value :  4.54259e-07
 Reference value :  4.55759e-07
 Reference value :  4.57259e-07
 Reference value :  4.58759e-07
 Reference value :  4.60759e-07
 Reference value :  4.62259e-07
 Reference value :  4.64259e-07
 Reference value :  4.66259e-07
 Reference value :  4.68259e-07
 Reference value :  4.70259e-07
 Reference value :  4.72259e-07
 Reference value :  4.73759e-07
 Reference value :  4.75259e-07
 Reference value :  4.76759e-07
 Reference value :  4.78759e-07
 Reference value :  4.80759e-07
 Reference value :  4.82259e-07
 Reference value :  4.83759e-07
 Reference value :  4.85259e-07
 Reference value :  4.87259e-07
 Reference value :  4.88759e-07
 Reference value :  4.89759e-07
 Reference value :  4.91259e-07
 Reference value :  4.92759e-07
 Reference value :  4.94259e-07
 Reference value :  4.95759e-07
 Reference value :  4.96759e-07
 Reference value :  4.98259e-07
 Reference value :  4.99630e-07
No. of Data Rows : 1026
vtop_p_0            =  9.00000e-01
vtop_n_0            =  2.69719e+00
vtop_p_1            =  9.03511e-01
vtop_n_1            =  2.69368e+00
vtop_p_2            =  9.07050e-01
vtop_n_2            =  2.69017e+00
vtop_p_3            =  9.10569e-01
vtop_n_3            =  2.68665e+00
vtop_p_4            =  9.14022e-01
vtop_n_4            =  2.68305e+00
vtop_p_7            =  9.24700e-01
vtop_n_7            =  2.67261e+00
vtop_p_8            =  9.28202e-01
vtop_n_8            =  2.66898e+00
vtop_p_15           =  9.52820e-01
vtop_n_15           =  2.64437e+00
vtop_p_16           =  9.56411e-01
vtop_n_16           =  2.64058e+00
vtop_p_31           =  1.00887e+00
vtop_n_31           =  2.58817e+00
vtop_p_32           =  1.01266e+00
vtop_n_32           =  2.58421e+00
vtop_p_63           =  1.12162e+00
vtop_n_63           =  2.47552e+00
vtop_p_64           =  1.12413e+00
vtop_n_64           =  2.47216e+00
vtop_p_127          =  1.34577e+00
vtop_n_127          =  2.25127e+00
vtop_p_128          =  1.35094e+00
vtop_n_128          =  2.24819e+00
vtop_p_255          =  1.79527e+00
vtop_n_255          =  1.79971e+00
vtop_p_256          =  1.80123e+00
vtop_n_256          =  1.79602e+00
vtop_p_383          =  2.24936e+00
vtop_n_383          =  1.34965e+00
vtop_p_384          =  2.25077e+00
vtop_n_384          =  1.34752e+00
vtop_p_385          =  2.25477e+00
vtop_n_385          =  1.34444e+00
vtop_p_510          =  2.69366e+00
vtop_n_510          =  9.03491e-01
vtop_p_511          =  2.69716e+00
vtop_n_511          =  9.00000e-01
Note: Simulation executed from .control section 
