
Note: Compatibility modes selected: hs a


Circuit: * cdac-array-transfer monte carlo -- corner=tt_mm temp=27.0c supply=1.8v seed=16 (issue #29)

option SCALE: Scale is set to 1e-06 for instance and model parameters
option SCALE: Scale is set to 1e-06 for instance and model parameters
option SCALE: Scale is set to 1e-06 for instance and model parameters
option SCALE: Scale is set to 1e-06 for instance and model parameters
Doing analysis at TEMP = 27.000000 and TNOM = 27.000000

Using KLU as Direct Linear Solver
 Reference value :  0.00000e+00
 Reference value :  4.00000e-11
 Reference value :  9.00000e-10
 Reference value :  9.69931e-10
 Reference value :  1.00655e-09
 Reference value :  1.10000e-09
 Reference value :  1.14642e-09
 Reference value :  1.29980e-09
 Reference value :  1.68684e-09
 Reference value :  2.25734e-09
 Reference value :  3.75734e-09
 Reference value :  5.75734e-09
 Reference value :  7.75734e-09
 Reference value :  9.75734e-09
 Reference value :  1.07573e-08
 Reference value :  1.22573e-08
 Reference value :  1.37573e-08
 Reference value :  1.57573e-08
 Reference value :  1.72573e-08
 Reference value :  1.92573e-08
 Reference value :  2.12573e-08
 Reference value :  2.32573e-08
 Reference value :  2.52573e-08
 Reference value :  2.72573e-08
 Reference value :  2.92573e-08
 Reference value :  3.12573e-08
 Reference value :  3.32573e-08
 Reference value :  3.52573e-08
 Reference value :  3.67573e-08
 Reference value :  3.87573e-08
 Reference value :  4.07573e-08
 Reference value :  4.27573e-08
 Reference value :  4.47573e-08
 Reference value :  4.67573e-08
 Reference value :  4.87573e-08
 Reference value :  5.07573e-08
 Reference value :  5.22573e-08
 Reference value :  5.42573e-08
 Reference value :  5.57573e-08
 Reference value :  5.77573e-08
 Reference value :  5.92573e-08
 Reference value :  6.07573e-08
 Reference value :  6.17573e-08
 Reference value :  6.32573e-08
 Reference value :  6.42573e-08
 Reference value :  6.62573e-08
 Reference value :  6.77573e-08
 Reference value :  6.92573e-08
 Reference value :  7.07573e-08
 Reference value :  7.22573e-08
 Reference value :  7.32573e-08
 Reference value :  7.47573e-08
 Reference value :  7.57573e-08
 Reference value :  7.72573e-08
 Reference value :  7.87573e-08
 Reference value :  8.07573e-08
 Reference value :  8.27573e-08
 Reference value :  8.47573e-08
 Reference value :  8.67573e-08
 Reference value :  8.87573e-08
 Reference value :  9.07573e-08
 Reference value :  9.27573e-08
 Reference value :  9.42573e-08
 Reference value :  9.57573e-08
 Reference value :  9.72573e-08
 Reference value :  9.87573e-08
 Reference value :  1.00257e-07
 Reference value :  1.01757e-07
 Reference value :  1.03257e-07
 Reference value :  1.04757e-07
 Reference value :  1.06257e-07
 Reference value :  1.08257e-07
 Reference value :  1.10257e-07
 Reference value :  1.12257e-07
 Reference value :  1.14257e-07
 Reference value :  1.16257e-07
 Reference value :  1.18257e-07
 Reference value :  1.20257e-07
 Reference value :  1.22257e-07
 Reference value :  1.24257e-07
 Reference value :  1.26257e-07
 Reference value :  1.28257e-07
 Reference value :  1.29757e-07
 Reference value :  1.30757e-07
 Reference value :  1.32257e-07
 Reference value :  1.34257e-07
 Reference value :  1.36257e-07
 Reference value :  1.38257e-07
 Reference value :  1.40257e-07
 Reference value :  1.42257e-07
 Reference value :  1.44257e-07
 Reference value :  1.46257e-07
 Reference value :  1.47757e-07
 Reference value :  1.49257e-07
 Reference value :  1.51257e-07
 Reference value :  1.53257e-07
 Reference value :  1.55257e-07
 Reference value :  1.57257e-07
 Reference value :  1.59257e-07
 Reference value :  1.61257e-07
 Reference value :  1.63257e-07
 Reference value :  1.64757e-07
 Reference value :  1.66257e-07
 Reference value :  1.67757e-07
 Reference value :  1.69257e-07
 Reference value :  1.70757e-07
 Reference value :  1.72757e-07
 Reference value :  1.74257e-07
 Reference value :  1.75757e-07
 Reference value :  1.77257e-07
 Reference value :  1.79257e-07
 Reference value :  1.80757e-07
 Reference value :  1.82257e-07
 Reference value :  1.83757e-07
 Reference value :  1.85257e-07
 Reference value :  1.86757e-07
 Reference value :  1.88257e-07
 Reference value :  1.89757e-07
 Reference value :  1.91257e-07
 Reference value :  1.92757e-07
 Reference value :  1.94257e-07
 Reference value :  1.95757e-07
 Reference value :  1.97257e-07
 Reference value :  1.98757e-07
 Reference value :  2.00257e-07
 Reference value :  2.01757e-07
 Reference value :  2.03257e-07
 Reference value :  2.04757e-07
 Reference value :  2.06257e-07
 Reference value :  2.07757e-07
 Reference value :  2.08757e-07
 Reference value :  2.10257e-07
 Reference value :  2.11757e-07
 Reference value :  2.13757e-07
 Reference value :  2.15257e-07
 Reference value :  2.16757e-07
 Reference value :  2.18257e-07
 Reference value :  2.19757e-07
 Reference value :  2.21257e-07
 Reference value :  2.22757e-07
 Reference value :  2.24257e-07
 Reference value :  2.25757e-07
 Reference value :  2.27257e-07
 Reference value :  2.28757e-07
 Reference value :  2.30757e-07
 Reference value :  2.32757e-07
 Reference value :  2.34257e-07
 Reference value :  2.35757e-07
 Reference value :  2.36757e-07
 Reference value :  2.38257e-07
 Reference value :  2.40257e-07
 Reference value :  2.42257e-07
 Reference value :  2.44257e-07
 Reference value :  2.46257e-07
 Reference value :  2.47757e-07
 Reference value :  2.48757e-07
 Reference value :  2.50257e-07
 Reference value :  2.51757e-07
 Reference value :  2.53257e-07
 Reference value :  2.55257e-07
 Reference value :  2.57257e-07
 Reference value :  2.59257e-07
 Reference value :  2.61257e-07
 Reference value :  2.62757e-07
 Reference value :  2.64757e-07
 Reference value :  2.66757e-07
 Reference value :  2.68757e-07
 Reference value :  2.70757e-07
 Reference value :  2.72257e-07
 Reference value :  2.74257e-07
 Reference value :  2.75757e-07
 Reference value :  2.77257e-07
 Reference value :  2.78757e-07
 Reference value :  2.80757e-07
 Reference value :  2.82257e-07
 Reference value :  2.83757e-07
 Reference value :  2.85757e-07
 Reference value :  2.87257e-07
 Reference value :  2.88757e-07
 Reference value :  2.90257e-07
 Reference value :  2.91757e-07
 Reference value :  2.93257e-07
 Reference value :  2.94757e-07
 Reference value :  2.96257e-07
 Reference value :  2.97757e-07
 Reference value :  2.99257e-07
 Reference value :  3.01257e-07
 Reference value :  3.03257e-07
 Reference value :  3.04757e-07
 Reference value :  3.06257e-07
 Reference value :  3.07757e-07
 Reference value :  3.09257e-07
 Reference value :  3.11257e-07
 Reference value :  3.12757e-07
 Reference value :  3.14257e-07
 Reference value :  3.15757e-07
 Reference value :  3.17757e-07
 Reference value :  3.19257e-07
 Reference value :  3.20757e-07
 Reference value :  3.22257e-07
 Reference value :  3.24257e-07
 Reference value :  3.26257e-07
 Reference value :  3.28257e-07
 Reference value :  3.30257e-07
 Reference value :  3.31757e-07
 Reference value :  3.33257e-07
 Reference value :  3.34757e-07
 Reference value :  3.36757e-07
 Reference value :  3.38757e-07
 Reference value :  3.40757e-07
 Reference value :  3.42257e-07
 Reference value :  3.43757e-07
 Reference value :  3.45257e-07
 Reference value :  3.46757e-07
 Reference value :  3.48757e-07
 Reference value :  3.50757e-07
 Reference value :  3.52757e-07
 Reference value :  3.54757e-07
 Reference value :  3.56757e-07
 Reference value :  3.58257e-07
 Reference value :  3.59757e-07
 Reference value :  3.61257e-07
 Reference value :  3.62757e-07
 Reference value :  3.64257e-07
 Reference value :  3.66257e-07
 Reference value :  3.68257e-07
 Reference value :  3.70257e-07
 Reference value :  3.72257e-07
 Reference value :  3.73757e-07
 Reference value :  3.74757e-07
 Reference value :  3.75757e-07
 Reference value :  3.76757e-07
 Reference value :  3.77757e-07
 Reference value :  3.79257e-07
 Reference value :  3.81257e-07
 Reference value :  3.83257e-07
 Reference value :  3.85257e-07
 Reference value :  3.87257e-07
 Reference value :  3.89257e-07
 Reference value :  3.91257e-07
 Reference value :  3.92257e-07
 Reference value :  3.93757e-07
 Reference value :  3.95257e-07
 Reference value :  3.97257e-07
 Reference value :  3.99257e-07
 Reference value :  4.01257e-07
 Reference value :  4.03257e-07
 Reference value :  4.05257e-07
 Reference value :  4.06757e-07
 Reference value :  4.08757e-07
 Reference value :  4.10757e-07
 Reference value :  4.12757e-07
 Reference value :  4.14757e-07
 Reference value :  4.16757e-07
 Reference value :  4.18757e-07
 Reference value :  4.20757e-07
 Reference value :  4.22757e-07
 Reference value :  4.24757e-07
 Reference value :  4.26257e-07
 Reference value :  4.27757e-07
 Reference value :  4.29257e-07
 Reference value :  4.30757e-07
 Reference value :  4.32257e-07
 Reference value :  4.33757e-07
 Reference value :  4.35257e-07
 Reference value :  4.36757e-07
 Reference value :  4.38257e-07
 Reference value :  4.39757e-07
 Reference value :  4.41257e-07
 Reference value :  4.42757e-07
 Reference value :  4.44257e-07
 Reference value :  4.45757e-07
 Reference value :  4.47257e-07
 Reference value :  4.48757e-07
 Reference value :  4.50257e-07
 Reference value :  4.51757e-07
 Reference value :  4.53757e-07
 Reference value :  4.55757e-07
 Reference value :  4.57257e-07
 Reference value :  4.59257e-07
 Reference value :  4.61257e-07
 Reference value :  4.63257e-07
 Reference value :  4.64757e-07
 Reference value :  4.66257e-07
 Reference value :  4.67757e-07
 Reference value :  4.69757e-07
 Reference value :  4.71257e-07
 Reference value :  4.73257e-07
 Reference value :  4.75257e-07
 Reference value :  4.77257e-07
 Reference value :  4.79257e-07
 Reference value :  4.81257e-07
 Reference value :  4.82757e-07
 Reference value :  4.84257e-07
 Reference value :  4.86257e-07
 Reference value :  4.87757e-07
 Reference value :  4.89257e-07
 Reference value :  4.90757e-07
 Reference value :  4.91757e-07
 Reference value :  4.93757e-07
 Reference value :  4.95757e-07
 Reference value :  4.97757e-07
 Reference value :  4.99629e-07
No. of Data Rows : 1026
vtop_p_0            =  9.00000e-01
vtop_n_0            =  2.69719e+00
vtop_p_1            =  9.03496e-01
vtop_n_1            =  2.69365e+00
vtop_p_2            =  9.07058e-01
vtop_n_2            =  2.69014e+00
vtop_p_3            =  9.10574e-01
vtop_n_3            =  2.68665e+00
vtop_p_4            =  9.14078e-01
vtop_n_4            =  2.68305e+00
vtop_p_7            =  9.24698e-01
vtop_n_7            =  2.67249e+00
vtop_p_8            =  9.28176e-01
vtop_n_8            =  2.66898e+00
vtop_p_15           =  9.52944e-01
vtop_n_15           =  2.64423e+00
vtop_p_16           =  9.56433e-01
vtop_n_16           =  2.64076e+00
vtop_p_31           =  1.00943e+00
vtop_n_31           =  2.58791e+00
vtop_p_32           =  1.01207e+00
vtop_n_32           =  2.58456e+00
vtop_p_63           =  1.12154e+00
vtop_n_63           =  2.47541e+00
vtop_p_64           =  1.12534e+00
vtop_n_64           =  2.47154e+00
vtop_p_127          =  1.34613e+00
vtop_n_127          =  2.25148e+00
vtop_p_128          =  1.35020e+00
vtop_n_128          =  2.24718e+00
vtop_p_255          =  1.79662e+00
vtop_n_255          =  1.79833e+00
vtop_p_256          =  1.79931e+00
vtop_n_256          =  1.79509e+00
vtop_p_383          =  2.24845e+00
vtop_n_383          =  1.34994e+00
vtop_p_384          =  2.25001e+00
vtop_n_384          =  1.34774e+00
vtop_p_385          =  2.25415e+00
vtop_n_385          =  1.34267e+00
vtop_p_510          =  2.69367e+00
vtop_n_510          =  9.03515e-01
vtop_p_511          =  2.69719e+00
vtop_n_511          =  9.00000e-01
Note: Simulation executed from .control section 
