
Note: Compatibility modes selected: hs a


Circuit: * cdac-array-transfer monte carlo -- corner=tt_mm temp=27.0c supply=1.8v seed=36 (issue #29)

option SCALE: Scale is set to 1e-06 for instance and model parameters
option SCALE: Scale is set to 1e-06 for instance and model parameters
option SCALE: Scale is set to 1e-06 for instance and model parameters
option SCALE: Scale is set to 1e-06 for instance and model parameters
Doing analysis at TEMP = 27.000000 and TNOM = 27.000000

Using KLU as Direct Linear Solver
 Reference value :  0.00000e+00
 Reference value :  4.00000e-11
 Reference value :  6.10000e-10
 Reference value :  9.60000e-10
 Reference value :  9.87309e-10
 Reference value :  1.04472e-09
 Reference value :  1.10000e-09
 Reference value :  1.12212e-09
 Reference value :  1.18366e-09
 Reference value :  1.30556e-09
 Reference value :  1.53946e-09
 Reference value :  1.98599e-09
 Reference value :  2.78269e-09
 Reference value :  4.28269e-09
 Reference value :  5.78269e-09
 Reference value :  6.78269e-09
 Reference value :  7.78269e-09
 Reference value :  9.28269e-09
 Reference value :  1.07827e-08
 Reference value :  1.17827e-08
 Reference value :  1.32827e-08
 Reference value :  1.47827e-08
 Reference value :  1.62827e-08
 Reference value :  1.72827e-08
 Reference value :  1.87827e-08
 Reference value :  1.97827e-08
 Reference value :  2.12827e-08
 Reference value :  2.22827e-08
 Reference value :  2.32827e-08
 Reference value :  2.42827e-08
 Reference value :  2.52827e-08
 Reference value :  2.62827e-08
 Reference value :  2.77827e-08
 Reference value :  2.92827e-08
 Reference value :  3.07827e-08
 Reference value :  3.22827e-08
 Reference value :  3.42827e-08
 Reference value :  3.62827e-08
 Reference value :  3.82827e-08
 Reference value :  4.02827e-08
 Reference value :  4.22827e-08
 Reference value :  4.37827e-08
 Reference value :  4.52827e-08
 Reference value :  4.67827e-08
 Reference value :  4.82827e-08
 Reference value :  5.02827e-08
 Reference value :  5.22827e-08
 Reference value :  5.42827e-08
 Reference value :  5.62827e-08
 Reference value :  5.77827e-08
 Reference value :  5.92827e-08
 Reference value :  6.12827e-08
 Reference value :  6.32827e-08
 Reference value :  6.47827e-08
 Reference value :  6.67827e-08
 Reference value :  6.82827e-08
 Reference value :  6.97827e-08
 Reference value :  7.12827e-08
 Reference value :  7.27827e-08
 Reference value :  7.42827e-08
 Reference value :  7.57827e-08
 Reference value :  7.72827e-08
 Reference value :  7.87827e-08
 Reference value :  8.02827e-08
 Reference value :  8.12827e-08
 Reference value :  8.27827e-08
 Reference value :  8.42827e-08
 Reference value :  8.62827e-08
 Reference value :  8.82827e-08
 Reference value :  9.02827e-08
 Reference value :  9.12827e-08
 Reference value :  9.32827e-08
 Reference value :  9.52827e-08
 Reference value :  9.72827e-08
 Reference value :  9.92827e-08
 Reference value :  1.01283e-07
 Reference value :  1.03283e-07
 Reference value :  1.05283e-07
 Reference value :  1.07283e-07
 Reference value :  1.08783e-07
 Reference value :  1.10283e-07
 Reference value :  1.12283e-07
 Reference value :  1.14283e-07
 Reference value :  1.15783e-07
 Reference value :  1.17783e-07
 Reference value :  1.19283e-07
 Reference value :  1.20783e-07
 Reference value :  1.22283e-07
 Reference value :  1.24283e-07
 Reference value :  1.26283e-07
 Reference value :  1.28283e-07
 Reference value :  1.30283e-07
 Reference value :  1.31783e-07
 Reference value :  1.33283e-07
 Reference value :  1.35283e-07
 Reference value :  1.36783e-07
 Reference value :  1.38283e-07
 Reference value :  1.40283e-07
 Reference value :  1.41783e-07
 Reference value :  1.43283e-07
 Reference value :  1.45283e-07
 Reference value :  1.46783e-07
 Reference value :  1.48283e-07
 Reference value :  1.49783e-07
 Reference value :  1.51783e-07
 Reference value :  1.53783e-07
 Reference value :  1.55783e-07
 Reference value :  1.57783e-07
 Reference value :  1.59783e-07
 Reference value :  1.61783e-07
 Reference value :  1.63783e-07
 Reference value :  1.65783e-07
 Reference value :  1.67783e-07
 Reference value :  1.69783e-07
 Reference value :  1.71783e-07
 Reference value :  1.73283e-07
 Reference value :  1.74783e-07
 Reference value :  1.76283e-07
 Reference value :  1.78283e-07
 Reference value :  1.80283e-07
 Reference value :  1.81783e-07
 Reference value :  1.83283e-07
 Reference value :  1.85283e-07
 Reference value :  1.86783e-07
 Reference value :  1.88283e-07
 Reference value :  1.89783e-07
 Reference value :  1.90783e-07
 Reference value :  1.91783e-07
 Reference value :  1.93283e-07
 Reference value :  1.94783e-07
 Reference value :  1.95783e-07
 Reference value :  1.97283e-07
 Reference value :  1.98283e-07
 Reference value :  1.99783e-07
 Reference value :  2.01783e-07
 Reference value :  2.03283e-07
 Reference value :  2.05283e-07
 Reference value :  2.07283e-07
 Reference value :  2.09283e-07
 Reference value :  2.10783e-07
 Reference value :  2.12283e-07
 Reference value :  2.13783e-07
 Reference value :  2.15783e-07
 Reference value :  2.17783e-07
 Reference value :  2.19783e-07
 Reference value :  2.21283e-07
 Reference value :  2.22283e-07
 Reference value :  2.23783e-07
 Reference value :  2.25283e-07
 Reference value :  2.26283e-07
 Reference value :  2.27783e-07
 Reference value :  2.28783e-07
 Reference value :  2.30283e-07
 Reference value :  2.31283e-07
 Reference value :  2.32283e-07
 Reference value :  2.33283e-07
 Reference value :  2.34783e-07
 Reference value :  2.36283e-07
 Reference value :  2.37783e-07
 Reference value :  2.38783e-07
 Reference value :  2.40283e-07
 Reference value :  2.41783e-07
 Reference value :  2.43283e-07
 Reference value :  2.44283e-07
 Reference value :  2.45283e-07
 Reference value :  2.46783e-07
 Reference value :  2.48783e-07
 Reference value :  2.50783e-07
 Reference value :  2.52283e-07
 Reference value :  2.54283e-07
 Reference value :  2.55783e-07
 Reference value :  2.57783e-07
 Reference value :  2.59783e-07
 Reference value :  2.61283e-07
 Reference value :  2.63283e-07
 Reference value :  2.64783e-07
 Reference value :  2.66783e-07
 Reference value :  2.68783e-07
 Reference value :  2.70283e-07
 Reference value :  2.71783e-07
 Reference value :  2.73283e-07
 Reference value :  2.75283e-07
 Reference value :  2.76783e-07
 Reference value :  2.78283e-07
 Reference value :  2.79783e-07
 Reference value :  2.81283e-07
 Reference value :  2.82783e-07
 Reference value :  2.84283e-07
 Reference value :  2.86283e-07
 Reference value :  2.87783e-07
 Reference value :  2.89783e-07
 Reference value :  2.91783e-07
 Reference value :  2.93783e-07
 Reference value :  2.95783e-07
 Reference value :  2.97783e-07
 Reference value :  2.99783e-07
 Reference value :  3.01783e-07
 Reference value :  3.03783e-07
 Reference value :  3.05783e-07
 Reference value :  3.07283e-07
 Reference value :  3.08783e-07
 Reference value :  3.10283e-07
 Reference value :  3.12283e-07
 Reference value :  3.13783e-07
 Reference value :  3.15283e-07
 Reference value :  3.16283e-07
 Reference value :  3.17283e-07
 Reference value :  3.18783e-07
 Reference value :  3.20283e-07
 Reference value :  3.21783e-07
 Reference value :  3.23283e-07
 Reference value :  3.24783e-07
 Reference value :  3.26283e-07
 Reference value :  3.28283e-07
 Reference value :  3.29783e-07
 Reference value :  3.31783e-07
 Reference value :  3.33283e-07
 Reference value :  3.35283e-07
 Reference value :  3.36783e-07
 Reference value :  3.38283e-07
 Reference value :  3.39783e-07
 Reference value :  3.41783e-07
 Reference value :  3.43283e-07
 Reference value :  3.45283e-07
 Reference value :  3.47283e-07
 Reference value :  3.48783e-07
 Reference value :  3.50283e-07
 Reference value :  3.51783e-07
 Reference value :  3.53783e-07
 Reference value :  3.55783e-07
 Reference value :  3.57783e-07
 Reference value :  3.59783e-07
 Reference value :  3.61783e-07
 Reference value :  3.63283e-07
 Reference value :  3.64283e-07
 Reference value :  3.65783e-07
 Reference value :  3.67283e-07
 Reference value :  3.68283e-07
 Reference value :  3.69283e-07
 Reference value :  3.70783e-07
 Reference value :  3.71783e-07
 Reference value :  3.72783e-07
 Reference value :  3.74283e-07
 Reference value :  3.75283e-07
 Reference value :  3.76783e-07
 Reference value :  3.77783e-07
 Reference value :  3.79283e-07
 Reference value :  3.81283e-07
 Reference value :  3.83283e-07
 Reference value :  3.85283e-07
 Reference value :  3.87283e-07
 Reference value :  3.88783e-07
 Reference value :  3.90783e-07
 Reference value :  3.92783e-07
 Reference value :  3.94783e-07
 Reference value :  3.96283e-07
 Reference value :  3.97783e-07
 Reference value :  3.99283e-07
 Reference value :  4.00783e-07
 Reference value :  4.02783e-07
 Reference value :  4.04283e-07
 Reference value :  4.05783e-07
 Reference value :  4.07283e-07
 Reference value :  4.08783e-07
 Reference value :  4.10783e-07
 Reference value :  4.12283e-07
 Reference value :  4.13783e-07
 Reference value :  4.15283e-07
 Reference value :  4.16783e-07
 Reference value :  4.18283e-07
 Reference value :  4.19783e-07
 Reference value :  4.21783e-07
 Reference value :  4.23283e-07
 Reference value :  4.24783e-07
 Reference value :  4.26783e-07
 Reference value :  4.28783e-07
 Reference value :  4.30283e-07
 Reference value :  4.32283e-07
 Reference value :  4.33283e-07
 Reference value :  4.34783e-07
 Reference value :  4.36783e-07
 Reference value :  4.37783e-07
 Reference value :  4.39283e-07
 Reference value :  4.41283e-07
 Reference value :  4.43283e-07
 Reference value :  4.45283e-07
 Reference value :  4.46783e-07
 Reference value :  4.48283e-07
 Reference value :  4.49783e-07
 Reference value :  4.51283e-07
 Reference value :  4.52783e-07
 Reference value :  4.54283e-07
 Reference value :  4.55783e-07
 Reference value :  4.56783e-07
 Reference value :  4.58283e-07
 Reference value :  4.59283e-07
 Reference value :  4.60783e-07
 Reference value :  4.62283e-07
 Reference value :  4.64283e-07
 Reference value :  4.66283e-07
 Reference value :  4.67783e-07
 Reference value :  4.69283e-07
 Reference value :  4.70783e-07
 Reference value :  4.71783e-07
 Reference value :  4.73283e-07
 Reference value :  4.74283e-07
 Reference value :  4.75783e-07
 Reference value :  4.77783e-07
 Reference value :  4.79783e-07
 Reference value :  4.81783e-07
 Reference value :  4.83783e-07
 Reference value :  4.85783e-07
 Reference value :  4.87783e-07
 Reference value :  4.89283e-07
 Reference value :  4.90283e-07
 Reference value :  4.91783e-07
 Reference value :  4.93283e-07
 Reference value :  4.94783e-07
 Reference value :  4.96283e-07
 Reference value :  4.97783e-07
 Reference value :  4.99283e-07
No. of Data Rows : 1026
vtop_p_0            =  9.00000e-01
vtop_n_0            =  2.69723e+00
vtop_p_1            =  9.03508e-01
vtop_n_1            =  2.69364e+00
vtop_p_2            =  9.07011e-01
vtop_n_2            =  2.69015e+00
vtop_p_3            =  9.10535e-01
vtop_n_3            =  2.68660e+00
vtop_p_4            =  9.14097e-01
vtop_n_4            =  2.68305e+00
vtop_p_7            =  9.24660e-01
vtop_n_7            =  2.67262e+00
vtop_p_8            =  9.28203e-01
vtop_n_8            =  2.66897e+00
vtop_p_15           =  9.52760e-01
vtop_n_15           =  2.64439e+00
vtop_p_16           =  9.56446e-01
vtop_n_16           =  2.64086e+00
vtop_p_31           =  1.00949e+00
vtop_n_31           =  2.58801e+00
vtop_p_32           =  1.01236e+00
vtop_n_32           =  2.58469e+00
vtop_p_63           =  1.12148e+00
vtop_n_63           =  2.47560e+00
vtop_p_64           =  1.12477e+00
vtop_n_64           =  2.47293e+00
vtop_p_127          =  1.34772e+00
vtop_n_127          =  2.24927e+00
vtop_p_128          =  1.35046e+00
vtop_n_128          =  2.24810e+00
vtop_p_255          =  1.79778e+00
vtop_n_255          =  1.80026e+00
vtop_p_256          =  1.79930e+00
vtop_n_256          =  1.79695e+00
vtop_p_383          =  2.24664e+00
vtop_n_383          =  1.35015e+00
vtop_p_384          =  2.25140e+00
vtop_n_384          =  1.34832e+00
vtop_p_385          =  2.25366e+00
vtop_n_385          =  1.34241e+00
vtop_p_510          =  2.69368e+00
vtop_n_510          =  9.03504e-01
vtop_p_511          =  2.69719e+00
vtop_n_511          =  9.00000e-01
Note: Simulation executed from .control section 
