
Note: Compatibility modes selected: hs a


Circuit: * cdac-array-transfer monte carlo -- corner=tt_mm temp=27.0c supply=1.8v seed=26 (issue #29)

option SCALE: Scale is set to 1e-06 for instance and model parameters
option SCALE: Scale is set to 1e-06 for instance and model parameters
option SCALE: Scale is set to 1e-06 for instance and model parameters
option SCALE: Scale is set to 1e-06 for instance and model parameters
Doing analysis at TEMP = 27.000000 and TNOM = 27.000000

Using KLU as Direct Linear Solver
 Reference value :  0.00000e+00
 Reference value :  2.00000e-11
 Reference value :  6.10000e-10
 Reference value :  9.69931e-10
 Reference value :  9.87309e-10
 Reference value :  1.04366e-09
 Reference value :  1.10310e-09
 Reference value :  1.14654e-09
 Reference value :  1.23195e-09
 Reference value :  1.52806e-09
 Reference value :  1.95964e-09
 Reference value :  3.25823e-09
 Reference value :  4.75823e-09
 Reference value :  6.25823e-09
 Reference value :  7.75823e-09
 Reference value :  9.25823e-09
 Reference value :  1.07582e-08
 Reference value :  1.22582e-08
 Reference value :  1.42582e-08
 Reference value :  1.52582e-08
 Reference value :  1.62582e-08
 Reference value :  1.77582e-08
 Reference value :  1.87582e-08
 Reference value :  2.07582e-08
 Reference value :  2.27582e-08
 Reference value :  2.47582e-08
 Reference value :  2.67582e-08
 Reference value :  2.82582e-08
 Reference value :  3.02582e-08
 Reference value :  3.22582e-08
 Reference value :  3.37582e-08
 Reference value :  3.52582e-08
 Reference value :  3.67582e-08
 Reference value :  3.82582e-08
 Reference value :  4.02582e-08
 Reference value :  4.17582e-08
 Reference value :  4.27582e-08
 Reference value :  4.47582e-08
 Reference value :  4.67582e-08
 Reference value :  4.87582e-08
 Reference value :  5.07582e-08
 Reference value :  5.27582e-08
 Reference value :  5.42582e-08
 Reference value :  5.57582e-08
 Reference value :  5.72582e-08
 Reference value :  5.82582e-08
 Reference value :  5.92582e-08
 Reference value :  6.02582e-08
 Reference value :  6.17582e-08
 Reference value :  6.27582e-08
 Reference value :  6.37582e-08
 Reference value :  6.47582e-08
 Reference value :  6.57582e-08
 Reference value :  6.72582e-08
 Reference value :  6.82582e-08
 Reference value :  6.97582e-08
 Reference value :  7.12582e-08
 Reference value :  7.27582e-08
 Reference value :  7.37582e-08
 Reference value :  7.52582e-08
 Reference value :  7.67582e-08
 Reference value :  7.82582e-08
 Reference value :  7.97582e-08
 Reference value :  8.12582e-08
 Reference value :  8.27582e-08
 Reference value :  8.37582e-08
 Reference value :  8.47582e-08
 Reference value :  8.62582e-08
 Reference value :  8.77582e-08
 Reference value :  8.92582e-08
 Reference value :  9.02582e-08
 Reference value :  9.17582e-08
 Reference value :  9.32582e-08
 Reference value :  9.52582e-08
 Reference value :  9.72582e-08
 Reference value :  9.87582e-08
 Reference value :  1.00758e-07
 Reference value :  1.02758e-07
 Reference value :  1.04758e-07
 Reference value :  1.06758e-07
 Reference value :  1.08758e-07
 Reference value :  1.10758e-07
 Reference value :  1.12758e-07
 Reference value :  1.14758e-07
 Reference value :  1.16758e-07
 Reference value :  1.18758e-07
 Reference value :  1.20758e-07
 Reference value :  1.22758e-07
 Reference value :  1.24758e-07
 Reference value :  1.26258e-07
 Reference value :  1.27258e-07
 Reference value :  1.28758e-07
 Reference value :  1.29758e-07
 Reference value :  1.31258e-07
 Reference value :  1.33258e-07
 Reference value :  1.35258e-07
 Reference value :  1.37258e-07
 Reference value :  1.39258e-07
 Reference value :  1.41258e-07
 Reference value :  1.43258e-07
 Reference value :  1.44258e-07
 Reference value :  1.45758e-07
 Reference value :  1.47758e-07
 Reference value :  1.49258e-07
 Reference value :  1.51258e-07
 Reference value :  1.53258e-07
 Reference value :  1.54758e-07
 Reference value :  1.56758e-07
 Reference value :  1.58758e-07
 Reference value :  1.60758e-07
 Reference value :  1.62758e-07
 Reference value :  1.64258e-07
 Reference value :  1.65758e-07
 Reference value :  1.67758e-07
 Reference value :  1.69258e-07
 Reference value :  1.70758e-07
 Reference value :  1.72758e-07
 Reference value :  1.74758e-07
 Reference value :  1.76758e-07
 Reference value :  1.78758e-07
 Reference value :  1.80758e-07
 Reference value :  1.82758e-07
 Reference value :  1.84758e-07
 Reference value :  1.86758e-07
 Reference value :  1.88258e-07
 Reference value :  1.89758e-07
 Reference value :  1.90758e-07
 Reference value :  1.91758e-07
 Reference value :  1.92758e-07
 Reference value :  1.93758e-07
 Reference value :  1.95258e-07
 Reference value :  1.96258e-07
 Reference value :  1.97758e-07
 Reference value :  1.99258e-07
 Reference value :  2.00258e-07
 Reference value :  2.01258e-07
 Reference value :  2.02758e-07
 Reference value :  2.04258e-07
 Reference value :  2.06258e-07
 Reference value :  2.08258e-07
 Reference value :  2.10258e-07
 Reference value :  2.12258e-07
 Reference value :  2.14258e-07
 Reference value :  2.16258e-07
 Reference value :  2.18258e-07
 Reference value :  2.20258e-07
 Reference value :  2.21758e-07
 Reference value :  2.23258e-07
 Reference value :  2.24758e-07
 Reference value :  2.26258e-07
 Reference value :  2.27758e-07
 Reference value :  2.29758e-07
 Reference value :  2.31758e-07
 Reference value :  2.33758e-07
 Reference value :  2.35758e-07
 Reference value :  2.37758e-07
 Reference value :  2.39758e-07
 Reference value :  2.41758e-07
 Reference value :  2.43758e-07
 Reference value :  2.45758e-07
 Reference value :  2.47758e-07
 Reference value :  2.48758e-07
 Reference value :  2.49758e-07
 Reference value :  2.50758e-07
 Reference value :  2.52258e-07
 Reference value :  2.53758e-07
 Reference value :  2.55258e-07
 Reference value :  2.56758e-07
 Reference value :  2.57758e-07
 Reference value :  2.58758e-07
 Reference value :  2.60758e-07
 Reference value :  2.62758e-07
 Reference value :  2.64258e-07
 Reference value :  2.65758e-07
 Reference value :  2.67258e-07
 Reference value :  2.68758e-07
 Reference value :  2.70758e-07
 Reference value :  2.72758e-07
 Reference value :  2.74758e-07
 Reference value :  2.76758e-07
 Reference value :  2.78758e-07
 Reference value :  2.80758e-07
 Reference value :  2.82758e-07
 Reference value :  2.84758e-07
 Reference value :  2.86758e-07
 Reference value :  2.88758e-07
 Reference value :  2.90258e-07
 Reference value :  2.92258e-07
 Reference value :  2.94258e-07
 Reference value :  2.96258e-07
 Reference value :  2.98258e-07
 Reference value :  3.00258e-07
 Reference value :  3.01758e-07
 Reference value :  3.03258e-07
 Reference value :  3.05258e-07
 Reference value :  3.07258e-07
 Reference value :  3.08758e-07
 Reference value :  3.10758e-07
 Reference value :  3.12258e-07
 Reference value :  3.13758e-07
 Reference value :  3.15258e-07
 Reference value :  3.16758e-07
 Reference value :  3.18258e-07
 Reference value :  3.20258e-07
 Reference value :  3.21758e-07
 Reference value :  3.23258e-07
 Reference value :  3.25258e-07
 Reference value :  3.26758e-07
 Reference value :  3.28758e-07
 Reference value :  3.30758e-07
 Reference value :  3.32758e-07
 Reference value :  3.34758e-07
 Reference value :  3.36758e-07
 Reference value :  3.38758e-07
 Reference value :  3.40758e-07
 Reference value :  3.42258e-07
 Reference value :  3.43758e-07
 Reference value :  3.44758e-07
 Reference value :  3.45758e-07
 Reference value :  3.46758e-07
 Reference value :  3.48758e-07
 Reference value :  3.50758e-07
 Reference value :  3.52758e-07
 Reference value :  3.54758e-07
 Reference value :  3.56758e-07
 Reference value :  3.58758e-07
 Reference value :  3.60758e-07
 Reference value :  3.62758e-07
 Reference value :  3.64758e-07
 Reference value :  3.66758e-07
 Reference value :  3.68258e-07
 Reference value :  3.70258e-07
 Reference value :  3.72258e-07
 Reference value :  3.73758e-07
 Reference value :  3.74758e-07
 Reference value :  3.76258e-07
 Reference value :  3.77758e-07
 Reference value :  3.78758e-07
 Reference value :  3.79758e-07
 Reference value :  3.81258e-07
 Reference value :  3.83258e-07
 Reference value :  3.85258e-07
 Reference value :  3.87258e-07
 Reference value :  3.89258e-07
 Reference value :  3.91258e-07
 Reference value :  3.93258e-07
 Reference value :  3.95258e-07
 Reference value :  3.97258e-07
 Reference value :  3.99258e-07
 Reference value :  4.01258e-07
 Reference value :  4.03258e-07
 Reference value :  4.05258e-07
 Reference value :  4.07258e-07
 Reference value :  4.09258e-07
 Reference value :  4.10758e-07
 Reference value :  4.12258e-07
 Reference value :  4.13758e-07
 Reference value :  4.15258e-07
 Reference value :  4.16758e-07
 Reference value :  4.17758e-07
 Reference value :  4.19258e-07
 Reference value :  4.20258e-07
 Reference value :  4.21258e-07
 Reference value :  4.22258e-07
 Reference value :  4.23758e-07
 Reference value :  4.25258e-07
 Reference value :  4.27258e-07
 Reference value :  4.28758e-07
 Reference value :  4.30258e-07
 Reference value :  4.31758e-07
 Reference value :  4.33258e-07
 Reference value :  4.34258e-07
 Reference value :  4.35258e-07
 Reference value :  4.36258e-07
 Reference value :  4.37758e-07
 Reference value :  4.39758e-07
 Reference value :  4.41758e-07
 Reference value :  4.43258e-07
 Reference value :  4.44758e-07
 Reference value :  4.46758e-07
 Reference value :  4.48758e-07
 Reference value :  4.50758e-07
 Reference value :  4.52758e-07
 Reference value :  4.54758e-07
 Reference value :  4.56258e-07
 Reference value :  4.58258e-07
 Reference value :  4.60258e-07
 Reference value :  4.62258e-07
 Reference value :  4.64258e-07
 Reference value :  4.66258e-07
 Reference value :  4.68258e-07
 Reference value :  4.69758e-07
 Reference value :  4.71258e-07
 Reference value :  4.73258e-07
 Reference value :  4.74758e-07
 Reference value :  4.76258e-07
 Reference value :  4.77758e-07
 Reference value :  4.79258e-07
 Reference value :  4.81258e-07
 Reference value :  4.83258e-07
 Reference value :  4.85258e-07
 Reference value :  4.87258e-07
 Reference value :  4.88758e-07
 Reference value :  4.90258e-07
 Reference value :  4.91758e-07
 Reference value :  4.93258e-07
 Reference value :  4.94758e-07
 Reference value :  4.96258e-07
 Reference value :  4.98258e-07
 Reference value :  4.99629e-07
No. of Data Rows : 1026
vtop_p_0            =  9.00000e-01
vtop_n_0            =  2.69718e+00
vtop_p_1            =  9.03507e-01
vtop_n_1            =  2.69367e+00
vtop_p_2            =  9.07027e-01
vtop_n_2            =  2.69014e+00
vtop_p_3            =  9.10570e-01
vtop_n_3            =  2.68659e+00
vtop_p_4            =  9.14106e-01
vtop_n_4            =  2.68308e+00
vtop_p_7            =  9.24619e-01
vtop_n_7            =  2.67259e+00
vtop_p_8            =  9.28077e-01
vtop_n_8            =  2.66890e+00
vtop_p_15           =  9.52817e-01
vtop_n_15           =  2.64442e+00
vtop_p_16           =  9.56234e-01
vtop_n_16           =  2.64098e+00
vtop_p_31           =  1.00922e+00
vtop_n_31           =  2.58770e+00
vtop_p_32           =  1.01271e+00
vtop_n_32           =  2.58452e+00
vtop_p_63           =  1.12218e+00
vtop_n_63           =  2.47513e+00
vtop_p_64           =  1.12544e+00
vtop_n_64           =  2.47186e+00
vtop_p_127          =  1.34717e+00
vtop_n_127          =  2.25147e+00
vtop_p_128          =  1.35042e+00
vtop_n_128          =  2.24694e+00
vtop_p_255          =  1.79705e+00
vtop_n_255          =  1.79930e+00
vtop_p_256          =  1.80081e+00
vtop_n_256          =  1.79693e+00
vtop_p_383          =  2.24728e+00
vtop_n_383          =  1.35070e+00
vtop_p_384          =  2.24970e+00
vtop_n_384          =  1.34663e+00
vtop_p_385          =  2.25202e+00
vtop_n_385          =  1.34402e+00
vtop_p_510          =  2.69366e+00
vtop_n_510          =  9.03523e-01
vtop_p_511          =  2.69717e+00
vtop_n_511          =  9.00000e-01
Note: Simulation executed from .control section 
