
Note: Compatibility modes selected: hs a


Circuit: * cdac-array-transfer monte carlo -- corner=tt_mm temp=27.0c supply=1.8v seed=24 (issue #29)

option SCALE: Scale is set to 1e-06 for instance and model parameters
option SCALE: Scale is set to 1e-06 for instance and model parameters
option SCALE: Scale is set to 1e-06 for instance and model parameters
option SCALE: Scale is set to 1e-06 for instance and model parameters
Doing analysis at TEMP = 27.000000 and TNOM = 27.000000

Using KLU as Direct Linear Solver
 Reference value :  0.00000e+00
 Reference value :  9.60000e-10
 Reference value :  9.87309e-10
 Reference value :  1.04269e-09
 Reference value :  1.10000e-09
 Reference value :  1.10917e-09
 Reference value :  1.18207e-09
 Reference value :  1.29937e-09
 Reference value :  1.52822e-09
 Reference value :  1.96437e-09
 Reference value :  2.76102e-09
 Reference value :  4.26102e-09
 Reference value :  5.76102e-09
 Reference value :  6.76102e-09
 Reference value :  8.26102e-09
 Reference value :  9.76102e-09
 Reference value :  1.12610e-08
 Reference value :  1.27610e-08
 Reference value :  1.42610e-08
 Reference value :  1.57610e-08
 Reference value :  1.72610e-08
 Reference value :  1.87610e-08
 Reference value :  1.97610e-08
 Reference value :  2.12610e-08
 Reference value :  2.22610e-08
 Reference value :  2.32610e-08
 Reference value :  2.47610e-08
 Reference value :  2.57610e-08
 Reference value :  2.67610e-08
 Reference value :  2.77610e-08
 Reference value :  2.92610e-08
 Reference value :  3.02610e-08
 Reference value :  3.17610e-08
 Reference value :  3.32610e-08
 Reference value :  3.47610e-08
 Reference value :  3.57610e-08
 Reference value :  3.67610e-08
 Reference value :  3.77610e-08
 Reference value :  3.92610e-08
 Reference value :  4.07610e-08
 Reference value :  4.22610e-08
 Reference value :  4.32610e-08
 Reference value :  4.47610e-08
 Reference value :  4.57610e-08
 Reference value :  4.72610e-08
 Reference value :  4.87610e-08
 Reference value :  4.97610e-08
 Reference value :  5.07610e-08
 Reference value :  5.22610e-08
 Reference value :  5.37610e-08
 Reference value :  5.47610e-08
 Reference value :  5.57610e-08
 Reference value :  5.67610e-08
 Reference value :  5.82610e-08
 Reference value :  5.97610e-08
 Reference value :  6.12610e-08
 Reference value :  6.22610e-08
 Reference value :  6.32610e-08
 Reference value :  6.47610e-08
 Reference value :  6.62610e-08
 Reference value :  6.77610e-08
 Reference value :  6.87610e-08
 Reference value :  7.02610e-08
 Reference value :  7.12610e-08
 Reference value :  7.27610e-08
 Reference value :  7.57610e-08
 Reference value :  7.92610e-08
 Reference value :  8.37610e-08
 Reference value :  8.62610e-08
 Reference value :  8.72610e-08
 Reference value :  9.07610e-08
 Reference value :  9.47610e-08
 Reference value :  9.87610e-08
 Reference value :  1.02761e-07
 Reference value :  1.06761e-07
 Reference value :  1.10761e-07
 Reference value :  1.12261e-07
 Reference value :  1.13761e-07
 Reference value :  1.14761e-07
 Reference value :  1.16261e-07
 Reference value :  1.17761e-07
 Reference value :  1.21761e-07
 Reference value :  1.25761e-07
 Reference value :  1.26761e-07
 Reference value :  1.28261e-07
 Reference value :  1.29761e-07
 Reference value :  1.31261e-07
 Reference value :  1.32761e-07
 Reference value :  1.34261e-07
 Reference value :  1.35761e-07
 Reference value :  1.37261e-07
 Reference value :  1.38261e-07
 Reference value :  1.39261e-07
 Reference value :  1.40261e-07
 Reference value :  1.42261e-07
 Reference value :  1.45261e-07
 Reference value :  1.48761e-07
 Reference value :  1.51761e-07
 Reference value :  1.55261e-07
 Reference value :  1.59261e-07
 Reference value :  1.63261e-07
 Reference value :  1.67261e-07
 Reference value :  1.71261e-07
 Reference value :  1.75761e-07
 Reference value :  1.79761e-07
 Reference value :  1.83761e-07
 Reference value :  1.88261e-07
 Reference value :  1.92261e-07
 Reference value :  1.96261e-07
 Reference value :  2.00261e-07
 Reference value :  2.03261e-07
 Reference value :  2.04261e-07
 Reference value :  2.05261e-07
 Reference value :  2.06261e-07
 Reference value :  2.07761e-07
 Reference value :  2.08761e-07
 Reference value :  2.09761e-07
 Reference value :  2.10761e-07
 Reference value :  2.11761e-07
 Reference value :  2.12761e-07
 Reference value :  2.13761e-07
 Reference value :  2.15261e-07
 Reference value :  2.16261e-07
 Reference value :  2.17761e-07
 Reference value :  2.18761e-07
 Reference value :  2.19761e-07
 Reference value :  2.20761e-07
 Reference value :  2.21761e-07
 Reference value :  2.22761e-07
 Reference value :  2.24261e-07
 Reference value :  2.25261e-07
 Reference value :  2.26261e-07
 Reference value :  2.27761e-07
 Reference value :  2.29261e-07
 Reference value :  2.30761e-07
 Reference value :  2.31761e-07
 Reference value :  2.33261e-07
 Reference value :  2.34761e-07
 Reference value :  2.36261e-07
 Reference value :  2.37761e-07
 Reference value :  2.38761e-07
 Reference value :  2.40261e-07
 Reference value :  2.41261e-07
 Reference value :  2.42261e-07
 Reference value :  2.43261e-07
 Reference value :  2.44761e-07
 Reference value :  2.45761e-07
 Reference value :  2.46761e-07
 Reference value :  2.49261e-07
 Reference value :  2.53261e-07
 Reference value :  2.57261e-07
 Reference value :  2.61261e-07
 Reference value :  2.65261e-07
 Reference value :  2.69261e-07
 Reference value :  2.73261e-07
 Reference value :  2.76761e-07
 Reference value :  2.80761e-07
 Reference value :  2.84761e-07
 Reference value :  2.88761e-07
 Reference value :  2.92261e-07
 Reference value :  2.96261e-07
 Reference value :  3.00261e-07
 Reference value :  3.04761e-07
 Reference value :  3.07761e-07
 Reference value :  3.09261e-07
 Reference value :  3.10261e-07
 Reference value :  3.11261e-07
 Reference value :  3.12761e-07
 Reference value :  3.14261e-07
 Reference value :  3.15261e-07
 Reference value :  3.16761e-07
 Reference value :  3.18261e-07
 Reference value :  3.19261e-07
 Reference value :  3.20761e-07
 Reference value :  3.21761e-07
 Reference value :  3.22761e-07
 Reference value :  3.23761e-07
 Reference value :  3.24761e-07
 Reference value :  3.25761e-07
 Reference value :  3.27261e-07
 Reference value :  3.28261e-07
 Reference value :  3.29761e-07
 Reference value :  3.30761e-07
 Reference value :  3.31761e-07
 Reference value :  3.33261e-07
 Reference value :  3.34261e-07
 Reference value :  3.35761e-07
 Reference value :  3.37261e-07
 Reference value :  3.38261e-07
 Reference value :  3.39261e-07
 Reference value :  3.40261e-07
 Reference value :  3.41761e-07
 Reference value :  3.43261e-07
 Reference value :  3.44261e-07
 Reference value :  3.45261e-07
 Reference value :  3.46261e-07
 Reference value :  3.47761e-07
 Reference value :  3.48761e-07
 Reference value :  3.49761e-07
 Reference value :  3.51261e-07
 Reference value :  3.52761e-07
 Reference value :  3.54261e-07
 Reference value :  3.55761e-07
 Reference value :  3.57261e-07
 Reference value :  3.59261e-07
 Reference value :  3.60761e-07
 Reference value :  3.62261e-07
 Reference value :  3.63761e-07
 Reference value :  3.65261e-07
 Reference value :  3.66761e-07
 Reference value :  3.68261e-07
 Reference value :  3.69761e-07
 Reference value :  3.71261e-07
 Reference value :  3.72761e-07
 Reference value :  3.74261e-07
 Reference value :  3.75761e-07
 Reference value :  3.77261e-07
 Reference value :  3.78761e-07
 Reference value :  3.80261e-07
 Reference value :  3.81761e-07
 Reference value :  3.83261e-07
 Reference value :  3.84761e-07
 Reference value :  3.86261e-07
 Reference value :  3.87761e-07
 Reference value :  3.89261e-07
 Reference value :  3.90761e-07
 Reference value :  3.92761e-07
 Reference value :  3.94761e-07
 Reference value :  3.96261e-07
 Reference value :  3.98261e-07
 Reference value :  3.99761e-07
 Reference value :  4.01761e-07
 Reference value :  4.03261e-07
 Reference value :  4.05261e-07
 Reference value :  4.06761e-07
 Reference value :  4.08261e-07
 Reference value :  4.09261e-07
 Reference value :  4.10761e-07
 Reference value :  4.12261e-07
 Reference value :  4.13761e-07
 Reference value :  4.15261e-07
 Reference value :  4.16261e-07
 Reference value :  4.17761e-07
 Reference value :  4.18761e-07
 Reference value :  4.20761e-07
 Reference value :  4.22761e-07
 Reference value :  4.23761e-07
 Reference value :  4.24761e-07
 Reference value :  4.26261e-07
 Reference value :  4.27761e-07
 Reference value :  4.29261e-07
 Reference value :  4.30761e-07
 Reference value :  4.31761e-07
 Reference value :  4.32761e-07
 Reference value :  4.34261e-07
 Reference value :  4.35761e-07
 Reference value :  4.37761e-07
 Reference value :  4.39761e-07
 Reference value :  4.41761e-07
 Reference value :  4.43261e-07
 Reference value :  4.44761e-07
 Reference value :  4.46761e-07
 Reference value :  4.48261e-07
 Reference value :  4.49761e-07
 Reference value :  4.51761e-07
 Reference value :  4.53761e-07
 Reference value :  4.55261e-07
 Reference value :  4.56761e-07
 Reference value :  4.58761e-07
 Reference value :  4.60761e-07
 Reference value :  4.62761e-07
 Reference value :  4.64761e-07
 Reference value :  4.66761e-07
 Reference value :  4.68761e-07
 Reference value :  4.70761e-07
 Reference value :  4.72761e-07
 Reference value :  4.74761e-07
 Reference value :  4.76761e-07
 Reference value :  4.78761e-07
 Reference value :  4.80761e-07
 Reference value :  4.82261e-07
 Reference value :  4.84261e-07
 Reference value :  4.86261e-07
 Reference value :  4.87761e-07
 Reference value :  4.89761e-07
 Reference value :  4.91261e-07
 Reference value :  4.93261e-07
 Reference value :  4.95261e-07
 Reference value :  4.97261e-07
 Reference value :  4.98261e-07
 Reference value :  4.99261e-07
No. of Data Rows : 1026
vtop_p_0            =  9.00000e-01
vtop_n_0            =  2.69718e+00
vtop_p_1            =  9.03497e-01
vtop_n_1            =  2.69364e+00
vtop_p_2            =  9.07007e-01
vtop_n_2            =  2.69012e+00
vtop_p_3            =  9.10545e-01
vtop_n_3            =  2.68660e+00
vtop_p_4            =  9.14120e-01
vtop_n_4            =  2.68302e+00
vtop_p_7            =  9.24706e-01
vtop_n_7            =  2.67244e+00
vtop_p_8            =  9.28321e-01
vtop_n_8            =  2.66891e+00
vtop_p_15           =  9.52840e-01
vtop_n_15           =  2.64433e+00
vtop_p_16           =  9.56329e-01
vtop_n_16           =  2.64070e+00
vtop_p_31           =  1.00920e+00
vtop_n_31           =  2.58811e+00
vtop_p_32           =  1.01242e+00
vtop_n_32           =  2.58481e+00
vtop_p_63           =  1.12194e+00
vtop_n_63           =  2.47484e+00
vtop_p_64           =  1.12440e+00
vtop_n_64           =  2.47140e+00
vtop_p_127          =  1.34766e+00
vtop_n_127          =  2.24959e+00
vtop_p_128          =  1.34993e+00
vtop_n_128          =  2.24619e+00
vtop_p_255          =  1.79772e+00
vtop_n_255          =  1.80098e+00
vtop_p_256          =  1.80162e+00
vtop_n_256          =  1.79655e+00
vtop_p_383          =  2.24753e+00
vtop_n_383          =  1.35120e+00
vtop_p_384          =  2.25031e+00
vtop_n_384          =  1.34671e+00
vtop_p_385          =  2.25418e+00
vtop_n_385          =  1.34357e+00
vtop_p_510          =  2.69368e+00
vtop_n_510          =  9.03503e-01
vtop_p_511          =  2.69717e+00
vtop_n_511          =  9.00000e-01
Note: Simulation executed from .control section 
