
Note: Compatibility modes selected: hs a


Circuit: * cdac-array-transfer monte carlo -- corner=tt_mm temp=27.0c supply=1.8v seed=35 (issue #29)

option SCALE: Scale is set to 1e-06 for instance and model parameters
option SCALE: Scale is set to 1e-06 for instance and model parameters
option SCALE: Scale is set to 1e-06 for instance and model parameters
option SCALE: Scale is set to 1e-06 for instance and model parameters
Doing analysis at TEMP = 27.000000 and TNOM = 27.000000

Using KLU as Direct Linear Solver
 Reference value :  0.00000e+00
 Reference value :  4.00000e-11
 Reference value :  6.10000e-10
 Reference value :  9.60000e-10
 Reference value :  9.87309e-10
 Reference value :  1.04261e-09
 Reference value :  1.10000e-09
 Reference value :  1.12132e-09
 Reference value :  1.18145e-09
 Reference value :  1.29948e-09
 Reference value :  1.52728e-09
 Reference value :  1.95706e-09
 Reference value :  2.75506e-09
 Reference value :  3.75506e-09
 Reference value :  4.75506e-09
 Reference value :  5.75506e-09
 Reference value :  6.75506e-09
 Reference value :  7.75506e-09
 Reference value :  8.75506e-09
 Reference value :  1.02551e-08
 Reference value :  1.12551e-08
 Reference value :  1.27551e-08
 Reference value :  1.37551e-08
 Reference value :  1.52551e-08
 Reference value :  1.62551e-08
 Reference value :  1.72551e-08
 Reference value :  1.87551e-08
 Reference value :  2.02551e-08
 Reference value :  2.12551e-08
 Reference value :  2.22551e-08
 Reference value :  2.37551e-08
 Reference value :  2.47551e-08
 Reference value :  2.57551e-08
 Reference value :  2.67551e-08
 Reference value :  2.82551e-08
 Reference value :  2.92551e-08
 Reference value :  3.07551e-08
 Reference value :  3.22551e-08
 Reference value :  3.37551e-08
 Reference value :  3.52551e-08
 Reference value :  3.62551e-08
 Reference value :  3.72551e-08
 Reference value :  3.87551e-08
 Reference value :  4.27551e-08
 Reference value :  4.67551e-08
 Reference value :  5.07551e-08
 Reference value :  5.27551e-08
 Reference value :  5.42551e-08
 Reference value :  5.57551e-08
 Reference value :  5.97551e-08
 Reference value :  6.37551e-08
 Reference value :  6.47551e-08
 Reference value :  6.62551e-08
 Reference value :  6.72551e-08
 Reference value :  6.87551e-08
 Reference value :  6.97551e-08
 Reference value :  7.12551e-08
 Reference value :  7.27551e-08
 Reference value :  7.37551e-08
 Reference value :  7.52551e-08
 Reference value :  7.62551e-08
 Reference value :  7.77551e-08
 Reference value :  7.92551e-08
 Reference value :  8.02551e-08
 Reference value :  8.17551e-08
 Reference value :  8.27551e-08
 Reference value :  8.37551e-08
 Reference value :  8.47551e-08
 Reference value :  8.62551e-08
 Reference value :  8.77551e-08
 Reference value :  8.87551e-08
 Reference value :  8.97551e-08
 Reference value :  9.12551e-08
 Reference value :  9.32551e-08
 Reference value :  9.52551e-08
 Reference value :  9.67551e-08
 Reference value :  9.82551e-08
 Reference value :  9.97551e-08
 Reference value :  1.01755e-07
 Reference value :  1.03755e-07
 Reference value :  1.05755e-07
 Reference value :  1.07755e-07
 Reference value :  1.09755e-07
 Reference value :  1.11755e-07
 Reference value :  1.13255e-07
 Reference value :  1.15255e-07
 Reference value :  1.17255e-07
 Reference value :  1.20255e-07
 Reference value :  1.22255e-07
 Reference value :  1.24255e-07
 Reference value :  1.26255e-07
 Reference value :  1.28255e-07
 Reference value :  1.30255e-07
 Reference value :  1.32255e-07
 Reference value :  1.34255e-07
 Reference value :  1.36255e-07
 Reference value :  1.38255e-07
 Reference value :  1.40255e-07
 Reference value :  1.42255e-07
 Reference value :  1.44255e-07
 Reference value :  1.45755e-07
 Reference value :  1.46755e-07
 Reference value :  1.48255e-07
 Reference value :  1.49755e-07
 Reference value :  1.51755e-07
 Reference value :  1.53755e-07
 Reference value :  1.55755e-07
 Reference value :  1.57755e-07
 Reference value :  1.59755e-07
 Reference value :  1.61255e-07
 Reference value :  1.62755e-07
 Reference value :  1.64255e-07
 Reference value :  1.65755e-07
 Reference value :  1.67255e-07
 Reference value :  1.69255e-07
 Reference value :  1.71255e-07
 Reference value :  1.72755e-07
 Reference value :  1.74755e-07
 Reference value :  1.76255e-07
 Reference value :  1.77755e-07
 Reference value :  1.79255e-07
 Reference value :  1.80755e-07
 Reference value :  1.82255e-07
 Reference value :  1.83755e-07
 Reference value :  1.85255e-07
 Reference value :  1.87255e-07
 Reference value :  1.88755e-07
 Reference value :  1.90255e-07
 Reference value :  1.91755e-07
 Reference value :  1.93255e-07
 Reference value :  1.95255e-07
 Reference value :  1.97255e-07
 Reference value :  1.99255e-07
 Reference value :  2.01255e-07
 Reference value :  2.03255e-07
 Reference value :  2.05255e-07
 Reference value :  2.07255e-07
 Reference value :  2.08755e-07
 Reference value :  2.10755e-07
 Reference value :  2.12755e-07
 Reference value :  2.14255e-07
 Reference value :  2.15755e-07
 Reference value :  2.17255e-07
 Reference value :  2.19255e-07
 Reference value :  2.20755e-07
 Reference value :  2.22255e-07
 Reference value :  2.23755e-07
 Reference value :  2.25255e-07
 Reference value :  2.26755e-07
 Reference value :  2.28255e-07
 Reference value :  2.29755e-07
 Reference value :  2.30755e-07
 Reference value :  2.32255e-07
 Reference value :  2.33755e-07
 Reference value :  2.35255e-07
 Reference value :  2.37255e-07
 Reference value :  2.39255e-07
 Reference value :  2.41255e-07
 Reference value :  2.43255e-07
 Reference value :  2.45255e-07
 Reference value :  2.47255e-07
 Reference value :  2.49255e-07
 Reference value :  2.50755e-07
 Reference value :  2.52255e-07
 Reference value :  2.53755e-07
 Reference value :  2.54755e-07
 Reference value :  2.55755e-07
 Reference value :  2.56755e-07
 Reference value :  2.58255e-07
 Reference value :  2.60255e-07
 Reference value :  2.61755e-07
 Reference value :  2.63255e-07
 Reference value :  2.64755e-07
 Reference value :  2.66255e-07
 Reference value :  2.67755e-07
 Reference value :  2.69755e-07
 Reference value :  2.71755e-07
 Reference value :  2.73755e-07
 Reference value :  2.75255e-07
 Reference value :  2.76255e-07
 Reference value :  2.77755e-07
 Reference value :  2.78755e-07
 Reference value :  2.80255e-07
 Reference value :  2.81755e-07
 Reference value :  2.83255e-07
 Reference value :  2.84755e-07
 Reference value :  2.85755e-07
 Reference value :  2.87255e-07
 Reference value :  2.88755e-07
 Reference value :  2.90255e-07
 Reference value :  2.91755e-07
 Reference value :  2.92755e-07
 Reference value :  2.94255e-07
 Reference value :  2.95255e-07
 Reference value :  2.96755e-07
 Reference value :  2.97755e-07
 Reference value :  2.98755e-07
 Reference value :  3.00255e-07
 Reference value :  3.01755e-07
 Reference value :  3.03755e-07
 Reference value :  3.05255e-07
 Reference value :  3.06755e-07
 Reference value :  3.07755e-07
 Reference value :  3.09255e-07
 Reference value :  3.11255e-07
 Reference value :  3.13255e-07
 Reference value :  3.15255e-07
 Reference value :  3.16755e-07
 Reference value :  3.18255e-07
 Reference value :  3.19755e-07
 Reference value :  3.21255e-07
 Reference value :  3.22255e-07
 Reference value :  3.23255e-07
 Reference value :  3.24755e-07
 Reference value :  3.25755e-07
 Reference value :  3.27255e-07
 Reference value :  3.28255e-07
 Reference value :  3.30255e-07
 Reference value :  3.32255e-07
 Reference value :  3.33755e-07
 Reference value :  3.35755e-07
 Reference value :  3.37255e-07
 Reference value :  3.38755e-07
 Reference value :  3.39755e-07
 Reference value :  3.41255e-07
 Reference value :  3.42755e-07
 Reference value :  3.43755e-07
 Reference value :  3.44755e-07
 Reference value :  3.46255e-07
 Reference value :  3.47755e-07
 Reference value :  3.49755e-07
 Reference value :  3.51755e-07
 Reference value :  3.53755e-07
 Reference value :  3.55755e-07
 Reference value :  3.57755e-07
 Reference value :  3.59255e-07
 Reference value :  3.60255e-07
 Reference value :  3.61755e-07
 Reference value :  3.63255e-07
 Reference value :  3.64755e-07
 Reference value :  3.66755e-07
 Reference value :  3.68255e-07
 Reference value :  3.70255e-07
 Reference value :  3.72255e-07
 Reference value :  3.73755e-07
 Reference value :  3.75755e-07
 Reference value :  3.77755e-07
 Reference value :  3.79755e-07
 Reference value :  3.81755e-07
 Reference value :  3.83755e-07
 Reference value :  3.85755e-07
 Reference value :  3.86755e-07
 Reference value :  3.88755e-07
 Reference value :  3.90755e-07
 Reference value :  3.92255e-07
 Reference value :  3.93755e-07
 Reference value :  3.95755e-07
 Reference value :  3.97755e-07
 Reference value :  3.99755e-07
 Reference value :  4.01255e-07
 Reference value :  4.03255e-07
 Reference value :  4.05255e-07
 Reference value :  4.07255e-07
 Reference value :  4.09255e-07
 Reference value :  4.10755e-07
 Reference value :  4.12755e-07
 Reference value :  4.14755e-07
 Reference value :  4.16755e-07
 Reference value :  4.18755e-07
 Reference value :  4.20755e-07
 Reference value :  4.22755e-07
 Reference value :  4.24755e-07
 Reference value :  4.26755e-07
 Reference value :  4.28755e-07
 Reference value :  4.30755e-07
 Reference value :  4.32755e-07
 Reference value :  4.34755e-07
 Reference value :  4.36755e-07
 Reference value :  4.38755e-07
 Reference value :  4.40755e-07
 Reference value :  4.42255e-07
 Reference value :  4.43255e-07
 Reference value :  4.44755e-07
 Reference value :  4.46255e-07
 Reference value :  4.47255e-07
 Reference value :  4.48755e-07
 Reference value :  4.50255e-07
 Reference value :  4.51755e-07
 Reference value :  4.53255e-07
 Reference value :  4.54755e-07
 Reference value :  4.56255e-07
 Reference value :  4.57755e-07
 Reference value :  4.59255e-07
 Reference value :  4.60755e-07
 Reference value :  4.62255e-07
 Reference value :  4.63755e-07
 Reference value :  4.65255e-07
 Reference value :  4.67255e-07
 Reference value :  4.68755e-07
 Reference value :  4.70255e-07
 Reference value :  4.72255e-07
 Reference value :  4.74255e-07
 Reference value :  4.76255e-07
 Reference value :  4.78255e-07
 Reference value :  4.80255e-07
 Reference value :  4.81755e-07
 Reference value :  4.83255e-07
 Reference value :  4.85255e-07
 Reference value :  4.86755e-07
 Reference value :  4.88255e-07
 Reference value :  4.89755e-07
 Reference value :  4.91255e-07
 Reference value :  4.93255e-07
 Reference value :  4.95255e-07
 Reference value :  4.97255e-07
 Reference value :  4.99255e-07
No. of Data Rows : 1026
vtop_p_0            =  9.00000e-01
vtop_n_0            =  2.69717e+00
vtop_p_1            =  9.03499e-01
vtop_n_1            =  2.69365e+00
vtop_p_2            =  9.07031e-01
vtop_n_2            =  2.69011e+00
vtop_p_3            =  9.10537e-01
vtop_n_3            =  2.68666e+00
vtop_p_4            =  9.14070e-01
vtop_n_4            =  2.68317e+00
vtop_p_7            =  9.24660e-01
vtop_n_7            =  2.67244e+00
vtop_p_8            =  9.28235e-01
vtop_n_8            =  2.66902e+00
vtop_p_15           =  9.52813e-01
vtop_n_15           =  2.64428e+00
vtop_p_16           =  9.56441e-01
vtop_n_16           =  2.64089e+00
vtop_p_31           =  1.00926e+00
vtop_n_31           =  2.58779e+00
vtop_p_32           =  1.01338e+00
vtop_n_32           =  2.58418e+00
vtop_p_63           =  1.12229e+00
vtop_n_63           =  2.47502e+00
vtop_p_64           =  1.12406e+00
vtop_n_64           =  2.47282e+00
vtop_p_127          =  1.34630e+00
vtop_n_127          =  2.25129e+00
vtop_p_128          =  1.35078e+00
vtop_n_128          =  2.24710e+00
vtop_p_255          =  1.79705e+00
vtop_n_255          =  1.80103e+00
vtop_p_256          =  1.79888e+00
vtop_n_256          =  1.79626e+00
vtop_p_383          =  2.24787e+00
vtop_n_383          =  1.35087e+00
vtop_p_384          =  2.25144e+00
vtop_n_384          =  1.34631e+00
vtop_p_385          =  2.25423e+00
vtop_n_385          =  1.34283e+00
vtop_p_510          =  2.69365e+00
vtop_n_510          =  9.03504e-01
vtop_p_511          =  2.69718e+00
vtop_n_511          =  9.00000e-01
Note: Simulation executed from .control section 
