
Note: Compatibility modes selected: hs a


Circuit: * cdac-array-transfer monte carlo -- corner=tt_mm temp=27.0c supply=1.8v seed=19 (issue #29)

option SCALE: Scale is set to 1e-06 for instance and model parameters
option SCALE: Scale is set to 1e-06 for instance and model parameters
option SCALE: Scale is set to 1e-06 for instance and model parameters
option SCALE: Scale is set to 1e-06 for instance and model parameters
Doing analysis at TEMP = 27.000000 and TNOM = 27.000000

Using KLU as Direct Linear Solver
 Reference value :  0.00000e+00
 Reference value :  4.00000e-11
 Reference value :  6.10000e-10
 Reference value :  9.60000e-10
 Reference value :  9.87309e-10
 Reference value :  1.04263e-09
 Reference value :  1.10000e-09
 Reference value :  1.12123e-09
 Reference value :  1.18133e-09
 Reference value :  1.29830e-09
 Reference value :  1.52184e-09
 Reference value :  1.94817e-09
 Reference value :  2.74841e-09
 Reference value :  4.24841e-09
 Reference value :  5.74841e-09
 Reference value :  6.74841e-09
 Reference value :  7.74841e-09
 Reference value :  8.74841e-09
 Reference value :  1.02484e-08
 Reference value :  1.27484e-08
 Reference value :  1.67484e-08
 Reference value :  2.07484e-08
 Reference value :  2.47484e-08
 Reference value :  2.87484e-08
 Reference value :  3.27484e-08
 Reference value :  3.62484e-08
 Reference value :  3.72484e-08
 Reference value :  3.87484e-08
 Reference value :  4.02484e-08
 Reference value :  4.12484e-08
 Reference value :  4.27484e-08
 Reference value :  4.37484e-08
 Reference value :  4.52484e-08
 Reference value :  4.62484e-08
 Reference value :  4.72484e-08
 Reference value :  4.87484e-08
 Reference value :  4.97484e-08
 Reference value :  5.07484e-08
 Reference value :  5.22484e-08
 Reference value :  5.37484e-08
 Reference value :  5.52484e-08
 Reference value :  5.67484e-08
 Reference value :  5.82484e-08
 Reference value :  5.97484e-08
 Reference value :  6.12484e-08
 Reference value :  6.27484e-08
 Reference value :  6.42484e-08
 Reference value :  6.52484e-08
 Reference value :  6.62484e-08
 Reference value :  6.72484e-08
 Reference value :  6.82484e-08
 Reference value :  6.92484e-08
 Reference value :  7.02484e-08
 Reference value :  7.12484e-08
 Reference value :  7.27484e-08
 Reference value :  7.37484e-08
 Reference value :  7.52484e-08
 Reference value :  7.67484e-08
 Reference value :  7.82484e-08
 Reference value :  7.97484e-08
 Reference value :  8.12484e-08
 Reference value :  8.22484e-08
 Reference value :  8.32484e-08
 Reference value :  8.42484e-08
 Reference value :  8.57484e-08
 Reference value :  8.67484e-08
 Reference value :  8.77484e-08
 Reference value :  8.87484e-08
 Reference value :  9.02484e-08
 Reference value :  9.12484e-08
 Reference value :  9.27484e-08
 Reference value :  9.42484e-08
 Reference value :  9.52484e-08
 Reference value :  9.67484e-08
 Reference value :  9.77484e-08
 Reference value :  9.92484e-08
 Reference value :  1.00748e-07
 Reference value :  1.02248e-07
 Reference value :  1.03248e-07
 Reference value :  1.04748e-07
 Reference value :  1.05748e-07
 Reference value :  1.07248e-07
 Reference value :  1.08248e-07
 Reference value :  1.09248e-07
 Reference value :  1.10248e-07
 Reference value :  1.11248e-07
 Reference value :  1.12748e-07
 Reference value :  1.14248e-07
 Reference value :  1.15748e-07
 Reference value :  1.16748e-07
 Reference value :  1.17748e-07
 Reference value :  1.18748e-07
 Reference value :  1.20248e-07
 Reference value :  1.21248e-07
 Reference value :  1.22748e-07
 Reference value :  1.24248e-07
 Reference value :  1.25748e-07
 Reference value :  1.26748e-07
 Reference value :  1.28248e-07
 Reference value :  1.29248e-07
 Reference value :  1.30748e-07
 Reference value :  1.31748e-07
 Reference value :  1.32748e-07
 Reference value :  1.33748e-07
 Reference value :  1.35248e-07
 Reference value :  1.36748e-07
 Reference value :  1.37748e-07
 Reference value :  1.39248e-07
 Reference value :  1.40248e-07
 Reference value :  1.41748e-07
 Reference value :  1.42748e-07
 Reference value :  1.43748e-07
 Reference value :  1.44748e-07
 Reference value :  1.46248e-07
 Reference value :  1.47748e-07
 Reference value :  1.49248e-07
 Reference value :  1.50748e-07
 Reference value :  1.52248e-07
 Reference value :  1.53748e-07
 Reference value :  1.54748e-07
 Reference value :  1.56248e-07
 Reference value :  1.57248e-07
 Reference value :  1.58748e-07
 Reference value :  1.60248e-07
 Reference value :  1.61748e-07
 Reference value :  1.62748e-07
 Reference value :  1.63748e-07
 Reference value :  1.65248e-07
 Reference value :  1.66748e-07
 Reference value :  1.67748e-07
 Reference value :  1.68748e-07
 Reference value :  1.69748e-07
 Reference value :  1.71248e-07
 Reference value :  1.72748e-07
 Reference value :  1.73748e-07
 Reference value :  1.74748e-07
 Reference value :  1.75748e-07
 Reference value :  1.76748e-07
 Reference value :  1.78248e-07
 Reference value :  1.79748e-07
 Reference value :  1.81248e-07
 Reference value :  1.82748e-07
 Reference value :  1.84248e-07
 Reference value :  1.85748e-07
 Reference value :  1.86748e-07
 Reference value :  1.88248e-07
 Reference value :  1.89748e-07
 Reference value :  1.90748e-07
 Reference value :  1.92248e-07
 Reference value :  1.93748e-07
 Reference value :  1.94748e-07
 Reference value :  1.95748e-07
 Reference value :  1.96748e-07
 Reference value :  1.97748e-07
 Reference value :  1.99248e-07
 Reference value :  2.00748e-07
 Reference value :  2.02248e-07
 Reference value :  2.03748e-07
 Reference value :  2.05248e-07
 Reference value :  2.06248e-07
 Reference value :  2.07748e-07
 Reference value :  2.09248e-07
 Reference value :  2.10748e-07
 Reference value :  2.11748e-07
 Reference value :  2.12748e-07
 Reference value :  2.14248e-07
 Reference value :  2.15248e-07
 Reference value :  2.16248e-07
 Reference value :  2.17748e-07
 Reference value :  2.18748e-07
 Reference value :  2.20248e-07
 Reference value :  2.21748e-07
 Reference value :  2.22748e-07
 Reference value :  2.24248e-07
 Reference value :  2.25248e-07
 Reference value :  2.26248e-07
 Reference value :  2.27748e-07
 Reference value :  2.28748e-07
 Reference value :  2.30248e-07
 Reference value :  2.31248e-07
 Reference value :  2.32748e-07
 Reference value :  2.33748e-07
 Reference value :  2.35248e-07
 Reference value :  2.36248e-07
 Reference value :  2.37248e-07
 Reference value :  2.38748e-07
 Reference value :  2.39748e-07
 Reference value :  2.40748e-07
 Reference value :  2.42248e-07
 Reference value :  2.43748e-07
 Reference value :  2.44748e-07
 Reference value :  2.45748e-07
 Reference value :  2.46748e-07
 Reference value :  2.47748e-07
 Reference value :  2.49248e-07
 Reference value :  2.50248e-07
 Reference value :  2.51248e-07
 Reference value :  2.52248e-07
 Reference value :  2.53748e-07
 Reference value :  2.54748e-07
 Reference value :  2.56248e-07
 Reference value :  2.57248e-07
 Reference value :  2.58248e-07
 Reference value :  2.59248e-07
 Reference value :  2.60248e-07
 Reference value :  2.61748e-07
 Reference value :  2.62748e-07
 Reference value :  2.64248e-07
 Reference value :  2.65248e-07
 Reference value :  2.66748e-07
 Reference value :  2.68248e-07
 Reference value :  2.69248e-07
 Reference value :  2.70748e-07
 Reference value :  2.72248e-07
 Reference value :  2.73248e-07
 Reference value :  2.74248e-07
 Reference value :  2.75248e-07
 Reference value :  2.76248e-07
 Reference value :  2.77248e-07
 Reference value :  2.78748e-07
 Reference value :  2.79748e-07
 Reference value :  2.81248e-07
 Reference value :  2.82248e-07
 Reference value :  2.83748e-07
 Reference value :  2.85248e-07
 Reference value :  2.86248e-07
 Reference value :  2.87748e-07
 Reference value :  2.88748e-07
 Reference value :  2.90248e-07
 Reference value :  2.91248e-07
 Reference value :  2.92248e-07
 Reference value :  2.93748e-07
 Reference value :  2.94748e-07
 Reference value :  2.95748e-07
 Reference value :  2.96748e-07
 Reference value :  2.98248e-07
 Reference value :  2.99248e-07
 Reference value :  3.00748e-07
 Reference value :  3.02248e-07
 Reference value :  3.03748e-07
 Reference value :  3.04748e-07
 Reference value :  3.05748e-07
 Reference value :  3.06748e-07
 Reference value :  3.08248e-07
 Reference value :  3.09748e-07
 Reference value :  3.10748e-07
 Reference value :  3.12248e-07
 Reference value :  3.13248e-07
 Reference value :  3.14748e-07
 Reference value :  3.15748e-07
 Reference value :  3.16748e-07
 Reference value :  3.18248e-07
 Reference value :  3.19248e-07
 Reference value :  3.20248e-07
 Reference value :  3.21748e-07
 Reference value :  3.22748e-07
 Reference value :  3.23748e-07
 Reference value :  3.24748e-07
 Reference value :  3.26248e-07
 Reference value :  3.27248e-07
 Reference value :  3.28248e-07
 Reference value :  3.29748e-07
 Reference value :  3.30748e-07
 Reference value :  3.32248e-07
 Reference value :  3.33748e-07
 Reference value :  3.35248e-07
 Reference value :  3.36248e-07
 Reference value :  3.37748e-07
 Reference value :  3.39248e-07
 Reference value :  3.40248e-07
 Reference value :  3.41248e-07
 Reference value :  3.42748e-07
 Reference value :  3.43748e-07
 Reference value :  3.45248e-07
 Reference value :  3.46748e-07
 Reference value :  3.48248e-07
 Reference value :  3.49248e-07
 Reference value :  3.50748e-07
 Reference value :  3.51748e-07
 Reference value :  3.52748e-07
 Reference value :  3.54248e-07
 Reference value :  3.55248e-07
 Reference value :  3.56248e-07
 Reference value :  3.57748e-07
 Reference value :  3.59248e-07
 Reference value :  3.60748e-07
 Reference value :  3.61748e-07
 Reference value :  3.62748e-07
 Reference value :  3.64248e-07
 Reference value :  3.65748e-07
 Reference value :  3.66748e-07
 Reference value :  3.68248e-07
 Reference value :  3.69748e-07
 Reference value :  3.71248e-07
 Reference value :  3.72748e-07
 Reference value :  3.74248e-07
 Reference value :  3.75748e-07
 Reference value :  3.77248e-07
 Reference value :  3.78748e-07
 Reference value :  3.80748e-07
 Reference value :  3.82748e-07
 Reference value :  3.84748e-07
 Reference value :  3.86748e-07
 Reference value :  3.88248e-07
 Reference value :  3.89748e-07
 Reference value :  3.91748e-07
 Reference value :  3.93748e-07
 Reference value :  3.95748e-07
 Reference value :  3.97248e-07
 Reference value :  3.98748e-07
 Reference value :  3.99748e-07
 Reference value :  4.01748e-07
 Reference value :  4.03248e-07
 Reference value :  4.04748e-07
 Reference value :  4.06748e-07
 Reference value :  4.08748e-07
 Reference value :  4.10748e-07
 Reference value :  4.12748e-07
 Reference value :  4.14748e-07
 Reference value :  4.16248e-07
 Reference value :  4.17748e-07
 Reference value :  4.19248e-07
 Reference value :  4.20748e-07
 Reference value :  4.22248e-07
 Reference value :  4.23748e-07
 Reference value :  4.25248e-07
 Reference value :  4.26748e-07
 Reference value :  4.28248e-07
 Reference value :  4.30248e-07
 Reference value :  4.32248e-07
 Reference value :  4.34248e-07
 Reference value :  4.36248e-07
 Reference value :  4.38248e-07
 Reference value :  4.40248e-07
 Reference value :  4.42248e-07
 Reference value :  4.44248e-07
 Reference value :  4.45248e-07
 Reference value :  4.46248e-07
 Reference value :  4.47748e-07
 Reference value :  4.48748e-07
 Reference value :  4.49748e-07
 Reference value :  4.50748e-07
 Reference value :  4.52248e-07
 Reference value :  4.54248e-07
 Reference value :  4.55748e-07
 Reference value :  4.57248e-07
 Reference value :  4.59248e-07
 Reference value :  4.61248e-07
 Reference value :  4.63248e-07
 Reference value :  4.65248e-07
 Reference value :  4.67248e-07
 Reference value :  4.69248e-07
 Reference value :  4.71248e-07
 Reference value :  4.73248e-07
 Reference value :  4.75248e-07
 Reference value :  4.77248e-07
 Reference value :  4.79248e-07
 Reference value :  4.81248e-07
 Reference value :  4.83248e-07
 Reference value :  4.85248e-07
 Reference value :  4.87248e-07
 Reference value :  4.89248e-07
 Reference value :  4.90748e-07
 Reference value :  4.92748e-07
 Reference value :  4.94748e-07
 Reference value :  4.96248e-07
 Reference value :  4.97748e-07
 Reference value :  4.99624e-07
No. of Data Rows : 1026
vtop_p_0            =  9.00000e-01
vtop_n_0            =  2.69721e+00
vtop_p_1            =  9.03503e-01
vtop_n_1            =  2.69365e+00
vtop_p_2            =  9.07017e-01
vtop_n_2            =  2.69013e+00
vtop_p_3            =  9.10530e-01
vtop_n_3            =  2.68659e+00
vtop_p_4            =  9.14047e-01
vtop_n_4            =  2.68302e+00
vtop_p_7            =  9.24647e-01
vtop_n_7            =  2.67261e+00
vtop_p_8            =  9.28299e-01
vtop_n_8            =  2.66898e+00
vtop_p_15           =  9.52780e-01
vtop_n_15           =  2.64423e+00
vtop_p_16           =  9.56498e-01
vtop_n_16           =  2.64113e+00
vtop_p_31           =  1.00904e+00
vtop_n_31           =  2.58806e+00
vtop_p_32           =  1.01327e+00
vtop_n_32           =  2.58466e+00
vtop_p_63           =  1.12201e+00
vtop_n_63           =  2.47557e+00
vtop_p_64           =  1.12473e+00
vtop_n_64           =  2.47186e+00
vtop_p_127          =  1.34665e+00
vtop_n_127          =  2.24856e+00
vtop_p_128          =  1.35083e+00
vtop_n_128          =  2.24669e+00
vtop_p_255          =  1.79380e+00
vtop_n_255          =  1.79933e+00
vtop_p_256          =  1.80100e+00
vtop_n_256          =  1.79666e+00
vtop_p_383          =  2.24698e+00
vtop_n_383          =  1.34878e+00
vtop_p_384          =  2.24999e+00
vtop_n_384          =  1.34695e+00
vtop_p_385          =  2.25349e+00
vtop_n_385          =  1.34291e+00
vtop_p_510          =  2.69367e+00
vtop_n_510          =  9.03514e-01
vtop_p_511          =  2.69716e+00
vtop_n_511          =  9.00000e-01
Note: Simulation executed from .control section 
