
Note: Compatibility modes selected: hs a


Circuit: * cdac-array-transfer monte carlo -- corner=tt temp=27.0c supply=1.8v seed=13 (issue #29)

option SCALE: Scale is set to 1e-06 for instance and model parameters
option SCALE: Scale is set to 1e-06 for instance and model parameters
option SCALE: Scale is set to 1e-06 for instance and model parameters
option SCALE: Scale is set to 1e-06 for instance and model parameters
Doing analysis at TEMP = 27.000000 and TNOM = 27.000000

Using KLU as Direct Linear Solver
 Reference value :  0.00000e+00
 Reference value :  1.00655e-09
 Reference value :  1.53156e-09
 Reference value :  7.76663e-09
 Reference value :  1.37666e-08
 Reference value :  1.57666e-08
 Reference value :  2.17666e-08
 Reference value :  2.87666e-08
 Reference value :  3.47666e-08
 Reference value :  4.07666e-08
 Reference value :  4.47666e-08
 Reference value :  5.17666e-08
 Reference value :  5.82666e-08
 Reference value :  6.52666e-08
 Reference value :  7.22666e-08
 Reference value :  7.62666e-08
 Reference value :  7.87666e-08
 Reference value :  8.52666e-08
 Reference value :  9.22666e-08
 Reference value :  9.82666e-08
 Reference value :  1.01767e-07
 Reference value :  1.05767e-07
 Reference value :  1.12767e-07
 Reference value :  1.19767e-07
 Reference value :  1.26267e-07
 Reference value :  1.33267e-07
 Reference value :  1.39267e-07
 Reference value :  1.46267e-07
 Reference value :  1.52267e-07
 Reference value :  1.57767e-07
 Reference value :  1.64767e-07
 Reference value :  1.71767e-07
 Reference value :  1.77267e-07
 Reference value :  1.81767e-07
 Reference value :  1.88767e-07
 Reference value :  1.95267e-07
 Reference value :  2.02267e-07
 Reference value :  2.08767e-07
 Reference value :  2.14767e-07
 Reference value :  2.21767e-07
 Reference value :  2.28767e-07
 Reference value :  2.35767e-07
 Reference value :  2.42267e-07
 Reference value :  2.49267e-07
 Reference value :  2.55767e-07
 Reference value :  2.62767e-07
 Reference value :  2.69267e-07
 Reference value :  2.75267e-07
 Reference value :  2.80267e-07
 Reference value :  2.85267e-07
 Reference value :  2.92267e-07
 Reference value :  2.99267e-07
 Reference value :  3.06267e-07
 Reference value :  3.12767e-07
 Reference value :  3.19767e-07
 Reference value :  3.26267e-07
 Reference value :  3.33267e-07
 Reference value :  3.39767e-07
 Reference value :  3.46767e-07
 Reference value :  3.53267e-07
 Reference value :  3.59767e-07
 Reference value :  3.66767e-07
 Reference value :  3.73267e-07
 Reference value :  3.80267e-07
 Reference value :  3.86267e-07
 Reference value :  3.93267e-07
 Reference value :  3.99267e-07
 Reference value :  4.06267e-07
 Reference value :  4.13267e-07
 Reference value :  4.19767e-07
 Reference value :  4.26767e-07
 Reference value :  4.33267e-07
 Reference value :  4.40267e-07
 Reference value :  4.46767e-07
 Reference value :  4.53767e-07
 Reference value :  4.60767e-07
 Reference value :  4.67767e-07
 Reference value :  4.74767e-07
 Reference value :  4.80767e-07
 Reference value :  4.87767e-07
 Reference value :  4.94267e-07
No. of Data Rows : 1026
vtop_p_0            =  9.00000e-01
vtop_n_0            =  2.69718e+00
vtop_p_1            =  9.03508e-01
vtop_n_1            =  2.69366e+00
vtop_p_2            =  9.07041e-01
vtop_n_2            =  2.69013e+00
vtop_p_3            =  9.10549e-01
vtop_n_3            =  2.68661e+00
vtop_p_4            =  9.14099e-01
vtop_n_4            =  2.68307e+00
vtop_p_7            =  9.24647e-01
vtop_n_7            =  2.67253e+00
vtop_p_8            =  9.28193e-01
vtop_n_8            =  2.66897e+00
vtop_p_15           =  9.52838e-01
vtop_n_15           =  2.64434e+00
vtop_p_16           =  9.56344e-01
vtop_n_16           =  2.64082e+00
vtop_p_31           =  1.00918e+00
vtop_n_31           =  2.58799e+00
vtop_p_32           =  1.01261e+00
vtop_n_32           =  2.58455e+00
vtop_p_63           =  1.12179e+00
vtop_n_63           =  2.47538e+00
vtop_p_64           =  1.12512e+00
vtop_n_64           =  2.47204e+00
vtop_p_127          =  1.34691e+00
vtop_n_127          =  2.25026e+00
vtop_p_128          =  1.35013e+00
vtop_n_128          =  2.24703e+00
vtop_p_255          =  1.79703e+00
vtop_n_255          =  1.80013e+00
vtop_p_256          =  1.80013e+00
vtop_n_256          =  1.79703e+00
vtop_p_383          =  2.24703e+00
vtop_n_383          =  1.35013e+00
vtop_p_384          =  2.25026e+00
vtop_n_384          =  1.34691e+00
vtop_p_385          =  2.25377e+00
vtop_n_385          =  1.34341e+00
vtop_p_510          =  2.69366e+00
vtop_n_510          =  9.03508e-01
vtop_p_511          =  2.69718e+00
vtop_n_511          =  9.00000e-01
Note: Simulation executed from .control section 
