
Note: Compatibility modes selected: hs a


Circuit: * cdac-array-transfer monte carlo -- corner=tt temp=27.0c supply=1.8v seed=24 (issue #29)

option SCALE: Scale is set to 1e-06 for instance and model parameters
option SCALE: Scale is set to 1e-06 for instance and model parameters
option SCALE: Scale is set to 1e-06 for instance and model parameters
option SCALE: Scale is set to 1e-06 for instance and model parameters
Doing analysis at TEMP = 27.000000 and TNOM = 27.000000

Using KLU as Direct Linear Solver
 Reference value :  0.00000e+00
 Reference value :  1.00655e-09
 Reference value :  1.69077e-09
 Reference value :  8.26663e-09
 Reference value :  1.47666e-08
 Reference value :  2.17666e-08
 Reference value :  2.82666e-08
 Reference value :  3.52666e-08
 Reference value :  4.17666e-08
 Reference value :  4.87666e-08
 Reference value :  5.57666e-08
 Reference value :  6.22666e-08
 Reference value :  6.92666e-08
 Reference value :  7.57666e-08
 Reference value :  8.27666e-08
 Reference value :  8.92666e-08
 Reference value :  9.62666e-08
 Reference value :  1.02767e-07
 Reference value :  1.05767e-07
 Reference value :  1.12767e-07
 Reference value :  1.19267e-07
 Reference value :  1.26267e-07
 Reference value :  1.32767e-07
 Reference value :  1.39267e-07
 Reference value :  1.45767e-07
 Reference value :  1.52767e-07
 Reference value :  1.59767e-07
 Reference value :  1.66767e-07
 Reference value :  1.73767e-07
 Reference value :  1.80267e-07
 Reference value :  1.87267e-07
 Reference value :  1.93767e-07
 Reference value :  2.00767e-07
 Reference value :  2.07267e-07
 Reference value :  2.14267e-07
 Reference value :  2.21267e-07
 Reference value :  2.27767e-07
 Reference value :  2.34767e-07
 Reference value :  2.41267e-07
 Reference value :  2.45767e-07
 Reference value :  2.52267e-07
 Reference value :  2.59267e-07
 Reference value :  2.66267e-07
 Reference value :  2.73267e-07
 Reference value :  2.77767e-07
 Reference value :  2.83767e-07
 Reference value :  2.90767e-07
 Reference value :  2.97267e-07
 Reference value :  3.04267e-07
 Reference value :  3.11267e-07
 Reference value :  3.18267e-07
 Reference value :  3.24767e-07
 Reference value :  3.31767e-07
 Reference value :  3.35267e-07
 Reference value :  3.36267e-07
 Reference value :  3.37267e-07
 Reference value :  3.38767e-07
 Reference value :  3.45767e-07
 Reference value :  3.52267e-07
 Reference value :  3.58767e-07
 Reference value :  3.65767e-07
 Reference value :  3.72767e-07
 Reference value :  3.79767e-07
 Reference value :  3.86267e-07
 Reference value :  3.90267e-07
 Reference value :  3.96767e-07
 Reference value :  4.03767e-07
 Reference value :  4.06767e-07
 Reference value :  4.13767e-07
 Reference value :  4.20767e-07
 Reference value :  4.26767e-07
 Reference value :  4.33267e-07
 Reference value :  4.39767e-07
 Reference value :  4.46767e-07
 Reference value :  4.51267e-07
 Reference value :  4.58267e-07
 Reference value :  4.65267e-07
 Reference value :  4.71267e-07
 Reference value :  4.78267e-07
 Reference value :  4.84767e-07
 Reference value :  4.91767e-07
 Reference value :  4.98267e-07
No. of Data Rows : 1026
vtop_p_0            =  9.00000e-01
vtop_n_0            =  2.69718e+00
vtop_p_1            =  9.03508e-01
vtop_n_1            =  2.69366e+00
vtop_p_2            =  9.07041e-01
vtop_n_2            =  2.69013e+00
vtop_p_3            =  9.10549e-01
vtop_n_3            =  2.68661e+00
vtop_p_4            =  9.14099e-01
vtop_n_4            =  2.68307e+00
vtop_p_7            =  9.24647e-01
vtop_n_7            =  2.67253e+00
vtop_p_8            =  9.28193e-01
vtop_n_8            =  2.66897e+00
vtop_p_15           =  9.52838e-01
vtop_n_15           =  2.64434e+00
vtop_p_16           =  9.56344e-01
vtop_n_16           =  2.64082e+00
vtop_p_31           =  1.00918e+00
vtop_n_31           =  2.58799e+00
vtop_p_32           =  1.01261e+00
vtop_n_32           =  2.58455e+00
vtop_p_63           =  1.12179e+00
vtop_n_63           =  2.47538e+00
vtop_p_64           =  1.12512e+00
vtop_n_64           =  2.47204e+00
vtop_p_127          =  1.34691e+00
vtop_n_127          =  2.25026e+00
vtop_p_128          =  1.35013e+00
vtop_n_128          =  2.24703e+00
vtop_p_255          =  1.79703e+00
vtop_n_255          =  1.80013e+00
vtop_p_256          =  1.80013e+00
vtop_n_256          =  1.79703e+00
vtop_p_383          =  2.24703e+00
vtop_n_383          =  1.35013e+00
vtop_p_384          =  2.25026e+00
vtop_n_384          =  1.34691e+00
vtop_p_385          =  2.25377e+00
vtop_n_385          =  1.34341e+00
vtop_p_510          =  2.69366e+00
vtop_n_510          =  9.03508e-01
vtop_p_511          =  2.69718e+00
vtop_n_511          =  9.00000e-01
Note: Simulation executed from .control section 
