
Note: Compatibility modes selected: hs a


Circuit: * cdac-array-transfer monte carlo -- corner=tt temp=27.0c supply=1.8v seed=29 (issue #29)

option SCALE: Scale is set to 1e-06 for instance and model parameters
option SCALE: Scale is set to 1e-06 for instance and model parameters
option SCALE: Scale is set to 1e-06 for instance and model parameters
option SCALE: Scale is set to 1e-06 for instance and model parameters
Doing analysis at TEMP = 27.000000 and TNOM = 27.000000

Using KLU as Direct Linear Solver
 Reference value :  0.00000e+00
 Reference value :  9.00000e-10
 Reference value :  1.14645e-09
 Reference value :  4.26663e-09
 Reference value :  1.12666e-08
 Reference value :  1.82666e-08
 Reference value :  2.47666e-08
 Reference value :  3.17666e-08
 Reference value :  3.77666e-08
 Reference value :  4.47666e-08
 Reference value :  5.07666e-08
 Reference value :  5.77666e-08
 Reference value :  6.42666e-08
 Reference value :  7.12666e-08
 Reference value :  7.82666e-08
 Reference value :  8.47666e-08
 Reference value :  9.17666e-08
 Reference value :  9.62666e-08
 Reference value :  1.00267e-07
 Reference value :  1.05267e-07
 Reference value :  1.08767e-07
 Reference value :  1.15267e-07
 Reference value :  1.22267e-07
 Reference value :  1.29267e-07
 Reference value :  1.35767e-07
 Reference value :  1.42767e-07
 Reference value :  1.49267e-07
 Reference value :  1.56267e-07
 Reference value :  1.62767e-07
 Reference value :  1.69267e-07
 Reference value :  1.76267e-07
 Reference value :  1.83267e-07
 Reference value :  1.90267e-07
 Reference value :  1.96267e-07
 Reference value :  2.03267e-07
 Reference value :  2.09767e-07
 Reference value :  2.16767e-07
 Reference value :  2.23267e-07
 Reference value :  2.30267e-07
 Reference value :  2.37267e-07
 Reference value :  2.43767e-07
 Reference value :  2.50267e-07
 Reference value :  2.56767e-07
 Reference value :  2.63767e-07
 Reference value :  2.70267e-07
 Reference value :  2.77267e-07
 Reference value :  2.83767e-07
 Reference value :  2.90767e-07
 Reference value :  2.97767e-07
 Reference value :  3.04267e-07
 Reference value :  3.11267e-07
 Reference value :  3.17767e-07
 Reference value :  3.24767e-07
 Reference value :  3.31267e-07
 Reference value :  3.37267e-07
 Reference value :  3.39267e-07
 Reference value :  3.45767e-07
 Reference value :  3.52767e-07
 Reference value :  3.59267e-07
 Reference value :  3.66267e-07
 Reference value :  3.72767e-07
 Reference value :  3.79767e-07
 Reference value :  3.86767e-07
 Reference value :  3.93767e-07
 Reference value :  4.00267e-07
 Reference value :  4.06267e-07
 Reference value :  4.13267e-07
 Reference value :  4.19267e-07
 Reference value :  4.25767e-07
 Reference value :  4.32267e-07
 Reference value :  4.39267e-07
 Reference value :  4.46267e-07
 Reference value :  4.52767e-07
 Reference value :  4.57767e-07
 Reference value :  4.64267e-07
 Reference value :  4.70267e-07
 Reference value :  4.76767e-07
 Reference value :  4.83767e-07
 Reference value :  4.90267e-07
 Reference value :  4.97267e-07
No. of Data Rows : 1026
vtop_p_0            =  9.00000e-01
vtop_n_0            =  2.69718e+00
vtop_p_1            =  9.03508e-01
vtop_n_1            =  2.69366e+00
vtop_p_2            =  9.07041e-01
vtop_n_2            =  2.69013e+00
vtop_p_3            =  9.10549e-01
vtop_n_3            =  2.68661e+00
vtop_p_4            =  9.14099e-01
vtop_n_4            =  2.68307e+00
vtop_p_7            =  9.24647e-01
vtop_n_7            =  2.67253e+00
vtop_p_8            =  9.28193e-01
vtop_n_8            =  2.66897e+00
vtop_p_15           =  9.52838e-01
vtop_n_15           =  2.64434e+00
vtop_p_16           =  9.56344e-01
vtop_n_16           =  2.64082e+00
vtop_p_31           =  1.00918e+00
vtop_n_31           =  2.58799e+00
vtop_p_32           =  1.01261e+00
vtop_n_32           =  2.58455e+00
vtop_p_63           =  1.12179e+00
vtop_n_63           =  2.47538e+00
vtop_p_64           =  1.12512e+00
vtop_n_64           =  2.47204e+00
vtop_p_127          =  1.34691e+00
vtop_n_127          =  2.25026e+00
vtop_p_128          =  1.35013e+00
vtop_n_128          =  2.24703e+00
vtop_p_255          =  1.79703e+00
vtop_n_255          =  1.80013e+00
vtop_p_256          =  1.80013e+00
vtop_n_256          =  1.79703e+00
vtop_p_383          =  2.24703e+00
vtop_n_383          =  1.35013e+00
vtop_p_384          =  2.25026e+00
vtop_n_384          =  1.34691e+00
vtop_p_385          =  2.25377e+00
vtop_n_385          =  1.34341e+00
vtop_p_510          =  2.69366e+00
vtop_n_510          =  9.03508e-01
vtop_p_511          =  2.69718e+00
vtop_n_511          =  9.00000e-01
Note: Simulation executed from .control section 
