
Note: Compatibility modes selected: hs a


Circuit: * cdac-array-transfer monte carlo -- corner=tt_mm temp=27.0c supply=1.8v seed=18 (issue #29)

option SCALE: Scale is set to 1e-06 for instance and model parameters
option SCALE: Scale is set to 1e-06 for instance and model parameters
option SCALE: Scale is set to 1e-06 for instance and model parameters
option SCALE: Scale is set to 1e-06 for instance and model parameters
Doing analysis at TEMP = 27.000000 and TNOM = 27.000000

Using KLU as Direct Linear Solver
 Reference value :  0.00000e+00
 Reference value :  4.00000e-11
 Reference value :  3.20000e-10
 Reference value :  9.69931e-10
 Reference value :  1.00655e-09
 Reference value :  1.07127e-09
 Reference value :  1.10304e-09
 Reference value :  1.14567e-09
 Reference value :  1.23072e-09
 Reference value :  1.52543e-09
 Reference value :  2.25308e-09
 Reference value :  3.75308e-09
 Reference value :  5.25308e-09
 Reference value :  6.75308e-09
 Reference value :  7.75308e-09
 Reference value :  8.75308e-09
 Reference value :  1.02531e-08
 Reference value :  1.17531e-08
 Reference value :  1.27531e-08
 Reference value :  1.42531e-08
 Reference value :  1.57531e-08
 Reference value :  1.77531e-08
 Reference value :  1.92531e-08
 Reference value :  2.07531e-08
 Reference value :  2.22531e-08
 Reference value :  2.42531e-08
 Reference value :  2.57531e-08
 Reference value :  2.67531e-08
 Reference value :  2.82531e-08
 Reference value :  2.97531e-08
 Reference value :  3.12531e-08
 Reference value :  3.22531e-08
 Reference value :  3.37531e-08
 Reference value :  3.52531e-08
 Reference value :  3.67531e-08
 Reference value :  3.82531e-08
 Reference value :  3.92531e-08
 Reference value :  4.07531e-08
 Reference value :  4.17531e-08
 Reference value :  4.27531e-08
 Reference value :  4.42531e-08
 Reference value :  4.57531e-08
 Reference value :  4.67531e-08
 Reference value :  4.82531e-08
 Reference value :  5.12531e-08
 Reference value :  5.37531e-08
 Reference value :  5.57531e-08
 Reference value :  5.72531e-08
 Reference value :  5.87531e-08
 Reference value :  6.02531e-08
 Reference value :  6.17531e-08
 Reference value :  6.32531e-08
 Reference value :  6.47531e-08
 Reference value :  6.57531e-08
 Reference value :  6.72531e-08
 Reference value :  6.97531e-08
 Reference value :  7.22531e-08
 Reference value :  7.37531e-08
 Reference value :  7.52531e-08
 Reference value :  7.67531e-08
 Reference value :  7.77531e-08
 Reference value :  7.92531e-08
 Reference value :  8.07531e-08
 Reference value :  8.22531e-08
 Reference value :  8.32531e-08
 Reference value :  8.47531e-08
 Reference value :  8.72531e-08
 Reference value :  8.87531e-08
 Reference value :  9.02531e-08
 Reference value :  9.12531e-08
 Reference value :  9.27531e-08
 Reference value :  9.42531e-08
 Reference value :  9.52531e-08
 Reference value :  9.67531e-08
 Reference value :  9.82531e-08
 Reference value :  9.97531e-08
 Reference value :  1.01253e-07
 Reference value :  1.02753e-07
 Reference value :  1.04253e-07
 Reference value :  1.05753e-07
 Reference value :  1.07253e-07
 Reference value :  1.08753e-07
 Reference value :  1.10253e-07
 Reference value :  1.11753e-07
 Reference value :  1.13253e-07
 Reference value :  1.14753e-07
 Reference value :  1.16253e-07
 Reference value :  1.17753e-07
 Reference value :  1.18753e-07
 Reference value :  1.20253e-07
 Reference value :  1.21253e-07
 Reference value :  1.22753e-07
 Reference value :  1.24253e-07
 Reference value :  1.25753e-07
 Reference value :  1.27253e-07
 Reference value :  1.28753e-07
 Reference value :  1.30253e-07
 Reference value :  1.31753e-07
 Reference value :  1.33253e-07
 Reference value :  1.34753e-07
 Reference value :  1.37753e-07
 Reference value :  1.38753e-07
 Reference value :  1.40253e-07
 Reference value :  1.41253e-07
 Reference value :  1.42753e-07
 Reference value :  1.44253e-07
 Reference value :  1.45253e-07
 Reference value :  1.46753e-07
 Reference value :  1.48253e-07
 Reference value :  1.49753e-07
 Reference value :  1.51253e-07
 Reference value :  1.52753e-07
 Reference value :  1.54753e-07
 Reference value :  1.56253e-07
 Reference value :  1.57753e-07
 Reference value :  1.59253e-07
 Reference value :  1.61253e-07
 Reference value :  1.62753e-07
 Reference value :  1.64253e-07
 Reference value :  1.65753e-07
 Reference value :  1.67253e-07
 Reference value :  1.68753e-07
 Reference value :  1.70753e-07
 Reference value :  1.72253e-07
 Reference value :  1.73753e-07
 Reference value :  1.75253e-07
 Reference value :  1.76753e-07
 Reference value :  1.78253e-07
 Reference value :  1.79753e-07
 Reference value :  1.81253e-07
 Reference value :  1.82753e-07
 Reference value :  1.84253e-07
 Reference value :  1.85753e-07
 Reference value :  1.87253e-07
 Reference value :  1.88753e-07
 Reference value :  1.90253e-07
 Reference value :  1.91253e-07
 Reference value :  1.92753e-07
 Reference value :  1.94253e-07
 Reference value :  1.95253e-07
 Reference value :  1.96753e-07
 Reference value :  1.98253e-07
 Reference value :  1.99753e-07
 Reference value :  2.01253e-07
 Reference value :  2.02753e-07
 Reference value :  2.04253e-07
 Reference value :  2.05753e-07
 Reference value :  2.07253e-07
 Reference value :  2.08753e-07
 Reference value :  2.10253e-07
 Reference value :  2.11753e-07
 Reference value :  2.13253e-07
 Reference value :  2.14753e-07
 Reference value :  2.16253e-07
 Reference value :  2.17753e-07
 Reference value :  2.19253e-07
 Reference value :  2.20753e-07
 Reference value :  2.21753e-07
 Reference value :  2.23253e-07
 Reference value :  2.24753e-07
 Reference value :  2.25753e-07
 Reference value :  2.27253e-07
 Reference value :  2.28753e-07
 Reference value :  2.30253e-07
 Reference value :  2.31753e-07
 Reference value :  2.33253e-07
 Reference value :  2.34753e-07
 Reference value :  2.36253e-07
 Reference value :  2.37253e-07
 Reference value :  2.38253e-07
 Reference value :  2.39753e-07
 Reference value :  2.41253e-07
 Reference value :  2.42753e-07
 Reference value :  2.44253e-07
 Reference value :  2.45753e-07
 Reference value :  2.47253e-07
 Reference value :  2.48753e-07
 Reference value :  2.50253e-07
 Reference value :  2.51753e-07
 Reference value :  2.53253e-07
 Reference value :  2.54753e-07
 Reference value :  2.56253e-07
 Reference value :  2.57753e-07
 Reference value :  2.59253e-07
 Reference value :  2.60753e-07
 Reference value :  2.61753e-07
 Reference value :  2.63253e-07
 Reference value :  2.64753e-07
 Reference value :  2.66253e-07
 Reference value :  2.67753e-07
 Reference value :  2.69253e-07
 Reference value :  2.70753e-07
 Reference value :  2.72253e-07
 Reference value :  2.73753e-07
 Reference value :  2.75253e-07
 Reference value :  2.76753e-07
 Reference value :  2.78253e-07
 Reference value :  2.79753e-07
 Reference value :  2.81253e-07
 Reference value :  2.82753e-07
 Reference value :  2.84253e-07
 Reference value :  2.85753e-07
 Reference value :  2.87253e-07
 Reference value :  2.88753e-07
 Reference value :  2.90253e-07
 Reference value :  2.91753e-07
 Reference value :  2.93253e-07
 Reference value :  2.94753e-07
 Reference value :  2.96253e-07
 Reference value :  2.97753e-07
 Reference value :  2.99253e-07
 Reference value :  3.00753e-07
 Reference value :  3.02253e-07
 Reference value :  3.03753e-07
 Reference value :  3.04753e-07
 Reference value :  3.06253e-07
 Reference value :  3.07753e-07
 Reference value :  3.09253e-07
 Reference value :  3.10753e-07
 Reference value :  3.12253e-07
 Reference value :  3.13753e-07
 Reference value :  3.15253e-07
 Reference value :  3.16753e-07
 Reference value :  3.18253e-07
 Reference value :  3.19753e-07
 Reference value :  3.21253e-07
 Reference value :  3.22753e-07
 Reference value :  3.24253e-07
 Reference value :  3.25753e-07
 Reference value :  3.27253e-07
 Reference value :  3.28753e-07
 Reference value :  3.30253e-07
 Reference value :  3.31753e-07
 Reference value :  3.33253e-07
 Reference value :  3.34753e-07
 Reference value :  3.38753e-07
 Reference value :  3.40253e-07
 Reference value :  3.41753e-07
 Reference value :  3.42753e-07
 Reference value :  3.43753e-07
 Reference value :  3.45253e-07
 Reference value :  3.46753e-07
 Reference value :  3.48253e-07
 Reference value :  3.49253e-07
 Reference value :  3.50753e-07
 Reference value :  3.52253e-07
 Reference value :  3.53753e-07
 Reference value :  3.55253e-07
 Reference value :  3.56253e-07
 Reference value :  3.57753e-07
 Reference value :  3.59253e-07
 Reference value :  3.60753e-07
 Reference value :  3.62253e-07
 Reference value :  3.63253e-07
 Reference value :  3.64753e-07
 Reference value :  3.66253e-07
 Reference value :  3.67753e-07
 Reference value :  3.69253e-07
 Reference value :  3.70753e-07
 Reference value :  3.72253e-07
 Reference value :  3.73753e-07
 Reference value :  3.75253e-07
 Reference value :  3.76753e-07
 Reference value :  3.78253e-07
 Reference value :  3.79753e-07
 Reference value :  3.80753e-07
 Reference value :  3.82253e-07
 Reference value :  3.83753e-07
 Reference value :  3.85253e-07
 Reference value :  3.86753e-07
 Reference value :  3.89253e-07
 Reference value :  3.90753e-07
 Reference value :  3.92253e-07
 Reference value :  3.93753e-07
 Reference value :  3.95253e-07
 Reference value :  3.96753e-07
 Reference value :  3.98253e-07
 Reference value :  4.00253e-07
 Reference value :  4.01753e-07
 Reference value :  4.03253e-07
 Reference value :  4.04753e-07
 Reference value :  4.06253e-07
 Reference value :  4.07253e-07
 Reference value :  4.08753e-07
 Reference value :  4.10253e-07
 Reference value :  4.11253e-07
 Reference value :  4.12753e-07
 Reference value :  4.14253e-07
 Reference value :  4.15753e-07
 Reference value :  4.17253e-07
 Reference value :  4.18753e-07
 Reference value :  4.20253e-07
 Reference value :  4.21753e-07
 Reference value :  4.23253e-07
 Reference value :  4.25253e-07
 Reference value :  4.26753e-07
 Reference value :  4.28253e-07
 Reference value :  4.29753e-07
 Reference value :  4.31253e-07
 Reference value :  4.32753e-07
 Reference value :  4.34253e-07
 Reference value :  4.35753e-07
 Reference value :  4.37253e-07
 Reference value :  4.38753e-07
 Reference value :  4.40253e-07
 Reference value :  4.41753e-07
 Reference value :  4.44753e-07
 Reference value :  4.46253e-07
 Reference value :  4.47253e-07
 Reference value :  4.48753e-07
 Reference value :  4.49753e-07
 Reference value :  4.51253e-07
 Reference value :  4.52753e-07
 Reference value :  4.53753e-07
 Reference value :  4.55253e-07
 Reference value :  4.56753e-07
 Reference value :  4.58253e-07
 Reference value :  4.59753e-07
 Reference value :  4.61253e-07
 Reference value :  4.62753e-07
 Reference value :  4.64253e-07
 Reference value :  4.65753e-07
 Reference value :  4.67253e-07
 Reference value :  4.68753e-07
 Reference value :  4.70253e-07
 Reference value :  4.71753e-07
 Reference value :  4.73253e-07
 Reference value :  4.74753e-07
 Reference value :  4.76753e-07
 Reference value :  4.78253e-07
 Reference value :  4.79753e-07
 Reference value :  4.81253e-07
 Reference value :  4.82753e-07
 Reference value :  4.83753e-07
 Reference value :  4.85253e-07
 Reference value :  4.86753e-07
 Reference value :  4.87753e-07
 Reference value :  4.89253e-07
 Reference value :  4.90753e-07
 Reference value :  4.92253e-07
 Reference value :  4.95253e-07
 Reference value :  4.96253e-07
 Reference value :  4.99253e-07
No. of Data Rows : 1026
vtop_p_0            =  9.00000e-01
vtop_n_0            =  2.69718e+00
vtop_p_1            =  9.03512e-01
vtop_n_1            =  2.69370e+00
vtop_p_2            =  9.07057e-01
vtop_n_2            =  2.69013e+00
vtop_p_3            =  9.10556e-01
vtop_n_3            =  2.68660e+00
vtop_p_4            =  9.14007e-01
vtop_n_4            =  2.68303e+00
vtop_p_7            =  9.24604e-01
vtop_n_7            =  2.67257e+00
vtop_p_8            =  9.28283e-01
vtop_n_8            =  2.66897e+00
vtop_p_15           =  9.53014e-01
vtop_n_15           =  2.64430e+00
vtop_p_16           =  9.56310e-01
vtop_n_16           =  2.64057e+00
vtop_p_31           =  1.00913e+00
vtop_n_31           =  2.58825e+00
vtop_p_32           =  1.01238e+00
vtop_n_32           =  2.58470e+00
vtop_p_63           =  1.12183e+00
vtop_n_63           =  2.47512e+00
vtop_p_64           =  1.12530e+00
vtop_n_64           =  2.47267e+00
vtop_p_127          =  1.34596e+00
vtop_n_127          =  2.24990e+00
vtop_p_128          =  1.35133e+00
vtop_n_128          =  2.24660e+00
vtop_p_255          =  1.79656e+00
vtop_n_255          =  1.80120e+00
vtop_p_256          =  1.80011e+00
vtop_n_256          =  1.79683e+00
vtop_p_383          =  2.24637e+00
vtop_n_383          =  1.34974e+00
vtop_p_384          =  2.24983e+00
vtop_n_384          =  1.34659e+00
vtop_p_385          =  2.25371e+00
vtop_n_385          =  1.34389e+00
vtop_p_510          =  2.69361e+00
vtop_n_510          =  9.03506e-01
vtop_p_511          =  2.69719e+00
vtop_n_511          =  9.00000e-01
Note: Simulation executed from .control section 
