
Note: Compatibility modes selected: hs a


Circuit: * cdac-array-transfer monte carlo -- corner=tt_mm temp=27.0c supply=1.8v seed=34 (issue #29)

option SCALE: Scale is set to 1e-06 for instance and model parameters
option SCALE: Scale is set to 1e-06 for instance and model parameters
option SCALE: Scale is set to 1e-06 for instance and model parameters
option SCALE: Scale is set to 1e-06 for instance and model parameters
Doing analysis at TEMP = 27.000000 and TNOM = 27.000000

Using KLU as Direct Linear Solver
 Reference value :  0.00000e+00
 Reference value :  4.00000e-11
 Reference value :  9.20000e-10
 Reference value :  9.69931e-10
 Reference value :  1.07176e-09
 Reference value :  1.18266e-09
 Reference value :  1.96501e-09
 Reference value :  3.26300e-09
 Reference value :  6.26300e-09
 Reference value :  1.17630e-08
 Reference value :  1.72630e-08
 Reference value :  2.22630e-08
 Reference value :  2.62630e-08
 Reference value :  2.97630e-08
 Reference value :  3.22630e-08
 Reference value :  3.67630e-08
 Reference value :  3.92630e-08
 Reference value :  4.32630e-08
 Reference value :  4.77630e-08
 Reference value :  5.07630e-08
 Reference value :  5.37630e-08
 Reference value :  5.87630e-08
 Reference value :  6.37630e-08
 Reference value :  6.92630e-08
 Reference value :  7.37630e-08
 Reference value :  7.92630e-08
 Reference value :  8.52630e-08
 Reference value :  8.82630e-08
 Reference value :  9.27630e-08
 Reference value :  9.72630e-08
 Reference value :  1.00763e-07
 Reference value :  1.05263e-07
 Reference value :  1.10763e-07
 Reference value :  1.13263e-07
 Reference value :  1.14763e-07
 Reference value :  1.16263e-07
 Reference value :  1.21763e-07
 Reference value :  1.24263e-07
 Reference value :  1.27263e-07
 Reference value :  1.31763e-07
 Reference value :  1.33263e-07
 Reference value :  1.34263e-07
 Reference value :  1.35763e-07
 Reference value :  1.41763e-07
 Reference value :  1.47763e-07
 Reference value :  1.53263e-07
 Reference value :  1.57263e-07
 Reference value :  1.58763e-07
 Reference value :  1.60263e-07
 Reference value :  1.62263e-07
 Reference value :  1.67763e-07
 Reference value :  1.70263e-07
 Reference value :  1.74263e-07
 Reference value :  1.76763e-07
 Reference value :  1.78263e-07
 Reference value :  1.81263e-07
 Reference value :  1.82763e-07
 Reference value :  1.84263e-07
 Reference value :  1.87763e-07
 Reference value :  1.91263e-07
 Reference value :  1.95263e-07
 Reference value :  1.96763e-07
 Reference value :  1.99263e-07
 Reference value :  2.01263e-07
 Reference value :  2.04263e-07
 Reference value :  2.10263e-07
 Reference value :  2.15263e-07
 Reference value :  2.18763e-07
 Reference value :  2.20263e-07
 Reference value :  2.21763e-07
 Reference value :  2.22763e-07
 Reference value :  2.25263e-07
 Reference value :  2.31263e-07
 Reference value :  2.35263e-07
 Reference value :  2.38763e-07
 Reference value :  2.41263e-07
 Reference value :  2.44263e-07
 Reference value :  2.47263e-07
 Reference value :  2.49763e-07
 Reference value :  2.53763e-07
 Reference value :  2.55263e-07
 Reference value :  2.56763e-07
 Reference value :  2.58263e-07
 Reference value :  2.62263e-07
 Reference value :  2.65763e-07
 Reference value :  2.69263e-07
 Reference value :  2.72263e-07
 Reference value :  2.74263e-07
 Reference value :  2.75763e-07
 Reference value :  2.77263e-07
 Reference value :  2.82263e-07
 Reference value :  2.85763e-07
 Reference value :  2.87263e-07
 Reference value :  2.89263e-07
 Reference value :  2.94763e-07
 Reference value :  3.00763e-07
 Reference value :  3.07263e-07
 Reference value :  3.11763e-07
 Reference value :  3.17263e-07
 Reference value :  3.18763e-07
 Reference value :  3.22763e-07
 Reference value :  3.28263e-07
 Reference value :  3.33763e-07
 Reference value :  3.39263e-07
 Reference value :  3.45263e-07
 Reference value :  3.47763e-07
 Reference value :  3.51763e-07
 Reference value :  3.53263e-07
 Reference value :  3.58263e-07
 Reference value :  3.62263e-07
 Reference value :  3.65763e-07
 Reference value :  3.69263e-07
 Reference value :  3.75263e-07
 Reference value :  3.78263e-07
 Reference value :  3.80263e-07
 Reference value :  3.82763e-07
 Reference value :  3.87763e-07
 Reference value :  3.93763e-07
 Reference value :  3.97263e-07
 Reference value :  4.02763e-07
 Reference value :  4.08763e-07
 Reference value :  4.14763e-07
 Reference value :  4.19763e-07
 Reference value :  4.23763e-07
 Reference value :  4.27763e-07
 Reference value :  4.31763e-07
 Reference value :  4.35763e-07
 Reference value :  4.40763e-07
 Reference value :  4.46263e-07
 Reference value :  4.49263e-07
 Reference value :  4.54263e-07
 Reference value :  4.57263e-07
 Reference value :  4.58763e-07
 Reference value :  4.60263e-07
 Reference value :  4.62763e-07
 Reference value :  4.66763e-07
 Reference value :  4.72263e-07
 Reference value :  4.78263e-07
 Reference value :  4.80763e-07
 Reference value :  4.85763e-07
 Reference value :  4.88263e-07
 Reference value :  4.93763e-07
 Reference value :  4.95763e-07
 Reference value :  4.97263e-07
 Reference value :  4.98263e-07
 Reference value :  4.99632e-07
No. of Data Rows : 1026
vtop_p_0            =  9.00000e-01
vtop_n_0            =  2.69723e+00
vtop_p_1            =  9.03508e-01
vtop_n_1            =  2.69362e+00
vtop_p_2            =  9.07048e-01
vtop_n_2            =  2.69013e+00
vtop_p_3            =  9.10580e-01
vtop_n_3            =  2.68663e+00
vtop_p_4            =  9.14150e-01
vtop_n_4            =  2.68311e+00
vtop_p_7            =  9.24661e-01
vtop_n_7            =  2.67255e+00
vtop_p_8            =  9.28085e-01
vtop_n_8            =  2.66904e+00
vtop_p_15           =  9.52858e-01
vtop_n_15           =  2.64449e+00
vtop_p_16           =  9.56442e-01
vtop_n_16           =  2.64110e+00
vtop_p_31           =  1.00917e+00
vtop_n_31           =  2.58767e+00
vtop_p_32           =  1.01242e+00
vtop_n_32           =  2.58447e+00
vtop_p_63           =  1.12171e+00
vtop_n_63           =  2.47535e+00
vtop_p_64           =  1.12569e+00
vtop_n_64           =  2.47193e+00
vtop_p_127          =  1.34786e+00
vtop_n_127          =  2.24899e+00
vtop_p_128          =  1.35144e+00
vtop_n_128          =  2.24731e+00
vtop_p_255          =  1.79433e+00
vtop_n_255          =  1.79969e+00
vtop_p_256          =  1.79914e+00
vtop_n_256          =  1.79634e+00
vtop_p_383          =  2.24778e+00
vtop_n_383          =  1.34901e+00
vtop_p_384          =  2.25038e+00
vtop_n_384          =  1.34736e+00
vtop_p_385          =  2.25433e+00
vtop_n_385          =  1.34382e+00
vtop_p_510          =  2.69363e+00
vtop_n_510          =  9.03514e-01
vtop_p_511          =  2.69722e+00
vtop_n_511          =  9.00000e-01
Note: Simulation executed from .control section 
