
Note: Compatibility modes selected: hs a


Circuit: * cdac-array-transfer monte carlo -- corner=tt_mm temp=27.0c supply=1.8v seed=31 (issue #29)

option SCALE: Scale is set to 1e-06 for instance and model parameters
option SCALE: Scale is set to 1e-06 for instance and model parameters
option SCALE: Scale is set to 1e-06 for instance and model parameters
option SCALE: Scale is set to 1e-06 for instance and model parameters
Doing analysis at TEMP = 27.000000 and TNOM = 27.000000

Using KLU as Direct Linear Solver
 Reference value :  0.00000e+00
 Reference value :  9.87309e-10
 Reference value :  1.29990e-09
 Reference value :  5.25607e-09
 Reference value :  1.17561e-08
 Reference value :  1.77561e-08
 Reference value :  2.42561e-08
 Reference value :  3.02561e-08
 Reference value :  3.62561e-08
 Reference value :  4.27561e-08
 Reference value :  4.87561e-08
 Reference value :  5.52561e-08
 Reference value :  6.07561e-08
 Reference value :  6.67561e-08
 Reference value :  7.27561e-08
 Reference value :  7.92561e-08
 Reference value :  8.47561e-08
 Reference value :  9.07561e-08
 Reference value :  9.72561e-08
 Reference value :  1.03256e-07
 Reference value :  1.09756e-07
 Reference value :  1.15756e-07
 Reference value :  1.21756e-07
 Reference value :  1.27756e-07
 Reference value :  1.33756e-07
 Reference value :  1.40256e-07
 Reference value :  1.43256e-07
 Reference value :  1.49256e-07
 Reference value :  1.54756e-07
 Reference value :  1.59756e-07
 Reference value :  1.61256e-07
 Reference value :  1.63256e-07
 Reference value :  1.69256e-07
 Reference value :  1.75756e-07
 Reference value :  1.81756e-07
 Reference value :  1.88256e-07
 Reference value :  1.94256e-07
 Reference value :  2.00756e-07
 Reference value :  2.06756e-07
 Reference value :  2.12256e-07
 Reference value :  2.18756e-07
 Reference value :  2.24756e-07
 Reference value :  2.31256e-07
 Reference value :  2.37256e-07
 Reference value :  2.43756e-07
 Reference value :  2.49756e-07
 Reference value :  2.56256e-07
 Reference value :  2.62756e-07
 Reference value :  2.67756e-07
 Reference value :  2.74256e-07
 Reference value :  2.80256e-07
 Reference value :  2.86256e-07
 Reference value :  2.91756e-07
 Reference value :  2.98256e-07
 Reference value :  3.04756e-07
 Reference value :  3.10756e-07
 Reference value :  3.17256e-07
 Reference value :  3.23256e-07
 Reference value :  3.29756e-07
 Reference value :  3.35756e-07
 Reference value :  3.42256e-07
 Reference value :  3.48256e-07
 Reference value :  3.54256e-07
 Reference value :  3.60756e-07
 Reference value :  3.65756e-07
 Reference value :  3.72256e-07
 Reference value :  3.77756e-07
 Reference value :  3.84256e-07
 Reference value :  3.90256e-07
 Reference value :  3.96756e-07
 Reference value :  4.02756e-07
 Reference value :  4.07756e-07
 Reference value :  4.14256e-07
 Reference value :  4.19756e-07
 Reference value :  4.25756e-07
 Reference value :  4.31756e-07
 Reference value :  4.38256e-07
 Reference value :  4.44256e-07
 Reference value :  4.48256e-07
 Reference value :  4.54256e-07
 Reference value :  4.60256e-07
 Reference value :  4.66756e-07
 Reference value :  4.72756e-07
 Reference value :  4.79256e-07
 Reference value :  4.84756e-07
 Reference value :  4.90756e-07
 Reference value :  4.97256e-07
No. of Data Rows : 1026
vtop_p_0            =  9.00000e-01
vtop_n_0            =  2.69718e+00
vtop_p_1            =  9.03509e-01
vtop_n_1            =  2.69367e+00
vtop_p_2            =  9.07018e-01
vtop_n_2            =  2.69009e+00
vtop_p_3            =  9.10560e-01
vtop_n_3            =  2.68661e+00
vtop_p_4            =  9.14116e-01
vtop_n_4            =  2.68304e+00
vtop_p_7            =  9.24723e-01
vtop_n_7            =  2.67250e+00
vtop_p_8            =  9.28203e-01
vtop_n_8            =  2.66896e+00
vtop_p_15           =  9.52742e-01
vtop_n_15           =  2.64418e+00
vtop_p_16           =  9.56474e-01
vtop_n_16           =  2.64083e+00
vtop_p_31           =  1.00918e+00
vtop_n_31           =  2.58799e+00
vtop_p_32           =  1.01298e+00
vtop_n_32           =  2.58444e+00
vtop_p_63           =  1.12170e+00
vtop_n_63           =  2.47562e+00
vtop_p_64           =  1.12622e+00
vtop_n_64           =  2.47124e+00
vtop_p_127          =  1.34735e+00
vtop_n_127          =  2.24959e+00
vtop_p_128          =  1.35106e+00
vtop_n_128          =  2.24761e+00
vtop_p_255          =  1.79482e+00
vtop_n_255          =  1.80059e+00
vtop_p_256          =  1.80243e+00
vtop_n_256          =  1.79636e+00
vtop_p_383          =  2.24795e+00
vtop_n_383          =  1.34854e+00
vtop_p_384          =  2.25009e+00
vtop_n_384          =  1.34803e+00
vtop_p_385          =  2.25243e+00
vtop_n_385          =  1.34301e+00
vtop_p_510          =  2.69362e+00
vtop_n_510          =  9.03512e-01
vtop_p_511          =  2.69716e+00
vtop_n_511          =  9.00000e-01
Note: Simulation executed from .control section 
