
Note: Compatibility modes selected: hs a


Circuit: * cdac-array-transfer monte carlo -- corner=tt_mm temp=27.0c supply=1.8v seed=11 (issue #29)

option SCALE: Scale is set to 1e-06 for instance and model parameters
option SCALE: Scale is set to 1e-06 for instance and model parameters
option SCALE: Scale is set to 1e-06 for instance and model parameters
option SCALE: Scale is set to 1e-06 for instance and model parameters
Doing analysis at TEMP = 27.000000 and TNOM = 27.000000

Using KLU as Direct Linear Solver
 Reference value :  0.00000e+00
 Reference value :  4.00000e-11
 Reference value :  6.10000e-10
 Reference value :  9.60000e-10
 Reference value :  9.87309e-10
 Reference value :  1.04395e-09
 Reference value :  1.10000e-09
 Reference value :  1.10937e-09
 Reference value :  1.14685e-09
 Reference value :  1.23264e-09
 Reference value :  1.39022e-09
 Reference value :  1.68935e-09
 Reference value :  2.26287e-09
 Reference value :  3.26287e-09
 Reference value :  4.26287e-09
 Reference value :  5.76287e-09
 Reference value :  6.76287e-09
 Reference value :  7.76287e-09
 Reference value :  9.26287e-09
 Reference value :  1.07629e-08
 Reference value :  1.17629e-08
 Reference value :  1.27629e-08
 Reference value :  1.37629e-08
 Reference value :  1.52629e-08
 Reference value :  1.67629e-08
 Reference value :  1.77629e-08
 Reference value :  1.92629e-08
 Reference value :  2.07629e-08
 Reference value :  2.17629e-08
 Reference value :  2.32629e-08
 Reference value :  2.42629e-08
 Reference value :  2.57629e-08
 Reference value :  2.67629e-08
 Reference value :  2.77629e-08
 Reference value :  2.87629e-08
 Reference value :  3.02629e-08
 Reference value :  3.17629e-08
 Reference value :  3.32629e-08
 Reference value :  3.52629e-08
 Reference value :  3.62629e-08
 Reference value :  3.77629e-08
 Reference value :  3.87629e-08
 Reference value :  3.97629e-08
 Reference value :  4.07629e-08
 Reference value :  4.17629e-08
 Reference value :  4.27629e-08
 Reference value :  4.37629e-08
 Reference value :  4.52629e-08
 Reference value :  4.62629e-08
 Reference value :  4.77629e-08
 Reference value :  4.92629e-08
 Reference value :  5.07629e-08
 Reference value :  5.22629e-08
 Reference value :  5.37629e-08
 Reference value :  5.52629e-08
 Reference value :  5.67629e-08
 Reference value :  5.82629e-08
 Reference value :  5.92629e-08
 Reference value :  6.07629e-08
 Reference value :  6.17629e-08
 Reference value :  6.27629e-08
 Reference value :  6.37629e-08
 Reference value :  6.52629e-08
 Reference value :  6.62629e-08
 Reference value :  6.77629e-08
 Reference value :  6.92629e-08
 Reference value :  7.02629e-08
 Reference value :  7.17629e-08
 Reference value :  7.32629e-08
 Reference value :  7.47629e-08
 Reference value :  7.62629e-08
 Reference value :  7.77629e-08
 Reference value :  7.92629e-08
 Reference value :  8.07629e-08
 Reference value :  8.22629e-08
 Reference value :  8.37629e-08
 Reference value :  8.52629e-08
 Reference value :  8.62629e-08
 Reference value :  8.77629e-08
 Reference value :  8.87629e-08
 Reference value :  9.02629e-08
 Reference value :  9.17629e-08
 Reference value :  9.32629e-08
 Reference value :  9.47629e-08
 Reference value :  9.57629e-08
 Reference value :  9.72629e-08
 Reference value :  9.87629e-08
 Reference value :  1.00263e-07
 Reference value :  1.01763e-07
 Reference value :  1.02763e-07
 Reference value :  1.04263e-07
 Reference value :  1.05763e-07
 Reference value :  1.07263e-07
 Reference value :  1.08263e-07
 Reference value :  1.09763e-07
 Reference value :  1.11263e-07
 Reference value :  1.12763e-07
 Reference value :  1.13763e-07
 Reference value :  1.15263e-07
 Reference value :  1.16263e-07
 Reference value :  1.17763e-07
 Reference value :  1.18763e-07
 Reference value :  1.19763e-07
 Reference value :  1.20763e-07
 Reference value :  1.21763e-07
 Reference value :  1.23263e-07
 Reference value :  1.24763e-07
 Reference value :  1.25763e-07
 Reference value :  1.27263e-07
 Reference value :  1.28763e-07
 Reference value :  1.30263e-07
 Reference value :  1.31763e-07
 Reference value :  1.33263e-07
 Reference value :  1.34763e-07
 Reference value :  1.36263e-07
 Reference value :  1.37263e-07
 Reference value :  1.38763e-07
 Reference value :  1.39763e-07
 Reference value :  1.40763e-07
 Reference value :  1.41763e-07
 Reference value :  1.43263e-07
 Reference value :  1.44763e-07
 Reference value :  1.45763e-07
 Reference value :  1.46763e-07
 Reference value :  1.47763e-07
 Reference value :  1.49263e-07
 Reference value :  1.50763e-07
 Reference value :  1.51763e-07
 Reference value :  1.53263e-07
 Reference value :  1.54763e-07
 Reference value :  1.56263e-07
 Reference value :  1.57263e-07
 Reference value :  1.58763e-07
 Reference value :  1.60263e-07
 Reference value :  1.61763e-07
 Reference value :  1.63263e-07
 Reference value :  1.64263e-07
 Reference value :  1.65763e-07
 Reference value :  1.67263e-07
 Reference value :  1.68263e-07
 Reference value :  1.69763e-07
 Reference value :  1.71263e-07
 Reference value :  1.72763e-07
 Reference value :  1.74263e-07
 Reference value :  1.75763e-07
 Reference value :  1.77263e-07
 Reference value :  1.78763e-07
 Reference value :  1.80763e-07
 Reference value :  1.82263e-07
 Reference value :  1.83763e-07
 Reference value :  1.84763e-07
 Reference value :  1.85763e-07
 Reference value :  1.86763e-07
 Reference value :  1.88263e-07
 Reference value :  1.89263e-07
 Reference value :  1.90263e-07
 Reference value :  1.91263e-07
 Reference value :  1.92763e-07
 Reference value :  1.93763e-07
 Reference value :  1.94763e-07
 Reference value :  1.95763e-07
 Reference value :  1.97263e-07
 Reference value :  1.98263e-07
 Reference value :  1.99263e-07
 Reference value :  2.00263e-07
 Reference value :  2.01763e-07
 Reference value :  2.03263e-07
 Reference value :  2.04263e-07
 Reference value :  2.05763e-07
 Reference value :  2.07263e-07
 Reference value :  2.08263e-07
 Reference value :  2.09763e-07
 Reference value :  2.11263e-07
 Reference value :  2.12763e-07
 Reference value :  2.13763e-07
 Reference value :  2.15263e-07
 Reference value :  2.16763e-07
 Reference value :  2.17763e-07
 Reference value :  2.18763e-07
 Reference value :  2.19763e-07
 Reference value :  2.21263e-07
 Reference value :  2.22263e-07
 Reference value :  2.23763e-07
 Reference value :  2.24763e-07
 Reference value :  2.25763e-07
 Reference value :  2.26763e-07
 Reference value :  2.28263e-07
 Reference value :  2.29263e-07
 Reference value :  2.30263e-07
 Reference value :  2.31763e-07
 Reference value :  2.32763e-07
 Reference value :  2.34263e-07
 Reference value :  2.35763e-07
 Reference value :  2.36763e-07
 Reference value :  2.37763e-07
 Reference value :  2.39263e-07
 Reference value :  2.40263e-07
 Reference value :  2.41263e-07
 Reference value :  2.42263e-07
 Reference value :  2.43263e-07
 Reference value :  2.44263e-07
 Reference value :  2.45263e-07
 Reference value :  2.46263e-07
 Reference value :  2.47263e-07
 Reference value :  2.48263e-07
 Reference value :  2.49763e-07
 Reference value :  2.50763e-07
 Reference value :  2.51763e-07
 Reference value :  2.52763e-07
 Reference value :  2.53763e-07
 Reference value :  2.54763e-07
 Reference value :  2.55763e-07
 Reference value :  2.56763e-07
 Reference value :  2.58263e-07
 Reference value :  2.59763e-07
 Reference value :  2.61763e-07
 Reference value :  2.62763e-07
 Reference value :  2.64263e-07
 Reference value :  2.65763e-07
 Reference value :  2.66763e-07
 Reference value :  2.67763e-07
 Reference value :  2.68763e-07
 Reference value :  2.69763e-07
 Reference value :  2.70763e-07
 Reference value :  2.71763e-07
 Reference value :  2.73263e-07
 Reference value :  2.74763e-07
 Reference value :  2.76263e-07
 Reference value :  2.77763e-07
 Reference value :  2.79263e-07
 Reference value :  2.80763e-07
 Reference value :  2.81763e-07
 Reference value :  2.82763e-07
 Reference value :  2.84263e-07
 Reference value :  2.85263e-07
 Reference value :  2.86263e-07
 Reference value :  2.87263e-07
 Reference value :  2.88263e-07
 Reference value :  2.89263e-07
 Reference value :  2.90763e-07
 Reference value :  2.92263e-07
 Reference value :  2.93263e-07
 Reference value :  2.94263e-07
 Reference value :  2.95263e-07
 Reference value :  2.96263e-07
 Reference value :  2.97263e-07
 Reference value :  2.98763e-07
 Reference value :  2.99763e-07
 Reference value :  3.01263e-07
 Reference value :  3.02763e-07
 Reference value :  3.04263e-07
 Reference value :  3.05763e-07
 Reference value :  3.06763e-07
 Reference value :  3.07763e-07
 Reference value :  3.08763e-07
 Reference value :  3.09763e-07
 Reference value :  3.10763e-07
 Reference value :  3.11763e-07
 Reference value :  3.12763e-07
 Reference value :  3.13763e-07
 Reference value :  3.14763e-07
 Reference value :  3.16263e-07
 Reference value :  3.17263e-07
 Reference value :  3.18263e-07
 Reference value :  3.19763e-07
 Reference value :  3.21263e-07
 Reference value :  3.22763e-07
 Reference value :  3.24263e-07
 Reference value :  3.25263e-07
 Reference value :  3.26763e-07
 Reference value :  3.28263e-07
 Reference value :  3.29263e-07
 Reference value :  3.30263e-07
 Reference value :  3.31263e-07
 Reference value :  3.32263e-07
 Reference value :  3.33763e-07
 Reference value :  3.35263e-07
 Reference value :  3.36263e-07
 Reference value :  3.37763e-07
 Reference value :  3.39263e-07
 Reference value :  3.40763e-07
 Reference value :  3.41763e-07
 Reference value :  3.42763e-07
 Reference value :  3.43763e-07
 Reference value :  3.44763e-07
 Reference value :  3.45763e-07
 Reference value :  3.46763e-07
 Reference value :  3.47763e-07
 Reference value :  3.48763e-07
 Reference value :  3.50263e-07
 Reference value :  3.51263e-07
 Reference value :  3.52263e-07
 Reference value :  3.53263e-07
 Reference value :  3.54263e-07
 Reference value :  3.55263e-07
 Reference value :  3.56763e-07
 Reference value :  3.58763e-07
 Reference value :  3.59763e-07
 Reference value :  3.61263e-07
 Reference value :  3.62263e-07
 Reference value :  3.63763e-07
 Reference value :  3.64763e-07
 Reference value :  3.66263e-07
 Reference value :  3.67763e-07
 Reference value :  3.69263e-07
 Reference value :  3.70763e-07
 Reference value :  3.71763e-07
 Reference value :  3.72763e-07
 Reference value :  3.73763e-07
 Reference value :  3.75263e-07
 Reference value :  3.76763e-07
 Reference value :  3.77763e-07
 Reference value :  3.78763e-07
 Reference value :  3.79763e-07
 Reference value :  3.80763e-07
 Reference value :  3.81763e-07
 Reference value :  3.82763e-07
 Reference value :  3.84263e-07
 Reference value :  3.85763e-07
 Reference value :  3.86763e-07
 Reference value :  3.88263e-07
 Reference value :  3.89263e-07
 Reference value :  3.90763e-07
 Reference value :  3.91763e-07
 Reference value :  3.92763e-07
 Reference value :  3.93763e-07
 Reference value :  3.95263e-07
 Reference value :  3.96263e-07
 Reference value :  3.97763e-07
 Reference value :  3.98763e-07
 Reference value :  3.99763e-07
 Reference value :  4.00763e-07
 Reference value :  4.02263e-07
 Reference value :  4.03763e-07
 Reference value :  4.05263e-07
 Reference value :  4.06263e-07
 Reference value :  4.07763e-07
 Reference value :  4.09263e-07
 Reference value :  4.10263e-07
 Reference value :  4.11263e-07
 Reference value :  4.12263e-07
 Reference value :  4.13763e-07
 Reference value :  4.15263e-07
 Reference value :  4.16763e-07
 Reference value :  4.18263e-07
 Reference value :  4.19763e-07
 Reference value :  4.21263e-07
 Reference value :  4.22263e-07
 Reference value :  4.23263e-07
 Reference value :  4.24763e-07
 Reference value :  4.26263e-07
 Reference value :  4.27263e-07
 Reference value :  4.28763e-07
 Reference value :  4.30263e-07
 Reference value :  4.31763e-07
 Reference value :  4.33263e-07
 Reference value :  4.34263e-07
 Reference value :  4.35763e-07
 Reference value :  4.36763e-07
 Reference value :  4.37763e-07
 Reference value :  4.38763e-07
 Reference value :  4.40263e-07
 Reference value :  4.41763e-07
 Reference value :  4.43263e-07
 Reference value :  4.44263e-07
 Reference value :  4.45763e-07
 Reference value :  4.47263e-07
 Reference value :  4.48763e-07
 Reference value :  4.50263e-07
 Reference value :  4.51263e-07
 Reference value :  4.52263e-07
 Reference value :  4.53763e-07
 Reference value :  4.55263e-07
 Reference value :  4.56763e-07
 Reference value :  4.57763e-07
 Reference value :  4.59263e-07
 Reference value :  4.60263e-07
 Reference value :  4.61263e-07
 Reference value :  4.62263e-07
 Reference value :  4.63263e-07
 Reference value :  4.64263e-07
 Reference value :  4.65263e-07
 Reference value :  4.66763e-07
 Reference value :  4.68263e-07
 Reference value :  4.69763e-07
 Reference value :  4.70763e-07
 Reference value :  4.71763e-07
 Reference value :  4.72763e-07
 Reference value :  4.73763e-07
 Reference value :  4.75263e-07
 Reference value :  4.76763e-07
 Reference value :  4.78263e-07
 Reference value :  4.79763e-07
 Reference value :  4.81263e-07
 Reference value :  4.82263e-07
 Reference value :  4.83763e-07
 Reference value :  4.84763e-07
 Reference value :  4.86263e-07
 Reference value :  4.87263e-07
 Reference value :  4.88263e-07
 Reference value :  4.89263e-07
 Reference value :  4.90263e-07
 Reference value :  4.91263e-07
 Reference value :  4.92763e-07
 Reference value :  4.93763e-07
 Reference value :  4.94763e-07
 Reference value :  4.95763e-07
 Reference value :  4.97263e-07
 Reference value :  4.98763e-07
 Reference value :  4.99631e-07
No. of Data Rows : 1026
vtop_p_0            =  9.00000e-01
vtop_n_0            =  2.69719e+00
vtop_p_1            =  9.03501e-01
vtop_n_1            =  2.69366e+00
vtop_p_2            =  9.07058e-01
vtop_n_2            =  2.69012e+00
vtop_p_3            =  9.10574e-01
vtop_n_3            =  2.68660e+00
vtop_p_4            =  9.14078e-01
vtop_n_4            =  2.68304e+00
vtop_p_7            =  9.24649e-01
vtop_n_7            =  2.67246e+00
vtop_p_8            =  9.28263e-01
vtop_n_8            =  2.66883e+00
vtop_p_15           =  9.52777e-01
vtop_n_15           =  2.64437e+00
vtop_p_16           =  9.56416e-01
vtop_n_16           =  2.64082e+00
vtop_p_31           =  1.00927e+00
vtop_n_31           =  2.58801e+00
vtop_p_32           =  1.01246e+00
vtop_n_32           =  2.58429e+00
vtop_p_63           =  1.12233e+00
vtop_n_63           =  2.47564e+00
vtop_p_64           =  1.12479e+00
vtop_n_64           =  2.47201e+00
vtop_p_127          =  1.34705e+00
vtop_n_127          =  2.25021e+00
vtop_p_128          =  1.35098e+00
vtop_n_128          =  2.24519e+00
vtop_p_255          =  1.79418e+00
vtop_n_255          =  1.79882e+00
vtop_p_256          =  1.80050e+00
vtop_n_256          =  1.79704e+00
vtop_p_383          =  2.24633e+00
vtop_n_383          =  1.34928e+00
vtop_p_384          =  2.25086e+00
vtop_n_384          =  1.34643e+00
vtop_p_385          =  2.25381e+00
vtop_n_385          =  1.34318e+00
vtop_p_510          =  2.69364e+00
vtop_n_510          =  9.03508e-01
vtop_p_511          =  2.69720e+00
vtop_n_511          =  9.00000e-01
Note: Simulation executed from .control section 
