
Note: Compatibility modes selected: hs a


Circuit: * cdac-array-transfer monte carlo -- corner=tt_mm temp=27.0c supply=1.8v seed=28 (issue #29)

option SCALE: Scale is set to 1e-06 for instance and model parameters
option SCALE: Scale is set to 1e-06 for instance and model parameters
option SCALE: Scale is set to 1e-06 for instance and model parameters
option SCALE: Scale is set to 1e-06 for instance and model parameters
Doing analysis at TEMP = 27.000000 and TNOM = 27.000000

Using KLU as Direct Linear Solver
 Reference value :  0.00000e+00
 Reference value :  4.00000e-11
 Reference value :  6.10000e-10
 Reference value :  9.60000e-10
 Reference value :  9.87309e-10
 Reference value :  1.04319e-09
 Reference value :  1.10000e-09
 Reference value :  1.12150e-09
 Reference value :  1.18225e-09
 Reference value :  1.29915e-09
 Reference value :  1.68461e-09
 Reference value :  3.74241e-09
 Reference value :  7.74241e-09
 Reference value :  1.37424e-08
 Reference value :  1.92424e-08
 Reference value :  2.32424e-08
 Reference value :  2.87424e-08
 Reference value :  3.17424e-08
 Reference value :  3.27424e-08
 Reference value :  3.62424e-08
 Reference value :  4.12424e-08
 Reference value :  4.67424e-08
 Reference value :  5.32424e-08
 Reference value :  5.92424e-08
 Reference value :  6.27424e-08
 Reference value :  6.52424e-08
 Reference value :  6.62424e-08
 Reference value :  6.77424e-08
 Reference value :  6.87424e-08
 Reference value :  7.02424e-08
 Reference value :  7.17424e-08
 Reference value :  7.32424e-08
 Reference value :  7.47424e-08
 Reference value :  7.62424e-08
 Reference value :  7.77424e-08
 Reference value :  8.02424e-08
 Reference value :  8.42424e-08
 Reference value :  8.92424e-08
 Reference value :  9.27424e-08
 Reference value :  9.62424e-08
 Reference value :  9.92424e-08
 Reference value :  1.01242e-07
 Reference value :  1.02242e-07
 Reference value :  1.03242e-07
 Reference value :  1.04742e-07
 Reference value :  1.06242e-07
 Reference value :  1.07242e-07
 Reference value :  1.08242e-07
 Reference value :  1.09742e-07
 Reference value :  1.10742e-07
 Reference value :  1.12242e-07
 Reference value :  1.14242e-07
 Reference value :  1.20742e-07
 Reference value :  1.26742e-07
 Reference value :  1.32742e-07
 Reference value :  1.38242e-07
 Reference value :  1.42242e-07
 Reference value :  1.43742e-07
 Reference value :  1.45242e-07
 Reference value :  1.46242e-07
 Reference value :  1.47742e-07
 Reference value :  1.48742e-07
 Reference value :  1.50242e-07
 Reference value :  1.51742e-07
 Reference value :  1.53242e-07
 Reference value :  1.56242e-07
 Reference value :  1.61242e-07
 Reference value :  1.67742e-07
 Reference value :  1.73242e-07
 Reference value :  1.76242e-07
 Reference value :  1.80742e-07
 Reference value :  1.82742e-07
 Reference value :  1.84242e-07
 Reference value :  1.85742e-07
 Reference value :  1.87242e-07
 Reference value :  1.88242e-07
 Reference value :  1.89742e-07
 Reference value :  1.91242e-07
 Reference value :  1.92742e-07
 Reference value :  1.94242e-07
 Reference value :  1.96242e-07
 Reference value :  1.98742e-07
 Reference value :  2.02242e-07
 Reference value :  2.03742e-07
 Reference value :  2.05242e-07
 Reference value :  2.09742e-07
 Reference value :  2.14742e-07
 Reference value :  2.17242e-07
 Reference value :  2.18742e-07
 Reference value :  2.20242e-07
 Reference value :  2.21242e-07
 Reference value :  2.22242e-07
 Reference value :  2.23742e-07
 Reference value :  2.25242e-07
 Reference value :  2.26742e-07
 Reference value :  2.28242e-07
 Reference value :  2.30242e-07
 Reference value :  2.33742e-07
 Reference value :  2.38242e-07
 Reference value :  2.41242e-07
 Reference value :  2.47242e-07
 Reference value :  2.52742e-07
 Reference value :  2.57242e-07
 Reference value :  2.58242e-07
 Reference value :  2.59742e-07
 Reference value :  2.61242e-07
 Reference value :  2.62742e-07
 Reference value :  2.64242e-07
 Reference value :  2.65742e-07
 Reference value :  2.67742e-07
 Reference value :  2.70742e-07
 Reference value :  2.72742e-07
 Reference value :  2.77242e-07
 Reference value :  2.81742e-07
 Reference value :  2.86742e-07
 Reference value :  2.93242e-07
 Reference value :  2.98242e-07
 Reference value :  3.00242e-07
 Reference value :  3.01742e-07
 Reference value :  3.03242e-07
 Reference value :  3.04242e-07
 Reference value :  3.05242e-07
 Reference value :  3.06742e-07
 Reference value :  3.08242e-07
 Reference value :  3.09742e-07
 Reference value :  3.11242e-07
 Reference value :  3.12242e-07
 Reference value :  3.16242e-07
 Reference value :  3.21742e-07
 Reference value :  3.24742e-07
 Reference value :  3.26242e-07
 Reference value :  3.32242e-07
 Reference value :  3.38242e-07
 Reference value :  3.43742e-07
 Reference value :  3.50242e-07
 Reference value :  3.55742e-07
 Reference value :  3.58742e-07
 Reference value :  3.59742e-07
 Reference value :  3.60742e-07
 Reference value :  3.62242e-07
 Reference value :  3.63242e-07
 Reference value :  3.64742e-07
 Reference value :  3.65742e-07
 Reference value :  3.67242e-07
 Reference value :  3.68242e-07
 Reference value :  3.70242e-07
 Reference value :  3.71742e-07
 Reference value :  3.77242e-07
 Reference value :  3.80742e-07
 Reference value :  3.83242e-07
 Reference value :  3.89742e-07
 Reference value :  3.96242e-07
 Reference value :  3.98242e-07
 Reference value :  3.99742e-07
 Reference value :  4.01242e-07
 Reference value :  4.02742e-07
 Reference value :  4.04242e-07
 Reference value :  4.05742e-07
 Reference value :  4.07242e-07
 Reference value :  4.08742e-07
 Reference value :  4.10242e-07
 Reference value :  4.13742e-07
 Reference value :  4.17742e-07
 Reference value :  4.21242e-07
 Reference value :  4.24242e-07
 Reference value :  4.25742e-07
 Reference value :  4.27242e-07
 Reference value :  4.28742e-07
 Reference value :  4.30242e-07
 Reference value :  4.31742e-07
 Reference value :  4.33242e-07
 Reference value :  4.34742e-07
 Reference value :  4.36242e-07
 Reference value :  4.37742e-07
 Reference value :  4.39242e-07
 Reference value :  4.42742e-07
 Reference value :  4.48242e-07
 Reference value :  4.53742e-07
 Reference value :  4.58742e-07
 Reference value :  4.64742e-07
 Reference value :  4.69242e-07
 Reference value :  4.74242e-07
 Reference value :  4.79242e-07
 Reference value :  4.82242e-07
 Reference value :  4.83242e-07
 Reference value :  4.84742e-07
 Reference value :  4.85742e-07
 Reference value :  4.87242e-07
 Reference value :  4.88242e-07
 Reference value :  4.89742e-07
 Reference value :  4.91242e-07
 Reference value :  4.92742e-07
 Reference value :  4.96242e-07
No. of Data Rows : 1026
vtop_p_0            =  9.00000e-01
vtop_n_0            =  2.69716e+00
vtop_p_1            =  9.03524e-01
vtop_n_1            =  2.69367e+00
vtop_p_2            =  9.07048e-01
vtop_n_2            =  2.69015e+00
vtop_p_3            =  9.10555e-01
vtop_n_3            =  2.68663e+00
vtop_p_4            =  9.14131e-01
vtop_n_4            =  2.68309e+00
vtop_p_7            =  9.24665e-01
vtop_n_7            =  2.67255e+00
vtop_p_8            =  9.28082e-01
vtop_n_8            =  2.66897e+00
vtop_p_15           =  9.52783e-01
vtop_n_15           =  2.64434e+00
vtop_p_16           =  9.56174e-01
vtop_n_16           =  2.64064e+00
vtop_p_31           =  1.00917e+00
vtop_n_31           =  2.58824e+00
vtop_p_32           =  1.01317e+00
vtop_n_32           =  2.58445e+00
vtop_p_63           =  1.12233e+00
vtop_n_63           =  2.47591e+00
vtop_p_64           =  1.12470e+00
vtop_n_64           =  2.47200e+00
vtop_p_127          =  1.34796e+00
vtop_n_127          =  2.24832e+00
vtop_p_128          =  1.34953e+00
vtop_n_128          =  2.24726e+00
vtop_p_255          =  1.79709e+00
vtop_n_255          =  1.80003e+00
vtop_p_256          =  1.80032e+00
vtop_n_256          =  1.79514e+00
vtop_p_383          =  2.24832e+00
vtop_n_383          =  1.35089e+00
vtop_p_384          =  2.25131e+00
vtop_n_384          =  1.34791e+00
vtop_p_385          =  2.25334e+00
vtop_n_385          =  1.34299e+00
vtop_p_510          =  2.69366e+00
vtop_n_510          =  9.03489e-01
vtop_p_511          =  2.69716e+00
vtop_n_511          =  9.00000e-01
Note: Simulation executed from .control section 
