
Note: Compatibility modes selected: hs a


Circuit: * cdac-array-transfer monte carlo -- corner=tt_mm temp=27.0c supply=1.8v seed=1 (issue #29)

option SCALE: Scale is set to 1e-06 for instance and model parameters
option SCALE: Scale is set to 1e-06 for instance and model parameters
option SCALE: Scale is set to 1e-06 for instance and model parameters
option SCALE: Scale is set to 1e-06 for instance and model parameters
Doing analysis at TEMP = 27.000000 and TNOM = 27.000000

Using KLU as Direct Linear Solver
 Reference value :  0.00000e+00
 Reference value :  8.00000e-11
 Reference value :  9.00000e-10
 Reference value :  9.69931e-10
 Reference value :  9.87309e-10
 Reference value :  1.04282e-09
 Reference value :  1.10000e-09
 Reference value :  1.12127e-09
 Reference value :  1.18140e-09
 Reference value :  1.29857e-09
 Reference value :  1.52385e-09
 Reference value :  1.95243e-09
 Reference value :  2.74965e-09
 Reference value :  4.24965e-09
 Reference value :  5.74965e-09
 Reference value :  7.24965e-09
 Reference value :  8.24965e-09
 Reference value :  9.74965e-09
 Reference value :  1.12496e-08
 Reference value :  1.27496e-08
 Reference value :  1.42496e-08
 Reference value :  1.57496e-08
 Reference value :  1.67496e-08
 Reference value :  1.82496e-08
 Reference value :  1.97496e-08
 Reference value :  2.12496e-08
 Reference value :  2.27496e-08
 Reference value :  2.47496e-08
 Reference value :  2.67496e-08
 Reference value :  2.82496e-08
 Reference value :  2.97496e-08
 Reference value :  3.12496e-08
 Reference value :  3.27496e-08
 Reference value :  3.42496e-08
 Reference value :  3.57496e-08
 Reference value :  3.72496e-08
 Reference value :  3.87496e-08
 Reference value :  4.02496e-08
 Reference value :  4.17496e-08
 Reference value :  4.32496e-08
 Reference value :  4.47496e-08
 Reference value :  4.62496e-08
 Reference value :  4.77496e-08
 Reference value :  4.92496e-08
 Reference value :  5.07496e-08
 Reference value :  5.22496e-08
 Reference value :  5.37496e-08
 Reference value :  5.52496e-08
 Reference value :  5.67496e-08
 Reference value :  5.82496e-08
 Reference value :  5.97496e-08
 Reference value :  6.12496e-08
 Reference value :  6.22496e-08
 Reference value :  6.37496e-08
 Reference value :  6.52496e-08
 Reference value :  6.67496e-08
 Reference value :  6.82496e-08
 Reference value :  6.97496e-08
 Reference value :  7.07496e-08
 Reference value :  7.22496e-08
 Reference value :  7.37496e-08
 Reference value :  7.47496e-08
 Reference value :  7.57496e-08
 Reference value :  7.72496e-08
 Reference value :  7.82496e-08
 Reference value :  7.92496e-08
 Reference value :  8.02496e-08
 Reference value :  8.12496e-08
 Reference value :  8.22496e-08
 Reference value :  8.37496e-08
 Reference value :  8.47496e-08
 Reference value :  8.62496e-08
 Reference value :  8.77496e-08
 Reference value :  8.87496e-08
 Reference value :  9.02496e-08
 Reference value :  9.17496e-08
 Reference value :  9.32496e-08
 Reference value :  9.47496e-08
 Reference value :  9.62496e-08
 Reference value :  9.77496e-08
 Reference value :  9.92496e-08
 Reference value :  1.00750e-07
 Reference value :  1.02250e-07
 Reference value :  1.03750e-07
 Reference value :  1.05250e-07
 Reference value :  1.06750e-07
 Reference value :  1.08250e-07
 Reference value :  1.09750e-07
 Reference value :  1.11250e-07
 Reference value :  1.12750e-07
 Reference value :  1.14250e-07
 Reference value :  1.15750e-07
 Reference value :  1.17250e-07
 Reference value :  1.18750e-07
 Reference value :  1.20250e-07
 Reference value :  1.21750e-07
 Reference value :  1.23250e-07
 Reference value :  1.24250e-07
 Reference value :  1.25750e-07
 Reference value :  1.27250e-07
 Reference value :  1.28750e-07
 Reference value :  1.30250e-07
 Reference value :  1.31750e-07
 Reference value :  1.33250e-07
 Reference value :  1.34750e-07
 Reference value :  1.36250e-07
 Reference value :  1.37750e-07
 Reference value :  1.39250e-07
 Reference value :  1.40250e-07
 Reference value :  1.41750e-07
 Reference value :  1.43250e-07
 Reference value :  1.44750e-07
 Reference value :  1.46250e-07
 Reference value :  1.47750e-07
 Reference value :  1.48750e-07
 Reference value :  1.50250e-07
 Reference value :  1.51750e-07
 Reference value :  1.53750e-07
 Reference value :  1.55250e-07
 Reference value :  1.56750e-07
 Reference value :  1.58250e-07
 Reference value :  1.61250e-07
 Reference value :  1.63250e-07
 Reference value :  1.65750e-07
 Reference value :  1.68250e-07
 Reference value :  1.70750e-07
 Reference value :  1.72250e-07
 Reference value :  1.73750e-07
 Reference value :  1.75250e-07
 Reference value :  1.76750e-07
 Reference value :  1.78250e-07
 Reference value :  1.79750e-07
 Reference value :  1.81250e-07
 Reference value :  1.82750e-07
 Reference value :  1.84250e-07
 Reference value :  1.85250e-07
 Reference value :  1.86750e-07
 Reference value :  1.88250e-07
 Reference value :  1.89750e-07
 Reference value :  1.90750e-07
 Reference value :  1.92250e-07
 Reference value :  1.93750e-07
 Reference value :  1.95250e-07
 Reference value :  1.96750e-07
 Reference value :  1.98250e-07
 Reference value :  1.99750e-07
 Reference value :  2.00750e-07
 Reference value :  2.02750e-07
 Reference value :  2.04250e-07
 Reference value :  2.05750e-07
 Reference value :  2.07250e-07
 Reference value :  2.08750e-07
 Reference value :  2.10250e-07
 Reference value :  2.11750e-07
 Reference value :  2.12750e-07
 Reference value :  2.13750e-07
 Reference value :  2.14750e-07
 Reference value :  2.16250e-07
 Reference value :  2.17750e-07
 Reference value :  2.19750e-07
 Reference value :  2.21250e-07
 Reference value :  2.22250e-07
 Reference value :  2.23750e-07
 Reference value :  2.25250e-07
 Reference value :  2.26750e-07
 Reference value :  2.28250e-07
 Reference value :  2.29250e-07
 Reference value :  2.30750e-07
 Reference value :  2.32250e-07
 Reference value :  2.33750e-07
 Reference value :  2.34750e-07
 Reference value :  2.35750e-07
 Reference value :  2.37250e-07
 Reference value :  2.38250e-07
 Reference value :  2.39750e-07
 Reference value :  2.41250e-07
 Reference value :  2.42750e-07
 Reference value :  2.43750e-07
 Reference value :  2.44750e-07
 Reference value :  2.45750e-07
 Reference value :  2.47250e-07
 Reference value :  2.48750e-07
 Reference value :  2.50250e-07
 Reference value :  2.51250e-07
 Reference value :  2.52750e-07
 Reference value :  2.53750e-07
 Reference value :  2.54750e-07
 Reference value :  2.56250e-07
 Reference value :  2.57250e-07
 Reference value :  2.58250e-07
 Reference value :  2.59250e-07
 Reference value :  2.60750e-07
 Reference value :  2.62250e-07
 Reference value :  2.63750e-07
 Reference value :  2.65250e-07
 Reference value :  2.66750e-07
 Reference value :  2.68250e-07
 Reference value :  2.69250e-07
 Reference value :  2.70750e-07
 Reference value :  2.72250e-07
 Reference value :  2.73750e-07
 Reference value :  2.75250e-07
 Reference value :  2.76250e-07
 Reference value :  2.77750e-07
 Reference value :  2.79250e-07
 Reference value :  2.80750e-07
 Reference value :  2.82250e-07
 Reference value :  2.83250e-07
 Reference value :  2.84250e-07
 Reference value :  2.85750e-07
 Reference value :  2.87250e-07
 Reference value :  2.88750e-07
 Reference value :  2.89750e-07
 Reference value :  2.91250e-07
 Reference value :  2.92250e-07
 Reference value :  2.93750e-07
 Reference value :  2.95250e-07
 Reference value :  2.96750e-07
 Reference value :  2.97750e-07
 Reference value :  2.99250e-07
 Reference value :  3.01250e-07
 Reference value :  3.02750e-07
 Reference value :  3.03750e-07
 Reference value :  3.05250e-07
 Reference value :  3.06750e-07
 Reference value :  3.08250e-07
 Reference value :  3.09750e-07
 Reference value :  3.11250e-07
 Reference value :  3.12750e-07
 Reference value :  3.14250e-07
 Reference value :  3.15250e-07
 Reference value :  3.16750e-07
 Reference value :  3.18250e-07
 Reference value :  3.19750e-07
 Reference value :  3.21250e-07
 Reference value :  3.22750e-07
 Reference value :  3.24250e-07
 Reference value :  3.25750e-07
 Reference value :  3.27250e-07
 Reference value :  3.28750e-07
 Reference value :  3.30250e-07
 Reference value :  3.31750e-07
 Reference value :  3.33250e-07
 Reference value :  3.34750e-07
 Reference value :  3.36250e-07
 Reference value :  3.37750e-07
 Reference value :  3.39250e-07
 Reference value :  3.40750e-07
 Reference value :  3.42750e-07
 Reference value :  3.44250e-07
 Reference value :  3.46250e-07
 Reference value :  3.48250e-07
 Reference value :  3.50250e-07
 Reference value :  3.51750e-07
 Reference value :  3.52750e-07
 Reference value :  3.54250e-07
 Reference value :  3.55750e-07
 Reference value :  3.56750e-07
 Reference value :  3.58250e-07
 Reference value :  3.59750e-07
 Reference value :  3.60750e-07
 Reference value :  3.61750e-07
 Reference value :  3.62750e-07
 Reference value :  3.64250e-07
 Reference value :  3.65750e-07
 Reference value :  3.67250e-07
 Reference value :  3.68750e-07
 Reference value :  3.70250e-07
 Reference value :  3.71750e-07
 Reference value :  3.73250e-07
 Reference value :  3.74750e-07
 Reference value :  3.76250e-07
 Reference value :  3.77750e-07
 Reference value :  3.79250e-07
 Reference value :  3.80750e-07
 Reference value :  3.82250e-07
 Reference value :  3.83750e-07
 Reference value :  3.85750e-07
 Reference value :  3.87250e-07
 Reference value :  3.88750e-07
 Reference value :  3.90250e-07
 Reference value :  3.91750e-07
 Reference value :  3.92750e-07
 Reference value :  3.94250e-07
 Reference value :  3.95750e-07
 Reference value :  3.97250e-07
 Reference value :  3.98750e-07
 Reference value :  4.00250e-07
 Reference value :  4.01750e-07
 Reference value :  4.03250e-07
 Reference value :  4.04750e-07
 Reference value :  4.06250e-07
 Reference value :  4.07750e-07
 Reference value :  4.09250e-07
 Reference value :  4.10750e-07
 Reference value :  4.12250e-07
 Reference value :  4.13750e-07
 Reference value :  4.15250e-07
 Reference value :  4.16750e-07
 Reference value :  4.17750e-07
 Reference value :  4.19250e-07
 Reference value :  4.20750e-07
 Reference value :  4.22250e-07
 Reference value :  4.23750e-07
 Reference value :  4.25250e-07
 Reference value :  4.26750e-07
 Reference value :  4.28250e-07
 Reference value :  4.29750e-07
 Reference value :  4.31250e-07
 Reference value :  4.32750e-07
 Reference value :  4.34250e-07
 Reference value :  4.35750e-07
 Reference value :  4.37250e-07
 Reference value :  4.38750e-07
 Reference value :  4.40250e-07
 Reference value :  4.41750e-07
 Reference value :  4.43250e-07
 Reference value :  4.44750e-07
 Reference value :  4.46250e-07
 Reference value :  4.47750e-07
 Reference value :  4.49250e-07
 Reference value :  4.50750e-07
 Reference value :  4.52250e-07
 Reference value :  4.53750e-07
 Reference value :  4.55250e-07
 Reference value :  4.56750e-07
 Reference value :  4.58250e-07
 Reference value :  4.59750e-07
 Reference value :  4.60750e-07
 Reference value :  4.61750e-07
 Reference value :  4.63250e-07
 Reference value :  4.64250e-07
 Reference value :  4.65250e-07
 Reference value :  4.66750e-07
 Reference value :  4.68250e-07
 Reference value :  4.69250e-07
 Reference value :  4.70750e-07
 Reference value :  4.72250e-07
 Reference value :  4.73750e-07
 Reference value :  4.75250e-07
 Reference value :  4.76750e-07
 Reference value :  4.78250e-07
 Reference value :  4.79750e-07
 Reference value :  4.81250e-07
 Reference value :  4.82250e-07
 Reference value :  4.83750e-07
 Reference value :  4.85250e-07
 Reference value :  4.86750e-07
 Reference value :  4.88250e-07
 Reference value :  4.89750e-07
 Reference value :  4.90750e-07
 Reference value :  4.92250e-07
 Reference value :  4.93750e-07
 Reference value :  4.94750e-07
 Reference value :  4.95750e-07
 Reference value :  4.96750e-07
 Reference value :  4.98250e-07
 Reference value :  4.99250e-07
No. of Data Rows : 1026
vtop_p_0            =  9.00000e-01
vtop_n_0            =  2.69714e+00
vtop_p_1            =  9.03476e-01
vtop_n_1            =  2.69368e+00
vtop_p_2            =  9.07058e-01
vtop_n_2            =  2.69015e+00
vtop_p_3            =  9.10530e-01
vtop_n_3            =  2.68664e+00
vtop_p_4            =  9.14127e-01
vtop_n_4            =  2.68306e+00
vtop_p_7            =  9.24614e-01
vtop_n_7            =  2.67252e+00
vtop_p_8            =  9.28243e-01
vtop_n_8            =  2.66903e+00
vtop_p_15           =  9.52730e-01
vtop_n_15           =  2.64441e+00
vtop_p_16           =  9.56521e-01
vtop_n_16           =  2.64072e+00
vtop_p_31           =  1.00915e+00
vtop_n_31           =  2.58788e+00
vtop_p_32           =  1.01278e+00
vtop_n_32           =  2.58413e+00
vtop_p_63           =  1.12166e+00
vtop_n_63           =  2.47571e+00
vtop_p_64           =  1.12522e+00
vtop_n_64           =  2.47264e+00
vtop_p_127          =  1.34569e+00
vtop_n_127          =  2.24928e+00
vtop_p_128          =  1.35011e+00
vtop_n_128          =  2.24778e+00
vtop_p_255          =  1.79588e+00
vtop_n_255          =  1.80049e+00
vtop_p_256          =  1.79962e+00
vtop_n_256          =  1.79686e+00
vtop_p_383          =  2.24606e+00
vtop_n_383          =  1.35033e+00
vtop_p_384          =  2.25032e+00
vtop_n_384          =  1.34637e+00
vtop_p_385          =  2.25278e+00
vtop_n_385          =  1.34333e+00
vtop_p_510          =  2.69366e+00
vtop_n_510          =  9.03507e-01
vtop_p_511          =  2.69720e+00
vtop_n_511          =  9.00000e-01
Note: Simulation executed from .control section 
