
Note: Compatibility modes selected: hs a


Circuit: * cdac-array-transfer monte carlo -- corner=tt_mm temp=27.0c supply=1.8v seed=24 (issue #29)

option SCALE: Scale is set to 1e-06 for instance and model parameters
option SCALE: Scale is set to 1e-06 for instance and model parameters
option SCALE: Scale is set to 1e-06 for instance and model parameters
option SCALE: Scale is set to 1e-06 for instance and model parameters
Doing analysis at TEMP = 27.000000 and TNOM = 27.000000

Using KLU as Direct Linear Solver
 Reference value :  0.00000e+00
 Reference value :  4.00000e-11
 Reference value :  6.10000e-10
 Reference value :  9.60000e-10
 Reference value :  9.87309e-10
 Reference value :  1.04268e-09
 Reference value :  1.10000e-09
 Reference value :  1.12141e-09
 Reference value :  1.18208e-09
 Reference value :  1.29930e-09
 Reference value :  1.52787e-09
 Reference value :  1.96319e-09
 Reference value :  2.76006e-09
 Reference value :  4.26006e-09
 Reference value :  5.76006e-09
 Reference value :  6.76006e-09
 Reference value :  8.26006e-09
 Reference value :  9.76006e-09
 Reference value :  1.12601e-08
 Reference value :  1.27601e-08
 Reference value :  1.42601e-08
 Reference value :  1.57601e-08
 Reference value :  1.72601e-08
 Reference value :  1.87601e-08
 Reference value :  2.02601e-08
 Reference value :  2.12601e-08
 Reference value :  2.27601e-08
 Reference value :  2.42601e-08
 Reference value :  2.52601e-08
 Reference value :  2.67601e-08
 Reference value :  2.82601e-08
 Reference value :  2.97601e-08
 Reference value :  3.12601e-08
 Reference value :  3.27601e-08
 Reference value :  3.42601e-08
 Reference value :  3.57601e-08
 Reference value :  3.72601e-08
 Reference value :  3.87601e-08
 Reference value :  4.02601e-08
 Reference value :  4.17601e-08
 Reference value :  4.32601e-08
 Reference value :  4.47601e-08
 Reference value :  4.77601e-08
 Reference value :  5.02601e-08
 Reference value :  5.12601e-08
 Reference value :  5.27601e-08
 Reference value :  5.42601e-08
 Reference value :  5.57601e-08
 Reference value :  5.72601e-08
 Reference value :  5.87601e-08
 Reference value :  6.02601e-08
 Reference value :  6.12601e-08
 Reference value :  6.27601e-08
 Reference value :  6.42601e-08
 Reference value :  6.62601e-08
 Reference value :  6.97601e-08
 Reference value :  7.12601e-08
 Reference value :  7.27601e-08
 Reference value :  7.52601e-08
 Reference value :  7.67601e-08
 Reference value :  7.82601e-08
 Reference value :  7.97601e-08
 Reference value :  8.12601e-08
 Reference value :  8.22601e-08
 Reference value :  8.32601e-08
 Reference value :  8.47601e-08
 Reference value :  8.62601e-08
 Reference value :  8.72601e-08
 Reference value :  8.92601e-08
 Reference value :  9.07601e-08
 Reference value :  9.17601e-08
 Reference value :  9.32601e-08
 Reference value :  9.57601e-08
 Reference value :  9.92601e-08
 Reference value :  1.04260e-07
 Reference value :  1.09760e-07
 Reference value :  1.15760e-07
 Reference value :  1.19260e-07
 Reference value :  1.21260e-07
 Reference value :  1.23760e-07
 Reference value :  1.24760e-07
 Reference value :  1.25760e-07
 Reference value :  1.27760e-07
 Reference value :  1.28760e-07
 Reference value :  1.30260e-07
 Reference value :  1.31760e-07
 Reference value :  1.33260e-07
 Reference value :  1.34760e-07
 Reference value :  1.37760e-07
 Reference value :  1.42760e-07
 Reference value :  1.45760e-07
 Reference value :  1.48760e-07
 Reference value :  1.52260e-07
 Reference value :  1.55260e-07
 Reference value :  1.56760e-07
 Reference value :  1.58260e-07
 Reference value :  1.59760e-07
 Reference value :  1.61260e-07
 Reference value :  1.62760e-07
 Reference value :  1.64260e-07
 Reference value :  1.65760e-07
 Reference value :  1.67260e-07
 Reference value :  1.68760e-07
 Reference value :  1.70260e-07
 Reference value :  1.74260e-07
 Reference value :  1.78260e-07
 Reference value :  1.80260e-07
 Reference value :  1.82260e-07
 Reference value :  1.84760e-07
 Reference value :  1.86760e-07
 Reference value :  1.88260e-07
 Reference value :  1.89260e-07
 Reference value :  1.90760e-07
 Reference value :  1.92260e-07
 Reference value :  1.93760e-07
 Reference value :  1.95260e-07
 Reference value :  1.96760e-07
 Reference value :  1.98260e-07
 Reference value :  1.99760e-07
 Reference value :  2.01260e-07
 Reference value :  2.02760e-07
 Reference value :  2.04260e-07
 Reference value :  2.05260e-07
 Reference value :  2.06760e-07
 Reference value :  2.08260e-07
 Reference value :  2.09760e-07
 Reference value :  2.11260e-07
 Reference value :  2.12760e-07
 Reference value :  2.14260e-07
 Reference value :  2.15760e-07
 Reference value :  2.17260e-07
 Reference value :  2.18260e-07
 Reference value :  2.19760e-07
 Reference value :  2.20760e-07
 Reference value :  2.22260e-07
 Reference value :  2.24260e-07
 Reference value :  2.25760e-07
 Reference value :  2.27260e-07
 Reference value :  2.29260e-07
 Reference value :  2.30760e-07
 Reference value :  2.32260e-07
 Reference value :  2.33760e-07
 Reference value :  2.35260e-07
 Reference value :  2.36760e-07
 Reference value :  2.38260e-07
 Reference value :  2.39760e-07
 Reference value :  2.41260e-07
 Reference value :  2.42760e-07
 Reference value :  2.44260e-07
 Reference value :  2.45760e-07
 Reference value :  2.47260e-07
 Reference value :  2.48260e-07
 Reference value :  2.49760e-07
 Reference value :  2.51260e-07
 Reference value :  2.52760e-07
 Reference value :  2.54260e-07
 Reference value :  2.55760e-07
 Reference value :  2.57260e-07
 Reference value :  2.58760e-07
 Reference value :  2.60260e-07
 Reference value :  2.61760e-07
 Reference value :  2.63260e-07
 Reference value :  2.64760e-07
 Reference value :  2.66260e-07
 Reference value :  2.67760e-07
 Reference value :  2.69260e-07
 Reference value :  2.70760e-07
 Reference value :  2.72260e-07
 Reference value :  2.73760e-07
 Reference value :  2.74760e-07
 Reference value :  2.76260e-07
 Reference value :  2.77760e-07
 Reference value :  2.79260e-07
 Reference value :  2.80760e-07
 Reference value :  2.82260e-07
 Reference value :  2.83760e-07
 Reference value :  2.85260e-07
 Reference value :  2.86760e-07
 Reference value :  2.88260e-07
 Reference value :  2.89760e-07
 Reference value :  2.91260e-07
 Reference value :  2.92760e-07
 Reference value :  2.94260e-07
 Reference value :  2.95760e-07
 Reference value :  2.96760e-07
 Reference value :  2.98260e-07
 Reference value :  2.99760e-07
 Reference value :  3.01260e-07
 Reference value :  3.02260e-07
 Reference value :  3.03760e-07
 Reference value :  3.05260e-07
 Reference value :  3.06760e-07
 Reference value :  3.07760e-07
 Reference value :  3.09260e-07
 Reference value :  3.10760e-07
 Reference value :  3.12260e-07
 Reference value :  3.13760e-07
 Reference value :  3.15260e-07
 Reference value :  3.16760e-07
 Reference value :  3.18260e-07
 Reference value :  3.19760e-07
 Reference value :  3.20760e-07
 Reference value :  3.22260e-07
 Reference value :  3.23760e-07
 Reference value :  3.25260e-07
 Reference value :  3.27260e-07
 Reference value :  3.28260e-07
 Reference value :  3.29760e-07
 Reference value :  3.31260e-07
 Reference value :  3.32760e-07
 Reference value :  3.34260e-07
 Reference value :  3.35760e-07
 Reference value :  3.37260e-07
 Reference value :  3.38760e-07
 Reference value :  3.40260e-07
 Reference value :  3.41760e-07
 Reference value :  3.43760e-07
 Reference value :  3.45260e-07
 Reference value :  3.46260e-07
 Reference value :  3.47260e-07
 Reference value :  3.50760e-07
 Reference value :  3.53260e-07
 Reference value :  3.54760e-07
 Reference value :  3.55760e-07
 Reference value :  3.57260e-07
 Reference value :  3.58760e-07
 Reference value :  3.60260e-07
 Reference value :  3.61760e-07
 Reference value :  3.63260e-07
 Reference value :  3.64760e-07
 Reference value :  3.66260e-07
 Reference value :  3.67760e-07
 Reference value :  3.69260e-07
 Reference value :  3.70760e-07
 Reference value :  3.71760e-07
 Reference value :  3.72760e-07
 Reference value :  3.74260e-07
 Reference value :  3.75760e-07
 Reference value :  3.76760e-07
 Reference value :  3.78260e-07
 Reference value :  3.79760e-07
 Reference value :  3.80760e-07
 Reference value :  3.82260e-07
 Reference value :  3.83760e-07
 Reference value :  3.84760e-07
 Reference value :  3.86260e-07
 Reference value :  3.87760e-07
 Reference value :  3.89260e-07
 Reference value :  3.90260e-07
 Reference value :  3.91760e-07
 Reference value :  3.93760e-07
 Reference value :  3.95760e-07
 Reference value :  3.96760e-07
 Reference value :  3.98760e-07
 Reference value :  4.00260e-07
 Reference value :  4.02760e-07
 Reference value :  4.04760e-07
 Reference value :  4.05760e-07
 Reference value :  4.07260e-07
 Reference value :  4.08760e-07
 Reference value :  4.10260e-07
 Reference value :  4.11760e-07
 Reference value :  4.13260e-07
 Reference value :  4.14760e-07
 Reference value :  4.15760e-07
 Reference value :  4.16760e-07
 Reference value :  4.17760e-07
 Reference value :  4.19260e-07
 Reference value :  4.20260e-07
 Reference value :  4.21760e-07
 Reference value :  4.23260e-07
 Reference value :  4.24760e-07
 Reference value :  4.26260e-07
 Reference value :  4.27760e-07
 Reference value :  4.29260e-07
 Reference value :  4.30760e-07
 Reference value :  4.32260e-07
 Reference value :  4.33760e-07
 Reference value :  4.35260e-07
 Reference value :  4.36760e-07
 Reference value :  4.38260e-07
 Reference value :  4.39760e-07
 Reference value :  4.41260e-07
 Reference value :  4.43260e-07
 Reference value :  4.47260e-07
 Reference value :  4.50760e-07
 Reference value :  4.53260e-07
 Reference value :  4.55260e-07
 Reference value :  4.56760e-07
 Reference value :  4.58260e-07
 Reference value :  4.59760e-07
 Reference value :  4.60760e-07
 Reference value :  4.62260e-07
 Reference value :  4.63260e-07
 Reference value :  4.64760e-07
 Reference value :  4.66260e-07
 Reference value :  4.67760e-07
 Reference value :  4.70760e-07
 Reference value :  4.74260e-07
 Reference value :  4.80760e-07
 Reference value :  4.86760e-07
 Reference value :  4.88260e-07
 Reference value :  4.89760e-07
 Reference value :  4.91260e-07
 Reference value :  4.92760e-07
 Reference value :  4.94260e-07
 Reference value :  4.95760e-07
 Reference value :  4.97260e-07
 Reference value :  4.98260e-07
 Reference value :  4.99630e-07
No. of Data Rows : 1026
vtop_p_0            =  9.00000e-01
vtop_n_0            =  2.69718e+00
vtop_p_1            =  9.03497e-01
vtop_n_1            =  2.69364e+00
vtop_p_2            =  9.07007e-01
vtop_n_2            =  2.69012e+00
vtop_p_3            =  9.10545e-01
vtop_n_3            =  2.68660e+00
vtop_p_4            =  9.14120e-01
vtop_n_4            =  2.68302e+00
vtop_p_7            =  9.24706e-01
vtop_n_7            =  2.67244e+00
vtop_p_8            =  9.28320e-01
vtop_n_8            =  2.66891e+00
vtop_p_15           =  9.52840e-01
vtop_n_15           =  2.64433e+00
vtop_p_16           =  9.56329e-01
vtop_n_16           =  2.64070e+00
vtop_p_31           =  1.00920e+00
vtop_n_31           =  2.58811e+00
vtop_p_32           =  1.01242e+00
vtop_n_32           =  2.58481e+00
vtop_p_63           =  1.12194e+00
vtop_n_63           =  2.47484e+00
vtop_p_64           =  1.12440e+00
vtop_n_64           =  2.47140e+00
vtop_p_127          =  1.34766e+00
vtop_n_127          =  2.24959e+00
vtop_p_128          =  1.34993e+00
vtop_n_128          =  2.24619e+00
vtop_p_255          =  1.79772e+00
vtop_n_255          =  1.80098e+00
vtop_p_256          =  1.80162e+00
vtop_n_256          =  1.79655e+00
vtop_p_383          =  2.24753e+00
vtop_n_383          =  1.35120e+00
vtop_p_384          =  2.25031e+00
vtop_n_384          =  1.34671e+00
vtop_p_385          =  2.25418e+00
vtop_n_385          =  1.34357e+00
vtop_p_510          =  2.69368e+00
vtop_n_510          =  9.03503e-01
vtop_p_511          =  2.69717e+00
vtop_n_511          =  9.00000e-01
Note: Simulation executed from .control section 
