
Note: Compatibility modes selected: hs a


Circuit: * cdac-array-transfer monte carlo -- corner=tt_mm temp=27.0c supply=1.8v seed=2 (issue #29)

option SCALE: Scale is set to 1e-06 for instance and model parameters
option SCALE: Scale is set to 1e-06 for instance and model parameters
option SCALE: Scale is set to 1e-06 for instance and model parameters
option SCALE: Scale is set to 1e-06 for instance and model parameters
Doing analysis at TEMP = 27.000000 and TNOM = 27.000000

Using KLU as Direct Linear Solver
 Reference value :  0.00000e+00
 Reference value :  2.00000e-11
 Reference value :  1.60000e-10
 Reference value :  9.00000e-10
 Reference value :  9.69931e-10
 Reference value :  9.87309e-10
 Reference value :  1.04259e-09
 Reference value :  1.10000e-09
 Reference value :  1.10911e-09
 Reference value :  1.14556e-09
 Reference value :  1.23073e-09
 Reference value :  1.38700e-09
 Reference value :  1.68403e-09
 Reference value :  2.25190e-09
 Reference value :  3.75190e-09
 Reference value :  5.25190e-09
 Reference value :  6.75190e-09
 Reference value :  8.25190e-09
 Reference value :  9.75190e-09
 Reference value :  1.12519e-08
 Reference value :  1.27519e-08
 Reference value :  1.37519e-08
 Reference value :  1.52519e-08
 Reference value :  1.62519e-08
 Reference value :  1.72519e-08
 Reference value :  1.82519e-08
 Reference value :  1.97519e-08
 Reference value :  2.12519e-08
 Reference value :  2.22519e-08
 Reference value :  2.32519e-08
 Reference value :  2.47519e-08
 Reference value :  2.57519e-08
 Reference value :  2.67519e-08
 Reference value :  2.77519e-08
 Reference value :  2.92519e-08
 Reference value :  3.07519e-08
 Reference value :  3.17519e-08
 Reference value :  3.27519e-08
 Reference value :  3.37519e-08
 Reference value :  3.47519e-08
 Reference value :  3.62519e-08
 Reference value :  3.72519e-08
 Reference value :  3.87519e-08
 Reference value :  3.97519e-08
 Reference value :  4.07519e-08
 Reference value :  4.17519e-08
 Reference value :  4.27519e-08
 Reference value :  4.37519e-08
 Reference value :  4.47519e-08
 Reference value :  4.62519e-08
 Reference value :  4.72519e-08
 Reference value :  4.82519e-08
 Reference value :  4.97519e-08
 Reference value :  5.07519e-08
 Reference value :  5.17519e-08
 Reference value :  5.27519e-08
 Reference value :  5.42519e-08
 Reference value :  5.52519e-08
 Reference value :  5.62519e-08
 Reference value :  5.72519e-08
 Reference value :  5.82519e-08
 Reference value :  5.92519e-08
 Reference value :  6.02519e-08
 Reference value :  6.12519e-08
 Reference value :  6.27519e-08
 Reference value :  6.42519e-08
 Reference value :  6.57519e-08
 Reference value :  6.67519e-08
 Reference value :  6.77519e-08
 Reference value :  6.92519e-08
 Reference value :  7.07519e-08
 Reference value :  7.17519e-08
 Reference value :  7.27519e-08
 Reference value :  7.42519e-08
 Reference value :  7.52519e-08
 Reference value :  7.62519e-08
 Reference value :  7.77519e-08
 Reference value :  7.92519e-08
 Reference value :  8.07519e-08
 Reference value :  8.17519e-08
 Reference value :  8.27519e-08
 Reference value :  8.37519e-08
 Reference value :  8.47519e-08
 Reference value :  8.57519e-08
 Reference value :  8.67519e-08
 Reference value :  8.77519e-08
 Reference value :  8.87519e-08
 Reference value :  8.97519e-08
 Reference value :  9.07519e-08
 Reference value :  9.17519e-08
 Reference value :  9.27519e-08
 Reference value :  9.42519e-08
 Reference value :  9.52519e-08
 Reference value :  9.62519e-08
 Reference value :  9.77519e-08
 Reference value :  9.87519e-08
 Reference value :  9.97519e-08
 Reference value :  1.01252e-07
 Reference value :  1.02752e-07
 Reference value :  1.03752e-07
 Reference value :  1.04752e-07
 Reference value :  1.05752e-07
 Reference value :  1.07252e-07
 Reference value :  1.08252e-07
 Reference value :  1.09252e-07
 Reference value :  1.10752e-07
 Reference value :  1.11752e-07
 Reference value :  1.12752e-07
 Reference value :  1.13752e-07
 Reference value :  1.14752e-07
 Reference value :  1.15752e-07
 Reference value :  1.17252e-07
 Reference value :  1.18252e-07
 Reference value :  1.19752e-07
 Reference value :  1.21252e-07
 Reference value :  1.22252e-07
 Reference value :  1.23752e-07
 Reference value :  1.24752e-07
 Reference value :  1.25752e-07
 Reference value :  1.26752e-07
 Reference value :  1.28252e-07
 Reference value :  1.29752e-07
 Reference value :  1.31752e-07
 Reference value :  1.33252e-07
 Reference value :  1.34252e-07
 Reference value :  1.35752e-07
 Reference value :  1.36752e-07
 Reference value :  1.37752e-07
 Reference value :  1.39252e-07
 Reference value :  1.40752e-07
 Reference value :  1.41752e-07
 Reference value :  1.42752e-07
 Reference value :  1.43752e-07
 Reference value :  1.44752e-07
 Reference value :  1.45752e-07
 Reference value :  1.46752e-07
 Reference value :  1.47752e-07
 Reference value :  1.49252e-07
 Reference value :  1.50252e-07
 Reference value :  1.51252e-07
 Reference value :  1.52252e-07
 Reference value :  1.53752e-07
 Reference value :  1.55252e-07
 Reference value :  1.56752e-07
 Reference value :  1.58252e-07
 Reference value :  1.59752e-07
 Reference value :  1.61252e-07
 Reference value :  1.62752e-07
 Reference value :  1.64252e-07
 Reference value :  1.65752e-07
 Reference value :  1.66752e-07
 Reference value :  1.68252e-07
 Reference value :  1.69252e-07
 Reference value :  1.70252e-07
 Reference value :  1.71252e-07
 Reference value :  1.72752e-07
 Reference value :  1.73752e-07
 Reference value :  1.75252e-07
 Reference value :  1.76752e-07
 Reference value :  1.77752e-07
 Reference value :  1.79252e-07
 Reference value :  1.80752e-07
 Reference value :  1.82252e-07
 Reference value :  1.83752e-07
 Reference value :  1.85252e-07
 Reference value :  1.86252e-07
 Reference value :  1.87252e-07
 Reference value :  1.88752e-07
 Reference value :  1.90252e-07
 Reference value :  1.91752e-07
 Reference value :  1.93252e-07
 Reference value :  1.94752e-07
 Reference value :  1.96252e-07
 Reference value :  1.97752e-07
 Reference value :  1.98752e-07
 Reference value :  2.00252e-07
 Reference value :  2.01252e-07
 Reference value :  2.02252e-07
 Reference value :  2.03752e-07
 Reference value :  2.04752e-07
 Reference value :  2.06252e-07
 Reference value :  2.07252e-07
 Reference value :  2.08252e-07
 Reference value :  2.09252e-07
 Reference value :  2.10752e-07
 Reference value :  2.12252e-07
 Reference value :  2.13752e-07
 Reference value :  2.14752e-07
 Reference value :  2.16252e-07
 Reference value :  2.17752e-07
 Reference value :  2.18752e-07
 Reference value :  2.20252e-07
 Reference value :  2.21752e-07
 Reference value :  2.23252e-07
 Reference value :  2.24752e-07
 Reference value :  2.26252e-07
 Reference value :  2.27752e-07
 Reference value :  2.28752e-07
 Reference value :  2.30252e-07
 Reference value :  2.31252e-07
 Reference value :  2.32252e-07
 Reference value :  2.33752e-07
 Reference value :  2.34752e-07
 Reference value :  2.35752e-07
 Reference value :  2.37252e-07
 Reference value :  2.38752e-07
 Reference value :  2.40252e-07
 Reference value :  2.41252e-07
 Reference value :  2.42752e-07
 Reference value :  2.43752e-07
 Reference value :  2.44752e-07
 Reference value :  2.45752e-07
 Reference value :  2.46752e-07
 Reference value :  2.47752e-07
 Reference value :  2.48752e-07
 Reference value :  2.50252e-07
 Reference value :  2.51752e-07
 Reference value :  2.52752e-07
 Reference value :  2.53752e-07
 Reference value :  2.55252e-07
 Reference value :  2.56752e-07
 Reference value :  2.58252e-07
 Reference value :  2.59252e-07
 Reference value :  2.60252e-07
 Reference value :  2.61252e-07
 Reference value :  2.62252e-07
 Reference value :  2.63252e-07
 Reference value :  2.64252e-07
 Reference value :  2.65752e-07
 Reference value :  2.67252e-07
 Reference value :  2.68752e-07
 Reference value :  2.69752e-07
 Reference value :  2.71252e-07
 Reference value :  2.72252e-07
 Reference value :  2.73252e-07
 Reference value :  2.74752e-07
 Reference value :  2.75752e-07
 Reference value :  2.77252e-07
 Reference value :  2.78252e-07
 Reference value :  2.79252e-07
 Reference value :  2.80752e-07
 Reference value :  2.81752e-07
 Reference value :  2.82752e-07
 Reference value :  2.83752e-07
 Reference value :  2.84752e-07
 Reference value :  2.86252e-07
 Reference value :  2.87252e-07
 Reference value :  2.88752e-07
 Reference value :  2.89752e-07
 Reference value :  2.90752e-07
 Reference value :  2.91752e-07
 Reference value :  2.92752e-07
 Reference value :  2.94252e-07
 Reference value :  2.95252e-07
 Reference value :  2.96252e-07
 Reference value :  2.97752e-07
 Reference value :  2.99252e-07
 Reference value :  3.00752e-07
 Reference value :  3.01752e-07
 Reference value :  3.03252e-07
 Reference value :  3.04752e-07
 Reference value :  3.05752e-07
 Reference value :  3.07252e-07
 Reference value :  3.08752e-07
 Reference value :  3.10252e-07
 Reference value :  3.11252e-07
 Reference value :  3.12252e-07
 Reference value :  3.13252e-07
 Reference value :  3.14752e-07
 Reference value :  3.15752e-07
 Reference value :  3.16752e-07
 Reference value :  3.17752e-07
 Reference value :  3.19252e-07
 Reference value :  3.20752e-07
 Reference value :  3.22252e-07
 Reference value :  3.23752e-07
 Reference value :  3.25752e-07
 Reference value :  3.26752e-07
 Reference value :  3.27752e-07
 Reference value :  3.28752e-07
 Reference value :  3.29752e-07
 Reference value :  3.31252e-07
 Reference value :  3.32752e-07
 Reference value :  3.33752e-07
 Reference value :  3.34752e-07
 Reference value :  3.35752e-07
 Reference value :  3.36752e-07
 Reference value :  3.38252e-07
 Reference value :  3.39252e-07
 Reference value :  3.40752e-07
 Reference value :  3.42252e-07
 Reference value :  3.43752e-07
 Reference value :  3.44752e-07
 Reference value :  3.45752e-07
 Reference value :  3.47252e-07
 Reference value :  3.48752e-07
 Reference value :  3.49752e-07
 Reference value :  3.50752e-07
 Reference value :  3.51752e-07
 Reference value :  3.53252e-07
 Reference value :  3.54752e-07
 Reference value :  3.56252e-07
 Reference value :  3.57752e-07
 Reference value :  3.59252e-07
 Reference value :  3.60252e-07
 Reference value :  3.61252e-07
 Reference value :  3.62752e-07
 Reference value :  3.63752e-07
 Reference value :  3.64752e-07
 Reference value :  3.65752e-07
 Reference value :  3.66752e-07
 Reference value :  3.67752e-07
 Reference value :  3.68752e-07
 Reference value :  3.69752e-07
 Reference value :  3.70752e-07
 Reference value :  3.71752e-07
 Reference value :  3.72752e-07
 Reference value :  3.73752e-07
 Reference value :  3.74752e-07
 Reference value :  3.75752e-07
 Reference value :  3.77252e-07
 Reference value :  3.78252e-07
 Reference value :  3.79252e-07
 Reference value :  3.80252e-07
 Reference value :  3.81252e-07
 Reference value :  3.82252e-07
 Reference value :  3.83252e-07
 Reference value :  3.84752e-07
 Reference value :  3.85752e-07
 Reference value :  3.86752e-07
 Reference value :  3.87752e-07
 Reference value :  3.89252e-07
 Reference value :  3.90752e-07
 Reference value :  3.92252e-07
 Reference value :  3.93252e-07
 Reference value :  3.94252e-07
 Reference value :  3.95252e-07
 Reference value :  3.96252e-07
 Reference value :  3.97252e-07
 Reference value :  3.98752e-07
 Reference value :  4.00252e-07
 Reference value :  4.01752e-07
 Reference value :  4.02752e-07
 Reference value :  4.04252e-07
 Reference value :  4.05752e-07
 Reference value :  4.06752e-07
 Reference value :  4.07752e-07
 Reference value :  4.08752e-07
 Reference value :  4.09752e-07
 Reference value :  4.10752e-07
 Reference value :  4.11752e-07
 Reference value :  4.12752e-07
 Reference value :  4.13752e-07
 Reference value :  4.14752e-07
 Reference value :  4.15752e-07
 Reference value :  4.17252e-07
 Reference value :  4.18252e-07
 Reference value :  4.19252e-07
 Reference value :  4.20252e-07
 Reference value :  4.21252e-07
 Reference value :  4.22252e-07
 Reference value :  4.23252e-07
 Reference value :  4.24252e-07
 Reference value :  4.25252e-07
 Reference value :  4.26252e-07
 Reference value :  4.27252e-07
 Reference value :  4.28252e-07
 Reference value :  4.29252e-07
 Reference value :  4.30252e-07
 Reference value :  4.31752e-07
 Reference value :  4.32752e-07
 Reference value :  4.34252e-07
 Reference value :  4.35252e-07
 Reference value :  4.36252e-07
 Reference value :  4.37252e-07
 Reference value :  4.38252e-07
 Reference value :  4.39252e-07
 Reference value :  4.40252e-07
 Reference value :  4.41252e-07
 Reference value :  4.42252e-07
 Reference value :  4.43252e-07
 Reference value :  4.44252e-07
 Reference value :  4.45752e-07
 Reference value :  4.46752e-07
 Reference value :  4.47752e-07
 Reference value :  4.48752e-07
 Reference value :  4.49752e-07
 Reference value :  4.50752e-07
 Reference value :  4.52252e-07
 Reference value :  4.53752e-07
 Reference value :  4.54752e-07
 Reference value :  4.55752e-07
 Reference value :  4.56752e-07
 Reference value :  4.57752e-07
 Reference value :  4.58752e-07
 Reference value :  4.59752e-07
 Reference value :  4.60752e-07
 Reference value :  4.61752e-07
 Reference value :  4.62752e-07
 Reference value :  4.63752e-07
 Reference value :  4.65252e-07
 Reference value :  4.66752e-07
 Reference value :  4.67752e-07
 Reference value :  4.68752e-07
 Reference value :  4.70252e-07
 Reference value :  4.71252e-07
 Reference value :  4.72252e-07
 Reference value :  4.73252e-07
 Reference value :  4.74252e-07
 Reference value :  4.75252e-07
 Reference value :  4.76752e-07
 Reference value :  4.77752e-07
 Reference value :  4.79252e-07
 Reference value :  4.80252e-07
 Reference value :  4.81752e-07
 Reference value :  4.82752e-07
 Reference value :  4.83752e-07
 Reference value :  4.84752e-07
 Reference value :  4.85752e-07
 Reference value :  4.86752e-07
 Reference value :  4.87752e-07
 Reference value :  4.88752e-07
 Reference value :  4.89752e-07
 Reference value :  4.90752e-07
 Reference value :  4.91752e-07
 Reference value :  4.92752e-07
 Reference value :  4.93752e-07
 Reference value :  4.94752e-07
 Reference value :  4.95752e-07
 Reference value :  4.96752e-07
 Reference value :  4.98252e-07
 Reference value :  4.99626e-07
No. of Data Rows : 1026
vtop_p_0            =  9.00000e-01
vtop_n_0            =  2.69716e+00
vtop_p_1            =  9.03490e-01
vtop_n_1            =  2.69362e+00
vtop_p_2            =  9.07074e-01
vtop_n_2            =  2.69014e+00
vtop_p_3            =  9.10562e-01
vtop_n_3            =  2.68664e+00
vtop_p_4            =  9.14083e-01
vtop_n_4            =  2.68308e+00
vtop_p_7            =  9.24583e-01
vtop_n_7            =  2.67247e+00
vtop_p_8            =  9.28176e-01
vtop_n_8            =  2.66886e+00
vtop_p_15           =  9.53068e-01
vtop_n_15           =  2.64430e+00
vtop_p_16           =  9.56216e-01
vtop_n_16           =  2.64086e+00
vtop_p_31           =  1.00923e+00
vtop_n_31           =  2.58775e+00
vtop_p_32           =  1.01286e+00
vtop_n_32           =  2.58427e+00
vtop_p_63           =  1.12180e+00
vtop_n_63           =  2.47499e+00
vtop_p_64           =  1.12554e+00
vtop_n_64           =  2.47305e+00
vtop_p_127          =  1.34627e+00
vtop_n_127          =  2.24980e+00
vtop_p_128          =  1.35069e+00
vtop_n_128          =  2.24636e+00
vtop_p_255          =  1.79638e+00
vtop_n_255          =  1.79960e+00
vtop_p_256          =  1.79987e+00
vtop_n_256          =  1.79754e+00
vtop_p_383          =  2.24449e+00
vtop_n_383          =  1.34988e+00
vtop_p_384          =  2.24923e+00
vtop_n_384          =  1.34661e+00
vtop_p_385          =  2.25422e+00
vtop_n_385          =  1.34394e+00
vtop_p_510          =  2.69367e+00
vtop_n_510          =  9.03505e-01
vtop_p_511          =  2.69718e+00
vtop_n_511          =  9.00000e-01
Note: Simulation executed from .control section 
