
Note: Compatibility modes selected: hs a


Circuit: * cdac-array-transfer monte carlo -- corner=tt_mm temp=27.0c supply=1.8v seed=19 (issue #29)

option SCALE: Scale is set to 1e-06 for instance and model parameters
option SCALE: Scale is set to 1e-06 for instance and model parameters
option SCALE: Scale is set to 1e-06 for instance and model parameters
option SCALE: Scale is set to 1e-06 for instance and model parameters
Doing analysis at TEMP = 27.000000 and TNOM = 27.000000

Using KLU as Direct Linear Solver
 Reference value :  0.00000e+00
 Reference value :  4.00000e-11
 Reference value :  6.10000e-10
 Reference value :  9.60000e-10
 Reference value :  9.87309e-10
 Reference value :  1.04262e-09
 Reference value :  1.10000e-09
 Reference value :  1.10910e-09
 Reference value :  1.14550e-09
 Reference value :  1.23029e-09
 Reference value :  1.52151e-09
 Reference value :  1.94707e-09
 Reference value :  3.24754e-09
 Reference value :  4.24754e-09
 Reference value :  5.74754e-09
 Reference value :  7.24754e-09
 Reference value :  8.74754e-09
 Reference value :  1.02475e-08
 Reference value :  1.17475e-08
 Reference value :  1.32475e-08
 Reference value :  1.47475e-08
 Reference value :  1.62475e-08
 Reference value :  1.72475e-08
 Reference value :  1.87475e-08
 Reference value :  2.02475e-08
 Reference value :  2.17475e-08
 Reference value :  2.32475e-08
 Reference value :  2.47475e-08
 Reference value :  2.62475e-08
 Reference value :  2.77475e-08
 Reference value :  2.92475e-08
 Reference value :  3.17475e-08
 Reference value :  3.32475e-08
 Reference value :  3.47475e-08
 Reference value :  3.62475e-08
 Reference value :  3.72475e-08
 Reference value :  3.87475e-08
 Reference value :  4.02475e-08
 Reference value :  4.22475e-08
 Reference value :  4.37475e-08
 Reference value :  4.47475e-08
 Reference value :  4.62475e-08
 Reference value :  5.02475e-08
 Reference value :  5.22475e-08
 Reference value :  5.32475e-08
 Reference value :  5.47475e-08
 Reference value :  5.67475e-08
 Reference value :  5.82475e-08
 Reference value :  5.97475e-08
 Reference value :  6.27475e-08
 Reference value :  6.57475e-08
 Reference value :  6.82475e-08
 Reference value :  7.07475e-08
 Reference value :  7.22475e-08
 Reference value :  7.67475e-08
 Reference value :  8.02475e-08
 Reference value :  8.17475e-08
 Reference value :  8.27475e-08
 Reference value :  8.37475e-08
 Reference value :  8.47475e-08
 Reference value :  8.62475e-08
 Reference value :  8.77475e-08
 Reference value :  8.92475e-08
 Reference value :  9.07475e-08
 Reference value :  9.22475e-08
 Reference value :  9.32475e-08
 Reference value :  9.52475e-08
 Reference value :  9.72475e-08
 Reference value :  9.87475e-08
 Reference value :  9.97475e-08
 Reference value :  1.01248e-07
 Reference value :  1.02748e-07
 Reference value :  1.04748e-07
 Reference value :  1.06248e-07
 Reference value :  1.07248e-07
 Reference value :  1.08748e-07
 Reference value :  1.10248e-07
 Reference value :  1.11748e-07
 Reference value :  1.13248e-07
 Reference value :  1.14748e-07
 Reference value :  1.15748e-07
 Reference value :  1.17248e-07
 Reference value :  1.18248e-07
 Reference value :  1.19748e-07
 Reference value :  1.21248e-07
 Reference value :  1.22748e-07
 Reference value :  1.24248e-07
 Reference value :  1.25748e-07
 Reference value :  1.28748e-07
 Reference value :  1.30248e-07
 Reference value :  1.31748e-07
 Reference value :  1.33248e-07
 Reference value :  1.34748e-07
 Reference value :  1.35748e-07
 Reference value :  1.37248e-07
 Reference value :  1.38748e-07
 Reference value :  1.39748e-07
 Reference value :  1.41248e-07
 Reference value :  1.42748e-07
 Reference value :  1.44248e-07
 Reference value :  1.45748e-07
 Reference value :  1.47248e-07
 Reference value :  1.48748e-07
 Reference value :  1.49748e-07
 Reference value :  1.51248e-07
 Reference value :  1.52748e-07
 Reference value :  1.54248e-07
 Reference value :  1.55748e-07
 Reference value :  1.57748e-07
 Reference value :  1.59248e-07
 Reference value :  1.60248e-07
 Reference value :  1.61748e-07
 Reference value :  1.63248e-07
 Reference value :  1.64748e-07
 Reference value :  1.65748e-07
 Reference value :  1.67248e-07
 Reference value :  1.69748e-07
 Reference value :  1.71248e-07
 Reference value :  1.73248e-07
 Reference value :  1.75748e-07
 Reference value :  1.77248e-07
 Reference value :  1.78748e-07
 Reference value :  1.80248e-07
 Reference value :  1.82248e-07
 Reference value :  1.84748e-07
 Reference value :  1.85748e-07
 Reference value :  1.86748e-07
 Reference value :  1.88248e-07
 Reference value :  1.89748e-07
 Reference value :  1.91248e-07
 Reference value :  1.92748e-07
 Reference value :  1.94248e-07
 Reference value :  1.96248e-07
 Reference value :  1.97748e-07
 Reference value :  1.99748e-07
 Reference value :  2.01248e-07
 Reference value :  2.02748e-07
 Reference value :  2.04248e-07
 Reference value :  2.05748e-07
 Reference value :  2.07248e-07
 Reference value :  2.08248e-07
 Reference value :  2.09248e-07
 Reference value :  2.10748e-07
 Reference value :  2.12248e-07
 Reference value :  2.13748e-07
 Reference value :  2.15248e-07
 Reference value :  2.16748e-07
 Reference value :  2.21248e-07
 Reference value :  2.22748e-07
 Reference value :  2.24248e-07
 Reference value :  2.26748e-07
 Reference value :  2.28748e-07
 Reference value :  2.29748e-07
 Reference value :  2.30748e-07
 Reference value :  2.32248e-07
 Reference value :  2.33748e-07
 Reference value :  2.34748e-07
 Reference value :  2.36748e-07
 Reference value :  2.38248e-07
 Reference value :  2.42248e-07
 Reference value :  2.46748e-07
 Reference value :  2.47748e-07
 Reference value :  2.48748e-07
 Reference value :  2.50748e-07
 Reference value :  2.52248e-07
 Reference value :  2.53748e-07
 Reference value :  2.55248e-07
 Reference value :  2.56748e-07
 Reference value :  2.58248e-07
 Reference value :  2.59748e-07
 Reference value :  2.61248e-07
 Reference value :  2.62748e-07
 Reference value :  2.63748e-07
 Reference value :  2.65248e-07
 Reference value :  2.67248e-07
 Reference value :  2.68748e-07
 Reference value :  2.69748e-07
 Reference value :  2.70748e-07
 Reference value :  2.72248e-07
 Reference value :  2.73748e-07
 Reference value :  2.75248e-07
 Reference value :  2.78248e-07
 Reference value :  2.80248e-07
 Reference value :  2.81248e-07
 Reference value :  2.85748e-07
 Reference value :  2.87748e-07
 Reference value :  2.89248e-07
 Reference value :  2.90748e-07
 Reference value :  2.93748e-07
 Reference value :  2.95248e-07
 Reference value :  2.96748e-07
 Reference value :  2.98248e-07
 Reference value :  2.99748e-07
 Reference value :  3.01248e-07
 Reference value :  3.02748e-07
 Reference value :  3.04248e-07
 Reference value :  3.06248e-07
 Reference value :  3.07748e-07
 Reference value :  3.09248e-07
 Reference value :  3.10748e-07
 Reference value :  3.11748e-07
 Reference value :  3.13248e-07
 Reference value :  3.14748e-07
 Reference value :  3.16248e-07
 Reference value :  3.17748e-07
 Reference value :  3.19248e-07
 Reference value :  3.20748e-07
 Reference value :  3.22248e-07
 Reference value :  3.23748e-07
 Reference value :  3.25248e-07
 Reference value :  3.26748e-07
 Reference value :  3.28248e-07
 Reference value :  3.29748e-07
 Reference value :  3.30748e-07
 Reference value :  3.32248e-07
 Reference value :  3.33748e-07
 Reference value :  3.34748e-07
 Reference value :  3.36748e-07
 Reference value :  3.41748e-07
 Reference value :  3.43248e-07
 Reference value :  3.44748e-07
 Reference value :  3.46248e-07
 Reference value :  3.47748e-07
 Reference value :  3.49748e-07
 Reference value :  3.52248e-07
 Reference value :  3.54748e-07
 Reference value :  3.56248e-07
 Reference value :  3.57748e-07
 Reference value :  3.59248e-07
 Reference value :  3.60248e-07
 Reference value :  3.61748e-07
 Reference value :  3.62748e-07
 Reference value :  3.63748e-07
 Reference value :  3.65248e-07
 Reference value :  3.66748e-07
 Reference value :  3.68248e-07
 Reference value :  3.69748e-07
 Reference value :  3.71248e-07
 Reference value :  3.72748e-07
 Reference value :  3.74248e-07
 Reference value :  3.75748e-07
 Reference value :  3.76748e-07
 Reference value :  3.78248e-07
 Reference value :  3.79748e-07
 Reference value :  3.81248e-07
 Reference value :  3.82748e-07
 Reference value :  3.84248e-07
 Reference value :  3.85248e-07
 Reference value :  3.87248e-07
 Reference value :  3.88748e-07
 Reference value :  3.89748e-07
 Reference value :  3.90748e-07
 Reference value :  3.94248e-07
 Reference value :  3.96748e-07
 Reference value :  3.98248e-07
 Reference value :  3.99748e-07
 Reference value :  4.01248e-07
 Reference value :  4.03248e-07
 Reference value :  4.04748e-07
 Reference value :  4.06248e-07
 Reference value :  4.07248e-07
 Reference value :  4.08748e-07
 Reference value :  4.10248e-07
 Reference value :  4.11748e-07
 Reference value :  4.13248e-07
 Reference value :  4.14748e-07
 Reference value :  4.16248e-07
 Reference value :  4.17748e-07
 Reference value :  4.19248e-07
 Reference value :  4.20748e-07
 Reference value :  4.22248e-07
 Reference value :  4.23748e-07
 Reference value :  4.25248e-07
 Reference value :  4.26748e-07
 Reference value :  4.28248e-07
 Reference value :  4.29748e-07
 Reference value :  4.31248e-07
 Reference value :  4.32748e-07
 Reference value :  4.34248e-07
 Reference value :  4.35748e-07
 Reference value :  4.37248e-07
 Reference value :  4.38748e-07
 Reference value :  4.40248e-07
 Reference value :  4.41748e-07
 Reference value :  4.43248e-07
 Reference value :  4.44748e-07
 Reference value :  4.46248e-07
 Reference value :  4.47248e-07
 Reference value :  4.48748e-07
 Reference value :  4.50248e-07
 Reference value :  4.51248e-07
 Reference value :  4.52748e-07
 Reference value :  4.54748e-07
 Reference value :  4.57748e-07
 Reference value :  4.62248e-07
 Reference value :  4.65248e-07
 Reference value :  4.68248e-07
 Reference value :  4.71748e-07
 Reference value :  4.74748e-07
 Reference value :  4.77248e-07
 Reference value :  4.79248e-07
 Reference value :  4.80748e-07
 Reference value :  4.82248e-07
 Reference value :  4.84248e-07
 Reference value :  4.87748e-07
 Reference value :  4.91748e-07
 Reference value :  4.94748e-07
 Reference value :  4.98248e-07
No. of Data Rows : 1026
vtop_p_0            =  9.00000e-01
vtop_n_0            =  2.69721e+00
vtop_p_1            =  9.03503e-01
vtop_n_1            =  2.69365e+00
vtop_p_2            =  9.07017e-01
vtop_n_2            =  2.69013e+00
vtop_p_3            =  9.10530e-01
vtop_n_3            =  2.68659e+00
vtop_p_4            =  9.14047e-01
vtop_n_4            =  2.68302e+00
vtop_p_7            =  9.24647e-01
vtop_n_7            =  2.67261e+00
vtop_p_8            =  9.28299e-01
vtop_n_8            =  2.66898e+00
vtop_p_15           =  9.52780e-01
vtop_n_15           =  2.64423e+00
vtop_p_16           =  9.56498e-01
vtop_n_16           =  2.64113e+00
vtop_p_31           =  1.00904e+00
vtop_n_31           =  2.58806e+00
vtop_p_32           =  1.01327e+00
vtop_n_32           =  2.58466e+00
vtop_p_63           =  1.12201e+00
vtop_n_63           =  2.47557e+00
vtop_p_64           =  1.12473e+00
vtop_n_64           =  2.47186e+00
vtop_p_127          =  1.34665e+00
vtop_n_127          =  2.24857e+00
vtop_p_128          =  1.35083e+00
vtop_n_128          =  2.24669e+00
vtop_p_255          =  1.79380e+00
vtop_n_255          =  1.79933e+00
vtop_p_256          =  1.80100e+00
vtop_n_256          =  1.79666e+00
vtop_p_383          =  2.24698e+00
vtop_n_383          =  1.34878e+00
vtop_p_384          =  2.24999e+00
vtop_n_384          =  1.34695e+00
vtop_p_385          =  2.25349e+00
vtop_n_385          =  1.34291e+00
vtop_p_510          =  2.69367e+00
vtop_n_510          =  9.03514e-01
vtop_p_511          =  2.69716e+00
vtop_n_511          =  9.00000e-01
Note: Simulation executed from .control section 
