
Note: Compatibility modes selected: hs a


Circuit: * cdac-array-transfer monte carlo -- corner=tt_mm temp=27.0c supply=1.8v seed=22 (issue #29)

option SCALE: Scale is set to 1e-06 for instance and model parameters
option SCALE: Scale is set to 1e-06 for instance and model parameters
option SCALE: Scale is set to 1e-06 for instance and model parameters
option SCALE: Scale is set to 1e-06 for instance and model parameters
Doing analysis at TEMP = 27.000000 and TNOM = 27.000000

Using KLU as Direct Linear Solver
 Reference value :  0.00000e+00
 Reference value :  2.00000e-11
 Reference value :  1.60000e-10
 Reference value :  9.00000e-10
 Reference value :  9.60000e-10
 Reference value :  9.87309e-10
 Reference value :  1.04287e-09
 Reference value :  1.10000e-09
 Reference value :  1.12143e-09
 Reference value :  1.18164e-09
 Reference value :  1.38876e-09
 Reference value :  1.68636e-09
 Reference value :  2.25809e-09
 Reference value :  3.75809e-09
 Reference value :  5.25809e-09
 Reference value :  6.75809e-09
 Reference value :  8.25809e-09
 Reference value :  9.75809e-09
 Reference value :  1.12581e-08
 Reference value :  1.27581e-08
 Reference value :  1.42581e-08
 Reference value :  1.62581e-08
 Reference value :  1.82581e-08
 Reference value :  1.97581e-08
 Reference value :  2.07581e-08
 Reference value :  2.22581e-08
 Reference value :  2.37581e-08
 Reference value :  2.52581e-08
 Reference value :  2.67581e-08
 Reference value :  2.82581e-08
 Reference value :  2.97581e-08
 Reference value :  3.12581e-08
 Reference value :  3.27581e-08
 Reference value :  3.42581e-08
 Reference value :  3.52581e-08
 Reference value :  3.67581e-08
 Reference value :  3.77581e-08
 Reference value :  3.92581e-08
 Reference value :  4.07581e-08
 Reference value :  4.17581e-08
 Reference value :  4.32581e-08
 Reference value :  4.47581e-08
 Reference value :  4.62581e-08
 Reference value :  4.77581e-08
 Reference value :  4.92581e-08
 Reference value :  5.07581e-08
 Reference value :  5.22581e-08
 Reference value :  5.37581e-08
 Reference value :  5.52581e-08
 Reference value :  5.67581e-08
 Reference value :  5.82581e-08
 Reference value :  5.92581e-08
 Reference value :  6.07581e-08
 Reference value :  6.22581e-08
 Reference value :  6.37581e-08
 Reference value :  6.52581e-08
 Reference value :  6.62581e-08
 Reference value :  6.77581e-08
 Reference value :  6.87581e-08
 Reference value :  6.97581e-08
 Reference value :  7.12581e-08
 Reference value :  7.27581e-08
 Reference value :  7.42581e-08
 Reference value :  7.52581e-08
 Reference value :  7.67581e-08
 Reference value :  7.77581e-08
 Reference value :  7.92581e-08
 Reference value :  8.07581e-08
 Reference value :  8.22581e-08
 Reference value :  8.37581e-08
 Reference value :  8.52581e-08
 Reference value :  8.62581e-08
 Reference value :  8.77581e-08
 Reference value :  8.92581e-08
 Reference value :  9.07581e-08
 Reference value :  9.22581e-08
 Reference value :  9.37581e-08
 Reference value :  9.52581e-08
 Reference value :  9.67581e-08
 Reference value :  9.82581e-08
 Reference value :  9.97581e-08
 Reference value :  1.01258e-07
 Reference value :  1.02758e-07
 Reference value :  1.04258e-07
 Reference value :  1.05758e-07
 Reference value :  1.07258e-07
 Reference value :  1.09258e-07
 Reference value :  1.10758e-07
 Reference value :  1.12258e-07
 Reference value :  1.13758e-07
 Reference value :  1.15258e-07
 Reference value :  1.16258e-07
 Reference value :  1.17758e-07
 Reference value :  1.19258e-07
 Reference value :  1.20758e-07
 Reference value :  1.21758e-07
 Reference value :  1.23258e-07
 Reference value :  1.24758e-07
 Reference value :  1.26258e-07
 Reference value :  1.27758e-07
 Reference value :  1.29258e-07
 Reference value :  1.30758e-07
 Reference value :  1.31758e-07
 Reference value :  1.33258e-07
 Reference value :  1.34758e-07
 Reference value :  1.36258e-07
 Reference value :  1.37758e-07
 Reference value :  1.38758e-07
 Reference value :  1.39758e-07
 Reference value :  1.40758e-07
 Reference value :  1.42258e-07
 Reference value :  1.43758e-07
 Reference value :  1.45258e-07
 Reference value :  1.46758e-07
 Reference value :  1.48258e-07
 Reference value :  1.49258e-07
 Reference value :  1.50758e-07
 Reference value :  1.51758e-07
 Reference value :  1.53258e-07
 Reference value :  1.54758e-07
 Reference value :  1.56258e-07
 Reference value :  1.57758e-07
 Reference value :  1.59258e-07
 Reference value :  1.60758e-07
 Reference value :  1.62258e-07
 Reference value :  1.63758e-07
 Reference value :  1.65258e-07
 Reference value :  1.66758e-07
 Reference value :  1.67758e-07
 Reference value :  1.69258e-07
 Reference value :  1.70758e-07
 Reference value :  1.72258e-07
 Reference value :  1.73758e-07
 Reference value :  1.75258e-07
 Reference value :  1.76758e-07
 Reference value :  1.78258e-07
 Reference value :  1.79258e-07
 Reference value :  1.80258e-07
 Reference value :  1.81758e-07
 Reference value :  1.83258e-07
 Reference value :  1.84758e-07
 Reference value :  1.85758e-07
 Reference value :  1.87258e-07
 Reference value :  1.88758e-07
 Reference value :  1.90258e-07
 Reference value :  1.91258e-07
 Reference value :  1.92758e-07
 Reference value :  1.94258e-07
 Reference value :  1.95758e-07
 Reference value :  1.97258e-07
 Reference value :  1.98758e-07
 Reference value :  2.00258e-07
 Reference value :  2.01758e-07
 Reference value :  2.03258e-07
 Reference value :  2.04258e-07
 Reference value :  2.05758e-07
 Reference value :  2.06758e-07
 Reference value :  2.08258e-07
 Reference value :  2.09758e-07
 Reference value :  2.10758e-07
 Reference value :  2.11758e-07
 Reference value :  2.13258e-07
 Reference value :  2.14758e-07
 Reference value :  2.16258e-07
 Reference value :  2.17758e-07
 Reference value :  2.19258e-07
 Reference value :  2.20758e-07
 Reference value :  2.22258e-07
 Reference value :  2.23758e-07
 Reference value :  2.25258e-07
 Reference value :  2.26758e-07
 Reference value :  2.28258e-07
 Reference value :  2.29758e-07
 Reference value :  2.31258e-07
 Reference value :  2.32758e-07
 Reference value :  2.33758e-07
 Reference value :  2.35258e-07
 Reference value :  2.36758e-07
 Reference value :  2.38258e-07
 Reference value :  2.40258e-07
 Reference value :  2.41258e-07
 Reference value :  2.42758e-07
 Reference value :  2.43758e-07
 Reference value :  2.45258e-07
 Reference value :  2.46758e-07
 Reference value :  2.48258e-07
 Reference value :  2.49758e-07
 Reference value :  2.51258e-07
 Reference value :  2.52758e-07
 Reference value :  2.53758e-07
 Reference value :  2.55258e-07
 Reference value :  2.56758e-07
 Reference value :  2.58258e-07
 Reference value :  2.59758e-07
 Reference value :  2.60758e-07
 Reference value :  2.61758e-07
 Reference value :  2.63258e-07
 Reference value :  2.64258e-07
 Reference value :  2.65758e-07
 Reference value :  2.66758e-07
 Reference value :  2.68258e-07
 Reference value :  2.69758e-07
 Reference value :  2.70758e-07
 Reference value :  2.71758e-07
 Reference value :  2.72758e-07
 Reference value :  2.74258e-07
 Reference value :  2.75758e-07
 Reference value :  2.77258e-07
 Reference value :  2.78758e-07
 Reference value :  2.80258e-07
 Reference value :  2.81758e-07
 Reference value :  2.83258e-07
 Reference value :  2.84758e-07
 Reference value :  2.86258e-07
 Reference value :  2.87758e-07
 Reference value :  2.88758e-07
 Reference value :  2.89758e-07
 Reference value :  2.91258e-07
 Reference value :  2.92258e-07
 Reference value :  2.93758e-07
 Reference value :  2.95258e-07
 Reference value :  2.96758e-07
 Reference value :  2.97758e-07
 Reference value :  2.99258e-07
 Reference value :  3.00758e-07
 Reference value :  3.02258e-07
 Reference value :  3.03258e-07
 Reference value :  3.04258e-07
 Reference value :  3.05758e-07
 Reference value :  3.07258e-07
 Reference value :  3.08758e-07
 Reference value :  3.10258e-07
 Reference value :  3.11758e-07
 Reference value :  3.13258e-07
 Reference value :  3.14258e-07
 Reference value :  3.15758e-07
 Reference value :  3.16758e-07
 Reference value :  3.17758e-07
 Reference value :  3.18758e-07
 Reference value :  3.20258e-07
 Reference value :  3.21758e-07
 Reference value :  3.23258e-07
 Reference value :  3.24758e-07
 Reference value :  3.26258e-07
 Reference value :  3.27758e-07
 Reference value :  3.29258e-07
 Reference value :  3.30758e-07
 Reference value :  3.32258e-07
 Reference value :  3.33758e-07
 Reference value :  3.35258e-07
 Reference value :  3.36758e-07
 Reference value :  3.38258e-07
 Reference value :  3.39758e-07
 Reference value :  3.41258e-07
 Reference value :  3.42258e-07
 Reference value :  3.43258e-07
 Reference value :  3.44258e-07
 Reference value :  3.45758e-07
 Reference value :  3.46758e-07
 Reference value :  3.48258e-07
 Reference value :  3.49758e-07
 Reference value :  3.51258e-07
 Reference value :  3.52758e-07
 Reference value :  3.53758e-07
 Reference value :  3.55258e-07
 Reference value :  3.56758e-07
 Reference value :  3.58258e-07
 Reference value :  3.59758e-07
 Reference value :  3.61258e-07
 Reference value :  3.62758e-07
 Reference value :  3.63758e-07
 Reference value :  3.65258e-07
 Reference value :  3.66758e-07
 Reference value :  3.68258e-07
 Reference value :  3.69758e-07
 Reference value :  3.71258e-07
 Reference value :  3.72258e-07
 Reference value :  3.73258e-07
 Reference value :  3.74758e-07
 Reference value :  3.75758e-07
 Reference value :  3.77258e-07
 Reference value :  3.78758e-07
 Reference value :  3.80258e-07
 Reference value :  3.81258e-07
 Reference value :  3.82758e-07
 Reference value :  3.83758e-07
 Reference value :  3.85258e-07
 Reference value :  3.86758e-07
 Reference value :  3.87758e-07
 Reference value :  3.89258e-07
 Reference value :  3.90758e-07
 Reference value :  3.92258e-07
 Reference value :  3.93258e-07
 Reference value :  3.94758e-07
 Reference value :  3.95758e-07
 Reference value :  3.97258e-07
 Reference value :  3.98258e-07
 Reference value :  3.99758e-07
 Reference value :  4.00758e-07
 Reference value :  4.02258e-07
 Reference value :  4.03758e-07
 Reference value :  4.05258e-07
 Reference value :  4.06758e-07
 Reference value :  4.07758e-07
 Reference value :  4.08758e-07
 Reference value :  4.10258e-07
 Reference value :  4.11258e-07
 Reference value :  4.12758e-07
 Reference value :  4.13758e-07
 Reference value :  4.15258e-07
 Reference value :  4.16758e-07
 Reference value :  4.18258e-07
 Reference value :  4.19258e-07
 Reference value :  4.20258e-07
 Reference value :  4.21258e-07
 Reference value :  4.22258e-07
 Reference value :  4.23258e-07
 Reference value :  4.24258e-07
 Reference value :  4.25258e-07
 Reference value :  4.26258e-07
 Reference value :  4.27758e-07
 Reference value :  4.29258e-07
 Reference value :  4.30258e-07
 Reference value :  4.31258e-07
 Reference value :  4.32258e-07
 Reference value :  4.33258e-07
 Reference value :  4.34258e-07
 Reference value :  4.35258e-07
 Reference value :  4.36258e-07
 Reference value :  4.37258e-07
 Reference value :  4.38258e-07
 Reference value :  4.39258e-07
 Reference value :  4.40758e-07
 Reference value :  4.42258e-07
 Reference value :  4.43758e-07
 Reference value :  4.45258e-07
 Reference value :  4.46258e-07
 Reference value :  4.47758e-07
 Reference value :  4.49758e-07
 Reference value :  4.51258e-07
 Reference value :  4.52758e-07
 Reference value :  4.54258e-07
 Reference value :  4.55758e-07
 Reference value :  4.57258e-07
 Reference value :  4.58258e-07
 Reference value :  4.59258e-07
 Reference value :  4.60758e-07
 Reference value :  4.62258e-07
 Reference value :  4.63758e-07
 Reference value :  4.65258e-07
 Reference value :  4.66758e-07
 Reference value :  4.67758e-07
 Reference value :  4.69258e-07
 Reference value :  4.70758e-07
 Reference value :  4.72258e-07
 Reference value :  4.73758e-07
 Reference value :  4.74758e-07
 Reference value :  4.76258e-07
 Reference value :  4.77758e-07
 Reference value :  4.79258e-07
 Reference value :  4.80758e-07
 Reference value :  4.82258e-07
 Reference value :  4.83758e-07
 Reference value :  4.85258e-07
 Reference value :  4.86758e-07
 Reference value :  4.88258e-07
 Reference value :  4.89758e-07
 Reference value :  4.91258e-07
 Reference value :  4.92758e-07
 Reference value :  4.94258e-07
 Reference value :  4.95758e-07
 Reference value :  4.97258e-07
 Reference value :  4.98758e-07
 Reference value :  5.00000e-07
No. of Data Rows : 1026
vtop_p_0            =  9.00000e-01
vtop_n_0            =  2.69719e+00
vtop_p_1            =  9.03511e-01
vtop_n_1            =  2.69368e+00
vtop_p_2            =  9.07050e-01
vtop_n_2            =  2.69016e+00
vtop_p_3            =  9.10569e-01
vtop_n_3            =  2.68665e+00
vtop_p_4            =  9.14022e-01
vtop_n_4            =  2.68305e+00
vtop_p_7            =  9.24700e-01
vtop_n_7            =  2.67261e+00
vtop_p_8            =  9.28202e-01
vtop_n_8            =  2.66898e+00
vtop_p_15           =  9.52820e-01
vtop_n_15           =  2.64437e+00
vtop_p_16           =  9.56411e-01
vtop_n_16           =  2.64058e+00
vtop_p_31           =  1.00887e+00
vtop_n_31           =  2.58817e+00
vtop_p_32           =  1.01266e+00
vtop_n_32           =  2.58421e+00
vtop_p_63           =  1.12162e+00
vtop_n_63           =  2.47552e+00
vtop_p_64           =  1.12413e+00
vtop_n_64           =  2.47216e+00
vtop_p_127          =  1.34577e+00
vtop_n_127          =  2.25127e+00
vtop_p_128          =  1.35094e+00
vtop_n_128          =  2.24819e+00
vtop_p_255          =  1.79527e+00
vtop_n_255          =  1.79971e+00
vtop_p_256          =  1.80123e+00
vtop_n_256          =  1.79602e+00
vtop_p_383          =  2.24935e+00
vtop_n_383          =  1.34965e+00
vtop_p_384          =  2.25077e+00
vtop_n_384          =  1.34752e+00
vtop_p_385          =  2.25477e+00
vtop_n_385          =  1.34444e+00
vtop_p_510          =  2.69366e+00
vtop_n_510          =  9.03491e-01
vtop_p_511          =  2.69716e+00
vtop_n_511          =  9.00000e-01
Note: Simulation executed from .control section 
