
Note: Compatibility modes selected: hs a


Circuit: * cdac-array-transfer monte carlo -- corner=tt_mm temp=27.0c supply=1.8v seed=5 (issue #29)

option SCALE: Scale is set to 1e-06 for instance and model parameters
option SCALE: Scale is set to 1e-06 for instance and model parameters
option SCALE: Scale is set to 1e-06 for instance and model parameters
option SCALE: Scale is set to 1e-06 for instance and model parameters
Doing analysis at TEMP = 27.000000 and TNOM = 27.000000

Using KLU as Direct Linear Solver
 Reference value :  0.00000e+00
 Reference value :  2.00000e-11
 Reference value :  1.60000e-10
 Reference value :  9.00000e-10
 Reference value :  9.60000e-10
 Reference value :  9.87309e-10
 Reference value :  1.04336e-09
 Reference value :  1.10000e-09
 Reference value :  1.10926e-09
 Reference value :  1.14631e-09
 Reference value :  1.23192e-09
 Reference value :  1.38919e-09
 Reference value :  1.68833e-09
 Reference value :  2.26023e-09
 Reference value :  3.26023e-09
 Reference value :  4.26023e-09
 Reference value :  5.76023e-09
 Reference value :  6.76023e-09
 Reference value :  8.26023e-09
 Reference value :  9.26023e-09
 Reference value :  1.07602e-08
 Reference value :  1.17602e-08
 Reference value :  1.27602e-08
 Reference value :  1.37602e-08
 Reference value :  1.47602e-08
 Reference value :  1.57602e-08
 Reference value :  1.72602e-08
 Reference value :  1.82602e-08
 Reference value :  2.02602e-08
 Reference value :  2.17602e-08
 Reference value :  2.32602e-08
 Reference value :  2.42602e-08
 Reference value :  2.52602e-08
 Reference value :  2.67602e-08
 Reference value :  2.77602e-08
 Reference value :  2.92602e-08
 Reference value :  3.07602e-08
 Reference value :  3.17602e-08
 Reference value :  3.27602e-08
 Reference value :  3.37602e-08
 Reference value :  3.47602e-08
 Reference value :  3.57602e-08
 Reference value :  3.72602e-08
 Reference value :  3.82602e-08
 Reference value :  3.92602e-08
 Reference value :  4.02602e-08
 Reference value :  4.12602e-08
 Reference value :  4.22602e-08
 Reference value :  4.37602e-08
 Reference value :  4.47602e-08
 Reference value :  4.57602e-08
 Reference value :  4.72602e-08
 Reference value :  4.82602e-08
 Reference value :  4.92602e-08
 Reference value :  5.02602e-08
 Reference value :  5.12602e-08
 Reference value :  5.22602e-08
 Reference value :  5.37602e-08
 Reference value :  5.47602e-08
 Reference value :  5.57602e-08
 Reference value :  5.67602e-08
 Reference value :  5.77602e-08
 Reference value :  5.92602e-08
 Reference value :  6.02602e-08
 Reference value :  6.12602e-08
 Reference value :  6.22602e-08
 Reference value :  6.37602e-08
 Reference value :  6.47602e-08
 Reference value :  6.57602e-08
 Reference value :  6.72602e-08
 Reference value :  6.82602e-08
 Reference value :  6.92602e-08
 Reference value :  7.02602e-08
 Reference value :  7.12602e-08
 Reference value :  7.22602e-08
 Reference value :  7.32602e-08
 Reference value :  7.42602e-08
 Reference value :  7.52602e-08
 Reference value :  7.62602e-08
 Reference value :  7.77602e-08
 Reference value :  7.87602e-08
 Reference value :  8.02602e-08
 Reference value :  8.12602e-08
 Reference value :  8.22602e-08
 Reference value :  8.32602e-08
 Reference value :  8.42602e-08
 Reference value :  8.52602e-08
 Reference value :  8.67602e-08
 Reference value :  8.77602e-08
 Reference value :  8.87602e-08
 Reference value :  8.97602e-08
 Reference value :  9.07602e-08
 Reference value :  9.22602e-08
 Reference value :  9.32602e-08
 Reference value :  9.42602e-08
 Reference value :  9.57602e-08
 Reference value :  9.72602e-08
 Reference value :  9.87602e-08
 Reference value :  9.97602e-08
 Reference value :  1.00760e-07
 Reference value :  1.01760e-07
 Reference value :  1.03260e-07
 Reference value :  1.04260e-07
 Reference value :  1.05760e-07
 Reference value :  1.07260e-07
 Reference value :  1.08260e-07
 Reference value :  1.09260e-07
 Reference value :  1.10260e-07
 Reference value :  1.11760e-07
 Reference value :  1.12760e-07
 Reference value :  1.14260e-07
 Reference value :  1.15760e-07
 Reference value :  1.17260e-07
 Reference value :  1.18260e-07
 Reference value :  1.19260e-07
 Reference value :  1.20260e-07
 Reference value :  1.21260e-07
 Reference value :  1.22260e-07
 Reference value :  1.23260e-07
 Reference value :  1.24260e-07
 Reference value :  1.25260e-07
 Reference value :  1.26260e-07
 Reference value :  1.27260e-07
 Reference value :  1.28260e-07
 Reference value :  1.29260e-07
 Reference value :  1.30760e-07
 Reference value :  1.31760e-07
 Reference value :  1.32760e-07
 Reference value :  1.33760e-07
 Reference value :  1.34760e-07
 Reference value :  1.35760e-07
 Reference value :  1.36760e-07
 Reference value :  1.37760e-07
 Reference value :  1.38760e-07
 Reference value :  1.39760e-07
 Reference value :  1.40760e-07
 Reference value :  1.42260e-07
 Reference value :  1.43260e-07
 Reference value :  1.44260e-07
 Reference value :  1.45760e-07
 Reference value :  1.46760e-07
 Reference value :  1.48260e-07
 Reference value :  1.49260e-07
 Reference value :  1.50760e-07
 Reference value :  1.52260e-07
 Reference value :  1.53760e-07
 Reference value :  1.55260e-07
 Reference value :  1.56260e-07
 Reference value :  1.57260e-07
 Reference value :  1.58260e-07
 Reference value :  1.59760e-07
 Reference value :  1.61260e-07
 Reference value :  1.62260e-07
 Reference value :  1.63260e-07
 Reference value :  1.64260e-07
 Reference value :  1.65260e-07
 Reference value :  1.66260e-07
 Reference value :  1.67760e-07
 Reference value :  1.68760e-07
 Reference value :  1.69760e-07
 Reference value :  1.70760e-07
 Reference value :  1.71760e-07
 Reference value :  1.72760e-07
 Reference value :  1.73760e-07
 Reference value :  1.74760e-07
 Reference value :  1.75760e-07
 Reference value :  1.76760e-07
 Reference value :  1.77760e-07
 Reference value :  1.78760e-07
 Reference value :  1.79760e-07
 Reference value :  1.80760e-07
 Reference value :  1.81760e-07
 Reference value :  1.82760e-07
 Reference value :  1.83760e-07
 Reference value :  1.85260e-07
 Reference value :  1.86260e-07
 Reference value :  1.87260e-07
 Reference value :  1.88260e-07
 Reference value :  1.89260e-07
 Reference value :  1.90260e-07
 Reference value :  1.91760e-07
 Reference value :  1.93260e-07
 Reference value :  1.94260e-07
 Reference value :  1.95760e-07
 Reference value :  1.97260e-07
 Reference value :  1.98260e-07
 Reference value :  1.99260e-07
 Reference value :  2.00760e-07
 Reference value :  2.01760e-07
 Reference value :  2.02760e-07
 Reference value :  2.03760e-07
 Reference value :  2.04760e-07
 Reference value :  2.05760e-07
 Reference value :  2.06760e-07
 Reference value :  2.07760e-07
 Reference value :  2.08760e-07
 Reference value :  2.09760e-07
 Reference value :  2.10760e-07
 Reference value :  2.11760e-07
 Reference value :  2.13260e-07
 Reference value :  2.14260e-07
 Reference value :  2.15260e-07
 Reference value :  2.16260e-07
 Reference value :  2.17260e-07
 Reference value :  2.18260e-07
 Reference value :  2.19260e-07
 Reference value :  2.20260e-07
 Reference value :  2.21260e-07
 Reference value :  2.22260e-07
 Reference value :  2.23260e-07
 Reference value :  2.24260e-07
 Reference value :  2.25260e-07
 Reference value :  2.26260e-07
 Reference value :  2.27760e-07
 Reference value :  2.28760e-07
 Reference value :  2.29760e-07
 Reference value :  2.30760e-07
 Reference value :  2.31760e-07
 Reference value :  2.32760e-07
 Reference value :  2.33760e-07
 Reference value :  2.34760e-07
 Reference value :  2.35760e-07
 Reference value :  2.36760e-07
 Reference value :  2.37760e-07
 Reference value :  2.38760e-07
 Reference value :  2.39760e-07
 Reference value :  2.40760e-07
 Reference value :  2.41760e-07
 Reference value :  2.42760e-07
 Reference value :  2.43760e-07
 Reference value :  2.45260e-07
 Reference value :  2.46760e-07
 Reference value :  2.47760e-07
 Reference value :  2.48760e-07
 Reference value :  2.50260e-07
 Reference value :  2.51260e-07
 Reference value :  2.52260e-07
 Reference value :  2.53260e-07
 Reference value :  2.54260e-07
 Reference value :  2.55760e-07
 Reference value :  2.56760e-07
 Reference value :  2.57760e-07
 Reference value :  2.58760e-07
 Reference value :  2.59760e-07
 Reference value :  2.60760e-07
 Reference value :  2.61760e-07
 Reference value :  2.63260e-07
 Reference value :  2.64760e-07
 Reference value :  2.65760e-07
 Reference value :  2.66760e-07
 Reference value :  2.67760e-07
 Reference value :  2.68760e-07
 Reference value :  2.69760e-07
 Reference value :  2.70760e-07
 Reference value :  2.71760e-07
 Reference value :  2.72760e-07
 Reference value :  2.73760e-07
 Reference value :  2.74760e-07
 Reference value :  2.75760e-07
 Reference value :  2.76760e-07
 Reference value :  2.77760e-07
 Reference value :  2.78760e-07
 Reference value :  2.79760e-07
 Reference value :  2.80760e-07
 Reference value :  2.81760e-07
 Reference value :  2.82760e-07
 Reference value :  2.83760e-07
 Reference value :  2.84760e-07
 Reference value :  2.85760e-07
 Reference value :  2.86760e-07
 Reference value :  2.87760e-07
 Reference value :  2.88760e-07
 Reference value :  2.89760e-07
 Reference value :  2.90760e-07
 Reference value :  2.91760e-07
 Reference value :  2.92760e-07
 Reference value :  2.93760e-07
 Reference value :  2.94760e-07
 Reference value :  2.95760e-07
 Reference value :  2.96760e-07
 Reference value :  2.97760e-07
 Reference value :  2.99260e-07
 Reference value :  3.00260e-07
 Reference value :  3.01260e-07
 Reference value :  3.02260e-07
 Reference value :  3.03260e-07
 Reference value :  3.04260e-07
 Reference value :  3.05260e-07
 Reference value :  3.06260e-07
 Reference value :  3.07260e-07
 Reference value :  3.08760e-07
 Reference value :  3.09760e-07
 Reference value :  3.10760e-07
 Reference value :  3.11760e-07
 Reference value :  3.13260e-07
 Reference value :  3.14260e-07
 Reference value :  3.15260e-07
 Reference value :  3.16760e-07
 Reference value :  3.17760e-07
 Reference value :  3.19260e-07
 Reference value :  3.20260e-07
 Reference value :  3.21260e-07
 Reference value :  3.22260e-07
 Reference value :  3.23260e-07
 Reference value :  3.24760e-07
 Reference value :  3.25760e-07
 Reference value :  3.27260e-07
 Reference value :  3.28760e-07
 Reference value :  3.29760e-07
 Reference value :  3.31260e-07
 Reference value :  3.32260e-07
 Reference value :  3.33760e-07
 Reference value :  3.34760e-07
 Reference value :  3.35760e-07
 Reference value :  3.36760e-07
 Reference value :  3.37760e-07
 Reference value :  3.38760e-07
 Reference value :  3.39760e-07
 Reference value :  3.40760e-07
 Reference value :  3.41760e-07
 Reference value :  3.42760e-07
 Reference value :  3.43760e-07
 Reference value :  3.44760e-07
 Reference value :  3.46260e-07
 Reference value :  3.47260e-07
 Reference value :  3.48260e-07
 Reference value :  3.49260e-07
 Reference value :  3.50260e-07
 Reference value :  3.51260e-07
 Reference value :  3.52260e-07
 Reference value :  3.53260e-07
 Reference value :  3.54260e-07
 Reference value :  3.55260e-07
 Reference value :  3.56260e-07
 Reference value :  3.57260e-07
 Reference value :  3.58260e-07
 Reference value :  3.59260e-07
 Reference value :  3.60260e-07
 Reference value :  3.61260e-07
 Reference value :  3.62260e-07
 Reference value :  3.63260e-07
 Reference value :  3.64260e-07
 Reference value :  3.65260e-07
 Reference value :  3.66260e-07
 Reference value :  3.67260e-07
 Reference value :  3.68260e-07
 Reference value :  3.69260e-07
 Reference value :  3.70260e-07
 Reference value :  3.71260e-07
 Reference value :  3.72260e-07
 Reference value :  3.73260e-07
 Reference value :  3.74260e-07
 Reference value :  3.75260e-07
 Reference value :  3.76760e-07
 Reference value :  3.77760e-07
 Reference value :  3.78760e-07
 Reference value :  3.79760e-07
 Reference value :  3.80760e-07
 Reference value :  3.81760e-07
 Reference value :  3.83260e-07
 Reference value :  3.84260e-07
 Reference value :  3.85260e-07
 Reference value :  3.86260e-07
 Reference value :  3.87260e-07
 Reference value :  3.88760e-07
 Reference value :  3.90260e-07
 Reference value :  3.91260e-07
 Reference value :  3.92260e-07
 Reference value :  3.93260e-07
 Reference value :  3.94260e-07
 Reference value :  3.95760e-07
 Reference value :  3.96760e-07
 Reference value :  3.97760e-07
 Reference value :  3.98760e-07
 Reference value :  4.00260e-07
 Reference value :  4.01260e-07
 Reference value :  4.02260e-07
 Reference value :  4.03260e-07
 Reference value :  4.04260e-07
 Reference value :  4.05760e-07
 Reference value :  4.07260e-07
 Reference value :  4.08260e-07
 Reference value :  4.09760e-07
 Reference value :  4.10760e-07
 Reference value :  4.11760e-07
 Reference value :  4.12760e-07
 Reference value :  4.13760e-07
 Reference value :  4.14760e-07
 Reference value :  4.16260e-07
 Reference value :  4.17760e-07
 Reference value :  4.18760e-07
 Reference value :  4.20260e-07
 Reference value :  4.21260e-07
 Reference value :  4.22760e-07
 Reference value :  4.23760e-07
 Reference value :  4.24760e-07
 Reference value :  4.25760e-07
 Reference value :  4.27260e-07
 Reference value :  4.28260e-07
 Reference value :  4.29760e-07
 Reference value :  4.30760e-07
 Reference value :  4.31760e-07
 Reference value :  4.32760e-07
 Reference value :  4.33760e-07
 Reference value :  4.34760e-07
 Reference value :  4.35760e-07
 Reference value :  4.37260e-07
 Reference value :  4.38260e-07
 Reference value :  4.39260e-07
 Reference value :  4.40260e-07
 Reference value :  4.41260e-07
 Reference value :  4.42760e-07
 Reference value :  4.44260e-07
 Reference value :  4.45260e-07
 Reference value :  4.46760e-07
 Reference value :  4.47760e-07
 Reference value :  4.48760e-07
 Reference value :  4.49760e-07
 Reference value :  4.50760e-07
 Reference value :  4.51760e-07
 Reference value :  4.52760e-07
 Reference value :  4.53760e-07
 Reference value :  4.54760e-07
 Reference value :  4.55760e-07
 Reference value :  4.56760e-07
 Reference value :  4.58260e-07
 Reference value :  4.59760e-07
 Reference value :  4.60760e-07
 Reference value :  4.61760e-07
 Reference value :  4.62760e-07
 Reference value :  4.64260e-07
 Reference value :  4.65260e-07
 Reference value :  4.66260e-07
 Reference value :  4.67260e-07
 Reference value :  4.68260e-07
 Reference value :  4.69260e-07
 Reference value :  4.70260e-07
 Reference value :  4.71260e-07
 Reference value :  4.72260e-07
 Reference value :  4.73760e-07
 Reference value :  4.75260e-07
 Reference value :  4.76260e-07
 Reference value :  4.77760e-07
 Reference value :  4.78760e-07
 Reference value :  4.79760e-07
 Reference value :  4.80760e-07
 Reference value :  4.81760e-07
 Reference value :  4.82760e-07
 Reference value :  4.84260e-07
 Reference value :  4.85260e-07
 Reference value :  4.86260e-07
 Reference value :  4.87260e-07
 Reference value :  4.88260e-07
 Reference value :  4.89260e-07
 Reference value :  4.90260e-07
 Reference value :  4.91260e-07
 Reference value :  4.92260e-07
 Reference value :  4.93260e-07
 Reference value :  4.94260e-07
 Reference value :  4.95260e-07
 Reference value :  4.96260e-07
 Reference value :  4.97260e-07
 Reference value :  4.98260e-07
 Reference value :  4.99260e-07
 Reference value :  5.00000e-07
No. of Data Rows : 1026
vtop_p_0            =  9.00000e-01
vtop_n_0            =  2.69717e+00
vtop_p_1            =  9.03516e-01
vtop_n_1            =  2.69367e+00
vtop_p_2            =  9.07059e-01
vtop_n_2            =  2.69018e+00
vtop_p_3            =  9.10570e-01
vtop_n_3            =  2.68661e+00
vtop_p_4            =  9.14084e-01
vtop_n_4            =  2.68302e+00
vtop_p_7            =  9.24704e-01
vtop_n_7            =  2.67259e+00
vtop_p_8            =  9.28149e-01
vtop_n_8            =  2.66895e+00
vtop_p_15           =  9.52629e-01
vtop_n_15           =  2.64412e+00
vtop_p_16           =  9.56394e-01
vtop_n_16           =  2.64099e+00
vtop_p_31           =  1.00938e+00
vtop_n_31           =  2.58806e+00
vtop_p_32           =  1.01261e+00
vtop_n_32           =  2.58451e+00
vtop_p_63           =  1.12235e+00
vtop_n_63           =  2.47573e+00
vtop_p_64           =  1.12496e+00
vtop_n_64           =  2.47259e+00
vtop_p_127          =  1.34686e+00
vtop_n_127          =  2.24994e+00
vtop_p_128          =  1.35021e+00
vtop_n_128          =  2.24815e+00
vtop_p_255          =  1.79755e+00
vtop_n_255          =  1.79788e+00
vtop_p_256          =  1.80266e+00
vtop_n_256          =  1.79645e+00
vtop_p_383          =  2.24483e+00
vtop_n_383          =  1.34985e+00
vtop_p_384          =  2.25111e+00
vtop_n_384          =  1.34723e+00
vtop_p_385          =  2.25351e+00
vtop_n_385          =  1.34372e+00
vtop_p_510          =  2.69368e+00
vtop_n_510          =  9.03505e-01
vtop_p_511          =  2.69718e+00
vtop_n_511          =  9.00000e-01
Note: Simulation executed from .control section 
