
Note: Compatibility modes selected: hs a


Circuit: * cdac-array-transfer monte carlo -- corner=tt_mm temp=27.0c supply=1.8v seed=36 (issue #29)

option SCALE: Scale is set to 1e-06 for instance and model parameters
option SCALE: Scale is set to 1e-06 for instance and model parameters
option SCALE: Scale is set to 1e-06 for instance and model parameters
option SCALE: Scale is set to 1e-06 for instance and model parameters
Doing analysis at TEMP = 27.000000 and TNOM = 27.000000

Using KLU as Direct Linear Solver
 Reference value :  0.00000e+00
 Reference value :  1.60000e-10
 Reference value :  9.69931e-10
 Reference value :  1.10000e-09
 Reference value :  1.18367e-09
 Reference value :  1.53904e-09
 Reference value :  5.28143e-09
 Reference value :  9.28143e-09
 Reference value :  1.27814e-08
 Reference value :  1.52814e-08
 Reference value :  1.67814e-08
 Reference value :  1.82814e-08
 Reference value :  2.17814e-08
 Reference value :  2.37814e-08
 Reference value :  2.52814e-08
 Reference value :  2.92814e-08
 Reference value :  3.12814e-08
 Reference value :  3.52814e-08
 Reference value :  3.82814e-08
 Reference value :  4.07814e-08
 Reference value :  4.47814e-08
 Reference value :  4.92814e-08
 Reference value :  5.17814e-08
 Reference value :  5.57814e-08
 Reference value :  6.07814e-08
 Reference value :  6.67814e-08
 Reference value :  7.22814e-08
 Reference value :  7.87814e-08
 Reference value :  8.42814e-08
 Reference value :  8.92814e-08
 Reference value :  9.32814e-08
 Reference value :  9.62814e-08
 Reference value :  1.00281e-07
 Reference value :  1.05781e-07
 Reference value :  1.12281e-07
 Reference value :  1.18281e-07
 Reference value :  1.24281e-07
 Reference value :  1.29781e-07
 Reference value :  1.36281e-07
 Reference value :  1.41281e-07
 Reference value :  1.45781e-07
 Reference value :  1.50281e-07
 Reference value :  1.53781e-07
 Reference value :  1.59781e-07
 Reference value :  1.64781e-07
 Reference value :  1.67781e-07
 Reference value :  1.69781e-07
 Reference value :  1.75781e-07
 Reference value :  1.80781e-07
 Reference value :  1.83781e-07
 Reference value :  1.88781e-07
 Reference value :  1.94281e-07
 Reference value :  1.99781e-07
 Reference value :  2.05281e-07
 Reference value :  2.11281e-07
 Reference value :  2.16781e-07
 Reference value :  2.23281e-07
 Reference value :  2.24781e-07
 Reference value :  2.26781e-07
 Reference value :  2.30781e-07
 Reference value :  2.34281e-07
 Reference value :  2.36781e-07
 Reference value :  2.41281e-07
 Reference value :  2.45281e-07
 Reference value :  2.49281e-07
 Reference value :  2.52281e-07
 Reference value :  2.53781e-07
 Reference value :  2.55281e-07
 Reference value :  2.56781e-07
 Reference value :  2.58781e-07
 Reference value :  2.63281e-07
 Reference value :  2.67281e-07
 Reference value :  2.68281e-07
 Reference value :  2.74281e-07
 Reference value :  2.80781e-07
 Reference value :  2.87281e-07
 Reference value :  2.92781e-07
 Reference value :  2.98781e-07
 Reference value :  3.04781e-07
 Reference value :  3.07781e-07
 Reference value :  3.11281e-07
 Reference value :  3.15781e-07
 Reference value :  3.20281e-07
 Reference value :  3.23781e-07
 Reference value :  3.27781e-07
 Reference value :  3.29281e-07
 Reference value :  3.30281e-07
 Reference value :  3.31281e-07
 Reference value :  3.32781e-07
 Reference value :  3.36781e-07
 Reference value :  3.42781e-07
 Reference value :  3.47781e-07
 Reference value :  3.49281e-07
 Reference value :  3.50281e-07
 Reference value :  3.52781e-07
 Reference value :  3.54781e-07
 Reference value :  3.55781e-07
 Reference value :  3.57281e-07
 Reference value :  3.58281e-07
 Reference value :  3.59281e-07
 Reference value :  3.60781e-07
 Reference value :  3.62281e-07
 Reference value :  3.64781e-07
 Reference value :  3.68281e-07
 Reference value :  3.71781e-07
 Reference value :  3.73781e-07
 Reference value :  3.77281e-07
 Reference value :  3.81281e-07
 Reference value :  3.84281e-07
 Reference value :  3.90781e-07
 Reference value :  3.96781e-07
 Reference value :  4.02781e-07
 Reference value :  4.09281e-07
 Reference value :  4.15281e-07
 Reference value :  4.21281e-07
 Reference value :  4.27281e-07
 Reference value :  4.32781e-07
 Reference value :  4.38281e-07
 Reference value :  4.44281e-07
 Reference value :  4.49781e-07
 Reference value :  4.55781e-07
 Reference value :  4.61781e-07
 Reference value :  4.68281e-07
 Reference value :  4.74281e-07
 Reference value :  4.79781e-07
 Reference value :  4.85781e-07
 Reference value :  4.90781e-07
 Reference value :  4.96781e-07
No. of Data Rows : 1026
vtop_p_0            =  9.00000e-01
vtop_n_0            =  2.69722e+00
vtop_p_1            =  9.03508e-01
vtop_n_1            =  2.69364e+00
vtop_p_2            =  9.07012e-01
vtop_n_2            =  2.69014e+00
vtop_p_3            =  9.10535e-01
vtop_n_3            =  2.68660e+00
vtop_p_4            =  9.14097e-01
vtop_n_4            =  2.68305e+00
vtop_p_7            =  9.24660e-01
vtop_n_7            =  2.67262e+00
vtop_p_8            =  9.28203e-01
vtop_n_8            =  2.66897e+00
vtop_p_15           =  9.52760e-01
vtop_n_15           =  2.64439e+00
vtop_p_16           =  9.56446e-01
vtop_n_16           =  2.64086e+00
vtop_p_31           =  1.00949e+00
vtop_n_31           =  2.58801e+00
vtop_p_32           =  1.01236e+00
vtop_n_32           =  2.58469e+00
vtop_p_63           =  1.12148e+00
vtop_n_63           =  2.47560e+00
vtop_p_64           =  1.12477e+00
vtop_n_64           =  2.47293e+00
vtop_p_127          =  1.34772e+00
vtop_n_127          =  2.24927e+00
vtop_p_128          =  1.35046e+00
vtop_n_128          =  2.24810e+00
vtop_p_255          =  1.79778e+00
vtop_n_255          =  1.80026e+00
vtop_p_256          =  1.79930e+00
vtop_n_256          =  1.79695e+00
vtop_p_383          =  2.24664e+00
vtop_n_383          =  1.35015e+00
vtop_p_384          =  2.25139e+00
vtop_n_384          =  1.34832e+00
vtop_p_385          =  2.25366e+00
vtop_n_385          =  1.34241e+00
vtop_p_510          =  2.69368e+00
vtop_n_510          =  9.03504e-01
vtop_p_511          =  2.69719e+00
vtop_n_511          =  9.00000e-01
Note: Simulation executed from .control section 
