
Note: Compatibility modes selected: hs a


Circuit: * cdac-array-transfer monte carlo -- corner=tt_mm temp=27.0c supply=1.8v seed=15 (issue #29)

option SCALE: Scale is set to 1e-06 for instance and model parameters
option SCALE: Scale is set to 1e-06 for instance and model parameters
option SCALE: Scale is set to 1e-06 for instance and model parameters
option SCALE: Scale is set to 1e-06 for instance and model parameters
Doing analysis at TEMP = 27.000000 and TNOM = 27.000000

Using KLU as Direct Linear Solver
 Reference value :  0.00000e+00
 Reference value :  4.00000e-11
 Reference value :  6.10000e-10
 Reference value :  9.60000e-10
 Reference value :  9.87309e-10
 Reference value :  1.04391e-09
 Reference value :  1.10000e-09
 Reference value :  1.12185e-09
 Reference value :  1.18292e-09
 Reference value :  1.30247e-09
 Reference value :  1.53416e-09
 Reference value :  1.97093e-09
 Reference value :  2.76884e-09
 Reference value :  4.26884e-09
 Reference value :  5.76884e-09
 Reference value :  7.26884e-09
 Reference value :  8.76884e-09
 Reference value :  1.02688e-08
 Reference value :  1.17688e-08
 Reference value :  1.27688e-08
 Reference value :  1.37688e-08
 Reference value :  1.52688e-08
 Reference value :  1.62688e-08
 Reference value :  1.77688e-08
 Reference value :  1.92688e-08
 Reference value :  2.02688e-08
 Reference value :  2.17688e-08
 Reference value :  2.42688e-08
 Reference value :  2.67688e-08
 Reference value :  3.07688e-08
 Reference value :  3.47688e-08
 Reference value :  3.77688e-08
 Reference value :  4.07688e-08
 Reference value :  4.17688e-08
 Reference value :  4.32688e-08
 Reference value :  4.47688e-08
 Reference value :  4.62688e-08
 Reference value :  4.77688e-08
 Reference value :  4.92688e-08
 Reference value :  5.07688e-08
 Reference value :  5.17688e-08
 Reference value :  5.27688e-08
 Reference value :  5.42688e-08
 Reference value :  5.67688e-08
 Reference value :  6.02688e-08
 Reference value :  6.42688e-08
 Reference value :  6.82688e-08
 Reference value :  7.17688e-08
 Reference value :  7.57688e-08
 Reference value :  7.97688e-08
 Reference value :  8.37688e-08
 Reference value :  8.67688e-08
 Reference value :  9.07688e-08
 Reference value :  9.22688e-08
 Reference value :  9.32688e-08
 Reference value :  9.42688e-08
 Reference value :  9.52688e-08
 Reference value :  9.62688e-08
 Reference value :  9.77688e-08
 Reference value :  9.92688e-08
 Reference value :  1.00769e-07
 Reference value :  1.01769e-07
 Reference value :  1.03269e-07
 Reference value :  1.04769e-07
 Reference value :  1.06269e-07
 Reference value :  1.07769e-07
 Reference value :  1.09269e-07
 Reference value :  1.10769e-07
 Reference value :  1.12269e-07
 Reference value :  1.13769e-07
 Reference value :  1.15269e-07
 Reference value :  1.16769e-07
 Reference value :  1.18269e-07
 Reference value :  1.19769e-07
 Reference value :  1.21269e-07
 Reference value :  1.22769e-07
 Reference value :  1.24269e-07
 Reference value :  1.25769e-07
 Reference value :  1.27269e-07
 Reference value :  1.29269e-07
 Reference value :  1.30769e-07
 Reference value :  1.32269e-07
 Reference value :  1.33269e-07
 Reference value :  1.34769e-07
 Reference value :  1.36269e-07
 Reference value :  1.37769e-07
 Reference value :  1.39269e-07
 Reference value :  1.40769e-07
 Reference value :  1.41769e-07
 Reference value :  1.42769e-07
 Reference value :  1.44269e-07
 Reference value :  1.45769e-07
 Reference value :  1.47269e-07
 Reference value :  1.48769e-07
 Reference value :  1.50269e-07
 Reference value :  1.51769e-07
 Reference value :  1.53269e-07
 Reference value :  1.54269e-07
 Reference value :  1.55769e-07
 Reference value :  1.57269e-07
 Reference value :  1.58769e-07
 Reference value :  1.60269e-07
 Reference value :  1.61769e-07
 Reference value :  1.63269e-07
 Reference value :  1.64769e-07
 Reference value :  1.66269e-07
 Reference value :  1.67769e-07
 Reference value :  1.69269e-07
 Reference value :  1.70769e-07
 Reference value :  1.71769e-07
 Reference value :  1.73269e-07
 Reference value :  1.74769e-07
 Reference value :  1.75769e-07
 Reference value :  1.77269e-07
 Reference value :  1.78769e-07
 Reference value :  1.79769e-07
 Reference value :  1.81269e-07
 Reference value :  1.82769e-07
 Reference value :  1.83769e-07
 Reference value :  1.85269e-07
 Reference value :  1.86769e-07
 Reference value :  1.88269e-07
 Reference value :  1.89769e-07
 Reference value :  1.91269e-07
 Reference value :  1.92769e-07
 Reference value :  1.94269e-07
 Reference value :  1.95769e-07
 Reference value :  1.97769e-07
 Reference value :  1.99269e-07
 Reference value :  2.00769e-07
 Reference value :  2.02269e-07
 Reference value :  2.03769e-07
 Reference value :  2.05269e-07
 Reference value :  2.06769e-07
 Reference value :  2.08269e-07
 Reference value :  2.09769e-07
 Reference value :  2.11269e-07
 Reference value :  2.12769e-07
 Reference value :  2.14269e-07
 Reference value :  2.15769e-07
 Reference value :  2.17269e-07
 Reference value :  2.18769e-07
 Reference value :  2.20269e-07
 Reference value :  2.21769e-07
 Reference value :  2.23269e-07
 Reference value :  2.24769e-07
 Reference value :  2.26269e-07
 Reference value :  2.27769e-07
 Reference value :  2.29269e-07
 Reference value :  2.30769e-07
 Reference value :  2.32269e-07
 Reference value :  2.33769e-07
 Reference value :  2.35269e-07
 Reference value :  2.36769e-07
 Reference value :  2.38269e-07
 Reference value :  2.39769e-07
 Reference value :  2.40769e-07
 Reference value :  2.42269e-07
 Reference value :  2.43769e-07
 Reference value :  2.44769e-07
 Reference value :  2.46269e-07
 Reference value :  2.47769e-07
 Reference value :  2.49269e-07
 Reference value :  2.50269e-07
 Reference value :  2.51269e-07
 Reference value :  2.52769e-07
 Reference value :  2.54269e-07
 Reference value :  2.55769e-07
 Reference value :  2.57269e-07
 Reference value :  2.58769e-07
 Reference value :  2.60269e-07
 Reference value :  2.61769e-07
 Reference value :  2.63269e-07
 Reference value :  2.64269e-07
 Reference value :  2.65269e-07
 Reference value :  2.66769e-07
 Reference value :  2.68269e-07
 Reference value :  2.69769e-07
 Reference value :  2.71269e-07
 Reference value :  2.72769e-07
 Reference value :  2.73769e-07
 Reference value :  2.75269e-07
 Reference value :  2.76769e-07
 Reference value :  2.77769e-07
 Reference value :  2.79269e-07
 Reference value :  2.80769e-07
 Reference value :  2.82269e-07
 Reference value :  2.83769e-07
 Reference value :  2.85269e-07
 Reference value :  2.86769e-07
 Reference value :  2.88269e-07
 Reference value :  2.89769e-07
 Reference value :  2.91269e-07
 Reference value :  2.92769e-07
 Reference value :  2.94269e-07
 Reference value :  2.95269e-07
 Reference value :  2.96269e-07
 Reference value :  2.97769e-07
 Reference value :  2.99269e-07
 Reference value :  3.00769e-07
 Reference value :  3.02769e-07
 Reference value :  3.04269e-07
 Reference value :  3.05269e-07
 Reference value :  3.06769e-07
 Reference value :  3.08269e-07
 Reference value :  3.09269e-07
 Reference value :  3.10269e-07
 Reference value :  3.11269e-07
 Reference value :  3.12769e-07
 Reference value :  3.14269e-07
 Reference value :  3.15769e-07
 Reference value :  3.17269e-07
 Reference value :  3.18769e-07
 Reference value :  3.20769e-07
 Reference value :  3.22269e-07
 Reference value :  3.23769e-07
 Reference value :  3.25269e-07
 Reference value :  3.26269e-07
 Reference value :  3.27769e-07
 Reference value :  3.28769e-07
 Reference value :  3.29769e-07
 Reference value :  3.30769e-07
 Reference value :  3.31769e-07
 Reference value :  3.32769e-07
 Reference value :  3.33769e-07
 Reference value :  3.35269e-07
 Reference value :  3.36769e-07
 Reference value :  3.38269e-07
 Reference value :  3.39269e-07
 Reference value :  3.40769e-07
 Reference value :  3.42269e-07
 Reference value :  3.43769e-07
 Reference value :  3.45269e-07
 Reference value :  3.46769e-07
 Reference value :  3.48269e-07
 Reference value :  3.49769e-07
 Reference value :  3.50769e-07
 Reference value :  3.52269e-07
 Reference value :  3.53769e-07
 Reference value :  3.55769e-07
 Reference value :  3.57269e-07
 Reference value :  3.58269e-07
 Reference value :  3.59269e-07
 Reference value :  3.60769e-07
 Reference value :  3.61769e-07
 Reference value :  3.62769e-07
 Reference value :  3.63769e-07
 Reference value :  3.65269e-07
 Reference value :  3.66769e-07
 Reference value :  3.68269e-07
 Reference value :  3.69269e-07
 Reference value :  3.70269e-07
 Reference value :  3.71769e-07
 Reference value :  3.73269e-07
 Reference value :  3.74769e-07
 Reference value :  3.76269e-07
 Reference value :  3.77769e-07
 Reference value :  3.79269e-07
 Reference value :  3.80769e-07
 Reference value :  3.82269e-07
 Reference value :  3.83769e-07
 Reference value :  3.85269e-07
 Reference value :  3.86769e-07
 Reference value :  3.88269e-07
 Reference value :  3.89769e-07
 Reference value :  3.91269e-07
 Reference value :  3.92769e-07
 Reference value :  3.94269e-07
 Reference value :  3.95769e-07
 Reference value :  3.97269e-07
 Reference value :  3.98769e-07
 Reference value :  4.00269e-07
 Reference value :  4.01769e-07
 Reference value :  4.03269e-07
 Reference value :  4.04769e-07
 Reference value :  4.06269e-07
 Reference value :  4.07269e-07
 Reference value :  4.08769e-07
 Reference value :  4.09769e-07
 Reference value :  4.11269e-07
 Reference value :  4.12269e-07
 Reference value :  4.13269e-07
 Reference value :  4.14269e-07
 Reference value :  4.15769e-07
 Reference value :  4.16769e-07
 Reference value :  4.18269e-07
 Reference value :  4.19769e-07
 Reference value :  4.21269e-07
 Reference value :  4.22769e-07
 Reference value :  4.24269e-07
 Reference value :  4.25769e-07
 Reference value :  4.27269e-07
 Reference value :  4.28769e-07
 Reference value :  4.30269e-07
 Reference value :  4.31269e-07
 Reference value :  4.32769e-07
 Reference value :  4.34269e-07
 Reference value :  4.35769e-07
 Reference value :  4.37269e-07
 Reference value :  4.38769e-07
 Reference value :  4.40269e-07
 Reference value :  4.41269e-07
 Reference value :  4.42269e-07
 Reference value :  4.43269e-07
 Reference value :  4.44769e-07
 Reference value :  4.45769e-07
 Reference value :  4.46769e-07
 Reference value :  4.48269e-07
 Reference value :  4.49269e-07
 Reference value :  4.50269e-07
 Reference value :  4.51269e-07
 Reference value :  4.52269e-07
 Reference value :  4.53269e-07
 Reference value :  4.54269e-07
 Reference value :  4.55769e-07
 Reference value :  4.57269e-07
 Reference value :  4.58269e-07
 Reference value :  4.59269e-07
 Reference value :  4.60769e-07
 Reference value :  4.62269e-07
 Reference value :  4.63769e-07
 Reference value :  4.64769e-07
 Reference value :  4.66269e-07
 Reference value :  4.67769e-07
 Reference value :  4.69269e-07
 Reference value :  4.70769e-07
 Reference value :  4.71769e-07
 Reference value :  4.72769e-07
 Reference value :  4.74269e-07
 Reference value :  4.75769e-07
 Reference value :  4.77269e-07
 Reference value :  4.78269e-07
 Reference value :  4.79769e-07
 Reference value :  4.81269e-07
 Reference value :  4.82269e-07
 Reference value :  4.83769e-07
 Reference value :  4.84769e-07
 Reference value :  4.86269e-07
 Reference value :  4.87769e-07
 Reference value :  4.89269e-07
 Reference value :  4.90269e-07
 Reference value :  4.91769e-07
 Reference value :  4.92769e-07
 Reference value :  4.93769e-07
 Reference value :  4.94769e-07
 Reference value :  4.95769e-07
 Reference value :  4.96769e-07
 Reference value :  4.98269e-07
 Reference value :  5.00000e-07
No. of Data Rows : 1026
vtop_p_0            =  9.00000e-01
vtop_n_0            =  2.69721e+00
vtop_p_1            =  9.03513e-01
vtop_n_1            =  2.69365e+00
vtop_p_2            =  9.07046e-01
vtop_n_2            =  2.69012e+00
vtop_p_3            =  9.10610e-01
vtop_n_3            =  2.68663e+00
vtop_p_4            =  9.14152e-01
vtop_n_4            =  2.68308e+00
vtop_p_7            =  9.24645e-01
vtop_n_7            =  2.67262e+00
vtop_p_8            =  9.28189e-01
vtop_n_8            =  2.66887e+00
vtop_p_15           =  9.52783e-01
vtop_n_15           =  2.64428e+00
vtop_p_16           =  9.56200e-01
vtop_n_16           =  2.64094e+00
vtop_p_31           =  1.00920e+00
vtop_n_31           =  2.58838e+00
vtop_p_32           =  1.01232e+00
vtop_n_32           =  2.58451e+00
vtop_p_63           =  1.12147e+00
vtop_n_63           =  2.47457e+00
vtop_p_64           =  1.12439e+00
vtop_n_64           =  2.47227e+00
vtop_p_127          =  1.34656e+00
vtop_n_127          =  2.25019e+00
vtop_p_128          =  1.34992e+00
vtop_n_128          =  2.24581e+00
vtop_p_255          =  1.79608e+00
vtop_n_255          =  1.80099e+00
vtop_p_256          =  1.79919e+00
vtop_n_256          =  1.79965e+00
vtop_p_383          =  2.24647e+00
vtop_n_383          =  1.34951e+00
vtop_p_384          =  2.25051e+00
vtop_n_384          =  1.34739e+00
vtop_p_385          =  2.25359e+00
vtop_n_385          =  1.34490e+00
vtop_p_510          =  2.69366e+00
vtop_n_510          =  9.03504e-01
vtop_p_511          =  2.69718e+00
vtop_n_511          =  9.00000e-01
Note: Simulation executed from .control section 
