
Note: Compatibility modes selected: hs a


Circuit: * cdac-array-transfer monte carlo -- corner=tt temp=27.0c supply=1.8v seed=22 (issue #29)

option SCALE: Scale is set to 1e-06 for instance and model parameters
option SCALE: Scale is set to 1e-06 for instance and model parameters
option SCALE: Scale is set to 1e-06 for instance and model parameters
option SCALE: Scale is set to 1e-06 for instance and model parameters
Doing analysis at TEMP = 27.000000 and TNOM = 27.000000

Using KLU as Direct Linear Solver
 Reference value :  0.00000e+00
 Reference value :  4.00000e-11
 Reference value :  9.60000e-10
 Reference value :  9.87309e-10
 Reference value :  1.10310e-09
 Reference value :  1.38965e-09
 Reference value :  1.69042e-09
 Reference value :  2.26560e-09
 Reference value :  3.26560e-09
 Reference value :  4.76560e-09
 Reference value :  5.76560e-09
 Reference value :  7.26560e-09
 Reference value :  8.76560e-09
 Reference value :  1.02656e-08
 Reference value :  1.62656e-08
 Reference value :  2.12656e-08
 Reference value :  2.72656e-08
 Reference value :  3.12656e-08
 Reference value :  3.27656e-08
 Reference value :  3.52656e-08
 Reference value :  3.77656e-08
 Reference value :  3.87656e-08
 Reference value :  4.02656e-08
 Reference value :  4.17656e-08
 Reference value :  4.32656e-08
 Reference value :  4.47656e-08
 Reference value :  4.62656e-08
 Reference value :  4.77656e-08
 Reference value :  4.92656e-08
 Reference value :  5.07656e-08
 Reference value :  5.27656e-08
 Reference value :  5.67656e-08
 Reference value :  5.92656e-08
 Reference value :  6.12656e-08
 Reference value :  6.67656e-08
 Reference value :  6.97656e-08
 Reference value :  7.12656e-08
 Reference value :  7.22656e-08
 Reference value :  7.37656e-08
 Reference value :  7.47656e-08
 Reference value :  7.62656e-08
 Reference value :  7.77656e-08
 Reference value :  7.87656e-08
 Reference value :  8.02656e-08
 Reference value :  8.17656e-08
 Reference value :  8.32656e-08
 Reference value :  8.47656e-08
 Reference value :  8.62656e-08
 Reference value :  8.72656e-08
 Reference value :  8.87656e-08
 Reference value :  9.42656e-08
 Reference value :  1.00766e-07
 Reference value :  1.05766e-07
 Reference value :  1.09266e-07
 Reference value :  1.10766e-07
 Reference value :  1.13266e-07
 Reference value :  1.19266e-07
 Reference value :  1.24766e-07
 Reference value :  1.29766e-07
 Reference value :  1.33266e-07
 Reference value :  1.34766e-07
 Reference value :  1.36266e-07
 Reference value :  1.37766e-07
 Reference value :  1.38766e-07
 Reference value :  1.40266e-07
 Reference value :  1.41766e-07
 Reference value :  1.43266e-07
 Reference value :  1.44766e-07
 Reference value :  1.45766e-07
 Reference value :  1.47266e-07
 Reference value :  1.49766e-07
 Reference value :  1.51766e-07
 Reference value :  1.53266e-07
 Reference value :  1.55266e-07
 Reference value :  1.59766e-07
 Reference value :  1.63766e-07
 Reference value :  1.64766e-07
 Reference value :  1.65766e-07
 Reference value :  1.67266e-07
 Reference value :  1.68766e-07
 Reference value :  1.70266e-07
 Reference value :  1.71766e-07
 Reference value :  1.73266e-07
 Reference value :  1.74766e-07
 Reference value :  1.76266e-07
 Reference value :  1.78266e-07
 Reference value :  1.79766e-07
 Reference value :  1.81266e-07
 Reference value :  1.84766e-07
 Reference value :  1.87766e-07
 Reference value :  1.88766e-07
 Reference value :  1.90266e-07
 Reference value :  1.91766e-07
 Reference value :  1.93266e-07
 Reference value :  1.94766e-07
 Reference value :  1.96266e-07
 Reference value :  1.97766e-07
 Reference value :  1.99266e-07
 Reference value :  2.00766e-07
 Reference value :  2.02266e-07
 Reference value :  2.04766e-07
 Reference value :  2.07766e-07
 Reference value :  2.09766e-07
 Reference value :  2.12266e-07
 Reference value :  2.18766e-07
 Reference value :  2.23266e-07
 Reference value :  2.27766e-07
 Reference value :  2.31766e-07
 Reference value :  2.33266e-07
 Reference value :  2.34766e-07
 Reference value :  2.36266e-07
 Reference value :  2.37266e-07
 Reference value :  2.38766e-07
 Reference value :  2.40266e-07
 Reference value :  2.41266e-07
 Reference value :  2.42266e-07
 Reference value :  2.43766e-07
 Reference value :  2.45266e-07
 Reference value :  2.47266e-07
 Reference value :  2.52266e-07
 Reference value :  2.57266e-07
 Reference value :  2.60766e-07
 Reference value :  2.63266e-07
 Reference value :  2.66266e-07
 Reference value :  2.67766e-07
 Reference value :  2.69266e-07
 Reference value :  2.70766e-07
 Reference value :  2.72266e-07
 Reference value :  2.73766e-07
 Reference value :  2.75266e-07
 Reference value :  2.76766e-07
 Reference value :  2.78266e-07
 Reference value :  2.79766e-07
 Reference value :  2.82766e-07
 Reference value :  2.85766e-07
 Reference value :  2.89266e-07
 Reference value :  2.94266e-07
 Reference value :  2.98766e-07
 Reference value :  3.04766e-07
 Reference value :  3.07766e-07
 Reference value :  3.09766e-07
 Reference value :  3.11266e-07
 Reference value :  3.13766e-07
 Reference value :  3.15266e-07
 Reference value :  3.16766e-07
 Reference value :  3.18266e-07
 Reference value :  3.19766e-07
 Reference value :  3.21266e-07
 Reference value :  3.22766e-07
 Reference value :  3.24266e-07
 Reference value :  3.25766e-07
 Reference value :  3.27766e-07
 Reference value :  3.31766e-07
 Reference value :  3.35266e-07
 Reference value :  3.36266e-07
 Reference value :  3.41266e-07
 Reference value :  3.46266e-07
 Reference value :  3.48766e-07
 Reference value :  3.50766e-07
 Reference value :  3.53266e-07
 Reference value :  3.57266e-07
 Reference value :  3.63266e-07
 Reference value :  3.68266e-07
 Reference value :  3.69766e-07
 Reference value :  3.71266e-07
 Reference value :  3.73266e-07
 Reference value :  3.76266e-07
 Reference value :  3.82266e-07
 Reference value :  3.84766e-07
 Reference value :  3.89266e-07
 Reference value :  3.92766e-07
 Reference value :  3.97766e-07
 Reference value :  4.03766e-07
 Reference value :  4.08266e-07
 Reference value :  4.12266e-07
 Reference value :  4.15766e-07
 Reference value :  4.20766e-07
 Reference value :  4.26266e-07
 Reference value :  4.28766e-07
 Reference value :  4.30266e-07
 Reference value :  4.31266e-07
 Reference value :  4.32766e-07
 Reference value :  4.34266e-07
 Reference value :  4.35766e-07
 Reference value :  4.37266e-07
 Reference value :  4.38766e-07
 Reference value :  4.40766e-07
 Reference value :  4.42266e-07
 Reference value :  4.46766e-07
 Reference value :  4.52766e-07
 Reference value :  4.56266e-07
 Reference value :  4.57766e-07
 Reference value :  4.60266e-07
 Reference value :  4.61766e-07
 Reference value :  4.63266e-07
 Reference value :  4.64766e-07
 Reference value :  4.65766e-07
 Reference value :  4.67266e-07
 Reference value :  4.68766e-07
 Reference value :  4.69766e-07
 Reference value :  4.71266e-07
 Reference value :  4.72266e-07
 Reference value :  4.73766e-07
 Reference value :  4.75266e-07
 Reference value :  4.76266e-07
 Reference value :  4.77766e-07
 Reference value :  4.80266e-07
 Reference value :  4.81766e-07
 Reference value :  4.83766e-07
 Reference value :  4.86266e-07
 Reference value :  4.90266e-07
 Reference value :  4.92266e-07
 Reference value :  4.93266e-07
 Reference value :  4.97766e-07
No. of Data Rows : 1026
vtop_p_0            =  9.00000e-01
vtop_n_0            =  2.69718e+00
vtop_p_1            =  9.03508e-01
vtop_n_1            =  2.69366e+00
vtop_p_2            =  9.07041e-01
vtop_n_2            =  2.69013e+00
vtop_p_3            =  9.10549e-01
vtop_n_3            =  2.68661e+00
vtop_p_4            =  9.14099e-01
vtop_n_4            =  2.68307e+00
vtop_p_7            =  9.24647e-01
vtop_n_7            =  2.67253e+00
vtop_p_8            =  9.28193e-01
vtop_n_8            =  2.66897e+00
vtop_p_15           =  9.52838e-01
vtop_n_15           =  2.64434e+00
vtop_p_16           =  9.56344e-01
vtop_n_16           =  2.64082e+00
vtop_p_31           =  1.00918e+00
vtop_n_31           =  2.58799e+00
vtop_p_32           =  1.01261e+00
vtop_n_32           =  2.58455e+00
vtop_p_63           =  1.12179e+00
vtop_n_63           =  2.47538e+00
vtop_p_64           =  1.12512e+00
vtop_n_64           =  2.47204e+00
vtop_p_127          =  1.34691e+00
vtop_n_127          =  2.25026e+00
vtop_p_128          =  1.35013e+00
vtop_n_128          =  2.24703e+00
vtop_p_255          =  1.79703e+00
vtop_n_255          =  1.80013e+00
vtop_p_256          =  1.80013e+00
vtop_n_256          =  1.79703e+00
vtop_p_383          =  2.24703e+00
vtop_n_383          =  1.35013e+00
vtop_p_384          =  2.25026e+00
vtop_n_384          =  1.34691e+00
vtop_p_385          =  2.25377e+00
vtop_n_385          =  1.34341e+00
vtop_p_510          =  2.69366e+00
vtop_n_510          =  9.03508e-01
vtop_p_511          =  2.69718e+00
vtop_n_511          =  9.00000e-01
Note: Simulation executed from .control section 
