
Note: Compatibility modes selected: hs a


Circuit: * cdac-array-transfer monte carlo -- corner=tt temp=27.0c supply=1.8v seed=6 (issue #29)

option SCALE: Scale is set to 1e-06 for instance and model parameters
option SCALE: Scale is set to 1e-06 for instance and model parameters
option SCALE: Scale is set to 1e-06 for instance and model parameters
option SCALE: Scale is set to 1e-06 for instance and model parameters
Doing analysis at TEMP = 27.000000 and TNOM = 27.000000

Using KLU as Direct Linear Solver
 Reference value :  0.00000e+00
 Reference value :  9.60000e-10
 Reference value :  1.12168e-09
 Reference value :  1.30166e-09
 Reference value :  2.26560e-09
 Reference value :  7.76560e-09
 Reference value :  1.37656e-08
 Reference value :  1.92656e-08
 Reference value :  2.37656e-08
 Reference value :  2.77656e-08
 Reference value :  3.02656e-08
 Reference value :  3.47656e-08
 Reference value :  4.02656e-08
 Reference value :  4.62656e-08
 Reference value :  4.87656e-08
 Reference value :  5.42656e-08
 Reference value :  5.82656e-08
 Reference value :  6.27656e-08
 Reference value :  6.77656e-08
 Reference value :  7.32656e-08
 Reference value :  7.87656e-08
 Reference value :  8.47656e-08
 Reference value :  9.07656e-08
 Reference value :  9.37656e-08
 Reference value :  9.77656e-08
 Reference value :  1.03766e-07
 Reference value :  1.08266e-07
 Reference value :  1.13766e-07
 Reference value :  1.14766e-07
 Reference value :  1.18766e-07
 Reference value :  1.20266e-07
 Reference value :  1.23266e-07
 Reference value :  1.25266e-07
 Reference value :  1.29766e-07
 Reference value :  1.32266e-07
 Reference value :  1.33266e-07
 Reference value :  1.34766e-07
 Reference value :  1.36766e-07
 Reference value :  1.38266e-07
 Reference value :  1.39766e-07
 Reference value :  1.42266e-07
 Reference value :  1.46766e-07
 Reference value :  1.50266e-07
 Reference value :  1.52766e-07
 Reference value :  1.55766e-07
 Reference value :  1.61766e-07
 Reference value :  1.67266e-07
 Reference value :  1.73766e-07
 Reference value :  1.76766e-07
 Reference value :  1.78266e-07
 Reference value :  1.82266e-07
 Reference value :  1.85766e-07
 Reference value :  1.87766e-07
 Reference value :  1.89266e-07
 Reference value :  1.90766e-07
 Reference value :  1.95266e-07
 Reference value :  1.99266e-07
 Reference value :  2.04766e-07
 Reference value :  2.06766e-07
 Reference value :  2.09266e-07
 Reference value :  2.10766e-07
 Reference value :  2.12266e-07
 Reference value :  2.13266e-07
 Reference value :  2.17266e-07
 Reference value :  2.20766e-07
 Reference value :  2.22266e-07
 Reference value :  2.23766e-07
 Reference value :  2.30266e-07
 Reference value :  2.36266e-07
 Reference value :  2.42266e-07
 Reference value :  2.47766e-07
 Reference value :  2.53766e-07
 Reference value :  2.55266e-07
 Reference value :  2.58266e-07
 Reference value :  2.64266e-07
 Reference value :  2.67266e-07
 Reference value :  2.68766e-07
 Reference value :  2.72266e-07
 Reference value :  2.75766e-07
 Reference value :  2.81266e-07
 Reference value :  2.85266e-07
 Reference value :  2.90266e-07
 Reference value :  2.95766e-07
 Reference value :  3.01266e-07
 Reference value :  3.04766e-07
 Reference value :  3.06766e-07
 Reference value :  3.09766e-07
 Reference value :  3.15766e-07
 Reference value :  3.18766e-07
 Reference value :  3.22266e-07
 Reference value :  3.27766e-07
 Reference value :  3.31766e-07
 Reference value :  3.35266e-07
 Reference value :  3.41266e-07
 Reference value :  3.46766e-07
 Reference value :  3.52266e-07
 Reference value :  3.58266e-07
 Reference value :  3.62766e-07
 Reference value :  3.68266e-07
 Reference value :  3.71266e-07
 Reference value :  3.72766e-07
 Reference value :  3.74266e-07
 Reference value :  3.75766e-07
 Reference value :  3.77266e-07
 Reference value :  3.78266e-07
 Reference value :  3.79766e-07
 Reference value :  3.81266e-07
 Reference value :  3.82766e-07
 Reference value :  3.84266e-07
 Reference value :  3.85266e-07
 Reference value :  3.86266e-07
 Reference value :  3.87766e-07
 Reference value :  3.89266e-07
 Reference value :  3.90266e-07
 Reference value :  3.91766e-07
 Reference value :  3.92766e-07
 Reference value :  3.94266e-07
 Reference value :  3.95766e-07
 Reference value :  3.97266e-07
 Reference value :  3.98766e-07
 Reference value :  3.99766e-07
 Reference value :  4.02266e-07
 Reference value :  4.08266e-07
 Reference value :  4.13766e-07
 Reference value :  4.15266e-07
 Reference value :  4.16766e-07
 Reference value :  4.18266e-07
 Reference value :  4.19766e-07
 Reference value :  4.22766e-07
 Reference value :  4.24266e-07
 Reference value :  4.25766e-07
 Reference value :  4.27766e-07
 Reference value :  4.29266e-07
 Reference value :  4.30766e-07
 Reference value :  4.32266e-07
 Reference value :  4.33766e-07
 Reference value :  4.35266e-07
 Reference value :  4.36766e-07
 Reference value :  4.38766e-07
 Reference value :  4.40266e-07
 Reference value :  4.41766e-07
 Reference value :  4.43266e-07
 Reference value :  4.44766e-07
 Reference value :  4.49266e-07
 Reference value :  4.54766e-07
 Reference value :  4.59766e-07
 Reference value :  4.61766e-07
 Reference value :  4.63266e-07
 Reference value :  4.69266e-07
 Reference value :  4.71766e-07
 Reference value :  4.73266e-07
 Reference value :  4.75266e-07
 Reference value :  4.78766e-07
 Reference value :  4.82766e-07
 Reference value :  4.86266e-07
 Reference value :  4.89766e-07
 Reference value :  4.91766e-07
 Reference value :  4.93766e-07
 Reference value :  4.95266e-07
 Reference value :  4.96766e-07
 Reference value :  4.97766e-07
No. of Data Rows : 1026
vtop_p_0            =  9.00000e-01
vtop_n_0            =  2.69718e+00
vtop_p_1            =  9.03508e-01
vtop_n_1            =  2.69366e+00
vtop_p_2            =  9.07041e-01
vtop_n_2            =  2.69013e+00
vtop_p_3            =  9.10549e-01
vtop_n_3            =  2.68661e+00
vtop_p_4            =  9.14099e-01
vtop_n_4            =  2.68307e+00
vtop_p_7            =  9.24647e-01
vtop_n_7            =  2.67253e+00
vtop_p_8            =  9.28193e-01
vtop_n_8            =  2.66897e+00
vtop_p_15           =  9.52838e-01
vtop_n_15           =  2.64434e+00
vtop_p_16           =  9.56344e-01
vtop_n_16           =  2.64082e+00
vtop_p_31           =  1.00918e+00
vtop_n_31           =  2.58799e+00
vtop_p_32           =  1.01261e+00
vtop_n_32           =  2.58455e+00
vtop_p_63           =  1.12179e+00
vtop_n_63           =  2.47538e+00
vtop_p_64           =  1.12512e+00
vtop_n_64           =  2.47204e+00
vtop_p_127          =  1.34691e+00
vtop_n_127          =  2.25026e+00
vtop_p_128          =  1.35013e+00
vtop_n_128          =  2.24703e+00
vtop_p_255          =  1.79703e+00
vtop_n_255          =  1.80013e+00
vtop_p_256          =  1.80013e+00
vtop_n_256          =  1.79703e+00
vtop_p_383          =  2.24703e+00
vtop_n_383          =  1.35013e+00
vtop_p_384          =  2.25026e+00
vtop_n_384          =  1.34691e+00
vtop_p_385          =  2.25377e+00
vtop_n_385          =  1.34341e+00
vtop_p_510          =  2.69366e+00
vtop_n_510          =  9.03508e-01
vtop_p_511          =  2.69718e+00
vtop_n_511          =  9.00000e-01
Note: Simulation executed from .control section 
