
Note: Compatibility modes selected: hs a


Circuit: * cdac-array-transfer monte carlo -- corner=tt temp=27.0c supply=1.8v seed=2 (issue #29)

option SCALE: Scale is set to 1e-06 for instance and model parameters
option SCALE: Scale is set to 1e-06 for instance and model parameters
option SCALE: Scale is set to 1e-06 for instance and model parameters
option SCALE: Scale is set to 1e-06 for instance and model parameters
Doing analysis at TEMP = 27.000000 and TNOM = 27.000000

Using KLU as Direct Linear Solver
 Reference value :  0.00000e+00
 Reference value :  9.20000e-10
 Reference value :  1.14645e-09
 Reference value :  3.76560e-09
 Reference value :  1.02656e-08
 Reference value :  1.57656e-08
 Reference value :  2.22656e-08
 Reference value :  2.77656e-08
 Reference value :  3.42656e-08
 Reference value :  3.97656e-08
 Reference value :  4.57656e-08
 Reference value :  5.22656e-08
 Reference value :  5.72656e-08
 Reference value :  6.37656e-08
 Reference value :  6.92656e-08
 Reference value :  7.52656e-08
 Reference value :  8.12656e-08
 Reference value :  8.67656e-08
 Reference value :  9.32656e-08
 Reference value :  9.92656e-08
 Reference value :  1.04766e-07
 Reference value :  1.08266e-07
 Reference value :  1.13266e-07
 Reference value :  1.17266e-07
 Reference value :  1.21766e-07
 Reference value :  1.25766e-07
 Reference value :  1.30266e-07
 Reference value :  1.33766e-07
 Reference value :  1.35266e-07
 Reference value :  1.36766e-07
 Reference value :  1.40266e-07
 Reference value :  1.46266e-07
 Reference value :  1.52266e-07
 Reference value :  1.58266e-07
 Reference value :  1.63766e-07
 Reference value :  1.69766e-07
 Reference value :  1.75766e-07
 Reference value :  1.82266e-07
 Reference value :  1.88266e-07
 Reference value :  1.93766e-07
 Reference value :  1.99766e-07
 Reference value :  2.05766e-07
 Reference value :  2.10766e-07
 Reference value :  2.16266e-07
 Reference value :  2.20766e-07
 Reference value :  2.26266e-07
 Reference value :  2.32766e-07
 Reference value :  2.38766e-07
 Reference value :  2.45266e-07
 Reference value :  2.49766e-07
 Reference value :  2.55766e-07
 Reference value :  2.61766e-07
 Reference value :  2.67766e-07
 Reference value :  2.74266e-07
 Reference value :  2.80266e-07
 Reference value :  2.86266e-07
 Reference value :  2.92266e-07
 Reference value :  2.98266e-07
 Reference value :  3.04266e-07
 Reference value :  3.10266e-07
 Reference value :  3.15766e-07
 Reference value :  3.20766e-07
 Reference value :  3.27266e-07
 Reference value :  3.28766e-07
 Reference value :  3.33766e-07
 Reference value :  3.38266e-07
 Reference value :  3.42266e-07
 Reference value :  3.47266e-07
 Reference value :  3.51766e-07
 Reference value :  3.55766e-07
 Reference value :  3.57766e-07
 Reference value :  3.61766e-07
 Reference value :  3.66766e-07
 Reference value :  3.72766e-07
 Reference value :  3.77766e-07
 Reference value :  3.79766e-07
 Reference value :  3.83766e-07
 Reference value :  3.89766e-07
 Reference value :  3.94766e-07
 Reference value :  4.00766e-07
 Reference value :  4.07266e-07
 Reference value :  4.13266e-07
 Reference value :  4.19766e-07
 Reference value :  4.25266e-07
 Reference value :  4.31266e-07
 Reference value :  4.37266e-07
 Reference value :  4.43766e-07
 Reference value :  4.48766e-07
 Reference value :  4.55266e-07
 Reference value :  4.61266e-07
 Reference value :  4.64766e-07
 Reference value :  4.71266e-07
 Reference value :  4.76266e-07
 Reference value :  4.82766e-07
 Reference value :  4.87266e-07
 Reference value :  4.88266e-07
 Reference value :  4.93266e-07
 Reference value :  4.98766e-07
No. of Data Rows : 1026
vtop_p_0            =  9.00000e-01
vtop_n_0            =  2.69718e+00
vtop_p_1            =  9.03508e-01
vtop_n_1            =  2.69366e+00
vtop_p_2            =  9.07041e-01
vtop_n_2            =  2.69013e+00
vtop_p_3            =  9.10549e-01
vtop_n_3            =  2.68661e+00
vtop_p_4            =  9.14099e-01
vtop_n_4            =  2.68307e+00
vtop_p_7            =  9.24647e-01
vtop_n_7            =  2.67253e+00
vtop_p_8            =  9.28193e-01
vtop_n_8            =  2.66897e+00
vtop_p_15           =  9.52838e-01
vtop_n_15           =  2.64434e+00
vtop_p_16           =  9.56344e-01
vtop_n_16           =  2.64082e+00
vtop_p_31           =  1.00918e+00
vtop_n_31           =  2.58799e+00
vtop_p_32           =  1.01261e+00
vtop_n_32           =  2.58455e+00
vtop_p_63           =  1.12179e+00
vtop_n_63           =  2.47538e+00
vtop_p_64           =  1.12512e+00
vtop_n_64           =  2.47204e+00
vtop_p_127          =  1.34691e+00
vtop_n_127          =  2.25026e+00
vtop_p_128          =  1.35013e+00
vtop_n_128          =  2.24703e+00
vtop_p_255          =  1.79703e+00
vtop_n_255          =  1.80013e+00
vtop_p_256          =  1.80013e+00
vtop_n_256          =  1.79703e+00
vtop_p_383          =  2.24703e+00
vtop_n_383          =  1.35013e+00
vtop_p_384          =  2.25026e+00
vtop_n_384          =  1.34691e+00
vtop_p_385          =  2.25377e+00
vtop_n_385          =  1.34341e+00
vtop_p_510          =  2.69366e+00
vtop_n_510          =  9.03508e-01
vtop_p_511          =  2.69718e+00
vtop_n_511          =  9.00000e-01
Note: Simulation executed from .control section 
