
Note: Compatibility modes selected: hs a


Circuit: * cdac-array-transfer monte carlo -- corner=tt temp=27.0c supply=1.8v seed=25 (issue #29)

option SCALE: Scale is set to 1e-06 for instance and model parameters
option SCALE: Scale is set to 1e-06 for instance and model parameters
option SCALE: Scale is set to 1e-06 for instance and model parameters
option SCALE: Scale is set to 1e-06 for instance and model parameters
Doing analysis at TEMP = 27.000000 and TNOM = 27.000000

Using KLU as Direct Linear Solver
 Reference value :  0.00000e+00
 Reference value :  4.00000e-11
 Reference value :  9.20000e-10
 Reference value :  1.10310e-09
 Reference value :  1.69042e-09
 Reference value :  4.26560e-09
 Reference value :  1.02656e-08
 Reference value :  1.57656e-08
 Reference value :  1.82656e-08
 Reference value :  2.32656e-08
 Reference value :  2.82656e-08
 Reference value :  2.97656e-08
 Reference value :  3.37656e-08
 Reference value :  3.62656e-08
 Reference value :  3.82656e-08
 Reference value :  3.97656e-08
 Reference value :  4.12656e-08
 Reference value :  4.62656e-08
 Reference value :  5.17656e-08
 Reference value :  5.52656e-08
 Reference value :  6.02656e-08
 Reference value :  6.52656e-08
 Reference value :  6.72656e-08
 Reference value :  7.07656e-08
 Reference value :  7.42656e-08
 Reference value :  7.97656e-08
 Reference value :  8.17656e-08
 Reference value :  8.42656e-08
 Reference value :  8.92656e-08
 Reference value :  9.12656e-08
 Reference value :  9.27656e-08
 Reference value :  9.62656e-08
 Reference value :  1.00266e-07
 Reference value :  1.04266e-07
 Reference value :  1.08766e-07
 Reference value :  1.12266e-07
 Reference value :  1.17266e-07
 Reference value :  1.19766e-07
 Reference value :  1.21266e-07
 Reference value :  1.22766e-07
 Reference value :  1.24266e-07
 Reference value :  1.25766e-07
 Reference value :  1.27266e-07
 Reference value :  1.28766e-07
 Reference value :  1.30266e-07
 Reference value :  1.31266e-07
 Reference value :  1.32766e-07
 Reference value :  1.33766e-07
 Reference value :  1.35266e-07
 Reference value :  1.36766e-07
 Reference value :  1.37766e-07
 Reference value :  1.39266e-07
 Reference value :  1.40766e-07
 Reference value :  1.42266e-07
 Reference value :  1.43766e-07
 Reference value :  1.45266e-07
 Reference value :  1.46766e-07
 Reference value :  1.48766e-07
 Reference value :  1.52266e-07
 Reference value :  1.56766e-07
 Reference value :  1.62266e-07
 Reference value :  1.65266e-07
 Reference value :  1.66266e-07
 Reference value :  1.67266e-07
 Reference value :  1.68766e-07
 Reference value :  1.70266e-07
 Reference value :  1.71766e-07
 Reference value :  1.73266e-07
 Reference value :  1.74766e-07
 Reference value :  1.76266e-07
 Reference value :  1.77766e-07
 Reference value :  1.81266e-07
 Reference value :  1.84266e-07
 Reference value :  1.88266e-07
 Reference value :  1.93266e-07
 Reference value :  1.98266e-07
 Reference value :  1.99766e-07
 Reference value :  2.01266e-07
 Reference value :  2.02766e-07
 Reference value :  2.03766e-07
 Reference value :  2.05266e-07
 Reference value :  2.06766e-07
 Reference value :  2.08266e-07
 Reference value :  2.09766e-07
 Reference value :  2.11266e-07
 Reference value :  2.13266e-07
 Reference value :  2.17266e-07
 Reference value :  2.21766e-07
 Reference value :  2.25766e-07
 Reference value :  2.29766e-07
 Reference value :  2.31266e-07
 Reference value :  2.32266e-07
 Reference value :  2.33266e-07
 Reference value :  2.34266e-07
 Reference value :  2.35266e-07
 Reference value :  2.36266e-07
 Reference value :  2.37766e-07
 Reference value :  2.39266e-07
 Reference value :  2.40766e-07
 Reference value :  2.41766e-07
 Reference value :  2.43266e-07
 Reference value :  2.44766e-07
 Reference value :  2.48766e-07
 Reference value :  2.54266e-07
 Reference value :  2.59766e-07
 Reference value :  2.64266e-07
 Reference value :  2.68766e-07
 Reference value :  2.73266e-07
 Reference value :  2.77766e-07
 Reference value :  2.81766e-07
 Reference value :  2.85766e-07
 Reference value :  2.90766e-07
 Reference value :  2.96266e-07
 Reference value :  3.01766e-07
 Reference value :  3.07266e-07
 Reference value :  3.10766e-07
 Reference value :  3.13766e-07
 Reference value :  3.17266e-07
 Reference value :  3.22766e-07
 Reference value :  3.26266e-07
 Reference value :  3.29266e-07
 Reference value :  3.33766e-07
 Reference value :  3.39266e-07
 Reference value :  3.44766e-07
 Reference value :  3.50266e-07
 Reference value :  3.55766e-07
 Reference value :  3.60766e-07
 Reference value :  3.65266e-07
 Reference value :  3.68266e-07
 Reference value :  3.69766e-07
 Reference value :  3.71266e-07
 Reference value :  3.72766e-07
 Reference value :  3.74266e-07
 Reference value :  3.76266e-07
 Reference value :  3.77266e-07
 Reference value :  3.78766e-07
 Reference value :  3.80266e-07
 Reference value :  3.81766e-07
 Reference value :  3.83766e-07
 Reference value :  3.85766e-07
 Reference value :  3.89766e-07
 Reference value :  3.95266e-07
 Reference value :  4.01266e-07
 Reference value :  4.04766e-07
 Reference value :  4.07266e-07
 Reference value :  4.08266e-07
 Reference value :  4.11266e-07
 Reference value :  4.12766e-07
 Reference value :  4.14266e-07
 Reference value :  4.15766e-07
 Reference value :  4.16766e-07
 Reference value :  4.17766e-07
 Reference value :  4.19266e-07
 Reference value :  4.20766e-07
 Reference value :  4.22266e-07
 Reference value :  4.23766e-07
 Reference value :  4.28766e-07
 Reference value :  4.31266e-07
 Reference value :  4.33266e-07
 Reference value :  4.36766e-07
 Reference value :  4.41266e-07
 Reference value :  4.46266e-07
 Reference value :  4.47766e-07
 Reference value :  4.49266e-07
 Reference value :  4.50766e-07
 Reference value :  4.51766e-07
 Reference value :  4.53266e-07
 Reference value :  4.54766e-07
 Reference value :  4.56266e-07
 Reference value :  4.57766e-07
 Reference value :  4.59266e-07
 Reference value :  4.63266e-07
 Reference value :  4.68266e-07
 Reference value :  4.73766e-07
 Reference value :  4.79766e-07
 Reference value :  4.84266e-07
 Reference value :  4.89766e-07
 Reference value :  4.94766e-07
 Reference value :  4.97766e-07
 Reference value :  4.99266e-07
No. of Data Rows : 1026
vtop_p_0            =  9.00000e-01
vtop_n_0            =  2.69718e+00
vtop_p_1            =  9.03508e-01
vtop_n_1            =  2.69366e+00
vtop_p_2            =  9.07041e-01
vtop_n_2            =  2.69013e+00
vtop_p_3            =  9.10549e-01
vtop_n_3            =  2.68661e+00
vtop_p_4            =  9.14099e-01
vtop_n_4            =  2.68307e+00
vtop_p_7            =  9.24647e-01
vtop_n_7            =  2.67253e+00
vtop_p_8            =  9.28193e-01
vtop_n_8            =  2.66897e+00
vtop_p_15           =  9.52838e-01
vtop_n_15           =  2.64434e+00
vtop_p_16           =  9.56344e-01
vtop_n_16           =  2.64082e+00
vtop_p_31           =  1.00918e+00
vtop_n_31           =  2.58799e+00
vtop_p_32           =  1.01261e+00
vtop_n_32           =  2.58455e+00
vtop_p_63           =  1.12179e+00
vtop_n_63           =  2.47538e+00
vtop_p_64           =  1.12512e+00
vtop_n_64           =  2.47204e+00
vtop_p_127          =  1.34691e+00
vtop_n_127          =  2.25026e+00
vtop_p_128          =  1.35013e+00
vtop_n_128          =  2.24703e+00
vtop_p_255          =  1.79703e+00
vtop_n_255          =  1.80013e+00
vtop_p_256          =  1.80013e+00
vtop_n_256          =  1.79703e+00
vtop_p_383          =  2.24703e+00
vtop_n_383          =  1.35013e+00
vtop_p_384          =  2.25026e+00
vtop_n_384          =  1.34691e+00
vtop_p_385          =  2.25377e+00
vtop_n_385          =  1.34341e+00
vtop_p_510          =  2.69366e+00
vtop_n_510          =  9.03508e-01
vtop_p_511          =  2.69718e+00
vtop_n_511          =  9.00000e-01
Note: Simulation executed from .control section 
