
Note: Compatibility modes selected: hs a


Circuit: * cdac-array-transfer monte carlo -- corner=tt temp=27.0c supply=1.8v seed=14 (issue #29)

option SCALE: Scale is set to 1e-06 for instance and model parameters
option SCALE: Scale is set to 1e-06 for instance and model parameters
option SCALE: Scale is set to 1e-06 for instance and model parameters
option SCALE: Scale is set to 1e-06 for instance and model parameters
Doing analysis at TEMP = 27.000000 and TNOM = 27.000000

Using KLU as Direct Linear Solver
 Reference value :  0.00000e+00
 Reference value :  9.00000e-10
 Reference value :  1.00655e-09
 Reference value :  1.18248e-09
 Reference value :  3.76560e-09
 Reference value :  9.26560e-09
 Reference value :  1.27656e-08
 Reference value :  1.72656e-08
 Reference value :  2.17656e-08
 Reference value :  2.52656e-08
 Reference value :  3.12656e-08
 Reference value :  3.67656e-08
 Reference value :  4.27656e-08
 Reference value :  4.57656e-08
 Reference value :  4.97656e-08
 Reference value :  5.12656e-08
 Reference value :  5.27656e-08
 Reference value :  5.42656e-08
 Reference value :  5.57656e-08
 Reference value :  5.72656e-08
 Reference value :  5.87656e-08
 Reference value :  6.02656e-08
 Reference value :  6.22656e-08
 Reference value :  6.37656e-08
 Reference value :  6.52656e-08
 Reference value :  6.62656e-08
 Reference value :  6.92656e-08
 Reference value :  7.47656e-08
 Reference value :  7.82656e-08
 Reference value :  8.17656e-08
 Reference value :  8.77656e-08
 Reference value :  9.17656e-08
 Reference value :  9.57656e-08
 Reference value :  1.01266e-07
 Reference value :  1.07266e-07
 Reference value :  1.10766e-07
 Reference value :  1.12266e-07
 Reference value :  1.16766e-07
 Reference value :  1.19266e-07
 Reference value :  1.20766e-07
 Reference value :  1.26766e-07
 Reference value :  1.33266e-07
 Reference value :  1.36766e-07
 Reference value :  1.38266e-07
 Reference value :  1.40766e-07
 Reference value :  1.46266e-07
 Reference value :  1.49266e-07
 Reference value :  1.53266e-07
 Reference value :  1.55766e-07
 Reference value :  1.58766e-07
 Reference value :  1.60766e-07
 Reference value :  1.62266e-07
 Reference value :  1.63266e-07
 Reference value :  1.65766e-07
 Reference value :  1.68766e-07
 Reference value :  1.73766e-07
 Reference value :  1.80266e-07
 Reference value :  1.86266e-07
 Reference value :  1.92266e-07
 Reference value :  1.97766e-07
 Reference value :  2.00766e-07
 Reference value :  2.03266e-07
 Reference value :  2.05266e-07
 Reference value :  2.06766e-07
 Reference value :  2.11766e-07
 Reference value :  2.14766e-07
 Reference value :  2.16266e-07
 Reference value :  2.21266e-07
 Reference value :  2.24766e-07
 Reference value :  2.28766e-07
 Reference value :  2.33766e-07
 Reference value :  2.39766e-07
 Reference value :  2.45766e-07
 Reference value :  2.52266e-07
 Reference value :  2.57266e-07
 Reference value :  2.58766e-07
 Reference value :  2.64766e-07
 Reference value :  2.70766e-07
 Reference value :  2.77266e-07
 Reference value :  2.81766e-07
 Reference value :  2.86266e-07
 Reference value :  2.88766e-07
 Reference value :  2.94266e-07
 Reference value :  3.00266e-07
 Reference value :  3.06266e-07
 Reference value :  3.12766e-07
 Reference value :  3.17766e-07
 Reference value :  3.20266e-07
 Reference value :  3.22266e-07
 Reference value :  3.27266e-07
 Reference value :  3.32766e-07
 Reference value :  3.38766e-07
 Reference value :  3.44766e-07
 Reference value :  3.49266e-07
 Reference value :  3.53766e-07
 Reference value :  3.58266e-07
 Reference value :  3.64766e-07
 Reference value :  3.70266e-07
 Reference value :  3.75766e-07
 Reference value :  3.81266e-07
 Reference value :  3.82766e-07
 Reference value :  3.88766e-07
 Reference value :  3.93266e-07
 Reference value :  3.99266e-07
 Reference value :  4.04766e-07
 Reference value :  4.11266e-07
 Reference value :  4.15266e-07
 Reference value :  4.21266e-07
 Reference value :  4.27766e-07
 Reference value :  4.33766e-07
 Reference value :  4.39766e-07
 Reference value :  4.44766e-07
 Reference value :  4.49266e-07
 Reference value :  4.54766e-07
 Reference value :  4.61266e-07
 Reference value :  4.67266e-07
 Reference value :  4.73766e-07
 Reference value :  4.76766e-07
 Reference value :  4.78266e-07
 Reference value :  4.81766e-07
 Reference value :  4.86266e-07
 Reference value :  4.90266e-07
 Reference value :  4.94766e-07
 Reference value :  4.98266e-07
No. of Data Rows : 1026
vtop_p_0            =  9.00000e-01
vtop_n_0            =  2.69718e+00
vtop_p_1            =  9.03508e-01
vtop_n_1            =  2.69366e+00
vtop_p_2            =  9.07041e-01
vtop_n_2            =  2.69013e+00
vtop_p_3            =  9.10549e-01
vtop_n_3            =  2.68661e+00
vtop_p_4            =  9.14099e-01
vtop_n_4            =  2.68307e+00
vtop_p_7            =  9.24647e-01
vtop_n_7            =  2.67253e+00
vtop_p_8            =  9.28193e-01
vtop_n_8            =  2.66897e+00
vtop_p_15           =  9.52838e-01
vtop_n_15           =  2.64434e+00
vtop_p_16           =  9.56344e-01
vtop_n_16           =  2.64082e+00
vtop_p_31           =  1.00918e+00
vtop_n_31           =  2.58799e+00
vtop_p_32           =  1.01261e+00
vtop_n_32           =  2.58455e+00
vtop_p_63           =  1.12179e+00
vtop_n_63           =  2.47538e+00
vtop_p_64           =  1.12512e+00
vtop_n_64           =  2.47204e+00
vtop_p_127          =  1.34691e+00
vtop_n_127          =  2.25026e+00
vtop_p_128          =  1.35013e+00
vtop_n_128          =  2.24703e+00
vtop_p_255          =  1.79703e+00
vtop_n_255          =  1.80013e+00
vtop_p_256          =  1.80013e+00
vtop_n_256          =  1.79703e+00
vtop_p_383          =  2.24703e+00
vtop_n_383          =  1.35013e+00
vtop_p_384          =  2.25026e+00
vtop_n_384          =  1.34691e+00
vtop_p_385          =  2.25377e+00
vtop_n_385          =  1.34341e+00
vtop_p_510          =  2.69366e+00
vtop_n_510          =  9.03508e-01
vtop_p_511          =  2.69718e+00
vtop_n_511          =  9.00000e-01
Note: Simulation executed from .control section 
