
Note: Compatibility modes selected: hs a


Circuit: * cdac-array-transfer monte carlo -- corner=tt temp=27.0c supply=1.8v seed=23 (issue #29)

option SCALE: Scale is set to 1e-06 for instance and model parameters
option SCALE: Scale is set to 1e-06 for instance and model parameters
option SCALE: Scale is set to 1e-06 for instance and model parameters
option SCALE: Scale is set to 1e-06 for instance and model parameters
Doing analysis at TEMP = 27.000000 and TNOM = 27.000000

Using KLU as Direct Linear Solver
 Reference value :  0.00000e+00
 Reference value :  2.00000e-11
 Reference value :  3.20000e-10
 Reference value :  9.20000e-10
 Reference value :  9.69931e-10
 Reference value :  1.00655e-09
 Reference value :  1.07178e-09
 Reference value :  1.10310e-09
 Reference value :  1.30166e-09
 Reference value :  4.76560e-09
 Reference value :  1.07656e-08
 Reference value :  1.62656e-08
 Reference value :  2.22656e-08
 Reference value :  2.77656e-08
 Reference value :  3.12656e-08
 Reference value :  3.27656e-08
 Reference value :  3.42656e-08
 Reference value :  3.57656e-08
 Reference value :  3.72656e-08
 Reference value :  3.82656e-08
 Reference value :  3.92656e-08
 Reference value :  4.07656e-08
 Reference value :  4.22656e-08
 Reference value :  4.32656e-08
 Reference value :  4.72656e-08
 Reference value :  5.32656e-08
 Reference value :  5.87656e-08
 Reference value :  6.47656e-08
 Reference value :  6.87656e-08
 Reference value :  7.07656e-08
 Reference value :  7.62656e-08
 Reference value :  7.82656e-08
 Reference value :  7.97656e-08
 Reference value :  8.07656e-08
 Reference value :  8.17656e-08
 Reference value :  8.27656e-08
 Reference value :  8.42656e-08
 Reference value :  8.57656e-08
 Reference value :  8.72656e-08
 Reference value :  8.82656e-08
 Reference value :  8.97656e-08
 Reference value :  9.12656e-08
 Reference value :  9.22656e-08
 Reference value :  9.32656e-08
 Reference value :  9.52656e-08
 Reference value :  9.67656e-08
 Reference value :  9.82656e-08
 Reference value :  9.97656e-08
 Reference value :  1.01266e-07
 Reference value :  1.02766e-07
 Reference value :  1.04266e-07
 Reference value :  1.05766e-07
 Reference value :  1.07266e-07
 Reference value :  1.08766e-07
 Reference value :  1.10266e-07
 Reference value :  1.11766e-07
 Reference value :  1.13266e-07
 Reference value :  1.14266e-07
 Reference value :  1.15766e-07
 Reference value :  1.17266e-07
 Reference value :  1.18766e-07
 Reference value :  1.19766e-07
 Reference value :  1.21266e-07
 Reference value :  1.22266e-07
 Reference value :  1.23766e-07
 Reference value :  1.25266e-07
 Reference value :  1.26766e-07
 Reference value :  1.28266e-07
 Reference value :  1.29766e-07
 Reference value :  1.31266e-07
 Reference value :  1.32266e-07
 Reference value :  1.33766e-07
 Reference value :  1.35266e-07
 Reference value :  1.36766e-07
 Reference value :  1.38266e-07
 Reference value :  1.42266e-07
 Reference value :  1.46766e-07
 Reference value :  1.48266e-07
 Reference value :  1.49766e-07
 Reference value :  1.50766e-07
 Reference value :  1.52266e-07
 Reference value :  1.53766e-07
 Reference value :  1.55266e-07
 Reference value :  1.56766e-07
 Reference value :  1.58266e-07
 Reference value :  1.59766e-07
 Reference value :  1.61266e-07
 Reference value :  1.62266e-07
 Reference value :  1.63266e-07
 Reference value :  1.64766e-07
 Reference value :  1.66266e-07
 Reference value :  1.67766e-07
 Reference value :  1.68766e-07
 Reference value :  1.70266e-07
 Reference value :  1.71766e-07
 Reference value :  1.73266e-07
 Reference value :  1.74766e-07
 Reference value :  1.76266e-07
 Reference value :  1.78266e-07
 Reference value :  1.79766e-07
 Reference value :  1.81266e-07
 Reference value :  1.82766e-07
 Reference value :  1.84766e-07
 Reference value :  1.85766e-07
 Reference value :  1.87766e-07
 Reference value :  1.91266e-07
 Reference value :  1.95766e-07
 Reference value :  1.99766e-07
 Reference value :  2.04266e-07
 Reference value :  2.07266e-07
 Reference value :  2.08766e-07
 Reference value :  2.09766e-07
 Reference value :  2.11266e-07
 Reference value :  2.12266e-07
 Reference value :  2.13766e-07
 Reference value :  2.15266e-07
 Reference value :  2.16766e-07
 Reference value :  2.17766e-07
 Reference value :  2.19266e-07
 Reference value :  2.20766e-07
 Reference value :  2.22266e-07
 Reference value :  2.25266e-07
 Reference value :  2.29766e-07
 Reference value :  2.35266e-07
 Reference value :  2.38266e-07
 Reference value :  2.43766e-07
 Reference value :  2.46266e-07
 Reference value :  2.47766e-07
 Reference value :  2.49266e-07
 Reference value :  2.50766e-07
 Reference value :  2.52766e-07
 Reference value :  2.54266e-07
 Reference value :  2.55766e-07
 Reference value :  2.57266e-07
 Reference value :  2.58766e-07
 Reference value :  2.60266e-07
 Reference value :  2.61766e-07
 Reference value :  2.63766e-07
 Reference value :  2.67266e-07
 Reference value :  2.70266e-07
 Reference value :  2.71766e-07
 Reference value :  2.73266e-07
 Reference value :  2.74766e-07
 Reference value :  2.76266e-07
 Reference value :  2.77766e-07
 Reference value :  2.79266e-07
 Reference value :  2.80266e-07
 Reference value :  2.81766e-07
 Reference value :  2.83266e-07
 Reference value :  2.84766e-07
 Reference value :  2.88766e-07
 Reference value :  2.91766e-07
 Reference value :  2.93266e-07
 Reference value :  2.99266e-07
 Reference value :  3.01766e-07
 Reference value :  3.03266e-07
 Reference value :  3.05266e-07
 Reference value :  3.06766e-07
 Reference value :  3.08266e-07
 Reference value :  3.09266e-07
 Reference value :  3.10266e-07
 Reference value :  3.11766e-07
 Reference value :  3.13266e-07
 Reference value :  3.14266e-07
 Reference value :  3.15766e-07
 Reference value :  3.17266e-07
 Reference value :  3.18266e-07
 Reference value :  3.20766e-07
 Reference value :  3.21766e-07
 Reference value :  3.23266e-07
 Reference value :  3.28266e-07
 Reference value :  3.29766e-07
 Reference value :  3.30766e-07
 Reference value :  3.32266e-07
 Reference value :  3.33266e-07
 Reference value :  3.34266e-07
 Reference value :  3.35766e-07
 Reference value :  3.36766e-07
 Reference value :  3.38266e-07
 Reference value :  3.39766e-07
 Reference value :  3.41266e-07
 Reference value :  3.45766e-07
 Reference value :  3.50766e-07
 Reference value :  3.56266e-07
 Reference value :  3.59766e-07
 Reference value :  3.65766e-07
 Reference value :  3.70766e-07
 Reference value :  3.72266e-07
 Reference value :  3.73766e-07
 Reference value :  3.75266e-07
 Reference value :  3.76766e-07
 Reference value :  3.77766e-07
 Reference value :  3.79266e-07
 Reference value :  3.80266e-07
 Reference value :  3.81766e-07
 Reference value :  3.83266e-07
 Reference value :  3.84766e-07
 Reference value :  3.90266e-07
 Reference value :  3.95766e-07
 Reference value :  4.00766e-07
 Reference value :  4.06766e-07
 Reference value :  4.08266e-07
 Reference value :  4.09766e-07
 Reference value :  4.11266e-07
 Reference value :  4.12266e-07
 Reference value :  4.13266e-07
 Reference value :  4.14766e-07
 Reference value :  4.16266e-07
 Reference value :  4.17266e-07
 Reference value :  4.18766e-07
 Reference value :  4.22266e-07
 Reference value :  4.25266e-07
 Reference value :  4.31766e-07
 Reference value :  4.36266e-07
 Reference value :  4.39766e-07
 Reference value :  4.45766e-07
 Reference value :  4.47766e-07
 Reference value :  4.49266e-07
 Reference value :  4.50766e-07
 Reference value :  4.52266e-07
 Reference value :  4.53766e-07
 Reference value :  4.55266e-07
 Reference value :  4.56266e-07
 Reference value :  4.57766e-07
 Reference value :  4.59266e-07
 Reference value :  4.61766e-07
 Reference value :  4.65266e-07
 Reference value :  4.66766e-07
 Reference value :  4.71266e-07
 Reference value :  4.74766e-07
 Reference value :  4.76266e-07
 Reference value :  4.77766e-07
 Reference value :  4.79266e-07
 Reference value :  4.80766e-07
 Reference value :  4.82266e-07
 Reference value :  4.83766e-07
 Reference value :  4.85266e-07
 Reference value :  4.86766e-07
 Reference value :  4.88266e-07
 Reference value :  4.89766e-07
 Reference value :  4.90766e-07
 Reference value :  4.92266e-07
 Reference value :  4.93266e-07
 Reference value :  4.94266e-07
 Reference value :  4.95766e-07
 Reference value :  4.97266e-07
 Reference value :  4.98766e-07
 Reference value :  5.00000e-07
No. of Data Rows : 1026
vtop_p_0            =  9.00000e-01
vtop_n_0            =  2.69718e+00
vtop_p_1            =  9.03508e-01
vtop_n_1            =  2.69366e+00
vtop_p_2            =  9.07041e-01
vtop_n_2            =  2.69013e+00
vtop_p_3            =  9.10549e-01
vtop_n_3            =  2.68661e+00
vtop_p_4            =  9.14099e-01
vtop_n_4            =  2.68307e+00
vtop_p_7            =  9.24647e-01
vtop_n_7            =  2.67253e+00
vtop_p_8            =  9.28193e-01
vtop_n_8            =  2.66897e+00
vtop_p_15           =  9.52838e-01
vtop_n_15           =  2.64434e+00
vtop_p_16           =  9.56344e-01
vtop_n_16           =  2.64082e+00
vtop_p_31           =  1.00918e+00
vtop_n_31           =  2.58799e+00
vtop_p_32           =  1.01261e+00
vtop_n_32           =  2.58455e+00
vtop_p_63           =  1.12179e+00
vtop_n_63           =  2.47538e+00
vtop_p_64           =  1.12512e+00
vtop_n_64           =  2.47204e+00
vtop_p_127          =  1.34691e+00
vtop_n_127          =  2.25026e+00
vtop_p_128          =  1.35013e+00
vtop_n_128          =  2.24703e+00
vtop_p_255          =  1.79703e+00
vtop_n_255          =  1.80013e+00
vtop_p_256          =  1.80013e+00
vtop_n_256          =  1.79703e+00
vtop_p_383          =  2.24703e+00
vtop_n_383          =  1.35013e+00
vtop_p_384          =  2.25026e+00
vtop_n_384          =  1.34691e+00
vtop_p_385          =  2.25377e+00
vtop_n_385          =  1.34341e+00
vtop_p_510          =  2.69366e+00
vtop_n_510          =  9.03508e-01
vtop_p_511          =  2.69718e+00
vtop_n_511          =  9.00000e-01
Note: Simulation executed from .control section 
