
Note: Compatibility modes selected: hs a


Circuit: * cdac-array-transfer monte carlo -- corner=tt temp=27.0c supply=1.8v seed=30 (issue #29)

option SCALE: Scale is set to 1e-06 for instance and model parameters
option SCALE: Scale is set to 1e-06 for instance and model parameters
option SCALE: Scale is set to 1e-06 for instance and model parameters
option SCALE: Scale is set to 1e-06 for instance and model parameters
Doing analysis at TEMP = 27.000000 and TNOM = 27.000000

Using KLU as Direct Linear Solver
 Reference value :  0.00000e+00
 Reference value :  1.60000e-10
 Reference value :  9.60000e-10
 Reference value :  9.87309e-10
 Reference value :  1.10000e-09
 Reference value :  1.14645e-09
 Reference value :  1.30166e-09
 Reference value :  2.26560e-09
 Reference value :  6.76560e-09
 Reference value :  1.02656e-08
 Reference value :  1.42656e-08
 Reference value :  1.92656e-08
 Reference value :  2.27656e-08
 Reference value :  2.52656e-08
 Reference value :  2.92656e-08
 Reference value :  3.32656e-08
 Reference value :  3.57656e-08
 Reference value :  3.92656e-08
 Reference value :  4.22656e-08
 Reference value :  4.47656e-08
 Reference value :  4.62656e-08
 Reference value :  5.02656e-08
 Reference value :  5.37656e-08
 Reference value :  5.62656e-08
 Reference value :  5.97656e-08
 Reference value :  6.47656e-08
 Reference value :  6.67656e-08
 Reference value :  6.82656e-08
 Reference value :  7.02656e-08
 Reference value :  7.17656e-08
 Reference value :  7.32656e-08
 Reference value :  7.47656e-08
 Reference value :  7.62656e-08
 Reference value :  7.92656e-08
 Reference value :  8.37656e-08
 Reference value :  8.57656e-08
 Reference value :  9.17656e-08
 Reference value :  9.72656e-08
 Reference value :  1.02266e-07
 Reference value :  1.07766e-07
 Reference value :  1.12766e-07
 Reference value :  1.18266e-07
 Reference value :  1.23766e-07
 Reference value :  1.28766e-07
 Reference value :  1.32766e-07
 Reference value :  1.37766e-07
 Reference value :  1.43766e-07
 Reference value :  1.49266e-07
 Reference value :  1.54266e-07
 Reference value :  1.59266e-07
 Reference value :  1.64266e-07
 Reference value :  1.68766e-07
 Reference value :  1.73766e-07
 Reference value :  1.78266e-07
 Reference value :  1.83766e-07
 Reference value :  1.89266e-07
 Reference value :  1.94266e-07
 Reference value :  1.99266e-07
 Reference value :  2.03766e-07
 Reference value :  2.08266e-07
 Reference value :  2.12766e-07
 Reference value :  2.17766e-07
 Reference value :  2.22766e-07
 Reference value :  2.27266e-07
 Reference value :  2.32266e-07
 Reference value :  2.36766e-07
 Reference value :  2.42266e-07
 Reference value :  2.47266e-07
 Reference value :  2.52766e-07
 Reference value :  2.57766e-07
 Reference value :  2.62766e-07
 Reference value :  2.68266e-07
 Reference value :  2.71766e-07
 Reference value :  2.76766e-07
 Reference value :  2.81766e-07
 Reference value :  2.86266e-07
 Reference value :  2.91266e-07
 Reference value :  2.95766e-07
 Reference value :  3.01266e-07
 Reference value :  3.05766e-07
 Reference value :  3.11766e-07
 Reference value :  3.16766e-07
 Reference value :  3.22766e-07
 Reference value :  3.26266e-07
 Reference value :  3.30766e-07
 Reference value :  3.34766e-07
 Reference value :  3.39766e-07
 Reference value :  3.43266e-07
 Reference value :  3.44766e-07
 Reference value :  3.46766e-07
 Reference value :  3.50766e-07
 Reference value :  3.54766e-07
 Reference value :  3.57766e-07
 Reference value :  3.59766e-07
 Reference value :  3.61266e-07
 Reference value :  3.63266e-07
 Reference value :  3.64766e-07
 Reference value :  3.66266e-07
 Reference value :  3.67766e-07
 Reference value :  3.69266e-07
 Reference value :  3.70766e-07
 Reference value :  3.72266e-07
 Reference value :  3.73766e-07
 Reference value :  3.75266e-07
 Reference value :  3.76766e-07
 Reference value :  3.78266e-07
 Reference value :  3.79766e-07
 Reference value :  3.81266e-07
 Reference value :  3.82766e-07
 Reference value :  3.84266e-07
 Reference value :  3.85766e-07
 Reference value :  3.87266e-07
 Reference value :  3.88766e-07
 Reference value :  3.90266e-07
 Reference value :  3.91766e-07
 Reference value :  3.93266e-07
 Reference value :  3.94766e-07
 Reference value :  3.96266e-07
 Reference value :  3.97766e-07
 Reference value :  3.99266e-07
 Reference value :  4.00766e-07
 Reference value :  4.01766e-07
 Reference value :  4.03266e-07
 Reference value :  4.04766e-07
 Reference value :  4.06266e-07
 Reference value :  4.07766e-07
 Reference value :  4.08766e-07
 Reference value :  4.10266e-07
 Reference value :  4.11766e-07
 Reference value :  4.13266e-07
 Reference value :  4.14766e-07
 Reference value :  4.16266e-07
 Reference value :  4.17766e-07
 Reference value :  4.19266e-07
 Reference value :  4.20766e-07
 Reference value :  4.22266e-07
 Reference value :  4.23766e-07
 Reference value :  4.25266e-07
 Reference value :  4.26766e-07
 Reference value :  4.28266e-07
 Reference value :  4.29766e-07
 Reference value :  4.31266e-07
 Reference value :  4.32766e-07
 Reference value :  4.34266e-07
 Reference value :  4.35766e-07
 Reference value :  4.37266e-07
 Reference value :  4.38766e-07
 Reference value :  4.40266e-07
 Reference value :  4.41766e-07
 Reference value :  4.43266e-07
 Reference value :  4.44766e-07
 Reference value :  4.46266e-07
 Reference value :  4.47766e-07
 Reference value :  4.49266e-07
 Reference value :  4.50766e-07
 Reference value :  4.52266e-07
 Reference value :  4.53766e-07
 Reference value :  4.55266e-07
 Reference value :  4.56766e-07
 Reference value :  4.58266e-07
 Reference value :  4.59766e-07
 Reference value :  4.61266e-07
 Reference value :  4.62766e-07
 Reference value :  4.64266e-07
 Reference value :  4.65766e-07
 Reference value :  4.67266e-07
 Reference value :  4.68766e-07
 Reference value :  4.70266e-07
 Reference value :  4.71766e-07
 Reference value :  4.73266e-07
 Reference value :  4.74766e-07
 Reference value :  4.76266e-07
 Reference value :  4.77766e-07
 Reference value :  4.79266e-07
 Reference value :  4.80766e-07
 Reference value :  4.82266e-07
 Reference value :  4.83766e-07
 Reference value :  4.85266e-07
 Reference value :  4.86766e-07
 Reference value :  4.88266e-07
 Reference value :  4.90266e-07
 Reference value :  4.92266e-07
 Reference value :  4.94266e-07
 Reference value :  4.95266e-07
 Reference value :  4.96266e-07
 Reference value :  4.97766e-07
 Reference value :  4.99266e-07
No. of Data Rows : 1026
vtop_p_0            =  9.00000e-01
vtop_n_0            =  2.69718e+00
vtop_p_1            =  9.03508e-01
vtop_n_1            =  2.69366e+00
vtop_p_2            =  9.07041e-01
vtop_n_2            =  2.69013e+00
vtop_p_3            =  9.10549e-01
vtop_n_3            =  2.68661e+00
vtop_p_4            =  9.14099e-01
vtop_n_4            =  2.68307e+00
vtop_p_7            =  9.24647e-01
vtop_n_7            =  2.67253e+00
vtop_p_8            =  9.28193e-01
vtop_n_8            =  2.66897e+00
vtop_p_15           =  9.52838e-01
vtop_n_15           =  2.64434e+00
vtop_p_16           =  9.56344e-01
vtop_n_16           =  2.64082e+00
vtop_p_31           =  1.00918e+00
vtop_n_31           =  2.58799e+00
vtop_p_32           =  1.01261e+00
vtop_n_32           =  2.58455e+00
vtop_p_63           =  1.12179e+00
vtop_n_63           =  2.47538e+00
vtop_p_64           =  1.12512e+00
vtop_n_64           =  2.47204e+00
vtop_p_127          =  1.34691e+00
vtop_n_127          =  2.25026e+00
vtop_p_128          =  1.35013e+00
vtop_n_128          =  2.24703e+00
vtop_p_255          =  1.79703e+00
vtop_n_255          =  1.80013e+00
vtop_p_256          =  1.80013e+00
vtop_n_256          =  1.79703e+00
vtop_p_383          =  2.24703e+00
vtop_n_383          =  1.35013e+00
vtop_p_384          =  2.25026e+00
vtop_n_384          =  1.34691e+00
vtop_p_385          =  2.25377e+00
vtop_n_385          =  1.34341e+00
vtop_p_510          =  2.69366e+00
vtop_n_510          =  9.03508e-01
vtop_p_511          =  2.69718e+00
vtop_n_511          =  9.00000e-01
Note: Simulation executed from .control section 
