
Note: Compatibility modes selected: hs a


Circuit: * cdac-array-transfer monte carlo -- corner=tt temp=27.0c supply=1.8v seed=36 (issue #29)

option SCALE: Scale is set to 1e-06 for instance and model parameters
option SCALE: Scale is set to 1e-06 for instance and model parameters
option SCALE: Scale is set to 1e-06 for instance and model parameters
option SCALE: Scale is set to 1e-06 for instance and model parameters
Doing analysis at TEMP = 27.000000 and TNOM = 27.000000

Using KLU as Direct Linear Solver
 Reference value :  0.00000e+00
 Reference value :  4.00000e-11
 Reference value :  6.10000e-10
 Reference value :  9.60000e-10
 Reference value :  9.87309e-10
 Reference value :  1.04356e-09
 Reference value :  1.10310e-09
 Reference value :  1.14645e-09
 Reference value :  1.23216e-09
 Reference value :  1.38965e-09
 Reference value :  1.96923e-09
 Reference value :  3.26560e-09
 Reference value :  4.76560e-09
 Reference value :  6.26560e-09
 Reference value :  7.76560e-09
 Reference value :  9.26560e-09
 Reference value :  1.07656e-08
 Reference value :  1.22656e-08
 Reference value :  1.32656e-08
 Reference value :  1.42656e-08
 Reference value :  1.57656e-08
 Reference value :  1.72656e-08
 Reference value :  1.87656e-08
 Reference value :  2.02656e-08
 Reference value :  2.17656e-08
 Reference value :  2.32656e-08
 Reference value :  2.47656e-08
 Reference value :  2.57656e-08
 Reference value :  2.72656e-08
 Reference value :  2.87656e-08
 Reference value :  3.02656e-08
 Reference value :  3.17656e-08
 Reference value :  3.32656e-08
 Reference value :  3.47656e-08
 Reference value :  3.62656e-08
 Reference value :  3.77656e-08
 Reference value :  3.92656e-08
 Reference value :  4.07656e-08
 Reference value :  4.22656e-08
 Reference value :  4.37656e-08
 Reference value :  4.52656e-08
 Reference value :  4.67656e-08
 Reference value :  4.82656e-08
 Reference value :  4.97656e-08
 Reference value :  5.12656e-08
 Reference value :  5.27656e-08
 Reference value :  5.42656e-08
 Reference value :  5.57656e-08
 Reference value :  5.72656e-08
 Reference value :  5.87656e-08
 Reference value :  6.02656e-08
 Reference value :  6.17656e-08
 Reference value :  6.32656e-08
 Reference value :  6.47656e-08
 Reference value :  6.62656e-08
 Reference value :  6.77656e-08
 Reference value :  6.92656e-08
 Reference value :  7.07656e-08
 Reference value :  7.32656e-08
 Reference value :  7.47656e-08
 Reference value :  7.62656e-08
 Reference value :  7.77656e-08
 Reference value :  7.92656e-08
 Reference value :  8.07656e-08
 Reference value :  8.22656e-08
 Reference value :  8.37656e-08
 Reference value :  8.52656e-08
 Reference value :  8.67656e-08
 Reference value :  8.77656e-08
 Reference value :  8.92656e-08
 Reference value :  9.02656e-08
 Reference value :  9.17656e-08
 Reference value :  9.32656e-08
 Reference value :  9.47656e-08
 Reference value :  9.62656e-08
 Reference value :  9.72656e-08
 Reference value :  9.87656e-08
 Reference value :  1.00266e-07
 Reference value :  1.01766e-07
 Reference value :  1.02766e-07
 Reference value :  1.03766e-07
 Reference value :  1.05266e-07
 Reference value :  1.06766e-07
 Reference value :  1.08266e-07
 Reference value :  1.09766e-07
 Reference value :  1.11266e-07
 Reference value :  1.12766e-07
 Reference value :  1.14266e-07
 Reference value :  1.15266e-07
 Reference value :  1.16766e-07
 Reference value :  1.18266e-07
 Reference value :  1.19766e-07
 Reference value :  1.21266e-07
 Reference value :  1.22766e-07
 Reference value :  1.24266e-07
 Reference value :  1.25766e-07
 Reference value :  1.27266e-07
 Reference value :  1.28766e-07
 Reference value :  1.30266e-07
 Reference value :  1.31766e-07
 Reference value :  1.32766e-07
 Reference value :  1.33766e-07
 Reference value :  1.35266e-07
 Reference value :  1.36766e-07
 Reference value :  1.38266e-07
 Reference value :  1.39766e-07
 Reference value :  1.41266e-07
 Reference value :  1.42766e-07
 Reference value :  1.44266e-07
 Reference value :  1.45766e-07
 Reference value :  1.47266e-07
 Reference value :  1.48766e-07
 Reference value :  1.50266e-07
 Reference value :  1.51766e-07
 Reference value :  1.53266e-07
 Reference value :  1.54766e-07
 Reference value :  1.56266e-07
 Reference value :  1.57766e-07
 Reference value :  1.59266e-07
 Reference value :  1.60766e-07
 Reference value :  1.61766e-07
 Reference value :  1.63266e-07
 Reference value :  1.64766e-07
 Reference value :  1.66266e-07
 Reference value :  1.67766e-07
 Reference value :  1.69266e-07
 Reference value :  1.70766e-07
 Reference value :  1.72266e-07
 Reference value :  1.73766e-07
 Reference value :  1.75266e-07
 Reference value :  1.76766e-07
 Reference value :  1.78266e-07
 Reference value :  1.79766e-07
 Reference value :  1.81266e-07
 Reference value :  1.83266e-07
 Reference value :  1.84766e-07
 Reference value :  1.86266e-07
 Reference value :  1.87766e-07
 Reference value :  1.89266e-07
 Reference value :  1.90766e-07
 Reference value :  1.92266e-07
 Reference value :  1.93766e-07
 Reference value :  1.95266e-07
 Reference value :  1.96266e-07
 Reference value :  1.97766e-07
 Reference value :  1.99266e-07
 Reference value :  2.00766e-07
 Reference value :  2.02266e-07
 Reference value :  2.03766e-07
 Reference value :  2.05266e-07
 Reference value :  2.06266e-07
 Reference value :  2.07766e-07
 Reference value :  2.09266e-07
 Reference value :  2.10766e-07
 Reference value :  2.12266e-07
 Reference value :  2.13766e-07
 Reference value :  2.15266e-07
 Reference value :  2.16766e-07
 Reference value :  2.18266e-07
 Reference value :  2.19766e-07
 Reference value :  2.21266e-07
 Reference value :  2.22766e-07
 Reference value :  2.24266e-07
 Reference value :  2.25766e-07
 Reference value :  2.27266e-07
 Reference value :  2.28766e-07
 Reference value :  2.29766e-07
 Reference value :  2.31266e-07
 Reference value :  2.32266e-07
 Reference value :  2.33766e-07
 Reference value :  2.35266e-07
 Reference value :  2.36766e-07
 Reference value :  2.38266e-07
 Reference value :  2.39766e-07
 Reference value :  2.41266e-07
 Reference value :  2.42266e-07
 Reference value :  2.43766e-07
 Reference value :  2.45266e-07
 Reference value :  2.46766e-07
 Reference value :  2.48266e-07
 Reference value :  2.49766e-07
 Reference value :  2.51266e-07
 Reference value :  2.52766e-07
 Reference value :  2.53766e-07
 Reference value :  2.55266e-07
 Reference value :  2.56766e-07
 Reference value :  2.58266e-07
 Reference value :  2.59266e-07
 Reference value :  2.60266e-07
 Reference value :  2.61766e-07
 Reference value :  2.62766e-07
 Reference value :  2.64266e-07
 Reference value :  2.65766e-07
 Reference value :  2.67266e-07
 Reference value :  2.68766e-07
 Reference value :  2.70266e-07
 Reference value :  2.71766e-07
 Reference value :  2.73266e-07
 Reference value :  2.74766e-07
 Reference value :  2.76266e-07
 Reference value :  2.77766e-07
 Reference value :  2.79266e-07
 Reference value :  2.80266e-07
 Reference value :  2.81766e-07
 Reference value :  2.83266e-07
 Reference value :  2.84766e-07
 Reference value :  2.86266e-07
 Reference value :  2.87766e-07
 Reference value :  2.89266e-07
 Reference value :  2.90766e-07
 Reference value :  2.92266e-07
 Reference value :  2.93766e-07
 Reference value :  2.95266e-07
 Reference value :  2.96766e-07
 Reference value :  2.98266e-07
 Reference value :  2.99266e-07
 Reference value :  3.00766e-07
 Reference value :  3.02266e-07
 Reference value :  3.03766e-07
 Reference value :  3.05266e-07
 Reference value :  3.06766e-07
 Reference value :  3.08266e-07
 Reference value :  3.09766e-07
 Reference value :  3.11266e-07
 Reference value :  3.12766e-07
 Reference value :  3.14266e-07
 Reference value :  3.15766e-07
 Reference value :  3.16766e-07
 Reference value :  3.17766e-07
 Reference value :  3.19266e-07
 Reference value :  3.20766e-07
 Reference value :  3.22266e-07
 Reference value :  3.23766e-07
 Reference value :  3.25266e-07
 Reference value :  3.26766e-07
 Reference value :  3.28266e-07
 Reference value :  3.29766e-07
 Reference value :  3.31266e-07
 Reference value :  3.32766e-07
 Reference value :  3.34266e-07
 Reference value :  3.35766e-07
 Reference value :  3.37266e-07
 Reference value :  3.38766e-07
 Reference value :  3.40266e-07
 Reference value :  3.41766e-07
 Reference value :  3.43766e-07
 Reference value :  3.47266e-07
 Reference value :  3.48766e-07
 Reference value :  3.50766e-07
 Reference value :  3.52266e-07
 Reference value :  3.53766e-07
 Reference value :  3.55266e-07
 Reference value :  3.57266e-07
 Reference value :  3.58766e-07
 Reference value :  3.60266e-07
 Reference value :  3.61766e-07
 Reference value :  3.63266e-07
 Reference value :  3.64766e-07
 Reference value :  3.66766e-07
 Reference value :  3.68766e-07
 Reference value :  3.70266e-07
 Reference value :  3.71766e-07
 Reference value :  3.73266e-07
 Reference value :  3.75266e-07
 Reference value :  3.76766e-07
 Reference value :  3.78266e-07
 Reference value :  3.79766e-07
 Reference value :  3.81266e-07
 Reference value :  3.82766e-07
 Reference value :  3.84266e-07
 Reference value :  3.85266e-07
 Reference value :  3.86766e-07
 Reference value :  3.88266e-07
 Reference value :  3.89766e-07
 Reference value :  3.91266e-07
 Reference value :  3.92766e-07
 Reference value :  3.94266e-07
 Reference value :  3.95766e-07
 Reference value :  3.96766e-07
 Reference value :  3.98266e-07
 Reference value :  3.99766e-07
 Reference value :  4.01266e-07
 Reference value :  4.02266e-07
 Reference value :  4.03766e-07
 Reference value :  4.05266e-07
 Reference value :  4.06766e-07
 Reference value :  4.08266e-07
 Reference value :  4.09766e-07
 Reference value :  4.11266e-07
 Reference value :  4.12766e-07
 Reference value :  4.13766e-07
 Reference value :  4.15266e-07
 Reference value :  4.16766e-07
 Reference value :  4.18266e-07
 Reference value :  4.20766e-07
 Reference value :  4.22266e-07
 Reference value :  4.23266e-07
 Reference value :  4.24766e-07
 Reference value :  4.26266e-07
 Reference value :  4.27766e-07
 Reference value :  4.29266e-07
 Reference value :  4.30766e-07
 Reference value :  4.32266e-07
 Reference value :  4.33766e-07
 Reference value :  4.35266e-07
 Reference value :  4.36766e-07
 Reference value :  4.38266e-07
 Reference value :  4.40266e-07
 Reference value :  4.41266e-07
 Reference value :  4.42766e-07
 Reference value :  4.44266e-07
 Reference value :  4.45766e-07
 Reference value :  4.47266e-07
 Reference value :  4.48766e-07
 Reference value :  4.50266e-07
 Reference value :  4.51766e-07
 Reference value :  4.53266e-07
 Reference value :  4.54766e-07
 Reference value :  4.56266e-07
 Reference value :  4.57766e-07
 Reference value :  4.59266e-07
 Reference value :  4.60266e-07
 Reference value :  4.61266e-07
 Reference value :  4.62766e-07
 Reference value :  4.64266e-07
 Reference value :  4.65766e-07
 Reference value :  4.67266e-07
 Reference value :  4.68766e-07
 Reference value :  4.70266e-07
 Reference value :  4.71766e-07
 Reference value :  4.73266e-07
 Reference value :  4.74766e-07
 Reference value :  4.76266e-07
 Reference value :  4.77766e-07
 Reference value :  4.79266e-07
 Reference value :  4.80766e-07
 Reference value :  4.82266e-07
 Reference value :  4.83766e-07
 Reference value :  4.84766e-07
 Reference value :  4.86266e-07
 Reference value :  4.87766e-07
 Reference value :  4.89266e-07
 Reference value :  4.90766e-07
 Reference value :  4.92266e-07
 Reference value :  4.93766e-07
 Reference value :  4.95266e-07
 Reference value :  4.96766e-07
 Reference value :  4.98266e-07
 Reference value :  4.99633e-07
No. of Data Rows : 1026
vtop_p_0            =  9.00000e-01
vtop_n_0            =  2.69718e+00
vtop_p_1            =  9.03508e-01
vtop_n_1            =  2.69366e+00
vtop_p_2            =  9.07041e-01
vtop_n_2            =  2.69013e+00
vtop_p_3            =  9.10549e-01
vtop_n_3            =  2.68661e+00
vtop_p_4            =  9.14099e-01
vtop_n_4            =  2.68307e+00
vtop_p_7            =  9.24647e-01
vtop_n_7            =  2.67253e+00
vtop_p_8            =  9.28193e-01
vtop_n_8            =  2.66897e+00
vtop_p_15           =  9.52838e-01
vtop_n_15           =  2.64434e+00
vtop_p_16           =  9.56344e-01
vtop_n_16           =  2.64082e+00
vtop_p_31           =  1.00918e+00
vtop_n_31           =  2.58799e+00
vtop_p_32           =  1.01261e+00
vtop_n_32           =  2.58455e+00
vtop_p_63           =  1.12179e+00
vtop_n_63           =  2.47538e+00
vtop_p_64           =  1.12512e+00
vtop_n_64           =  2.47204e+00
vtop_p_127          =  1.34691e+00
vtop_n_127          =  2.25026e+00
vtop_p_128          =  1.35013e+00
vtop_n_128          =  2.24703e+00
vtop_p_255          =  1.79703e+00
vtop_n_255          =  1.80013e+00
vtop_p_256          =  1.80013e+00
vtop_n_256          =  1.79703e+00
vtop_p_383          =  2.24703e+00
vtop_n_383          =  1.35013e+00
vtop_p_384          =  2.25026e+00
vtop_n_384          =  1.34691e+00
vtop_p_385          =  2.25377e+00
vtop_n_385          =  1.34341e+00
vtop_p_510          =  2.69366e+00
vtop_n_510          =  9.03508e-01
vtop_p_511          =  2.69718e+00
vtop_n_511          =  9.00000e-01
Note: Simulation executed from .control section 
