
Note: Compatibility modes selected: hs a


Circuit: * cdac-array-transfer monte carlo -- corner=tt temp=27.0c supply=1.8v seed=15 (issue #29)

option SCALE: Scale is set to 1e-06 for instance and model parameters
option SCALE: Scale is set to 1e-06 for instance and model parameters
option SCALE: Scale is set to 1e-06 for instance and model parameters
option SCALE: Scale is set to 1e-06 for instance and model parameters
Doing analysis at TEMP = 27.000000 and TNOM = 27.000000

Using KLU as Direct Linear Solver
 Reference value :  0.00000e+00
 Reference value :  4.00000e-11
 Reference value :  9.00000e-10
 Reference value :  1.12168e-09
 Reference value :  3.26560e-09
 Reference value :  9.76560e-09
 Reference value :  1.52656e-08
 Reference value :  1.72656e-08
 Reference value :  1.87656e-08
 Reference value :  2.47656e-08
 Reference value :  3.02656e-08
 Reference value :  3.62656e-08
 Reference value :  4.22656e-08
 Reference value :  4.42656e-08
 Reference value :  5.02656e-08
 Reference value :  5.62656e-08
 Reference value :  6.12656e-08
 Reference value :  6.42656e-08
 Reference value :  6.97656e-08
 Reference value :  7.47656e-08
 Reference value :  8.02656e-08
 Reference value :  8.32656e-08
 Reference value :  8.62656e-08
 Reference value :  8.82656e-08
 Reference value :  9.42656e-08
 Reference value :  1.00266e-07
 Reference value :  1.04766e-07
 Reference value :  1.05766e-07
 Reference value :  1.11266e-07
 Reference value :  1.17766e-07
 Reference value :  1.23766e-07
 Reference value :  1.28266e-07
 Reference value :  1.32266e-07
 Reference value :  1.33766e-07
 Reference value :  1.35266e-07
 Reference value :  1.36766e-07
 Reference value :  1.38266e-07
 Reference value :  1.39766e-07
 Reference value :  1.42266e-07
 Reference value :  1.44766e-07
 Reference value :  1.47766e-07
 Reference value :  1.52266e-07
 Reference value :  1.55766e-07
 Reference value :  1.62266e-07
 Reference value :  1.66766e-07
 Reference value :  1.69266e-07
 Reference value :  1.72766e-07
 Reference value :  1.77266e-07
 Reference value :  1.83766e-07
 Reference value :  1.89266e-07
 Reference value :  1.95766e-07
 Reference value :  2.00266e-07
 Reference value :  2.05266e-07
 Reference value :  2.10266e-07
 Reference value :  2.16266e-07
 Reference value :  2.22266e-07
 Reference value :  2.27766e-07
 Reference value :  2.30766e-07
 Reference value :  2.35266e-07
 Reference value :  2.40766e-07
 Reference value :  2.46266e-07
 Reference value :  2.49266e-07
 Reference value :  2.54266e-07
 Reference value :  2.60266e-07
 Reference value :  2.63766e-07
 Reference value :  2.65266e-07
 Reference value :  2.68266e-07
 Reference value :  2.74266e-07
 Reference value :  2.80266e-07
 Reference value :  2.85266e-07
 Reference value :  2.87766e-07
 Reference value :  2.91766e-07
 Reference value :  2.97766e-07
 Reference value :  3.03766e-07
 Reference value :  3.09766e-07
 Reference value :  3.15266e-07
 Reference value :  3.20266e-07
 Reference value :  3.23766e-07
 Reference value :  3.26266e-07
 Reference value :  3.32266e-07
 Reference value :  3.37766e-07
 Reference value :  3.43766e-07
 Reference value :  3.49266e-07
 Reference value :  3.52766e-07
 Reference value :  3.55766e-07
 Reference value :  3.58766e-07
 Reference value :  3.62266e-07
 Reference value :  3.65266e-07
 Reference value :  3.68266e-07
 Reference value :  3.70266e-07
 Reference value :  3.73266e-07
 Reference value :  3.77266e-07
 Reference value :  3.81266e-07
 Reference value :  3.85266e-07
 Reference value :  3.91266e-07
 Reference value :  3.92766e-07
 Reference value :  3.94266e-07
 Reference value :  3.96266e-07
 Reference value :  3.98766e-07
 Reference value :  4.00766e-07
 Reference value :  4.03766e-07
 Reference value :  4.08766e-07
 Reference value :  4.12766e-07
 Reference value :  4.14266e-07
 Reference value :  4.19766e-07
 Reference value :  4.25266e-07
 Reference value :  4.29766e-07
 Reference value :  4.34266e-07
 Reference value :  4.37766e-07
 Reference value :  4.43766e-07
 Reference value :  4.49766e-07
 Reference value :  4.55766e-07
 Reference value :  4.61766e-07
 Reference value :  4.67766e-07
 Reference value :  4.72766e-07
 Reference value :  4.75766e-07
 Reference value :  4.78766e-07
 Reference value :  4.81766e-07
 Reference value :  4.85766e-07
 Reference value :  4.89266e-07
 Reference value :  4.92766e-07
 Reference value :  4.95766e-07
 Reference value :  4.98766e-07
No. of Data Rows : 1026
vtop_p_0            =  9.00000e-01
vtop_n_0            =  2.69718e+00
vtop_p_1            =  9.03508e-01
vtop_n_1            =  2.69366e+00
vtop_p_2            =  9.07041e-01
vtop_n_2            =  2.69013e+00
vtop_p_3            =  9.10549e-01
vtop_n_3            =  2.68661e+00
vtop_p_4            =  9.14099e-01
vtop_n_4            =  2.68307e+00
vtop_p_7            =  9.24647e-01
vtop_n_7            =  2.67253e+00
vtop_p_8            =  9.28193e-01
vtop_n_8            =  2.66897e+00
vtop_p_15           =  9.52838e-01
vtop_n_15           =  2.64434e+00
vtop_p_16           =  9.56344e-01
vtop_n_16           =  2.64082e+00
vtop_p_31           =  1.00918e+00
vtop_n_31           =  2.58799e+00
vtop_p_32           =  1.01261e+00
vtop_n_32           =  2.58455e+00
vtop_p_63           =  1.12179e+00
vtop_n_63           =  2.47538e+00
vtop_p_64           =  1.12512e+00
vtop_n_64           =  2.47204e+00
vtop_p_127          =  1.34691e+00
vtop_n_127          =  2.25026e+00
vtop_p_128          =  1.35013e+00
vtop_n_128          =  2.24703e+00
vtop_p_255          =  1.79703e+00
vtop_n_255          =  1.80013e+00
vtop_p_256          =  1.80013e+00
vtop_n_256          =  1.79703e+00
vtop_p_383          =  2.24703e+00
vtop_n_383          =  1.35013e+00
vtop_p_384          =  2.25026e+00
vtop_n_384          =  1.34691e+00
vtop_p_385          =  2.25377e+00
vtop_n_385          =  1.34341e+00
vtop_p_510          =  2.69366e+00
vtop_n_510          =  9.03508e-01
vtop_p_511          =  2.69718e+00
vtop_n_511          =  9.00000e-01
Note: Simulation executed from .control section 
