
Note: Compatibility modes selected: hs a


Circuit: * cdac-array-transfer monte carlo -- corner=tt temp=27.0c supply=1.8v seed=18 (issue #29)

option SCALE: Scale is set to 1e-06 for instance and model parameters
option SCALE: Scale is set to 1e-06 for instance and model parameters
option SCALE: Scale is set to 1e-06 for instance and model parameters
option SCALE: Scale is set to 1e-06 for instance and model parameters
Doing analysis at TEMP = 27.000000 and TNOM = 27.000000

Using KLU as Direct Linear Solver
 Reference value :  0.00000e+00
 Reference value :  9.87309e-10
 Reference value :  1.23216e-09
 Reference value :  3.26560e-09
 Reference value :  5.26560e-09
 Reference value :  9.26560e-09
 Reference value :  1.42656e-08
 Reference value :  1.87656e-08
 Reference value :  2.32656e-08
 Reference value :  2.77656e-08
 Reference value :  3.32656e-08
 Reference value :  3.87656e-08
 Reference value :  4.27656e-08
 Reference value :  4.87656e-08
 Reference value :  5.37656e-08
 Reference value :  6.02656e-08
 Reference value :  6.62656e-08
 Reference value :  7.27656e-08
 Reference value :  7.72656e-08
 Reference value :  8.22656e-08
 Reference value :  8.82656e-08
 Reference value :  9.42656e-08
 Reference value :  1.00266e-07
 Reference value :  1.05266e-07
 Reference value :  1.11266e-07
 Reference value :  1.16766e-07
 Reference value :  1.22266e-07
 Reference value :  1.27766e-07
 Reference value :  1.33766e-07
 Reference value :  1.37766e-07
 Reference value :  1.42266e-07
 Reference value :  1.47766e-07
 Reference value :  1.52766e-07
 Reference value :  1.59266e-07
 Reference value :  1.63266e-07
 Reference value :  1.67766e-07
 Reference value :  1.73266e-07
 Reference value :  1.79766e-07
 Reference value :  1.85766e-07
 Reference value :  1.91766e-07
 Reference value :  1.96266e-07
 Reference value :  2.00766e-07
 Reference value :  2.07266e-07
 Reference value :  2.13266e-07
 Reference value :  2.19266e-07
 Reference value :  2.24266e-07
 Reference value :  2.30266e-07
 Reference value :  2.36266e-07
 Reference value :  2.42266e-07
 Reference value :  2.48766e-07
 Reference value :  2.54766e-07
 Reference value :  2.60266e-07
 Reference value :  2.65266e-07
 Reference value :  2.71266e-07
 Reference value :  2.76766e-07
 Reference value :  2.82766e-07
 Reference value :  2.87766e-07
 Reference value :  2.93766e-07
 Reference value :  3.00266e-07
 Reference value :  3.06266e-07
 Reference value :  3.12766e-07
 Reference value :  3.18266e-07
 Reference value :  3.23766e-07
 Reference value :  3.29766e-07
 Reference value :  3.35766e-07
 Reference value :  3.41766e-07
 Reference value :  3.47766e-07
 Reference value :  3.53766e-07
 Reference value :  3.59766e-07
 Reference value :  3.65766e-07
 Reference value :  3.70766e-07
 Reference value :  3.76766e-07
 Reference value :  3.82266e-07
 Reference value :  3.88266e-07
 Reference value :  3.94266e-07
 Reference value :  3.99266e-07
 Reference value :  4.05266e-07
 Reference value :  4.10266e-07
 Reference value :  4.14266e-07
 Reference value :  4.19266e-07
 Reference value :  4.25266e-07
 Reference value :  4.30766e-07
 Reference value :  4.36266e-07
 Reference value :  4.42266e-07
 Reference value :  4.47766e-07
 Reference value :  4.54266e-07
 Reference value :  4.59266e-07
 Reference value :  4.62266e-07
 Reference value :  4.64766e-07
 Reference value :  4.71266e-07
 Reference value :  4.76766e-07
 Reference value :  4.82766e-07
 Reference value :  4.89266e-07
 Reference value :  4.90766e-07
 Reference value :  4.92766e-07
 Reference value :  4.97266e-07
No. of Data Rows : 1026
vtop_p_0            =  9.00000e-01
vtop_n_0            =  2.69718e+00
vtop_p_1            =  9.03508e-01
vtop_n_1            =  2.69366e+00
vtop_p_2            =  9.07041e-01
vtop_n_2            =  2.69013e+00
vtop_p_3            =  9.10549e-01
vtop_n_3            =  2.68661e+00
vtop_p_4            =  9.14099e-01
vtop_n_4            =  2.68307e+00
vtop_p_7            =  9.24647e-01
vtop_n_7            =  2.67253e+00
vtop_p_8            =  9.28193e-01
vtop_n_8            =  2.66897e+00
vtop_p_15           =  9.52838e-01
vtop_n_15           =  2.64434e+00
vtop_p_16           =  9.56344e-01
vtop_n_16           =  2.64082e+00
vtop_p_31           =  1.00918e+00
vtop_n_31           =  2.58799e+00
vtop_p_32           =  1.01261e+00
vtop_n_32           =  2.58455e+00
vtop_p_63           =  1.12179e+00
vtop_n_63           =  2.47538e+00
vtop_p_64           =  1.12512e+00
vtop_n_64           =  2.47204e+00
vtop_p_127          =  1.34691e+00
vtop_n_127          =  2.25026e+00
vtop_p_128          =  1.35013e+00
vtop_n_128          =  2.24703e+00
vtop_p_255          =  1.79703e+00
vtop_n_255          =  1.80013e+00
vtop_p_256          =  1.80013e+00
vtop_n_256          =  1.79703e+00
vtop_p_383          =  2.24703e+00
vtop_n_383          =  1.35013e+00
vtop_p_384          =  2.25026e+00
vtop_n_384          =  1.34691e+00
vtop_p_385          =  2.25377e+00
vtop_n_385          =  1.34341e+00
vtop_p_510          =  2.69366e+00
vtop_n_510          =  9.03508e-01
vtop_p_511          =  2.69718e+00
vtop_n_511          =  9.00000e-01
Note: Simulation executed from .control section 
