
Note: Compatibility modes selected: hs a


Circuit: * sim/ground-return-impedance (issue #378) arm 'ideal' -- reusing

option SCALE: Scale is set to 1e-06 for instance and model parameters
option SCALE: Scale is set to 1e-06 for instance and model parameters
option SCALE: Scale is set to 1e-06 for instance and model parameters
option SCALE: Scale is set to 1e-06 for instance and model parameters
Doing analysis at TEMP = 27.000000 and TNOM = 27.000000

Using KLU as Direct Linear Solver
 Reference value :  0.00000e+00
 Reference value :  6.64000e-09
 Reference value :  1.46400e-08
 Reference value :  2.03500e-08
 Reference value :  2.32500e-08
 Reference value :  2.87500e-08
 Reference value :  3.37500e-08
 Reference value :  3.87500e-08
 Reference value :  4.52500e-08
 Reference value :  4.97500e-08
 Reference value :  5.47500e-08
 Reference value :  5.92500e-08
 Reference value :  6.37500e-08
 Reference value :  7.17500e-08
 Reference value :  7.92500e-08
 Reference value :  8.57500e-08
 Reference value :  9.22500e-08
 Reference value :  9.82500e-08
 Reference value :  1.04750e-07
 Reference value :  1.12250e-07
 Reference value :  1.22250e-07
 Reference value :  1.30750e-07
 Reference value :  1.37750e-07
 Reference value :  1.45250e-07
 Reference value :  1.52250e-07
 Reference value :  1.59750e-07
 Reference value :  1.66750e-07
 Reference value :  1.74750e-07
 Reference value :  1.82250e-07
 Reference value :  1.89750e-07
 Reference value :  1.96750e-07
 Reference value :  2.00134e-07
 Reference value :  2.00588e-07
 Reference value :  2.00976e-07
 Reference value :  2.01636e-07
 Reference value :  2.07970e-07
 Reference value :  2.15470e-07
 Reference value :  2.20970e-07
 Reference value :  2.27470e-07
 Reference value :  2.33470e-07
 Reference value :  2.38970e-07
 Reference value :  2.41842e-07
 Reference value :  2.43061e-07
 Reference value :  2.43734e-07
 Reference value :  2.48559e-07
 Reference value :  2.56059e-07
 Reference value :  2.63059e-07
 Reference value :  2.70559e-07
 Reference value :  2.78559e-07
 Reference value :  2.82983e-07
 Reference value :  2.83639e-07
 Reference value :  2.83946e-07
 Reference value :  2.84531e-07
 Reference value :  2.85540e-07
 Reference value :  2.89796e-07
 Reference value :  2.95296e-07
 Reference value :  3.00796e-07
 Reference value :  3.05796e-07
 Reference value :  3.11796e-07
 Reference value :  3.17296e-07
 Reference value :  3.23296e-07
 Reference value :  3.25175e-07
 Reference value :  3.26398e-07
 Reference value :  3.29634e-07
 Reference value :  3.35134e-07
 Reference value :  3.40134e-07
 Reference value :  3.45634e-07
 Reference value :  3.51634e-07
 Reference value :  3.57134e-07
 Reference value :  3.63134e-07
 Reference value :  3.66791e-07
 Reference value :  3.67279e-07
 Reference value :  3.68631e-07
 Reference value :  3.73631e-07
 Reference value :  3.79131e-07
 Reference value :  3.85131e-07
 Reference value :  3.90631e-07
 Reference value :  3.95631e-07
 Reference value :  4.01631e-07
 Reference value :  4.07131e-07
 Reference value :  4.08833e-07
 Reference value :  4.10067e-07
 Reference value :  4.12870e-07
 Reference value :  4.16370e-07
 Reference value :  4.20870e-07
 Reference value :  4.26370e-07
 Reference value :  4.31370e-07
 Reference value :  4.36370e-07
 Reference value :  4.42370e-07
 Reference value :  4.48870e-07
 Reference value :  4.50124e-07
 Reference value :  4.50763e-07
 Reference value :  4.51222e-07
 Reference value :  4.52250e-07
 Reference value :  4.56750e-07
 Reference value :  4.61750e-07
 Reference value :  4.66750e-07
 Reference value :  4.74250e-07
 Reference value :  4.79750e-07
 Reference value :  4.85250e-07
 Reference value :  4.90250e-07
 Reference value :  4.92167e-07
 Reference value :  4.93453e-07
 Reference value :  4.98332e-07
 Reference value :  5.03332e-07
 Reference value :  5.08832e-07
 Reference value :  5.13832e-07
 Reference value :  5.19332e-07
 Reference value :  5.24332e-07
 Reference value :  5.32332e-07
 Reference value :  5.33833e-07
 Reference value :  5.35468e-07
 Reference value :  5.43468e-07
 Reference value :  5.50968e-07
 Reference value :  5.59968e-07
 Reference value :  5.67468e-07
 Reference value :  5.73468e-07
 Reference value :  5.75175e-07
 Reference value :  5.76743e-07
 Reference value :  5.81104e-07
 Reference value :  5.86604e-07
 Reference value :  5.90604e-07
 Reference value :  5.94604e-07
 Reference value :  5.99604e-07
 Reference value :  6.08104e-07
 Reference value :  6.16517e-07
 Reference value :  6.17766e-07
 Reference value :  6.20403e-07
 Reference value :  6.31403e-07
 Reference value :  6.42403e-07
 Reference value :  6.53403e-07
 Reference value :  6.59146e-07
 Reference value :  6.67461e-07
 Reference value :  6.78461e-07
 Reference value :  6.88961e-07
 Reference value :  6.96961e-07
 Reference value :  7.00294e-07
 Reference value :  7.01488e-07
 Reference value :  7.08228e-07
 Reference value :  7.17228e-07
 Reference value :  7.26728e-07
 Reference value :  7.36228e-07
 Reference value :  7.42167e-07
 Reference value :  7.46810e-07
 Reference value :  7.57310e-07
 Reference value :  7.67810e-07
 Reference value :  7.78310e-07
 Reference value :  7.83626e-07
 Reference value :  7.84351e-07
 Reference value :  7.93294e-07
 Reference value :  8.03294e-07
 Reference value :  8.13794e-07
 Reference value :  8.24500e-07
 Reference value :  8.26765e-07
 Reference value :  8.38134e-07
 Reference value :  8.48134e-07
 Reference value :  8.58634e-07
 Reference value :  8.66517e-07
 Reference value :  8.67203e-07
 Reference value :  8.71335e-07
 Reference value :  8.80835e-07
 Reference value :  8.90335e-07
 Reference value :  9.00335e-07
 Reference value :  9.08508e-07
 Reference value :  9.12464e-07
 Reference value :  9.22964e-07
 Reference value :  9.32964e-07
 Reference value :  9.42964e-07
 Reference value :  9.50085e-07
 Reference value :  9.50959e-07
 Reference value :  9.60003e-07
 Reference value :  9.71003e-07
 Reference value :  9.82003e-07
 Reference value :  9.91317e-07
 Reference value :  9.93428e-07
 Reference value :  1.00380e-06
 Reference value :  1.01580e-06
 Reference value :  1.02630e-06
 Reference value :  1.03288e-06
 Reference value :  1.03421e-06
 Reference value :  1.03792e-06
 Reference value :  1.04342e-06
 Reference value :  1.04892e-06
 Reference value :  1.05442e-06
 Reference value :  1.06042e-06
 Reference value :  1.06592e-06
 Reference value :  1.07192e-06
 Reference value :  1.07517e-06
 Reference value :  1.07640e-06
 Reference value :  1.07963e-06
 Reference value :  1.08463e-06
 Reference value :  1.09113e-06
 Reference value :  1.09763e-06
 Reference value :  1.10313e-06
 Reference value :  1.10913e-06
 Reference value :  1.11463e-06
 Reference value :  1.11675e-06
 Reference value :  1.11737e-06
 Reference value :  1.11784e-06
 Reference value :  1.12033e-06
 Reference value :  1.12533e-06
 Reference value :  1.13033e-06
 Reference value :  1.13683e-06
 Reference value :  1.14183e-06
 Reference value :  1.14733e-06
 Reference value :  1.15333e-06
 Reference value :  1.15851e-06
 Reference value :  1.15999e-06
 Reference value :  1.16239e-06
 Reference value :  1.16789e-06
 Reference value :  1.17439e-06
 Reference value :  1.18239e-06
 Reference value :  1.18739e-06
 Reference value :  1.19289e-06
 Reference value :  1.19889e-06
 Reference value :  1.20013e-06
 Reference value :  1.20059e-06
 Reference value :  1.20097e-06
 Reference value :  1.20134e-06
 Reference value :  1.20508e-06
 Reference value :  1.20908e-06
 Reference value :  1.21408e-06
 Reference value :  1.21908e-06
 Reference value :  1.22508e-06
 Reference value :  1.23008e-06
 Reference value :  1.23558e-06
 Reference value :  1.24088e-06
 Reference value :  1.24221e-06
 Reference value :  1.24356e-06
 Reference value :  1.24579e-06
 Reference value :  1.25179e-06
 Reference value :  1.25729e-06
 Reference value :  1.26279e-06
 Reference value :  1.26829e-06
 Reference value :  1.27379e-06
 Reference value :  1.28029e-06
 Reference value :  1.28344e-06
 Reference value :  1.28387e-06
 Reference value :  1.28453e-06
 Reference value :  1.28556e-06
 Reference value :  1.28933e-06
 Reference value :  1.29433e-06
 Reference value :  1.29983e-06
 Reference value :  1.30583e-06
 Reference value :  1.31233e-06
 Reference value :  1.31883e-06
 Reference value :  1.32416e-06
 Reference value :  1.32550e-06
 Reference value :  1.32668e-06
 Reference value :  1.33049e-06
 Reference value :  1.33499e-06
 Reference value :  1.33749e-06
 Reference value :  1.34199e-06
 Reference value :  1.34749e-06
 Reference value :  1.35349e-06
 Reference value :  1.35949e-06
 Reference value :  1.36583e-06
 Reference value :  1.36698e-06
 Reference value :  1.36788e-06
 Reference value :  1.37090e-06
 Reference value :  1.37740e-06
 Reference value :  1.38540e-06
 Reference value :  1.39190e-06
 Reference value :  1.39790e-06
 Reference value :  1.40290e-06
 Reference value :  1.40788e-06
 Reference value :  1.40897e-06
 Reference value :  1.41289e-06
 Reference value :  1.41789e-06
 Reference value :  1.42539e-06
 Reference value :  1.43039e-06
 Reference value :  1.43539e-06
 Reference value :  1.44339e-06
 Reference value :  1.44955e-06
 Reference value :  1.45012e-06
 Reference value :  1.45070e-06
 Reference value :  1.45348e-06
 Reference value :  1.45848e-06
 Reference value :  1.46348e-06
 Reference value :  1.46898e-06
 Reference value :  1.47498e-06
 Reference value :  1.47998e-06
 Reference value :  1.48548e-06
 Reference value :  1.49082e-06
 Reference value :  1.49217e-06
 Reference value :  1.49350e-06
 Reference value :  1.49890e-06
 Reference value :  1.50440e-06
 Reference value :  1.50990e-06
 Reference value :  1.51640e-06
 Reference value :  1.52240e-06
 Reference value :  1.52790e-06
 Reference value :  1.53298e-06
 Reference value :  1.53365e-06
 Reference value :  1.53413e-06
 Reference value :  1.53776e-06
 Reference value :  1.54276e-06
 Reference value :  1.54876e-06
 Reference value :  1.55376e-06
 Reference value :  1.55876e-06
 Reference value :  1.56476e-06
 Reference value :  1.57026e-06
 Reference value :  1.57465e-06
 Reference value :  1.57581e-06
 Reference value :  1.57763e-06
 Reference value :  1.58363e-06
 Reference value :  1.58913e-06
 Reference value :  1.59513e-06
 Reference value :  1.60063e-06
 Reference value :  1.60613e-06
 Reference value :  1.61113e-06
 Reference value :  1.61617e-06
 Reference value :  1.61679e-06
 Reference value :  1.61717e-06
 Reference value :  1.61760e-06
 Reference value :  1.62062e-06
 Reference value :  1.62612e-06
 Reference value :  1.63112e-06
 Reference value :  1.63712e-06
 Reference value :  1.64262e-06
 Reference value :  1.64862e-06
 Reference value :  1.65412e-06
 Reference value :  1.65851e-06
 Reference value :  1.66044e-06
 Reference value :  1.66544e-06
 Reference value :  1.67044e-06
 Reference value :  1.67544e-06
 Reference value :  1.67944e-06
 Reference value :  1.68394e-06
 Reference value :  1.68994e-06
 Reference value :  1.69544e-06
 Reference value :  1.69955e-06
 Reference value :  1.70029e-06
 Reference value :  1.70111e-06
 Reference value :  1.70163e-06
 Reference value :  1.70532e-06
 Reference value :  1.71082e-06
 Reference value :  1.71632e-06
 Reference value :  1.72232e-06
 Reference value :  1.72732e-06
 Reference value :  1.73282e-06
 Reference value :  1.73832e-06
 Reference value :  1.74184e-06
 Reference value :  1.74342e-06
 Reference value :  1.74879e-06
 Reference value :  1.75379e-06
 Reference value :  1.75929e-06
 Reference value :  1.76479e-06
 Reference value :  1.76929e-06
 Reference value :  1.77329e-06
 Reference value :  1.77879e-06
 Reference value :  1.78288e-06
 Reference value :  1.78363e-06
 Reference value :  1.78415e-06
 Reference value :  1.78461e-06
 Reference value :  1.78611e-06
 Reference value :  1.79111e-06
 Reference value :  1.79611e-06
 Reference value :  1.80161e-06
 Reference value :  1.80811e-06
 Reference value :  1.81311e-06
 Reference value :  1.81861e-06
 Reference value :  1.82450e-06
 Reference value :  1.82608e-06
 Reference value :  1.82963e-06
 Reference value :  1.83513e-06
 Reference value :  1.84163e-06
 Reference value :  1.84713e-06
 Reference value :  1.85213e-06
 Reference value :  1.85863e-06
 Reference value :  1.86113e-06
 Reference value :  1.86563e-06
 Reference value :  1.86696e-06
 Reference value :  1.86735e-06
 Reference value :  1.86788e-06
 Reference value :  1.86989e-06
 Reference value :  1.87489e-06
 Reference value :  1.88089e-06
 Reference value :  1.88689e-06
 Reference value :  1.89289e-06
 Reference value :  1.89889e-06
 Reference value :  1.90539e-06
 Reference value :  1.90851e-06
 Reference value :  1.91009e-06
 Reference value :  1.91646e-06
 Reference value :  1.92246e-06
 Reference value :  1.92996e-06
 Reference value :  1.93646e-06
 Reference value :  1.94196e-06
 Reference value :  1.94796e-06
 Reference value :  1.94955e-06
 Reference value :  1.95037e-06
 Reference value :  1.95061e-06
 Reference value :  1.95105e-06
 Reference value :  1.95206e-06
 Reference value :  1.95631e-06
 Reference value :  1.96331e-06
 Reference value :  1.96931e-06
 Reference value :  1.97531e-06
 Reference value :  1.98231e-06
 Reference value :  1.98831e-06
 Reference value :  1.99184e-06
 Reference value :  1.99343e-06
 Reference value :  2.00180e-06
 Reference value :  2.00730e-06
 Reference value :  2.01330e-06
 Reference value :  2.01880e-06
 Reference value :  2.02380e-06
 Reference value :  2.02930e-06
 Reference value :  2.03342e-06
 Reference value :  2.03394e-06
 Reference value :  2.03451e-06
 Reference value :  2.04214e-06
 Reference value :  2.04814e-06
 Reference value :  2.05414e-06
 Reference value :  2.06364e-06
 Reference value :  2.07314e-06
 Reference value :  2.07563e-06
 Reference value :  2.07813e-06
 Reference value :  2.08763e-06
 Reference value :  2.09413e-06
 Reference value :  2.09913e-06
 Reference value :  2.10413e-06
 Reference value :  2.10963e-06
 Reference value :  2.11463e-06
 Reference value :  2.11675e-06
 Reference value :  2.11737e-06
 Reference value :  2.11784e-06
 Reference value :  2.12029e-06
 Reference value :  2.12579e-06
 Reference value :  2.13129e-06
 Reference value :  2.13679e-06
 Reference value :  2.14229e-06
 Reference value :  2.14779e-06
 Reference value :  2.15379e-06
 Reference value :  2.15851e-06
 Reference value :  2.15944e-06
 Reference value :  2.16040e-06
 Reference value :  2.16384e-06
 Reference value :  2.16834e-06
 Reference value :  2.17384e-06
 Reference value :  2.17934e-06
 Reference value :  2.18534e-06
 Reference value :  2.19084e-06
 Reference value :  2.19584e-06
 Reference value :  2.20013e-06
 Reference value :  2.20059e-06
 Reference value :  2.20096e-06
 Reference value :  2.20193e-06
 Reference value :  2.20587e-06
 Reference value :  2.21087e-06
 Reference value :  2.21687e-06
 Reference value :  2.22337e-06
 Reference value :  2.22937e-06
 Reference value :  2.23487e-06
 Reference value :  2.23987e-06
 Reference value :  2.24217e-06
 Reference value :  2.24332e-06
 Reference value :  2.24485e-06
 Reference value :  2.25078e-06
 Reference value :  2.25778e-06
 Reference value :  2.26428e-06
 Reference value :  2.26978e-06
 Reference value :  2.27528e-06
 Reference value :  2.28078e-06
 Reference value :  2.28344e-06
 Reference value :  2.28387e-06
 Reference value :  2.28440e-06
 Reference value :  2.28490e-06
 Reference value :  2.28777e-06
 Reference value :  2.29277e-06
 Reference value :  2.29877e-06
 Reference value :  2.30427e-06
 Reference value :  2.31077e-06
 Reference value :  2.31627e-06
 Reference value :  2.32227e-06
 Reference value :  2.32517e-06
 Reference value :  2.32641e-06
 Reference value :  2.32911e-06
 Reference value :  2.33411e-06
 Reference value :  2.34011e-06
 Reference value :  2.34361e-06
 Reference value :  2.34861e-06
 Reference value :  2.35461e-06
 Reference value :  2.35961e-06
 Reference value :  2.36511e-06
 Reference value :  2.36679e-06
 Reference value :  2.36728e-06
 Reference value :  2.36779e-06
 Reference value :  2.37102e-06
 Reference value :  2.37652e-06
 Reference value :  2.38152e-06
 Reference value :  2.38702e-06
 Reference value :  2.39302e-06
 Reference value :  2.39852e-06
 Reference value :  2.40402e-06
 Reference value :  2.40851e-06
 Reference value :  2.40974e-06
 Reference value :  2.41245e-06
 Reference value :  2.41845e-06
 Reference value :  2.42295e-06
 Reference value :  2.42545e-06
 Reference value :  2.42995e-06
 Reference value :  2.43495e-06
 Reference value :  2.43995e-06
 Reference value :  2.44495e-06
 Reference value :  2.44965e-06
 Reference value :  2.45031e-06
 Reference value :  2.45109e-06
 Reference value :  2.45157e-06
 Reference value :  2.45472e-06
 Reference value :  2.45922e-06
 Reference value :  2.46472e-06
 Reference value :  2.47022e-06
 Reference value :  2.47572e-06
 Reference value :  2.48172e-06
 Reference value :  2.48672e-06
 Reference value :  2.49132e-06
 Reference value :  2.49230e-06
 Reference value :  2.49428e-06
 Reference value :  2.50078e-06
 Reference value :  2.50728e-06
 Reference value :  2.51328e-06
 Reference value :  2.51928e-06
 Reference value :  2.52428e-06
 Reference value :  2.52928e-06
 Reference value :  2.53346e-06
 Reference value :  2.53403e-06
 Reference value :  2.53455e-06
 Reference value :  2.53919e-06
 Reference value :  2.54469e-06
 Reference value :  2.55019e-06
 Reference value :  2.55619e-06
 Reference value :  2.56269e-06
 Reference value :  2.56919e-06
 Reference value :  2.57517e-06
 Reference value :  2.57675e-06
 Reference value :  2.58312e-06
 Reference value :  2.59012e-06
 Reference value :  2.59512e-06
 Reference value :  2.60262e-06
 Reference value :  2.61012e-06
 Reference value :  2.61632e-06
 Reference value :  2.61698e-06
 Reference value :  2.61737e-06
 Reference value :  2.61789e-06
 Reference value :  2.62205e-06
 Reference value :  2.62755e-06
 Reference value :  2.63355e-06
 Reference value :  2.64055e-06
 Reference value :  2.64555e-06
 Reference value :  2.65105e-06
 Reference value :  2.65605e-06
 Reference value :  2.65883e-06
 Reference value :  2.66009e-06
 Reference value :  2.66446e-06
 Reference value :  2.67046e-06
 Reference value :  2.67446e-06
 Reference value :  2.67846e-06
 Reference value :  2.68446e-06
 Reference value :  2.69096e-06
 Reference value :  2.69596e-06
 Reference value :  2.69985e-06
 Reference value :  2.70029e-06
 Reference value :  2.70073e-06
 Reference value :  2.70116e-06
 Reference value :  2.70409e-06
 Reference value :  2.70959e-06
 Reference value :  2.71559e-06
 Reference value :  2.72109e-06
 Reference value :  2.72659e-06
 Reference value :  2.73209e-06
 Reference value :  2.73809e-06
 Reference value :  2.74152e-06
 Reference value :  2.74275e-06
 Reference value :  2.74629e-06
 Reference value :  2.75129e-06
 Reference value :  2.75579e-06
 Reference value :  2.75979e-06
 Reference value :  2.76479e-06
 Reference value :  2.76979e-06
 Reference value :  2.77529e-06
 Reference value :  2.78079e-06
 Reference value :  2.78342e-06
 Reference value :  2.78385e-06
 Reference value :  2.78423e-06
 Reference value :  2.78529e-06
 Reference value :  2.79029e-06
 Reference value :  2.79529e-06
 Reference value :  2.80179e-06
 Reference value :  2.80729e-06
 Reference value :  2.81279e-06
 Reference value :  2.81879e-06
 Reference value :  2.82414e-06
 Reference value :  2.82554e-06
 Reference value :  2.82675e-06
 Reference value :  2.83112e-06
 Reference value :  2.83762e-06
 Reference value :  2.84162e-06
 Reference value :  2.84762e-06
 Reference value :  2.85462e-06
 Reference value :  2.86062e-06
 Reference value :  2.86589e-06
 Reference value :  2.86696e-06
 Reference value :  2.86725e-06
 Reference value :  2.86781e-06
 Reference value :  2.87019e-06
 Reference value :  2.87569e-06
 Reference value :  2.88219e-06
 Reference value :  2.88769e-06
 Reference value :  2.89319e-06
 Reference value :  2.89969e-06
 Reference value :  2.90469e-06
 Reference value :  2.90851e-06
 Reference value :  2.90974e-06
 Reference value :  2.91245e-06
 Reference value :  2.91845e-06
 Reference value :  2.92295e-06
 Reference value :  2.92695e-06
 Reference value :  2.93195e-06
 Reference value :  2.93695e-06
 Reference value :  2.94195e-06
 Reference value :  2.94795e-06
 Reference value :  2.95011e-06
 Reference value :  2.95051e-06
 Reference value :  2.95081e-06
 Reference value :  2.95126e-06
 Reference value :  2.95518e-06
 Reference value :  2.96068e-06
 Reference value :  2.96668e-06
 Reference value :  2.97218e-06
 Reference value :  2.97718e-06
 Reference value :  2.98318e-06
 Reference value :  2.98868e-06
 Reference value :  2.99184e-06
 Reference value :  2.99342e-06
 Reference value :  2.99778e-06
 Reference value :  3.00328e-06
 Reference value :  3.00878e-06
 Reference value :  3.01278e-06
 Reference value :  3.01828e-06
 Reference value :  3.02378e-06
 Reference value :  3.02928e-06
 Reference value :  3.03342e-06
 Reference value :  3.03415e-06
 Reference value :  3.03461e-06
 Reference value :  3.03850e-06
 Reference value :  3.04450e-06
 Reference value :  3.05000e-06
 Reference value :  3.05550e-06
 Reference value :  3.06150e-06
 Reference value :  3.06700e-06
 Reference value :  3.07250e-06
 Reference value :  3.07550e-06
 Reference value :  3.07762e-06
 Reference value :  3.08312e-06
 Reference value :  3.08862e-06
 Reference value :  3.09212e-06
 Reference value :  3.09662e-06
 Reference value :  3.10462e-06
 Reference value :  3.11062e-06
 Reference value :  3.11562e-06
 Reference value :  3.11680e-06
 Reference value :  3.11724e-06
 Reference value :  3.11755e-06
 Reference value :  3.11896e-06
 Reference value :  3.12546e-06
 Reference value :  3.13146e-06
 Reference value :  3.13696e-06
 Reference value :  3.14196e-06
 Reference value :  3.14846e-06
 Reference value :  3.15396e-06
 Reference value :  3.15798e-06
 Reference value :  3.15948e-06
 Reference value :  3.16178e-06
 Reference value :  3.16433e-06
 Reference value :  3.17033e-06
 Reference value :  3.17583e-06
 Reference value :  3.18133e-06
 Reference value :  3.18683e-06
 Reference value :  3.19283e-06
 Reference value :  3.19783e-06
 Reference value :  3.20013e-06
 Reference value :  3.20059e-06
 Reference value :  3.20107e-06
 Reference value :  3.20158e-06
 Reference value :  3.20741e-06
 Reference value :  3.21241e-06
 Reference value :  3.21791e-06
 Reference value :  3.22491e-06
 Reference value :  3.23141e-06
 Reference value :  3.23691e-06
 Reference value :  3.24132e-06
 Reference value :  3.24275e-06
 Reference value :  3.24458e-06
 Reference value :  3.24508e-06
 Reference value :  3.24678e-06
 Reference value :  3.25228e-06
 Reference value :  3.25878e-06
 Reference value :  3.26428e-06
 Reference value :  3.26978e-06
 Reference value :  3.27578e-06
 Reference value :  3.28078e-06
 Reference value :  3.28342e-06
 Reference value :  3.28389e-06
 Reference value :  3.28419e-06
 Reference value :  3.28449e-06
 Reference value :  3.28557e-06
 Reference value :  3.28933e-06
 Reference value :  3.29483e-06
 Reference value :  3.30183e-06
 Reference value :  3.30683e-06
 Reference value :  3.31233e-06
 Reference value :  3.31783e-06
 Reference value :  3.32455e-06
 Reference value :  3.32581e-06
 Reference value :  3.32740e-06
 Reference value :  3.33226e-06
 Reference value :  3.33726e-06
 Reference value :  3.34226e-06
 Reference value :  3.34826e-06
 Reference value :  3.35326e-06
 Reference value :  3.35926e-06
 Reference value :  3.36652e-06
 Reference value :  3.36737e-06
 Reference value :  3.36812e-06
 Reference value :  3.37302e-06
 Reference value :  3.38102e-06
 Reference value :  3.39002e-06
 Reference value :  3.39902e-06
 Reference value :  3.40452e-06
 Reference value :  3.40851e-06
 Reference value :  3.40974e-06
 Reference value :  3.41078e-06
 Reference value :  3.41364e-06
 Reference value :  3.42014e-06
 Reference value :  3.42564e-06
 Reference value :  3.43114e-06
 Reference value :  3.43664e-06
 Reference value :  3.44264e-06
 Reference value :  3.44764e-06
 Reference value :  3.45012e-06
 Reference value :  3.45070e-06
 Reference value :  3.45124e-06
 Reference value :  3.45435e-06
 Reference value :  3.46135e-06
 Reference value :  3.46685e-06
 Reference value :  3.47185e-06
 Reference value :  3.47685e-06
 Reference value :  3.48335e-06
 Reference value :  3.48885e-06
 Reference value :  3.49184e-06
 Reference value :  3.49307e-06
 Reference value :  3.49494e-06
 Reference value :  3.49944e-06
 Reference value :  3.50494e-06
 Reference value :  3.51044e-06
 Reference value :  3.51644e-06
 Reference value :  3.52144e-06
 Reference value :  3.52744e-06
 Reference value :  3.53298e-06
 Reference value :  3.53403e-06
 Reference value :  3.53478e-06
 Reference value :  3.54019e-06
 Reference value :  3.54819e-06
 Reference value :  3.55369e-06
 Reference value :  3.55919e-06
 Reference value :  3.56569e-06
 Reference value :  3.57119e-06
 Reference value :  3.57485e-06
 Reference value :  3.57607e-06
 Reference value :  3.57780e-06
 Reference value :  3.58180e-06
 Reference value :  3.58730e-06
 Reference value :  3.59380e-06
 Reference value :  3.59880e-06
 Reference value :  3.60430e-06
 Reference value :  3.60980e-06
 Reference value :  3.61617e-06
 Reference value :  3.61698e-06
 Reference value :  3.61717e-06
 Reference value :  3.61780e-06
 Reference value :  3.62102e-06
 Reference value :  3.62652e-06
 Reference value :  3.63252e-06
 Reference value :  3.63852e-06
 Reference value :  3.64552e-06
 Reference value :  3.65102e-06
 Reference value :  3.65702e-06
 Reference value :  3.65883e-06
 Reference value :  3.66007e-06
 Reference value :  3.66308e-06
 Reference value :  3.66908e-06
 Reference value :  3.67408e-06
 Reference value :  3.68108e-06
 Reference value :  3.68658e-06
 Reference value :  3.69208e-06
 Reference value :  3.69708e-06
 Reference value :  3.70008e-06
 Reference value :  3.70060e-06
 Reference value :  3.70129e-06
 Reference value :  3.70463e-06
 Reference value :  3.71063e-06
 Reference value :  3.71763e-06
 Reference value :  3.72513e-06
 Reference value :  3.73213e-06
 Reference value :  3.73913e-06
 Reference value :  3.74217e-06
 Reference value :  3.74340e-06
 Reference value :  3.74448e-06
 Reference value :  3.74872e-06
 Reference value :  3.75422e-06
 Reference value :  3.75972e-06
 Reference value :  3.76522e-06
 Reference value :  3.77372e-06
 Reference value :  3.78072e-06
 Reference value :  3.78342e-06
 Reference value :  3.78385e-06
 Reference value :  3.78447e-06
 Reference value :  3.78823e-06
 Reference value :  3.79573e-06
 Reference value :  3.80323e-06
 Reference value :  3.80973e-06
 Reference value :  3.81773e-06
 Reference value :  3.82517e-06
 Reference value :  3.82710e-06
 Reference value :  3.82780e-06
 Reference value :  3.83345e-06
 Reference value :  3.84095e-06
 Reference value :  3.84845e-06
 Reference value :  3.85595e-06
 Reference value :  3.86145e-06
 Reference value :  3.86652e-06
 Reference value :  3.86696e-06
 Reference value :  3.86725e-06
 Reference value :  3.86782e-06
 Reference value :  3.87167e-06
 Reference value :  3.87667e-06
 Reference value :  3.88217e-06
 Reference value :  3.89017e-06
 Reference value :  3.89617e-06
 Reference value :  3.90167e-06
 Reference value :  3.90717e-06
 Reference value :  3.90883e-06
 Reference value :  3.91044e-06
 Reference value :  3.91196e-06
 Reference value :  3.91674e-06
 Reference value :  3.92224e-06
 Reference value :  3.92874e-06
 Reference value :  3.93424e-06
 Reference value :  3.93974e-06
 Reference value :  3.94524e-06
 Reference value :  3.94965e-06
 Reference value :  3.95051e-06
 Reference value :  3.95091e-06
 Reference value :  3.95151e-06
 Reference value :  3.95621e-06
 Reference value :  3.96271e-06
 Reference value :  3.96821e-06
 Reference value :  3.97371e-06
 Reference value :  3.97971e-06
 Reference value :  3.98471e-06
 Reference value :  3.99021e-06
 Reference value :  3.99217e-06
 Reference value :  3.99341e-06
 Reference value :  3.99452e-06
 Reference value :  3.99708e-06
 Reference value :  4.00308e-06
 Reference value :  4.00858e-06
 Reference value :  4.01408e-06
 Reference value :  4.01958e-06
 Reference value :  4.02608e-06
 Reference value :  4.03158e-06
 Reference value :  4.03342e-06
 Reference value :  4.03415e-06
 Reference value :  4.03452e-06
 Reference value :  4.03800e-06
 Reference value :  4.04400e-06
 Reference value :  4.05000e-06
 Reference value :  4.05550e-06
 Reference value :  4.06100e-06
 Reference value :  4.06700e-06
 Reference value :  4.07250e-06
 Reference value :  4.07517e-06
 Reference value :  4.07641e-06
 Reference value :  4.07791e-06
 Reference value :  4.07950e-06
 Reference value :  4.08647e-06
 Reference value :  4.09297e-06
 Reference value :  4.09997e-06
 Reference value :  4.10547e-06
 Reference value :  4.11097e-06
 Reference value :  4.11632e-06
 Reference value :  4.11698e-06
 Reference value :  4.11731e-06
 Reference value :  4.11789e-06
 Reference value :  4.12249e-06
 Reference value :  4.12799e-06
 Reference value :  4.13299e-06
 Reference value :  4.13849e-06
 Reference value :  4.14499e-06
 Reference value :  4.15049e-06
 Reference value :  4.15599e-06
 Reference value :  4.15883e-06
 Reference value :  4.15999e-06
 Reference value :  4.16001e-06
 Reference value :  4.16416e-06
 Reference value :  4.17116e-06
 Reference value :  4.17916e-06
 Reference value :  4.18666e-06
 Reference value :  4.19416e-06
 Reference value :  4.19965e-06
 Reference value :  4.20032e-06
 Reference value :  4.20067e-06
 Reference value :  4.20115e-06
 Reference value :  4.20339e-06
 Reference value :  4.20939e-06
 Reference value :  4.21489e-06
 Reference value :  4.22139e-06
 Reference value :  4.22689e-06
 Reference value :  4.23239e-06
 Reference value :  4.23789e-06
 Reference value :  4.24184e-06
 Reference value :  4.24306e-06
 Reference value :  4.24354e-06
 Reference value :  4.24775e-06
 Reference value :  4.25275e-06
 Reference value :  4.25825e-06
 Reference value :  4.26375e-06
 Reference value :  4.27025e-06
 Reference value :  4.27625e-06
 Reference value :  4.28175e-06
 Reference value :  4.28345e-06
 Reference value :  4.28391e-06
 Reference value :  4.28422e-06
 Reference value :  4.28455e-06
 Reference value :  4.28744e-06
 Reference value :  4.29394e-06
 Reference value :  4.29944e-06
 Reference value :  4.30494e-06
 Reference value :  4.31144e-06
 Reference value :  4.31694e-06
 Reference value :  4.32244e-06
 Reference value :  4.32517e-06
 Reference value :  4.32675e-06
 Reference value :  4.33111e-06
 Reference value :  4.33611e-06
 Reference value :  4.34111e-06
 Reference value :  4.34311e-06
 Reference value :  4.34711e-06
 Reference value :  4.35211e-06
 Reference value :  4.35861e-06
 Reference value :  4.36411e-06
 Reference value :  4.36679e-06
 Reference value :  4.36737e-06
 Reference value :  4.36789e-06
 Reference value :  4.36861e-06
 Reference value :  4.37306e-06
 Reference value :  4.37706e-06
 Reference value :  4.38256e-06
 Reference value :  4.38806e-06
 Reference value :  4.39506e-06
 Reference value :  4.40056e-06
 Reference value :  4.40606e-06
 Reference value :  4.40883e-06
 Reference value :  4.41008e-06
 Reference value :  4.41445e-06
 Reference value :  4.41995e-06
 Reference value :  4.42445e-06
 Reference value :  4.42895e-06
 Reference value :  4.43545e-06
 Reference value :  4.44095e-06
 Reference value :  4.44645e-06
 Reference value :  4.45012e-06
 Reference value :  4.45109e-06
 Reference value :  4.45318e-06
 Reference value :  4.45868e-06
 Reference value :  4.46518e-06
 Reference value :  4.47018e-06
 Reference value :  4.47568e-06
 Reference value :  4.48118e-06
 Reference value :  4.48768e-06
 Reference value :  4.49184e-06
 Reference value :  4.49378e-06
 Reference value :  4.49828e-06
 Reference value :  4.50378e-06
 Reference value :  4.50878e-06
 Reference value :  4.51178e-06
 Reference value :  4.51628e-06
 Reference value :  4.52278e-06
 Reference value :  4.52928e-06
 Reference value :  4.53318e-06
 Reference value :  4.53383e-06
 Reference value :  4.53432e-06
 Reference value :  4.53466e-06
 Reference value :  4.53624e-06
 Reference value :  4.54074e-06
 Reference value :  4.54474e-06
 Reference value :  4.54974e-06
 Reference value :  4.55624e-06
 Reference value :  4.56174e-06
 Reference value :  4.56674e-06
 Reference value :  4.57324e-06
 Reference value :  4.57550e-06
 Reference value :  4.57675e-06
 Reference value :  4.58112e-06
 Reference value :  4.58762e-06
 Reference value :  4.59212e-06
 Reference value :  4.59562e-06
 Reference value :  4.60162e-06
 Reference value :  4.60762e-06
 Reference value :  4.61262e-06
 Reference value :  4.61679e-06
 Reference value :  4.61728e-06
 Reference value :  4.61779e-06
 Reference value :  4.61844e-06
 Reference value :  4.62168e-06
 Reference value :  4.62618e-06
 Reference value :  4.63068e-06
 Reference value :  4.63618e-06
 Reference value :  4.64118e-06
 Reference value :  4.64618e-06
 Reference value :  4.65218e-06
 Reference value :  4.65750e-06
 Reference value :  4.65883e-06
 Reference value :  4.66046e-06
 Reference value :  4.66546e-06
 Reference value :  4.67096e-06
 Reference value :  4.67496e-06
 Reference value :  4.67846e-06
 Reference value :  4.68296e-06
 Reference value :  4.68846e-06
 Reference value :  4.69496e-06
 Reference value :  4.69950e-06
 Reference value :  4.70029e-06
 Reference value :  4.70116e-06
 Reference value :  4.70292e-06
 Reference value :  4.70692e-06
 Reference value :  4.71192e-06
 Reference value :  4.71692e-06
 Reference value :  4.72242e-06
 Reference value :  4.72892e-06
 Reference value :  4.73442e-06
 Reference value :  4.73992e-06
 Reference value :  4.74217e-06
 Reference value :  4.74342e-06
 Reference value :  4.74779e-06
 Reference value :  4.75279e-06
 Reference value :  4.75779e-06
 Reference value :  4.75979e-06
 Reference value :  4.76379e-06
 Reference value :  4.76979e-06
 Reference value :  4.77529e-06
 Reference value :  4.78079e-06
 Reference value :  4.78342e-06
 Reference value :  4.78385e-06
 Reference value :  4.78435e-06
 Reference value :  4.78479e-06
 Reference value :  4.78810e-06
 Reference value :  4.79260e-06
 Reference value :  4.79710e-06
 Reference value :  4.80310e-06
 Reference value :  4.80860e-06
 Reference value :  4.81360e-06
 Reference value :  4.81910e-06
 Reference value :  4.82465e-06
 Reference value :  4.82581e-06
 Reference value :  4.82762e-06
 Reference value :  4.83362e-06
 Reference value :  4.83912e-06
 Reference value :  4.84212e-06
 Reference value :  4.84512e-06
 Reference value :  4.85012e-06
 Reference value :  4.85562e-06
 Reference value :  4.86112e-06
 Reference value :  4.86632e-06
 Reference value :  4.86696e-06
 Reference value :  4.86724e-06
 Reference value :  4.86781e-06
 Reference value :  4.86854e-06
 Reference value :  4.87252e-06
 Reference value :  4.87702e-06
 Reference value :  4.88252e-06
 Reference value :  4.88802e-06
 Reference value :  4.89452e-06
 Reference value :  4.90002e-06
 Reference value :  4.90552e-06
 Reference value :  4.90851e-06
 Reference value :  4.91009e-06
 Reference value :  4.91445e-06
 Reference value :  4.91945e-06
 Reference value :  4.92595e-06
 Reference value :  4.92895e-06
 Reference value :  4.93345e-06
 Reference value :  4.93995e-06
 Reference value :  4.94545e-06
 Reference value :  4.94965e-06
 Reference value :  4.95050e-06
 Reference value :  4.95066e-06
 Reference value :  4.95113e-06
 Reference value :  4.95185e-06
 Reference value :  4.95643e-06
 Reference value :  4.96043e-06
 Reference value :  4.96543e-06
 Reference value :  4.97193e-06
 Reference value :  4.97743e-06
 Reference value :  4.98243e-06
 Reference value :  4.98893e-06
 Reference value :  4.99184e-06
 Reference value :  4.99308e-06
 Reference value :  4.99628e-06
 Reference value :  5.00278e-06
 Reference value :  5.00778e-06
 Reference value :  5.01178e-06
 Reference value :  5.01928e-06
 Reference value :  5.02528e-06
 Reference value :  5.03078e-06
 Reference value :  5.03347e-06
 Reference value :  5.03423e-06
 Reference value :  5.03526e-06
 Reference value :  5.04015e-06
 Reference value :  5.04665e-06
 Reference value :  5.05215e-06
 Reference value :  5.05715e-06
 Reference value :  5.06265e-06
 Reference value :  5.07015e-06
 Reference value :  5.07517e-06
 Reference value :  5.07675e-06
 Reference value :  5.08262e-06
 Reference value :  5.09012e-06
 Reference value :  5.09462e-06
 Reference value :  5.10212e-06
 Reference value :  5.10962e-06
 Reference value :  5.11622e-06
 Reference value :  5.11720e-06
 Reference value :  5.11776e-06
 Reference value :  5.12111e-06
 Reference value :  5.12711e-06
 Reference value :  5.13361e-06
 Reference value :  5.13961e-06
 Reference value :  5.14511e-06
 Reference value :  5.15061e-06
 Reference value :  5.15711e-06
 Reference value :  5.15898e-06
 Reference value :  5.15999e-06
 Reference value :  5.16240e-06
 Reference value :  5.16940e-06
 Reference value :  5.17490e-06
 Reference value :  5.18090e-06
 Reference value :  5.18640e-06
 Reference value :  5.19290e-06
 Reference value :  5.19840e-06
 Reference value :  5.20013e-06
 Reference value :  5.20059e-06
 Reference value :  5.20097e-06
 Reference value :  5.20134e-06
 Reference value :  5.20615e-06
 Reference value :  5.21115e-06
 Reference value :  5.21665e-06
 Reference value :  5.22215e-06
 Reference value :  5.22915e-06
 Reference value :  5.23465e-06
 Reference value :  5.23965e-06
 Reference value :  5.24217e-06
 Reference value :  5.24333e-06
 Reference value :  5.24529e-06
 Reference value :  5.25179e-06
 Reference value :  5.25729e-06
 Reference value :  5.26279e-06
 Reference value :  5.26829e-06
 Reference value :  5.27529e-06
 Reference value :  5.28079e-06
 Reference value :  5.28346e-06
 Reference value :  5.28392e-06
 Reference value :  5.28451e-06
 Reference value :  5.28556e-06
 Reference value :  5.29106e-06
 Reference value :  5.29756e-06
 Reference value :  5.30256e-06
 Reference value :  5.30806e-06
 Reference value :  5.31456e-06
 Reference value :  5.32106e-06
 Reference value :  5.32517e-06
 Reference value :  5.32668e-06
 Reference value :  5.33199e-06
 Reference value :  5.33549e-06
 Reference value :  5.33949e-06
 Reference value :  5.34599e-06
 Reference value :  5.35149e-06
 Reference value :  5.35749e-06
 Reference value :  5.36299e-06
 Reference value :  5.36679e-06
 Reference value :  5.36758e-06
 Reference value :  5.36811e-06
 Reference value :  5.37386e-06
 Reference value :  5.37936e-06
 Reference value :  5.38486e-06
 Reference value :  5.39136e-06
 Reference value :  5.39686e-06
 Reference value :  5.40236e-06
 Reference value :  5.40788e-06
 Reference value :  5.40915e-06
 Reference value :  5.41389e-06
 Reference value :  5.41939e-06
 Reference value :  5.42589e-06
 Reference value :  5.43139e-06
 Reference value :  5.43689e-06
 Reference value :  5.44489e-06
 Reference value :  5.45012e-06
 Reference value :  5.45092e-06
 Reference value :  5.45531e-06
 Reference value :  5.46031e-06
 Reference value :  5.46581e-06
 Reference value :  5.47131e-06
 Reference value :  5.47681e-06
 Reference value :  5.48231e-06
 Reference value :  5.48781e-06
 Reference value :  5.49152e-06
 Reference value :  5.49248e-06
 Reference value :  5.49722e-06
 Reference value :  5.50272e-06
 Reference value :  5.50772e-06
 Reference value :  5.51322e-06
 Reference value :  5.51822e-06
 Reference value :  5.52322e-06
 Reference value :  5.52872e-06
 Reference value :  5.53288e-06
 Reference value :  5.53364e-06
 Reference value :  5.53473e-06
 Reference value :  5.53965e-06
 Reference value :  5.54515e-06
 Reference value :  5.55065e-06
 Reference value :  5.55615e-06
 Reference value :  5.56165e-06
 Reference value :  5.56715e-06
 Reference value :  5.57265e-06
 Reference value :  5.57517e-06
 Reference value :  5.57755e-06
 Reference value :  5.58255e-06
 Reference value :  5.58805e-06
 Reference value :  5.59355e-06
 Reference value :  5.59905e-06
 Reference value :  5.60405e-06
 Reference value :  5.60955e-06
 Reference value :  5.61455e-06
 Reference value :  5.61679e-06
 Reference value :  5.61758e-06
 Reference value :  5.62082e-06
 Reference value :  5.62732e-06
 Reference value :  5.63282e-06
 Reference value :  5.63832e-06
 Reference value :  5.64382e-06
 Reference value :  5.64932e-06
 Reference value :  5.65482e-06
 Reference value :  5.65851e-06
 Reference value :  5.66088e-06
 Reference value :  5.66588e-06
 Reference value :  5.67188e-06
 Reference value :  5.67738e-06
 Reference value :  5.68238e-06
 Reference value :  5.68738e-06
 Reference value :  5.69388e-06
 Reference value :  5.69919e-06
 Reference value :  5.70012e-06
 Reference value :  5.70076e-06
 Reference value :  5.70561e-06
 Reference value :  5.71111e-06
 Reference value :  5.71661e-06
 Reference value :  5.72211e-06
 Reference value :  5.72761e-06
 Reference value :  5.73261e-06
 Reference value :  5.73811e-06
 Reference value :  5.74184e-06
 Reference value :  5.74422e-06
 Reference value :  5.74972e-06
 Reference value :  5.75472e-06
 Reference value :  5.76022e-06
 Reference value :  5.76522e-06
 Reference value :  5.77022e-06
 Reference value :  5.77522e-06
 Reference value :  5.78022e-06
 Reference value :  5.78342e-06
 Reference value :  5.78385e-06
 Reference value :  5.78568e-06
 Reference value :  5.79118e-06
 Reference value :  5.79768e-06
 Reference value :  5.80568e-06
 Reference value :  5.81118e-06
 Reference value :  5.81768e-06
 Reference value :  5.82318e-06
 Reference value :  5.82550e-06
 Reference value :  5.82855e-06
 Reference value :  5.83405e-06
 Reference value :  5.83955e-06
 Reference value :  5.84505e-06
 Reference value :  5.85105e-06
 Reference value :  5.85605e-06
 Reference value :  5.86155e-06
 Reference value :  5.86617e-06
 Reference value :  5.86696e-06
 Reference value :  5.86729e-06
 Reference value :  5.86879e-06
 Reference value :  5.87479e-06
 Reference value :  5.87979e-06
 Reference value :  5.88529e-06
 Reference value :  5.89079e-06
 Reference value :  5.89629e-06
 Reference value :  5.90179e-06
 Reference value :  5.90679e-06
 Reference value :  5.90883e-06
 Reference value :  5.91188e-06
 Reference value :  5.91738e-06
 Reference value :  5.92288e-06
 Reference value :  5.92838e-06
 Reference value :  5.93338e-06
 Reference value :  5.93888e-06
 Reference value :  5.94438e-06
 Reference value :  5.94950e-06
 Reference value :  5.95029e-06
 Reference value :  5.95121e-06
 Reference value :  5.95604e-06
 Reference value :  5.96154e-06
 Reference value :  5.96654e-06
 Reference value :  5.97204e-06
 Reference value :  5.97804e-06
 Reference value :  5.98354e-06
 Reference value :  5.98904e-06
 Reference value :  5.99184e-06
 Reference value :  5.99472e-06
 Reference value :  5.99972e-06
 Reference value :  6.00622e-06
 Reference value :  6.01322e-06
 Reference value :  6.01972e-06
 Reference value :  6.02572e-06
 Reference value :  6.03072e-06
 Reference value :  6.03351e-06
 Reference value :  6.03447e-06
 Reference value :  6.03910e-06
 Reference value :  6.04460e-06
 Reference value :  6.04960e-06
 Reference value :  6.05510e-06
 Reference value :  6.06060e-06
 Reference value :  6.06610e-06
 Reference value :  6.07160e-06
 Reference value :  6.07517e-06
 Reference value :  6.07755e-06
 Reference value :  6.08305e-06
 Reference value :  6.08855e-06
 Reference value :  6.09405e-06
 Reference value :  6.09955e-06
 Reference value :  6.10455e-06
 Reference value :  6.10955e-06
 Reference value :  6.11505e-06
 Reference value :  6.11675e-06
 Reference value :  6.11719e-06
 Reference value :  6.11760e-06
 Reference value :  6.11882e-06
 Reference value :  6.12432e-06
 Reference value :  6.12982e-06
 Reference value :  6.13532e-06
 Reference value :  6.14082e-06
 Reference value :  6.14632e-06
 Reference value :  6.15182e-06
 Reference value :  6.15732e-06
 Reference value :  6.15898e-06
 Reference value :  6.15999e-06
 Reference value :  6.16187e-06
 Reference value :  6.16687e-06
 Reference value :  6.17237e-06
 Reference value :  6.17787e-06
 Reference value :  6.18337e-06
 Reference value :  6.18887e-06
 Reference value :  6.19437e-06
 Reference value :  6.19950e-06
 Reference value :  6.20013e-06
 Reference value :  6.20059e-06
 Reference value :  6.20097e-06
 Reference value :  6.20144e-06
 Reference value :  6.20665e-06
 Reference value :  6.21215e-06
 Reference value :  6.21815e-06
 Reference value :  6.22465e-06
 Reference value :  6.23015e-06
 Reference value :  6.23565e-06
 Reference value :  6.24091e-06
 Reference value :  6.24221e-06
 Reference value :  6.24333e-06
 Reference value :  6.24529e-06
 Reference value :  6.25029e-06
 Reference value :  6.25529e-06
 Reference value :  6.26029e-06
 Reference value :  6.26579e-06
 Reference value :  6.27079e-06
 Reference value :  6.27579e-06
 Reference value :  6.28129e-06
No. of Data Rows : 14190

  Measurements for Transient Analysis

d9_c1               =  -3.14213e-07
d8_c1               =  9.67136e-08
d7_c1               =  1.80000e+00
d6_c1               =  1.80000e+00
d5_c1               =  1.80000e+00
d4_c1               =  1.57442e-07
d3_c1               =  1.90702e-07
d2_c1               =  2.44342e-07
d1_c1               =  3.44625e-07
d0_c1               =  1.80000e+00
d9_c2               =  8.89415e-08
d8_c2               =  1.80000e+00
d7_c2               =  1.30771e-07
d6_c2               =  1.80000e+00
d5_c2               =  1.80000e+00
d4_c2               =  1.80000e+00
d3_c2               =  1.80000e+00
d2_c2               =  1.80000e+00
d1_c2               =  1.80000e+00
d0_c2               =  1.80000e+00
d9_c3               =  -4.51703e-07
d8_c3               =  1.80000e+00
d7_c3               =  1.80000e+00
d6_c3               =  1.80000e+00
d5_c3               =  1.80000e+00
d4_c3               =  1.80000e+00
d3_c3               =  1.80000e+00
d2_c3               =  1.80000e+00
d1_c3               =  1.80000e+00
d0_c3               =  1.80000e+00
d9_c4               =  1.80001e+00
d8_c4               =  6.76761e-09
d7_c4               =  1.80000e+00
d6_c4               =  6.70372e-09
d5_c4               =  6.64303e-09
d4_c4               =  6.95316e-09
d3_c4               =  6.95424e-09
d2_c4               =  6.95553e-09
d1_c4               =  6.88502e-09
d0_c4               =  1.80000e+00
d9_c5               =  1.80001e+00
d8_c5               =  1.80000e+00
d7_c5               =  1.80000e+00
d6_c5               =  1.80000e+00
d5_c5               =  1.80000e+00
d4_c5               =  1.80000e+00
d3_c5               =  1.80000e+00
d2_c5               =  1.80000e+00
d1_c5               =  1.80000e+00
d0_c5               =  1.80000e+00
busy_c1_p0          =  1.80000e+00
smpl_c1_p0          =  -2.60880e-04
busy_c1_p1          =  1.80000e+00
smpl_c1_p1          =  -1.47117e-05
busy_c1_p2          =  1.80000e+00
smpl_c1_p2          =  -9.72301e-06
busy_c1_p3          =  1.80000e+00
smpl_c1_p3          =  -1.44547e-05
busy_c1_p4          =  1.80000e+00
smpl_c1_p4          =  -1.44675e-05
busy_c1_p5          =  1.80000e+00
smpl_c1_p5          =  -1.44534e-05
busy_c1_p6          =  1.80000e+00
smpl_c1_p6          =  -1.44752e-05
busy_c1_p7          =  1.80000e+00
smpl_c1_p7          =  -1.44731e-05
busy_c1_p8          =  1.80000e+00
smpl_c1_p8          =  -1.44708e-05
busy_c1_p9          =  1.80000e+00
smpl_c1_p9          =  -1.44742e-05
busy_c1_p10         =  1.80000e+00
smpl_c1_p10         =  -1.44708e-05
busy_c1_p11         =  -4.88782e-07
smpl_c1_p11         =  1.80006e+00
busy_c2_p0          =  1.80000e+00
smpl_c2_p0          =  -2.61231e-04
busy_c2_p1          =  1.80000e+00
smpl_c2_p1          =  -1.44032e-05
busy_c2_p2          =  1.80000e+00
smpl_c2_p2          =  -1.42348e-05
busy_c2_p3          =  1.80000e+00
smpl_c2_p3          =  -1.43961e-05
busy_c2_p4          =  1.80000e+00
smpl_c2_p4          =  -1.43188e-05
busy_c2_p5          =  1.80000e+00
smpl_c2_p5          =  -1.42593e-05
busy_c2_p6          =  1.80000e+00
smpl_c2_p6          =  -1.42381e-05
busy_c2_p7          =  1.80000e+00
smpl_c2_p7          =  -1.42228e-05
busy_c2_p8          =  1.80000e+00
smpl_c2_p8          =  -1.42108e-05
busy_c2_p9          =  1.80000e+00
smpl_c2_p9          =  -1.42154e-05
busy_c2_p10         =  1.80000e+00
smpl_c2_p10         =  -1.42157e-05
busy_c2_p11         =  5.80147e-07
smpl_c2_p11         =  1.80006e+00
busy_c3_p0          =  1.80000e+00
smpl_c3_p0          =  -2.61074e-04
busy_c3_p1          =  1.80000e+00
smpl_c3_p1          =  -1.44088e-05
busy_c3_p2          =  1.80000e+00
smpl_c3_p2          =  -1.44051e-05
busy_c3_p3          =  1.80000e+00
smpl_c3_p3          =  -1.43497e-05
busy_c3_p4          =  1.80000e+00
smpl_c3_p4          =  -1.42534e-05
busy_c3_p5          =  1.80000e+00
smpl_c3_p5          =  -1.41801e-05
busy_c3_p6          =  1.80000e+00
smpl_c3_p6          =  -1.41513e-05
busy_c3_p7          =  1.80000e+00
smpl_c3_p7          =  -1.41271e-05
busy_c3_p8          =  1.80000e+00
smpl_c3_p8          =  -1.41166e-05
busy_c3_p9          =  1.80000e+00
smpl_c3_p9          =  -1.41186e-05
busy_c3_p10         =  1.80000e+00
smpl_c3_p10         =  -1.41108e-05
busy_c3_p11         =  5.71286e-07
smpl_c3_p11         =  1.80006e+00
busy_c4_p0          =  1.80000e+00
smpl_c4_p0          =  -2.61340e-04
busy_c4_p1          =  1.80000e+00
smpl_c4_p1          =  -1.43980e-05
busy_c4_p2          =  1.80000e+00
smpl_c4_p2          =  -1.42439e-05
busy_c4_p3          =  1.80000e+00
smpl_c4_p3          =  -1.44019e-05
busy_c4_p4          =  1.80000e+00
smpl_c4_p4          =  -1.43251e-05
busy_c4_p5          =  1.80000e+00
smpl_c4_p5          =  -1.42660e-05
busy_c4_p6          =  1.80000e+00
smpl_c4_p6          =  -1.42315e-05
busy_c4_p7          =  1.80000e+00
smpl_c4_p7          =  -1.42215e-05
busy_c4_p8          =  1.80000e+00
smpl_c4_p8          =  -1.42233e-05
busy_c4_p9          =  1.80000e+00
smpl_c4_p9          =  -1.42227e-05
busy_c4_p10         =  1.80000e+00
smpl_c4_p10         =  -1.42205e-05
busy_c4_p11         =  -6.28761e-08
smpl_c4_p11         =  1.80006e+00
busy_c5_p0          =  1.80000e+00
smpl_c5_p0          =  -2.61157e-04
busy_c5_p1          =  1.80000e+00
smpl_c5_p1          =  -1.46875e-05
busy_c5_p2          =  1.80000e+00
smpl_c5_p2          =  -9.85293e-06
busy_c5_p3          =  1.80000e+00
smpl_c5_p3          =  -6.02919e-06
busy_c5_p4          =  1.80000e+00
smpl_c5_p4          =  -7.29875e-06
busy_c5_p5          =  1.80000e+00
smpl_c5_p5          =  -9.01973e-06
busy_c5_p6          =  1.80000e+00
smpl_c5_p6          =  -1.06773e-05
busy_c5_p7          =  1.80000e+00
smpl_c5_p7          =  -1.18465e-05
busy_c5_p8          =  1.80000e+00
smpl_c5_p8          =  -1.25784e-05
busy_c5_p9          =  1.80000e+00
smpl_c5_p9          =  -1.30608e-05
busy_c5_p10         =  1.80000e+00
smpl_c5_p10         =  -1.33779e-05
busy_c5_p11         =  2.26728e-06
smpl_c5_p11         =  1.80006e+00
i_vdd               =  -2.11351e-06 from=  3.20000e-06 to=  4.20013e-06
i_vpwr              =  -6.93622e-06 from=  3.20000e-06 to=  4.20013e-06
i_vrefp             =  -6.49967e-06 from=  3.20000e-06 to=  4.20013e-06
i_vrefn             =  6.48402e-06 from=  3.20000e-06 to=  4.20013e-06
i_vcm               =  1.27296e-08 from=  3.20000e-06 to=  4.20013e-06
gnd_die_max         =  0.00000e+00 at=  6.28333e-06
gnd_die_min         =  0.00000e+00 at=  6.28333e-06
vgnd_max            =  0.00000e+00 at=  6.28333e-06
vgnd_min            =  0.00000e+00 at=  6.28333e-06
vdd_max             =  1.80000e+00 at=  6.28333e-06
vdd_min             =  1.80000e+00 at=  6.28333e-06
vpwr_max            =  1.80000e+00 at=  6.28333e-06
vpwr_min            =  1.80000e+00 at=  6.28333e-06
vdda_min            =  1.80000e+00 at=  6.28333e-06
vdda_max            =  1.80000e+00 at=  6.28333e-06
i_vgnda             =  2.18850e-06 from=  3.20000e-06 to=  4.20013e-06
i_vgnd              =  6.89857e-06 from=  3.20000e-06 to=  4.20013e-06


Total analysis time (seconds) = 3227.23

Total elapsed time (seconds) = 3702.332 

Total DRAM available = 98304.000 MB.
DRAM currently available = 4637.172 MB.
Maximum ngspice program size =  794.500 MB.
Current ngspice program size =   31.266 MB.

