
Note: Compatibility modes selected: hs a


Circuit: * sim/ground-return-impedance (issue #378) arm 'sub-nopad-10' -- reusing

option SCALE: Scale is set to 1e-06 for instance and model parameters
option SCALE: Scale is set to 1e-06 for instance and model parameters
option SCALE: Scale is set to 1e-06 for instance and model parameters
option SCALE: Scale is set to 1e-06 for instance and model parameters
Doing analysis at TEMP = 27.000000 and TNOM = 27.000000

Using KLU as Direct Linear Solver
 Reference value :  0.00000e+00
 Reference value :  4.14000e-09
 Reference value :  1.16400e-08
 Reference value :  1.91400e-08
 Reference value :  2.17500e-08
 Reference value :  2.72500e-08
 Reference value :  3.27500e-08
 Reference value :  3.82500e-08
 Reference value :  4.37500e-08
 Reference value :  4.92500e-08
 Reference value :  5.47500e-08
 Reference value :  6.02500e-08
 Reference value :  6.57500e-08
 Reference value :  7.12500e-08
 Reference value :  7.67500e-08
 Reference value :  8.22500e-08
 Reference value :  8.77500e-08
 Reference value :  9.42500e-08
 Reference value :  9.97500e-08
 Reference value :  1.05250e-07
 Reference value :  1.16750e-07
 Reference value :  1.28750e-07
 Reference value :  1.38250e-07
 Reference value :  1.45750e-07
 Reference value :  1.53250e-07
 Reference value :  1.62250e-07
 Reference value :  1.70250e-07
 Reference value :  1.77750e-07
 Reference value :  1.85750e-07
 Reference value :  1.93750e-07
 Reference value :  2.00141e-07
 Reference value :  2.00588e-07
 Reference value :  2.01087e-07
 Reference value :  2.03409e-07
 Reference value :  2.08409e-07
 Reference value :  2.13909e-07
 Reference value :  2.19409e-07
 Reference value :  2.24909e-07
 Reference value :  2.30409e-07
 Reference value :  2.35909e-07
 Reference value :  2.41167e-07
 Reference value :  2.42480e-07
 Reference value :  2.43515e-07
 Reference value :  2.45563e-07
 Reference value :  2.51563e-07
 Reference value :  2.57063e-07
 Reference value :  2.62563e-07
 Reference value :  2.68063e-07
 Reference value :  2.73563e-07
 Reference value :  2.79063e-07
 Reference value :  2.83183e-07
 Reference value :  2.83833e-07
 Reference value :  2.84190e-07
 Reference value :  2.84910e-07
 Reference value :  2.87797e-07
 Reference value :  2.93797e-07
 Reference value :  3.00297e-07
 Reference value :  3.07797e-07
 Reference value :  3.14297e-07
 Reference value :  3.21297e-07
 Reference value :  3.25500e-07
 Reference value :  3.28135e-07
 Reference value :  3.34635e-07
 Reference value :  3.41635e-07
 Reference value :  3.48135e-07
 Reference value :  3.55135e-07
 Reference value :  3.62135e-07
 Reference value :  3.66517e-07
 Reference value :  3.67167e-07
 Reference value :  3.67856e-07
 Reference value :  3.72130e-07
 Reference value :  3.77630e-07
 Reference value :  3.83130e-07
 Reference value :  3.88630e-07
 Reference value :  3.94130e-07
 Reference value :  3.99630e-07
 Reference value :  4.05630e-07
 Reference value :  4.08508e-07
 Reference value :  4.09741e-07
 Reference value :  4.11872e-07
 Reference value :  4.13872e-07
 Reference value :  4.18372e-07
 Reference value :  4.23872e-07
 Reference value :  4.29872e-07
 Reference value :  4.35372e-07
 Reference value :  4.40872e-07
 Reference value :  4.46372e-07
 Reference value :  4.50124e-07
 Reference value :  4.50920e-07
 Reference value :  4.51222e-07
 Reference value :  4.52750e-07
 Reference value :  4.57250e-07
 Reference value :  4.62750e-07
 Reference value :  4.68250e-07
 Reference value :  4.73750e-07
 Reference value :  4.79750e-07
 Reference value :  4.85750e-07
 Reference value :  4.91217e-07
 Reference value :  4.92480e-07
 Reference value :  4.94833e-07
 Reference value :  5.00333e-07
 Reference value :  5.05833e-07
 Reference value :  5.11333e-07
 Reference value :  5.16833e-07
 Reference value :  5.22333e-07
 Reference value :  5.27833e-07
 Reference value :  5.32833e-07
 Reference value :  5.33645e-07
 Reference value :  5.34130e-07
 Reference value :  5.36468e-07
 Reference value :  5.41468e-07
 Reference value :  5.46968e-07
 Reference value :  5.52468e-07
 Reference value :  5.57968e-07
 Reference value :  5.63468e-07
 Reference value :  5.69468e-07
 Reference value :  5.74500e-07
 Reference value :  5.75634e-07
 Reference value :  5.78105e-07
 Reference value :  5.83605e-07
 Reference value :  5.89105e-07
 Reference value :  5.92105e-07
 Reference value :  5.98105e-07
 Reference value :  6.05105e-07
 Reference value :  6.11605e-07
 Reference value :  6.16317e-07
 Reference value :  6.17167e-07
 Reference value :  6.17883e-07
 Reference value :  6.18903e-07
 Reference value :  6.23903e-07
 Reference value :  6.29903e-07
 Reference value :  6.35403e-07
 Reference value :  6.40903e-07
 Reference value :  6.46903e-07
 Reference value :  6.52903e-07
 Reference value :  6.57883e-07
 Reference value :  6.58967e-07
 Reference value :  6.60094e-07
 Reference value :  6.65462e-07
 Reference value :  6.70962e-07
 Reference value :  6.76462e-07
 Reference value :  6.82462e-07
 Reference value :  6.87962e-07
 Reference value :  6.93462e-07
 Reference value :  6.96962e-07
 Reference value :  6.99650e-07
 Reference value :  7.00294e-07
 Reference value :  7.01024e-07
 Reference value :  7.01945e-07
 Reference value :  7.06227e-07
 Reference value :  7.11727e-07
 Reference value :  7.18227e-07
 Reference value :  7.23727e-07
 Reference value :  7.29227e-07
 Reference value :  7.34727e-07
 Reference value :  7.41167e-07
 Reference value :  7.42211e-07
 Reference value :  7.43438e-07
 Reference value :  7.48311e-07
 Reference value :  7.53811e-07
 Reference value :  7.59311e-07
 Reference value :  7.64811e-07
 Reference value :  7.70311e-07
 Reference value :  7.75811e-07
 Reference value :  7.81311e-07
 Reference value :  7.83418e-07
 Reference value :  7.83852e-07
 Reference value :  7.84229e-07
 Reference value :  7.87794e-07
 Reference value :  7.93294e-07
 Reference value :  7.98794e-07
 Reference value :  8.04294e-07
 Reference value :  8.09794e-07
 Reference value :  8.15294e-07
 Reference value :  8.21294e-07
 Reference value :  8.25175e-07
 Reference value :  8.26765e-07
 Reference value :  8.31635e-07
 Reference value :  8.37135e-07
 Reference value :  8.42635e-07
 Reference value :  8.48135e-07
 Reference value :  8.53635e-07
 Reference value :  8.58635e-07
 Reference value :  8.64135e-07
 Reference value :  8.66751e-07
 Reference value :  8.67179e-07
 Reference value :  8.67637e-07
 Reference value :  8.71836e-07
 Reference value :  8.77336e-07
 Reference value :  8.82836e-07
 Reference value :  8.89336e-07
 Reference value :  8.95836e-07
 Reference value :  9.01836e-07
 Reference value :  9.07336e-07
 Reference value :  9.08967e-07
 Reference value :  9.10965e-07
 Reference value :  9.16465e-07
 Reference value :  9.21465e-07
 Reference value :  9.26965e-07
 Reference value :  9.32965e-07
 Reference value :  9.38465e-07
 Reference value :  9.43465e-07
 Reference value :  9.48465e-07
 Reference value :  9.50085e-07
 Reference value :  9.50531e-07
 Reference value :  9.51237e-07
 Reference value :  9.56003e-07
 Reference value :  9.61503e-07
 Reference value :  9.67003e-07
 Reference value :  9.72503e-07
 Reference value :  9.78003e-07
 Reference value :  9.83503e-07
 Reference value :  9.89003e-07
 Reference value :  9.91842e-07
 Reference value :  9.93071e-07
 Reference value :  9.96296e-07
 Reference value :  1.00180e-06
 Reference value :  1.00730e-06
 Reference value :  1.01280e-06
 Reference value :  1.01880e-06
 Reference value :  1.02480e-06
 Reference value :  1.03130e-06
 Reference value :  1.03298e-06
 Reference value :  1.03387e-06
 Reference value :  1.03432e-06
 Reference value :  1.03692e-06
 Reference value :  1.04242e-06
 Reference value :  1.04792e-06
 Reference value :  1.05342e-06
 Reference value :  1.05892e-06
 Reference value :  1.06442e-06
 Reference value :  1.06992e-06
 Reference value :  1.07455e-06
 Reference value :  1.07581e-06
 Reference value :  1.07763e-06
 Reference value :  1.08313e-06
 Reference value :  1.08863e-06
 Reference value :  1.09413e-06
 Reference value :  1.09963e-06
 Reference value :  1.10463e-06
 Reference value :  1.10963e-06
 Reference value :  1.11513e-06
 Reference value :  1.11675e-06
 Reference value :  1.11737e-06
 Reference value :  1.11801e-06
 Reference value :  1.12383e-06
 Reference value :  1.13033e-06
 Reference value :  1.13733e-06
 Reference value :  1.14383e-06
 Reference value :  1.15083e-06
 Reference value :  1.15783e-06
 Reference value :  1.15947e-06
 Reference value :  1.16042e-06
 Reference value :  1.16489e-06
 Reference value :  1.17039e-06
 Reference value :  1.17639e-06
 Reference value :  1.18189e-06
 Reference value :  1.18739e-06
 Reference value :  1.19289e-06
 Reference value :  1.19920e-06
 Reference value :  1.20013e-06
 Reference value :  1.20059e-06
 Reference value :  1.20106e-06
 Reference value :  1.20179e-06
 Reference value :  1.20559e-06
 Reference value :  1.21009e-06
 Reference value :  1.21509e-06
 Reference value :  1.22009e-06
 Reference value :  1.22559e-06
 Reference value :  1.23109e-06
 Reference value :  1.23659e-06
 Reference value :  1.24152e-06
 Reference value :  1.24275e-06
 Reference value :  1.24379e-06
 Reference value :  1.24729e-06
 Reference value :  1.25279e-06
 Reference value :  1.25879e-06
 Reference value :  1.26429e-06
 Reference value :  1.27029e-06
 Reference value :  1.27579e-06
 Reference value :  1.28129e-06
 Reference value :  1.28344e-06
 Reference value :  1.28391e-06
 Reference value :  1.28453e-06
 Reference value :  1.28556e-06
 Reference value :  1.28933e-06
 Reference value :  1.29483e-06
 Reference value :  1.30033e-06
 Reference value :  1.30583e-06
 Reference value :  1.31233e-06
 Reference value :  1.31783e-06
 Reference value :  1.32383e-06
 Reference value :  1.32563e-06
 Reference value :  1.32668e-06
 Reference value :  1.33150e-06
 Reference value :  1.33550e-06
 Reference value :  1.33900e-06
 Reference value :  1.34350e-06
 Reference value :  1.34900e-06
 Reference value :  1.35500e-06
 Reference value :  1.36050e-06
 Reference value :  1.36583e-06
 Reference value :  1.36679e-06
 Reference value :  1.36759e-06
 Reference value :  1.36799e-06
 Reference value :  1.36940e-06
 Reference value :  1.37440e-06
 Reference value :  1.38040e-06
 Reference value :  1.38640e-06
 Reference value :  1.39190e-06
 Reference value :  1.39740e-06
 Reference value :  1.40290e-06
 Reference value :  1.40818e-06
 Reference value :  1.40950e-06
 Reference value :  1.41489e-06
 Reference value :  1.42039e-06
 Reference value :  1.42689e-06
 Reference value :  1.43239e-06
 Reference value :  1.43789e-06
 Reference value :  1.44589e-06
 Reference value :  1.45012e-06
 Reference value :  1.45061e-06
 Reference value :  1.45198e-06
 Reference value :  1.45698e-06
 Reference value :  1.46248e-06
 Reference value :  1.46898e-06
 Reference value :  1.47548e-06
 Reference value :  1.48198e-06
 Reference value :  1.48848e-06
 Reference value :  1.49184e-06
 Reference value :  1.49309e-06
 Reference value :  1.49740e-06
 Reference value :  1.50340e-06
 Reference value :  1.50890e-06
 Reference value :  1.51440e-06
 Reference value :  1.51990e-06
 Reference value :  1.52490e-06
 Reference value :  1.53090e-06
 Reference value :  1.53346e-06
 Reference value :  1.53403e-06
 Reference value :  1.53676e-06
 Reference value :  1.54276e-06
 Reference value :  1.54826e-06
 Reference value :  1.55426e-06
 Reference value :  1.55976e-06
 Reference value :  1.56526e-06
 Reference value :  1.57226e-06
 Reference value :  1.57554e-06
 Reference value :  1.57714e-06
 Reference value :  1.58263e-06
 Reference value :  1.58813e-06
 Reference value :  1.59413e-06
 Reference value :  1.59963e-06
 Reference value :  1.60513e-06
 Reference value :  1.61063e-06
 Reference value :  1.61563e-06
 Reference value :  1.61679e-06
 Reference value :  1.61717e-06
 Reference value :  1.61760e-06
 Reference value :  1.62012e-06
 Reference value :  1.62562e-06
 Reference value :  1.63212e-06
 Reference value :  1.63762e-06
 Reference value :  1.64312e-06
 Reference value :  1.64862e-06
 Reference value :  1.65412e-06
 Reference value :  1.65818e-06
 Reference value :  1.65941e-06
 Reference value :  1.66244e-06
 Reference value :  1.66794e-06
 Reference value :  1.67394e-06
 Reference value :  1.67794e-06
 Reference value :  1.68444e-06
 Reference value :  1.69144e-06
 Reference value :  1.69844e-06
 Reference value :  1.70029e-06
 Reference value :  1.70124e-06
 Reference value :  1.70382e-06
 Reference value :  1.71032e-06
 Reference value :  1.71832e-06
 Reference value :  1.72582e-06
 Reference value :  1.73332e-06
 Reference value :  1.74074e-06
 Reference value :  1.74248e-06
 Reference value :  1.74679e-06
 Reference value :  1.75229e-06
 Reference value :  1.75829e-06
 Reference value :  1.76329e-06
 Reference value :  1.76879e-06
 Reference value :  1.77129e-06
 Reference value :  1.77529e-06
 Reference value :  1.78079e-06
 Reference value :  1.78342e-06
 Reference value :  1.78397e-06
 Reference value :  1.78449e-06
 Reference value :  1.78561e-06
 Reference value :  1.79211e-06
 Reference value :  1.79861e-06
 Reference value :  1.80411e-06
 Reference value :  1.80961e-06
 Reference value :  1.81511e-06
 Reference value :  1.82111e-06
 Reference value :  1.82517e-06
 Reference value :  1.82640e-06
 Reference value :  1.83013e-06
 Reference value :  1.83513e-06
 Reference value :  1.84063e-06
 Reference value :  1.84613e-06
 Reference value :  1.85113e-06
 Reference value :  1.85663e-06
 Reference value :  1.86063e-06
 Reference value :  1.86413e-06
 Reference value :  1.86675e-06
 Reference value :  1.86721e-06
 Reference value :  1.86765e-06
 Reference value :  1.86837e-06
 Reference value :  1.87139e-06
 Reference value :  1.87639e-06
 Reference value :  1.88189e-06
 Reference value :  1.88739e-06
 Reference value :  1.89289e-06
 Reference value :  1.89839e-06
 Reference value :  1.90389e-06
 Reference value :  1.90818e-06
 Reference value :  1.90942e-06
 Reference value :  1.91246e-06
 Reference value :  1.91896e-06
 Reference value :  1.92446e-06
 Reference value :  1.92996e-06
 Reference value :  1.93596e-06
 Reference value :  1.94096e-06
 Reference value :  1.94646e-06
 Reference value :  1.94923e-06
 Reference value :  1.95025e-06
 Reference value :  1.95058e-06
 Reference value :  1.95100e-06
 Reference value :  1.95179e-06
 Reference value :  1.95431e-06
 Reference value :  1.95881e-06
 Reference value :  1.96431e-06
 Reference value :  1.96981e-06
 Reference value :  1.97531e-06
 Reference value :  1.98181e-06
 Reference value :  1.98731e-06
 Reference value :  1.99152e-06
 Reference value :  1.99275e-06
 Reference value :  1.99630e-06
 Reference value :  2.00230e-06
 Reference value :  2.00780e-06
 Reference value :  2.01330e-06
 Reference value :  2.01930e-06
 Reference value :  2.02530e-06
 Reference value :  2.03030e-06
 Reference value :  2.03342e-06
 Reference value :  2.03394e-06
 Reference value :  2.03451e-06
 Reference value :  2.03814e-06
 Reference value :  2.04414e-06
 Reference value :  2.04964e-06
 Reference value :  2.05514e-06
 Reference value :  2.06214e-06
 Reference value :  2.06764e-06
 Reference value :  2.07314e-06
 Reference value :  2.07550e-06
 Reference value :  2.07676e-06
 Reference value :  2.08163e-06
 Reference value :  2.08763e-06
 Reference value :  2.09313e-06
 Reference value :  2.09863e-06
 Reference value :  2.10413e-06
 Reference value :  2.10963e-06
 Reference value :  2.11513e-06
 Reference value :  2.11675e-06
 Reference value :  2.11737e-06
 Reference value :  2.11784e-06
 Reference value :  2.11929e-06
 Reference value :  2.12529e-06
 Reference value :  2.13079e-06
 Reference value :  2.13779e-06
 Reference value :  2.14429e-06
 Reference value :  2.15029e-06
 Reference value :  2.15579e-06
 Reference value :  2.15883e-06
 Reference value :  2.15972e-06
 Reference value :  2.16071e-06
 Reference value :  2.16535e-06
 Reference value :  2.17135e-06
 Reference value :  2.17635e-06
 Reference value :  2.18185e-06
 Reference value :  2.18735e-06
 Reference value :  2.19285e-06
 Reference value :  2.19835e-06
 Reference value :  2.20013e-06
 Reference value :  2.20067e-06
 Reference value :  2.20116e-06
 Reference value :  2.20288e-06
 Reference value :  2.20788e-06
 Reference value :  2.21338e-06
 Reference value :  2.22088e-06
 Reference value :  2.22638e-06
 Reference value :  2.23188e-06
 Reference value :  2.23738e-06
 Reference value :  2.24152e-06
 Reference value :  2.24275e-06
 Reference value :  2.24378e-06
 Reference value :  2.24679e-06
 Reference value :  2.25229e-06
 Reference value :  2.25779e-06
 Reference value :  2.26329e-06
 Reference value :  2.26879e-06
 Reference value :  2.27429e-06
 Reference value :  2.27979e-06
 Reference value :  2.28344e-06
 Reference value :  2.28391e-06
 Reference value :  2.28453e-06
 Reference value :  2.28524e-06
 Reference value :  2.28877e-06
 Reference value :  2.29377e-06
 Reference value :  2.29877e-06
 Reference value :  2.30377e-06
 Reference value :  2.30927e-06
 Reference value :  2.31527e-06
 Reference value :  2.32077e-06
 Reference value :  2.32485e-06
 Reference value :  2.32608e-06
 Reference value :  2.32911e-06
 Reference value :  2.33461e-06
 Reference value :  2.33911e-06
 Reference value :  2.34411e-06
 Reference value :  2.34911e-06
 Reference value :  2.35461e-06
 Reference value :  2.36061e-06
 Reference value :  2.36622e-06
 Reference value :  2.36698e-06
 Reference value :  2.36737e-06
 Reference value :  2.36799e-06
 Reference value :  2.37202e-06
 Reference value :  2.37752e-06
 Reference value :  2.38302e-06
 Reference value :  2.38852e-06
 Reference value :  2.39452e-06
 Reference value :  2.40052e-06
 Reference value :  2.40602e-06
 Reference value :  2.40883e-06
 Reference value :  2.41008e-06
 Reference value :  2.41545e-06
 Reference value :  2.42095e-06
 Reference value :  2.42495e-06
 Reference value :  2.42845e-06
 Reference value :  2.43395e-06
 Reference value :  2.43995e-06
 Reference value :  2.44595e-06
 Reference value :  2.44985e-06
 Reference value :  2.45050e-06
 Reference value :  2.45121e-06
 Reference value :  2.45272e-06
 Reference value :  2.45872e-06
 Reference value :  2.46572e-06
 Reference value :  2.47172e-06
 Reference value :  2.47722e-06
 Reference value :  2.48322e-06
 Reference value :  2.48872e-06
 Reference value :  2.49184e-06
 Reference value :  2.49342e-06
 Reference value :  2.49828e-06
 Reference value :  2.50378e-06
 Reference value :  2.50828e-06
 Reference value :  2.51278e-06
 Reference value :  2.51828e-06
 Reference value :  2.52478e-06
 Reference value :  2.53228e-06
 Reference value :  2.53365e-06
 Reference value :  2.53413e-06
 Reference value :  2.53478e-06
 Reference value :  2.53969e-06
 Reference value :  2.54519e-06
 Reference value :  2.55069e-06
 Reference value :  2.55619e-06
 Reference value :  2.56119e-06
 Reference value :  2.56669e-06
 Reference value :  2.57219e-06
 Reference value :  2.57550e-06
 Reference value :  2.57675e-06
 Reference value :  2.58112e-06
 Reference value :  2.58662e-06
 Reference value :  2.59112e-06
 Reference value :  2.59462e-06
 Reference value :  2.59962e-06
 Reference value :  2.60512e-06
 Reference value :  2.61012e-06
 Reference value :  2.61617e-06
 Reference value :  2.61679e-06
 Reference value :  2.61728e-06
 Reference value :  2.61779e-06
 Reference value :  2.61955e-06
 Reference value :  2.62655e-06
 Reference value :  2.63205e-06
 Reference value :  2.63755e-06
 Reference value :  2.64355e-06
 Reference value :  2.64905e-06
 Reference value :  2.65455e-06
 Reference value :  2.65851e-06
 Reference value :  2.65974e-06
 Reference value :  2.66296e-06
 Reference value :  2.66846e-06
 Reference value :  2.67296e-06
 Reference value :  2.67696e-06
 Reference value :  2.68196e-06
 Reference value :  2.68746e-06
 Reference value :  2.69296e-06
 Reference value :  2.69846e-06
 Reference value :  2.70008e-06
 Reference value :  2.70050e-06
 Reference value :  2.70116e-06
 Reference value :  2.70359e-06
 Reference value :  2.70959e-06
 Reference value :  2.71509e-06
 Reference value :  2.72009e-06
 Reference value :  2.72559e-06
 Reference value :  2.73109e-06
 Reference value :  2.73659e-06
 Reference value :  2.74132e-06
 Reference value :  2.74248e-06
 Reference value :  2.74429e-06
 Reference value :  2.74929e-06
 Reference value :  2.75479e-06
 Reference value :  2.75879e-06
 Reference value :  2.76429e-06
 Reference value :  2.76979e-06
 Reference value :  2.77479e-06
 Reference value :  2.78029e-06
 Reference value :  2.78342e-06
 Reference value :  2.78383e-06
 Reference value :  2.78412e-06
 Reference value :  2.78469e-06
 Reference value :  2.78929e-06
 Reference value :  2.79579e-06
 Reference value :  2.80129e-06
 Reference value :  2.80679e-06
 Reference value :  2.81229e-06
 Reference value :  2.81779e-06
 Reference value :  2.82379e-06
 Reference value :  2.82550e-06
 Reference value :  2.82675e-06
 Reference value :  2.83062e-06
 Reference value :  2.83612e-06
 Reference value :  2.84112e-06
 Reference value :  2.84512e-06
 Reference value :  2.85062e-06
 Reference value :  2.85562e-06
 Reference value :  2.86112e-06
 Reference value :  2.86589e-06
 Reference value :  2.86696e-06
 Reference value :  2.86725e-06
 Reference value :  2.86781e-06
 Reference value :  2.87019e-06
 Reference value :  2.87569e-06
 Reference value :  2.88119e-06
 Reference value :  2.88669e-06
 Reference value :  2.89269e-06
 Reference value :  2.90119e-06
 Reference value :  2.90818e-06
 Reference value :  2.90915e-06
 Reference value :  2.91095e-06
 Reference value :  2.91595e-06
 Reference value :  2.92145e-06
 Reference value :  2.92545e-06
 Reference value :  2.92995e-06
 Reference value :  2.93545e-06
 Reference value :  2.94095e-06
 Reference value :  2.94595e-06
 Reference value :  2.94982e-06
 Reference value :  2.95051e-06
 Reference value :  2.95073e-06
 Reference value :  2.95119e-06
 Reference value :  2.95468e-06
 Reference value :  2.95968e-06
 Reference value :  2.96718e-06
 Reference value :  2.97318e-06
 Reference value :  2.97868e-06
 Reference value :  2.98468e-06
 Reference value :  2.99117e-06
 Reference value :  2.99275e-06
 Reference value :  2.99678e-06
 Reference value :  3.00228e-06
 Reference value :  3.00728e-06
 Reference value :  3.01128e-06
 Reference value :  3.01628e-06
 Reference value :  3.02128e-06
 Reference value :  3.02728e-06
 Reference value :  3.03256e-06
 Reference value :  3.03363e-06
 Reference value :  3.03441e-06
 Reference value :  3.03600e-06
 Reference value :  3.04100e-06
 Reference value :  3.04650e-06
 Reference value :  3.05200e-06
 Reference value :  3.05750e-06
 Reference value :  3.06350e-06
 Reference value :  3.06900e-06
 Reference value :  3.07400e-06
 Reference value :  3.07563e-06
 Reference value :  3.07812e-06
 Reference value :  3.08262e-06
 Reference value :  3.08812e-06
 Reference value :  3.09212e-06
 Reference value :  3.09662e-06
 Reference value :  3.10162e-06
 Reference value :  3.10712e-06
 Reference value :  3.11262e-06
 Reference value :  3.11680e-06
 Reference value :  3.11728e-06
 Reference value :  3.11767e-06
 Reference value :  3.11898e-06
 Reference value :  3.12448e-06
 Reference value :  3.13048e-06
 Reference value :  3.13648e-06
 Reference value :  3.14198e-06
 Reference value :  3.14798e-06
 Reference value :  3.15348e-06
 Reference value :  3.15818e-06
 Reference value :  3.15948e-06
 Reference value :  3.16179e-06
 Reference value :  3.16484e-06
 Reference value :  3.17034e-06
 Reference value :  3.17634e-06
 Reference value :  3.18184e-06
 Reference value :  3.18734e-06
 Reference value :  3.19234e-06
 Reference value :  3.19784e-06
 Reference value :  3.20013e-06
 Reference value :  3.20059e-06
 Reference value :  3.20107e-06
 Reference value :  3.20158e-06
 Reference value :  3.20691e-06
 Reference value :  3.21241e-06
 Reference value :  3.21741e-06
 Reference value :  3.22341e-06
 Reference value :  3.22891e-06
 Reference value :  3.23441e-06
 Reference value :  3.23991e-06
 Reference value :  3.24217e-06
 Reference value :  3.24341e-06
 Reference value :  3.24508e-06
 Reference value :  3.24777e-06
 Reference value :  3.25327e-06
 Reference value :  3.25877e-06
 Reference value :  3.26427e-06
 Reference value :  3.27027e-06
 Reference value :  3.27577e-06
 Reference value :  3.28177e-06
 Reference value :  3.28344e-06
 Reference value :  3.28391e-06
 Reference value :  3.28451e-06
 Reference value :  3.28522e-06
 Reference value :  3.28874e-06
 Reference value :  3.29374e-06
 Reference value :  3.29924e-06
 Reference value :  3.30474e-06
 Reference value :  3.31024e-06
 Reference value :  3.31574e-06
 Reference value :  3.32124e-06
 Reference value :  3.32517e-06
 Reference value :  3.32672e-06
 Reference value :  3.32926e-06
 Reference value :  3.33476e-06
 Reference value :  3.34076e-06
 Reference value :  3.34676e-06
 Reference value :  3.35276e-06
 Reference value :  3.36026e-06
 Reference value :  3.36652e-06
 Reference value :  3.36717e-06
 Reference value :  3.36780e-06
 Reference value :  3.36951e-06
 Reference value :  3.37451e-06
 Reference value :  3.38001e-06
 Reference value :  3.38551e-06
 Reference value :  3.39151e-06
 Reference value :  3.39801e-06
 Reference value :  3.40501e-06
 Reference value :  3.40883e-06
 Reference value :  3.41005e-06
 Reference value :  3.41078e-06
 Reference value :  3.41415e-06
 Reference value :  3.41915e-06
 Reference value :  3.42465e-06
 Reference value :  3.42965e-06
 Reference value :  3.43515e-06
 Reference value :  3.44065e-06
 Reference value :  3.44615e-06
 Reference value :  3.45012e-06
 Reference value :  3.45080e-06
 Reference value :  3.45185e-06
 Reference value :  3.45935e-06
 Reference value :  3.46685e-06
 Reference value :  3.47435e-06
 Reference value :  3.48185e-06
 Reference value :  3.48935e-06
 Reference value :  3.49248e-06
 Reference value :  3.49444e-06
 Reference value :  3.49944e-06
 Reference value :  3.50494e-06
 Reference value :  3.51094e-06
 Reference value :  3.51644e-06
 Reference value :  3.52144e-06
 Reference value :  3.52694e-06
 Reference value :  3.53283e-06
 Reference value :  3.53346e-06
 Reference value :  3.53403e-06
 Reference value :  3.53466e-06
 Reference value :  3.53919e-06
 Reference value :  3.54419e-06
 Reference value :  3.54969e-06
 Reference value :  3.55519e-06
 Reference value :  3.56069e-06
 Reference value :  3.56569e-06
 Reference value :  3.57169e-06
 Reference value :  3.57517e-06
 Reference value :  3.57641e-06
 Reference value :  3.57830e-06
 Reference value :  3.58330e-06
 Reference value :  3.58830e-06
 Reference value :  3.59380e-06
 Reference value :  3.59930e-06
 Reference value :  3.60480e-06
 Reference value :  3.60980e-06
 Reference value :  3.61480e-06
 Reference value :  3.61679e-06
 Reference value :  3.61728e-06
 Reference value :  3.61780e-06
 Reference value :  3.61952e-06
 Reference value :  3.62502e-06
 Reference value :  3.63002e-06
 Reference value :  3.63602e-06
 Reference value :  3.64152e-06
 Reference value :  3.64702e-06
 Reference value :  3.65302e-06
 Reference value :  3.65788e-06
 Reference value :  3.65897e-06
 Reference value :  3.66077e-06
 Reference value :  3.66508e-06
 Reference value :  3.67108e-06
 Reference value :  3.67708e-06
 Reference value :  3.68258e-06
 Reference value :  3.68808e-06
 Reference value :  3.69408e-06
 Reference value :  3.69965e-06
 Reference value :  3.70029e-06
 Reference value :  3.70104e-06
 Reference value :  3.70263e-06
 Reference value :  3.70913e-06
 Reference value :  3.71513e-06
 Reference value :  3.72163e-06
 Reference value :  3.72713e-06
 Reference value :  3.73363e-06
 Reference value :  3.74013e-06
 Reference value :  3.74221e-06
 Reference value :  3.74340e-06
 Reference value :  3.74448e-06
 Reference value :  3.74822e-06
 Reference value :  3.75322e-06
 Reference value :  3.75922e-06
 Reference value :  3.76522e-06
 Reference value :  3.77072e-06
 Reference value :  3.77622e-06
 Reference value :  3.78222e-06
 Reference value :  3.78363e-06
 Reference value :  3.78412e-06
 Reference value :  3.78623e-06
 Reference value :  3.79123e-06
 Reference value :  3.79773e-06
 Reference value :  3.80323e-06
 Reference value :  3.80923e-06
 Reference value :  3.81523e-06
 Reference value :  3.82073e-06
 Reference value :  3.82485e-06
 Reference value :  3.82608e-06
 Reference value :  3.82749e-06
 Reference value :  3.82939e-06
 Reference value :  3.83539e-06
 Reference value :  3.84239e-06
 Reference value :  3.84839e-06
 Reference value :  3.85489e-06
 Reference value :  3.86189e-06
 Reference value :  3.86675e-06
 Reference value :  3.86718e-06
 Reference value :  3.86770e-06
 Reference value :  3.86919e-06
 Reference value :  3.87519e-06
 Reference value :  3.88069e-06
 Reference value :  3.88669e-06
 Reference value :  3.89269e-06
 Reference value :  3.89819e-06
 Reference value :  3.90419e-06
 Reference value :  3.90883e-06
 Reference value :  3.91044e-06
 Reference value :  3.91196e-06
 Reference value :  3.91875e-06
 Reference value :  3.92425e-06
 Reference value :  3.93075e-06
 Reference value :  3.93625e-06
 Reference value :  3.94225e-06
 Reference value :  3.94775e-06
 Reference value :  3.95025e-06
 Reference value :  3.95058e-06
 Reference value :  3.95106e-06
 Reference value :  3.95271e-06
 Reference value :  3.95821e-06
 Reference value :  3.96471e-06
 Reference value :  3.97071e-06
 Reference value :  3.97621e-06
 Reference value :  3.98171e-06
 Reference value :  3.98721e-06
 Reference value :  3.99152e-06
 Reference value :  3.99248e-06
 Reference value :  3.99411e-06
 Reference value :  3.99452e-06
 Reference value :  3.99709e-06
 Reference value :  4.00359e-06
 Reference value :  4.00909e-06
 Reference value :  4.01459e-06
 Reference value :  4.02009e-06
 Reference value :  4.02609e-06
 Reference value :  4.03159e-06
 Reference value :  4.03342e-06
 Reference value :  4.03404e-06
 Reference value :  4.03452e-06
 Reference value :  4.03800e-06
 Reference value :  4.04350e-06
 Reference value :  4.04900e-06
 Reference value :  4.05450e-06
 Reference value :  4.06050e-06
 Reference value :  4.06600e-06
 Reference value :  4.07150e-06
 Reference value :  4.07517e-06
 Reference value :  4.07641e-06
 Reference value :  4.07791e-06
 Reference value :  4.08098e-06
 Reference value :  4.08848e-06
 Reference value :  4.09548e-06
 Reference value :  4.10198e-06
 Reference value :  4.10798e-06
 Reference value :  4.11348e-06
 Reference value :  4.11680e-06
 Reference value :  4.11727e-06
 Reference value :  4.11780e-06
 Reference value :  4.11949e-06
 Reference value :  4.12499e-06
 Reference value :  4.13049e-06
 Reference value :  4.13649e-06
 Reference value :  4.14199e-06
 Reference value :  4.14749e-06
 Reference value :  4.15299e-06
 Reference value :  4.15818e-06
 Reference value :  4.15947e-06
 Reference value :  4.16001e-06
 Reference value :  4.16166e-06
 Reference value :  4.16616e-06
 Reference value :  4.17166e-06
 Reference value :  4.17766e-06
 Reference value :  4.18316e-06
 Reference value :  4.18866e-06
 Reference value :  4.19416e-06
 Reference value :  4.19950e-06
 Reference value :  4.20013e-06
 Reference value :  4.20059e-06
 Reference value :  4.20097e-06
 Reference value :  4.20159e-06
 Reference value :  4.20689e-06
 Reference value :  4.21239e-06
 Reference value :  4.21839e-06
 Reference value :  4.22389e-06
 Reference value :  4.22989e-06
 Reference value :  4.23539e-06
 Reference value :  4.24078e-06
 Reference value :  4.24221e-06
 Reference value :  4.24332e-06
 Reference value :  4.24378e-06
 Reference value :  4.24726e-06
 Reference value :  4.25226e-06
 Reference value :  4.25776e-06
 Reference value :  4.26326e-06
 Reference value :  4.26926e-06
 Reference value :  4.27476e-06
 Reference value :  4.28026e-06
 Reference value :  4.28345e-06
 Reference value :  4.28387e-06
 Reference value :  4.28415e-06
 Reference value :  4.28490e-06
 Reference value :  4.29100e-06
 Reference value :  4.29650e-06
 Reference value :  4.30250e-06
 Reference value :  4.30800e-06
 Reference value :  4.31350e-06
 Reference value :  4.31950e-06
 Reference value :  4.32450e-06
 Reference value :  4.32608e-06
 Reference value :  4.32911e-06
 Reference value :  4.33461e-06
 Reference value :  4.33961e-06
 Reference value :  4.34261e-06
 Reference value :  4.34711e-06
 Reference value :  4.35211e-06
 Reference value :  4.35761e-06
 Reference value :  4.36311e-06
 Reference value :  4.36679e-06
 Reference value :  4.36728e-06
 Reference value :  4.36779e-06
 Reference value :  4.36825e-06
 Reference value :  4.37106e-06
 Reference value :  4.37556e-06
 Reference value :  4.38156e-06
 Reference value :  4.38806e-06
 Reference value :  4.39356e-06
 Reference value :  4.39906e-06
 Reference value :  4.40456e-06
 Reference value :  4.40851e-06
 Reference value :  4.41008e-06
 Reference value :  4.41445e-06
 Reference value :  4.41995e-06
 Reference value :  4.42445e-06
 Reference value :  4.42945e-06
 Reference value :  4.43495e-06
 Reference value :  4.44045e-06
 Reference value :  4.44595e-06
 Reference value :  4.44985e-06
 Reference value :  4.45050e-06
 Reference value :  4.45109e-06
 Reference value :  4.45368e-06
 Reference value :  4.45918e-06
 Reference value :  4.46468e-06
 Reference value :  4.47018e-06
 Reference value :  4.47568e-06
 Reference value :  4.48118e-06
 Reference value :  4.48668e-06
 Reference value :  4.49184e-06
 Reference value :  4.49342e-06
 Reference value :  4.49878e-06
 Reference value :  4.50428e-06
 Reference value :  4.50878e-06
 Reference value :  4.51228e-06
 Reference value :  4.51778e-06
 Reference value :  4.52328e-06
 Reference value :  4.52878e-06
 Reference value :  4.53298e-06
 Reference value :  4.53364e-06
 Reference value :  4.53413e-06
 Reference value :  4.53455e-06
 Reference value :  4.53550e-06
 Reference value :  4.53974e-06
 Reference value :  4.54424e-06
 Reference value :  4.54924e-06
 Reference value :  4.55474e-06
 Reference value :  4.56024e-06
 Reference value :  4.56574e-06
 Reference value :  4.57124e-06
 Reference value :  4.57517e-06
 Reference value :  4.57641e-06
 Reference value :  4.57962e-06
 Reference value :  4.58512e-06
 Reference value :  4.59062e-06
 Reference value :  4.59262e-06
 Reference value :  4.59662e-06
 Reference value :  4.60162e-06
 Reference value :  4.60762e-06
 Reference value :  4.61312e-06
 Reference value :  4.61679e-06
 Reference value :  4.61737e-06
 Reference value :  4.61789e-06
 Reference value :  4.61888e-06
 Reference value :  4.62268e-06
 Reference value :  4.62718e-06
 Reference value :  4.63168e-06
 Reference value :  4.63718e-06
 Reference value :  4.64268e-06
 Reference value :  4.65018e-06
 Reference value :  4.65568e-06
 Reference value :  4.65883e-06
 Reference value :  4.66046e-06
 Reference value :  4.66546e-06
 Reference value :  4.67096e-06
 Reference value :  4.67496e-06
 Reference value :  4.67896e-06
 Reference value :  4.68446e-06
 Reference value :  4.68996e-06
 Reference value :  4.69546e-06
 Reference value :  4.69965e-06
 Reference value :  4.70029e-06
 Reference value :  4.70104e-06
 Reference value :  4.70128e-06
 Reference value :  4.70292e-06
 Reference value :  4.70692e-06
 Reference value :  4.71142e-06
 Reference value :  4.71692e-06
 Reference value :  4.72242e-06
 Reference value :  4.72792e-06
 Reference value :  4.73342e-06
 Reference value :  4.73942e-06
 Reference value :  4.74184e-06
 Reference value :  4.74308e-06
 Reference value :  4.74579e-06
 Reference value :  4.75129e-06
 Reference value :  4.75679e-06
 Reference value :  4.75879e-06
 Reference value :  4.76279e-06
 Reference value :  4.76779e-06
 Reference value :  4.77329e-06
 Reference value :  4.77879e-06
 Reference value :  4.78298e-06
 Reference value :  4.78363e-06
 Reference value :  4.78395e-06
 Reference value :  4.78446e-06
 Reference value :  4.78514e-06
 Reference value :  4.78860e-06
 Reference value :  4.79410e-06
 Reference value :  4.79860e-06
 Reference value :  4.80360e-06
 Reference value :  4.80910e-06
 Reference value :  4.81560e-06
 Reference value :  4.82110e-06
 Reference value :  4.82485e-06
 Reference value :  4.82608e-06
 Reference value :  4.82912e-06
 Reference value :  4.83412e-06
 Reference value :  4.83962e-06
 Reference value :  4.84212e-06
 Reference value :  4.84512e-06
 Reference value :  4.84962e-06
 Reference value :  4.85512e-06
 Reference value :  4.86062e-06
 Reference value :  4.86589e-06
 Reference value :  4.86675e-06
 Reference value :  4.86718e-06
 Reference value :  4.86753e-06
 Reference value :  4.86805e-06
 Reference value :  4.87053e-06
 Reference value :  4.87503e-06
 Reference value :  4.88053e-06
 Reference value :  4.88603e-06
 Reference value :  4.89153e-06
 Reference value :  4.89703e-06
 Reference value :  4.90203e-06
 Reference value :  4.90818e-06
 Reference value :  4.90974e-06
 Reference value :  4.91345e-06
 Reference value :  4.91895e-06
 Reference value :  4.92395e-06
 Reference value :  4.92645e-06
 Reference value :  4.92995e-06
 Reference value :  4.93495e-06
 Reference value :  4.93995e-06
 Reference value :  4.94545e-06
 Reference value :  4.94965e-06
 Reference value :  4.95050e-06
 Reference value :  4.95066e-06
 Reference value :  4.95113e-06
 Reference value :  4.95166e-06
 Reference value :  4.95497e-06
 Reference value :  4.95897e-06
 Reference value :  4.96347e-06
 Reference value :  4.96897e-06
 Reference value :  4.97447e-06
 Reference value :  4.97997e-06
 Reference value :  4.98547e-06
 Reference value :  4.99047e-06
 Reference value :  4.99217e-06
 Reference value :  4.99342e-06
 Reference value :  4.99778e-06
 Reference value :  5.00378e-06
 Reference value :  5.00828e-06
 Reference value :  5.01278e-06
 Reference value :  5.01978e-06
 Reference value :  5.02728e-06
 Reference value :  5.03318e-06
 Reference value :  5.03365e-06
 Reference value :  5.03445e-06
 Reference value :  5.03615e-06
 Reference value :  5.04165e-06
 Reference value :  5.04715e-06
 Reference value :  5.05265e-06
 Reference value :  5.05815e-06
 Reference value :  5.06365e-06
 Reference value :  5.06915e-06
 Reference value :  5.07450e-06
 Reference value :  5.07608e-06
 Reference value :  5.08062e-06
 Reference value :  5.08812e-06
 Reference value :  5.09362e-06
 Reference value :  5.10012e-06
 Reference value :  5.10762e-06
 Reference value :  5.11512e-06
 Reference value :  5.11675e-06
 Reference value :  5.11736e-06
 Reference value :  5.11784e-06
 Reference value :  5.12010e-06
 Reference value :  5.12560e-06
 Reference value :  5.13160e-06
 Reference value :  5.13710e-06
 Reference value :  5.14260e-06
 Reference value :  5.14810e-06
 Reference value :  5.15360e-06
 Reference value :  5.15798e-06
 Reference value :  5.15947e-06
 Reference value :  5.16020e-06
 Reference value :  5.16340e-06
 Reference value :  5.16890e-06
 Reference value :  5.17390e-06
 Reference value :  5.17940e-06
 Reference value :  5.18490e-06
 Reference value :  5.19040e-06
 Reference value :  5.19590e-06
 Reference value :  5.19985e-06
 Reference value :  5.20032e-06
 Reference value :  5.20068e-06
 Reference value :  5.20116e-06
 Reference value :  5.20215e-06
 Reference value :  5.20765e-06
 Reference value :  5.21315e-06
 Reference value :  5.21865e-06
 Reference value :  5.22415e-06
 Reference value :  5.22965e-06
 Reference value :  5.23565e-06
 Reference value :  5.24091e-06
 Reference value :  5.24217e-06
 Reference value :  5.24333e-06
 Reference value :  5.24579e-06
 Reference value :  5.25079e-06
 Reference value :  5.25629e-06
 Reference value :  5.26179e-06
 Reference value :  5.26729e-06
 Reference value :  5.27279e-06
 Reference value :  5.27829e-06
 Reference value :  5.28298e-06
 Reference value :  5.28365e-06
 Reference value :  5.28396e-06
 Reference value :  5.28451e-06
 Reference value :  5.28706e-06
 Reference value :  5.29256e-06
 Reference value :  5.29756e-06
 Reference value :  5.30406e-06
 Reference value :  5.31156e-06
 Reference value :  5.31706e-06
 Reference value :  5.32356e-06
 Reference value :  5.32550e-06
 Reference value :  5.32668e-06
 Reference value :  5.33099e-06
 Reference value :  5.33499e-06
 Reference value :  5.33849e-06
 Reference value :  5.34349e-06
 Reference value :  5.34899e-06
 Reference value :  5.35449e-06
 Reference value :  5.35999e-06
 Reference value :  5.36549e-06
 Reference value :  5.36679e-06
 Reference value :  5.36776e-06
 Reference value :  5.36986e-06
 Reference value :  5.37536e-06
 Reference value :  5.38086e-06
 Reference value :  5.38636e-06
 Reference value :  5.39186e-06
 Reference value :  5.39886e-06
 Reference value :  5.40486e-06
 Reference value :  5.40851e-06
 Reference value :  5.41089e-06
 Reference value :  5.41689e-06
 Reference value :  5.42339e-06
 Reference value :  5.42839e-06
 Reference value :  5.43339e-06
 Reference value :  5.43889e-06
 Reference value :  5.44589e-06
 Reference value :  5.45012e-06
 Reference value :  5.45140e-06
 Reference value :  5.45631e-06
 Reference value :  5.46131e-06
 Reference value :  5.46631e-06
 Reference value :  5.47181e-06
 Reference value :  5.47681e-06
 Reference value :  5.48181e-06
 Reference value :  5.48731e-06
 Reference value :  5.49184e-06
 Reference value :  5.49422e-06
 Reference value :  5.49872e-06
 Reference value :  5.50372e-06
 Reference value :  5.50922e-06
 Reference value :  5.51472e-06
 Reference value :  5.52022e-06
 Reference value :  5.52622e-06
 Reference value :  5.53122e-06
 Reference value :  5.53346e-06
 Reference value :  5.53425e-06
 Reference value :  5.53915e-06
 Reference value :  5.54465e-06
 Reference value :  5.55015e-06
 Reference value :  5.55615e-06
 Reference value :  5.56165e-06
 Reference value :  5.56715e-06
 Reference value :  5.57215e-06
 Reference value :  5.57517e-06
 Reference value :  5.57706e-06
 Reference value :  5.58205e-06
 Reference value :  5.58805e-06
 Reference value :  5.59305e-06
 Reference value :  5.59905e-06
 Reference value :  5.60455e-06
 Reference value :  5.60955e-06
 Reference value :  5.61505e-06
 Reference value :  5.61679e-06
 Reference value :  5.61758e-06
 Reference value :  5.62082e-06
 Reference value :  5.62632e-06
 Reference value :  5.63182e-06
 Reference value :  5.63682e-06
 Reference value :  5.64182e-06
 Reference value :  5.64732e-06
 Reference value :  5.65282e-06
 Reference value :  5.65783e-06
 Reference value :  5.65897e-06
 Reference value :  5.66538e-06
 Reference value :  5.67188e-06
 Reference value :  5.67738e-06
 Reference value :  5.68238e-06
 Reference value :  5.68788e-06
 Reference value :  5.69288e-06
 Reference value :  5.69838e-06
 Reference value :  5.70012e-06
 Reference value :  5.70091e-06
 Reference value :  5.70511e-06
 Reference value :  5.71061e-06
 Reference value :  5.71611e-06
 Reference value :  5.72161e-06
 Reference value :  5.72711e-06
 Reference value :  5.73261e-06
 Reference value :  5.73861e-06
 Reference value :  5.74184e-06
 Reference value :  5.74472e-06
 Reference value :  5.75022e-06
 Reference value :  5.75572e-06
 Reference value :  5.76122e-06
 Reference value :  5.76672e-06
 Reference value :  5.77172e-06
 Reference value :  5.77672e-06
 Reference value :  5.78222e-06
 Reference value :  5.78342e-06
 Reference value :  5.78385e-06
 Reference value :  5.78567e-06
 Reference value :  5.79117e-06
 Reference value :  5.79667e-06
 Reference value :  5.80167e-06
 Reference value :  5.80717e-06
 Reference value :  5.81267e-06
 Reference value :  5.81817e-06
 Reference value :  5.82367e-06
 Reference value :  5.82550e-06
 Reference value :  5.82805e-06
 Reference value :  5.83405e-06
 Reference value :  5.84105e-06
 Reference value :  5.84705e-06
 Reference value :  5.85205e-06
 Reference value :  5.85705e-06
 Reference value :  5.86255e-06
 Reference value :  5.86652e-06
 Reference value :  5.86696e-06
 Reference value :  5.86729e-06
 Reference value :  5.86879e-06
 Reference value :  5.87429e-06
 Reference value :  5.87979e-06
 Reference value :  5.88529e-06
 Reference value :  5.89029e-06
 Reference value :  5.89579e-06
 Reference value :  5.90129e-06
 Reference value :  5.90729e-06
 Reference value :  5.90883e-06
 Reference value :  5.91138e-06
 Reference value :  5.91638e-06
 Reference value :  5.92188e-06
 Reference value :  5.92738e-06
 Reference value :  5.93288e-06
 Reference value :  5.93838e-06
 Reference value :  5.94338e-06
 Reference value :  5.94919e-06
 Reference value :  5.95029e-06
 Reference value :  5.95154e-06
 Reference value :  5.95654e-06
 Reference value :  5.96204e-06
 Reference value :  5.96754e-06
 Reference value :  5.97304e-06
 Reference value :  5.97804e-06
 Reference value :  5.98354e-06
 Reference value :  5.98904e-06
 Reference value :  5.99184e-06
 Reference value :  5.99422e-06
 Reference value :  5.99972e-06
 Reference value :  6.00472e-06
 Reference value :  6.01022e-06
 Reference value :  6.01572e-06
 Reference value :  6.02122e-06
 Reference value :  6.02622e-06
 Reference value :  6.03122e-06
 Reference value :  6.03351e-06
 Reference value :  6.03447e-06
 Reference value :  6.03910e-06
 Reference value :  6.04410e-06
 Reference value :  6.04960e-06
 Reference value :  6.05460e-06
 Reference value :  6.06010e-06
 Reference value :  6.06510e-06
 Reference value :  6.07060e-06
 Reference value :  6.07485e-06
 Reference value :  6.07581e-06
 Reference value :  6.08055e-06
 Reference value :  6.08605e-06
 Reference value :  6.09105e-06
 Reference value :  6.09655e-06
 Reference value :  6.10205e-06
 Reference value :  6.10755e-06
 Reference value :  6.11305e-06
 Reference value :  6.11652e-06
 Reference value :  6.11717e-06
 Reference value :  6.11741e-06
 Reference value :  6.11799e-06
 Reference value :  6.12332e-06
 Reference value :  6.13082e-06
 Reference value :  6.13782e-06
 Reference value :  6.14432e-06
 Reference value :  6.14982e-06
 Reference value :  6.15532e-06
 Reference value :  6.15851e-06
 Reference value :  6.15947e-06
 Reference value :  6.16019e-06
 Reference value :  6.16437e-06
 Reference value :  6.17037e-06
 Reference value :  6.17637e-06
 Reference value :  6.18187e-06
 Reference value :  6.18737e-06
 Reference value :  6.19287e-06
 Reference value :  6.19837e-06
 Reference value :  6.20013e-06
 Reference value :  6.20067e-06
 Reference value :  6.20125e-06
 Reference value :  6.20615e-06
 Reference value :  6.21415e-06
 Reference value :  6.22165e-06
 Reference value :  6.22915e-06
 Reference value :  6.23665e-06
 Reference value :  6.24184e-06
 Reference value :  6.24333e-06
 Reference value :  6.24679e-06
 Reference value :  6.25329e-06
 Reference value :  6.25879e-06
 Reference value :  6.26429e-06
 Reference value :  6.27029e-06
 Reference value :  6.27579e-06
 Reference value :  6.28229e-06
No. of Data Rows : 14191

  Measurements for Transient Analysis

d9_c1               =  -3.46927e-07
d8_c1               =  9.67407e-08
d7_c1               =  1.80000e+00
d6_c1               =  1.80000e+00
d5_c1               =  1.80000e+00
d4_c1               =  1.57468e-07
d3_c1               =  1.90729e-07
d2_c1               =  2.44369e-07
d1_c1               =  3.44650e-07
d0_c1               =  1.80000e+00
d9_c2               =  9.12207e-08
d8_c2               =  1.80000e+00
d7_c2               =  1.30966e-07
d6_c2               =  1.80000e+00
d5_c2               =  1.80000e+00
d4_c2               =  1.80000e+00
d3_c2               =  1.80000e+00
d2_c2               =  1.80000e+00
d1_c2               =  1.80000e+00
d0_c2               =  1.80000e+00
d9_c3               =  -4.12568e-07
d8_c3               =  1.80000e+00
d7_c3               =  1.80000e+00
d6_c3               =  1.80000e+00
d5_c3               =  1.80000e+00
d4_c3               =  1.80000e+00
d3_c3               =  1.80000e+00
d2_c3               =  1.80000e+00
d1_c3               =  1.80000e+00
d0_c3               =  1.80000e+00
d9_c4               =  1.80001e+00
d8_c4               =  6.76554e-09
d7_c4               =  1.80000e+00
d6_c4               =  6.70358e-09
d5_c4               =  6.64314e-09
d4_c4               =  6.95325e-09
d3_c4               =  6.95403e-09
d2_c4               =  6.95452e-09
d1_c4               =  6.88313e-09
d0_c4               =  1.80000e+00
d9_c5               =  1.80001e+00
d8_c5               =  1.80000e+00
d7_c5               =  1.80000e+00
d6_c5               =  1.80000e+00
d5_c5               =  1.80000e+00
d4_c5               =  1.80000e+00
d3_c5               =  1.80000e+00
d2_c5               =  1.80000e+00
d1_c5               =  1.80000e+00
d0_c5               =  1.80000e+00
busy_c1_p0          =  1.80000e+00
smpl_c1_p0          =  -2.59207e-04
busy_c1_p1          =  1.80000e+00
smpl_c1_p1          =  -1.29650e-05
busy_c1_p2          =  1.80000e+00
smpl_c1_p2          =  -8.11373e-06
busy_c1_p3          =  1.80000e+00
smpl_c1_p3          =  -1.27391e-05
busy_c1_p4          =  1.80000e+00
smpl_c1_p4          =  -1.27681e-05
busy_c1_p5          =  1.80000e+00
smpl_c1_p5          =  -1.27174e-05
busy_c1_p6          =  1.80000e+00
smpl_c1_p6          =  -1.28362e-05
busy_c1_p7          =  1.80000e+00
smpl_c1_p7          =  -1.28061e-05
busy_c1_p8          =  1.80000e+00
smpl_c1_p8          =  -1.28243e-05
busy_c1_p9          =  1.80000e+00
smpl_c1_p9          =  -1.27662e-05
busy_c1_p10         =  1.80000e+00
smpl_c1_p10         =  -1.27422e-05
busy_c1_p11         =  -4.79075e-07
smpl_c1_p11         =  1.80006e+00
busy_c2_p0          =  1.80000e+00
smpl_c2_p0          =  -2.59577e-04
busy_c2_p1          =  1.80000e+00
smpl_c2_p1          =  -1.25902e-05
busy_c2_p2          =  1.80000e+00
smpl_c2_p2          =  -1.24783e-05
busy_c2_p3          =  1.80000e+00
smpl_c2_p3          =  -1.27761e-05
busy_c2_p4          =  1.80000e+00
smpl_c2_p4          =  -1.25568e-05
busy_c2_p5          =  1.80000e+00
smpl_c2_p5          =  -1.25601e-05
busy_c2_p6          =  1.80000e+00
smpl_c2_p6          =  -1.25880e-05
busy_c2_p7          =  1.80000e+00
smpl_c2_p7          =  -1.25358e-05
busy_c2_p8          =  1.80000e+00
smpl_c2_p8          =  -1.25600e-05
busy_c2_p9          =  1.80000e+00
smpl_c2_p9          =  -1.24880e-05
busy_c2_p10         =  1.80000e+00
smpl_c2_p10         =  -1.24343e-05
busy_c2_p11         =  5.84191e-07
smpl_c2_p11         =  1.80006e+00
busy_c3_p0          =  1.80000e+00
smpl_c3_p0          =  -2.59466e-04
busy_c3_p1          =  1.80000e+00
smpl_c3_p1          =  -1.25792e-05
busy_c3_p2          =  1.80000e+00
smpl_c3_p2          =  -1.26472e-05
busy_c3_p3          =  1.80000e+00
smpl_c3_p3          =  -1.25916e-05
busy_c3_p4          =  1.80000e+00
smpl_c3_p4          =  -1.25525e-05
busy_c3_p5          =  1.80000e+00
smpl_c3_p5          =  -1.24694e-05
busy_c3_p6          =  1.80000e+00
smpl_c3_p6          =  -1.25100e-05
busy_c3_p7          =  1.80000e+00
smpl_c3_p7          =  -1.23920e-05
busy_c3_p8          =  1.80000e+00
smpl_c3_p8          =  -1.24500e-05
busy_c3_p9          =  1.80000e+00
smpl_c3_p9          =  -1.24047e-05
busy_c3_p10         =  1.80000e+00
smpl_c3_p10         =  -1.25097e-05
busy_c3_p11         =  5.83342e-07
smpl_c3_p11         =  1.80006e+00
busy_c4_p0          =  1.80000e+00
smpl_c4_p0          =  -2.59650e-04
busy_c4_p1          =  1.80000e+00
smpl_c4_p1          =  -1.27072e-05
busy_c4_p2          =  1.80000e+00
smpl_c4_p2          =  -1.24934e-05
busy_c4_p3          =  1.80000e+00
smpl_c4_p3          =  -1.26046e-05
busy_c4_p4          =  1.80000e+00
smpl_c4_p4          =  -1.25693e-05
busy_c4_p5          =  1.80000e+00
smpl_c4_p5          =  -1.25696e-05
busy_c4_p6          =  1.80000e+00
smpl_c4_p6          =  -1.24873e-05
busy_c4_p7          =  1.80000e+00
smpl_c4_p7          =  -1.25275e-05
busy_c4_p8          =  1.80000e+00
smpl_c4_p8          =  -1.24856e-05
busy_c4_p9          =  1.80000e+00
smpl_c4_p9          =  -1.25091e-05
busy_c4_p10         =  1.80000e+00
smpl_c4_p10         =  -1.24314e-05
busy_c4_p11         =  -6.13341e-08
smpl_c4_p11         =  1.80006e+00
busy_c5_p0          =  1.80000e+00
smpl_c5_p0          =  -2.59482e-04
busy_c5_p1          =  1.80000e+00
smpl_c5_p1          =  -1.29663e-05
busy_c5_p2          =  1.80000e+00
smpl_c5_p2          =  -8.12331e-06
busy_c5_p3          =  1.80000e+00
smpl_c5_p3          =  -4.34644e-06
busy_c5_p4          =  1.80000e+00
smpl_c5_p4          =  -5.60982e-06
busy_c5_p5          =  1.80000e+00
smpl_c5_p5          =  -7.30962e-06
busy_c5_p6          =  1.80000e+00
smpl_c5_p6          =  -8.95374e-06
busy_c5_p7          =  1.80000e+00
smpl_c5_p7          =  -1.01191e-05
busy_c5_p8          =  1.80000e+00
smpl_c5_p8          =  -1.08415e-05
busy_c5_p9          =  1.80000e+00
smpl_c5_p9          =  -1.13466e-05
busy_c5_p10         =  1.80000e+00
smpl_c5_p10         =  -1.16459e-05
busy_c5_p11         =  2.31656e-06
smpl_c5_p11         =  1.80006e+00
i_vdd               =  -2.11222e-06 from=  3.20000e-06 to=  4.20013e-06
i_vpwr              =  -6.69659e-06 from=  3.20000e-06 to=  4.20013e-06
i_vrefp             =  -6.49810e-06 from=  3.20000e-06 to=  4.20013e-06
i_vrefn             =  6.48201e-06 from=  3.20000e-06 to=  4.20013e-06
i_vcm               =  1.26857e-08 from=  3.20000e-06 to=  4.20013e-06
gnd_die_max         =  4.18050e-03 at=  5.11765e-06
gnd_die_min         =  -1.47759e-03 at=  2.20059e-06
vgnd_max            =  0.00000e+00 at=  6.28333e-06
vgnd_min            =  0.00000e+00 at=  6.28333e-06
vdd_max             =  1.80000e+00 at=  6.28333e-06
vdd_min             =  1.80000e+00 at=  6.28333e-06
vpwr_max            =  1.80000e+00 at=  6.28333e-06
vpwr_min            =  1.80000e+00 at=  6.28333e-06
vdda_min            =  1.79582e+00 at=  5.11765e-06
vdda_max            =  1.80148e+00 at=  2.20059e-06
i_vgnd              =  8.84647e-06 from=  3.20000e-06 to=  4.20013e-06
i_sub               =  2.18725e-06 from=  3.20000e-06 to=  4.20013e-06


Total analysis time (seconds) = 2460.42

Total elapsed time (seconds) = 2719.204 

Total DRAM available = 98304.000 MB.
DRAM currently available = 7523.219 MB.
Maximum ngspice program size =  819.125 MB.
Current ngspice program size =   31.219 MB.

