
Note: Compatibility modes selected: hs a


Circuit: * sim/ground-return-impedance (issue #378) arm 'sub-nopad-10' -- reusing

option SCALE: Scale is set to 1e-06 for instance and model parameters
option SCALE: Scale is set to 1e-06 for instance and model parameters
option SCALE: Scale is set to 1e-06 for instance and model parameters
option SCALE: Scale is set to 1e-06 for instance and model parameters
Doing analysis at TEMP = 27.000000 and TNOM = 27.000000

Using KLU as Direct Linear Solver
 Reference value :  0.00000e+00
 Reference value :  5.64000e-09
 Reference value :  1.41400e-08
 Reference value :  2.03500e-08
 Reference value :  2.42500e-08
 Reference value :  2.97500e-08
 Reference value :  3.52500e-08
 Reference value :  4.07500e-08
 Reference value :  4.67500e-08
 Reference value :  5.22500e-08
 Reference value :  5.82500e-08
 Reference value :  6.52500e-08
 Reference value :  7.27500e-08
 Reference value :  7.97500e-08
 Reference value :  8.62500e-08
 Reference value :  9.27500e-08
 Reference value :  1.00250e-07
 Reference value :  1.08250e-07
 Reference value :  1.15250e-07
 Reference value :  1.21750e-07
 Reference value :  1.28250e-07
 Reference value :  1.34750e-07
 Reference value :  1.41750e-07
 Reference value :  1.48250e-07
 Reference value :  1.55250e-07
 Reference value :  1.61750e-07
 Reference value :  1.69250e-07
 Reference value :  1.77750e-07
 Reference value :  1.86250e-07
 Reference value :  1.96250e-07
 Reference value :  2.00085e-07
 Reference value :  2.00737e-07
 Reference value :  2.02604e-07
 Reference value :  2.09104e-07
 Reference value :  2.15104e-07
 Reference value :  2.20604e-07
 Reference value :  2.26604e-07
 Reference value :  2.33104e-07
 Reference value :  2.39104e-07
 Reference value :  2.41842e-07
 Reference value :  2.43413e-07
 Reference value :  2.44576e-07
 Reference value :  2.49966e-07
 Reference value :  2.55966e-07
 Reference value :  2.61966e-07
 Reference value :  2.67466e-07
 Reference value :  2.72966e-07
 Reference value :  2.78966e-07
 Reference value :  2.83421e-07
 Reference value :  2.84296e-07
 Reference value :  2.84870e-07
 Reference value :  2.88782e-07
 Reference value :  2.94282e-07
 Reference value :  3.00282e-07
 Reference value :  3.06282e-07
 Reference value :  3.12282e-07
 Reference value :  3.18282e-07
 Reference value :  3.24500e-07
 Reference value :  3.25787e-07
 Reference value :  3.30397e-07
 Reference value :  3.35897e-07
 Reference value :  3.41897e-07
 Reference value :  3.47897e-07
 Reference value :  3.54397e-07
 Reference value :  3.60397e-07
 Reference value :  3.66217e-07
 Reference value :  3.66549e-07
 Reference value :  3.67231e-07
 Reference value :  3.71630e-07
 Reference value :  3.79130e-07
 Reference value :  3.86130e-07
 Reference value :  3.93630e-07
 Reference value :  4.01130e-07
 Reference value :  4.07883e-07
 Reference value :  4.09780e-07
 Reference value :  4.11625e-07
 Reference value :  4.16561e-07
 Reference value :  4.23561e-07
 Reference value :  4.29561e-07
 Reference value :  4.35561e-07
 Reference value :  4.41561e-07
 Reference value :  4.47561e-07
 Reference value :  4.50087e-07
 Reference value :  4.50880e-07
 Reference value :  4.51349e-07
 Reference value :  4.54991e-07
 Reference value :  4.60491e-07
 Reference value :  4.66491e-07
 Reference value :  4.71991e-07
 Reference value :  4.77491e-07
 Reference value :  4.83491e-07
 Reference value :  4.89491e-07
 Reference value :  4.92167e-07
 Reference value :  4.93989e-07
 Reference value :  4.98489e-07
 Reference value :  5.03489e-07
 Reference value :  5.05989e-07
 Reference value :  5.10989e-07
 Reference value :  5.16989e-07
 Reference value :  5.23489e-07
 Reference value :  5.29989e-07
 Reference value :  5.33421e-07
 Reference value :  5.34201e-07
 Reference value :  5.34838e-07
 Reference value :  5.37457e-07
 Reference value :  5.42957e-07
 Reference value :  5.48957e-07
 Reference value :  5.54957e-07
 Reference value :  5.61457e-07
 Reference value :  5.67957e-07
 Reference value :  5.73957e-07
 Reference value :  5.75541e-07
 Reference value :  5.78418e-07
 Reference value :  5.83918e-07
 Reference value :  5.89918e-07
 Reference value :  5.95918e-07
 Reference value :  6.01918e-07
 Reference value :  6.07418e-07
 Reference value :  6.12918e-07
 Reference value :  6.16548e-07
 Reference value :  6.17232e-07
 Reference value :  6.19608e-07
 Reference value :  6.25108e-07
 Reference value :  6.31608e-07
 Reference value :  6.37608e-07
 Reference value :  6.44108e-07
 Reference value :  6.51108e-07
 Reference value :  6.57471e-07
 Reference value :  6.59120e-07
 Reference value :  6.62680e-07
 Reference value :  6.69180e-07
 Reference value :  6.76180e-07
 Reference value :  6.82680e-07
 Reference value :  6.88680e-07
 Reference value :  6.92680e-07
 Reference value :  6.98180e-07
 Reference value :  7.00085e-07
 Reference value :  7.00848e-07
 Reference value :  7.01710e-07
 Reference value :  7.06440e-07
 Reference value :  7.12440e-07
 Reference value :  7.17940e-07
 Reference value :  7.23940e-07
 Reference value :  7.29940e-07
 Reference value :  7.35440e-07
 Reference value :  7.40803e-07
 Reference value :  7.42290e-07
 Reference value :  7.46071e-07
 Reference value :  7.52071e-07
 Reference value :  7.58071e-07
 Reference value :  7.64071e-07
 Reference value :  7.69571e-07
 Reference value :  7.74571e-07
 Reference value :  7.80571e-07
 Reference value :  7.83418e-07
 Reference value :  7.84099e-07
 Reference value :  7.87426e-07
 Reference value :  7.93426e-07
 Reference value :  7.99926e-07
 Reference value :  8.05926e-07
 Reference value :  8.11926e-07
 Reference value :  8.17426e-07
 Reference value :  8.23926e-07
 Reference value :  8.25623e-07
 Reference value :  8.28357e-07
 Reference value :  8.33857e-07
 Reference value :  8.39357e-07
 Reference value :  8.45357e-07
 Reference value :  8.51357e-07
 Reference value :  8.57357e-07
 Reference value :  8.62857e-07
 Reference value :  8.65762e-07
 Reference value :  8.66751e-07
 Reference value :  8.67293e-07
 Reference value :  8.67912e-07
 Reference value :  8.72074e-07
 Reference value :  8.78074e-07
 Reference value :  8.83574e-07
 Reference value :  8.89074e-07
 Reference value :  8.95574e-07
 Reference value :  9.01074e-07
 Reference value :  9.07074e-07
 Reference value :  9.08956e-07
 Reference value :  9.12735e-07
 Reference value :  9.18235e-07
 Reference value :  9.24235e-07
 Reference value :  9.29735e-07
 Reference value :  9.35235e-07
 Reference value :  9.41235e-07
 Reference value :  9.46735e-07
 Reference value :  9.50048e-07
 Reference value :  9.50387e-07
 Reference value :  9.50813e-07
 Reference value :  9.54698e-07
 Reference value :  9.60698e-07
 Reference value :  9.66698e-07
 Reference value :  9.72698e-07
 Reference value :  9.78698e-07
 Reference value :  9.85198e-07
 Reference value :  9.91217e-07
 Reference value :  9.92782e-07
 Reference value :  9.96027e-07
 Reference value :  1.00253e-06
 Reference value :  1.00853e-06
 Reference value :  1.01453e-06
 Reference value :  1.02003e-06
 Reference value :  1.02553e-06
 Reference value :  1.03103e-06
 Reference value :  1.03338e-06
 Reference value :  1.03361e-06
 Reference value :  1.03407e-06
 Reference value :  1.03660e-06
 Reference value :  1.04210e-06
 Reference value :  1.04810e-06
 Reference value :  1.05460e-06
 Reference value :  1.06060e-06
 Reference value :  1.06610e-06
 Reference value :  1.07260e-06
 Reference value :  1.07550e-06
 Reference value :  1.07690e-06
 Reference value :  1.08235e-06
 Reference value :  1.08785e-06
 Reference value :  1.09335e-06
 Reference value :  1.09885e-06
 Reference value :  1.10435e-06
 Reference value :  1.10985e-06
 Reference value :  1.11535e-06
 Reference value :  1.11675e-06
 Reference value :  1.11718e-06
 Reference value :  1.11760e-06
 Reference value :  1.12052e-06
 Reference value :  1.12702e-06
 Reference value :  1.13252e-06
 Reference value :  1.13852e-06
 Reference value :  1.14452e-06
 Reference value :  1.15002e-06
 Reference value :  1.15602e-06
 Reference value :  1.15887e-06
 Reference value :  1.16035e-06
 Reference value :  1.16475e-06
 Reference value :  1.17075e-06
 Reference value :  1.17625e-06
 Reference value :  1.18225e-06
 Reference value :  1.18875e-06
 Reference value :  1.19425e-06
 Reference value :  1.19955e-06
 Reference value :  1.20008e-06
 Reference value :  1.20063e-06
 Reference value :  1.20124e-06
 Reference value :  1.20597e-06
 Reference value :  1.21197e-06
 Reference value :  1.21797e-06
 Reference value :  1.22397e-06
 Reference value :  1.23097e-06
 Reference value :  1.23847e-06
 Reference value :  1.24229e-06
 Reference value :  1.24368e-06
 Reference value :  1.24906e-06
 Reference value :  1.25606e-06
 Reference value :  1.26306e-06
 Reference value :  1.27056e-06
 Reference value :  1.27856e-06
 Reference value :  1.28318e-06
 Reference value :  1.28322e-06
 Reference value :  1.28389e-06
 Reference value :  1.28448e-06
 Reference value :  1.28625e-06
 Reference value :  1.29175e-06
 Reference value :  1.29825e-06
 Reference value :  1.30475e-06
 Reference value :  1.31075e-06
 Reference value :  1.31675e-06
 Reference value :  1.32275e-06
 Reference value :  1.32517e-06
 Reference value :  1.32682e-06
 Reference value :  1.33122e-06
 Reference value :  1.33472e-06
 Reference value :  1.34022e-06
 Reference value :  1.34572e-06
 Reference value :  1.35172e-06
 Reference value :  1.35772e-06
 Reference value :  1.36372e-06
 Reference value :  1.36675e-06
 Reference value :  1.36754e-06
 Reference value :  1.36834e-06
 Reference value :  1.37178e-06
 Reference value :  1.37728e-06
 Reference value :  1.38378e-06
 Reference value :  1.38928e-06
 Reference value :  1.39528e-06
 Reference value :  1.40078e-06
 Reference value :  1.40678e-06
 Reference value :  1.40883e-06
 Reference value :  1.41180e-06
 Reference value :  1.41780e-06
 Reference value :  1.42330e-06
 Reference value :  1.42880e-06
 Reference value :  1.43530e-06
 Reference value :  1.44080e-06
 Reference value :  1.44630e-06
 Reference value :  1.44988e-06
 Reference value :  1.45052e-06
 Reference value :  1.45345e-06
 Reference value :  1.45895e-06
 Reference value :  1.46495e-06
 Reference value :  1.47095e-06
 Reference value :  1.47695e-06
 Reference value :  1.48295e-06
 Reference value :  1.48895e-06
 Reference value :  1.49184e-06
 Reference value :  1.49362e-06
 Reference value :  1.49909e-06
 Reference value :  1.50509e-06
 Reference value :  1.51159e-06
 Reference value :  1.51709e-06
 Reference value :  1.52309e-06
 Reference value :  1.52859e-06
 Reference value :  1.53298e-06
 Reference value :  1.53321e-06
 Reference value :  1.53385e-06
 Reference value :  1.53536e-06
 Reference value :  1.54136e-06
 Reference value :  1.54736e-06
 Reference value :  1.55386e-06
 Reference value :  1.55986e-06
 Reference value :  1.56586e-06
 Reference value :  1.57186e-06
 Reference value :  1.57517e-06
 Reference value :  1.57688e-06
 Reference value :  1.58282e-06
 Reference value :  1.58832e-06
 Reference value :  1.59332e-06
 Reference value :  1.59982e-06
 Reference value :  1.60532e-06
 Reference value :  1.61132e-06
 Reference value :  1.61622e-06
 Reference value :  1.61696e-06
 Reference value :  1.61753e-06
 Reference value :  1.61817e-06
 Reference value :  1.62129e-06
 Reference value :  1.62679e-06
 Reference value :  1.63279e-06
 Reference value :  1.63979e-06
 Reference value :  1.64529e-06
 Reference value :  1.65129e-06
 Reference value :  1.65729e-06
 Reference value :  1.65887e-06
 Reference value :  1.66069e-06
 Reference value :  1.66619e-06
 Reference value :  1.67219e-06
 Reference value :  1.67969e-06
 Reference value :  1.68769e-06
 Reference value :  1.69269e-06
 Reference value :  1.69669e-06
 Reference value :  1.70008e-06
 Reference value :  1.70081e-06
 Reference value :  1.70142e-06
 Reference value :  1.70538e-06
 Reference value :  1.71038e-06
 Reference value :  1.71688e-06
 Reference value :  1.72338e-06
 Reference value :  1.72938e-06
 Reference value :  1.73538e-06
 Reference value :  1.74122e-06
 Reference value :  1.74278e-06
 Reference value :  1.74707e-06
 Reference value :  1.75307e-06
 Reference value :  1.75907e-06
 Reference value :  1.76557e-06
 Reference value :  1.77107e-06
 Reference value :  1.77657e-06
 Reference value :  1.78245e-06
 Reference value :  1.78342e-06
 Reference value :  1.78410e-06
 Reference value :  1.78806e-06
 Reference value :  1.79606e-06
 Reference value :  1.80506e-06
 Reference value :  1.81256e-06
 Reference value :  1.82006e-06
 Reference value :  1.82517e-06
 Reference value :  1.82940e-06
 Reference value :  1.83690e-06
 Reference value :  1.84440e-06
 Reference value :  1.85190e-06
 Reference value :  1.85990e-06
 Reference value :  1.86632e-06
 Reference value :  1.86694e-06
 Reference value :  1.86789e-06
 Reference value :  1.87542e-06
 Reference value :  1.88142e-06
 Reference value :  1.88692e-06
 Reference value :  1.89342e-06
 Reference value :  1.89892e-06
 Reference value :  1.90442e-06
 Reference value :  1.90851e-06
 Reference value :  1.91023e-06
 Reference value :  1.91519e-06
 Reference value :  1.92119e-06
 Reference value :  1.92719e-06
 Reference value :  1.93319e-06
 Reference value :  1.94069e-06
 Reference value :  1.94719e-06
 Reference value :  1.94950e-06
 Reference value :  1.95021e-06
 Reference value :  1.95052e-06
 Reference value :  1.95107e-06
 Reference value :  1.95190e-06
 Reference value :  1.95631e-06
 Reference value :  1.96181e-06
 Reference value :  1.96731e-06
 Reference value :  1.97281e-06
 Reference value :  1.97831e-06
 Reference value :  1.98431e-06
 Reference value :  1.98981e-06
 Reference value :  1.99217e-06
 Reference value :  1.99403e-06
 Reference value :  1.99953e-06
 Reference value :  2.00503e-06
 Reference value :  2.01103e-06
 Reference value :  2.01653e-06
 Reference value :  2.02203e-06
 Reference value :  2.02753e-06
 Reference value :  2.03283e-06
 Reference value :  2.03338e-06
 Reference value :  2.03372e-06
 Reference value :  2.03418e-06
 Reference value :  2.03760e-06
 Reference value :  2.04360e-06
 Reference value :  2.04910e-06
 Reference value :  2.05460e-06
 Reference value :  2.06110e-06
 Reference value :  2.06710e-06
 Reference value :  2.07260e-06
 Reference value :  2.07550e-06
 Reference value :  2.07690e-06
 Reference value :  2.08185e-06
 Reference value :  2.08785e-06
 Reference value :  2.09335e-06
 Reference value :  2.09935e-06
 Reference value :  2.10535e-06
 Reference value :  2.11135e-06
 Reference value :  2.11617e-06
 Reference value :  2.11671e-06
 Reference value :  2.11724e-06
 Reference value :  2.11766e-06
 Reference value :  2.11948e-06
 Reference value :  2.12548e-06
 Reference value :  2.13198e-06
 Reference value :  2.13748e-06
 Reference value :  2.14348e-06
 Reference value :  2.14998e-06
 Reference value :  2.15548e-06
 Reference value :  2.15883e-06
 Reference value :  2.16004e-06
 Reference value :  2.16244e-06
 Reference value :  2.16794e-06
 Reference value :  2.17394e-06
 Reference value :  2.17994e-06
 Reference value :  2.18594e-06
 Reference value :  2.19144e-06
 Reference value :  2.19744e-06
 Reference value :  2.20008e-06
 Reference value :  2.20064e-06
 Reference value :  2.20115e-06
 Reference value :  2.20458e-06
 Reference value :  2.20958e-06
 Reference value :  2.21508e-06
 Reference value :  2.22158e-06
 Reference value :  2.22758e-06
 Reference value :  2.23408e-06
 Reference value :  2.23958e-06
 Reference value :  2.24217e-06
 Reference value :  2.24340e-06
 Reference value :  2.24444e-06
 Reference value :  2.24884e-06
 Reference value :  2.25484e-06
 Reference value :  2.26084e-06
 Reference value :  2.26684e-06
 Reference value :  2.27234e-06
 Reference value :  2.27784e-06
 Reference value :  2.28298e-06
 Reference value :  2.28364e-06
 Reference value :  2.28436e-06
 Reference value :  2.28567e-06
 Reference value :  2.29067e-06
 Reference value :  2.29617e-06
 Reference value :  2.30217e-06
 Reference value :  2.30817e-06
 Reference value :  2.31367e-06
 Reference value :  2.31967e-06
 Reference value :  2.32485e-06
 Reference value :  2.32645e-06
 Reference value :  2.32981e-06
 Reference value :  2.33381e-06
 Reference value :  2.33831e-06
 Reference value :  2.34381e-06
 Reference value :  2.35081e-06
 Reference value :  2.35781e-06
 Reference value :  2.36281e-06
 Reference value :  2.36655e-06
 Reference value :  2.36717e-06
 Reference value :  2.36768e-06
 Reference value :  2.37212e-06
 Reference value :  2.37762e-06
 Reference value :  2.38312e-06
 Reference value :  2.38862e-06
 Reference value :  2.39462e-06
 Reference value :  2.40012e-06
 Reference value :  2.40612e-06
 Reference value :  2.40883e-06
 Reference value :  2.41066e-06
 Reference value :  2.41516e-06
 Reference value :  2.41716e-06
 Reference value :  2.42216e-06
 Reference value :  2.42816e-06
 Reference value :  2.43366e-06
 Reference value :  2.43966e-06
 Reference value :  2.44566e-06
 Reference value :  2.44985e-06
 Reference value :  2.45029e-06
 Reference value :  2.45098e-06
 Reference value :  2.45165e-06
 Reference value :  2.45457e-06
 Reference value :  2.46057e-06
 Reference value :  2.46607e-06
 Reference value :  2.47257e-06
 Reference value :  2.47807e-06
 Reference value :  2.48457e-06
 Reference value :  2.49087e-06
 Reference value :  2.49245e-06
 Reference value :  2.49598e-06
 Reference value :  2.50048e-06
 Reference value :  2.50398e-06
 Reference value :  2.50998e-06
 Reference value :  2.51698e-06
 Reference value :  2.52348e-06
 Reference value :  2.52898e-06
 Reference value :  2.53342e-06
 Reference value :  2.53399e-06
 Reference value :  2.53472e-06
 Reference value :  2.53997e-06
 Reference value :  2.54647e-06
 Reference value :  2.55297e-06
 Reference value :  2.55847e-06
 Reference value :  2.56497e-06
 Reference value :  2.57047e-06
 Reference value :  2.57517e-06
 Reference value :  2.57688e-06
 Reference value :  2.58132e-06
 Reference value :  2.58482e-06
 Reference value :  2.59082e-06
 Reference value :  2.59732e-06
 Reference value :  2.60382e-06
 Reference value :  2.60932e-06
 Reference value :  2.61482e-06
 Reference value :  2.61675e-06
 Reference value :  2.61761e-06
 Reference value :  2.62131e-06
 Reference value :  2.62881e-06
 Reference value :  2.63481e-06
 Reference value :  2.64081e-06
 Reference value :  2.64631e-06
 Reference value :  2.65181e-06
 Reference value :  2.65731e-06
 Reference value :  2.65912e-06
 Reference value :  2.66166e-06
 Reference value :  2.66616e-06
 Reference value :  2.66916e-06
 Reference value :  2.67466e-06
 Reference value :  2.68066e-06
 Reference value :  2.68766e-06
 Reference value :  2.69516e-06
 Reference value :  2.70008e-06
 Reference value :  2.70080e-06
 Reference value :  2.70153e-06
 Reference value :  2.70797e-06
 Reference value :  2.71347e-06
 Reference value :  2.71897e-06
 Reference value :  2.72447e-06
 Reference value :  2.73047e-06
 Reference value :  2.73647e-06
 Reference value :  2.74132e-06
 Reference value :  2.74278e-06
 Reference value :  2.74550e-06
 Reference value :  2.74950e-06
 Reference value :  2.75250e-06
 Reference value :  2.75800e-06
 Reference value :  2.76400e-06
 Reference value :  2.77000e-06
 Reference value :  2.77550e-06
 Reference value :  2.78150e-06
 Reference value :  2.78342e-06
 Reference value :  2.78417e-06
 Reference value :  2.78558e-06
 Reference value :  2.79258e-06
 Reference value :  2.79808e-06
 Reference value :  2.80358e-06
 Reference value :  2.81008e-06
 Reference value :  2.81558e-06
 Reference value :  2.82108e-06
 Reference value :  2.82517e-06
 Reference value :  2.82689e-06
 Reference value :  2.83183e-06
 Reference value :  2.83483e-06
 Reference value :  2.83933e-06
 Reference value :  2.84483e-06
 Reference value :  2.85133e-06
 Reference value :  2.85683e-06
 Reference value :  2.86333e-06
 Reference value :  2.86671e-06
 Reference value :  2.86694e-06
 Reference value :  2.86749e-06
 Reference value :  2.86809e-06
 Reference value :  2.87341e-06
 Reference value :  2.87991e-06
 Reference value :  2.88641e-06
 Reference value :  2.89241e-06
 Reference value :  2.89841e-06
 Reference value :  2.90441e-06
 Reference value :  2.90851e-06
 Reference value :  2.91022e-06
 Reference value :  2.91517e-06
 Reference value :  2.91867e-06
 Reference value :  2.92417e-06
 Reference value :  2.92967e-06
 Reference value :  2.93567e-06
 Reference value :  2.94117e-06
 Reference value :  2.94667e-06
 Reference value :  2.95004e-06
 Reference value :  2.95041e-06
 Reference value :  2.95058e-06
 Reference value :  2.95101e-06
 Reference value :  2.95473e-06
 Reference value :  2.96023e-06
 Reference value :  2.96573e-06
 Reference value :  2.97123e-06
 Reference value :  2.97673e-06
 Reference value :  2.98273e-06
 Reference value :  2.98823e-06
 Reference value :  2.99184e-06
 Reference value :  2.99355e-06
 Reference value :  2.99800e-06
 Reference value :  3.00200e-06
 Reference value :  3.00700e-06
 Reference value :  3.01350e-06
 Reference value :  3.01900e-06
 Reference value :  3.02450e-06
 Reference value :  3.03000e-06
 Reference value :  3.03338e-06
 Reference value :  3.03341e-06
 Reference value :  3.03364e-06
 Reference value :  3.03405e-06
 Reference value :  3.03449e-06
 Reference value :  3.03966e-06
 Reference value :  3.04566e-06
 Reference value :  3.05116e-06
 Reference value :  3.05716e-06
 Reference value :  3.06316e-06
 Reference value :  3.07066e-06
 Reference value :  3.07550e-06
 Reference value :  3.07832e-06
 Reference value :  3.08332e-06
 Reference value :  3.08732e-06
 Reference value :  3.09282e-06
 Reference value :  3.09832e-06
 Reference value :  3.10382e-06
 Reference value :  3.10982e-06
 Reference value :  3.11574e-06
 Reference value :  3.11675e-06
 Reference value :  3.11742e-06
 Reference value :  3.11809e-06
 Reference value :  3.12339e-06
 Reference value :  3.12889e-06
 Reference value :  3.13439e-06
 Reference value :  3.13989e-06
 Reference value :  3.14689e-06
 Reference value :  3.15339e-06
 Reference value :  3.15818e-06
 Reference value :  3.16013e-06
 Reference value :  3.16170e-06
 Reference value :  3.16764e-06
 Reference value :  3.17514e-06
 Reference value :  3.18164e-06
 Reference value :  3.18764e-06
 Reference value :  3.19364e-06
 Reference value :  3.19907e-06
 Reference value :  3.20008e-06
 Reference value :  3.20065e-06
 Reference value :  3.20104e-06
 Reference value :  3.20404e-06
 Reference value :  3.20904e-06
 Reference value :  3.21554e-06
 Reference value :  3.22104e-06
 Reference value :  3.22654e-06
 Reference value :  3.23204e-06
 Reference value :  3.23754e-06
 Reference value :  3.24184e-06
 Reference value :  3.24348e-06
 Reference value :  3.24504e-06
 Reference value :  3.24703e-06
 Reference value :  3.25253e-06
 Reference value :  3.25903e-06
 Reference value :  3.26453e-06
 Reference value :  3.27153e-06
 Reference value :  3.27703e-06
 Reference value :  3.28243e-06
 Reference value :  3.28342e-06
 Reference value :  3.28416e-06
 Reference value :  3.28457e-06
 Reference value :  3.28728e-06
 Reference value :  3.29228e-06
 Reference value :  3.29778e-06
 Reference value :  3.30378e-06
 Reference value :  3.30978e-06
 Reference value :  3.31528e-06
 Reference value :  3.32128e-06
 Reference value :  3.32517e-06
 Reference value :  3.32677e-06
 Reference value :  3.32744e-06
 Reference value :  3.33168e-06
 Reference value :  3.33818e-06
 Reference value :  3.34418e-06
 Reference value :  3.35018e-06
 Reference value :  3.35618e-06
 Reference value :  3.36168e-06
 Reference value :  3.36632e-06
 Reference value :  3.36655e-06
 Reference value :  3.36719e-06
 Reference value :  3.36769e-06
 Reference value :  3.37116e-06
 Reference value :  3.37666e-06
 Reference value :  3.38216e-06
 Reference value :  3.38766e-06
 Reference value :  3.39316e-06
 Reference value :  3.39916e-06
 Reference value :  3.40516e-06
 Reference value :  3.40851e-06
 Reference value :  3.41010e-06
 Reference value :  3.41155e-06
 Reference value :  3.41700e-06
 Reference value :  3.42350e-06
 Reference value :  3.42950e-06
 Reference value :  3.43500e-06
 Reference value :  3.44100e-06
 Reference value :  3.44750e-06
 Reference value :  3.45009e-06
 Reference value :  3.45095e-06
 Reference value :  3.45456e-06
 Reference value :  3.46156e-06
 Reference value :  3.46806e-06
 Reference value :  3.47406e-06
 Reference value :  3.47956e-06
 Reference value :  3.48506e-06
 Reference value :  3.49087e-06
 Reference value :  3.49229e-06
 Reference value :  3.49377e-06
 Reference value :  3.49382e-06
 Reference value :  3.49719e-06
 Reference value :  3.50269e-06
 Reference value :  3.50869e-06
 Reference value :  3.51419e-06
 Reference value :  3.52119e-06
 Reference value :  3.52719e-06
 Reference value :  3.53283e-06
 Reference value :  3.53321e-06
 Reference value :  3.53389e-06
 Reference value :  3.53444e-06
 Reference value :  3.53880e-06
 Reference value :  3.54430e-06
 Reference value :  3.55030e-06
 Reference value :  3.55580e-06
 Reference value :  3.56330e-06
 Reference value :  3.56930e-06
 Reference value :  3.57517e-06
 Reference value :  3.57712e-06
 Reference value :  3.57716e-06
 Reference value :  3.58042e-06
 Reference value :  3.58592e-06
 Reference value :  3.59192e-06
 Reference value :  3.59742e-06
 Reference value :  3.60292e-06
 Reference value :  3.60892e-06
 Reference value :  3.61442e-06
 Reference value :  3.61675e-06
 Reference value :  3.61762e-06
 Reference value :  3.62177e-06
 Reference value :  3.62977e-06
 Reference value :  3.63727e-06
 Reference value :  3.64477e-06
 Reference value :  3.65227e-06
 Reference value :  3.65818e-06
 Reference value :  3.66013e-06
 Reference value :  3.66051e-06
 Reference value :  3.66365e-06
 Reference value :  3.66915e-06
 Reference value :  3.67415e-06
 Reference value :  3.67965e-06
 Reference value :  3.68565e-06
 Reference value :  3.69165e-06
 Reference value :  3.69715e-06
 Reference value :  3.70008e-06
 Reference value :  3.70081e-06
 Reference value :  3.70133e-06
 Reference value :  3.70653e-06
 Reference value :  3.71203e-06
 Reference value :  3.71753e-06
 Reference value :  3.72303e-06
 Reference value :  3.73003e-06
 Reference value :  3.73553e-06
 Reference value :  3.74117e-06
 Reference value :  3.74229e-06
 Reference value :  3.74382e-06
 Reference value :  3.74568e-06
 Reference value :  3.75118e-06
 Reference value :  3.75668e-06
 Reference value :  3.76268e-06
 Reference value :  3.76868e-06
 Reference value :  3.77418e-06
 Reference value :  3.77968e-06
 Reference value :  3.78342e-06
 Reference value :  3.78417e-06
 Reference value :  3.78502e-06
 Reference value :  3.79050e-06
 Reference value :  3.79600e-06
 Reference value :  3.80150e-06
 Reference value :  3.80750e-06
 Reference value :  3.81400e-06
 Reference value :  3.82050e-06
 Reference value :  3.82465e-06
 Reference value :  3.82612e-06
 Reference value :  3.82748e-06
 Reference value :  3.83069e-06
 Reference value :  3.83719e-06
 Reference value :  3.84319e-06
 Reference value :  3.84969e-06
 Reference value :  3.85569e-06
 Reference value :  3.86169e-06
 Reference value :  3.86652e-06
 Reference value :  3.86694e-06
 Reference value :  3.86759e-06
 Reference value :  3.87090e-06
 Reference value :  3.87740e-06
 Reference value :  3.88440e-06
 Reference value :  3.89040e-06
 Reference value :  3.89740e-06
 Reference value :  3.90390e-06
 Reference value :  3.90851e-06
 Reference value :  3.91050e-06
 Reference value :  3.91083e-06
 Reference value :  3.91297e-06
 Reference value :  3.91847e-06
 Reference value :  3.92497e-06
 Reference value :  3.93147e-06
 Reference value :  3.93697e-06
 Reference value :  3.94297e-06
 Reference value :  3.94897e-06
 Reference value :  3.95021e-06
 Reference value :  3.95052e-06
 Reference value :  3.95142e-06
 Reference value :  3.95922e-06
 Reference value :  3.96522e-06
 Reference value :  3.97122e-06
 Reference value :  3.97722e-06
 Reference value :  3.98272e-06
 Reference value :  3.98872e-06
 Reference value :  3.99184e-06
 Reference value :  3.99384e-06
 Reference value :  3.99388e-06
 Reference value :  3.99602e-06
 Reference value :  4.00252e-06
 Reference value :  4.00902e-06
 Reference value :  4.01502e-06
 Reference value :  4.02152e-06
 Reference value :  4.02852e-06
 Reference value :  4.03318e-06
 Reference value :  4.03338e-06
 Reference value :  4.03341e-06
 Reference value :  4.03373e-06
 Reference value :  4.03420e-06
 Reference value :  4.03611e-06
 Reference value :  4.04211e-06
 Reference value :  4.04811e-06
 Reference value :  4.05411e-06
 Reference value :  4.06011e-06
 Reference value :  4.06611e-06
 Reference value :  4.07405e-06
 Reference value :  4.07613e-06
 Reference value :  4.07750e-06
 Reference value :  4.07984e-06
 Reference value :  4.08534e-06
 Reference value :  4.09134e-06
 Reference value :  4.09734e-06
 Reference value :  4.10284e-06
 Reference value :  4.10884e-06
 Reference value :  4.11434e-06
 Reference value :  4.11675e-06
 Reference value :  4.11748e-06
 Reference value :  4.11814e-06
 Reference value :  4.12343e-06
 Reference value :  4.12893e-06
 Reference value :  4.13443e-06
 Reference value :  4.13993e-06
 Reference value :  4.14543e-06
 Reference value :  4.15093e-06
 Reference value :  4.15643e-06
 Reference value :  4.15896e-06
 Reference value :  4.15982e-06
 Reference value :  4.16047e-06
 Reference value :  4.16339e-06
 Reference value :  4.16889e-06
 Reference value :  4.17489e-06
 Reference value :  4.18089e-06
 Reference value :  4.18639e-06
 Reference value :  4.19189e-06
 Reference value :  4.19739e-06
 Reference value :  4.20008e-06
 Reference value :  4.20064e-06
 Reference value :  4.20081e-06
 Reference value :  4.20117e-06
 Reference value :  4.20586e-06
 Reference value :  4.21136e-06
 Reference value :  4.21736e-06
 Reference value :  4.22336e-06
 Reference value :  4.23036e-06
 Reference value :  4.23686e-06
 Reference value :  4.24184e-06
 Reference value :  4.24316e-06
 Reference value :  4.24406e-06
 Reference value :  4.24882e-06
 Reference value :  4.25482e-06
 Reference value :  4.26082e-06
 Reference value :  4.26632e-06
 Reference value :  4.27232e-06
 Reference value :  4.27782e-06
 Reference value :  4.28298e-06
 Reference value :  4.28364e-06
 Reference value :  4.28405e-06
 Reference value :  4.28509e-06
 Reference value :  4.29057e-06
 Reference value :  4.29607e-06
 Reference value :  4.30157e-06
 Reference value :  4.30807e-06
 Reference value :  4.31457e-06
 Reference value :  4.32057e-06
 Reference value :  4.32485e-06
 Reference value :  4.32645e-06
 Reference value :  4.33031e-06
 Reference value :  4.33381e-06
 Reference value :  4.33781e-06
 Reference value :  4.34381e-06
 Reference value :  4.34981e-06
 Reference value :  4.35581e-06
 Reference value :  4.36231e-06
 Reference value :  4.36652e-06
 Reference value :  4.36696e-06
 Reference value :  4.36767e-06
 Reference value :  4.36837e-06
 Reference value :  4.37256e-06
 Reference value :  4.37806e-06
 Reference value :  4.38406e-06
 Reference value :  4.39006e-06
 Reference value :  4.39706e-06
 Reference value :  4.40306e-06
 Reference value :  4.40798e-06
 Reference value :  4.40945e-06
 Reference value :  4.41216e-06
 Reference value :  4.41666e-06
 Reference value :  4.42166e-06
 Reference value :  4.42716e-06
 Reference value :  4.43266e-06
 Reference value :  4.43866e-06
 Reference value :  4.44416e-06
 Reference value :  4.44965e-06
 Reference value :  4.45029e-06
 Reference value :  4.45098e-06
 Reference value :  4.45541e-06
 Reference value :  4.46141e-06
 Reference value :  4.46741e-06
 Reference value :  4.47641e-06
 Reference value :  4.48241e-06
 Reference value :  4.48791e-06
 Reference value :  4.49184e-06
 Reference value :  4.49354e-06
 Reference value :  4.49848e-06
 Reference value :  4.50148e-06
 Reference value :  4.50798e-06
 Reference value :  4.51398e-06
 Reference value :  4.51998e-06
 Reference value :  4.52598e-06
 Reference value :  4.53198e-06
 Reference value :  4.53342e-06
 Reference value :  4.53418e-06
 Reference value :  4.53480e-06
 Reference value :  4.53839e-06
 Reference value :  4.54439e-06
 Reference value :  4.55039e-06
 Reference value :  4.55689e-06
 Reference value :  4.56239e-06
 Reference value :  4.56839e-06
 Reference value :  4.57420e-06
 Reference value :  4.57579e-06
 Reference value :  4.57832e-06
 Reference value :  4.58332e-06
 Reference value :  4.58582e-06
 Reference value :  4.59082e-06
 Reference value :  4.59632e-06
 Reference value :  4.60182e-06
 Reference value :  4.60782e-06
 Reference value :  4.61382e-06
 Reference value :  4.61675e-06
 Reference value :  4.61754e-06
 Reference value :  4.61801e-06
 Reference value :  4.62051e-06
 Reference value :  4.62651e-06
 Reference value :  4.63301e-06
 Reference value :  4.63851e-06
 Reference value :  4.64401e-06
 Reference value :  4.65001e-06
 Reference value :  4.65601e-06
 Reference value :  4.65851e-06
 Reference value :  4.66022e-06
 Reference value :  4.66466e-06
 Reference value :  4.66716e-06
 Reference value :  4.67116e-06
 Reference value :  4.67666e-06
 Reference value :  4.68216e-06
 Reference value :  4.68816e-06
 Reference value :  4.69366e-06
 Reference value :  4.69950e-06
 Reference value :  4.70008e-06
 Reference value :  4.70085e-06
 Reference value :  4.70119e-06
 Reference value :  4.70404e-06
 Reference value :  4.70954e-06
 Reference value :  4.71554e-06
 Reference value :  4.72104e-06
 Reference value :  4.72804e-06
 Reference value :  4.73404e-06
 Reference value :  4.74004e-06
 Reference value :  4.74217e-06
 Reference value :  4.74400e-06
 Reference value :  4.74900e-06
 Reference value :  4.75100e-06
 Reference value :  4.75500e-06
 Reference value :  4.76100e-06
 Reference value :  4.76650e-06
 Reference value :  4.77250e-06
 Reference value :  4.77800e-06
 Reference value :  4.78288e-06
 Reference value :  4.78342e-06
 Reference value :  4.78416e-06
 Reference value :  4.78449e-06
 Reference value :  4.78679e-06
 Reference value :  4.79179e-06
 Reference value :  4.79829e-06
 Reference value :  4.80429e-06
 Reference value :  4.81029e-06
 Reference value :  4.81729e-06
 Reference value :  4.82329e-06
 Reference value :  4.82550e-06
 Reference value :  4.82733e-06
 Reference value :  4.83233e-06
 Reference value :  4.83433e-06
 Reference value :  4.83983e-06
 Reference value :  4.84633e-06
 Reference value :  4.85383e-06
 Reference value :  4.86083e-06
 Reference value :  4.86622e-06
 Reference value :  4.86675e-06
 Reference value :  4.86722e-06
 Reference value :  4.86766e-06
 Reference value :  4.86885e-06
 Reference value :  4.87332e-06
 Reference value :  4.87882e-06
 Reference value :  4.88432e-06
 Reference value :  4.88982e-06
 Reference value :  4.89632e-06
 Reference value :  4.90232e-06
 Reference value :  4.90783e-06
 Reference value :  4.90896e-06
 Reference value :  4.91167e-06
 Reference value :  4.91717e-06
 Reference value :  4.92067e-06
 Reference value :  4.92617e-06
 Reference value :  4.93217e-06
 Reference value :  4.93767e-06
 Reference value :  4.94317e-06
 Reference value :  4.94867e-06
 Reference value :  4.95021e-06
 Reference value :  4.95051e-06
 Reference value :  4.95100e-06
 Reference value :  4.95131e-06
 Reference value :  4.95477e-06
 Reference value :  4.96027e-06
 Reference value :  4.96577e-06
 Reference value :  4.97127e-06
 Reference value :  4.97677e-06
 Reference value :  4.98277e-06
 Reference value :  4.98827e-06
 Reference value :  4.99184e-06
 Reference value :  4.99356e-06
 Reference value :  4.99950e-06
 Reference value :  5.00300e-06
 Reference value :  5.00850e-06
 Reference value :  5.01400e-06
 Reference value :  5.01950e-06
 Reference value :  5.02500e-06
 Reference value :  5.03100e-06
 Reference value :  5.03342e-06
 Reference value :  5.03423e-06
 Reference value :  5.03488e-06
 Reference value :  5.04071e-06
 Reference value :  5.04621e-06
 Reference value :  5.05171e-06
 Reference value :  5.05771e-06
 Reference value :  5.06321e-06
 Reference value :  5.06921e-06
 Reference value :  5.07455e-06
 Reference value :  5.07612e-06
 Reference value :  5.07932e-06
 Reference value :  5.08382e-06
 Reference value :  5.08832e-06
 Reference value :  5.09432e-06
 Reference value :  5.10032e-06
 Reference value :  5.10632e-06
 Reference value :  5.11232e-06
 Reference value :  5.11655e-06
 Reference value :  5.11728e-06
 Reference value :  5.11769e-06
 Reference value :  5.11946e-06
 Reference value :  5.12496e-06
 Reference value :  5.13046e-06
 Reference value :  5.13646e-06
 Reference value :  5.14196e-06
 Reference value :  5.14746e-06
 Reference value :  5.15346e-06
 Reference value :  5.15798e-06
 Reference value :  5.15977e-06
 Reference value :  5.15981e-06
 Reference value :  5.16037e-06
 Reference value :  5.16473e-06
 Reference value :  5.17023e-06
 Reference value :  5.17623e-06
 Reference value :  5.18173e-06
 Reference value :  5.18723e-06
 Reference value :  5.19273e-06
 Reference value :  5.19823e-06
 Reference value :  5.20008e-06
 Reference value :  5.20063e-06
 Reference value :  5.20124e-06
 Reference value :  5.20583e-06
 Reference value :  5.21183e-06
 Reference value :  5.21783e-06
 Reference value :  5.22483e-06
 Reference value :  5.23233e-06
 Reference value :  5.24033e-06
 Reference value :  5.24221e-06
 Reference value :  5.24314e-06
 Reference value :  5.24336e-06
 Reference value :  5.24601e-06
 Reference value :  5.25201e-06
 Reference value :  5.25751e-06
 Reference value :  5.26501e-06
 Reference value :  5.27251e-06
 Reference value :  5.28001e-06
 Reference value :  5.28342e-06
 Reference value :  5.28431e-06
 Reference value :  5.28824e-06
 Reference value :  5.29574e-06
 Reference value :  5.30174e-06
 Reference value :  5.30824e-06
 Reference value :  5.31374e-06
 Reference value :  5.31924e-06
 Reference value :  5.32455e-06
 Reference value :  5.32579e-06
 Reference value :  5.32920e-06
 Reference value :  5.33170e-06
 Reference value :  5.33670e-06
 Reference value :  5.34220e-06
 Reference value :  5.34770e-06
 Reference value :  5.35370e-06
 Reference value :  5.35920e-06
 Reference value :  5.36470e-06
 Reference value :  5.36675e-06
 Reference value :  5.36754e-06
 Reference value :  5.36954e-06
 Reference value :  5.37554e-06
 Reference value :  5.38104e-06
 Reference value :  5.38654e-06
 Reference value :  5.39204e-06
 Reference value :  5.39804e-06
 Reference value :  5.40404e-06
 Reference value :  5.40818e-06
 Reference value :  5.40980e-06
 Reference value :  5.41530e-06
 Reference value :  5.42080e-06
 Reference value :  5.42680e-06
 Reference value :  5.43230e-06
 Reference value :  5.43780e-06
 Reference value :  5.44430e-06
 Reference value :  5.44950e-06
 Reference value :  5.45011e-06
 Reference value :  5.45182e-06
 Reference value :  5.45830e-06
 Reference value :  5.46430e-06
 Reference value :  5.47030e-06
 Reference value :  5.47580e-06
 Reference value :  5.48180e-06
 Reference value :  5.48730e-06
 Reference value :  5.49152e-06
 Reference value :  5.49324e-06
 Reference value :  5.49824e-06
 Reference value :  5.50424e-06
 Reference value :  5.50974e-06
 Reference value :  5.51574e-06
 Reference value :  5.52174e-06
 Reference value :  5.52724e-06
 Reference value :  5.53288e-06
 Reference value :  5.53386e-06
 Reference value :  5.53663e-06
 Reference value :  5.54313e-06
 Reference value :  5.54863e-06
 Reference value :  5.55413e-06
 Reference value :  5.56013e-06
 Reference value :  5.56563e-06
 Reference value :  5.57113e-06
 Reference value :  5.57517e-06
 Reference value :  5.57807e-06
 Reference value :  5.58407e-06
 Reference value :  5.59007e-06
 Reference value :  5.59607e-06
 Reference value :  5.60207e-06
 Reference value :  5.60857e-06
 Reference value :  5.61407e-06
 Reference value :  5.61677e-06
 Reference value :  5.61802e-06
 Reference value :  5.62346e-06
 Reference value :  5.62896e-06
 Reference value :  5.63646e-06
 Reference value :  5.64246e-06
 Reference value :  5.64846e-06
 Reference value :  5.65396e-06
 Reference value :  5.65851e-06
 Reference value :  5.66240e-06
 Reference value :  5.66790e-06
 Reference value :  5.67340e-06
 Reference value :  5.67840e-06
 Reference value :  5.68390e-06
 Reference value :  5.68890e-06
 Reference value :  5.69540e-06
 Reference value :  5.69985e-06
 Reference value :  5.70030e-06
 Reference value :  5.70125e-06
 Reference value :  5.70661e-06
 Reference value :  5.71211e-06
 Reference value :  5.71761e-06
 Reference value :  5.72361e-06
 Reference value :  5.73111e-06
 Reference value :  5.73661e-06
 Reference value :  5.74122e-06
 Reference value :  5.74245e-06
 Reference value :  5.74723e-06
 Reference value :  5.75273e-06
 Reference value :  5.75823e-06
 Reference value :  5.76423e-06
 Reference value :  5.77023e-06
 Reference value :  5.77573e-06
 Reference value :  5.78123e-06
 Reference value :  5.78342e-06
 Reference value :  5.78420e-06
 Reference value :  5.78899e-06
 Reference value :  5.79449e-06
 Reference value :  5.80049e-06
 Reference value :  5.80599e-06
 Reference value :  5.81149e-06
 Reference value :  5.81699e-06
 Reference value :  5.82249e-06
 Reference value :  5.82517e-06
 Reference value :  5.82757e-06
 Reference value :  5.83356e-06
 Reference value :  5.83906e-06
 Reference value :  5.84556e-06
 Reference value :  5.85106e-06
 Reference value :  5.85656e-06
 Reference value :  5.86206e-06
 Reference value :  5.86632e-06
 Reference value :  5.86696e-06
 Reference value :  5.86823e-06
 Reference value :  5.87367e-06
 Reference value :  5.87917e-06
 Reference value :  5.88467e-06
 Reference value :  5.89017e-06
 Reference value :  5.89567e-06
 Reference value :  5.90117e-06
 Reference value :  5.90667e-06
 Reference value :  5.90896e-06
 Reference value :  5.91540e-06
 Reference value :  5.92240e-06
 Reference value :  5.92790e-06
 Reference value :  5.93290e-06
 Reference value :  5.93840e-06
 Reference value :  5.94390e-06
 Reference value :  5.94920e-06
 Reference value :  5.95008e-06
 Reference value :  5.95051e-06
 Reference value :  5.95371e-06
 Reference value :  5.95971e-06
 Reference value :  5.96521e-06
 Reference value :  5.97071e-06
 Reference value :  5.97621e-06
 Reference value :  5.98171e-06
 Reference value :  5.98771e-06
 Reference value :  5.99184e-06
 Reference value :  5.99523e-06
 Reference value :  6.00123e-06
 Reference value :  6.00723e-06
 Reference value :  6.01273e-06
 Reference value :  6.01873e-06
 Reference value :  6.02423e-06
 Reference value :  6.02923e-06
 Reference value :  6.03318e-06
 Reference value :  6.03383e-06
 Reference value :  6.03621e-06
 Reference value :  6.04171e-06
 Reference value :  6.04721e-06
 Reference value :  6.05321e-06
 Reference value :  6.05871e-06
 Reference value :  6.06421e-06
 Reference value :  6.06971e-06
 Reference value :  6.07455e-06
 Reference value :  6.07582e-06
 Reference value :  6.08010e-06
 Reference value :  6.08560e-06
 Reference value :  6.09160e-06
 Reference value :  6.09760e-06
 Reference value :  6.10460e-06
 Reference value :  6.11010e-06
 Reference value :  6.11560e-06
 Reference value :  6.11675e-06
 Reference value :  6.11711e-06
 Reference value :  6.11749e-06
 Reference value :  6.11798e-06
 Reference value :  6.12242e-06
 Reference value :  6.12792e-06
 Reference value :  6.13342e-06
 Reference value :  6.13892e-06
 Reference value :  6.14442e-06
 Reference value :  6.14992e-06
 Reference value :  6.15692e-06
 Reference value :  6.15896e-06
 Reference value :  6.15981e-06
 Reference value :  6.15991e-06
 Reference value :  6.16105e-06
 Reference value :  6.16597e-06
 Reference value :  6.17297e-06
 Reference value :  6.17997e-06
 Reference value :  6.18597e-06
 Reference value :  6.19147e-06
 Reference value :  6.19697e-06
 Reference value :  6.20008e-06
 Reference value :  6.20063e-06
 Reference value :  6.20114e-06
 Reference value :  6.20533e-06
 Reference value :  6.21183e-06
 Reference value :  6.21733e-06
 Reference value :  6.22333e-06
 Reference value :  6.22883e-06
 Reference value :  6.23483e-06
 Reference value :  6.24075e-06
 Reference value :  6.24229e-06
 Reference value :  6.24314e-06
 Reference value :  6.24325e-06
 Reference value :  6.24404e-06
 Reference value :  6.24881e-06
 Reference value :  6.25481e-06
 Reference value :  6.26031e-06
 Reference value :  6.26581e-06
 Reference value :  6.27131e-06
 Reference value :  6.27681e-06
 Reference value :  6.28257e-06
No. of Data Rows : 14158

  Measurements for Transient Analysis

d9_c1               =  -1.32589e-07
d8_c1               =  1.45047e-08
d7_c1               =  1.80000e+00
d6_c1               =  1.80000e+00
d5_c1               =  1.38347e-08
d4_c1               =  1.46172e-08
d3_c1               =  1.80000e+00
d2_c1               =  1.80000e+00
d1_c1               =  1.39466e-08
d0_c1               =  1.80000e+00
d9_c2               =  -1.05751e-06
d8_c2               =  1.80000e+00
d7_c2               =  9.41228e-08
d6_c2               =  1.80000e+00
d5_c2               =  1.80000e+00
d4_c2               =  1.80000e+00
d3_c2               =  1.80000e+00
d2_c2               =  1.80000e+00
d1_c2               =  1.80000e+00
d0_c2               =  1.80000e+00
d9_c3               =  5.90107e-07
d8_c3               =  1.80000e+00
d7_c3               =  1.80000e+00
d6_c3               =  1.80000e+00
d5_c3               =  1.80000e+00
d4_c3               =  1.80000e+00
d3_c3               =  1.80000e+00
d2_c3               =  1.80000e+00
d1_c3               =  1.80000e+00
d0_c3               =  1.80000e+00
d9_c4               =  1.80001e+00
d8_c4               =  3.47011e-09
d7_c4               =  1.80000e+00
d6_c4               =  3.47225e-09
d5_c4               =  3.47534e-09
d4_c4               =  3.47975e-09
d3_c4               =  3.48055e-09
d2_c4               =  3.48139e-09
d1_c4               =  3.50220e-09
d0_c4               =  1.80000e+00
d9_c5               =  1.80001e+00
d8_c5               =  1.80000e+00
d7_c5               =  1.80000e+00
d6_c5               =  1.80000e+00
d5_c5               =  1.80000e+00
d4_c5               =  1.80000e+00
d3_c5               =  1.80000e+00
d2_c5               =  1.80000e+00
d1_c5               =  1.80000e+00
d0_c5               =  1.80000e+00
busy_c1_p0          =  1.80000e+00
smpl_c1_p0          =  -2.34690e-04
busy_c1_p1          =  1.80000e+00
smpl_c1_p1          =  -1.14920e-05
busy_c1_p2          =  1.80000e+00
smpl_c1_p2          =  -6.39512e-06
busy_c1_p3          =  1.80000e+00
smpl_c1_p3          =  -1.13981e-05
busy_c1_p4          =  1.80000e+00
smpl_c1_p4          =  -1.13628e-05
busy_c1_p5          =  1.80000e+00
smpl_c1_p5          =  -1.14084e-05
busy_c1_p6          =  1.80000e+00
smpl_c1_p6          =  -1.13635e-05
busy_c1_p7          =  1.80000e+00
smpl_c1_p7          =  -1.13811e-05
busy_c1_p8          =  1.80000e+00
smpl_c1_p8          =  -1.13856e-05
busy_c1_p9          =  1.80000e+00
smpl_c1_p9          =  -1.14066e-05
busy_c1_p10         =  1.80000e+00
smpl_c1_p10         =  -1.13965e-05
busy_c1_p11         =  -1.98728e-06
smpl_c1_p11         =  1.80010e+00
busy_c2_p0          =  1.80000e+00
smpl_c2_p0          =  -2.34686e-04
busy_c2_p1          =  1.80000e+00
smpl_c2_p1          =  -1.12818e-05
busy_c2_p2          =  1.80000e+00
smpl_c2_p2          =  -1.11762e-05
busy_c2_p3          =  1.80000e+00
smpl_c2_p3          =  -1.13563e-05
busy_c2_p4          =  1.80000e+00
smpl_c2_p4          =  -1.12543e-05
busy_c2_p5          =  1.80000e+00
smpl_c2_p5          =  -1.11363e-05
busy_c2_p6          =  1.80000e+00
smpl_c2_p6          =  -1.11470e-05
busy_c2_p7          =  1.80000e+00
smpl_c2_p7          =  -1.11416e-05
busy_c2_p8          =  1.80000e+00
smpl_c2_p8          =  -1.11189e-05
busy_c2_p9          =  1.80000e+00
smpl_c2_p9          =  -1.11050e-05
busy_c2_p10         =  1.80000e+00
smpl_c2_p10         =  -1.11242e-05
busy_c2_p11         =  -2.21170e-07
smpl_c2_p11         =  1.80010e+00
busy_c3_p0          =  1.80000e+00
smpl_c3_p0          =  -2.34461e-04
busy_c3_p1          =  1.80000e+00
smpl_c3_p1          =  -1.11624e-05
busy_c3_p2          =  1.80000e+00
smpl_c3_p2          =  -1.13204e-05
busy_c3_p3          =  1.80000e+00
smpl_c3_p3          =  -1.12483e-05
busy_c3_p4          =  1.80000e+00
smpl_c3_p4          =  -1.11382e-05
busy_c3_p5          =  1.80000e+00
smpl_c3_p5          =  -1.10187e-05
busy_c3_p6          =  1.80000e+00
smpl_c3_p6          =  -1.10423e-05
busy_c3_p7          =  1.80000e+00
smpl_c3_p7          =  -1.09680e-05
busy_c3_p8          =  1.80000e+00
smpl_c3_p8          =  -1.10302e-05
busy_c3_p9          =  1.80000e+00
smpl_c3_p9          =  -1.09855e-05
busy_c3_p10         =  1.80000e+00
smpl_c3_p10         =  -1.10541e-05
busy_c3_p11         =  -7.88217e-09
smpl_c3_p11         =  1.80010e+00
busy_c4_p0          =  1.80000e+00
smpl_c4_p0          =  -2.35062e-04
busy_c4_p1          =  1.80000e+00
smpl_c4_p1          =  -1.12630e-05
busy_c4_p2          =  1.80000e+00
smpl_c4_p2          =  -1.10929e-05
busy_c4_p3          =  1.80000e+00
smpl_c4_p3          =  -1.13673e-05
busy_c4_p4          =  1.80000e+00
smpl_c4_p4          =  -1.11502e-05
busy_c4_p5          =  1.80000e+00
smpl_c4_p5          =  -1.10788e-05
busy_c4_p6          =  1.80000e+00
smpl_c4_p6          =  -1.11768e-05
busy_c4_p7          =  1.80000e+00
smpl_c4_p7          =  -1.11311e-05
busy_c4_p8          =  1.80000e+00
smpl_c4_p8          =  -1.11644e-05
busy_c4_p9          =  1.80000e+00
smpl_c4_p9          =  -1.11045e-05
busy_c4_p10         =  1.80000e+00
smpl_c4_p10         =  -1.12088e-05
busy_c4_p11         =  2.04133e-06
smpl_c4_p11         =  1.80010e+00
busy_c5_p0          =  1.80000e+00
smpl_c5_p0          =  -2.34943e-04
busy_c5_p1          =  1.80000e+00
smpl_c5_p1          =  -1.16020e-05
busy_c5_p2          =  1.80000e+00
smpl_c5_p2          =  -6.45364e-06
busy_c5_p3          =  1.80000e+00
smpl_c5_p3          =  -5.25195e-06
busy_c5_p4          =  1.80000e+00
smpl_c5_p4          =  -6.13929e-06
busy_c5_p5          =  1.80000e+00
smpl_c5_p5          =  -7.37996e-06
busy_c5_p6          =  1.80000e+00
smpl_c5_p6          =  -8.57231e-06
busy_c5_p7          =  1.80000e+00
smpl_c5_p7          =  -9.40984e-06
busy_c5_p8          =  1.80000e+00
smpl_c5_p8          =  -9.93391e-06
busy_c5_p9          =  1.80000e+00
smpl_c5_p9          =  -1.02350e-05
busy_c5_p10         =  1.80000e+00
smpl_c5_p10         =  -1.04751e-05
busy_c5_p11         =  8.66743e-07
smpl_c5_p11         =  1.80010e+00
i_vdd               =  -2.06885e-06 from=  3.20000e-06 to=  4.20008e-06
i_vpwr              =  -7.18625e-06 from=  3.20000e-06 to=  4.20008e-06
i_vrefp             =  -6.48977e-06 from=  3.20000e-06 to=  4.20008e-06
i_vrefn             =  6.47814e-06 from=  3.20000e-06 to=  4.20008e-06
i_vcm               =  1.26608e-08 from=  3.20000e-06 to=  4.20008e-06
gnd_die_max         =  5.05259e-03 at=  4.11748e-06
gnd_die_min         =  -1.24757e-03 at=  1.95041e-06
vgnd_max            =  0.00000e+00 at=  6.28333e-06
vgnd_min            =  0.00000e+00 at=  6.28333e-06
vdd_max             =  1.80000e+00 at=  6.28333e-06
vdd_min             =  1.80000e+00 at=  6.28333e-06
vpwr_max            =  1.80000e+00 at=  6.28333e-06
vpwr_min            =  1.80000e+00 at=  6.28333e-06
vdda_min            =  1.79495e+00 at=  4.11748e-06
vdda_max            =  1.80125e+00 at=  1.95041e-06
i_vgnd              =  9.29843e-06 from=  3.20000e-06 to=  4.20008e-06
i_sub               =  2.15212e-06 from=  3.20000e-06 to=  4.20008e-06


Total analysis time (seconds) = 2404.09

Total elapsed time (seconds) = 2660.216 

Total DRAM available = 98304.000 MB.
DRAM currently available = 4747.109 MB.
Maximum ngspice program size =  819.922 MB.
Current ngspice program size =   31.297 MB.

