
Note: Compatibility modes selected: hs a


Circuit: * sim/ground-return-impedance (issue #378) arm 'sub-nopad-10' -- reusing

option SCALE: Scale is set to 1e-06 for instance and model parameters
option SCALE: Scale is set to 1e-06 for instance and model parameters
option SCALE: Scale is set to 1e-06 for instance and model parameters
option SCALE: Scale is set to 1e-06 for instance and model parameters
Doing analysis at TEMP = 27.000000 and TNOM = 27.000000

Using KLU as Direct Linear Solver
 Reference value :  0.00000e+00
 Reference value :  7.64000e-09
 Reference value :  1.81400e-08
 Reference value :  2.27500e-08
 Reference value :  2.92500e-08
 Reference value :  3.47500e-08
 Reference value :  4.02500e-08
 Reference value :  4.57500e-08
 Reference value :  5.12500e-08
 Reference value :  5.67500e-08
 Reference value :  6.22500e-08
 Reference value :  6.92500e-08
 Reference value :  7.72500e-08
 Reference value :  8.32500e-08
 Reference value :  8.87500e-08
 Reference value :  9.42500e-08
 Reference value :  1.00250e-07
 Reference value :  1.05750e-07
 Reference value :  1.11250e-07
 Reference value :  1.17250e-07
 Reference value :  1.23750e-07
 Reference value :  1.31750e-07
 Reference value :  1.39750e-07
 Reference value :  1.47750e-07
 Reference value :  1.55250e-07
 Reference value :  1.63250e-07
 Reference value :  1.72250e-07
 Reference value :  1.80250e-07
 Reference value :  1.88750e-07
 Reference value :  1.96750e-07
 Reference value :  2.00085e-07
 Reference value :  2.00586e-07
 Reference value :  2.01108e-07
 Reference value :  2.04272e-07
 Reference value :  2.09772e-07
 Reference value :  2.15772e-07
 Reference value :  2.21772e-07
 Reference value :  2.27772e-07
 Reference value :  2.33772e-07
 Reference value :  2.39772e-07
 Reference value :  2.42167e-07
 Reference value :  2.43607e-07
 Reference value :  2.44511e-07
 Reference value :  2.49954e-07
 Reference value :  2.55954e-07
 Reference value :  2.61954e-07
 Reference value :  2.67954e-07
 Reference value :  2.74454e-07
 Reference value :  2.79954e-07
 Reference value :  2.83433e-07
 Reference value :  2.84204e-07
 Reference value :  2.84790e-07
 Reference value :  2.87631e-07
 Reference value :  2.93131e-07
 Reference value :  2.98631e-07
 Reference value :  3.04631e-07
 Reference value :  3.10631e-07
 Reference value :  3.16631e-07
 Reference value :  3.22631e-07
 Reference value :  3.25500e-07
 Reference value :  3.27019e-07
 Reference value :  3.32463e-07
 Reference value :  3.38463e-07
 Reference value :  3.44963e-07
 Reference value :  3.51463e-07
 Reference value :  3.58963e-07
 Reference value :  3.64963e-07
 Reference value :  3.66789e-07
 Reference value :  3.68883e-07
 Reference value :  3.75383e-07
 Reference value :  3.80883e-07
 Reference value :  3.86883e-07
 Reference value :  3.93383e-07
 Reference value :  3.98883e-07
 Reference value :  4.04883e-07
 Reference value :  4.08833e-07
 Reference value :  4.10777e-07
 Reference value :  4.12732e-07
 Reference value :  4.17232e-07
 Reference value :  4.24232e-07
 Reference value :  4.29732e-07
 Reference value :  4.35232e-07
 Reference value :  4.40732e-07
 Reference value :  4.46732e-07
 Reference value :  4.50099e-07
 Reference value :  4.50611e-07
 Reference value :  4.51111e-07
 Reference value :  4.52369e-07
 Reference value :  4.55869e-07
 Reference value :  4.60869e-07
 Reference value :  4.66869e-07
 Reference value :  4.72369e-07
 Reference value :  4.78369e-07
 Reference value :  4.84369e-07
 Reference value :  4.90369e-07
 Reference value :  4.92217e-07
 Reference value :  4.94720e-07
 Reference value :  5.00720e-07
 Reference value :  5.07220e-07
 Reference value :  5.13720e-07
 Reference value :  5.20220e-07
 Reference value :  5.27220e-07
 Reference value :  5.32983e-07
 Reference value :  5.33833e-07
 Reference value :  5.34967e-07
 Reference value :  5.41913e-07
 Reference value :  5.48913e-07
 Reference value :  5.56413e-07
 Reference value :  5.64413e-07
 Reference value :  5.71413e-07
 Reference value :  5.75500e-07
 Reference value :  5.78976e-07
 Reference value :  5.83476e-07
 Reference value :  5.88476e-07
 Reference value :  5.95476e-07
 Reference value :  6.01476e-07
 Reference value :  6.07476e-07
 Reference value :  6.13476e-07
 Reference value :  6.16766e-07
 Reference value :  6.17277e-07
 Reference value :  6.17770e-07
 Reference value :  6.19013e-07
 Reference value :  6.23013e-07
 Reference value :  6.28513e-07
 Reference value :  6.34013e-07
 Reference value :  6.39513e-07
 Reference value :  6.45513e-07
 Reference value :  6.51513e-07
 Reference value :  6.57423e-07
 Reference value :  6.58983e-07
 Reference value :  6.60826e-07
 Reference value :  6.65826e-07
 Reference value :  6.71326e-07
 Reference value :  6.75826e-07
 Reference value :  6.79826e-07
 Reference value :  6.86326e-07
 Reference value :  6.92826e-07
 Reference value :  6.98826e-07
 Reference value :  7.00085e-07
 Reference value :  7.00595e-07
 Reference value :  7.01396e-07
 Reference value :  7.04240e-07
 Reference value :  7.09740e-07
 Reference value :  7.15740e-07
 Reference value :  7.22240e-07
 Reference value :  7.29240e-07
 Reference value :  7.35240e-07
 Reference value :  7.41167e-07
 Reference value :  7.42317e-07
 Reference value :  7.45209e-07
 Reference value :  7.50709e-07
 Reference value :  7.56209e-07
 Reference value :  7.61709e-07
 Reference value :  7.67209e-07
 Reference value :  7.70209e-07
 Reference value :  7.74709e-07
 Reference value :  7.80209e-07
 Reference value :  7.83418e-07
 Reference value :  7.83954e-07
 Reference value :  7.84549e-07
 Reference value :  7.85530e-07
 Reference value :  7.90834e-07
 Reference value :  7.97334e-07
 Reference value :  8.03834e-07
 Reference value :  8.10834e-07
 Reference value :  8.17334e-07
 Reference value :  8.23834e-07
 Reference value :  8.25850e-07
 Reference value :  8.31046e-07
 Reference value :  8.38046e-07
 Reference value :  8.45546e-07
 Reference value :  8.51546e-07
 Reference value :  8.57046e-07
 Reference value :  8.61046e-07
 Reference value :  8.65046e-07
 Reference value :  8.66751e-07
 Reference value :  8.67255e-07
 Reference value :  8.67663e-07
 Reference value :  8.68766e-07
 Reference value :  8.74077e-07
 Reference value :  8.80077e-07
 Reference value :  8.85577e-07
 Reference value :  8.91077e-07
 Reference value :  8.97077e-07
 Reference value :  9.03077e-07
 Reference value :  9.07983e-07
 Reference value :  9.09922e-07
 Reference value :  9.14882e-07
 Reference value :  9.20382e-07
 Reference value :  9.25882e-07
 Reference value :  9.31382e-07
 Reference value :  9.37882e-07
 Reference value :  9.43382e-07
 Reference value :  9.48882e-07
 Reference value :  9.49850e-07
 Reference value :  9.50308e-07
 Reference value :  9.51037e-07
 Reference value :  9.52770e-07
 Reference value :  9.58270e-07
 Reference value :  9.64270e-07
 Reference value :  9.70270e-07
 Reference value :  9.76770e-07
 Reference value :  9.82270e-07
 Reference value :  9.88270e-07
 Reference value :  9.92167e-07
 Reference value :  9.94216e-07
 Reference value :  9.99716e-07
 Reference value :  1.00572e-06
 Reference value :  1.01172e-06
 Reference value :  1.01822e-06
 Reference value :  1.02472e-06
 Reference value :  1.03022e-06
 Reference value :  1.03342e-06
 Reference value :  1.03416e-06
 Reference value :  1.03627e-06
 Reference value :  1.04177e-06
 Reference value :  1.04727e-06
 Reference value :  1.05327e-06
 Reference value :  1.05877e-06
 Reference value :  1.06527e-06
 Reference value :  1.07127e-06
 Reference value :  1.07550e-06
 Reference value :  1.07755e-06
 Reference value :  1.08305e-06
 Reference value :  1.08855e-06
 Reference value :  1.09405e-06
 Reference value :  1.09955e-06
 Reference value :  1.10505e-06
 Reference value :  1.11055e-06
 Reference value :  1.11555e-06
 Reference value :  1.11675e-06
 Reference value :  1.11738e-06
 Reference value :  1.11790e-06
 Reference value :  1.12092e-06
 Reference value :  1.12692e-06
 Reference value :  1.13292e-06
 Reference value :  1.13942e-06
 Reference value :  1.14642e-06
 Reference value :  1.15292e-06
 Reference value :  1.15788e-06
 Reference value :  1.15953e-06
 Reference value :  1.16068e-06
 Reference value :  1.16524e-06
 Reference value :  1.17074e-06
 Reference value :  1.17624e-06
 Reference value :  1.18274e-06
 Reference value :  1.18874e-06
 Reference value :  1.19424e-06
 Reference value :  1.19950e-06
 Reference value :  1.20029e-06
 Reference value :  1.20068e-06
 Reference value :  1.20146e-06
 Reference value :  1.20686e-06
 Reference value :  1.21286e-06
 Reference value :  1.21886e-06
 Reference value :  1.22436e-06
 Reference value :  1.23036e-06
 Reference value :  1.23636e-06
 Reference value :  1.24122e-06
 Reference value :  1.24285e-06
 Reference value :  1.24374e-06
 Reference value :  1.24652e-06
 Reference value :  1.25202e-06
 Reference value :  1.25752e-06
 Reference value :  1.26302e-06
 Reference value :  1.26902e-06
 Reference value :  1.27552e-06
 Reference value :  1.28202e-06
 Reference value :  1.28343e-06
 Reference value :  1.28420e-06
 Reference value :  1.28492e-06
 Reference value :  1.28813e-06
 Reference value :  1.29313e-06
 Reference value :  1.29863e-06
 Reference value :  1.30413e-06
 Reference value :  1.31013e-06
 Reference value :  1.31613e-06
 Reference value :  1.32163e-06
 Reference value :  1.32550e-06
 Reference value :  1.32699e-06
 Reference value :  1.33191e-06
 Reference value :  1.33441e-06
 Reference value :  1.33891e-06
 Reference value :  1.34491e-06
 Reference value :  1.35091e-06
 Reference value :  1.35691e-06
 Reference value :  1.36341e-06
 Reference value :  1.36677e-06
 Reference value :  1.36728e-06
 Reference value :  1.36777e-06
 Reference value :  1.36951e-06
 Reference value :  1.37401e-06
 Reference value :  1.38101e-06
 Reference value :  1.38901e-06
 Reference value :  1.39701e-06
 Reference value :  1.40401e-06
 Reference value :  1.40851e-06
 Reference value :  1.41150e-06
 Reference value :  1.41850e-06
 Reference value :  1.42650e-06
 Reference value :  1.43300e-06
 Reference value :  1.43850e-06
 Reference value :  1.44400e-06
 Reference value :  1.44950e-06
 Reference value :  1.45012e-06
 Reference value :  1.45223e-06
 Reference value :  1.45773e-06
 Reference value :  1.46423e-06
 Reference value :  1.47023e-06
 Reference value :  1.47623e-06
 Reference value :  1.48223e-06
 Reference value :  1.48823e-06
 Reference value :  1.49217e-06
 Reference value :  1.49426e-06
 Reference value :  1.50026e-06
 Reference value :  1.50576e-06
 Reference value :  1.51126e-06
 Reference value :  1.51676e-06
 Reference value :  1.52226e-06
 Reference value :  1.52776e-06
 Reference value :  1.53288e-06
 Reference value :  1.53345e-06
 Reference value :  1.53418e-06
 Reference value :  1.53818e-06
 Reference value :  1.54418e-06
 Reference value :  1.54968e-06
 Reference value :  1.55568e-06
 Reference value :  1.56168e-06
 Reference value :  1.56768e-06
 Reference value :  1.57318e-06
 Reference value :  1.57555e-06
 Reference value :  1.57800e-06
 Reference value :  1.58300e-06
 Reference value :  1.58850e-06
 Reference value :  1.59400e-06
 Reference value :  1.59800e-06
 Reference value :  1.60250e-06
 Reference value :  1.60800e-06
 Reference value :  1.61400e-06
 Reference value :  1.61677e-06
 Reference value :  1.61753e-06
 Reference value :  1.61786e-06
 Reference value :  1.61902e-06
 Reference value :  1.62302e-06
 Reference value :  1.62802e-06
 Reference value :  1.63352e-06
 Reference value :  1.63952e-06
 Reference value :  1.64552e-06
 Reference value :  1.65152e-06
 Reference value :  1.65743e-06
 Reference value :  1.65898e-06
 Reference value :  1.66189e-06
 Reference value :  1.66739e-06
 Reference value :  1.67289e-06
 Reference value :  1.67839e-06
 Reference value :  1.68489e-06
 Reference value :  1.69039e-06
 Reference value :  1.69639e-06
 Reference value :  1.70008e-06
 Reference value :  1.70068e-06
 Reference value :  1.70263e-06
 Reference value :  1.70813e-06
 Reference value :  1.71413e-06
 Reference value :  1.72013e-06
 Reference value :  1.72563e-06
 Reference value :  1.73163e-06
 Reference value :  1.73813e-06
 Reference value :  1.74184e-06
 Reference value :  1.74376e-06
 Reference value :  1.74921e-06
 Reference value :  1.75521e-06
 Reference value :  1.76071e-06
 Reference value :  1.76771e-06
 Reference value :  1.77421e-06
 Reference value :  1.77871e-06
 Reference value :  1.78283e-06
 Reference value :  1.78363e-06
 Reference value :  1.78413e-06
 Reference value :  1.78472e-06
 Reference value :  1.78725e-06
 Reference value :  1.79275e-06
 Reference value :  1.79825e-06
 Reference value :  1.80475e-06
 Reference value :  1.81075e-06
 Reference value :  1.81625e-06
 Reference value :  1.82275e-06
 Reference value :  1.82550e-06
 Reference value :  1.82755e-06
 Reference value :  1.83305e-06
 Reference value :  1.83905e-06
 Reference value :  1.84455e-06
 Reference value :  1.85055e-06
 Reference value :  1.85705e-06
 Reference value :  1.86405e-06
 Reference value :  1.86675e-06
 Reference value :  1.86725e-06
 Reference value :  1.86765e-06
 Reference value :  1.87237e-06
 Reference value :  1.87887e-06
 Reference value :  1.88487e-06
 Reference value :  1.89087e-06
 Reference value :  1.89637e-06
 Reference value :  1.90237e-06
 Reference value :  1.90783e-06
 Reference value :  1.90898e-06
 Reference value :  1.91188e-06
 Reference value :  1.91738e-06
 Reference value :  1.92338e-06
 Reference value :  1.92988e-06
 Reference value :  1.93538e-06
 Reference value :  1.94088e-06
 Reference value :  1.94688e-06
 Reference value :  1.95004e-06
 Reference value :  1.95051e-06
 Reference value :  1.95079e-06
 Reference value :  1.95126e-06
 Reference value :  1.95348e-06
 Reference value :  1.95798e-06
 Reference value :  1.96448e-06
 Reference value :  1.97248e-06
 Reference value :  1.98048e-06
 Reference value :  1.98798e-06
 Reference value :  1.99222e-06
 Reference value :  1.99571e-06
 Reference value :  2.00321e-06
 Reference value :  2.01071e-06
 Reference value :  2.01821e-06
 Reference value :  2.02621e-06
 Reference value :  2.03121e-06
 Reference value :  2.03344e-06
 Reference value :  2.03424e-06
 Reference value :  2.03803e-06
 Reference value :  2.04603e-06
 Reference value :  2.05353e-06
 Reference value :  2.05953e-06
 Reference value :  2.06553e-06
 Reference value :  2.07103e-06
 Reference value :  2.07517e-06
 Reference value :  2.07659e-06
 Reference value :  2.08105e-06
 Reference value :  2.08705e-06
 Reference value :  2.09305e-06
 Reference value :  2.09855e-06
 Reference value :  2.10405e-06
 Reference value :  2.11005e-06
 Reference value :  2.11617e-06
 Reference value :  2.11717e-06
 Reference value :  2.11769e-06
 Reference value :  2.11888e-06
 Reference value :  2.12488e-06
 Reference value :  2.13088e-06
 Reference value :  2.13688e-06
 Reference value :  2.14288e-06
 Reference value :  2.14888e-06
 Reference value :  2.15438e-06
 Reference value :  2.15851e-06
 Reference value :  2.15986e-06
 Reference value :  2.16095e-06
 Reference value :  2.16474e-06
 Reference value :  2.17074e-06
 Reference value :  2.17624e-06
 Reference value :  2.18174e-06
 Reference value :  2.18724e-06
 Reference value :  2.19274e-06
 Reference value :  2.19912e-06
 Reference value :  2.20008e-06
 Reference value :  2.20067e-06
 Reference value :  2.20110e-06
 Reference value :  2.20335e-06
 Reference value :  2.20935e-06
 Reference value :  2.21535e-06
 Reference value :  2.22085e-06
 Reference value :  2.22685e-06
 Reference value :  2.23285e-06
 Reference value :  2.23835e-06
 Reference value :  2.24184e-06
 Reference value :  2.24325e-06
 Reference value :  2.24383e-06
 Reference value :  2.24671e-06
 Reference value :  2.25271e-06
 Reference value :  2.25871e-06
 Reference value :  2.26421e-06
 Reference value :  2.26971e-06
 Reference value :  2.27571e-06
 Reference value :  2.28121e-06
 Reference value :  2.28343e-06
 Reference value :  2.28420e-06
 Reference value :  2.28449e-06
 Reference value :  2.28520e-06
 Reference value :  2.28976e-06
 Reference value :  2.29526e-06
 Reference value :  2.30126e-06
 Reference value :  2.30676e-06
 Reference value :  2.31276e-06
 Reference value :  2.31876e-06
 Reference value :  2.32413e-06
 Reference value :  2.32585e-06
 Reference value :  2.32799e-06
 Reference value :  2.33349e-06
 Reference value :  2.33749e-06
 Reference value :  2.34249e-06
 Reference value :  2.34799e-06
 Reference value :  2.35399e-06
 Reference value :  2.35999e-06
 Reference value :  2.36549e-06
 Reference value :  2.36677e-06
 Reference value :  2.36771e-06
 Reference value :  2.36946e-06
 Reference value :  2.37596e-06
 Reference value :  2.38296e-06
 Reference value :  2.38846e-06
 Reference value :  2.39446e-06
 Reference value :  2.39996e-06
 Reference value :  2.40596e-06
 Reference value :  2.40883e-06
 Reference value :  2.41037e-06
 Reference value :  2.41533e-06
 Reference value :  2.41983e-06
 Reference value :  2.42383e-06
 Reference value :  2.42933e-06
 Reference value :  2.43533e-06
 Reference value :  2.44083e-06
 Reference value :  2.44683e-06
 Reference value :  2.45010e-06
 Reference value :  2.45074e-06
 Reference value :  2.45111e-06
 Reference value :  2.45236e-06
 Reference value :  2.45686e-06
 Reference value :  2.46236e-06
 Reference value :  2.46786e-06
 Reference value :  2.47336e-06
 Reference value :  2.47936e-06
 Reference value :  2.48536e-06
 Reference value :  2.49117e-06
 Reference value :  2.49252e-06
 Reference value :  2.49515e-06
 Reference value :  2.50115e-06
 Reference value :  2.50465e-06
 Reference value :  2.51015e-06
 Reference value :  2.51565e-06
 Reference value :  2.52165e-06
 Reference value :  2.52765e-06
 Reference value :  2.53318e-06
 Reference value :  2.53363e-06
 Reference value :  2.53450e-06
 Reference value :  2.53814e-06
 Reference value :  2.54364e-06
 Reference value :  2.55014e-06
 Reference value :  2.55564e-06
 Reference value :  2.56114e-06
 Reference value :  2.56714e-06
 Reference value :  2.57314e-06
 Reference value :  2.57550e-06
 Reference value :  2.57704e-06
 Reference value :  2.58150e-06
 Reference value :  2.58650e-06
 Reference value :  2.59000e-06
 Reference value :  2.59600e-06
 Reference value :  2.60150e-06
 Reference value :  2.60700e-06
 Reference value :  2.61250e-06
 Reference value :  2.61677e-06
 Reference value :  2.61771e-06
 Reference value :  2.61947e-06
 Reference value :  2.62547e-06
 Reference value :  2.63147e-06
 Reference value :  2.63747e-06
 Reference value :  2.64297e-06
 Reference value :  2.64847e-06
 Reference value :  2.65397e-06
 Reference value :  2.65818e-06
 Reference value :  2.65952e-06
 Reference value :  2.66233e-06
 Reference value :  2.66733e-06
 Reference value :  2.67133e-06
 Reference value :  2.67633e-06
 Reference value :  2.68283e-06
 Reference value :  2.68833e-06
 Reference value :  2.69483e-06
 Reference value :  2.69955e-06
 Reference value :  2.70029e-06
 Reference value :  2.70092e-06
 Reference value :  2.70214e-06
 Reference value :  2.70864e-06
 Reference value :  2.71414e-06
 Reference value :  2.72064e-06
 Reference value :  2.72614e-06
 Reference value :  2.73264e-06
 Reference value :  2.73814e-06
 Reference value :  2.74184e-06
 Reference value :  2.74326e-06
 Reference value :  2.74617e-06
 Reference value :  2.75167e-06
 Reference value :  2.75467e-06
 Reference value :  2.76017e-06
 Reference value :  2.76617e-06
 Reference value :  2.77167e-06
 Reference value :  2.77767e-06
 Reference value :  2.78283e-06
 Reference value :  2.78363e-06
 Reference value :  2.78412e-06
 Reference value :  2.78592e-06
 Reference value :  2.79192e-06
 Reference value :  2.79842e-06
 Reference value :  2.80392e-06
 Reference value :  2.81042e-06
 Reference value :  2.81592e-06
 Reference value :  2.82242e-06
 Reference value :  2.82550e-06
 Reference value :  2.82750e-06
 Reference value :  2.83350e-06
 Reference value :  2.83700e-06
 Reference value :  2.84250e-06
 Reference value :  2.84800e-06
 Reference value :  2.85300e-06
 Reference value :  2.85950e-06
 Reference value :  2.86550e-06
 Reference value :  2.86675e-06
 Reference value :  2.86725e-06
 Reference value :  2.86769e-06
 Reference value :  2.86982e-06
 Reference value :  2.87632e-06
 Reference value :  2.88382e-06
 Reference value :  2.89182e-06
 Reference value :  2.89882e-06
 Reference value :  2.90482e-06
 Reference value :  2.90883e-06
 Reference value :  2.91083e-06
 Reference value :  2.91633e-06
 Reference value :  2.91983e-06
 Reference value :  2.92433e-06
 Reference value :  2.92983e-06
 Reference value :  2.93533e-06
 Reference value :  2.94133e-06
 Reference value :  2.94783e-06
 Reference value :  2.95025e-06
 Reference value :  2.95057e-06
 Reference value :  2.95100e-06
 Reference value :  2.95243e-06
 Reference value :  2.95843e-06
 Reference value :  2.96393e-06
 Reference value :  2.96993e-06
 Reference value :  2.97543e-06
 Reference value :  2.98143e-06
 Reference value :  2.98693e-06
 Reference value :  2.99132e-06
 Reference value :  2.99286e-06
 Reference value :  2.99567e-06
 Reference value :  3.00217e-06
 Reference value :  3.00617e-06
 Reference value :  3.01167e-06
 Reference value :  3.01867e-06
 Reference value :  3.02417e-06
 Reference value :  3.02967e-06
 Reference value :  3.03342e-06
 Reference value :  3.03415e-06
 Reference value :  3.03455e-06
 Reference value :  3.03842e-06
 Reference value :  3.04392e-06
 Reference value :  3.04942e-06
 Reference value :  3.05542e-06
 Reference value :  3.06142e-06
 Reference value :  3.06692e-06
 Reference value :  3.07242e-06
 Reference value :  3.07550e-06
 Reference value :  3.07704e-06
 Reference value :  3.08150e-06
 Reference value :  3.08650e-06
 Reference value :  3.09150e-06
 Reference value :  3.09700e-06
 Reference value :  3.10250e-06
 Reference value :  3.10800e-06
 Reference value :  3.11400e-06
 Reference value :  3.11677e-06
 Reference value :  3.11730e-06
 Reference value :  3.11773e-06
 Reference value :  3.12092e-06
 Reference value :  3.12692e-06
 Reference value :  3.13292e-06
 Reference value :  3.13842e-06
 Reference value :  3.14442e-06
 Reference value :  3.14992e-06
 Reference value :  3.15592e-06
 Reference value :  3.15883e-06
 Reference value :  3.16030e-06
 Reference value :  3.16108e-06
 Reference value :  3.16267e-06
 Reference value :  3.16852e-06
 Reference value :  3.17452e-06
 Reference value :  3.18052e-06
 Reference value :  3.18602e-06
 Reference value :  3.19202e-06
 Reference value :  3.19802e-06
 Reference value :  3.20008e-06
 Reference value :  3.20059e-06
 Reference value :  3.20110e-06
 Reference value :  3.20336e-06
 Reference value :  3.20886e-06
 Reference value :  3.21436e-06
 Reference value :  3.21986e-06
 Reference value :  3.22586e-06
 Reference value :  3.23136e-06
 Reference value :  3.23736e-06
 Reference value :  3.24152e-06
 Reference value :  3.24286e-06
 Reference value :  3.24484e-06
 Reference value :  3.24534e-06
 Reference value :  3.24777e-06
 Reference value :  3.25327e-06
 Reference value :  3.25927e-06
 Reference value :  3.26527e-06
 Reference value :  3.27327e-06
 Reference value :  3.28177e-06
 Reference value :  3.28363e-06
 Reference value :  3.28437e-06
 Reference value :  3.28481e-06
 Reference value :  3.28670e-06
 Reference value :  3.29120e-06
 Reference value :  3.29670e-06
 Reference value :  3.30270e-06
 Reference value :  3.30870e-06
 Reference value :  3.31420e-06
 Reference value :  3.32020e-06
 Reference value :  3.32485e-06
 Reference value :  3.32618e-06
 Reference value :  3.32769e-06
 Reference value :  3.33207e-06
 Reference value :  3.33857e-06
 Reference value :  3.34507e-06
 Reference value :  3.35157e-06
 Reference value :  3.35757e-06
 Reference value :  3.36407e-06
 Reference value :  3.36677e-06
 Reference value :  3.36768e-06
 Reference value :  3.37031e-06
 Reference value :  3.37631e-06
 Reference value :  3.38181e-06
 Reference value :  3.38731e-06
 Reference value :  3.39281e-06
 Reference value :  3.39831e-06
 Reference value :  3.40431e-06
 Reference value :  3.40851e-06
 Reference value :  3.40992e-06
 Reference value :  3.41102e-06
 Reference value :  3.41590e-06
 Reference value :  3.42140e-06
 Reference value :  3.42690e-06
 Reference value :  3.43240e-06
 Reference value :  3.43790e-06
 Reference value :  3.44390e-06
 Reference value :  3.44920e-06
 Reference value :  3.45010e-06
 Reference value :  3.45101e-06
 Reference value :  3.45307e-06
 Reference value :  3.45907e-06
 Reference value :  3.46557e-06
 Reference value :  3.47107e-06
 Reference value :  3.47657e-06
 Reference value :  3.48207e-06
 Reference value :  3.48757e-06
 Reference value :  3.49152e-06
 Reference value :  3.49285e-06
 Reference value :  3.49436e-06
 Reference value :  3.49873e-06
 Reference value :  3.50473e-06
 Reference value :  3.51073e-06
 Reference value :  3.51723e-06
 Reference value :  3.52323e-06
 Reference value :  3.52873e-06
 Reference value :  3.53298e-06
 Reference value :  3.53363e-06
 Reference value :  3.53435e-06
 Reference value :  3.53694e-06
 Reference value :  3.54294e-06
 Reference value :  3.54894e-06
 Reference value :  3.55444e-06
 Reference value :  3.55994e-06
 Reference value :  3.56644e-06
 Reference value :  3.57244e-06
 Reference value :  3.57550e-06
 Reference value :  3.57696e-06
 Reference value :  3.57737e-06
 Reference value :  3.58028e-06
 Reference value :  3.58578e-06
 Reference value :  3.59128e-06
 Reference value :  3.59678e-06
 Reference value :  3.60228e-06
 Reference value :  3.60778e-06
 Reference value :  3.61328e-06
 Reference value :  3.61677e-06
 Reference value :  3.61751e-06
 Reference value :  3.61931e-06
 Reference value :  3.62481e-06
 Reference value :  3.63081e-06
 Reference value :  3.63731e-06
 Reference value :  3.64331e-06
 Reference value :  3.64981e-06
 Reference value :  3.65681e-06
 Reference value :  3.65898e-06
 Reference value :  3.66105e-06
 Reference value :  3.66580e-06
 Reference value :  3.67130e-06
 Reference value :  3.67680e-06
 Reference value :  3.68280e-06
 Reference value :  3.68880e-06
 Reference value :  3.69430e-06
 Reference value :  3.69950e-06
 Reference value :  3.70029e-06
 Reference value :  3.70093e-06
 Reference value :  3.70147e-06
 Reference value :  3.70667e-06
 Reference value :  3.71267e-06
 Reference value :  3.71917e-06
 Reference value :  3.72467e-06
 Reference value :  3.73217e-06
 Reference value :  3.74017e-06
 Reference value :  3.74286e-06
 Reference value :  3.74443e-06
 Reference value :  3.74856e-06
 Reference value :  3.75406e-06
 Reference value :  3.76006e-06
 Reference value :  3.76606e-06
 Reference value :  3.77206e-06
 Reference value :  3.77906e-06
 Reference value :  3.78342e-06
 Reference value :  3.78412e-06
 Reference value :  3.78540e-06
 Reference value :  3.79090e-06
 Reference value :  3.79590e-06
 Reference value :  3.80140e-06
 Reference value :  3.80690e-06
 Reference value :  3.81240e-06
 Reference value :  3.81840e-06
 Reference value :  3.82390e-06
 Reference value :  3.82555e-06
 Reference value :  3.82737e-06
 Reference value :  3.82774e-06
 Reference value :  3.83313e-06
 Reference value :  3.84063e-06
 Reference value :  3.84813e-06
 Reference value :  3.85663e-06
 Reference value :  3.86463e-06
 Reference value :  3.86675e-06
 Reference value :  3.86725e-06
 Reference value :  3.86779e-06
 Reference value :  3.87325e-06
 Reference value :  3.88075e-06
 Reference value :  3.88775e-06
 Reference value :  3.89325e-06
 Reference value :  3.89875e-06
 Reference value :  3.90425e-06
 Reference value :  3.90798e-06
 Reference value :  3.90953e-06
 Reference value :  3.91107e-06
 Reference value :  3.91392e-06
 Reference value :  3.91992e-06
 Reference value :  3.92792e-06
 Reference value :  3.93492e-06
 Reference value :  3.94092e-06
 Reference value :  3.94642e-06
 Reference value :  3.95011e-06
 Reference value :  3.95051e-06
 Reference value :  3.95091e-06
 Reference value :  3.95125e-06
 Reference value :  3.95686e-06
 Reference value :  3.96236e-06
 Reference value :  3.96836e-06
 Reference value :  3.97486e-06
 Reference value :  3.98036e-06
 Reference value :  3.98586e-06
 Reference value :  3.99122e-06
 Reference value :  3.99252e-06
 Reference value :  3.99441e-06
 Reference value :  3.99549e-06
 Reference value :  4.00034e-06
 Reference value :  4.00584e-06
 Reference value :  4.01234e-06
 Reference value :  4.01784e-06
 Reference value :  4.02334e-06
 Reference value :  4.02884e-06
 Reference value :  4.03318e-06
 Reference value :  4.03383e-06
 Reference value :  4.03438e-06
 Reference value :  4.03633e-06
 Reference value :  4.04183e-06
 Reference value :  4.04733e-06
 Reference value :  4.05283e-06
 Reference value :  4.06033e-06
 Reference value :  4.06583e-06
 Reference value :  4.07233e-06
 Reference value :  4.07550e-06
 Reference value :  4.07698e-06
 Reference value :  4.07776e-06
 Reference value :  4.07985e-06
 Reference value :  4.08585e-06
 Reference value :  4.09185e-06
 Reference value :  4.09835e-06
 Reference value :  4.10485e-06
 Reference value :  4.11185e-06
 Reference value :  4.11677e-06
 Reference value :  4.11731e-06
 Reference value :  4.11779e-06
 Reference value :  4.12265e-06
 Reference value :  4.12965e-06
 Reference value :  4.13665e-06
 Reference value :  4.14265e-06
 Reference value :  4.14865e-06
 Reference value :  4.15465e-06
 Reference value :  4.15851e-06
 Reference value :  4.15991e-06
 Reference value :  4.16024e-06
 Reference value :  4.16287e-06
 Reference value :  4.16887e-06
 Reference value :  4.17437e-06
 Reference value :  4.18037e-06
 Reference value :  4.18787e-06
 Reference value :  4.19537e-06
 Reference value :  4.20008e-06
 Reference value :  4.20067e-06
 Reference value :  4.20119e-06
 Reference value :  4.20427e-06
 Reference value :  4.21027e-06
 Reference value :  4.21627e-06
 Reference value :  4.22277e-06
 Reference value :  4.22877e-06
 Reference value :  4.23527e-06
 Reference value :  4.24117e-06
 Reference value :  4.24285e-06
 Reference value :  4.24358e-06
 Reference value :  4.24622e-06
 Reference value :  4.25122e-06
 Reference value :  4.25722e-06
 Reference value :  4.26322e-06
 Reference value :  4.26922e-06
 Reference value :  4.27572e-06
 Reference value :  4.28253e-06
 Reference value :  4.28343e-06
 Reference value :  4.28403e-06
 Reference value :  4.28468e-06
 Reference value :  4.28938e-06
 Reference value :  4.29538e-06
 Reference value :  4.30088e-06
 Reference value :  4.30688e-06
 Reference value :  4.31288e-06
 Reference value :  4.31838e-06
 Reference value :  4.32419e-06
 Reference value :  4.32565e-06
 Reference value :  4.32799e-06
 Reference value :  4.33449e-06
 Reference value :  4.33799e-06
 Reference value :  4.34249e-06
 Reference value :  4.34899e-06
 Reference value :  4.35449e-06
 Reference value :  4.36049e-06
 Reference value :  4.36583e-06
 Reference value :  4.36677e-06
 Reference value :  4.36749e-06
 Reference value :  4.36783e-06
 Reference value :  4.37015e-06
 Reference value :  4.37565e-06
 Reference value :  4.38215e-06
 Reference value :  4.38865e-06
 Reference value :  4.39415e-06
 Reference value :  4.39965e-06
 Reference value :  4.40515e-06
 Reference value :  4.40851e-06
 Reference value :  4.40993e-06
 Reference value :  4.41283e-06
 Reference value :  4.41883e-06
 Reference value :  4.42283e-06
 Reference value :  4.42833e-06
 Reference value :  4.43383e-06
 Reference value :  4.43933e-06
 Reference value :  4.44483e-06
 Reference value :  4.44955e-06
 Reference value :  4.45030e-06
 Reference value :  4.45100e-06
 Reference value :  4.45304e-06
 Reference value :  4.45854e-06
 Reference value :  4.46404e-06
 Reference value :  4.47004e-06
 Reference value :  4.47554e-06
 Reference value :  4.48154e-06
 Reference value :  4.48754e-06
 Reference value :  4.49152e-06
 Reference value :  4.49285e-06
 Reference value :  4.49566e-06
 Reference value :  4.50116e-06
 Reference value :  4.50416e-06
 Reference value :  4.50866e-06
 Reference value :  4.51566e-06
 Reference value :  4.52266e-06
 Reference value :  4.52966e-06
 Reference value :  4.53343e-06
 Reference value :  4.53417e-06
 Reference value :  4.53451e-06
 Reference value :  4.53732e-06
 Reference value :  4.54232e-06
 Reference value :  4.54782e-06
 Reference value :  4.55332e-06
 Reference value :  4.55882e-06
 Reference value :  4.56532e-06
 Reference value :  4.57132e-06
 Reference value :  4.57517e-06
 Reference value :  4.57704e-06
 Reference value :  4.58200e-06
 Reference value :  4.58650e-06
 Reference value :  4.59000e-06
 Reference value :  4.59600e-06
 Reference value :  4.60200e-06
 Reference value :  4.60750e-06
 Reference value :  4.61350e-06
 Reference value :  4.61677e-06
 Reference value :  4.61736e-06
 Reference value :  4.61784e-06
 Reference value :  4.62067e-06
 Reference value :  4.62617e-06
 Reference value :  4.63167e-06
 Reference value :  4.63767e-06
 Reference value :  4.64317e-06
 Reference value :  4.64867e-06
 Reference value :  4.65417e-06
 Reference value :  4.65818e-06
 Reference value :  4.65952e-06
 Reference value :  4.66283e-06
 Reference value :  4.66883e-06
 Reference value :  4.67083e-06
 Reference value :  4.67533e-06
 Reference value :  4.68083e-06
 Reference value :  4.68633e-06
 Reference value :  4.69283e-06
 Reference value :  4.69917e-06
 Reference value :  4.70008e-06
 Reference value :  4.70059e-06
 Reference value :  4.70113e-06
 Reference value :  4.70199e-06
 Reference value :  4.70672e-06
 Reference value :  4.71322e-06
 Reference value :  4.71872e-06
 Reference value :  4.72472e-06
 Reference value :  4.73072e-06
 Reference value :  4.73622e-06
 Reference value :  4.74132e-06
 Reference value :  4.74371e-06
 Reference value :  4.74817e-06
 Reference value :  4.75267e-06
 Reference value :  4.75617e-06
 Reference value :  4.76117e-06
 Reference value :  4.76667e-06
 Reference value :  4.77317e-06
 Reference value :  4.78017e-06
 Reference value :  4.78342e-06
 Reference value :  4.78395e-06
 Reference value :  4.78445e-06
 Reference value :  4.78528e-06
 Reference value :  4.79005e-06
 Reference value :  4.79505e-06
 Reference value :  4.80155e-06
 Reference value :  4.80705e-06
 Reference value :  4.81255e-06
 Reference value :  4.81855e-06
 Reference value :  4.82403e-06
 Reference value :  4.82565e-06
 Reference value :  4.82750e-06
 Reference value :  4.83300e-06
 Reference value :  4.83650e-06
 Reference value :  4.84000e-06
 Reference value :  4.84500e-06
 Reference value :  4.85050e-06
 Reference value :  4.85700e-06
 Reference value :  4.86250e-06
 Reference value :  4.86652e-06
 Reference value :  4.86696e-06
 Reference value :  4.86724e-06
 Reference value :  4.86766e-06
 Reference value :  4.86798e-06
 Reference value :  4.87061e-06
 Reference value :  4.87511e-06
 Reference value :  4.87961e-06
 Reference value :  4.88511e-06
 Reference value :  4.89061e-06
 Reference value :  4.89711e-06
 Reference value :  4.90261e-06
 Reference value :  4.90783e-06
 Reference value :  4.90898e-06
 Reference value :  4.91133e-06
 Reference value :  4.91633e-06
 Reference value :  4.92033e-06
 Reference value :  4.92333e-06
 Reference value :  4.92883e-06
 Reference value :  4.93533e-06
 Reference value :  4.94083e-06
 Reference value :  4.94633e-06
 Reference value :  4.95004e-06
 Reference value :  4.95052e-06
 Reference value :  4.95100e-06
 Reference value :  4.95140e-06
 Reference value :  4.95459e-06
 Reference value :  4.95959e-06
 Reference value :  4.96559e-06
 Reference value :  4.97159e-06
 Reference value :  4.97759e-06
 Reference value :  4.98309e-06
 Reference value :  4.98909e-06
 Reference value :  4.99217e-06
 Reference value :  4.99371e-06
 Reference value :  4.99867e-06
 Reference value :  5.00317e-06
 Reference value :  5.00817e-06
 Reference value :  5.01417e-06
 Reference value :  5.01967e-06
 Reference value :  5.02567e-06
 Reference value :  5.03117e-06
 Reference value :  5.03343e-06
 Reference value :  5.03404e-06
 Reference value :  5.03442e-06
 Reference value :  5.03763e-06
 Reference value :  5.04313e-06
 Reference value :  5.04913e-06
 Reference value :  5.05563e-06
 Reference value :  5.06163e-06
 Reference value :  5.06713e-06
 Reference value :  5.07363e-06
 Reference value :  5.07555e-06
 Reference value :  5.07704e-06
 Reference value :  5.08300e-06
 Reference value :  5.08700e-06
 Reference value :  5.09250e-06
 Reference value :  5.09800e-06
 Reference value :  5.10350e-06
 Reference value :  5.11100e-06
 Reference value :  5.11622e-06
 Reference value :  5.11717e-06
 Reference value :  5.11786e-06
 Reference value :  5.12020e-06
 Reference value :  5.12620e-06
 Reference value :  5.13170e-06
 Reference value :  5.13820e-06
 Reference value :  5.14470e-06
 Reference value :  5.15020e-06
 Reference value :  5.15570e-06
 Reference value :  5.15883e-06
 Reference value :  5.15985e-06
 Reference value :  5.16175e-06
 Reference value :  5.16775e-06
 Reference value :  5.17375e-06
 Reference value :  5.17925e-06
 Reference value :  5.18475e-06
 Reference value :  5.19075e-06
 Reference value :  5.19675e-06
 Reference value :  5.20008e-06
 Reference value :  5.20059e-06
 Reference value :  5.20113e-06
 Reference value :  5.20317e-06
 Reference value :  5.20867e-06
 Reference value :  5.21417e-06
 Reference value :  5.22017e-06
 Reference value :  5.22567e-06
 Reference value :  5.23167e-06
 Reference value :  5.23717e-06
 Reference value :  5.24152e-06
 Reference value :  5.24285e-06
 Reference value :  5.24374e-06
 Reference value :  5.24802e-06
 Reference value :  5.25352e-06
 Reference value :  5.26002e-06
 Reference value :  5.26552e-06
 Reference value :  5.27102e-06
 Reference value :  5.27702e-06
 Reference value :  5.28318e-06
 Reference value :  5.28363e-06
 Reference value :  5.28440e-06
 Reference value :  5.28655e-06
 Reference value :  5.29255e-06
 Reference value :  5.29805e-06
 Reference value :  5.30355e-06
 Reference value :  5.30955e-06
 Reference value :  5.31555e-06
 Reference value :  5.32205e-06
 Reference value :  5.32550e-06
 Reference value :  5.32699e-06
 Reference value :  5.33191e-06
 Reference value :  5.33591e-06
 Reference value :  5.34191e-06
 Reference value :  5.34741e-06
 Reference value :  5.35341e-06
 Reference value :  5.35891e-06
 Reference value :  5.36491e-06
 Reference value :  5.36677e-06
 Reference value :  5.36741e-06
 Reference value :  5.36786e-06
 Reference value :  5.37213e-06
 Reference value :  5.37763e-06
 Reference value :  5.38363e-06
 Reference value :  5.38913e-06
 Reference value :  5.39463e-06
 Reference value :  5.40163e-06
 Reference value :  5.40818e-06
 Reference value :  5.41100e-06
 Reference value :  5.41750e-06
 Reference value :  5.42300e-06
 Reference value :  5.42850e-06
 Reference value :  5.43400e-06
 Reference value :  5.43950e-06
 Reference value :  5.44500e-06
 Reference value :  5.44965e-06
 Reference value :  5.45012e-06
 Reference value :  5.45110e-06
 Reference value :  5.45623e-06
 Reference value :  5.46173e-06
 Reference value :  5.46723e-06
 Reference value :  5.47323e-06
 Reference value :  5.47873e-06
 Reference value :  5.48423e-06
 Reference value :  5.48973e-06
 Reference value :  5.49222e-06
 Reference value :  5.49584e-06
 Reference value :  5.50134e-06
 Reference value :  5.50734e-06
 Reference value :  5.51234e-06
 Reference value :  5.51784e-06
 Reference value :  5.52334e-06
 Reference value :  5.52884e-06
 Reference value :  5.53346e-06
 Reference value :  5.53444e-06
 Reference value :  5.53956e-06
 Reference value :  5.54706e-06
 Reference value :  5.55506e-06
 Reference value :  5.56206e-06
 Reference value :  5.56756e-06
 Reference value :  5.57306e-06
 Reference value :  5.57555e-06
 Reference value :  5.57967e-06
 Reference value :  5.58517e-06
 Reference value :  5.59067e-06
 Reference value :  5.59617e-06
 Reference value :  5.60217e-06
 Reference value :  5.60767e-06
 Reference value :  5.61417e-06
 Reference value :  5.61679e-06
 Reference value :  5.61840e-06
 Reference value :  5.62582e-06
 Reference value :  5.63382e-06
 Reference value :  5.64132e-06
 Reference value :  5.64882e-06
 Reference value :  5.65582e-06
 Reference value :  5.65883e-06
 Reference value :  5.66200e-06
 Reference value :  5.66750e-06
 Reference value :  5.67300e-06
 Reference value :  5.67850e-06
 Reference value :  5.68550e-06
 Reference value :  5.69100e-06
 Reference value :  5.69650e-06
 Reference value :  5.70012e-06
 Reference value :  5.70108e-06
 Reference value :  5.70569e-06
 Reference value :  5.71119e-06
 Reference value :  5.71669e-06
 Reference value :  5.72219e-06
 Reference value :  5.72769e-06
 Reference value :  5.73319e-06
 Reference value :  5.73869e-06
 Reference value :  5.74217e-06
 Reference value :  5.74534e-06
 Reference value :  5.75084e-06
 Reference value :  5.75684e-06
 Reference value :  5.76234e-06
 Reference value :  5.76784e-06
 Reference value :  5.77334e-06
 Reference value :  5.77884e-06
 Reference value :  5.78318e-06
 Reference value :  5.78383e-06
 Reference value :  5.78505e-06
 Reference value :  5.79052e-06
 Reference value :  5.79702e-06
 Reference value :  5.80252e-06
 Reference value :  5.80802e-06
 Reference value :  5.81402e-06
 Reference value :  5.82102e-06
 Reference value :  5.82517e-06
 Reference value :  5.82767e-06
 Reference value :  5.83317e-06
 Reference value :  5.83917e-06
 Reference value :  5.84467e-06
 Reference value :  5.85017e-06
 Reference value :  5.85617e-06
 Reference value :  5.86167e-06
 Reference value :  5.86632e-06
 Reference value :  5.86696e-06
 Reference value :  5.86734e-06
 Reference value :  5.87082e-06
 Reference value :  5.87682e-06
 Reference value :  5.88282e-06
 Reference value :  5.89032e-06
 Reference value :  5.89682e-06
 Reference value :  5.90332e-06
 Reference value :  5.90798e-06
 Reference value :  5.90918e-06
 Reference value :  5.91450e-06
 Reference value :  5.92050e-06
 Reference value :  5.92600e-06
 Reference value :  5.93150e-06
 Reference value :  5.93700e-06
 Reference value :  5.94250e-06
 Reference value :  5.94800e-06
 Reference value :  5.95008e-06
 Reference value :  5.95070e-06
 Reference value :  5.95558e-06
 Reference value :  5.96158e-06
 Reference value :  5.96708e-06
 Reference value :  5.97308e-06
 Reference value :  5.97858e-06
 Reference value :  5.98408e-06
 Reference value :  5.98958e-06
 Reference value :  5.99232e-06
 Reference value :  5.99684e-06
 Reference value :  6.00284e-06
 Reference value :  6.00834e-06
 Reference value :  6.01384e-06
 Reference value :  6.02134e-06
 Reference value :  6.02684e-06
 Reference value :  6.03184e-06
 Reference value :  6.03346e-06
 Reference value :  6.03415e-06
 Reference value :  6.03786e-06
 Reference value :  6.04436e-06
 Reference value :  6.05036e-06
 Reference value :  6.05586e-06
 Reference value :  6.06086e-06
 Reference value :  6.06636e-06
 Reference value :  6.07186e-06
 Reference value :  6.07517e-06
 Reference value :  6.07717e-06
 Reference value :  6.08417e-06
 Reference value :  6.09017e-06
 Reference value :  6.09517e-06
 Reference value :  6.10017e-06
 Reference value :  6.10567e-06
 Reference value :  6.11117e-06
 Reference value :  6.11622e-06
 Reference value :  6.11717e-06
 Reference value :  6.11784e-06
 Reference value :  6.12102e-06
 Reference value :  6.12702e-06
 Reference value :  6.13302e-06
 Reference value :  6.13902e-06
 Reference value :  6.14502e-06
 Reference value :  6.15102e-06
 Reference value :  6.15702e-06
 Reference value :  6.15888e-06
 Reference value :  6.15988e-06
 Reference value :  6.16111e-06
 Reference value :  6.16648e-06
 Reference value :  6.17198e-06
 Reference value :  6.17848e-06
 Reference value :  6.18398e-06
 Reference value :  6.18948e-06
 Reference value :  6.19498e-06
 Reference value :  6.19955e-06
 Reference value :  6.20029e-06
 Reference value :  6.20068e-06
 Reference value :  6.20161e-06
 Reference value :  6.20669e-06
 Reference value :  6.21169e-06
 Reference value :  6.21719e-06
 Reference value :  6.22269e-06
 Reference value :  6.22819e-06
 Reference value :  6.23369e-06
 Reference value :  6.23969e-06
 Reference value :  6.24252e-06
 Reference value :  6.24374e-06
 Reference value :  6.24802e-06
 Reference value :  6.25352e-06
 Reference value :  6.25902e-06
 Reference value :  6.26502e-06
 Reference value :  6.27052e-06
 Reference value :  6.27602e-06
 Reference value :  6.28202e-06
No. of Data Rows : 14083

  Measurements for Transient Analysis

d9_c1               =  3.34759e-07
d8_c1               =  1.40800e-07
d7_c1               =  1.80000e+00
d6_c1               =  1.80000e+00
d5_c1               =  5.94564e-08
d4_c1               =  1.80000e+00
d3_c1               =  2.33672e-07
d2_c1               =  1.80000e+00
d1_c1               =  1.80000e+00
d0_c1               =  6.35374e-08
d9_c2               =  -4.55572e-07
d8_c2               =  1.80000e+00
d7_c2               =  1.39471e-07
d6_c2               =  1.80000e+00
d5_c2               =  1.80000e+00
d4_c2               =  1.80000e+00
d3_c2               =  1.80000e+00
d2_c2               =  1.80000e+00
d1_c2               =  1.80000e+00
d0_c2               =  1.80000e+00
d9_c3               =  -4.15867e-07
d8_c3               =  1.80000e+00
d7_c3               =  1.80000e+00
d6_c3               =  1.80000e+00
d5_c3               =  1.80000e+00
d4_c3               =  1.80000e+00
d3_c3               =  1.80000e+00
d2_c3               =  1.80000e+00
d1_c3               =  1.80000e+00
d0_c3               =  1.80000e+00
d9_c4               =  1.80001e+00
d8_c4               =  4.94264e-09
d7_c4               =  1.80000e+00
d6_c4               =  4.95052e-09
d5_c4               =  4.95065e-09
d4_c4               =  4.94397e-09
d3_c4               =  4.94352e-09
d2_c4               =  4.94315e-09
d1_c4               =  4.84061e-09
d0_c4               =  1.80000e+00
d9_c5               =  1.80001e+00
d8_c5               =  1.80000e+00
d7_c5               =  1.80000e+00
d6_c5               =  1.80000e+00
d5_c5               =  1.80000e+00
d4_c5               =  1.80000e+00
d3_c5               =  1.80000e+00
d2_c5               =  1.80000e+00
d1_c5               =  1.80000e+00
d0_c5               =  1.80000e+00
busy_c1_p0          =  1.80000e+00
smpl_c1_p0          =  -9.72293e-05
busy_c1_p1          =  1.80000e+00
smpl_c1_p1          =  4.90788e-06
busy_c1_p2          =  1.80000e+00
smpl_c1_p2          =  1.05816e-05
busy_c1_p3          =  1.80000e+00
smpl_c1_p3          =  5.11807e-06
busy_c1_p4          =  1.80000e+00
smpl_c1_p4          =  5.07196e-06
busy_c1_p5          =  1.80000e+00
smpl_c1_p5          =  5.11385e-06
busy_c1_p6          =  1.80000e+00
smpl_c1_p6          =  5.11869e-06
busy_c1_p7          =  1.80000e+00
smpl_c1_p7          =  5.13044e-06
busy_c1_p8          =  1.80000e+00
smpl_c1_p8          =  5.11270e-06
busy_c1_p9          =  1.80000e+00
smpl_c1_p9          =  5.10490e-06
busy_c1_p10         =  1.80000e+00
smpl_c1_p10         =  5.13366e-06
busy_c1_p11         =  -1.58459e-06
smpl_c1_p11         =  1.80004e+00
busy_c2_p0          =  1.80000e+00
smpl_c2_p0          =  -9.72919e-05
busy_c2_p1          =  1.80000e+00
smpl_c2_p1          =  5.22753e-06
busy_c2_p2          =  1.80000e+00
smpl_c2_p2          =  5.35349e-06
busy_c2_p3          =  1.80000e+00
smpl_c2_p3          =  5.26109e-06
busy_c2_p4          =  1.80000e+00
smpl_c2_p4          =  5.29990e-06
busy_c2_p5          =  1.80000e+00
smpl_c2_p5          =  5.33032e-06
busy_c2_p6          =  1.80000e+00
smpl_c2_p6          =  5.28113e-06
busy_c2_p7          =  1.80000e+00
smpl_c2_p7          =  5.25805e-06
busy_c2_p8          =  1.80000e+00
smpl_c2_p8          =  5.22496e-06
busy_c2_p9          =  1.80000e+00
smpl_c2_p9          =  5.30568e-06
busy_c2_p10         =  1.80000e+00
smpl_c2_p10         =  5.27090e-06
busy_c2_p11         =  2.40269e-08
smpl_c2_p11         =  1.80004e+00
busy_c3_p0          =  1.80000e+00
smpl_c3_p0          =  -9.72834e-05
busy_c3_p1          =  1.80000e+00
smpl_c3_p1          =  5.31559e-06
busy_c3_p2          =  1.80000e+00
smpl_c3_p2          =  5.15208e-06
busy_c3_p3          =  1.80000e+00
smpl_c3_p3          =  5.21967e-06
busy_c3_p4          =  1.80000e+00
smpl_c3_p4          =  5.25111e-06
busy_c3_p5          =  1.80000e+00
smpl_c3_p5          =  5.28005e-06
busy_c3_p6          =  1.80000e+00
smpl_c3_p6          =  5.41386e-06
busy_c3_p7          =  1.80000e+00
smpl_c3_p7          =  5.31703e-06
busy_c3_p8          =  1.80000e+00
smpl_c3_p8          =  5.29448e-06
busy_c3_p9          =  1.80000e+00
smpl_c3_p9          =  5.40147e-06
busy_c3_p10         =  1.80000e+00
smpl_c3_p10         =  5.33526e-06
busy_c3_p11         =  3.15694e-07
smpl_c3_p11         =  1.80004e+00
busy_c4_p0          =  1.80000e+00
smpl_c4_p0          =  -9.73454e-05
busy_c4_p1          =  1.80000e+00
smpl_c4_p1          =  5.14835e-06
busy_c4_p2          =  1.80000e+00
smpl_c4_p2          =  5.22988e-06
busy_c4_p3          =  1.80000e+00
smpl_c4_p3          =  5.11489e-06
busy_c4_p4          =  1.80000e+00
smpl_c4_p4          =  5.18158e-06
busy_c4_p5          =  1.80000e+00
smpl_c4_p5          =  5.22298e-06
busy_c4_p6          =  1.80000e+00
smpl_c4_p6          =  5.31608e-06
busy_c4_p7          =  1.80000e+00
smpl_c4_p7          =  5.34916e-06
busy_c4_p8          =  1.80000e+00
smpl_c4_p8          =  5.38610e-06
busy_c4_p9          =  1.80000e+00
smpl_c4_p9          =  5.31247e-06
busy_c4_p10         =  1.80000e+00
smpl_c4_p10         =  5.26450e-06
busy_c4_p11         =  1.99647e-06
smpl_c4_p11         =  1.80004e+00
busy_c5_p0          =  1.80000e+00
smpl_c5_p0          =  -9.73278e-05
busy_c5_p1          =  1.80000e+00
smpl_c5_p1          =  5.02401e-06
busy_c5_p2          =  1.80000e+00
smpl_c5_p2          =  1.04654e-05
busy_c5_p3          =  1.80000e+00
smpl_c5_p3          =  1.26642e-05
busy_c5_p4          =  1.80000e+00
smpl_c5_p4          =  1.15182e-05
busy_c5_p5          =  1.80000e+00
smpl_c5_p5          =  9.94785e-06
busy_c5_p6          =  1.80000e+00
smpl_c5_p6          =  8.43624e-06
busy_c5_p7          =  1.80000e+00
smpl_c5_p7          =  7.36633e-06
busy_c5_p8          =  1.80000e+00
smpl_c5_p8          =  6.74186e-06
busy_c5_p9          =  1.80000e+00
smpl_c5_p9          =  6.27538e-06
busy_c5_p10         =  1.80000e+00
smpl_c5_p10         =  6.01981e-06
busy_c5_p11         =  4.44273e-06
smpl_c5_p11         =  1.80004e+00
i_vdd               =  -2.09510e-06 from=  3.20000e-06 to=  4.20008e-06
i_vpwr              =  -6.96158e-06 from=  3.20000e-06 to=  4.20008e-06
i_vrefp             =  -6.46992e-06 from=  3.20000e-06 to=  4.20008e-06
i_vrefn             =  6.45506e-06 from=  3.20000e-06 to=  4.20008e-06
i_vcm               =  1.37441e-08 from=  3.20000e-06 to=  4.20008e-06
gnd_die_max         =  4.43152e-03 at=  3.11751e-06
gnd_die_min         =  -1.49076e-03 at=  4.20053e-06
vgnd_max            =  0.00000e+00 at=  6.28333e-06
vgnd_min            =  0.00000e+00 at=  6.28333e-06
vdd_max             =  1.80000e+00 at=  6.28333e-06
vdd_min             =  1.80000e+00 at=  6.28333e-06
vpwr_max            =  1.80000e+00 at=  6.28333e-06
vpwr_min            =  1.80000e+00 at=  6.28333e-06
vdda_min            =  1.79557e+00 at=  3.11751e-06
vdda_max            =  1.80149e+00 at=  4.20053e-06
i_vgnd              =  9.10050e-06 from=  3.20000e-06 to=  4.20008e-06
i_sub               =  2.17533e-06 from=  3.20000e-06 to=  4.20008e-06


Total analysis time (seconds) = 2259.39

Total elapsed time (seconds) = 2515.040 

Total DRAM available = 98304.000 MB.
DRAM currently available = 1902.625 MB.
Maximum ngspice program size =  819.828 MB.
Current ngspice program size =   31.062 MB.

Note: Starting dynamic gmin stepping
Note: Dynamic gmin stepping completed
