
Note: Compatibility modes selected: hs a


Circuit: * sim/ground-return-impedance (issue #378) arm 'sub-nopad-1k' -- reusing

option SCALE: Scale is set to 1e-06 for instance and model parameters
option SCALE: Scale is set to 1e-06 for instance and model parameters
option SCALE: Scale is set to 1e-06 for instance and model parameters
option SCALE: Scale is set to 1e-06 for instance and model parameters
Doing analysis at TEMP = 27.000000 and TNOM = 27.000000

Using KLU as Direct Linear Solver
 Reference value :  0.00000e+00
 Reference value :  4.14000e-09
 Reference value :  1.16400e-08
 Reference value :  2.00000e-08
 Reference value :  2.22500e-08
 Reference value :  2.87500e-08
 Reference value :  3.42500e-08
 Reference value :  3.97500e-08
 Reference value :  4.47500e-08
 Reference value :  5.02500e-08
 Reference value :  5.67500e-08
 Reference value :  6.52500e-08
 Reference value :  7.27500e-08
 Reference value :  8.02500e-08
 Reference value :  8.72500e-08
 Reference value :  9.37500e-08
 Reference value :  9.92500e-08
 Reference value :  1.04750e-07
 Reference value :  1.10750e-07
 Reference value :  1.16750e-07
 Reference value :  1.23750e-07
 Reference value :  1.30750e-07
 Reference value :  1.36250e-07
 Reference value :  1.41750e-07
 Reference value :  1.47250e-07
 Reference value :  1.52750e-07
 Reference value :  1.58250e-07
 Reference value :  1.63750e-07
 Reference value :  1.69250e-07
 Reference value :  1.75250e-07
 Reference value :  1.80750e-07
 Reference value :  1.86250e-07
 Reference value :  1.91750e-07
 Reference value :  1.97750e-07
 Reference value :  2.00090e-07
 Reference value :  2.00500e-07
 Reference value :  2.00962e-07
 Reference value :  2.04121e-07
 Reference value :  2.11621e-07
 Reference value :  2.18121e-07
 Reference value :  2.24121e-07
 Reference value :  2.30121e-07
 Reference value :  2.36121e-07
 Reference value :  2.41167e-07
 Reference value :  2.42517e-07
 Reference value :  2.44309e-07
 Reference value :  2.49017e-07
 Reference value :  2.55017e-07
 Reference value :  2.61017e-07
 Reference value :  2.67017e-07
 Reference value :  2.72517e-07
 Reference value :  2.78517e-07
 Reference value :  2.83183e-07
 Reference value :  2.83833e-07
 Reference value :  2.84645e-07
 Reference value :  2.87532e-07
 Reference value :  2.95032e-07
 Reference value :  3.03032e-07
 Reference value :  3.11032e-07
 Reference value :  3.19032e-07
 Reference value :  3.25175e-07
 Reference value :  3.27558e-07
 Reference value :  3.35058e-07
 Reference value :  3.42558e-07
 Reference value :  3.50058e-07
 Reference value :  3.56058e-07
 Reference value :  3.61558e-07
 Reference value :  3.66517e-07
 Reference value :  3.66966e-07
 Reference value :  3.68813e-07
 Reference value :  3.74813e-07
 Reference value :  3.80813e-07
 Reference value :  3.87813e-07
 Reference value :  3.94313e-07
 Reference value :  4.00813e-07
 Reference value :  4.07313e-07
 Reference value :  4.08983e-07
 Reference value :  4.11745e-07
 Reference value :  4.13245e-07
 Reference value :  4.17745e-07
 Reference value :  4.23245e-07
 Reference value :  4.29245e-07
 Reference value :  4.35245e-07
 Reference value :  4.40745e-07
 Reference value :  4.46745e-07
 Reference value :  4.50090e-07
 Reference value :  4.50970e-07
 Reference value :  4.51726e-07
 Reference value :  4.55111e-07
 Reference value :  4.60611e-07
 Reference value :  4.66611e-07
 Reference value :  4.73111e-07
 Reference value :  4.79111e-07
 Reference value :  4.85111e-07
 Reference value :  4.90889e-07
 Reference value :  4.92317e-07
 Reference value :  4.95201e-07
 Reference value :  5.00201e-07
 Reference value :  5.06201e-07
 Reference value :  5.10701e-07
 Reference value :  5.14701e-07
 Reference value :  5.20201e-07
 Reference value :  5.25701e-07
 Reference value :  5.31701e-07
 Reference value :  5.33423e-07
 Reference value :  5.34287e-07
 Reference value :  5.35221e-07
 Reference value :  5.39391e-07
 Reference value :  5.45391e-07
 Reference value :  5.51391e-07
 Reference value :  5.57391e-07
 Reference value :  5.63891e-07
 Reference value :  5.69391e-07
 Reference value :  5.74550e-07
 Reference value :  5.75850e-07
 Reference value :  5.79564e-07
 Reference value :  5.85564e-07
 Reference value :  5.91564e-07
 Reference value :  5.97564e-07
 Reference value :  6.03564e-07
 Reference value :  6.09064e-07
 Reference value :  6.15064e-07
 Reference value :  6.16762e-07
 Reference value :  6.17382e-07
 Reference value :  6.19569e-07
 Reference value :  6.25069e-07
 Reference value :  6.30569e-07
 Reference value :  6.37069e-07
 Reference value :  6.43569e-07
 Reference value :  6.49069e-07
 Reference value :  6.54569e-07
 Reference value :  6.58508e-07
 Reference value :  6.59965e-07
 Reference value :  6.65383e-07
 Reference value :  6.71383e-07
 Reference value :  6.77883e-07
 Reference value :  6.83883e-07
 Reference value :  6.89883e-07
 Reference value :  6.95383e-07
 Reference value :  6.99650e-07
 Reference value :  7.00292e-07
 Reference value :  7.01755e-07
 Reference value :  7.08255e-07
 Reference value :  7.13755e-07
 Reference value :  7.19755e-07
 Reference value :  7.25255e-07
 Reference value :  7.31255e-07
 Reference value :  7.37755e-07
 Reference value :  7.41842e-07
 Reference value :  7.43298e-07
 Reference value :  7.47707e-07
 Reference value :  7.53707e-07
 Reference value :  7.59207e-07
 Reference value :  7.64707e-07
 Reference value :  7.70207e-07
 Reference value :  7.72707e-07
 Reference value :  7.78207e-07
 Reference value :  7.82883e-07
 Reference value :  7.83626e-07
 Reference value :  7.84190e-07
 Reference value :  7.84747e-07
 Reference value :  7.87838e-07
 Reference value :  7.93838e-07
 Reference value :  8.00338e-07
 Reference value :  8.06838e-07
 Reference value :  8.13338e-07
 Reference value :  8.19338e-07
 Reference value :  8.24500e-07
 Reference value :  8.25850e-07
 Reference value :  8.30046e-07
 Reference value :  8.35546e-07
 Reference value :  8.41546e-07
 Reference value :  8.47046e-07
 Reference value :  8.53046e-07
 Reference value :  8.58546e-07
 Reference value :  8.62546e-07
 Reference value :  8.65856e-07
 Reference value :  8.66751e-07
 Reference value :  8.67485e-07
 Reference value :  8.68118e-07
 Reference value :  8.70247e-07
 Reference value :  8.75747e-07
 Reference value :  8.81747e-07
 Reference value :  8.87747e-07
 Reference value :  8.94247e-07
 Reference value :  9.00247e-07
 Reference value :  9.05747e-07
 Reference value :  9.08833e-07
 Reference value :  9.10881e-07
 Reference value :  9.16881e-07
 Reference value :  9.22881e-07
 Reference value :  9.28381e-07
 Reference value :  9.34381e-07
 Reference value :  9.40381e-07
 Reference value :  9.45881e-07
 Reference value :  9.49850e-07
 Reference value :  9.49891e-07
 Reference value :  9.50567e-07
 Reference value :  9.50999e-07
 Reference value :  9.53143e-07
 Reference value :  9.58643e-07
 Reference value :  9.64143e-07
 Reference value :  9.70143e-07
 Reference value :  9.76143e-07
 Reference value :  9.81643e-07
 Reference value :  9.87143e-07
 Reference value :  9.91317e-07
 Reference value :  9.93298e-07
 Reference value :  9.98213e-07
 Reference value :  1.00521e-06
 Reference value :  1.01121e-06
 Reference value :  1.01721e-06
 Reference value :  1.02271e-06
 Reference value :  1.02821e-06
 Reference value :  1.03171e-06
 Reference value :  1.03342e-06
 Reference value :  1.03423e-06
 Reference value :  1.03653e-06
 Reference value :  1.04203e-06
 Reference value :  1.04753e-06
 Reference value :  1.05303e-06
 Reference value :  1.05903e-06
 Reference value :  1.06453e-06
 Reference value :  1.07003e-06
 Reference value :  1.07465e-06
 Reference value :  1.07625e-06
 Reference value :  1.08012e-06
 Reference value :  1.08562e-06
 Reference value :  1.09112e-06
 Reference value :  1.09712e-06
 Reference value :  1.10312e-06
 Reference value :  1.10912e-06
 Reference value :  1.11462e-06
 Reference value :  1.11675e-06
 Reference value :  1.11747e-06
 Reference value :  1.11804e-06
 Reference value :  1.12121e-06
 Reference value :  1.12671e-06
 Reference value :  1.13221e-06
 Reference value :  1.13821e-06
 Reference value :  1.14421e-06
 Reference value :  1.15021e-06
 Reference value :  1.15571e-06
 Reference value :  1.15883e-06
 Reference value :  1.16040e-06
 Reference value :  1.16266e-06
 Reference value :  1.16816e-06
 Reference value :  1.17366e-06
 Reference value :  1.17966e-06
 Reference value :  1.18516e-06
 Reference value :  1.19166e-06
 Reference value :  1.19716e-06
 Reference value :  1.20009e-06
 Reference value :  1.20053e-06
 Reference value :  1.20097e-06
 Reference value :  1.20182e-06
 Reference value :  1.20725e-06
 Reference value :  1.21275e-06
 Reference value :  1.21825e-06
 Reference value :  1.22375e-06
 Reference value :  1.22925e-06
 Reference value :  1.23475e-06
 Reference value :  1.24025e-06
 Reference value :  1.24232e-06
 Reference value :  1.24403e-06
 Reference value :  1.24746e-06
 Reference value :  1.25296e-06
 Reference value :  1.25846e-06
 Reference value :  1.26346e-06
 Reference value :  1.26946e-06
 Reference value :  1.27496e-06
 Reference value :  1.28046e-06
 Reference value :  1.28342e-06
 Reference value :  1.28427e-06
 Reference value :  1.28476e-06
 Reference value :  1.28597e-06
 Reference value :  1.29047e-06
 Reference value :  1.29597e-06
 Reference value :  1.30147e-06
 Reference value :  1.30697e-06
 Reference value :  1.31297e-06
 Reference value :  1.31897e-06
 Reference value :  1.32450e-06
 Reference value :  1.32585e-06
 Reference value :  1.32897e-06
 Reference value :  1.33247e-06
 Reference value :  1.33597e-06
 Reference value :  1.34147e-06
 Reference value :  1.34697e-06
 Reference value :  1.35247e-06
 Reference value :  1.35847e-06
 Reference value :  1.36397e-06
 Reference value :  1.36676e-06
 Reference value :  1.36762e-06
 Reference value :  1.36834e-06
 Reference value :  1.37222e-06
 Reference value :  1.37772e-06
 Reference value :  1.38372e-06
 Reference value :  1.38922e-06
 Reference value :  1.39472e-06
 Reference value :  1.40072e-06
 Reference value :  1.40818e-06
 Reference value :  1.41046e-06
 Reference value :  1.41546e-06
 Reference value :  1.42096e-06
 Reference value :  1.42646e-06
 Reference value :  1.43246e-06
 Reference value :  1.43846e-06
 Reference value :  1.44396e-06
 Reference value :  1.44950e-06
 Reference value :  1.45010e-06
 Reference value :  1.45071e-06
 Reference value :  1.45415e-06
 Reference value :  1.46015e-06
 Reference value :  1.46565e-06
 Reference value :  1.47165e-06
 Reference value :  1.47715e-06
 Reference value :  1.48315e-06
 Reference value :  1.48965e-06
 Reference value :  1.49232e-06
 Reference value :  1.49623e-06
 Reference value :  1.50373e-06
 Reference value :  1.51023e-06
 Reference value :  1.51573e-06
 Reference value :  1.52123e-06
 Reference value :  1.52673e-06
 Reference value :  1.53223e-06
 Reference value :  1.53342e-06
 Reference value :  1.53405e-06
 Reference value :  1.53600e-06
 Reference value :  1.54200e-06
 Reference value :  1.54800e-06
 Reference value :  1.55400e-06
 Reference value :  1.55950e-06
 Reference value :  1.56500e-06
 Reference value :  1.57050e-06
 Reference value :  1.57465e-06
 Reference value :  1.57621e-06
 Reference value :  1.57903e-06
 Reference value :  1.58503e-06
 Reference value :  1.58803e-06
 Reference value :  1.59203e-06
 Reference value :  1.59753e-06
 Reference value :  1.60353e-06
 Reference value :  1.60953e-06
 Reference value :  1.61503e-06
 Reference value :  1.61676e-06
 Reference value :  1.61762e-06
 Reference value :  1.61834e-06
 Reference value :  1.62223e-06
 Reference value :  1.62823e-06
 Reference value :  1.63423e-06
 Reference value :  1.64023e-06
 Reference value :  1.64623e-06
 Reference value :  1.65123e-06
 Reference value :  1.65673e-06
 Reference value :  1.65888e-06
 Reference value :  1.66087e-06
 Reference value :  1.66587e-06
 Reference value :  1.67137e-06
 Reference value :  1.67687e-06
 Reference value :  1.68237e-06
 Reference value :  1.68687e-06
 Reference value :  1.68887e-06
 Reference value :  1.69387e-06
 Reference value :  1.69950e-06
 Reference value :  1.70008e-06
 Reference value :  1.70085e-06
 Reference value :  1.70158e-06
 Reference value :  1.70571e-06
 Reference value :  1.71121e-06
 Reference value :  1.71771e-06
 Reference value :  1.72321e-06
 Reference value :  1.72871e-06
 Reference value :  1.73421e-06
 Reference value :  1.73971e-06
 Reference value :  1.74217e-06
 Reference value :  1.74372e-06
 Reference value :  1.74922e-06
 Reference value :  1.75522e-06
 Reference value :  1.76322e-06
 Reference value :  1.77122e-06
 Reference value :  1.77872e-06
 Reference value :  1.78342e-06
 Reference value :  1.78410e-06
 Reference value :  1.78859e-06
 Reference value :  1.79509e-06
 Reference value :  1.80059e-06
 Reference value :  1.80609e-06
 Reference value :  1.81159e-06
 Reference value :  1.81709e-06
 Reference value :  1.82259e-06
 Reference value :  1.82550e-06
 Reference value :  1.82804e-06
 Reference value :  1.83404e-06
 Reference value :  1.83954e-06
 Reference value :  1.84504e-06
 Reference value :  1.85054e-06
 Reference value :  1.85554e-06
 Reference value :  1.86104e-06
 Reference value :  1.86304e-06
 Reference value :  1.86652e-06
 Reference value :  1.86696e-06
 Reference value :  1.86758e-06
 Reference value :  1.86828e-06
 Reference value :  1.87217e-06
 Reference value :  1.87767e-06
 Reference value :  1.88417e-06
 Reference value :  1.88967e-06
 Reference value :  1.89517e-06
 Reference value :  1.90067e-06
 Reference value :  1.90567e-06
 Reference value :  1.90883e-06
 Reference value :  1.91039e-06
 Reference value :  1.91538e-06
 Reference value :  1.92088e-06
 Reference value :  1.92638e-06
 Reference value :  1.93188e-06
 Reference value :  1.93738e-06
 Reference value :  1.94288e-06
 Reference value :  1.94838e-06
 Reference value :  1.94982e-06
 Reference value :  1.95039e-06
 Reference value :  1.95095e-06
 Reference value :  1.95146e-06
 Reference value :  1.95349e-06
 Reference value :  1.95899e-06
 Reference value :  1.96449e-06
 Reference value :  1.96999e-06
 Reference value :  1.97599e-06
 Reference value :  1.98149e-06
 Reference value :  1.98699e-06
 Reference value :  1.99152e-06
 Reference value :  1.99330e-06
 Reference value :  1.99822e-06
 Reference value :  2.00372e-06
 Reference value :  2.00922e-06
 Reference value :  2.01472e-06
 Reference value :  2.02022e-06
 Reference value :  2.02572e-06
 Reference value :  2.03122e-06
 Reference value :  2.03342e-06
 Reference value :  2.03416e-06
 Reference value :  2.03491e-06
 Reference value :  2.03931e-06
 Reference value :  2.04581e-06
 Reference value :  2.05131e-06
 Reference value :  2.05831e-06
 Reference value :  2.06431e-06
 Reference value :  2.06981e-06
 Reference value :  2.07455e-06
 Reference value :  2.07585e-06
 Reference value :  2.08062e-06
 Reference value :  2.08812e-06
 Reference value :  2.09462e-06
 Reference value :  2.10012e-06
 Reference value :  2.10612e-06
 Reference value :  2.11162e-06
 Reference value :  2.11617e-06
 Reference value :  2.11675e-06
 Reference value :  2.11747e-06
 Reference value :  2.11803e-06
 Reference value :  2.12027e-06
 Reference value :  2.12627e-06
 Reference value :  2.13177e-06
 Reference value :  2.13727e-06
 Reference value :  2.14277e-06
 Reference value :  2.14827e-06
 Reference value :  2.15427e-06
 Reference value :  2.15851e-06
 Reference value :  2.15997e-06
 Reference value :  2.16239e-06
 Reference value :  2.16839e-06
 Reference value :  2.17439e-06
 Reference value :  2.17989e-06
 Reference value :  2.18589e-06
 Reference value :  2.19089e-06
 Reference value :  2.19739e-06
 Reference value :  2.20009e-06
 Reference value :  2.20052e-06
 Reference value :  2.20096e-06
 Reference value :  2.20222e-06
 Reference value :  2.20722e-06
 Reference value :  2.21322e-06
 Reference value :  2.21972e-06
 Reference value :  2.22522e-06
 Reference value :  2.23122e-06
 Reference value :  2.23722e-06
 Reference value :  2.24152e-06
 Reference value :  2.24330e-06
 Reference value :  2.24520e-06
 Reference value :  2.25020e-06
 Reference value :  2.25570e-06
 Reference value :  2.26220e-06
 Reference value :  2.26820e-06
 Reference value :  2.27470e-06
 Reference value :  2.28070e-06
 Reference value :  2.28342e-06
 Reference value :  2.28427e-06
 Reference value :  2.28517e-06
 Reference value :  2.28857e-06
 Reference value :  2.29507e-06
 Reference value :  2.30107e-06
 Reference value :  2.30857e-06
 Reference value :  2.31507e-06
 Reference value :  2.32257e-06
 Reference value :  2.32555e-06
 Reference value :  2.32852e-06
 Reference value :  2.33452e-06
 Reference value :  2.34002e-06
 Reference value :  2.34702e-06
 Reference value :  2.35352e-06
 Reference value :  2.36102e-06
 Reference value :  2.36652e-06
 Reference value :  2.36717e-06
 Reference value :  2.36741e-06
 Reference value :  2.36821e-06
 Reference value :  2.37504e-06
 Reference value :  2.38204e-06
 Reference value :  2.38904e-06
 Reference value :  2.39604e-06
 Reference value :  2.40304e-06
 Reference value :  2.40818e-06
 Reference value :  2.41038e-06
 Reference value :  2.41636e-06
 Reference value :  2.41886e-06
 Reference value :  2.42386e-06
 Reference value :  2.43036e-06
 Reference value :  2.43786e-06
 Reference value :  2.44486e-06
 Reference value :  2.44985e-06
 Reference value :  2.45050e-06
 Reference value :  2.45146e-06
 Reference value :  2.45453e-06
 Reference value :  2.46003e-06
 Reference value :  2.46753e-06
 Reference value :  2.47553e-06
 Reference value :  2.48253e-06
 Reference value :  2.48953e-06
 Reference value :  2.49232e-06
 Reference value :  2.49569e-06
 Reference value :  2.50119e-06
 Reference value :  2.50569e-06
 Reference value :  2.51269e-06
 Reference value :  2.51919e-06
 Reference value :  2.52569e-06
 Reference value :  2.53219e-06
 Reference value :  2.53342e-06
 Reference value :  2.53425e-06
 Reference value :  2.53529e-06
 Reference value :  2.54079e-06
 Reference value :  2.54629e-06
 Reference value :  2.55179e-06
 Reference value :  2.55729e-06
 Reference value :  2.56329e-06
 Reference value :  2.56879e-06
 Reference value :  2.57415e-06
 Reference value :  2.57565e-06
 Reference value :  2.57853e-06
 Reference value :  2.58353e-06
 Reference value :  2.58653e-06
 Reference value :  2.59153e-06
 Reference value :  2.59703e-06
 Reference value :  2.60253e-06
 Reference value :  2.60853e-06
 Reference value :  2.61553e-06
 Reference value :  2.61676e-06
 Reference value :  2.61738e-06
 Reference value :  2.61868e-06
 Reference value :  2.62418e-06
 Reference value :  2.62968e-06
 Reference value :  2.63518e-06
 Reference value :  2.64068e-06
 Reference value :  2.64618e-06
 Reference value :  2.65218e-06
 Reference value :  2.65751e-06
 Reference value :  2.65888e-06
 Reference value :  2.66136e-06
 Reference value :  2.66586e-06
 Reference value :  2.66936e-06
 Reference value :  2.67886e-06
 Reference value :  2.68436e-06
 Reference value :  2.68986e-06
 Reference value :  2.69536e-06
 Reference value :  2.69965e-06
 Reference value :  2.70029e-06
 Reference value :  2.70098e-06
 Reference value :  2.70300e-06
 Reference value :  2.70850e-06
 Reference value :  2.71350e-06
 Reference value :  2.71950e-06
 Reference value :  2.72500e-06
 Reference value :  2.73050e-06
 Reference value :  2.73600e-06
 Reference value :  2.74122e-06
 Reference value :  2.74252e-06
 Reference value :  2.74570e-06
 Reference value :  2.75070e-06
 Reference value :  2.75370e-06
 Reference value :  2.75920e-06
 Reference value :  2.76670e-06
 Reference value :  2.77220e-06
 Reference value :  2.77770e-06
 Reference value :  2.78283e-06
 Reference value :  2.78342e-06
 Reference value :  2.78390e-06
 Reference value :  2.78432e-06
 Reference value :  2.78676e-06
 Reference value :  2.79226e-06
 Reference value :  2.79876e-06
 Reference value :  2.80576e-06
 Reference value :  2.81176e-06
 Reference value :  2.81826e-06
 Reference value :  2.82450e-06
 Reference value :  2.82565e-06
 Reference value :  2.82903e-06
 Reference value :  2.83403e-06
 Reference value :  2.83903e-06
 Reference value :  2.84553e-06
 Reference value :  2.85103e-06
 Reference value :  2.85753e-06
 Reference value :  2.86403e-06
 Reference value :  2.86675e-06
 Reference value :  2.86754e-06
 Reference value :  2.86819e-06
 Reference value :  2.87452e-06
 Reference value :  2.88052e-06
 Reference value :  2.88652e-06
 Reference value :  2.89252e-06
 Reference value :  2.89952e-06
 Reference value :  2.90552e-06
 Reference value :  2.90883e-06
 Reference value :  2.91186e-06
 Reference value :  2.91786e-06
 Reference value :  2.92336e-06
 Reference value :  2.93136e-06
 Reference value :  2.94036e-06
 Reference value :  2.94955e-06
 Reference value :  2.95020e-06
 Reference value :  2.95054e-06
 Reference value :  2.95100e-06
 Reference value :  2.95386e-06
 Reference value :  2.96086e-06
 Reference value :  2.96636e-06
 Reference value :  2.97236e-06
 Reference value :  2.97786e-06
 Reference value :  2.98336e-06
 Reference value :  2.98886e-06
 Reference value :  2.99217e-06
 Reference value :  2.99420e-06
 Reference value :  2.99920e-06
 Reference value :  3.00270e-06
 Reference value :  3.00720e-06
 Reference value :  3.01270e-06
 Reference value :  3.01820e-06
 Reference value :  3.02370e-06
 Reference value :  3.02920e-06
 Reference value :  3.03318e-06
 Reference value :  3.03342e-06
 Reference value :  3.03416e-06
 Reference value :  3.03442e-06
 Reference value :  3.03795e-06
 Reference value :  3.04345e-06
 Reference value :  3.04895e-06
 Reference value :  3.05445e-06
 Reference value :  3.06045e-06
 Reference value :  3.06595e-06
 Reference value :  3.07245e-06
 Reference value :  3.07555e-06
 Reference value :  3.07860e-06
 Reference value :  3.08360e-06
 Reference value :  3.08710e-06
 Reference value :  3.09310e-06
 Reference value :  3.09860e-06
 Reference value :  3.10410e-06
 Reference value :  3.10960e-06
 Reference value :  3.11560e-06
 Reference value :  3.11656e-06
 Reference value :  3.11723e-06
 Reference value :  3.11782e-06
 Reference value :  3.11935e-06
 Reference value :  3.12435e-06
 Reference value :  3.12985e-06
 Reference value :  3.13535e-06
 Reference value :  3.14085e-06
 Reference value :  3.14635e-06
 Reference value :  3.15185e-06
 Reference value :  3.15788e-06
 Reference value :  3.16004e-06
 Reference value :  3.16153e-06
 Reference value :  3.16318e-06
 Reference value :  3.16857e-06
 Reference value :  3.17407e-06
 Reference value :  3.17957e-06
 Reference value :  3.18507e-06
 Reference value :  3.19057e-06
 Reference value :  3.19657e-06
 Reference value :  3.20009e-06
 Reference value :  3.20052e-06
 Reference value :  3.20096e-06
 Reference value :  3.20227e-06
 Reference value :  3.20727e-06
 Reference value :  3.21277e-06
 Reference value :  3.21827e-06
 Reference value :  3.22377e-06
 Reference value :  3.22927e-06
 Reference value :  3.23477e-06
 Reference value :  3.24027e-06
 Reference value :  3.24222e-06
 Reference value :  3.24614e-06
 Reference value :  3.24897e-06
 Reference value :  3.25447e-06
 Reference value :  3.25997e-06
 Reference value :  3.26547e-06
 Reference value :  3.27097e-06
 Reference value :  3.27647e-06
 Reference value :  3.28197e-06
 Reference value :  3.28342e-06
 Reference value :  3.28403e-06
 Reference value :  3.28479e-06
 Reference value :  3.28977e-06
 Reference value :  3.29477e-06
 Reference value :  3.30027e-06
 Reference value :  3.30627e-06
 Reference value :  3.31227e-06
 Reference value :  3.31777e-06
 Reference value :  3.32377e-06
 Reference value :  3.32565e-06
 Reference value :  3.32785e-06
 Reference value :  3.32977e-06
 Reference value :  3.33427e-06
 Reference value :  3.33977e-06
 Reference value :  3.34577e-06
 Reference value :  3.35177e-06
 Reference value :  3.35777e-06
 Reference value :  3.36327e-06
 Reference value :  3.36676e-06
 Reference value :  3.36763e-06
 Reference value :  3.36802e-06
 Reference value :  3.37039e-06
 Reference value :  3.37589e-06
 Reference value :  3.38139e-06
 Reference value :  3.38739e-06
 Reference value :  3.39289e-06
 Reference value :  3.39889e-06
 Reference value :  3.40489e-06
 Reference value :  3.40883e-06
 Reference value :  3.41078e-06
 Reference value :  3.41211e-06
 Reference value :  3.41611e-06
 Reference value :  3.42211e-06
 Reference value :  3.42761e-06
 Reference value :  3.43311e-06
 Reference value :  3.43911e-06
 Reference value :  3.44511e-06
 Reference value :  3.44965e-06
 Reference value :  3.45029e-06
 Reference value :  3.45094e-06
 Reference value :  3.45132e-06
 Reference value :  3.45394e-06
 Reference value :  3.45944e-06
 Reference value :  3.46494e-06
 Reference value :  3.47044e-06
 Reference value :  3.47644e-06
 Reference value :  3.48244e-06
 Reference value :  3.48794e-06
 Reference value :  3.49184e-06
 Reference value :  3.49372e-06
 Reference value :  3.49545e-06
 Reference value :  3.49895e-06
 Reference value :  3.50395e-06
 Reference value :  3.50945e-06
 Reference value :  3.51495e-06
 Reference value :  3.52095e-06
 Reference value :  3.52645e-06
 Reference value :  3.53195e-06
 Reference value :  3.53342e-06
 Reference value :  3.53429e-06
 Reference value :  3.53500e-06
 Reference value :  3.53954e-06
 Reference value :  3.54554e-06
 Reference value :  3.55104e-06
 Reference value :  3.55654e-06
 Reference value :  3.56254e-06
 Reference value :  3.56804e-06
 Reference value :  3.57354e-06
 Reference value :  3.57555e-06
 Reference value :  3.57747e-06
 Reference value :  3.57793e-06
 Reference value :  3.57884e-06
 Reference value :  3.58159e-06
 Reference value :  3.58659e-06
 Reference value :  3.59209e-06
 Reference value :  3.59809e-06
 Reference value :  3.60409e-06
 Reference value :  3.60959e-06
 Reference value :  3.61509e-06
 Reference value :  3.61676e-06
 Reference value :  3.61742e-06
 Reference value :  3.61788e-06
 Reference value :  3.62033e-06
 Reference value :  3.62483e-06
 Reference value :  3.63083e-06
 Reference value :  3.63683e-06
 Reference value :  3.64283e-06
 Reference value :  3.64833e-06
 Reference value :  3.65383e-06
 Reference value :  3.65851e-06
 Reference value :  3.65996e-06
 Reference value :  3.66225e-06
 Reference value :  3.66625e-06
 Reference value :  3.67225e-06
 Reference value :  3.67875e-06
 Reference value :  3.68425e-06
 Reference value :  3.69025e-06
 Reference value :  3.69575e-06
 Reference value :  3.70008e-06
 Reference value :  3.70073e-06
 Reference value :  3.70109e-06
 Reference value :  3.70273e-06
 Reference value :  3.70873e-06
 Reference value :  3.71573e-06
 Reference value :  3.72173e-06
 Reference value :  3.72823e-06
 Reference value :  3.73523e-06
 Reference value :  3.74117e-06
 Reference value :  3.74232e-06
 Reference value :  3.74512e-06
 Reference value :  3.74849e-06
 Reference value :  3.75349e-06
 Reference value :  3.75899e-06
 Reference value :  3.76499e-06
 Reference value :  3.77099e-06
 Reference value :  3.77649e-06
 Reference value :  3.78199e-06
 Reference value :  3.78342e-06
 Reference value :  3.78412e-06
 Reference value :  3.78440e-06
 Reference value :  3.78522e-06
 Reference value :  3.78994e-06
 Reference value :  3.79544e-06
 Reference value :  3.80094e-06
 Reference value :  3.80694e-06
 Reference value :  3.81244e-06
 Reference value :  3.81794e-06
 Reference value :  3.82394e-06
 Reference value :  3.82565e-06
 Reference value :  3.82846e-06
 Reference value :  3.83138e-06
 Reference value :  3.83638e-06
 Reference value :  3.84188e-06
 Reference value :  3.84738e-06
 Reference value :  3.85288e-06
 Reference value :  3.85888e-06
 Reference value :  3.86438e-06
 Reference value :  3.86675e-06
 Reference value :  3.86738e-06
 Reference value :  3.86779e-06
 Reference value :  3.86874e-06
 Reference value :  3.87312e-06
 Reference value :  3.87862e-06
 Reference value :  3.88412e-06
 Reference value :  3.89012e-06
 Reference value :  3.89562e-06
 Reference value :  3.90112e-06
 Reference value :  3.90662e-06
 Reference value :  3.90883e-06
 Reference value :  3.91130e-06
 Reference value :  3.91228e-06
 Reference value :  3.91462e-06
 Reference value :  3.91962e-06
 Reference value :  3.92512e-06
 Reference value :  3.93112e-06
 Reference value :  3.93662e-06
 Reference value :  3.94262e-06
 Reference value :  3.94812e-06
 Reference value :  3.95011e-06
 Reference value :  3.95040e-06
 Reference value :  3.95069e-06
 Reference value :  3.95118e-06
 Reference value :  3.95428e-06
 Reference value :  3.96028e-06
 Reference value :  3.96728e-06
 Reference value :  3.97328e-06
 Reference value :  3.97878e-06
 Reference value :  3.98428e-06
 Reference value :  3.99073e-06
 Reference value :  3.99232e-06
 Reference value :  3.99514e-06
 Reference value :  3.99602e-06
 Reference value :  3.99988e-06
 Reference value :  4.00538e-06
 Reference value :  4.01288e-06
 Reference value :  4.01988e-06
 Reference value :  4.02788e-06
 Reference value :  4.03342e-06
 Reference value :  4.03430e-06
 Reference value :  4.03720e-06
 Reference value :  4.04270e-06
 Reference value :  4.04970e-06
 Reference value :  4.05520e-06
 Reference value :  4.06070e-06
 Reference value :  4.06620e-06
 Reference value :  4.07370e-06
 Reference value :  4.07555e-06
 Reference value :  4.07708e-06
 Reference value :  4.07844e-06
 Reference value :  4.08065e-06
 Reference value :  4.08615e-06
 Reference value :  4.09215e-06
 Reference value :  4.09765e-06
 Reference value :  4.10365e-06
 Reference value :  4.10915e-06
 Reference value :  4.11465e-06
 Reference value :  4.11676e-06
 Reference value :  4.11758e-06
 Reference value :  4.11821e-06
 Reference value :  4.12374e-06
 Reference value :  4.12974e-06
 Reference value :  4.13574e-06
 Reference value :  4.14174e-06
 Reference value :  4.14824e-06
 Reference value :  4.15374e-06
 Reference value :  4.15851e-06
 Reference value :  4.15998e-06
 Reference value :  4.16192e-06
 Reference value :  4.16642e-06
 Reference value :  4.17242e-06
 Reference value :  4.17792e-06
 Reference value :  4.18342e-06
 Reference value :  4.18942e-06
 Reference value :  4.19492e-06
 Reference value :  4.19965e-06
 Reference value :  4.20029e-06
 Reference value :  4.20065e-06
 Reference value :  4.20125e-06
 Reference value :  4.20512e-06
 Reference value :  4.21262e-06
 Reference value :  4.21962e-06
 Reference value :  4.22512e-06
 Reference value :  4.23162e-06
 Reference value :  4.23912e-06
 Reference value :  4.24222e-06
 Reference value :  4.24403e-06
 Reference value :  4.24721e-06
 Reference value :  4.25271e-06
 Reference value :  4.25871e-06
 Reference value :  4.26471e-06
 Reference value :  4.26971e-06
 Reference value :  4.27571e-06
 Reference value :  4.28171e-06
 Reference value :  4.28342e-06
 Reference value :  4.28426e-06
 Reference value :  4.28603e-06
 Reference value :  4.29253e-06
 Reference value :  4.29803e-06
 Reference value :  4.30353e-06
 Reference value :  4.30903e-06
 Reference value :  4.31553e-06
 Reference value :  4.32103e-06
 Reference value :  4.32517e-06
 Reference value :  4.32705e-06
 Reference value :  4.33152e-06
 Reference value :  4.33502e-06
 Reference value :  4.33852e-06
 Reference value :  4.34402e-06
 Reference value :  4.34952e-06
 Reference value :  4.35552e-06
 Reference value :  4.36102e-06
 Reference value :  4.36622e-06
 Reference value :  4.36676e-06
 Reference value :  4.36763e-06
 Reference value :  4.36816e-06
 Reference value :  4.37146e-06
 Reference value :  4.37696e-06
 Reference value :  4.38296e-06
 Reference value :  4.38846e-06
 Reference value :  4.39446e-06
 Reference value :  4.40046e-06
 Reference value :  4.40596e-06
 Reference value :  4.40883e-06
 Reference value :  4.41086e-06
 Reference value :  4.41586e-06
 Reference value :  4.41886e-06
 Reference value :  4.42436e-06
 Reference value :  4.42986e-06
 Reference value :  4.43536e-06
 Reference value :  4.44136e-06
 Reference value :  4.44686e-06
 Reference value :  4.45009e-06
 Reference value :  4.45108e-06
 Reference value :  4.45458e-06
 Reference value :  4.46058e-06
 Reference value :  4.46608e-06
 Reference value :  4.47158e-06
 Reference value :  4.47758e-06
 Reference value :  4.48308e-06
 Reference value :  4.48858e-06
 Reference value :  4.49217e-06
 Reference value :  4.49372e-06
 Reference value :  4.49819e-06
 Reference value :  4.50169e-06
 Reference value :  4.50519e-06
 Reference value :  4.50969e-06
 Reference value :  4.51519e-06
 Reference value :  4.52069e-06
 Reference value :  4.52619e-06
 Reference value :  4.53169e-06
 Reference value :  4.53342e-06
 Reference value :  4.53409e-06
 Reference value :  4.53454e-06
 Reference value :  4.53757e-06
 Reference value :  4.54257e-06
 Reference value :  4.54807e-06
 Reference value :  4.55457e-06
 Reference value :  4.56007e-06
 Reference value :  4.56557e-06
 Reference value :  4.57157e-06
 Reference value :  4.57517e-06
 Reference value :  4.57663e-06
 Reference value :  4.58053e-06
 Reference value :  4.58503e-06
 Reference value :  4.58853e-06
 Reference value :  4.59353e-06
 Reference value :  4.59903e-06
 Reference value :  4.60503e-06
 Reference value :  4.61053e-06
 Reference value :  4.61585e-06
 Reference value :  4.61676e-06
 Reference value :  4.61742e-06
 Reference value :  4.61788e-06
 Reference value :  4.62096e-06
 Reference value :  4.62646e-06
 Reference value :  4.63196e-06
 Reference value :  4.63796e-06
 Reference value :  4.64346e-06
 Reference value :  4.64946e-06
 Reference value :  4.65546e-06
 Reference value :  4.65883e-06
 Reference value :  4.66086e-06
 Reference value :  4.66586e-06
 Reference value :  4.66836e-06
 Reference value :  4.67186e-06
 Reference value :  4.67836e-06
 Reference value :  4.68436e-06
 Reference value :  4.68986e-06
 Reference value :  4.69586e-06
 Reference value :  4.69985e-06
 Reference value :  4.70029e-06
 Reference value :  4.70100e-06
 Reference value :  4.70156e-06
 Reference value :  4.70531e-06
 Reference value :  4.71081e-06
 Reference value :  4.71631e-06
 Reference value :  4.72231e-06
 Reference value :  4.72781e-06
 Reference value :  4.73331e-06
 Reference value :  4.73931e-06
 Reference value :  4.74217e-06
 Reference value :  4.74420e-06
 Reference value :  4.74920e-06
 Reference value :  4.75170e-06
 Reference value :  4.75570e-06
 Reference value :  4.76070e-06
 Reference value :  4.76620e-06
 Reference value :  4.77220e-06
 Reference value :  4.77970e-06
 Reference value :  4.78342e-06
 Reference value :  4.78401e-06
 Reference value :  4.78439e-06
 Reference value :  4.78523e-06
 Reference value :  4.78947e-06
 Reference value :  4.79547e-06
 Reference value :  4.80147e-06
 Reference value :  4.80697e-06
 Reference value :  4.81247e-06
 Reference value :  4.81847e-06
 Reference value :  4.82397e-06
 Reference value :  4.82555e-06
 Reference value :  4.82803e-06
 Reference value :  4.83303e-06
 Reference value :  4.83553e-06
 Reference value :  4.83953e-06
 Reference value :  4.84503e-06
 Reference value :  4.85103e-06
 Reference value :  4.85803e-06
 Reference value :  4.86453e-06
 Reference value :  4.86675e-06
 Reference value :  4.86738e-06
 Reference value :  4.86779e-06
 Reference value :  4.86881e-06
 Reference value :  4.87322e-06
 Reference value :  4.87872e-06
 Reference value :  4.88422e-06
 Reference value :  4.89022e-06
 Reference value :  4.89572e-06
 Reference value :  4.90122e-06
 Reference value :  4.90722e-06
 Reference value :  4.90888e-06
 Reference value :  4.91136e-06
 Reference value :  4.91636e-06
 Reference value :  4.91886e-06
 Reference value :  4.92286e-06
 Reference value :  4.92786e-06
 Reference value :  4.93336e-06
 Reference value :  4.93986e-06
 Reference value :  4.94536e-06
 Reference value :  4.94965e-06
 Reference value :  4.95020e-06
 Reference value :  4.95059e-06
 Reference value :  4.95102e-06
 Reference value :  4.95169e-06
 Reference value :  4.95560e-06
 Reference value :  4.96160e-06
 Reference value :  4.96710e-06
 Reference value :  4.97260e-06
 Reference value :  4.97860e-06
 Reference value :  4.98410e-06
 Reference value :  4.98960e-06
 Reference value :  4.99222e-06
 Reference value :  4.99470e-06
 Reference value :  4.99970e-06
 Reference value :  5.00370e-06
 Reference value :  5.00920e-06
 Reference value :  5.01520e-06
 Reference value :  5.02120e-06
 Reference value :  5.02670e-06
 Reference value :  5.03251e-06
 Reference value :  5.03342e-06
 Reference value :  5.03410e-06
 Reference value :  5.03542e-06
 Reference value :  5.04292e-06
 Reference value :  5.05042e-06
 Reference value :  5.05742e-06
 Reference value :  5.06392e-06
 Reference value :  5.06892e-06
 Reference value :  5.07421e-06
 Reference value :  5.07565e-06
 Reference value :  5.07810e-06
 Reference value :  5.08360e-06
 Reference value :  5.08810e-06
 Reference value :  5.09410e-06
 Reference value :  5.10060e-06
 Reference value :  5.10810e-06
 Reference value :  5.11560e-06
 Reference value :  5.11696e-06
 Reference value :  5.11773e-06
 Reference value :  5.12122e-06
 Reference value :  5.12872e-06
 Reference value :  5.13722e-06
 Reference value :  5.14472e-06
 Reference value :  5.15172e-06
 Reference value :  5.15788e-06
 Reference value :  5.15954e-06
 Reference value :  5.16070e-06
 Reference value :  5.16567e-06
 Reference value :  5.17217e-06
 Reference value :  5.17917e-06
 Reference value :  5.18467e-06
 Reference value :  5.19117e-06
 Reference value :  5.19717e-06
 Reference value :  5.20009e-06
 Reference value :  5.20066e-06
 Reference value :  5.20138e-06
 Reference value :  5.20610e-06
 Reference value :  5.21210e-06
 Reference value :  5.21810e-06
 Reference value :  5.22410e-06
 Reference value :  5.23010e-06
 Reference value :  5.23660e-06
 Reference value :  5.24122e-06
 Reference value :  5.24288e-06
 Reference value :  5.24463e-06
 Reference value :  5.25196e-06
 Reference value :  5.25796e-06
 Reference value :  5.26346e-06
 Reference value :  5.26946e-06
 Reference value :  5.27546e-06
 Reference value :  5.28096e-06
 Reference value :  5.28342e-06
 Reference value :  5.28426e-06
 Reference value :  5.28514e-06
 Reference value :  5.29047e-06
 Reference value :  5.29597e-06
 Reference value :  5.30197e-06
 Reference value :  5.30747e-06
 Reference value :  5.31447e-06
 Reference value :  5.32097e-06
 Reference value :  5.32485e-06
 Reference value :  5.32663e-06
 Reference value :  5.33047e-06
 Reference value :  5.33397e-06
 Reference value :  5.33947e-06
 Reference value :  5.34497e-06
 Reference value :  5.35097e-06
 Reference value :  5.35597e-06
 Reference value :  5.36147e-06
 Reference value :  5.36632e-06
 Reference value :  5.36696e-06
 Reference value :  5.36775e-06
 Reference value :  5.37126e-06
 Reference value :  5.37776e-06
 Reference value :  5.38376e-06
 Reference value :  5.38976e-06
 Reference value :  5.39476e-06
 Reference value :  5.40076e-06
 Reference value :  5.40626e-06
 Reference value :  5.40883e-06
 Reference value :  5.41146e-06
 Reference value :  5.41696e-06
 Reference value :  5.42296e-06
 Reference value :  5.42846e-06
 Reference value :  5.43396e-06
 Reference value :  5.43996e-06
 Reference value :  5.44496e-06
 Reference value :  5.44955e-06
 Reference value :  5.45030e-06
 Reference value :  5.45130e-06
 Reference value :  5.45718e-06
 Reference value :  5.46368e-06
 Reference value :  5.46918e-06
 Reference value :  5.47468e-06
 Reference value :  5.48068e-06
 Reference value :  5.48568e-06
 Reference value :  5.49117e-06
 Reference value :  5.49252e-06
 Reference value :  5.49730e-06
 Reference value :  5.50330e-06
 Reference value :  5.50980e-06
 Reference value :  5.51730e-06
 Reference value :  5.52280e-06
 Reference value :  5.52880e-06
 Reference value :  5.53298e-06
 Reference value :  5.53363e-06
 Reference value :  5.53555e-06
 Reference value :  5.54105e-06
 Reference value :  5.54655e-06
 Reference value :  5.55255e-06
 Reference value :  5.55855e-06
 Reference value :  5.56405e-06
 Reference value :  5.57005e-06
 Reference value :  5.57465e-06
 Reference value :  5.57621e-06
 Reference value :  5.58063e-06
 Reference value :  5.58613e-06
 Reference value :  5.59213e-06
 Reference value :  5.59763e-06
 Reference value :  5.60313e-06
 Reference value :  5.60913e-06
 Reference value :  5.61413e-06
 Reference value :  5.61676e-06
 Reference value :  5.61754e-06
 Reference value :  5.62228e-06
 Reference value :  5.62828e-06
 Reference value :  5.63378e-06
 Reference value :  5.63928e-06
 Reference value :  5.64528e-06
 Reference value :  5.65078e-06
 Reference value :  5.65628e-06
 Reference value :  5.65888e-06
 Reference value :  5.66246e-06
 Reference value :  5.66846e-06
 Reference value :  5.67546e-06
 Reference value :  5.68146e-06
 Reference value :  5.68746e-06
 Reference value :  5.69296e-06
 Reference value :  5.69796e-06
 Reference value :  5.70010e-06
 Reference value :  5.70087e-06
 Reference value :  5.70562e-06
 Reference value :  5.71112e-06
 Reference value :  5.71662e-06
 Reference value :  5.72312e-06
 Reference value :  5.72862e-06
 Reference value :  5.73412e-06
 Reference value :  5.74012e-06
 Reference value :  5.74222e-06
 Reference value :  5.74580e-06
 Reference value :  5.75130e-06
 Reference value :  5.75680e-06
 Reference value :  5.76330e-06
 Reference value :  5.76880e-06
 Reference value :  5.77480e-06
 Reference value :  5.78080e-06
 Reference value :  5.78342e-06
 Reference value :  5.78408e-06
 Reference value :  5.78840e-06
 Reference value :  5.79440e-06
 Reference value :  5.79990e-06
 Reference value :  5.80540e-06
 Reference value :  5.81140e-06
 Reference value :  5.81690e-06
 Reference value :  5.82340e-06
 Reference value :  5.82550e-06
 Reference value :  5.82913e-06
 Reference value :  5.83463e-06
 Reference value :  5.84063e-06
 Reference value :  5.84613e-06
 Reference value :  5.85163e-06
 Reference value :  5.85863e-06
 Reference value :  5.86513e-06
 Reference value :  5.86675e-06
 Reference value :  5.86738e-06
 Reference value :  5.87112e-06
 Reference value :  5.87712e-06
 Reference value :  5.88262e-06
 Reference value :  5.88912e-06
 Reference value :  5.89412e-06
 Reference value :  5.89962e-06
 Reference value :  5.90562e-06
 Reference value :  5.90883e-06
 Reference value :  5.91196e-06
 Reference value :  5.91746e-06
 Reference value :  5.92296e-06
 Reference value :  5.92896e-06
 Reference value :  5.93446e-06
 Reference value :  5.94046e-06
 Reference value :  5.94646e-06
 Reference value :  5.95008e-06
 Reference value :  5.95068e-06
 Reference value :  5.95434e-06
 Reference value :  5.95984e-06
 Reference value :  5.96534e-06
 Reference value :  5.97084e-06
 Reference value :  5.97684e-06
 Reference value :  5.98284e-06
 Reference value :  5.98834e-06
 Reference value :  5.99184e-06
 Reference value :  5.99430e-06
 Reference value :  5.99980e-06
 Reference value :  6.00480e-06
 Reference value :  6.01130e-06
 Reference value :  6.01680e-06
 Reference value :  6.02230e-06
 Reference value :  6.02830e-06
 Reference value :  6.03288e-06
 Reference value :  6.03343e-06
 Reference value :  6.03429e-06
 Reference value :  6.03756e-06
 Reference value :  6.04206e-06
 Reference value :  6.04806e-06
 Reference value :  6.05356e-06
 Reference value :  6.05906e-06
 Reference value :  6.06506e-06
 Reference value :  6.07056e-06
 Reference value :  6.07517e-06
 Reference value :  6.07866e-06
 Reference value :  6.08416e-06
 Reference value :  6.09016e-06
 Reference value :  6.09566e-06
 Reference value :  6.10166e-06
 Reference value :  6.10716e-06
 Reference value :  6.11216e-06
 Reference value :  6.11676e-06
 Reference value :  6.11736e-06
 Reference value :  6.11810e-06
 Reference value :  6.12060e-06
 Reference value :  6.12660e-06
 Reference value :  6.13210e-06
 Reference value :  6.13910e-06
 Reference value :  6.14510e-06
 Reference value :  6.15060e-06
 Reference value :  6.15660e-06
 Reference value :  6.15888e-06
 Reference value :  6.16040e-06
 Reference value :  6.16266e-06
 Reference value :  6.16766e-06
 Reference value :  6.17366e-06
 Reference value :  6.17916e-06
 Reference value :  6.18616e-06
 Reference value :  6.19216e-06
 Reference value :  6.19766e-06
 Reference value :  6.20009e-06
 Reference value :  6.20066e-06
 Reference value :  6.20127e-06
 Reference value :  6.20458e-06
 Reference value :  6.21158e-06
 Reference value :  6.21708e-06
 Reference value :  6.22408e-06
 Reference value :  6.23158e-06
 Reference value :  6.23958e-06
 Reference value :  6.24232e-06
 Reference value :  6.24463e-06
 Reference value :  6.25046e-06
 Reference value :  6.25596e-06
 Reference value :  6.26096e-06
 Reference value :  6.26746e-06
 Reference value :  6.27446e-06
 Reference value :  6.28046e-06
No. of Data Rows : 14052

  Measurements for Transient Analysis

d9_c1               =  4.48212e-07
d8_c1               =  3.16552e-08
d7_c1               =  1.80000e+00
d6_c1               =  1.80000e+00
d5_c1               =  3.16454e-08
d4_c1               =  3.16029e-08
d3_c1               =  1.80000e+00
d2_c1               =  3.12519e-08
d1_c1               =  3.12667e-08
d0_c1               =  1.80000e+00
d9_c2               =  -4.14692e-08
d8_c2               =  1.80000e+00
d7_c2               =  3.37185e-08
d6_c2               =  1.80000e+00
d5_c2               =  1.80000e+00
d4_c2               =  1.80000e+00
d3_c2               =  1.80000e+00
d2_c2               =  1.80000e+00
d1_c2               =  1.80000e+00
d0_c2               =  1.80000e+00
d9_c3               =  1.80001e+00
d8_c3               =  -1.31407e-08
d7_c3               =  -1.52801e-08
d6_c3               =  -1.81054e-08
d5_c3               =  -2.19905e-08
d4_c3               =  -2.77587e-08
d3_c3               =  -3.68825e-08
d2_c3               =  -5.36829e-08
d1_c3               =  -9.35019e-08
d0_c3               =  -3.41298e-08
d9_c4               =  1.80001e+00
d8_c4               =  -1.22309e-08
d7_c4               =  1.80000e+00
d6_c4               =  -1.71912e-08
d5_c4               =  -2.10801e-08
d4_c4               =  -2.68423e-08
d3_c4               =  -3.59610e-08
d2_c4               =  -5.27499e-08
d1_c4               =  -9.26629e-08
d0_c4               =  1.80000e+00
d9_c5               =  1.80001e+00
d8_c5               =  1.80000e+00
d7_c5               =  1.80000e+00
d6_c5               =  1.80000e+00
d5_c5               =  1.80000e+00
d4_c5               =  1.80000e+00
d3_c5               =  1.80000e+00
d2_c5               =  1.80000e+00
d1_c5               =  1.80000e+00
d0_c5               =  1.80000e+00
busy_c1_p0          =  1.80000e+00
smpl_c1_p0          =  2.51404e-06
busy_c1_p1          =  1.80000e+00
smpl_c1_p1          =  3.82690e-05
busy_c1_p2          =  1.80000e+00
smpl_c1_p2          =  4.23270e-05
busy_c1_p3          =  1.80000e+00
smpl_c1_p3          =  3.80385e-05
busy_c1_p4          =  1.80000e+00
smpl_c1_p4          =  3.81459e-05
busy_c1_p5          =  1.80000e+00
smpl_c1_p5          =  3.79582e-05
busy_c1_p6          =  1.80000e+00
smpl_c1_p6          =  3.79569e-05
busy_c1_p7          =  1.80000e+00
smpl_c1_p7          =  3.79936e-05
busy_c1_p8          =  1.80000e+00
smpl_c1_p8          =  3.79904e-05
busy_c1_p9          =  1.80000e+00
smpl_c1_p9          =  3.80104e-05
busy_c1_p10         =  1.80000e+00
smpl_c1_p10         =  3.79829e-05
busy_c1_p11         =  1.90932e-06
smpl_c1_p11         =  1.80005e+00
busy_c2_p0          =  1.80000e+00
smpl_c2_p0          =  2.72155e-06
busy_c2_p1          =  1.80000e+00
smpl_c2_p1          =  3.82362e-05
busy_c2_p2          =  1.80000e+00
smpl_c2_p2          =  3.83710e-05
busy_c2_p3          =  1.80000e+00
smpl_c2_p3          =  3.82798e-05
busy_c2_p4          =  1.80000e+00
smpl_c2_p4          =  3.83549e-05
busy_c2_p5          =  1.80000e+00
smpl_c2_p5          =  3.83264e-05
busy_c2_p6          =  1.80000e+00
smpl_c2_p6          =  3.83360e-05
busy_c2_p7          =  1.80000e+00
smpl_c2_p7          =  3.83094e-05
busy_c2_p8          =  1.80000e+00
smpl_c2_p8          =  3.83211e-05
busy_c2_p9          =  1.80000e+00
smpl_c2_p9          =  3.84141e-05
busy_c2_p10         =  1.80000e+00
smpl_c2_p10         =  3.83443e-05
busy_c2_p11         =  6.84171e-06
smpl_c2_p11         =  1.80005e+00
busy_c3_p0          =  1.80000e+00
smpl_c3_p0          =  2.72461e-06
busy_c3_p1          =  1.80000e+00
smpl_c3_p1          =  3.79998e-05
busy_c3_p2          =  1.80000e+00
smpl_c3_p2          =  3.83804e-05
busy_c3_p3          =  1.80000e+00
smpl_c3_p3          =  3.85071e-05
busy_c3_p4          =  1.80000e+00
smpl_c3_p4          =  3.84553e-05
busy_c3_p5          =  1.80000e+00
smpl_c3_p5          =  3.84449e-05
busy_c3_p6          =  1.80000e+00
smpl_c3_p6          =  3.84480e-05
busy_c3_p7          =  1.80000e+00
smpl_c3_p7          =  3.84778e-05
busy_c3_p8          =  1.80000e+00
smpl_c3_p8          =  3.85233e-05
busy_c3_p9          =  1.80000e+00
smpl_c3_p9          =  3.85510e-05
busy_c3_p10         =  1.80000e+00
smpl_c3_p10         =  3.85560e-05
busy_c3_p11         =  -4.53354e-06
smpl_c3_p11         =  1.80005e+00
busy_c4_p0          =  1.80000e+00
smpl_c4_p0          =  2.86621e-06
busy_c4_p1          =  1.80000e+00
smpl_c4_p1          =  3.82504e-05
busy_c4_p2          =  1.80000e+00
smpl_c4_p2          =  3.83923e-05
busy_c4_p3          =  1.80000e+00
smpl_c4_p3          =  3.83018e-05
busy_c4_p4          =  1.80000e+00
smpl_c4_p4          =  3.83470e-05
busy_c4_p5          =  1.80000e+00
smpl_c4_p5          =  3.83206e-05
busy_c4_p6          =  1.80000e+00
smpl_c4_p6          =  3.83444e-05
busy_c4_p7          =  1.80000e+00
smpl_c4_p7          =  3.83436e-05
busy_c4_p8          =  1.80000e+00
smpl_c4_p8          =  3.83949e-05
busy_c4_p9          =  1.80000e+00
smpl_c4_p9          =  3.84120e-05
busy_c4_p10         =  1.80000e+00
smpl_c4_p10         =  3.83067e-05
busy_c4_p11         =  5.56645e-06
smpl_c4_p11         =  1.80005e+00
busy_c5_p0          =  1.80000e+00
smpl_c5_p0          =  2.64700e-06
busy_c5_p1          =  1.80000e+00
smpl_c5_p1          =  3.83337e-05
busy_c5_p2          =  1.80000e+00
smpl_c5_p2          =  4.23273e-05
busy_c5_p3          =  1.80000e+00
smpl_c5_p3          =  4.39584e-05
busy_c5_p4          =  1.80000e+00
smpl_c5_p4          =  4.30956e-05
busy_c5_p5          =  1.80000e+00
smpl_c5_p5          =  4.17793e-05
busy_c5_p6          =  1.80000e+00
smpl_c5_p6          =  4.04549e-05
busy_c5_p7          =  1.80000e+00
smpl_c5_p7          =  3.96006e-05
busy_c5_p8          =  1.80000e+00
smpl_c5_p8          =  3.91161e-05
busy_c5_p9          =  1.80000e+00
smpl_c5_p9          =  3.88426e-05
busy_c5_p10         =  1.80000e+00
smpl_c5_p10         =  3.85924e-05
busy_c5_p11         =  -2.53722e-06
smpl_c5_p11         =  1.80005e+00
i_vdd               =  -2.14371e-06 from=  3.20000e-06 to=  4.20009e-06
i_vpwr              =  -7.32533e-06 from=  3.20000e-06 to=  4.20009e-06
i_vrefp             =  -6.66425e-06 from=  3.20000e-06 to=  4.20009e-06
i_vrefn             =  6.65205e-06 from=  3.20000e-06 to=  4.20009e-06
i_vcm               =  1.30199e-08 from=  3.20000e-06 to=  4.20009e-06
gnd_die_max         =  2.20009e-01 at=  2.11803e-06
gnd_die_min         =  -1.07166e-01 at=  3.20057e-06
vgnd_max            =  0.00000e+00 at=  6.28333e-06
vgnd_min            =  0.00000e+00 at=  6.28333e-06
vdd_max             =  1.80000e+00 at=  6.28333e-06
vdd_min             =  1.80000e+00 at=  6.28333e-06
vpwr_max            =  1.80000e+00 at=  6.28333e-06
vpwr_min            =  1.80000e+00 at=  6.28333e-06
vdda_min            =  1.57999e+00 at=  2.11803e-06
vdda_max            =  1.90717e+00 at=  3.20057e-06
i_vgnd              =  9.51466e-06 from=  3.20000e-06 to=  4.20009e-06
i_sub               =  2.22194e-06 from=  3.20000e-06 to=  4.20009e-06


Total analysis time (seconds) = 3304.69

Total elapsed time (seconds) = 3757.410 

Total DRAM available = 98304.000 MB.
DRAM currently available =  392.016 MB.
Maximum ngspice program size =  818.688 MB.
Current ngspice program size =   31.156 MB.

Note: Starting dynamic gmin stepping
Note: Dynamic gmin stepping completed
