
Note: Compatibility modes selected: hs a


Circuit: * sim/ground-return-impedance (issue #378) arm 'sub-nopad-1k' -- reusing

option SCALE: Scale is set to 1e-06 for instance and model parameters
option SCALE: Scale is set to 1e-06 for instance and model parameters
option SCALE: Scale is set to 1e-06 for instance and model parameters
option SCALE: Scale is set to 1e-06 for instance and model parameters
Doing analysis at TEMP = 125.000000 and TNOM = 27.000000

Using KLU as Direct Linear Solver
 Reference value :  0.00000e+00
 Reference value :  4.64000e-09
 Reference value :  1.41400e-08
 Reference value :  2.03500e-08
 Reference value :  2.42500e-08
 Reference value :  2.97500e-08
 Reference value :  3.57500e-08
 Reference value :  4.12500e-08
 Reference value :  4.72500e-08
 Reference value :  5.37500e-08
 Reference value :  6.02500e-08
 Reference value :  6.67500e-08
 Reference value :  7.22500e-08
 Reference value :  7.77500e-08
 Reference value :  8.42500e-08
 Reference value :  9.12500e-08
 Reference value :  9.92500e-08
 Reference value :  1.07250e-07
 Reference value :  1.15250e-07
 Reference value :  1.23250e-07
 Reference value :  1.30750e-07
 Reference value :  1.39250e-07
 Reference value :  1.46750e-07
 Reference value :  1.55250e-07
 Reference value :  1.63750e-07
 Reference value :  1.71750e-07
 Reference value :  1.79250e-07
 Reference value :  1.86750e-07
 Reference value :  1.95250e-07
 Reference value :  2.00085e-07
 Reference value :  2.00688e-07
 Reference value :  2.01137e-07
 Reference value :  2.02123e-07
 Reference value :  2.08123e-07
 Reference value :  2.14123e-07
 Reference value :  2.20123e-07
 Reference value :  2.26623e-07
 Reference value :  2.32123e-07
 Reference value :  2.38123e-07
 Reference value :  2.41842e-07
 Reference value :  2.43076e-07
 Reference value :  2.44136e-07
 Reference value :  2.49419e-07
 Reference value :  2.55919e-07
 Reference value :  2.61919e-07
 Reference value :  2.67919e-07
 Reference value :  2.73419e-07
 Reference value :  2.78919e-07
 Reference value :  2.83443e-07
 Reference value :  2.84242e-07
 Reference value :  2.84862e-07
 Reference value :  2.87265e-07
 Reference value :  2.91765e-07
 Reference value :  2.97765e-07
 Reference value :  3.03765e-07
 Reference value :  3.09765e-07
 Reference value :  3.15765e-07
 Reference value :  3.21265e-07
 Reference value :  3.25175e-07
 Reference value :  3.26406e-07
 Reference value :  3.29625e-07
 Reference value :  3.35625e-07
 Reference value :  3.41625e-07
 Reference value :  3.44625e-07
 Reference value :  3.49625e-07
 Reference value :  3.55125e-07
 Reference value :  3.60625e-07
 Reference value :  3.65896e-07
 Reference value :  3.66788e-07
 Reference value :  3.67772e-07
 Reference value :  3.68285e-07
 Reference value :  3.71520e-07
 Reference value :  3.76020e-07
 Reference value :  3.82020e-07
 Reference value :  3.87520e-07
 Reference value :  3.93520e-07
 Reference value :  3.99020e-07
 Reference value :  4.05520e-07
 Reference value :  4.08508e-07
 Reference value :  4.11349e-07
 Reference value :  4.17349e-07
 Reference value :  4.23349e-07
 Reference value :  4.28849e-07
 Reference value :  4.34849e-07
 Reference value :  4.40349e-07
 Reference value :  4.45849e-07
 Reference value :  4.49850e-07
 Reference value :  4.49891e-07
 Reference value :  4.50523e-07
 Reference value :  4.53005e-07
 Reference value :  4.58505e-07
 Reference value :  4.64005e-07
 Reference value :  4.69505e-07
 Reference value :  4.75505e-07
 Reference value :  4.81005e-07
 Reference value :  4.87505e-07
 Reference value :  4.91517e-07
 Reference value :  4.92810e-07
 Reference value :  4.97607e-07
 Reference value :  5.03107e-07
 Reference value :  5.09107e-07
 Reference value :  5.14607e-07
 Reference value :  5.20107e-07
 Reference value :  5.25107e-07
 Reference value :  5.30607e-07
 Reference value :  5.33224e-07
 Reference value :  5.33856e-07
 Reference value :  5.35975e-07
 Reference value :  5.41475e-07
 Reference value :  5.46975e-07
 Reference value :  5.52475e-07
 Reference value :  5.57975e-07
 Reference value :  5.63475e-07
 Reference value :  5.69475e-07
 Reference value :  5.74500e-07
 Reference value :  5.75629e-07
 Reference value :  5.78793e-07
 Reference value :  5.84293e-07
 Reference value :  5.89793e-07
 Reference value :  5.95293e-07
 Reference value :  6.00793e-07
 Reference value :  6.06293e-07
 Reference value :  6.08293e-07
 Reference value :  6.12793e-07
 Reference value :  6.16787e-07
 Reference value :  6.17721e-07
 Reference value :  6.18412e-07
 Reference value :  6.22507e-07
 Reference value :  6.28007e-07
 Reference value :  6.33507e-07
 Reference value :  6.39007e-07
 Reference value :  6.44507e-07
 Reference value :  6.50007e-07
 Reference value :  6.55507e-07
 Reference value :  6.58508e-07
 Reference value :  6.59760e-07
 Reference value :  6.64185e-07
 Reference value :  6.70185e-07
 Reference value :  6.75685e-07
 Reference value :  6.81185e-07
 Reference value :  6.86685e-07
 Reference value :  6.92185e-07
 Reference value :  6.97685e-07
 Reference value :  6.99891e-07
 Reference value :  7.00662e-07
 Reference value :  7.03335e-07
 Reference value :  7.08835e-07
 Reference value :  7.14335e-07
 Reference value :  7.19835e-07
 Reference value :  7.25835e-07
 Reference value :  7.31335e-07
 Reference value :  7.37335e-07
 Reference value :  7.41517e-07
 Reference value :  7.42770e-07
 Reference value :  7.47487e-07
 Reference value :  7.52987e-07
 Reference value :  7.58487e-07
 Reference value :  7.63987e-07
 Reference value :  7.69487e-07
 Reference value :  7.74987e-07
 Reference value :  7.80487e-07
 Reference value :  7.83224e-07
 Reference value :  7.83981e-07
 Reference value :  7.86572e-07
 Reference value :  7.92072e-07
 Reference value :  7.97572e-07
 Reference value :  8.03072e-07
 Reference value :  8.08572e-07
 Reference value :  8.14072e-07
 Reference value :  8.19572e-07
 Reference value :  8.24550e-07
 Reference value :  8.25629e-07
 Reference value :  8.28307e-07
 Reference value :  8.34307e-07
 Reference value :  8.39807e-07
 Reference value :  8.45307e-07
 Reference value :  8.50307e-07
 Reference value :  8.55807e-07
 Reference value :  8.61307e-07
 Reference value :  8.64807e-07
 Reference value :  8.66751e-07
 Reference value :  8.67210e-07
 Reference value :  8.67853e-07
 Reference value :  8.70498e-07
 Reference value :  8.75998e-07
 Reference value :  8.81498e-07
 Reference value :  8.86998e-07
 Reference value :  8.92498e-07
 Reference value :  8.97998e-07
 Reference value :  9.03498e-07
 Reference value :  9.07983e-07
 Reference value :  9.09436e-07
 Reference value :  9.14147e-07
 Reference value :  9.20147e-07
 Reference value :  9.26147e-07
 Reference value :  9.31147e-07
 Reference value :  9.36147e-07
 Reference value :  9.42147e-07
 Reference value :  9.47147e-07
 Reference value :  9.49891e-07
 Reference value :  9.50514e-07
 Reference value :  9.51039e-07
 Reference value :  9.54807e-07
 Reference value :  9.60807e-07
 Reference value :  9.66807e-07
 Reference value :  9.72307e-07
 Reference value :  9.78807e-07
 Reference value :  9.86307e-07
 Reference value :  9.91842e-07
 Reference value :  9.92769e-07
 Reference value :  9.98477e-07
 Reference value :  1.00398e-06
 Reference value :  1.00948e-06
 Reference value :  1.01498e-06
 Reference value :  1.02048e-06
 Reference value :  1.02548e-06
 Reference value :  1.03098e-06
 Reference value :  1.03322e-06
 Reference value :  1.03405e-06
 Reference value :  1.03634e-06
 Reference value :  1.04434e-06
 Reference value :  1.05234e-06
 Reference value :  1.05984e-06
 Reference value :  1.06684e-06
 Reference value :  1.07184e-06
 Reference value :  1.07517e-06
 Reference value :  1.07644e-06
 Reference value :  1.08131e-06
 Reference value :  1.08681e-06
 Reference value :  1.09231e-06
 Reference value :  1.09931e-06
 Reference value :  1.10581e-06
 Reference value :  1.11131e-06
 Reference value :  1.11574e-06
 Reference value :  1.11656e-06
 Reference value :  1.11682e-06
 Reference value :  1.11720e-06
 Reference value :  1.11757e-06
 Reference value :  1.11802e-06
 Reference value :  1.12232e-06
 Reference value :  1.12882e-06
 Reference value :  1.13382e-06
 Reference value :  1.13932e-06
 Reference value :  1.14482e-06
 Reference value :  1.14982e-06
 Reference value :  1.15582e-06
 Reference value :  1.15851e-06
 Reference value :  1.15974e-06
 Reference value :  1.16080e-06
 Reference value :  1.16560e-06
 Reference value :  1.17110e-06
 Reference value :  1.17660e-06
 Reference value :  1.18210e-06
 Reference value :  1.18760e-06
 Reference value :  1.19260e-06
 Reference value :  1.19905e-06
 Reference value :  1.20009e-06
 Reference value :  1.20060e-06
 Reference value :  1.20114e-06
 Reference value :  1.20207e-06
 Reference value :  1.20655e-06
 Reference value :  1.21205e-06
 Reference value :  1.21805e-06
 Reference value :  1.22355e-06
 Reference value :  1.22955e-06
 Reference value :  1.23505e-06
 Reference value :  1.24086e-06
 Reference value :  1.24221e-06
 Reference value :  1.24335e-06
 Reference value :  1.24543e-06
 Reference value :  1.25043e-06
 Reference value :  1.25593e-06
 Reference value :  1.26143e-06
 Reference value :  1.26693e-06
 Reference value :  1.27243e-06
 Reference value :  1.27793e-06
 Reference value :  1.28288e-06
 Reference value :  1.28344e-06
 Reference value :  1.28445e-06
 Reference value :  1.28523e-06
 Reference value :  1.29027e-06
 Reference value :  1.29577e-06
 Reference value :  1.30127e-06
 Reference value :  1.30677e-06
 Reference value :  1.31227e-06
 Reference value :  1.31977e-06
 Reference value :  1.32517e-06
 Reference value :  1.32674e-06
 Reference value :  1.33057e-06
 Reference value :  1.33357e-06
 Reference value :  1.33807e-06
 Reference value :  1.34357e-06
 Reference value :  1.34957e-06
 Reference value :  1.35507e-06
 Reference value :  1.36057e-06
 Reference value :  1.36587e-06
 Reference value :  1.36679e-06
 Reference value :  1.36778e-06
 Reference value :  1.36814e-06
 Reference value :  1.37052e-06
 Reference value :  1.37602e-06
 Reference value :  1.38202e-06
 Reference value :  1.38752e-06
 Reference value :  1.39402e-06
 Reference value :  1.40152e-06
 Reference value :  1.40743e-06
 Reference value :  1.40888e-06
 Reference value :  1.41282e-06
 Reference value :  1.41832e-06
 Reference value :  1.42482e-06
 Reference value :  1.43032e-06
 Reference value :  1.43582e-06
 Reference value :  1.44132e-06
 Reference value :  1.44632e-06
 Reference value :  1.44989e-06
 Reference value :  1.45050e-06
 Reference value :  1.45349e-06
 Reference value :  1.45949e-06
 Reference value :  1.46449e-06
 Reference value :  1.47049e-06
 Reference value :  1.47649e-06
 Reference value :  1.48349e-06
 Reference value :  1.48899e-06
 Reference value :  1.49184e-06
 Reference value :  1.49354e-06
 Reference value :  1.49946e-06
 Reference value :  1.50546e-06
 Reference value :  1.51096e-06
 Reference value :  1.51746e-06
 Reference value :  1.52196e-06
 Reference value :  1.52696e-06
 Reference value :  1.53288e-06
 Reference value :  1.53364e-06
 Reference value :  1.53455e-06
 Reference value :  1.53553e-06
 Reference value :  1.54133e-06
 Reference value :  1.54783e-06
 Reference value :  1.55433e-06
 Reference value :  1.56133e-06
 Reference value :  1.56883e-06
 Reference value :  1.57465e-06
 Reference value :  1.57614e-06
 Reference value :  1.58244e-06
 Reference value :  1.58994e-06
 Reference value :  1.59694e-06
 Reference value :  1.60444e-06
 Reference value :  1.61144e-06
 Reference value :  1.61656e-06
 Reference value :  1.61733e-06
 Reference value :  1.62229e-06
 Reference value :  1.62929e-06
 Reference value :  1.63579e-06
 Reference value :  1.64279e-06
 Reference value :  1.65029e-06
 Reference value :  1.65679e-06
 Reference value :  1.65888e-06
 Reference value :  1.66217e-06
 Reference value :  1.66867e-06
 Reference value :  1.67567e-06
 Reference value :  1.68217e-06
 Reference value :  1.68817e-06
 Reference value :  1.69467e-06
 Reference value :  1.69985e-06
 Reference value :  1.69989e-06
 Reference value :  1.70078e-06
 Reference value :  1.70581e-06
 Reference value :  1.71281e-06
 Reference value :  1.71981e-06
 Reference value :  1.72631e-06
 Reference value :  1.73281e-06
 Reference value :  1.73981e-06
 Reference value :  1.74221e-06
 Reference value :  1.74548e-06
 Reference value :  1.75148e-06
 Reference value :  1.75798e-06
 Reference value :  1.76448e-06
 Reference value :  1.77098e-06
 Reference value :  1.77598e-06
 Reference value :  1.78098e-06
 Reference value :  1.78322e-06
 Reference value :  1.78390e-06
 Reference value :  1.78432e-06
 Reference value :  1.78520e-06
 Reference value :  1.79066e-06
 Reference value :  1.79616e-06
 Reference value :  1.80166e-06
 Reference value :  1.80716e-06
 Reference value :  1.81266e-06
 Reference value :  1.81816e-06
 Reference value :  1.82366e-06
 Reference value :  1.82554e-06
 Reference value :  1.82880e-06
 Reference value :  1.83480e-06
 Reference value :  1.84030e-06
 Reference value :  1.84580e-06
 Reference value :  1.85130e-06
 Reference value :  1.85680e-06
 Reference value :  1.86030e-06
 Reference value :  1.86430e-06
 Reference value :  1.86675e-06
 Reference value :  1.86727e-06
 Reference value :  1.86782e-06
 Reference value :  1.86882e-06
 Reference value :  1.87313e-06
 Reference value :  1.87863e-06
 Reference value :  1.88713e-06
 Reference value :  1.89463e-06
 Reference value :  1.89963e-06
 Reference value :  1.90513e-06
 Reference value :  1.90851e-06
 Reference value :  1.91021e-06
 Reference value :  1.91614e-06
 Reference value :  1.92164e-06
 Reference value :  1.92664e-06
 Reference value :  1.93214e-06
 Reference value :  1.93764e-06
 Reference value :  1.94264e-06
 Reference value :  1.94714e-06
 Reference value :  1.94950e-06
 Reference value :  1.95025e-06
 Reference value :  1.95067e-06
 Reference value :  1.95110e-06
 Reference value :  1.95239e-06
 Reference value :  1.95689e-06
 Reference value :  1.96239e-06
 Reference value :  1.96839e-06
 Reference value :  1.97489e-06
 Reference value :  1.98039e-06
 Reference value :  1.98589e-06
 Reference value :  1.99117e-06
 Reference value :  1.99221e-06
 Reference value :  1.99448e-06
 Reference value :  1.99948e-06
 Reference value :  2.00498e-06
 Reference value :  2.01048e-06
 Reference value :  2.01648e-06
 Reference value :  2.02248e-06
 Reference value :  2.02798e-06
 Reference value :  2.03283e-06
 Reference value :  2.03383e-06
 Reference value :  2.03445e-06
 Reference value :  2.03946e-06
 Reference value :  2.04546e-06
 Reference value :  2.05196e-06
 Reference value :  2.05846e-06
 Reference value :  2.06446e-06
 Reference value :  2.07096e-06
 Reference value :  2.07517e-06
 Reference value :  2.07782e-06
 Reference value :  2.08432e-06
 Reference value :  2.09132e-06
 Reference value :  2.09682e-06
 Reference value :  2.10332e-06
 Reference value :  2.10882e-06
 Reference value :  2.11432e-06
 Reference value :  2.11656e-06
 Reference value :  2.11682e-06
 Reference value :  2.11732e-06
 Reference value :  2.11793e-06
 Reference value :  2.12495e-06
 Reference value :  2.13445e-06
 Reference value :  2.14145e-06
 Reference value :  2.14745e-06
 Reference value :  2.15195e-06
 Reference value :  2.15788e-06
 Reference value :  2.15974e-06
 Reference value :  2.16191e-06
 Reference value :  2.16641e-06
 Reference value :  2.17191e-06
 Reference value :  2.17741e-06
 Reference value :  2.18291e-06
 Reference value :  2.18841e-06
 Reference value :  2.19391e-06
 Reference value :  2.19921e-06
 Reference value :  2.20008e-06
 Reference value :  2.20059e-06
 Reference value :  2.20102e-06
 Reference value :  2.20189e-06
 Reference value :  2.20739e-06
 Reference value :  2.21289e-06
 Reference value :  2.21889e-06
 Reference value :  2.22439e-06
 Reference value :  2.22989e-06
 Reference value :  2.23539e-06
 Reference value :  2.24078e-06
 Reference value :  2.24221e-06
 Reference value :  2.24336e-06
 Reference value :  2.24479e-06
 Reference value :  2.24877e-06
 Reference value :  2.25427e-06
 Reference value :  2.26077e-06
 Reference value :  2.26727e-06
 Reference value :  2.27327e-06
 Reference value :  2.27977e-06
 Reference value :  2.28344e-06
 Reference value :  2.28424e-06
 Reference value :  2.28471e-06
 Reference value :  2.28625e-06
 Reference value :  2.29125e-06
 Reference value :  2.29625e-06
 Reference value :  2.30175e-06
 Reference value :  2.30775e-06
 Reference value :  2.31325e-06
 Reference value :  2.31875e-06
 Reference value :  2.32450e-06
 Reference value :  2.32554e-06
 Reference value :  2.32719e-06
 Reference value :  2.33119e-06
 Reference value :  2.33226e-06
 Reference value :  2.33663e-06
 Reference value :  2.34313e-06
 Reference value :  2.34963e-06
 Reference value :  2.35513e-06
 Reference value :  2.36163e-06
 Reference value :  2.36632e-06
 Reference value :  2.36656e-06
 Reference value :  2.36717e-06
 Reference value :  2.36778e-06
 Reference value :  2.36952e-06
 Reference value :  2.37552e-06
 Reference value :  2.38202e-06
 Reference value :  2.38752e-06
 Reference value :  2.39302e-06
 Reference value :  2.39852e-06
 Reference value :  2.40402e-06
 Reference value :  2.40818e-06
 Reference value :  2.40943e-06
 Reference value :  2.41255e-06
 Reference value :  2.41655e-06
 Reference value :  2.42055e-06
 Reference value :  2.42555e-06
 Reference value :  2.43105e-06
 Reference value :  2.43905e-06
 Reference value :  2.44505e-06
 Reference value :  2.44965e-06
 Reference value :  2.45031e-06
 Reference value :  2.45110e-06
 Reference value :  2.45161e-06
 Reference value :  2.45485e-06
 Reference value :  2.45935e-06
 Reference value :  2.46485e-06
 Reference value :  2.47035e-06
 Reference value :  2.47585e-06
 Reference value :  2.48135e-06
 Reference value :  2.48685e-06
 Reference value :  2.49132e-06
 Reference value :  2.49276e-06
 Reference value :  2.49587e-06
 Reference value :  2.49893e-06
 Reference value :  2.50231e-06
 Reference value :  2.50781e-06
 Reference value :  2.51281e-06
 Reference value :  2.51831e-06
 Reference value :  2.52381e-06
 Reference value :  2.52931e-06
 Reference value :  2.53318e-06
 Reference value :  2.53322e-06
 Reference value :  2.53390e-06
 Reference value :  2.53455e-06
 Reference value :  2.53821e-06
 Reference value :  2.54421e-06
 Reference value :  2.54971e-06
 Reference value :  2.55521e-06
 Reference value :  2.56121e-06
 Reference value :  2.56671e-06
 Reference value :  2.57271e-06
 Reference value :  2.57517e-06
 Reference value :  2.57682e-06
 Reference value :  2.58072e-06
 Reference value :  2.58372e-06
 Reference value :  2.58972e-06
 Reference value :  2.59522e-06
 Reference value :  2.60072e-06
 Reference value :  2.60672e-06
 Reference value :  2.61222e-06
 Reference value :  2.61652e-06
 Reference value :  2.61656e-06
 Reference value :  2.61719e-06
 Reference value :  2.61789e-06
 Reference value :  2.62155e-06
 Reference value :  2.62705e-06
 Reference value :  2.63255e-06
 Reference value :  2.63855e-06
 Reference value :  2.64405e-06
 Reference value :  2.64955e-06
 Reference value :  2.65555e-06
 Reference value :  2.65851e-06
 Reference value :  2.65976e-06
 Reference value :  2.66255e-06
 Reference value :  2.66655e-06
 Reference value :  2.67005e-06
 Reference value :  2.67555e-06
 Reference value :  2.68155e-06
 Reference value :  2.68705e-06
 Reference value :  2.69255e-06
 Reference value :  2.69855e-06
 Reference value :  2.69989e-06
 Reference value :  2.70052e-06
 Reference value :  2.70119e-06
 Reference value :  2.70529e-06
 Reference value :  2.71079e-06
 Reference value :  2.71629e-06
 Reference value :  2.72179e-06
 Reference value :  2.72679e-06
 Reference value :  2.73229e-06
 Reference value :  2.73779e-06
 Reference value :  2.74184e-06
 Reference value :  2.74309e-06
 Reference value :  2.74639e-06
 Reference value :  2.74989e-06
 Reference value :  2.75289e-06
 Reference value :  2.75889e-06
 Reference value :  2.76489e-06
 Reference value :  2.77039e-06
 Reference value :  2.77539e-06
 Reference value :  2.78139e-06
 Reference value :  2.78322e-06
 Reference value :  2.78383e-06
 Reference value :  2.78444e-06
 Reference value :  2.78767e-06
 Reference value :  2.79317e-06
 Reference value :  2.79867e-06
 Reference value :  2.80417e-06
 Reference value :  2.81067e-06
 Reference value :  2.81667e-06
 Reference value :  2.82167e-06
 Reference value :  2.82517e-06
 Reference value :  2.82682e-06
 Reference value :  2.83072e-06
 Reference value :  2.83372e-06
 Reference value :  2.83872e-06
 Reference value :  2.84472e-06
 Reference value :  2.85072e-06
 Reference value :  2.85622e-06
 Reference value :  2.86222e-06
 Reference value :  2.86656e-06
 Reference value :  2.86718e-06
 Reference value :  2.86774e-06
 Reference value :  2.87098e-06
 Reference value :  2.87698e-06
 Reference value :  2.88248e-06
 Reference value :  2.88848e-06
 Reference value :  2.89448e-06
 Reference value :  2.90048e-06
 Reference value :  2.90548e-06
 Reference value :  2.90851e-06
 Reference value :  2.91015e-06
 Reference value :  2.91455e-06
 Reference value :  2.91805e-06
 Reference value :  2.92205e-06
 Reference value :  2.92805e-06
 Reference value :  2.93355e-06
 Reference value :  2.93905e-06
 Reference value :  2.94505e-06
 Reference value :  2.94965e-06
 Reference value :  2.95037e-06
 Reference value :  2.95062e-06
 Reference value :  2.95118e-06
 Reference value :  2.95516e-06
 Reference value :  2.96066e-06
 Reference value :  2.96716e-06
 Reference value :  2.97316e-06
 Reference value :  2.97866e-06
 Reference value :  2.98416e-06
 Reference value :  2.98966e-06
 Reference value :  2.99184e-06
 Reference value :  2.99349e-06
 Reference value :  2.99739e-06
 Reference value :  2.99995e-06
 Reference value :  3.00332e-06
 Reference value :  3.00882e-06
 Reference value :  3.01432e-06
 Reference value :  3.02032e-06
 Reference value :  3.02582e-06
 Reference value :  3.03132e-06
 Reference value :  3.03322e-06
 Reference value :  3.03386e-06
 Reference value :  3.03429e-06
 Reference value :  3.03562e-06
 Reference value :  3.04112e-06
 Reference value :  3.04612e-06
 Reference value :  3.05162e-06
 Reference value :  3.05712e-06
 Reference value :  3.06312e-06
 Reference value :  3.06812e-06
 Reference value :  3.07362e-06
 Reference value :  3.07550e-06
 Reference value :  3.07685e-06
 Reference value :  3.08125e-06
 Reference value :  3.08475e-06
 Reference value :  3.08975e-06
 Reference value :  3.09675e-06
 Reference value :  3.10375e-06
 Reference value :  3.11075e-06
 Reference value :  3.11617e-06
 Reference value :  3.11656e-06
 Reference value :  3.11682e-06
 Reference value :  3.11720e-06
 Reference value :  3.11760e-06
 Reference value :  3.11848e-06
 Reference value :  3.12536e-06
 Reference value :  3.13236e-06
 Reference value :  3.13986e-06
 Reference value :  3.14736e-06
 Reference value :  3.15536e-06
 Reference value :  3.15913e-06
 Reference value :  3.16138e-06
 Reference value :  3.16457e-06
 Reference value :  3.16957e-06
 Reference value :  3.17507e-06
 Reference value :  3.18057e-06
 Reference value :  3.18807e-06
 Reference value :  3.19357e-06
 Reference value :  3.19903e-06
 Reference value :  3.20008e-06
 Reference value :  3.20059e-06
 Reference value :  3.20101e-06
 Reference value :  3.20163e-06
 Reference value :  3.20647e-06
 Reference value :  3.21247e-06
 Reference value :  3.21797e-06
 Reference value :  3.22347e-06
 Reference value :  3.22947e-06
 Reference value :  3.23497e-06
 Reference value :  3.24122e-06
 Reference value :  3.24277e-06
 Reference value :  3.24476e-06
 Reference value :  3.24759e-06
 Reference value :  3.25409e-06
 Reference value :  3.26009e-06
 Reference value :  3.26559e-06
 Reference value :  3.27209e-06
 Reference value :  3.27759e-06
 Reference value :  3.28283e-06
 Reference value :  3.28364e-06
 Reference value :  3.28412e-06
 Reference value :  3.28468e-06
 Reference value :  3.28905e-06
 Reference value :  3.29455e-06
 Reference value :  3.30055e-06
 Reference value :  3.30605e-06
 Reference value :  3.31155e-06
 Reference value :  3.31705e-06
 Reference value :  3.32255e-06
 Reference value :  3.32550e-06
 Reference value :  3.32793e-06
 Reference value :  3.33043e-06
 Reference value :  3.33593e-06
 Reference value :  3.34293e-06
 Reference value :  3.34993e-06
 Reference value :  3.35543e-06
 Reference value :  3.36093e-06
 Reference value :  3.36622e-06
 Reference value :  3.36656e-06
 Reference value :  3.36717e-06
 Reference value :  3.36779e-06
 Reference value :  3.36801e-06
 Reference value :  3.37036e-06
 Reference value :  3.37486e-06
 Reference value :  3.38036e-06
 Reference value :  3.38686e-06
 Reference value :  3.39286e-06
 Reference value :  3.39836e-06
 Reference value :  3.40386e-06
 Reference value :  3.40818e-06
 Reference value :  3.40942e-06
 Reference value :  3.41126e-06
 Reference value :  3.41526e-06
 Reference value :  3.42026e-06
 Reference value :  3.42576e-06
 Reference value :  3.43176e-06
 Reference value :  3.43726e-06
 Reference value :  3.44276e-06
 Reference value :  3.44876e-06
 Reference value :  3.44989e-06
 Reference value :  3.45052e-06
 Reference value :  3.45111e-06
 Reference value :  3.45147e-06
 Reference value :  3.45428e-06
 Reference value :  3.45978e-06
 Reference value :  3.46528e-06
 Reference value :  3.47128e-06
 Reference value :  3.47728e-06
 Reference value :  3.48278e-06
 Reference value :  3.48878e-06
 Reference value :  3.49184e-06
 Reference value :  3.49344e-06
 Reference value :  3.49514e-06
 Reference value :  3.49964e-06
 Reference value :  3.50464e-06
 Reference value :  3.51014e-06
 Reference value :  3.51614e-06
 Reference value :  3.52164e-06
 Reference value :  3.52764e-06
 Reference value :  3.53318e-06
 Reference value :  3.53322e-06
 Reference value :  3.53386e-06
 Reference value :  3.53445e-06
 Reference value :  3.53478e-06
 Reference value :  3.53746e-06
 Reference value :  3.54146e-06
 Reference value :  3.54696e-06
 Reference value :  3.55246e-06
 Reference value :  3.55796e-06
 Reference value :  3.56396e-06
 Reference value :  3.56896e-06
 Reference value :  3.57396e-06
 Reference value :  3.57550e-06
 Reference value :  3.57679e-06
 Reference value :  3.57763e-06
 Reference value :  3.57827e-06
 Reference value :  3.58093e-06
 Reference value :  3.58543e-06
 Reference value :  3.59093e-06
 Reference value :  3.59643e-06
 Reference value :  3.60293e-06
 Reference value :  3.60843e-06
 Reference value :  3.61393e-06
 Reference value :  3.61656e-06
 Reference value :  3.61719e-06
 Reference value :  3.61789e-06
 Reference value :  3.61928e-06
 Reference value :  3.62428e-06
 Reference value :  3.62978e-06
 Reference value :  3.63528e-06
 Reference value :  3.64128e-06
 Reference value :  3.64678e-06
 Reference value :  3.65228e-06
 Reference value :  3.65783e-06
 Reference value :  3.65896e-06
 Reference value :  3.66053e-06
 Reference value :  3.66134e-06
 Reference value :  3.66378e-06
 Reference value :  3.66878e-06
 Reference value :  3.67478e-06
 Reference value :  3.68028e-06
 Reference value :  3.68578e-06
 Reference value :  3.69178e-06
 Reference value :  3.69778e-06
 Reference value :  3.69989e-06
 Reference value :  3.70050e-06
 Reference value :  3.70110e-06
 Reference value :  3.70131e-06
 Reference value :  3.70311e-06
 Reference value :  3.70761e-06
 Reference value :  3.71311e-06
 Reference value :  3.71911e-06
 Reference value :  3.72461e-06
 Reference value :  3.73011e-06
 Reference value :  3.73561e-06
 Reference value :  3.74117e-06
 Reference value :  3.74230e-06
 Reference value :  3.74388e-06
 Reference value :  3.74463e-06
 Reference value :  3.74588e-06
 Reference value :  3.75038e-06
 Reference value :  3.75588e-06
 Reference value :  3.76188e-06
 Reference value :  3.76738e-06
 Reference value :  3.77288e-06
 Reference value :  3.77888e-06
 Reference value :  3.78322e-06
 Reference value :  3.78383e-06
 Reference value :  3.78446e-06
 Reference value :  3.78492e-06
 Reference value :  3.78852e-06
 Reference value :  3.79302e-06
 Reference value :  3.79802e-06
 Reference value :  3.80352e-06
 Reference value :  3.80952e-06
 Reference value :  3.81502e-06
 Reference value :  3.82052e-06
 Reference value :  3.82517e-06
 Reference value :  3.82681e-06
 Reference value :  3.82798e-06
 Reference value :  3.82881e-06
 Reference value :  3.83313e-06
 Reference value :  3.83913e-06
 Reference value :  3.84663e-06
 Reference value :  3.85263e-06
 Reference value :  3.85813e-06
 Reference value :  3.86363e-06
 Reference value :  3.86656e-06
 Reference value :  3.86717e-06
 Reference value :  3.86744e-06
 Reference value :  3.86795e-06
 Reference value :  3.86878e-06
 Reference value :  3.87270e-06
 Reference value :  3.87770e-06
 Reference value :  3.88320e-06
 Reference value :  3.88870e-06
 Reference value :  3.89420e-06
 Reference value :  3.89970e-06
 Reference value :  3.90570e-06
 Reference value :  3.90851e-06
 Reference value :  3.91015e-06
 Reference value :  3.91134e-06
 Reference value :  3.91184e-06
 Reference value :  3.91396e-06
 Reference value :  3.91846e-06
 Reference value :  3.92496e-06
 Reference value :  3.93046e-06
 Reference value :  3.93646e-06
 Reference value :  3.94146e-06
 Reference value :  3.94696e-06
 Reference value :  3.95004e-06
 Reference value :  3.95051e-06
 Reference value :  3.95100e-06
 Reference value :  3.95168e-06
 Reference value :  3.95532e-06
 Reference value :  3.96082e-06
 Reference value :  3.96682e-06
 Reference value :  3.97232e-06
 Reference value :  3.97782e-06
 Reference value :  3.98382e-06
 Reference value :  3.98932e-06
 Reference value :  3.99217e-06
 Reference value :  3.99388e-06
 Reference value :  3.99525e-06
 Reference value :  3.99788e-06
 Reference value :  4.00488e-06
 Reference value :  4.01238e-06
 Reference value :  4.01888e-06
 Reference value :  4.02488e-06
 Reference value :  4.02988e-06
 Reference value :  4.03322e-06
 Reference value :  4.03408e-06
 Reference value :  4.03471e-06
 Reference value :  4.03881e-06
 Reference value :  4.04581e-06
 Reference value :  4.05381e-06
 Reference value :  4.06131e-06
 Reference value :  4.06981e-06
 Reference value :  4.07517e-06
 Reference value :  4.07809e-06
 Reference value :  4.08219e-06
 Reference value :  4.08869e-06
 Reference value :  4.09519e-06
 Reference value :  4.10169e-06
 Reference value :  4.10869e-06
 Reference value :  4.11419e-06
 Reference value :  4.11717e-06
 Reference value :  4.11750e-06
 Reference value :  4.11815e-06
 Reference value :  4.12374e-06
 Reference value :  4.13024e-06
 Reference value :  4.13624e-06
 Reference value :  4.14274e-06
 Reference value :  4.14924e-06
 Reference value :  4.15524e-06
 Reference value :  4.15851e-06
 Reference value :  4.16004e-06
 Reference value :  4.16344e-06
 Reference value :  4.16944e-06
 Reference value :  4.17494e-06
 Reference value :  4.18044e-06
 Reference value :  4.18694e-06
 Reference value :  4.19444e-06
 Reference value :  4.19985e-06
 Reference value :  4.20050e-06
 Reference value :  4.20090e-06
 Reference value :  4.20132e-06
 Reference value :  4.20519e-06
 Reference value :  4.21069e-06
 Reference value :  4.21669e-06
 Reference value :  4.22219e-06
 Reference value :  4.22719e-06
 Reference value :  4.23269e-06
 Reference value :  4.23819e-06
 Reference value :  4.24184e-06
 Reference value :  4.24336e-06
 Reference value :  4.24728e-06
 Reference value :  4.25278e-06
 Reference value :  4.25778e-06
 Reference value :  4.26378e-06
 Reference value :  4.26878e-06
 Reference value :  4.27478e-06
 Reference value :  4.28028e-06
 Reference value :  4.28342e-06
 Reference value :  4.28386e-06
 Reference value :  4.28455e-06
 Reference value :  4.28867e-06
 Reference value :  4.29367e-06
 Reference value :  4.29917e-06
 Reference value :  4.30517e-06
 Reference value :  4.31067e-06
 Reference value :  4.31667e-06
 Reference value :  4.32267e-06
 Reference value :  4.32550e-06
 Reference value :  4.32680e-06
 Reference value :  4.33119e-06
 Reference value :  4.33369e-06
 Reference value :  4.33769e-06
 Reference value :  4.34269e-06
 Reference value :  4.34819e-06
 Reference value :  4.35419e-06
 Reference value :  4.35969e-06
 Reference value :  4.36519e-06
 Reference value :  4.36656e-06
 Reference value :  4.36719e-06
 Reference value :  4.36787e-06
 Reference value :  4.36927e-06
 Reference value :  4.37327e-06
 Reference value :  4.37827e-06
 Reference value :  4.38427e-06
 Reference value :  4.38927e-06
 Reference value :  4.39527e-06
 Reference value :  4.40027e-06
 Reference value :  4.40577e-06
 Reference value :  4.40883e-06
 Reference value :  4.41055e-06
 Reference value :  4.41605e-06
 Reference value :  4.41955e-06
 Reference value :  4.42555e-06
 Reference value :  4.43055e-06
 Reference value :  4.43655e-06
 Reference value :  4.44205e-06
 Reference value :  4.44755e-06
 Reference value :  4.45012e-06
 Reference value :  4.45111e-06
 Reference value :  4.45192e-06
 Reference value :  4.45732e-06
 Reference value :  4.46282e-06
 Reference value :  4.46832e-06
 Reference value :  4.47382e-06
 Reference value :  4.47932e-06
 Reference value :  4.48482e-06
 Reference value :  4.49032e-06
 Reference value :  4.49217e-06
 Reference value :  4.49348e-06
 Reference value :  4.49787e-06
 Reference value :  4.49987e-06
 Reference value :  4.50337e-06
 Reference value :  4.50787e-06
 Reference value :  4.51337e-06
 Reference value :  4.51937e-06
 Reference value :  4.52437e-06
 Reference value :  4.53037e-06
 Reference value :  4.53322e-06
 Reference value :  4.53386e-06
 Reference value :  4.53443e-06
 Reference value :  4.53508e-06
 Reference value :  4.53894e-06
 Reference value :  4.54444e-06
 Reference value :  4.54994e-06
 Reference value :  4.55494e-06
 Reference value :  4.56144e-06
 Reference value :  4.56694e-06
 Reference value :  4.57244e-06
 Reference value :  4.57517e-06
 Reference value :  4.57682e-06
 Reference value :  4.58222e-06
 Reference value :  4.58422e-06
 Reference value :  4.58922e-06
 Reference value :  4.59422e-06
 Reference value :  4.60022e-06
 Reference value :  4.60622e-06
 Reference value :  4.61172e-06
 Reference value :  4.61632e-06
 Reference value :  4.61656e-06
 Reference value :  4.61719e-06
 Reference value :  4.61777e-06
 Reference value :  4.61809e-06
 Reference value :  4.62079e-06
 Reference value :  4.62479e-06
 Reference value :  4.63079e-06
 Reference value :  4.63629e-06
 Reference value :  4.64229e-06
 Reference value :  4.64729e-06
 Reference value :  4.65279e-06
 Reference value :  4.65798e-06
 Reference value :  4.65913e-06
 Reference value :  4.66105e-06
 Reference value :  4.66505e-06
 Reference value :  4.66705e-06
 Reference value :  4.67105e-06
 Reference value :  4.67705e-06
 Reference value :  4.68405e-06
 Reference value :  4.69055e-06
 Reference value :  4.69655e-06
 Reference value :  4.69989e-06
 Reference value :  4.70052e-06
 Reference value :  4.70109e-06
 Reference value :  4.70141e-06
 Reference value :  4.70458e-06
 Reference value :  4.70908e-06
 Reference value :  4.71508e-06
 Reference value :  4.72058e-06
 Reference value :  4.72608e-06
 Reference value :  4.73208e-06
 Reference value :  4.73758e-06
 Reference value :  4.74152e-06
 Reference value :  4.74277e-06
 Reference value :  4.74539e-06
 Reference value :  4.74939e-06
 Reference value :  4.75289e-06
 Reference value :  4.75739e-06
 Reference value :  4.76339e-06
 Reference value :  4.76839e-06
 Reference value :  4.77389e-06
 Reference value :  4.78039e-06
 Reference value :  4.78322e-06
 Reference value :  4.78386e-06
 Reference value :  4.78446e-06
 Reference value :  4.78516e-06
 Reference value :  4.78859e-06
 Reference value :  4.79359e-06
 Reference value :  4.79959e-06
 Reference value :  4.80509e-06
 Reference value :  4.81059e-06
 Reference value :  4.81709e-06
 Reference value :  4.82259e-06
 Reference value :  4.82517e-06
 Reference value :  4.82682e-06
 Reference value :  4.83122e-06
 Reference value :  4.83322e-06
 Reference value :  4.83622e-06
 Reference value :  4.84122e-06
 Reference value :  4.84722e-06
 Reference value :  4.85372e-06
 Reference value :  4.85972e-06
 Reference value :  4.86522e-06
 Reference value :  4.86656e-06
 Reference value :  4.86718e-06
 Reference value :  4.86775e-06
 Reference value :  4.86812e-06
 Reference value :  4.87162e-06
 Reference value :  4.87612e-06
 Reference value :  4.88212e-06
 Reference value :  4.88712e-06
 Reference value :  4.89412e-06
 Reference value :  4.90012e-06
 Reference value :  4.90512e-06
 Reference value :  4.90851e-06
 Reference value :  4.91015e-06
 Reference value :  4.91455e-06
 Reference value :  4.91705e-06
 Reference value :  4.92055e-06
 Reference value :  4.92605e-06
 Reference value :  4.93105e-06
 Reference value :  4.93805e-06
 Reference value :  4.94405e-06
 Reference value :  4.94903e-06
 Reference value :  4.95037e-06
 Reference value :  4.95068e-06
 Reference value :  4.95129e-06
 Reference value :  4.95280e-06
 Reference value :  4.95930e-06
 Reference value :  4.96430e-06
 Reference value :  4.97080e-06
 Reference value :  4.97780e-06
 Reference value :  4.98530e-06
 Reference value :  4.99132e-06
 Reference value :  4.99349e-06
 Reference value :  4.99939e-06
 Reference value :  5.00289e-06
 Reference value :  5.00789e-06
 Reference value :  5.01439e-06
 Reference value :  5.02139e-06
 Reference value :  5.02689e-06
 Reference value :  5.03236e-06
 Reference value :  5.03383e-06
 Reference value :  5.03452e-06
 Reference value :  5.03759e-06
 Reference value :  5.04359e-06
 Reference value :  5.04909e-06
 Reference value :  5.05459e-06
 Reference value :  5.06109e-06
 Reference value :  5.06609e-06
 Reference value :  5.07209e-06
 Reference value :  5.07550e-06
 Reference value :  5.07685e-06
 Reference value :  5.08175e-06
 Reference value :  5.08525e-06
 Reference value :  5.09075e-06
 Reference value :  5.09625e-06
 Reference value :  5.10275e-06
 Reference value :  5.10825e-06
 Reference value :  5.11571e-06
 Reference value :  5.11656e-06
 Reference value :  5.11732e-06
 Reference value :  5.11792e-06
 Reference value :  5.12013e-06
 Reference value :  5.12613e-06
 Reference value :  5.13163e-06
 Reference value :  5.13763e-06
 Reference value :  5.14263e-06
 Reference value :  5.14763e-06
 Reference value :  5.15313e-06
 Reference value :  5.15783e-06
 Reference value :  5.15943e-06
 Reference value :  5.16006e-06
 Reference value :  5.16237e-06
 Reference value :  5.16837e-06
 Reference value :  5.17387e-06
 Reference value :  5.17937e-06
 Reference value :  5.18587e-06
 Reference value :  5.19137e-06
 Reference value :  5.19737e-06
 Reference value :  5.20008e-06
 Reference value :  5.20059e-06
 Reference value :  5.20102e-06
 Reference value :  5.20205e-06
 Reference value :  5.20755e-06
 Reference value :  5.21355e-06
 Reference value :  5.21955e-06
 Reference value :  5.22505e-06
 Reference value :  5.23105e-06
 Reference value :  5.23655e-06
 Reference value :  5.24122e-06
 Reference value :  5.24247e-06
 Reference value :  5.24339e-06
 Reference value :  5.24519e-06
 Reference value :  5.25019e-06
 Reference value :  5.25569e-06
 Reference value :  5.26119e-06
 Reference value :  5.26719e-06
 Reference value :  5.27219e-06
 Reference value :  5.27769e-06
 Reference value :  5.28345e-06
 Reference value :  5.28421e-06
 Reference value :  5.28516e-06
 Reference value :  5.28998e-06
 Reference value :  5.29598e-06
 Reference value :  5.30198e-06
 Reference value :  5.30698e-06
 Reference value :  5.31298e-06
 Reference value :  5.31848e-06
 Reference value :  5.32450e-06
 Reference value :  5.32563e-06
 Reference value :  5.32710e-06
 Reference value :  5.33157e-06
 Reference value :  5.33607e-06
 Reference value :  5.34207e-06
 Reference value :  5.34757e-06
 Reference value :  5.35357e-06
 Reference value :  5.35907e-06
 Reference value :  5.36457e-06
 Reference value :  5.36679e-06
 Reference value :  5.36759e-06
 Reference value :  5.36800e-06
 Reference value :  5.37200e-06
 Reference value :  5.37800e-06
 Reference value :  5.38400e-06
 Reference value :  5.38950e-06
 Reference value :  5.39500e-06
 Reference value :  5.40100e-06
 Reference value :  5.40650e-06
 Reference value :  5.40883e-06
 Reference value :  5.41232e-06
 Reference value :  5.41782e-06
 Reference value :  5.42382e-06
 Reference value :  5.42882e-06
 Reference value :  5.43382e-06
 Reference value :  5.43982e-06
 Reference value :  5.44482e-06
 Reference value :  5.44965e-06
 Reference value :  5.45012e-06
 Reference value :  5.45110e-06
 Reference value :  5.45669e-06
 Reference value :  5.46169e-06
 Reference value :  5.46769e-06
 Reference value :  5.47319e-06
 Reference value :  5.47869e-06
 Reference value :  5.48469e-06
 Reference value :  5.48969e-06
 Reference value :  5.49217e-06
 Reference value :  5.49568e-06
 Reference value :  5.50118e-06
 Reference value :  5.50718e-06
 Reference value :  5.51318e-06
 Reference value :  5.51818e-06
 Reference value :  5.52418e-06
 Reference value :  5.52918e-06
 Reference value :  5.53298e-06
 Reference value :  5.53364e-06
 Reference value :  5.53474e-06
 Reference value :  5.54158e-06
 Reference value :  5.54708e-06
 Reference value :  5.55308e-06
 Reference value :  5.55858e-06
 Reference value :  5.56408e-06
 Reference value :  5.57108e-06
 Reference value :  5.57517e-06
 Reference value :  5.57801e-06
 Reference value :  5.58401e-06
 Reference value :  5.58951e-06
 Reference value :  5.59501e-06
 Reference value :  5.60101e-06
 Reference value :  5.60651e-06
 Reference value :  5.61151e-06
 Reference value :  5.61632e-06
 Reference value :  5.61679e-06
 Reference value :  5.61779e-06
 Reference value :  5.62340e-06
 Reference value :  5.62840e-06
 Reference value :  5.63390e-06
 Reference value :  5.63990e-06
 Reference value :  5.64490e-06
 Reference value :  5.65090e-06
 Reference value :  5.65590e-06
 Reference value :  5.65851e-06
 Reference value :  5.66183e-06
 Reference value :  5.66733e-06
 Reference value :  5.67333e-06
 Reference value :  5.67833e-06
 Reference value :  5.68383e-06
 Reference value :  5.68933e-06
 Reference value :  5.69433e-06
 Reference value :  5.70012e-06
 Reference value :  5.70105e-06
 Reference value :  5.70656e-06
 Reference value :  5.71206e-06
 Reference value :  5.71756e-06
 Reference value :  5.72306e-06
 Reference value :  5.72906e-06
 Reference value :  5.73456e-06
 Reference value :  5.74006e-06
 Reference value :  5.74217e-06
 Reference value :  5.74616e-06
 Reference value :  5.75166e-06
 Reference value :  5.75766e-06
 Reference value :  5.76316e-06
 Reference value :  5.76866e-06
 Reference value :  5.77516e-06
 Reference value :  5.78116e-06
 Reference value :  5.78342e-06
 Reference value :  5.78383e-06
 Reference value :  5.78482e-06
 Reference value :  5.79071e-06
 Reference value :  5.79771e-06
 Reference value :  5.80321e-06
 Reference value :  5.80871e-06
 Reference value :  5.81471e-06
 Reference value :  5.82021e-06
 Reference value :  5.82485e-06
 Reference value :  5.82614e-06
 Reference value :  5.83149e-06
 Reference value :  5.83699e-06
 Reference value :  5.84299e-06
 Reference value :  5.84799e-06
 Reference value :  5.85349e-06
 Reference value :  5.85899e-06
 Reference value :  5.86449e-06
 Reference value :  5.86675e-06
 Reference value :  5.86721e-06
 Reference value :  5.86860e-06
 Reference value :  5.87410e-06
 Reference value :  5.87910e-06
 Reference value :  5.88510e-06
 Reference value :  5.89060e-06
 Reference value :  5.89560e-06
 Reference value :  5.90110e-06
 Reference value :  5.90747e-06
 Reference value :  5.90888e-06
 Reference value :  5.91433e-06
 Reference value :  5.92133e-06
 Reference value :  5.92733e-06
 Reference value :  5.93283e-06
 Reference value :  5.93783e-06
 Reference value :  5.94433e-06
 Reference value :  5.94955e-06
 Reference value :  5.95029e-06
 Reference value :  5.95158e-06
 Reference value :  5.95696e-06
 Reference value :  5.96296e-06
 Reference value :  5.96896e-06
 Reference value :  5.97496e-06
 Reference value :  5.98046e-06
 Reference value :  5.98696e-06
 Reference value :  5.99184e-06
 Reference value :  5.99616e-06
 Reference value :  6.00266e-06
 Reference value :  6.01016e-06
 Reference value :  6.01816e-06
 Reference value :  6.02566e-06
 Reference value :  6.03298e-06
 Reference value :  6.03404e-06
 Reference value :  6.03839e-06
 Reference value :  6.04539e-06
 Reference value :  6.05239e-06
 Reference value :  6.05789e-06
 Reference value :  6.06389e-06
 Reference value :  6.07039e-06
 Reference value :  6.07564e-06
 Reference value :  6.08256e-06
 Reference value :  6.08906e-06
 Reference value :  6.09656e-06
 Reference value :  6.10356e-06
 Reference value :  6.11106e-06
 Reference value :  6.11632e-06
 Reference value :  6.11656e-06
 Reference value :  6.11724e-06
 Reference value :  6.11789e-06
 Reference value :  6.12158e-06
 Reference value :  6.12808e-06
 Reference value :  6.13308e-06
 Reference value :  6.13858e-06
 Reference value :  6.14508e-06
 Reference value :  6.15058e-06
 Reference value :  6.15658e-06
 Reference value :  6.15888e-06
 Reference value :  6.16002e-06
 Reference value :  6.16006e-06
 Reference value :  6.16286e-06
 Reference value :  6.16786e-06
 Reference value :  6.17386e-06
 Reference value :  6.17986e-06
 Reference value :  6.18486e-06
 Reference value :  6.19086e-06
 Reference value :  6.19736e-06
 Reference value :  6.20008e-06
 Reference value :  6.20070e-06
 Reference value :  6.20125e-06
 Reference value :  6.20619e-06
 Reference value :  6.21269e-06
 Reference value :  6.21869e-06
 Reference value :  6.22419e-06
 Reference value :  6.23019e-06
 Reference value :  6.23519e-06
 Reference value :  6.24122e-06
 Reference value :  6.24230e-06
 Reference value :  6.24339e-06
 Reference value :  6.24569e-06
 Reference value :  6.25069e-06
 Reference value :  6.25619e-06
 Reference value :  6.26169e-06
 Reference value :  6.26769e-06
 Reference value :  6.27319e-06
 Reference value :  6.27919e-06
No. of Data Rows : 14207

  Measurements for Transient Analysis

d9_c1               =  1.26211e-07
d8_c1               =  2.96473e-08
d7_c1               =  1.80000e+00
d6_c1               =  3.04211e-07
d5_c1               =  1.80000e+00
d4_c1               =  1.80000e+00
d3_c1               =  1.80000e+00
d2_c1               =  4.79565e-07
d1_c1               =  6.23387e-07
d0_c1               =  2.83571e-08
d9_c2               =  5.52920e-07
d8_c2               =  1.80000e+00
d7_c2               =  2.99602e-07
d6_c2               =  1.80000e+00
d5_c2               =  1.80000e+00
d4_c2               =  1.80000e+00
d3_c2               =  1.80000e+00
d2_c2               =  1.80000e+00
d1_c2               =  1.80000e+00
d0_c2               =  1.80000e+00
d9_c3               =  1.80001e+00
d8_c3               =  5.63346e-08
d7_c3               =  5.56073e-08
d6_c3               =  5.45872e-08
d5_c3               =  5.43943e-08
d4_c3               =  5.25300e-08
d3_c3               =  5.11129e-08
d2_c3               =  4.96466e-08
d1_c3               =  7.23684e-08
d0_c3               =  -5.61395e-08
d9_c4               =  1.80001e+00
d8_c4               =  5.72703e-08
d7_c4               =  1.80000e+00
d6_c4               =  5.56273e-08
d5_c4               =  5.30928e-08
d4_c4               =  5.16629e-08
d3_c4               =  5.00437e-08
d2_c4               =  4.96601e-08
d1_c4               =  7.23814e-08
d0_c4               =  1.80000e+00
d9_c5               =  1.80001e+00
d8_c5               =  1.80000e+00
d7_c5               =  1.80000e+00
d6_c5               =  1.80000e+00
d5_c5               =  1.80000e+00
d4_c5               =  1.80000e+00
d3_c5               =  1.80000e+00
d2_c5               =  1.80000e+00
d1_c5               =  1.80000e+00
d0_c5               =  1.80000e+00
busy_c1_p0          =  1.80000e+00
smpl_c1_p0          =  -2.26475e-04
busy_c1_p1          =  1.80000e+00
smpl_c1_p1          =  8.76780e-05
busy_c1_p2          =  1.80000e+00
smpl_c1_p2          =  9.36788e-05
busy_c1_p3          =  1.80000e+00
smpl_c1_p3          =  8.69887e-05
busy_c1_p4          =  1.80000e+00
smpl_c1_p4          =  8.59736e-05
busy_c1_p5          =  1.80000e+00
smpl_c1_p5          =  8.64958e-05
busy_c1_p6          =  1.80000e+00
smpl_c1_p6          =  8.67476e-05
busy_c1_p7          =  1.80000e+00
smpl_c1_p7          =  8.68316e-05
busy_c1_p8          =  1.80000e+00
smpl_c1_p8          =  8.65997e-05
busy_c1_p9          =  1.80000e+00
smpl_c1_p9          =  8.66650e-05
busy_c1_p10         =  1.80000e+00
smpl_c1_p10         =  8.66454e-05
busy_c1_p11         =  2.52971e-06
smpl_c1_p11         =  1.80023e+00
busy_c2_p0          =  1.80000e+00
smpl_c2_p0          =  -2.25813e-04
busy_c2_p1          =  1.80000e+00
smpl_c2_p1          =  8.75598e-05
busy_c2_p2          =  1.80000e+00
smpl_c2_p2          =  8.82409e-05
busy_c2_p3          =  1.80000e+00
smpl_c2_p3          =  8.80359e-05
busy_c2_p4          =  1.80000e+00
smpl_c2_p4          =  8.80940e-05
busy_c2_p5          =  1.80000e+00
smpl_c2_p5          =  8.80971e-05
busy_c2_p6          =  1.80000e+00
smpl_c2_p6          =  8.81214e-05
busy_c2_p7          =  1.80000e+00
smpl_c2_p7          =  8.81631e-05
busy_c2_p8          =  1.80000e+00
smpl_c2_p8          =  8.81069e-05
busy_c2_p9          =  1.80000e+00
smpl_c2_p9          =  8.82353e-05
busy_c2_p10         =  1.80000e+00
smpl_c2_p10         =  8.82458e-05
busy_c2_p11         =  1.30720e-06
smpl_c2_p11         =  1.80023e+00
busy_c3_p0          =  1.80000e+00
smpl_c3_p0          =  -2.25931e-04
busy_c3_p1          =  1.80000e+00
smpl_c3_p1          =  8.71821e-05
busy_c3_p2          =  1.80000e+00
smpl_c3_p2          =  8.83222e-05
busy_c3_p3          =  1.80000e+00
smpl_c3_p3          =  8.85611e-05
busy_c3_p4          =  1.80000e+00
smpl_c3_p4          =  8.84978e-05
busy_c3_p5          =  1.80000e+00
smpl_c3_p5          =  8.84668e-05
busy_c3_p6          =  1.80000e+00
smpl_c3_p6          =  8.85140e-05
busy_c3_p7          =  1.80000e+00
smpl_c3_p7          =  8.85696e-05
busy_c3_p8          =  1.80000e+00
smpl_c3_p8          =  8.85771e-05
busy_c3_p9          =  1.80000e+00
smpl_c3_p9          =  8.86366e-05
busy_c3_p10         =  1.80000e+00
smpl_c3_p10         =  8.87154e-05
busy_c3_p11         =  2.01381e-06
smpl_c3_p11         =  1.80023e+00
busy_c4_p0          =  1.80000e+00
smpl_c4_p0          =  -2.25968e-04
busy_c4_p1          =  1.80000e+00
smpl_c4_p1          =  8.75708e-05
busy_c4_p2          =  1.80000e+00
smpl_c4_p2          =  8.82477e-05
busy_c4_p3          =  1.80000e+00
smpl_c4_p3          =  8.80776e-05
busy_c4_p4          =  1.80000e+00
smpl_c4_p4          =  8.80949e-05
busy_c4_p5          =  1.80000e+00
smpl_c4_p5          =  8.80944e-05
busy_c4_p6          =  1.80000e+00
smpl_c4_p6          =  8.81355e-05
busy_c4_p7          =  1.80000e+00
smpl_c4_p7          =  8.82137e-05
busy_c4_p8          =  1.80000e+00
smpl_c4_p8          =  8.81416e-05
busy_c4_p9          =  1.80000e+00
smpl_c4_p9          =  8.81609e-05
busy_c4_p10         =  1.80000e+00
smpl_c4_p10         =  8.80628e-05
busy_c4_p11         =  3.01716e-06
smpl_c4_p11         =  1.80022e+00
busy_c5_p0          =  1.80000e+00
smpl_c5_p0          =  -2.26723e-04
busy_c5_p1          =  1.80000e+00
smpl_c5_p1          =  8.78126e-05
busy_c5_p2          =  1.80000e+00
smpl_c5_p2          =  9.37076e-05
busy_c5_p3          =  1.80000e+00
smpl_c5_p3          =  9.56767e-05
busy_c5_p4          =  1.80000e+00
smpl_c5_p4          =  9.40645e-05
busy_c5_p5          =  1.80000e+00
smpl_c5_p5          =  9.17809e-05
busy_c5_p6          =  1.80000e+00
smpl_c5_p6          =  8.99368e-05
busy_c5_p7          =  1.80000e+00
smpl_c5_p7          =  8.87597e-05
busy_c5_p8          =  1.80000e+00
smpl_c5_p8          =  8.79914e-05
busy_c5_p9          =  1.80000e+00
smpl_c5_p9          =  8.75809e-05
busy_c5_p10         =  1.80000e+00
smpl_c5_p10         =  8.74259e-05
busy_c5_p11         =  2.02182e-06
smpl_c5_p11         =  1.80023e+00
i_vdd               =  -2.37490e-06 from=  3.20000e-06 to=  4.20008e-06
i_vpwr              =  -8.23150e-06 from=  3.20000e-06 to=  4.20008e-06
i_vrefp             =  -6.69045e-06 from=  3.20000e-06 to=  4.20008e-06
i_vrefn             =  6.64988e-06 from=  3.20000e-06 to=  4.20008e-06
i_vcm               =  3.78068e-08 from=  3.20000e-06 to=  4.20008e-06
gnd_die_max         =  2.54507e-01 at=  4.11772e-06
gnd_die_min         =  -8.24220e-02 at=  1.20060e-06
vgnd_max            =  0.00000e+00 at=  6.28333e-06
vgnd_min            =  0.00000e+00 at=  6.28333e-06
vdd_max             =  1.80000e+00 at=  6.28333e-06
vdd_min             =  1.80000e+00 at=  6.28333e-06
vpwr_max            =  1.80000e+00 at=  6.28333e-06
vpwr_min            =  1.80000e+00 at=  6.28333e-06
vdda_min            =  1.54549e+00 at=  4.11772e-06
vdda_max            =  1.88242e+00 at=  1.20060e-06
i_vgnd              =  1.06505e-05 from=  3.20000e-06 to=  4.20008e-06
i_sub               =  2.45458e-06 from=  3.20000e-06 to=  4.20008e-06


Total analysis time (seconds) = 3793.45

Total elapsed time (seconds) = 4120.393 

Total DRAM available = 98304.000 MB.
DRAM currently available = 1693.125 MB.
Maximum ngspice program size =  819.172 MB.
Current ngspice program size =   31.234 MB.

