
Note: Compatibility modes selected: hs a


Circuit: * sim/ground-return-impedance (issue #378) arm 'sub-nopad-10' -- reusing

option SCALE: Scale is set to 1e-06 for instance and model parameters
option SCALE: Scale is set to 1e-06 for instance and model parameters
option SCALE: Scale is set to 1e-06 for instance and model parameters
option SCALE: Scale is set to 1e-06 for instance and model parameters
Doing analysis at TEMP = 27.000000 and TNOM = 27.000000

Using KLU as Direct Linear Solver
 Reference value :  0.00000e+00
 Reference value :  4.14000e-09
 Reference value :  1.26400e-08
 Reference value :  2.00500e-08
 Reference value :  2.27500e-08
 Reference value :  2.82500e-08
 Reference value :  3.37500e-08
 Reference value :  3.87500e-08
 Reference value :  4.42500e-08
 Reference value :  5.07500e-08
 Reference value :  5.72500e-08
 Reference value :  6.62500e-08
 Reference value :  7.42500e-08
 Reference value :  8.22500e-08
 Reference value :  9.17500e-08
 Reference value :  9.92500e-08
 Reference value :  1.05250e-07
 Reference value :  1.10750e-07
 Reference value :  1.17250e-07
 Reference value :  1.24750e-07
 Reference value :  1.31750e-07
 Reference value :  1.37250e-07
 Reference value :  1.43250e-07
 Reference value :  1.48750e-07
 Reference value :  1.54750e-07
 Reference value :  1.60250e-07
 Reference value :  1.65750e-07
 Reference value :  1.72250e-07
 Reference value :  1.77250e-07
 Reference value :  1.82250e-07
 Reference value :  1.87750e-07
 Reference value :  1.92750e-07
 Reference value :  1.98250e-07
 Reference value :  2.00090e-07
 Reference value :  2.00525e-07
 Reference value :  2.01044e-07
 Reference value :  2.03195e-07
 Reference value :  2.08695e-07
 Reference value :  2.14695e-07
 Reference value :  2.20195e-07
 Reference value :  2.25695e-07
 Reference value :  2.31695e-07
 Reference value :  2.37195e-07
 Reference value :  2.41517e-07
 Reference value :  2.42877e-07
 Reference value :  2.43981e-07
 Reference value :  2.48337e-07
 Reference value :  2.54837e-07
 Reference value :  2.61837e-07
 Reference value :  2.68337e-07
 Reference value :  2.74837e-07
 Reference value :  2.81337e-07
 Reference value :  2.83423e-07
 Reference value :  2.84381e-07
 Reference value :  2.85258e-07
 Reference value :  2.89901e-07
 Reference value :  2.96401e-07
 Reference value :  3.02901e-07
 Reference value :  3.09901e-07
 Reference value :  3.16401e-07
 Reference value :  3.23401e-07
 Reference value :  3.25550e-07
 Reference value :  3.28049e-07
 Reference value :  3.33549e-07
 Reference value :  3.39049e-07
 Reference value :  3.44549e-07
 Reference value :  3.50049e-07
 Reference value :  3.56049e-07
 Reference value :  3.62049e-07
 Reference value :  3.66317e-07
 Reference value :  3.66967e-07
 Reference value :  3.68428e-07
 Reference value :  3.73890e-07
 Reference value :  3.79890e-07
 Reference value :  3.85390e-07
 Reference value :  3.91390e-07
 Reference value :  3.96890e-07
 Reference value :  4.02390e-07
 Reference value :  4.07833e-07
 Reference value :  4.09183e-07
 Reference value :  4.11161e-07
 Reference value :  4.13070e-07
 Reference value :  4.18570e-07
 Reference value :  4.24570e-07
 Reference value :  4.30570e-07
 Reference value :  4.36070e-07
 Reference value :  4.41570e-07
 Reference value :  4.47070e-07
 Reference value :  4.50090e-07
 Reference value :  4.50959e-07
 Reference value :  4.51696e-07
 Reference value :  4.55579e-07
 Reference value :  4.61079e-07
 Reference value :  4.66579e-07
 Reference value :  4.72579e-07
 Reference value :  4.78079e-07
 Reference value :  4.83579e-07
 Reference value :  4.89079e-07
 Reference value :  4.92167e-07
 Reference value :  4.93724e-07
 Reference value :  4.98197e-07
 Reference value :  5.03697e-07
 Reference value :  5.08697e-07
 Reference value :  5.10697e-07
 Reference value :  5.15197e-07
 Reference value :  5.20697e-07
 Reference value :  5.26697e-07
 Reference value :  5.32197e-07
 Reference value :  5.33423e-07
 Reference value :  5.34281e-07
 Reference value :  5.34973e-07
 Reference value :  5.39357e-07
 Reference value :  5.45857e-07
 Reference value :  5.51357e-07
 Reference value :  5.57857e-07
 Reference value :  5.64857e-07
 Reference value :  5.71857e-07
 Reference value :  5.75500e-07
 Reference value :  5.77567e-07
 Reference value :  5.83067e-07
 Reference value :  5.88567e-07
 Reference value :  5.94067e-07
 Reference value :  6.00567e-07
 Reference value :  6.06067e-07
 Reference value :  6.11567e-07
 Reference value :  6.16217e-07
 Reference value :  6.16764e-07
 Reference value :  6.17564e-07
 Reference value :  6.21714e-07
 Reference value :  6.27714e-07
 Reference value :  6.33214e-07
 Reference value :  6.38714e-07
 Reference value :  6.44214e-07
 Reference value :  6.50214e-07
 Reference value :  6.55714e-07
 Reference value :  6.58833e-07
 Reference value :  6.60393e-07
 Reference value :  6.65377e-07
 Reference value :  6.70877e-07
 Reference value :  6.76877e-07
 Reference value :  6.82377e-07
 Reference value :  6.88377e-07
 Reference value :  6.94377e-07
 Reference value :  6.99500e-07
 Reference value :  7.00085e-07
 Reference value :  7.00855e-07
 Reference value :  7.03705e-07
 Reference value :  7.10205e-07
 Reference value :  7.15705e-07
 Reference value :  7.22205e-07
 Reference value :  7.28205e-07
 Reference value :  7.33705e-07
 Reference value :  7.39205e-07
 Reference value :  7.42167e-07
 Reference value :  7.44202e-07
 Reference value :  7.49202e-07
 Reference value :  7.54702e-07
 Reference value :  7.60202e-07
 Reference value :  7.65702e-07
 Reference value :  7.69202e-07
 Reference value :  7.73202e-07
 Reference value :  7.78202e-07
 Reference value :  7.83183e-07
 Reference value :  7.83626e-07
 Reference value :  7.84187e-07
 Reference value :  7.84589e-07
 Reference value :  7.85983e-07
 Reference value :  7.90483e-07
 Reference value :  7.96483e-07
 Reference value :  8.01983e-07
 Reference value :  8.07483e-07
 Reference value :  8.12983e-07
 Reference value :  8.18483e-07
 Reference value :  8.23983e-07
 Reference value :  8.25550e-07
 Reference value :  8.28040e-07
 Reference value :  8.32540e-07
 Reference value :  8.38040e-07
 Reference value :  8.43540e-07
 Reference value :  8.49540e-07
 Reference value :  8.54540e-07
 Reference value :  8.60040e-07
 Reference value :  8.62040e-07
 Reference value :  8.66217e-07
 Reference value :  8.66959e-07
 Reference value :  8.67592e-07
 Reference value :  8.68323e-07
 Reference value :  8.73220e-07
 Reference value :  8.78220e-07
 Reference value :  8.84220e-07
 Reference value :  8.90220e-07
 Reference value :  8.96720e-07
 Reference value :  9.01720e-07
 Reference value :  9.07220e-07
 Reference value :  9.08883e-07
 Reference value :  9.11875e-07
 Reference value :  9.17375e-07
 Reference value :  9.22875e-07
 Reference value :  9.28875e-07
 Reference value :  9.34375e-07
 Reference value :  9.39875e-07
 Reference value :  9.46875e-07
 Reference value :  9.49188e-07
 Reference value :  9.50085e-07
 Reference value :  9.50806e-07
 Reference value :  9.51298e-07
 Reference value :  9.52575e-07
 Reference value :  9.57075e-07
 Reference value :  9.62575e-07
 Reference value :  9.68075e-07
 Reference value :  9.73575e-07
 Reference value :  9.78575e-07
 Reference value :  9.84075e-07
 Reference value :  9.89575e-07
 Reference value :  9.92167e-07
 Reference value :  9.93726e-07
 Reference value :  9.99210e-07
 Reference value :  1.00521e-06
 Reference value :  1.01171e-06
 Reference value :  1.01771e-06
 Reference value :  1.02321e-06
 Reference value :  1.02871e-06
 Reference value :  1.03298e-06
 Reference value :  1.03363e-06
 Reference value :  1.03426e-06
 Reference value :  1.03728e-06
 Reference value :  1.04278e-06
 Reference value :  1.04828e-06
 Reference value :  1.05378e-06
 Reference value :  1.05928e-06
 Reference value :  1.06478e-06
 Reference value :  1.07028e-06
 Reference value :  1.07465e-06
 Reference value :  1.07625e-06
 Reference value :  1.08013e-06
 Reference value :  1.08663e-06
 Reference value :  1.09213e-06
 Reference value :  1.09763e-06
 Reference value :  1.10313e-06
 Reference value :  1.10863e-06
 Reference value :  1.11413e-06
 Reference value :  1.11675e-06
 Reference value :  1.11771e-06
 Reference value :  1.11962e-06
 Reference value :  1.12562e-06
 Reference value :  1.13312e-06
 Reference value :  1.13962e-06
 Reference value :  1.14612e-06
 Reference value :  1.15362e-06
 Reference value :  1.15851e-06
 Reference value :  1.15993e-06
 Reference value :  1.16146e-06
 Reference value :  1.16683e-06
 Reference value :  1.17333e-06
 Reference value :  1.17883e-06
 Reference value :  1.18433e-06
 Reference value :  1.18983e-06
 Reference value :  1.19583e-06
 Reference value :  1.20009e-06
 Reference value :  1.20053e-06
 Reference value :  1.20094e-06
 Reference value :  1.20213e-06
 Reference value :  1.20763e-06
 Reference value :  1.21313e-06
 Reference value :  1.21863e-06
 Reference value :  1.22413e-06
 Reference value :  1.22963e-06
 Reference value :  1.23513e-06
 Reference value :  1.24063e-06
 Reference value :  1.24232e-06
 Reference value :  1.24398e-06
 Reference value :  1.24730e-06
 Reference value :  1.25280e-06
 Reference value :  1.25830e-06
 Reference value :  1.26380e-06
 Reference value :  1.26980e-06
 Reference value :  1.27530e-06
 Reference value :  1.28180e-06
 Reference value :  1.28342e-06
 Reference value :  1.28438e-06
 Reference value :  1.28504e-06
 Reference value :  1.28842e-06
 Reference value :  1.29342e-06
 Reference value :  1.29892e-06
 Reference value :  1.30442e-06
 Reference value :  1.30992e-06
 Reference value :  1.31592e-06
 Reference value :  1.32092e-06
 Reference value :  1.32485e-06
 Reference value :  1.32663e-06
 Reference value :  1.33047e-06
 Reference value :  1.33247e-06
 Reference value :  1.33697e-06
 Reference value :  1.34247e-06
 Reference value :  1.34797e-06
 Reference value :  1.35347e-06
 Reference value :  1.35897e-06
 Reference value :  1.36497e-06
 Reference value :  1.36676e-06
 Reference value :  1.36761e-06
 Reference value :  1.36831e-06
 Reference value :  1.37171e-06
 Reference value :  1.37671e-06
 Reference value :  1.38321e-06
 Reference value :  1.38871e-06
 Reference value :  1.39421e-06
 Reference value :  1.40071e-06
 Reference value :  1.40721e-06
 Reference value :  1.40888e-06
 Reference value :  1.41246e-06
 Reference value :  1.41896e-06
 Reference value :  1.42446e-06
 Reference value :  1.42996e-06
 Reference value :  1.43546e-06
 Reference value :  1.44096e-06
 Reference value :  1.44646e-06
 Reference value :  1.45010e-06
 Reference value :  1.45071e-06
 Reference value :  1.45472e-06
 Reference value :  1.46022e-06
 Reference value :  1.46622e-06
 Reference value :  1.47172e-06
 Reference value :  1.47822e-06
 Reference value :  1.48472e-06
 Reference value :  1.49122e-06
 Reference value :  1.49330e-06
 Reference value :  1.49772e-06
 Reference value :  1.50322e-06
 Reference value :  1.50872e-06
 Reference value :  1.51422e-06
 Reference value :  1.51972e-06
 Reference value :  1.52522e-06
 Reference value :  1.53072e-06
 Reference value :  1.53342e-06
 Reference value :  1.53435e-06
 Reference value :  1.53803e-06
 Reference value :  1.54353e-06
 Reference value :  1.54903e-06
 Reference value :  1.55453e-06
 Reference value :  1.56003e-06
 Reference value :  1.56553e-06
 Reference value :  1.57203e-06
 Reference value :  1.57555e-06
 Reference value :  1.57952e-06
 Reference value :  1.58552e-06
 Reference value :  1.58752e-06
 Reference value :  1.59202e-06
 Reference value :  1.59802e-06
 Reference value :  1.60452e-06
 Reference value :  1.61002e-06
 Reference value :  1.61552e-06
 Reference value :  1.61676e-06
 Reference value :  1.61761e-06
 Reference value :  1.61831e-06
 Reference value :  1.62221e-06
 Reference value :  1.62771e-06
 Reference value :  1.63321e-06
 Reference value :  1.63871e-06
 Reference value :  1.64421e-06
 Reference value :  1.64971e-06
 Reference value :  1.65521e-06
 Reference value :  1.65883e-06
 Reference value :  1.66039e-06
 Reference value :  1.66537e-06
 Reference value :  1.67187e-06
 Reference value :  1.67737e-06
 Reference value :  1.68337e-06
 Reference value :  1.68687e-06
 Reference value :  1.69287e-06
 Reference value :  1.69950e-06
 Reference value :  1.70029e-06
 Reference value :  1.70095e-06
 Reference value :  1.70197e-06
 Reference value :  1.70813e-06
 Reference value :  1.71563e-06
 Reference value :  1.72363e-06
 Reference value :  1.73063e-06
 Reference value :  1.73863e-06
 Reference value :  1.74222e-06
 Reference value :  1.74621e-06
 Reference value :  1.75271e-06
 Reference value :  1.75821e-06
 Reference value :  1.76371e-06
 Reference value :  1.76921e-06
 Reference value :  1.77471e-06
 Reference value :  1.77971e-06
 Reference value :  1.78342e-06
 Reference value :  1.78400e-06
 Reference value :  1.78504e-06
 Reference value :  1.79154e-06
 Reference value :  1.79754e-06
 Reference value :  1.80304e-06
 Reference value :  1.81004e-06
 Reference value :  1.81704e-06
 Reference value :  1.82254e-06
 Reference value :  1.82550e-06
 Reference value :  1.82754e-06
 Reference value :  1.83254e-06
 Reference value :  1.83854e-06
 Reference value :  1.84404e-06
 Reference value :  1.84954e-06
 Reference value :  1.85504e-06
 Reference value :  1.85954e-06
 Reference value :  1.86304e-06
 Reference value :  1.86652e-06
 Reference value :  1.86696e-06
 Reference value :  1.86768e-06
 Reference value :  1.86828e-06
 Reference value :  1.87166e-06
 Reference value :  1.87766e-06
 Reference value :  1.88316e-06
 Reference value :  1.88916e-06
 Reference value :  1.89466e-06
 Reference value :  1.90016e-06
 Reference value :  1.90566e-06
 Reference value :  1.90883e-06
 Reference value :  1.91039e-06
 Reference value :  1.91537e-06
 Reference value :  1.92037e-06
 Reference value :  1.92587e-06
 Reference value :  1.93137e-06
 Reference value :  1.93687e-06
 Reference value :  1.94237e-06
 Reference value :  1.94787e-06
 Reference value :  1.95000e-06
 Reference value :  1.95031e-06
 Reference value :  1.95069e-06
 Reference value :  1.95132e-06
 Reference value :  1.95215e-06
 Reference value :  1.95696e-06
 Reference value :  1.96246e-06
 Reference value :  1.96796e-06
 Reference value :  1.97396e-06
 Reference value :  1.97946e-06
 Reference value :  1.98496e-06
 Reference value :  1.99046e-06
 Reference value :  1.99222e-06
 Reference value :  1.99471e-06
 Reference value :  2.00021e-06
 Reference value :  2.00571e-06
 Reference value :  2.01121e-06
 Reference value :  2.01721e-06
 Reference value :  2.02371e-06
 Reference value :  2.02921e-06
 Reference value :  2.03318e-06
 Reference value :  2.03322e-06
 Reference value :  2.03386e-06
 Reference value :  2.03436e-06
 Reference value :  2.03763e-06
 Reference value :  2.04313e-06
 Reference value :  2.04863e-06
 Reference value :  2.05513e-06
 Reference value :  2.06063e-06
 Reference value :  2.06763e-06
 Reference value :  2.07313e-06
 Reference value :  2.07550e-06
 Reference value :  2.07763e-06
 Reference value :  2.08413e-06
 Reference value :  2.08963e-06
 Reference value :  2.09513e-06
 Reference value :  2.10113e-06
 Reference value :  2.10663e-06
 Reference value :  2.11213e-06
 Reference value :  2.11617e-06
 Reference value :  2.11675e-06
 Reference value :  2.11748e-06
 Reference value :  2.11814e-06
 Reference value :  2.12166e-06
 Reference value :  2.12716e-06
 Reference value :  2.13266e-06
 Reference value :  2.13816e-06
 Reference value :  2.14366e-06
 Reference value :  2.15016e-06
 Reference value :  2.15616e-06
 Reference value :  2.15883e-06
 Reference value :  2.15996e-06
 Reference value :  2.16160e-06
 Reference value :  2.16555e-06
 Reference value :  2.17155e-06
 Reference value :  2.17755e-06
 Reference value :  2.18305e-06
 Reference value :  2.18955e-06
 Reference value :  2.19505e-06
 Reference value :  2.19985e-06
 Reference value :  2.20029e-06
 Reference value :  2.20065e-06
 Reference value :  2.20113e-06
 Reference value :  2.20419e-06
 Reference value :  2.21069e-06
 Reference value :  2.21719e-06
 Reference value :  2.22219e-06
 Reference value :  2.22769e-06
 Reference value :  2.23319e-06
 Reference value :  2.23969e-06
 Reference value :  2.24217e-06
 Reference value :  2.24370e-06
 Reference value :  2.24459e-06
 Reference value :  2.24891e-06
 Reference value :  2.25441e-06
 Reference value :  2.25991e-06
 Reference value :  2.26491e-06
 Reference value :  2.27091e-06
 Reference value :  2.27641e-06
 Reference value :  2.28191e-06
 Reference value :  2.28342e-06
 Reference value :  2.28425e-06
 Reference value :  2.28493e-06
 Reference value :  2.28808e-06
 Reference value :  2.29458e-06
 Reference value :  2.30058e-06
 Reference value :  2.30558e-06
 Reference value :  2.31108e-06
 Reference value :  2.31658e-06
 Reference value :  2.32208e-06
 Reference value :  2.32550e-06
 Reference value :  2.32706e-06
 Reference value :  2.33152e-06
 Reference value :  2.33502e-06
 Reference value :  2.34052e-06
 Reference value :  2.34602e-06
 Reference value :  2.35202e-06
 Reference value :  2.35702e-06
 Reference value :  2.36302e-06
 Reference value :  2.36676e-06
 Reference value :  2.36760e-06
 Reference value :  2.36968e-06
 Reference value :  2.37518e-06
 Reference value :  2.38068e-06
 Reference value :  2.38718e-06
 Reference value :  2.39368e-06
 Reference value :  2.39868e-06
 Reference value :  2.40418e-06
 Reference value :  2.40851e-06
 Reference value :  2.40996e-06
 Reference value :  2.41386e-06
 Reference value :  2.41686e-06
 Reference value :  2.42036e-06
 Reference value :  2.42536e-06
 Reference value :  2.43136e-06
 Reference value :  2.43636e-06
 Reference value :  2.44236e-06
 Reference value :  2.44736e-06
 Reference value :  2.45009e-06
 Reference value :  2.45095e-06
 Reference value :  2.45188e-06
 Reference value :  2.45561e-06
 Reference value :  2.46261e-06
 Reference value :  2.46811e-06
 Reference value :  2.47411e-06
 Reference value :  2.47961e-06
 Reference value :  2.48561e-06
 Reference value :  2.49089e-06
 Reference value :  2.49252e-06
 Reference value :  2.49719e-06
 Reference value :  2.50269e-06
 Reference value :  2.50919e-06
 Reference value :  2.51419e-06
 Reference value :  2.51969e-06
 Reference value :  2.52519e-06
 Reference value :  2.53019e-06
 Reference value :  2.53342e-06
 Reference value :  2.53405e-06
 Reference value :  2.53408e-06
 Reference value :  2.53448e-06
 Reference value :  2.53922e-06
 Reference value :  2.54622e-06
 Reference value :  2.55372e-06
 Reference value :  2.56022e-06
 Reference value :  2.56572e-06
 Reference value :  2.57172e-06
 Reference value :  2.57550e-06
 Reference value :  2.57706e-06
 Reference value :  2.58203e-06
 Reference value :  2.58553e-06
 Reference value :  2.59053e-06
 Reference value :  2.59603e-06
 Reference value :  2.60203e-06
 Reference value :  2.60803e-06
 Reference value :  2.61353e-06
 Reference value :  2.61676e-06
 Reference value :  2.61760e-06
 Reference value :  2.62018e-06
 Reference value :  2.62568e-06
 Reference value :  2.63118e-06
 Reference value :  2.63668e-06
 Reference value :  2.64218e-06
 Reference value :  2.64768e-06
 Reference value :  2.65318e-06
 Reference value :  2.65788e-06
 Reference value :  2.65918e-06
 Reference value :  2.66336e-06
 Reference value :  2.66686e-06
 Reference value :  2.67086e-06
 Reference value :  2.67686e-06
 Reference value :  2.68236e-06
 Reference value :  2.68786e-06
 Reference value :  2.69336e-06
 Reference value :  2.69836e-06
 Reference value :  2.70008e-06
 Reference value :  2.70072e-06
 Reference value :  2.70126e-06
 Reference value :  2.70549e-06
 Reference value :  2.71099e-06
 Reference value :  2.71649e-06
 Reference value :  2.72199e-06
 Reference value :  2.72749e-06
 Reference value :  2.73299e-06
 Reference value :  2.73849e-06
 Reference value :  2.74184e-06
 Reference value :  2.74372e-06
 Reference value :  2.74819e-06
 Reference value :  2.75169e-06
 Reference value :  2.75669e-06
 Reference value :  2.76219e-06
 Reference value :  2.76769e-06
 Reference value :  2.77419e-06
 Reference value :  2.78019e-06
 Reference value :  2.78342e-06
 Reference value :  2.78386e-06
 Reference value :  2.78431e-06
 Reference value :  2.78674e-06
 Reference value :  2.79224e-06
 Reference value :  2.79774e-06
 Reference value :  2.80324e-06
 Reference value :  2.80874e-06
 Reference value :  2.81474e-06
 Reference value :  2.81974e-06
 Reference value :  2.82450e-06
 Reference value :  2.82565e-06
 Reference value :  2.82803e-06
 Reference value :  2.83253e-06
 Reference value :  2.83703e-06
 Reference value :  2.84253e-06
 Reference value :  2.84803e-06
 Reference value :  2.85353e-06
 Reference value :  2.85903e-06
 Reference value :  2.86403e-06
 Reference value :  2.86675e-06
 Reference value :  2.86726e-06
 Reference value :  2.86763e-06
 Reference value :  2.87000e-06
 Reference value :  2.87550e-06
 Reference value :  2.88100e-06
 Reference value :  2.88700e-06
 Reference value :  2.89250e-06
 Reference value :  2.89800e-06
 Reference value :  2.90400e-06
 Reference value :  2.90818e-06
 Reference value :  2.90954e-06
 Reference value :  2.91236e-06
 Reference value :  2.91786e-06
 Reference value :  2.92286e-06
 Reference value :  2.92836e-06
 Reference value :  2.93386e-06
 Reference value :  2.94086e-06
 Reference value :  2.94918e-06
 Reference value :  2.95022e-06
 Reference value :  2.95037e-06
 Reference value :  2.95065e-06
 Reference value :  2.95137e-06
 Reference value :  2.95690e-06
 Reference value :  2.96290e-06
 Reference value :  2.96790e-06
 Reference value :  2.97340e-06
 Reference value :  2.97890e-06
 Reference value :  2.98440e-06
 Reference value :  2.98990e-06
 Reference value :  2.99217e-06
 Reference value :  2.99372e-06
 Reference value :  2.99870e-06
 Reference value :  3.00320e-06
 Reference value :  3.00870e-06
 Reference value :  3.01420e-06
 Reference value :  3.02020e-06
 Reference value :  3.02770e-06
 Reference value :  3.03342e-06
 Reference value :  3.03416e-06
 Reference value :  3.03480e-06
 Reference value :  3.04007e-06
 Reference value :  3.04557e-06
 Reference value :  3.05157e-06
 Reference value :  3.05757e-06
 Reference value :  3.06357e-06
 Reference value :  3.06957e-06
 Reference value :  3.07455e-06
 Reference value :  3.07585e-06
 Reference value :  3.07961e-06
 Reference value :  3.08411e-06
 Reference value :  3.08911e-06
 Reference value :  3.09511e-06
 Reference value :  3.10111e-06
 Reference value :  3.10661e-06
 Reference value :  3.11211e-06
 Reference value :  3.11632e-06
 Reference value :  3.11656e-06
 Reference value :  3.11732e-06
 Reference value :  3.11793e-06
 Reference value :  3.11879e-06
 Reference value :  3.12321e-06
 Reference value :  3.12871e-06
 Reference value :  3.13421e-06
 Reference value :  3.13971e-06
 Reference value :  3.14521e-06
 Reference value :  3.15071e-06
 Reference value :  3.15621e-06
 Reference value :  3.15883e-06
 Reference value :  3.16095e-06
 Reference value :  3.16172e-06
 Reference value :  3.16293e-06
 Reference value :  3.16825e-06
 Reference value :  3.17425e-06
 Reference value :  3.17975e-06
 Reference value :  3.18525e-06
 Reference value :  3.19075e-06
 Reference value :  3.19625e-06
 Reference value :  3.20009e-06
 Reference value :  3.20052e-06
 Reference value :  3.20094e-06
 Reference value :  3.20168e-06
 Reference value :  3.20716e-06
 Reference value :  3.21266e-06
 Reference value :  3.21816e-06
 Reference value :  3.22316e-06
 Reference value :  3.22866e-06
 Reference value :  3.23416e-06
 Reference value :  3.24016e-06
 Reference value :  3.24217e-06
 Reference value :  3.24416e-06
 Reference value :  3.24692e-06
 Reference value :  3.25184e-06
 Reference value :  3.25834e-06
 Reference value :  3.26384e-06
 Reference value :  3.26934e-06
 Reference value :  3.27484e-06
 Reference value :  3.28084e-06
 Reference value :  3.28342e-06
 Reference value :  3.28403e-06
 Reference value :  3.28502e-06
 Reference value :  3.29032e-06
 Reference value :  3.29682e-06
 Reference value :  3.30332e-06
 Reference value :  3.31032e-06
 Reference value :  3.31782e-06
 Reference value :  3.32382e-06
 Reference value :  3.32555e-06
 Reference value :  3.32700e-06
 Reference value :  3.32812e-06
 Reference value :  3.32893e-06
 Reference value :  3.33281e-06
 Reference value :  3.33731e-06
 Reference value :  3.34281e-06
 Reference value :  3.34831e-06
 Reference value :  3.35431e-06
 Reference value :  3.35981e-06
 Reference value :  3.36574e-06
 Reference value :  3.36676e-06
 Reference value :  3.36760e-06
 Reference value :  3.36786e-06
 Reference value :  3.37111e-06
 Reference value :  3.37911e-06
 Reference value :  3.38661e-06
 Reference value :  3.39311e-06
 Reference value :  3.39961e-06
 Reference value :  3.40511e-06
 Reference value :  3.40851e-06
 Reference value :  3.40996e-06
 Reference value :  3.41108e-06
 Reference value :  3.41334e-06
 Reference value :  3.41884e-06
 Reference value :  3.42784e-06
 Reference value :  3.43484e-06
 Reference value :  3.44134e-06
 Reference value :  3.44684e-06
 Reference value :  3.45009e-06
 Reference value :  3.45075e-06
 Reference value :  3.45120e-06
 Reference value :  3.45244e-06
 Reference value :  3.45692e-06
 Reference value :  3.46192e-06
 Reference value :  3.46742e-06
 Reference value :  3.47292e-06
 Reference value :  3.47842e-06
 Reference value :  3.48542e-06
 Reference value :  3.49152e-06
 Reference value :  3.49367e-06
 Reference value :  3.49523e-06
 Reference value :  3.50067e-06
 Reference value :  3.50817e-06
 Reference value :  3.51567e-06
 Reference value :  3.52317e-06
 Reference value :  3.53117e-06
 Reference value :  3.53342e-06
 Reference value :  3.53409e-06
 Reference value :  3.53455e-06
 Reference value :  3.53704e-06
 Reference value :  3.54154e-06
 Reference value :  3.54654e-06
 Reference value :  3.55204e-06
 Reference value :  3.55754e-06
 Reference value :  3.56354e-06
 Reference value :  3.57054e-06
 Reference value :  3.57550e-06
 Reference value :  3.57701e-06
 Reference value :  3.57813e-06
 Reference value :  3.57942e-06
 Reference value :  3.58392e-06
 Reference value :  3.58942e-06
 Reference value :  3.59492e-06
 Reference value :  3.60142e-06
 Reference value :  3.60742e-06
 Reference value :  3.61292e-06
 Reference value :  3.61652e-06
 Reference value :  3.61696e-06
 Reference value :  3.61775e-06
 Reference value :  3.61890e-06
 Reference value :  3.62437e-06
 Reference value :  3.63037e-06
 Reference value :  3.63587e-06
 Reference value :  3.64087e-06
 Reference value :  3.64587e-06
 Reference value :  3.65187e-06
 Reference value :  3.65737e-06
 Reference value :  3.65888e-06
 Reference value :  3.66036e-06
 Reference value :  3.66192e-06
 Reference value :  3.66582e-06
 Reference value :  3.67132e-06
 Reference value :  3.67682e-06
 Reference value :  3.68232e-06
 Reference value :  3.68782e-06
 Reference value :  3.69332e-06
 Reference value :  3.69965e-06
 Reference value :  3.70029e-06
 Reference value :  3.70100e-06
 Reference value :  3.70155e-06
 Reference value :  3.70522e-06
 Reference value :  3.71072e-06
 Reference value :  3.71672e-06
 Reference value :  3.72372e-06
 Reference value :  3.73072e-06
 Reference value :  3.73672e-06
 Reference value :  3.74132e-06
 Reference value :  3.74288e-06
 Reference value :  3.74450e-06
 Reference value :  3.74565e-06
 Reference value :  3.75115e-06
 Reference value :  3.75765e-06
 Reference value :  3.76415e-06
 Reference value :  3.77015e-06
 Reference value :  3.77615e-06
 Reference value :  3.78215e-06
 Reference value :  3.78342e-06
 Reference value :  3.78401e-06
 Reference value :  3.78439e-06
 Reference value :  3.78520e-06
 Reference value :  3.78939e-06
 Reference value :  3.79489e-06
 Reference value :  3.80239e-06
 Reference value :  3.80939e-06
 Reference value :  3.81689e-06
 Reference value :  3.82389e-06
 Reference value :  3.82555e-06
 Reference value :  3.82785e-06
 Reference value :  3.82890e-06
 Reference value :  3.83384e-06
 Reference value :  3.83934e-06
 Reference value :  3.84534e-06
 Reference value :  3.85134e-06
 Reference value :  3.85734e-06
 Reference value :  3.86284e-06
 Reference value :  3.86675e-06
 Reference value :  3.86738e-06
 Reference value :  3.86788e-06
 Reference value :  3.87112e-06
 Reference value :  3.87662e-06
 Reference value :  3.88312e-06
 Reference value :  3.88912e-06
 Reference value :  3.89512e-06
 Reference value :  3.90112e-06
 Reference value :  3.90712e-06
 Reference value :  3.90888e-06
 Reference value :  3.91119e-06
 Reference value :  3.91194e-06
 Reference value :  3.91558e-06
 Reference value :  3.92158e-06
 Reference value :  3.92708e-06
 Reference value :  3.93258e-06
 Reference value :  3.93808e-06
 Reference value :  3.94558e-06
 Reference value :  3.95011e-06
 Reference value :  3.95040e-06
 Reference value :  3.95079e-06
 Reference value :  3.95128e-06
 Reference value :  3.95365e-06
 Reference value :  3.95815e-06
 Reference value :  3.96365e-06
 Reference value :  3.96915e-06
 Reference value :  3.97515e-06
 Reference value :  3.98065e-06
 Reference value :  3.98615e-06
 Reference value :  3.99132e-06
 Reference value :  3.99288e-06
 Reference value :  3.99500e-06
 Reference value :  3.99573e-06
 Reference value :  3.99959e-06
 Reference value :  4.00559e-06
 Reference value :  4.01109e-06
 Reference value :  4.01659e-06
 Reference value :  4.02209e-06
 Reference value :  4.02759e-06
 Reference value :  4.03283e-06
 Reference value :  4.03342e-06
 Reference value :  4.03406e-06
 Reference value :  4.03458e-06
 Reference value :  4.03871e-06
 Reference value :  4.04421e-06
 Reference value :  4.04971e-06
 Reference value :  4.05521e-06
 Reference value :  4.06071e-06
 Reference value :  4.06621e-06
 Reference value :  4.07171e-06
 Reference value :  4.07550e-06
 Reference value :  4.07706e-06
 Reference value :  4.07828e-06
 Reference value :  4.08129e-06
 Reference value :  4.08679e-06
 Reference value :  4.09279e-06
 Reference value :  4.09829e-06
 Reference value :  4.10379e-06
 Reference value :  4.11029e-06
 Reference value :  4.11573e-06
 Reference value :  4.11696e-06
 Reference value :  4.11769e-06
 Reference value :  4.11849e-06
 Reference value :  4.12416e-06
 Reference value :  4.12966e-06
 Reference value :  4.13516e-06
 Reference value :  4.14066e-06
 Reference value :  4.14616e-06
 Reference value :  4.15166e-06
 Reference value :  4.15666e-06
 Reference value :  4.15883e-06
 Reference value :  4.16037e-06
 Reference value :  4.16258e-06
 Reference value :  4.16758e-06
 Reference value :  4.17308e-06
 Reference value :  4.17908e-06
 Reference value :  4.18558e-06
 Reference value :  4.19108e-06
 Reference value :  4.19608e-06
 Reference value :  4.20009e-06
 Reference value :  4.20057e-06
 Reference value :  4.20093e-06
 Reference value :  4.20251e-06
 Reference value :  4.20851e-06
 Reference value :  4.21351e-06
 Reference value :  4.21901e-06
 Reference value :  4.22451e-06
 Reference value :  4.23001e-06
 Reference value :  4.23551e-06
 Reference value :  4.24051e-06
 Reference value :  4.24222e-06
 Reference value :  4.24399e-06
 Reference value :  4.24691e-06
 Reference value :  4.25191e-06
 Reference value :  4.25741e-06
 Reference value :  4.26341e-06
 Reference value :  4.26941e-06
 Reference value :  4.27491e-06
 Reference value :  4.28041e-06
 Reference value :  4.28342e-06
 Reference value :  4.28425e-06
 Reference value :  4.28553e-06
 Reference value :  4.29103e-06
 Reference value :  4.29653e-06
 Reference value :  4.30203e-06
 Reference value :  4.30753e-06
 Reference value :  4.31403e-06
 Reference value :  4.31953e-06
 Reference value :  4.32455e-06
 Reference value :  4.32585e-06
 Reference value :  4.32902e-06
 Reference value :  4.33352e-06
 Reference value :  4.33752e-06
 Reference value :  4.34352e-06
 Reference value :  4.34902e-06
 Reference value :  4.35502e-06
 Reference value :  4.36152e-06
 Reference value :  4.36632e-06
 Reference value :  4.36696e-06
 Reference value :  4.36775e-06
 Reference value :  4.37096e-06
 Reference value :  4.37696e-06
 Reference value :  4.38246e-06
 Reference value :  4.38796e-06
 Reference value :  4.39346e-06
 Reference value :  4.39896e-06
 Reference value :  4.40446e-06
 Reference value :  4.40851e-06
 Reference value :  4.40996e-06
 Reference value :  4.41436e-06
 Reference value :  4.41786e-06
 Reference value :  4.42286e-06
 Reference value :  4.42836e-06
 Reference value :  4.43486e-06
 Reference value :  4.44086e-06
 Reference value :  4.44636e-06
 Reference value :  4.45009e-06
 Reference value :  4.45095e-06
 Reference value :  4.45357e-06
 Reference value :  4.45857e-06
 Reference value :  4.46407e-06
 Reference value :  4.46957e-06
 Reference value :  4.47507e-06
 Reference value :  4.48057e-06
 Reference value :  4.48607e-06
 Reference value :  4.49132e-06
 Reference value :  4.49288e-06
 Reference value :  4.49619e-06
 Reference value :  4.50019e-06
 Reference value :  4.50269e-06
 Reference value :  4.50869e-06
 Reference value :  4.51419e-06
 Reference value :  4.51969e-06
 Reference value :  4.52619e-06
 Reference value :  4.53169e-06
 Reference value :  4.53342e-06
 Reference value :  4.53409e-06
 Reference value :  4.53453e-06
 Reference value :  4.53699e-06
 Reference value :  4.54199e-06
 Reference value :  4.54799e-06
 Reference value :  4.55399e-06
 Reference value :  4.55949e-06
 Reference value :  4.56499e-06
 Reference value :  4.57149e-06
 Reference value :  4.57517e-06
 Reference value :  4.57663e-06
 Reference value :  4.58153e-06
 Reference value :  4.58453e-06
 Reference value :  4.58853e-06
 Reference value :  4.59403e-06
 Reference value :  4.60003e-06
 Reference value :  4.60603e-06
 Reference value :  4.61153e-06
 Reference value :  4.61622e-06
 Reference value :  4.61696e-06
 Reference value :  4.61774e-06
 Reference value :  4.61938e-06
 Reference value :  4.62388e-06
 Reference value :  4.62938e-06
 Reference value :  4.63488e-06
 Reference value :  4.64038e-06
 Reference value :  4.64588e-06
 Reference value :  4.65138e-06
 Reference value :  4.65688e-06
 Reference value :  4.65888e-06
 Reference value :  4.66086e-06
 Reference value :  4.66536e-06
 Reference value :  4.66736e-06
 Reference value :  4.67186e-06
 Reference value :  4.67736e-06
 Reference value :  4.68286e-06
 Reference value :  4.68836e-06
 Reference value :  4.69436e-06
 Reference value :  4.69950e-06
 Reference value :  4.70008e-06
 Reference value :  4.70073e-06
 Reference value :  4.70108e-06
 Reference value :  4.70198e-06
 Reference value :  4.70582e-06
 Reference value :  4.71182e-06
 Reference value :  4.71782e-06
 Reference value :  4.72432e-06
 Reference value :  4.73132e-06
 Reference value :  4.73732e-06
 Reference value :  4.74152e-06
 Reference value :  4.74330e-06
 Reference value :  4.74720e-06
 Reference value :  4.75020e-06
 Reference value :  4.75420e-06
 Reference value :  4.75970e-06
 Reference value :  4.76520e-06
 Reference value :  4.77120e-06
 Reference value :  4.77670e-06
 Reference value :  4.78251e-06
 Reference value :  4.78342e-06
 Reference value :  4.78401e-06
 Reference value :  4.78438e-06
 Reference value :  4.78521e-06
 Reference value :  4.78943e-06
 Reference value :  4.79493e-06
 Reference value :  4.80093e-06
 Reference value :  4.80743e-06
 Reference value :  4.81343e-06
 Reference value :  4.81843e-06
 Reference value :  4.82343e-06
 Reference value :  4.82550e-06
 Reference value :  4.82753e-06
 Reference value :  4.83253e-06
 Reference value :  4.83453e-06
 Reference value :  4.83853e-06
 Reference value :  4.84403e-06
 Reference value :  4.84953e-06
 Reference value :  4.85503e-06
 Reference value :  4.86103e-06
 Reference value :  4.86585e-06
 Reference value :  4.86675e-06
 Reference value :  4.86738e-06
 Reference value :  4.86779e-06
 Reference value :  4.86883e-06
 Reference value :  4.87473e-06
 Reference value :  4.87973e-06
 Reference value :  4.88523e-06
 Reference value :  4.89123e-06
 Reference value :  4.89673e-06
 Reference value :  4.90223e-06
 Reference value :  4.90753e-06
 Reference value :  4.90888e-06
 Reference value :  4.91136e-06
 Reference value :  4.91636e-06
 Reference value :  4.91786e-06
 Reference value :  4.92136e-06
 Reference value :  4.92636e-06
 Reference value :  4.93186e-06
 Reference value :  4.93736e-06
 Reference value :  4.94336e-06
 Reference value :  4.94918e-06
 Reference value :  4.95020e-06
 Reference value :  4.95064e-06
 Reference value :  4.95105e-06
 Reference value :  4.95153e-06
 Reference value :  4.95514e-06
 Reference value :  4.96014e-06
 Reference value :  4.96614e-06
 Reference value :  4.97164e-06
 Reference value :  4.97714e-06
 Reference value :  4.98264e-06
 Reference value :  4.98814e-06
 Reference value :  4.99152e-06
 Reference value :  4.99372e-06
 Reference value :  4.99970e-06
 Reference value :  5.00420e-06
 Reference value :  5.00970e-06
 Reference value :  5.01520e-06
 Reference value :  5.02070e-06
 Reference value :  5.02620e-06
 Reference value :  5.03170e-06
 Reference value :  5.03342e-06
 Reference value :  5.03410e-06
 Reference value :  5.03541e-06
 Reference value :  5.04091e-06
 Reference value :  5.04641e-06
 Reference value :  5.05191e-06
 Reference value :  5.05741e-06
 Reference value :  5.06291e-06
 Reference value :  5.06841e-06
 Reference value :  5.07391e-06
 Reference value :  5.07555e-06
 Reference value :  5.07761e-06
 Reference value :  5.08261e-06
 Reference value :  5.08561e-06
 Reference value :  5.09061e-06
 Reference value :  5.09611e-06
 Reference value :  5.10161e-06
 Reference value :  5.10761e-06
 Reference value :  5.11311e-06
 Reference value :  5.11676e-06
 Reference value :  5.11739e-06
 Reference value :  5.11815e-06
 Reference value :  5.12290e-06
 Reference value :  5.12940e-06
 Reference value :  5.13490e-06
 Reference value :  5.13990e-06
 Reference value :  5.14540e-06
 Reference value :  5.15090e-06
 Reference value :  5.15640e-06
 Reference value :  5.15883e-06
 Reference value :  5.16033e-06
 Reference value :  5.16333e-06
 Reference value :  5.16883e-06
 Reference value :  5.17583e-06
 Reference value :  5.18333e-06
 Reference value :  5.19033e-06
 Reference value :  5.19783e-06
 Reference value :  5.20009e-06
 Reference value :  5.20066e-06
 Reference value :  5.20133e-06
 Reference value :  5.20698e-06
 Reference value :  5.21198e-06
 Reference value :  5.21798e-06
 Reference value :  5.22348e-06
 Reference value :  5.22898e-06
 Reference value :  5.23448e-06
 Reference value :  5.24083e-06
 Reference value :  5.24222e-06
 Reference value :  5.24398e-06
 Reference value :  5.24780e-06
 Reference value :  5.25330e-06
 Reference value :  5.25930e-06
 Reference value :  5.26480e-06
 Reference value :  5.26980e-06
 Reference value :  5.27480e-06
 Reference value :  5.28030e-06
 Reference value :  5.28342e-06
 Reference value :  5.28424e-06
 Reference value :  5.28470e-06
 Reference value :  5.28940e-06
 Reference value :  5.29490e-06
 Reference value :  5.30040e-06
 Reference value :  5.30590e-06
 Reference value :  5.31140e-06
 Reference value :  5.31640e-06
 Reference value :  5.32190e-06
 Reference value :  5.32517e-06
 Reference value :  5.32663e-06
 Reference value :  5.32997e-06
 Reference value :  5.33347e-06
 Reference value :  5.33947e-06
 Reference value :  5.34497e-06
 Reference value :  5.34997e-06
 Reference value :  5.35547e-06
 Reference value :  5.36197e-06
 Reference value :  5.36632e-06
 Reference value :  5.36696e-06
 Reference value :  5.36774e-06
 Reference value :  5.37170e-06
 Reference value :  5.37720e-06
 Reference value :  5.38270e-06
 Reference value :  5.38870e-06
 Reference value :  5.39420e-06
 Reference value :  5.40020e-06
 Reference value :  5.40570e-06
 Reference value :  5.40883e-06
 Reference value :  5.41196e-06
 Reference value :  5.41696e-06
 Reference value :  5.42346e-06
 Reference value :  5.43046e-06
 Reference value :  5.43646e-06
 Reference value :  5.44246e-06
 Reference value :  5.44796e-06
 Reference value :  5.45010e-06
 Reference value :  5.45089e-06
 Reference value :  5.45574e-06
 Reference value :  5.46124e-06
 Reference value :  5.46674e-06
 Reference value :  5.47224e-06
 Reference value :  5.47774e-06
 Reference value :  5.48374e-06
 Reference value :  5.48924e-06
 Reference value :  5.49222e-06
 Reference value :  5.49580e-06
 Reference value :  5.50080e-06
 Reference value :  5.50630e-06
 Reference value :  5.51180e-06
 Reference value :  5.51730e-06
 Reference value :  5.52280e-06
 Reference value :  5.52980e-06
 Reference value :  5.53343e-06
 Reference value :  5.53423e-06
 Reference value :  5.53857e-06
 Reference value :  5.54557e-06
 Reference value :  5.55107e-06
 Reference value :  5.55607e-06
 Reference value :  5.56157e-06
 Reference value :  5.56657e-06
 Reference value :  5.57157e-06
 Reference value :  5.57517e-06
 Reference value :  5.57813e-06
 Reference value :  5.58313e-06
 Reference value :  5.58813e-06
 Reference value :  5.59313e-06
 Reference value :  5.59813e-06
 Reference value :  5.60313e-06
 Reference value :  5.60813e-06
 Reference value :  5.61363e-06
 Reference value :  5.61677e-06
 Reference value :  5.61717e-06
 Reference value :  5.61881e-06
 Reference value :  5.62431e-06
 Reference value :  5.62981e-06
 Reference value :  5.63481e-06
 Reference value :  5.64081e-06
 Reference value :  5.64631e-06
 Reference value :  5.65131e-06
 Reference value :  5.65681e-06
 Reference value :  5.65888e-06
 Reference value :  5.66296e-06
 Reference value :  5.66846e-06
 Reference value :  5.67396e-06
 Reference value :  5.67996e-06
 Reference value :  5.68496e-06
 Reference value :  5.69046e-06
 Reference value :  5.69546e-06
 Reference value :  5.69965e-06
 Reference value :  5.70010e-06
 Reference value :  5.70059e-06
 Reference value :  5.70418e-06
 Reference value :  5.70968e-06
 Reference value :  5.71568e-06
 Reference value :  5.72118e-06
 Reference value :  5.72618e-06
 Reference value :  5.73118e-06
 Reference value :  5.73668e-06
 Reference value :  5.74132e-06
 Reference value :  5.74288e-06
 Reference value :  5.74730e-06
 Reference value :  5.75280e-06
 Reference value :  5.75830e-06
 Reference value :  5.76330e-06
 Reference value :  5.76880e-06
 Reference value :  5.77430e-06
 Reference value :  5.77980e-06
 Reference value :  5.78342e-06
 Reference value :  5.78432e-06
 Reference value :  5.79050e-06
 Reference value :  5.79600e-06
 Reference value :  5.80100e-06
 Reference value :  5.80600e-06
 Reference value :  5.81150e-06
 Reference value :  5.81700e-06
 Reference value :  5.82200e-06
 Reference value :  5.82517e-06
 Reference value :  5.82713e-06
 Reference value :  5.83263e-06
 Reference value :  5.83813e-06
 Reference value :  5.84363e-06
 Reference value :  5.84913e-06
 Reference value :  5.85463e-06
 Reference value :  5.86013e-06
 Reference value :  5.86563e-06
 Reference value :  5.86675e-06
 Reference value :  5.86738e-06
 Reference value :  5.87118e-06
 Reference value :  5.87668e-06
 Reference value :  5.88218e-06
 Reference value :  5.88768e-06
 Reference value :  5.89318e-06
 Reference value :  5.89818e-06
 Reference value :  5.90368e-06
 Reference value :  5.90798e-06
 Reference value :  5.90954e-06
 Reference value :  5.91446e-06
 Reference value :  5.91996e-06
 Reference value :  5.92546e-06
 Reference value :  5.93046e-06
 Reference value :  5.93596e-06
 Reference value :  5.94146e-06
 Reference value :  5.94646e-06
 Reference value :  5.95008e-06
 Reference value :  5.95068e-06
 Reference value :  5.95490e-06
 Reference value :  5.96140e-06
 Reference value :  5.96740e-06
 Reference value :  5.97290e-06
 Reference value :  5.97790e-06
 Reference value :  5.98290e-06
 Reference value :  5.98890e-06
 Reference value :  5.99217e-06
 Reference value :  5.99480e-06
 Reference value :  6.00030e-06
 Reference value :  6.00580e-06
 Reference value :  6.01130e-06
 Reference value :  6.01680e-06
 Reference value :  6.02230e-06
 Reference value :  6.02780e-06
 Reference value :  6.03298e-06
 Reference value :  6.03363e-06
 Reference value :  6.03449e-06
 Reference value :  6.03754e-06
 Reference value :  6.04254e-06
 Reference value :  6.04804e-06
 Reference value :  6.05354e-06
 Reference value :  6.05904e-06
 Reference value :  6.06454e-06
 Reference value :  6.07004e-06
 Reference value :  6.07550e-06
 Reference value :  6.07916e-06
 Reference value :  6.08466e-06
 Reference value :  6.08966e-06
 Reference value :  6.09516e-06
 Reference value :  6.10066e-06
 Reference value :  6.10616e-06
 Reference value :  6.11166e-06
 Reference value :  6.11622e-06
 Reference value :  6.11697e-06
 Reference value :  6.11745e-06
 Reference value :  6.11823e-06
 Reference value :  6.12158e-06
 Reference value :  6.12708e-06
 Reference value :  6.13258e-06
 Reference value :  6.13858e-06
 Reference value :  6.14358e-06
 Reference value :  6.14908e-06
 Reference value :  6.15458e-06
 Reference value :  6.15851e-06
 Reference value :  6.15993e-06
 Reference value :  6.16145e-06
 Reference value :  6.16683e-06
 Reference value :  6.17183e-06
 Reference value :  6.17733e-06
 Reference value :  6.18233e-06
 Reference value :  6.18733e-06
 Reference value :  6.19283e-06
 Reference value :  6.19833e-06
 Reference value :  6.20009e-06
 Reference value :  6.20066e-06
 Reference value :  6.20113e-06
 Reference value :  6.20447e-06
 Reference value :  6.20997e-06
 Reference value :  6.21547e-06
 Reference value :  6.22097e-06
 Reference value :  6.22647e-06
 Reference value :  6.23197e-06
 Reference value :  6.23797e-06
 Reference value :  6.24184e-06
 Reference value :  6.24370e-06
 Reference value :  6.24730e-06
 Reference value :  6.25480e-06
 Reference value :  6.26080e-06
 Reference value :  6.26630e-06
 Reference value :  6.27180e-06
 Reference value :  6.27730e-06
 Reference value :  6.28257e-06
No. of Data Rows : 14069

  Measurements for Transient Analysis

d9_c1               =  3.72974e-07
d8_c1               =  3.09454e-08
d7_c1               =  1.80000e+00
d6_c1               =  1.80000e+00
d5_c1               =  3.10903e-08
d4_c1               =  3.09546e-08
d3_c1               =  1.80000e+00
d2_c1               =  3.07597e-08
d1_c1               =  3.07491e-08
d0_c1               =  1.80000e+00
d9_c2               =  1.20621e-06
d8_c2               =  1.80000e+00
d7_c2               =  3.90997e-08
d6_c2               =  1.80000e+00
d5_c2               =  1.80000e+00
d4_c2               =  1.80000e+00
d3_c2               =  1.80000e+00
d2_c2               =  1.80000e+00
d1_c2               =  1.80000e+00
d0_c2               =  1.80000e+00
d9_c3               =  1.80001e+00
d8_c3               =  3.78941e-09
d7_c3               =  -1.34706e-08
d6_c3               =  -1.63007e-08
d5_c3               =  -2.01945e-08
d4_c3               =  -2.59646e-08
d3_c3               =  -3.50946e-08
d2_c3               =  -5.19076e-08
d1_c3               =  -9.17621e-08
d0_c3               =  -3.24600e-08
d9_c4               =  1.80001e+00
d8_c4               =  -1.17760e-08
d7_c4               =  1.80000e+00
d6_c4               =  -1.67373e-08
d5_c4               =  -2.06262e-08
d4_c4               =  -2.63859e-08
d3_c4               =  -3.55039e-08
d2_c4               =  -5.22930e-08
d1_c4               =  -9.21735e-08
d0_c4               =  1.80000e+00
d9_c5               =  1.80001e+00
d8_c5               =  1.80000e+00
d7_c5               =  1.80000e+00
d6_c5               =  1.80000e+00
d5_c5               =  1.80000e+00
d4_c5               =  1.80000e+00
d3_c5               =  1.80000e+00
d2_c5               =  1.80000e+00
d1_c5               =  1.80000e+00
d0_c5               =  1.80000e+00
busy_c1_p0          =  1.80000e+00
smpl_c1_p0          =  -3.07095e-05
busy_c1_p1          =  1.80000e+00
smpl_c1_p1          =  4.88827e-06
busy_c1_p2          =  1.80000e+00
smpl_c1_p2          =  1.08734e-05
busy_c1_p3          =  1.80000e+00
smpl_c1_p3          =  4.97948e-06
busy_c1_p4          =  1.80000e+00
smpl_c1_p4          =  4.96171e-06
busy_c1_p5          =  1.80000e+00
smpl_c1_p5          =  4.96971e-06
busy_c1_p6          =  1.80000e+00
smpl_c1_p6          =  4.92235e-06
busy_c1_p7          =  1.80000e+00
smpl_c1_p7          =  4.98785e-06
busy_c1_p8          =  1.80000e+00
smpl_c1_p8          =  5.00049e-06
busy_c1_p9          =  1.80000e+00
smpl_c1_p9          =  4.96014e-06
busy_c1_p10         =  1.80000e+00
smpl_c1_p10         =  4.95375e-06
busy_c1_p11         =  1.96506e-06
smpl_c1_p11         =  1.80001e+00
busy_c2_p0          =  1.80000e+00
smpl_c2_p0          =  -3.02401e-05
busy_c2_p1          =  1.80000e+00
smpl_c2_p1          =  5.08745e-06
busy_c2_p2          =  1.80000e+00
smpl_c2_p2          =  5.08828e-06
busy_c2_p3          =  1.80000e+00
smpl_c2_p3          =  5.12202e-06
busy_c2_p4          =  1.80000e+00
smpl_c2_p4          =  5.02825e-06
busy_c2_p5          =  1.80000e+00
smpl_c2_p5          =  5.04961e-06
busy_c2_p6          =  1.80000e+00
smpl_c2_p6          =  5.08419e-06
busy_c2_p7          =  1.80000e+00
smpl_c2_p7          =  5.08742e-06
busy_c2_p8          =  1.80000e+00
smpl_c2_p8          =  5.08516e-06
busy_c2_p9          =  1.80000e+00
smpl_c2_p9          =  5.10812e-06
busy_c2_p10         =  1.80000e+00
smpl_c2_p10         =  5.16026e-06
busy_c2_p11         =  -5.43413e-06
smpl_c2_p11         =  1.80001e+00
busy_c3_p0          =  1.80000e+00
smpl_c3_p0          =  -3.06512e-05
busy_c3_p1          =  1.80000e+00
smpl_c3_p1          =  4.97459e-06
busy_c3_p2          =  1.80000e+00
smpl_c3_p2          =  5.08765e-06
busy_c3_p3          =  1.80000e+00
smpl_c3_p3          =  5.06131e-06
busy_c3_p4          =  1.80000e+00
smpl_c3_p4          =  5.05013e-06
busy_c3_p5          =  1.80000e+00
smpl_c3_p5          =  5.07125e-06
busy_c3_p6          =  1.80000e+00
smpl_c3_p6          =  5.19374e-06
busy_c3_p7          =  1.80000e+00
smpl_c3_p7          =  5.12889e-06
busy_c3_p8          =  1.80000e+00
smpl_c3_p8          =  5.19531e-06
busy_c3_p9          =  1.80000e+00
smpl_c3_p9          =  5.20005e-06
busy_c3_p10         =  1.80000e+00
smpl_c3_p10         =  5.14376e-06
busy_c3_p11         =  -4.70699e-06
smpl_c3_p11         =  1.80001e+00
busy_c4_p0          =  1.80000e+00
smpl_c4_p0          =  -3.08002e-05
busy_c4_p1          =  1.80000e+00
smpl_c4_p1          =  4.97544e-06
busy_c4_p2          =  1.80000e+00
smpl_c4_p2          =  5.05809e-06
busy_c4_p3          =  1.80000e+00
smpl_c4_p3          =  4.94245e-06
busy_c4_p4          =  1.80000e+00
smpl_c4_p4          =  5.07774e-06
busy_c4_p5          =  1.80000e+00
smpl_c4_p5          =  5.05166e-06
busy_c4_p6          =  1.80000e+00
smpl_c4_p6          =  5.12569e-06
busy_c4_p7          =  1.80000e+00
smpl_c4_p7          =  5.08889e-06
busy_c4_p8          =  1.80000e+00
smpl_c4_p8          =  5.09087e-06
busy_c4_p9          =  1.80000e+00
smpl_c4_p9          =  5.12918e-06
busy_c4_p10         =  1.80000e+00
smpl_c4_p10         =  5.02669e-06
busy_c4_p11         =  -5.31022e-06
smpl_c4_p11         =  1.80001e+00
busy_c5_p0          =  1.80000e+00
smpl_c5_p0          =  -3.07692e-05
busy_c5_p1          =  1.80000e+00
smpl_c5_p1          =  4.87106e-06
busy_c5_p2          =  1.80000e+00
smpl_c5_p2          =  1.07817e-05
busy_c5_p3          =  1.80000e+00
smpl_c5_p3          =  1.19784e-05
busy_c5_p4          =  1.80000e+00
smpl_c5_p4          =  1.09111e-05
busy_c5_p5          =  1.80000e+00
smpl_c5_p5          =  9.44195e-06
busy_c5_p6          =  1.80000e+00
smpl_c5_p6          =  8.01956e-06
busy_c5_p7          =  1.80000e+00
smpl_c5_p7          =  7.01953e-06
busy_c5_p8          =  1.80000e+00
smpl_c5_p8          =  6.41944e-06
busy_c5_p9          =  1.80000e+00
smpl_c5_p9          =  6.05471e-06
busy_c5_p10         =  1.80000e+00
smpl_c5_p10         =  5.77164e-06
busy_c5_p11         =  -1.30655e-06
smpl_c5_p11         =  1.80001e+00
i_vdd               =  -2.11808e-06 from=  3.20000e-06 to=  4.20009e-06
i_vpwr              =  -7.31510e-06 from=  3.20000e-06 to=  4.20009e-06
i_vrefp             =  -5.70659e-06 from=  3.20000e-06 to=  4.20009e-06
i_vrefn             =  5.69622e-06 from=  3.20000e-06 to=  4.20009e-06
i_vcm               =  1.24066e-08 from=  3.20000e-06 to=  4.20009e-06
gnd_die_max         =  3.29749e-03 at=  4.11780e-06
gnd_die_min         =  -1.44703e-03 at=  2.20052e-06
vgnd_max            =  0.00000e+00 at=  6.28333e-06
vgnd_min            =  0.00000e+00 at=  6.28333e-06
vdd_max             =  1.80000e+00 at=  6.28333e-06
vdd_min             =  1.80000e+00 at=  6.28333e-06
vpwr_max            =  1.80000e+00 at=  6.28333e-06
vpwr_min            =  1.80000e+00 at=  6.28333e-06
vdda_min            =  1.79670e+00 at=  4.11780e-06
vdda_max            =  1.80145e+00 at=  2.20052e-06
i_vgnd              =  9.47813e-06 from=  3.20000e-06 to=  4.20009e-06
i_sub               =  2.19558e-06 from=  3.20000e-06 to=  4.20009e-06


Total analysis time (seconds) = 2411.36

Total elapsed time (seconds) = 2688.467 

Total DRAM available = 98304.000 MB.
DRAM currently available = 5768.328 MB.
Maximum ngspice program size =  819.812 MB.
Current ngspice program size =   31.062 MB.

