
Note: No compatibility mode selected!


Circuit: * klt sim -- generated corner deck, do not edit

Doing analysis at TEMP = 27.000000 and TNOM = 27.000000

Using SPARSE 1.3 as Direct Linear Solver

Checking parameters for BSIM 4.5 model xinv_halflsb.x0:nshort_model.40
Warning: Eta0 = -0.0328129 is negative.

Checking parameters for BSIM 4.5 model xand_halflsb.x7:nshort_model.48
Warning: Eta0 = -0.0261666 is negative.

Checking parameters for BSIM 4.5 model xand_halflsb.x6:nshort_model.48
Warning: Eta0 = -0.0261666 is negative.

Checking parameters for BSIM 4.5 model xand_halflsb.x3:nshort_model.48
Warning: Eta0 = -0.0261666 is negative.

Checking parameters for BSIM 4.5 model xand_halflsb.x2:nshort_model.40
Warning: Eta0 = -0.0328129 is negative.

Checking parameters for BSIM 4.5 model xdum_xnor_n.x9:nshort_model.40
Warning: Eta0 = -0.0328129 is negative.

Checking parameters for BSIM 4.5 model xdum_xnor_n.x8:nshort_model.40
Warning: Eta0 = -0.0328129 is negative.

Checking parameters for BSIM 4.5 model xdum_xnor_n.x5:nshort_model.40
Warning: Eta0 = -0.0328129 is negative.

Checking parameters for BSIM 4.5 model xdum_xnor_n.x4:nshort_model.40
Warning: Eta0 = -0.0328129 is negative.

Checking parameters for BSIM 4.5 model xdum_xnor_n.x3:nshort_model.40
Warning: Eta0 = -0.0328129 is negative.

Checking parameters for BSIM 4.5 model xdum_mux_n.x11:nshort_model.48
Warning: Eta0 = -0.0261666 is negative.

Checking parameters for BSIM 4.5 model xdum_mux_n.x10:nshort_model.48
Warning: Eta0 = -0.0261666 is negative.

Checking parameters for BSIM 4.5 model xdum_mux_n.x9:nshort_model.48
Warning: Eta0 = -0.0261666 is negative.

Checking parameters for BSIM 4.5 model xdum_mux_n.x7:nshort_model.40
Warning: Eta0 = -0.0328129 is negative.

Checking parameters for BSIM 4.5 model xdum_mux_n.x5:nshort_model.48
Warning: Eta0 = -0.0261666 is negative.

Checking parameters for BSIM 4.5 model xdum_mux_n.x1:nshort_model.48
Warning: Eta0 = -0.0261666 is negative.

Checking parameters for BSIM 4.5 model xxor_code8.x9:nshort_model.40
Warning: Eta0 = -0.0328129 is negative.

Checking parameters for BSIM 4.5 model xxor_code8.x7:nshort_model.40
Warning: Eta0 = -0.0328129 is negative.

Checking parameters for BSIM 4.5 model xxor_code8.x2:nshort_model.40
Warning: Eta0 = -0.0328129 is negative.

Checking parameters for BSIM 4.5 model xxor_code8.x1:nshort_model.40
Warning: Eta0 = -0.0328129 is negative.

Checking parameters for BSIM 4.5 model xxor_code8.x0:nshort_model.40
Warning: Eta0 = -0.0328129 is negative.

Checking parameters for BSIM 4.5 model xxor_code7.x9:nshort_model.40
Warning: Eta0 = -0.0328129 is negative.

Checking parameters for BSIM 4.5 model xxor_code7.x7:nshort_model.40
Warning: Eta0 = -0.0328129 is negative.

Checking parameters for BSIM 4.5 model xxor_code7.x2:nshort_model.40
Warning: Eta0 = -0.0328129 is negative.

Checking parameters for BSIM 4.5 model xxor_code7.x1:nshort_model.40
Warning: Eta0 = -0.0328129 is negative.

Checking parameters for BSIM 4.5 model xxor_code7.x0:nshort_model.40
Warning: Eta0 = -0.0328129 is negative.

Checking parameters for BSIM 4.5 model xxor_code6.x9:nshort_model.40
Warning: Eta0 = -0.0328129 is negative.

Checking parameters for BSIM 4.5 model xxor_code6.x7:nshort_model.40
Warning: Eta0 = -0.0328129 is negative.

Checking parameters for BSIM 4.5 model xxor_code6.x2:nshort_model.40
Warning: Eta0 = -0.0328129 is negative.

Checking parameters for BSIM 4.5 model xxor_code6.x1:nshort_model.40
Warning: Eta0 = -0.0328129 is negative.

Checking parameters for BSIM 4.5 model xxor_code6.x0:nshort_model.40
Warning: Eta0 = -0.0328129 is negative.

Checking parameters for BSIM 4.5 model xxor_code5.x9:nshort_model.40
Warning: Eta0 = -0.0328129 is negative.

Checking parameters for BSIM 4.5 model xxor_code5.x7:nshort_model.40
Warning: Eta0 = -0.0328129 is negative.

Checking parameters for BSIM 4.5 model xxor_code5.x2:nshort_model.40
Warning: Eta0 = -0.0328129 is negative.

Checking parameters for BSIM 4.5 model xxor_code5.x1:nshort_model.40
Warning: Eta0 = -0.0328129 is negative.

Checking parameters for BSIM 4.5 model xxor_code5.x0:nshort_model.40
Warning: Eta0 = -0.0328129 is negative.

Checking parameters for BSIM 4.5 model xxor_code4.x9:nshort_model.40
Warning: Eta0 = -0.0328129 is negative.

Checking parameters for BSIM 4.5 model xxor_code4.x7:nshort_model.40
Warning: Eta0 = -0.0328129 is negative.

Checking parameters for BSIM 4.5 model xxor_code4.x2:nshort_model.40
Warning: Eta0 = -0.0328129 is negative.

Checking parameters for BSIM 4.5 model xxor_code4.x1:nshort_model.40
Warning: Eta0 = -0.0328129 is negative.

Checking parameters for BSIM 4.5 model xxor_code4.x0:nshort_model.40
Warning: Eta0 = -0.0328129 is negative.

Checking parameters for BSIM 4.5 model xxor_code3.x9:nshort_model.40
Warning: Eta0 = -0.0328129 is negative.

Checking parameters for BSIM 4.5 model xxor_code3.x7:nshort_model.40
Warning: Eta0 = -0.0328129 is negative.

Checking parameters for BSIM 4.5 model xxor_code3.x2:nshort_model.40
Warning: Eta0 = -0.0328129 is negative.

Checking parameters for BSIM 4.5 model xxor_code3.x1:nshort_model.40
Warning: Eta0 = -0.0328129 is negative.

Checking parameters for BSIM 4.5 model xxor_code3.x0:nshort_model.40
Warning: Eta0 = -0.0328129 is negative.

Checking parameters for BSIM 4.5 model xxor_code2.x9:nshort_model.40
Warning: Eta0 = -0.0328129 is negative.

Checking parameters for BSIM 4.5 model xxor_code2.x7:nshort_model.40
Warning: Eta0 = -0.0328129 is negative.

Checking parameters for BSIM 4.5 model xxor_code2.x2:nshort_model.40
Warning: Eta0 = -0.0328129 is negative.

Checking parameters for BSIM 4.5 model xxor_code2.x1:nshort_model.40
Warning: Eta0 = -0.0328129 is negative.

Checking parameters for BSIM 4.5 model xxor_code2.x0:nshort_model.40
Warning: Eta0 = -0.0328129 is negative.

Checking parameters for BSIM 4.5 model xxor_code1.x9:nshort_model.40
Warning: Eta0 = -0.0328129 is negative.

Checking parameters for BSIM 4.5 model xxor_code1.x7:nshort_model.40
Warning: Eta0 = -0.0328129 is negative.

Checking parameters for BSIM 4.5 model xxor_code1.x2:nshort_model.40
Warning: Eta0 = -0.0328129 is negative.

Checking parameters for BSIM 4.5 model xxor_code1.x1:nshort_model.40
Warning: Eta0 = -0.0328129 is negative.

Checking parameters for BSIM 4.5 model xxor_code1.x0:nshort_model.40
Warning: Eta0 = -0.0328129 is negative.

Checking parameters for BSIM 4.5 model xxor_code0.x9:nshort_model.40
Warning: Eta0 = -0.0328129 is negative.

Checking parameters for BSIM 4.5 model xxor_code0.x7:nshort_model.40
Warning: Eta0 = -0.0328129 is negative.

Checking parameters for BSIM 4.5 model xxor_code0.x2:nshort_model.40
Warning: Eta0 = -0.0328129 is negative.

Checking parameters for BSIM 4.5 model xxor_code0.x1:nshort_model.40
Warning: Eta0 = -0.0328129 is negative.

Checking parameters for BSIM 4.5 model xxor_code0.x0:nshort_model.40
Warning: Eta0 = -0.0328129 is negative.

Checking parameters for BSIM 4.5 model xand_selp8.x4:nshort_model.48
Warning: Eta0 = -0.0261666 is negative.

Checking parameters for BSIM 4.5 model xand_selp8.x2:nshort_model.48
Warning: Eta0 = -0.0261666 is negative.

Checking parameters for BSIM 4.5 model xand_selp8.x0:nshort_model.40
Warning: Eta0 = -0.0328129 is negative.

Checking parameters for BSIM 4.5 model xand_seln8.x4:nshort_model.48
Warning: Eta0 = -0.0261666 is negative.

Checking parameters for BSIM 4.5 model xand_seln8.x2:nshort_model.48
Warning: Eta0 = -0.0261666 is negative.

Checking parameters for BSIM 4.5 model xand_seln8.x0:nshort_model.40
Warning: Eta0 = -0.0328129 is negative.

Checking parameters for BSIM 4.5 model xand_selp7.x4:nshort_model.48
Warning: Eta0 = -0.0261666 is negative.

Checking parameters for BSIM 4.5 model xand_selp7.x2:nshort_model.48
Warning: Eta0 = -0.0261666 is negative.

Checking parameters for BSIM 4.5 model xand_selp7.x0:nshort_model.40
Warning: Eta0 = -0.0328129 is negative.

Checking parameters for BSIM 4.5 model xand_seln7.x4:nshort_model.48
Warning: Eta0 = -0.0261666 is negative.

Checking parameters for BSIM 4.5 model xand_seln7.x2:nshort_model.48
Warning: Eta0 = -0.0261666 is negative.

Checking parameters for BSIM 4.5 model xand_seln7.x0:nshort_model.40
Warning: Eta0 = -0.0328129 is negative.

Checking parameters for BSIM 4.5 model xand_selp6.x4:nshort_model.48
Warning: Eta0 = -0.0261666 is negative.

Checking parameters for BSIM 4.5 model xand_selp6.x2:nshort_model.48
Warning: Eta0 = -0.0261666 is negative.

Checking parameters for BSIM 4.5 model xand_selp6.x0:nshort_model.40
Warning: Eta0 = -0.0328129 is negative.

Checking parameters for BSIM 4.5 model xand_seln6.x4:nshort_model.48
Warning: Eta0 = -0.0261666 is negative.

Checking parameters for BSIM 4.5 model xand_seln6.x2:nshort_model.48
Warning: Eta0 = -0.0261666 is negative.

Checking parameters for BSIM 4.5 model xand_seln6.x0:nshort_model.40
Warning: Eta0 = -0.0328129 is negative.

Checking parameters for BSIM 4.5 model xand_selp5.x4:nshort_model.48
Warning: Eta0 = -0.0261666 is negative.

Checking parameters for BSIM 4.5 model xand_selp5.x2:nshort_model.48
Warning: Eta0 = -0.0261666 is negative.

Checking parameters for BSIM 4.5 model xand_selp5.x0:nshort_model.40
Warning: Eta0 = -0.0328129 is negative.

Checking parameters for BSIM 4.5 model xand_seln5.x4:nshort_model.48
Warning: Eta0 = -0.0261666 is negative.

Checking parameters for BSIM 4.5 model xand_seln5.x2:nshort_model.48
Warning: Eta0 = -0.0261666 is negative.

Checking parameters for BSIM 4.5 model xand_seln5.x0:nshort_model.40
Warning: Eta0 = -0.0328129 is negative.

Checking parameters for BSIM 4.5 model xand_selp4.x4:nshort_model.48
Warning: Eta0 = -0.0261666 is negative.

Checking parameters for BSIM 4.5 model xand_selp4.x2:nshort_model.48
Warning: Eta0 = -0.0261666 is negative.

Checking parameters for BSIM 4.5 model xand_selp4.x0:nshort_model.40
Warning: Eta0 = -0.0328129 is negative.

Checking parameters for BSIM 4.5 model xand_seln4.x4:nshort_model.48
Warning: Eta0 = -0.0261666 is negative.

Checking parameters for BSIM 4.5 model xand_seln4.x2:nshort_model.48
Warning: Eta0 = -0.0261666 is negative.

Checking parameters for BSIM 4.5 model xand_seln4.x0:nshort_model.40
Warning: Eta0 = -0.0328129 is negative.

Checking parameters for BSIM 4.5 model xand_selp3.x4:nshort_model.48
Warning: Eta0 = -0.0261666 is negative.

Checking parameters for BSIM 4.5 model xand_selp3.x2:nshort_model.48
Warning: Eta0 = -0.0261666 is negative.

Checking parameters for BSIM 4.5 model xand_selp3.x0:nshort_model.40
Warning: Eta0 = -0.0328129 is negative.

Checking parameters for BSIM 4.5 model xand_seln3.x4:nshort_model.48
Warning: Eta0 = -0.0261666 is negative.

Checking parameters for BSIM 4.5 model xand_seln3.x2:nshort_model.48
Warning: Eta0 = -0.0261666 is negative.

Checking parameters for BSIM 4.5 model xand_seln3.x0:nshort_model.40
Warning: Eta0 = -0.0328129 is negative.

Checking parameters for BSIM 4.5 model xand_selp2.x4:nshort_model.48
Warning: Eta0 = -0.0261666 is negative.

Checking parameters for BSIM 4.5 model xand_selp2.x2:nshort_model.48
Warning: Eta0 = -0.0261666 is negative.

Checking parameters for BSIM 4.5 model xand_selp2.x0:nshort_model.40
Warning: Eta0 = -0.0328129 is negative.

Checking parameters for BSIM 4.5 model xand_seln2.x4:nshort_model.48
Warning: Eta0 = -0.0261666 is negative.

Checking parameters for BSIM 4.5 model xand_seln2.x2:nshort_model.48
Warning: Eta0 = -0.0261666 is negative.

Checking parameters for BSIM 4.5 model xand_seln2.x0:nshort_model.40
Warning: Eta0 = -0.0328129 is negative.

Checking parameters for BSIM 4.5 model xand_selp1.x4:nshort_model.48
Warning: Eta0 = -0.0261666 is negative.

Checking parameters for BSIM 4.5 model xand_selp1.x2:nshort_model.48
Warning: Eta0 = -0.0261666 is negative.

Checking parameters for BSIM 4.5 model xand_selp1.x0:nshort_model.40
Warning: Eta0 = -0.0328129 is negative.

Checking parameters for BSIM 4.5 model xand_seln1.x4:nshort_model.48
Warning: Eta0 = -0.0261666 is negative.

Checking parameters for BSIM 4.5 model xand_seln1.x2:nshort_model.48
Warning: Eta0 = -0.0261666 is negative.

Checking parameters for BSIM 4.5 model xand_seln1.x0:nshort_model.40
Warning: Eta0 = -0.0328129 is negative.

Checking parameters for BSIM 4.5 model xand_selp0.x4:nshort_model.48
Warning: Eta0 = -0.0261666 is negative.

Checking parameters for BSIM 4.5 model xand_selp0.x2:nshort_model.48
Warning: Eta0 = -0.0261666 is negative.

Checking parameters for BSIM 4.5 model xand_selp0.x0:nshort_model.40
Warning: Eta0 = -0.0328129 is negative.

Checking parameters for BSIM 4.5 model xand_seln0.x4:nshort_model.48
Warning: Eta0 = -0.0261666 is negative.

Checking parameters for BSIM 4.5 model xand_seln0.x2:nshort_model.48
Warning: Eta0 = -0.0261666 is negative.

Checking parameters for BSIM 4.5 model xand_seln0.x0:nshort_model.40
Warning: Eta0 = -0.0328129 is negative.

Checking parameters for BSIM 4.5 model xinv_dout9n.x0:nshort_model.40
Warning: Eta0 = -0.0328129 is negative.

Checking parameters for BSIM 4.5 model xinv_clkcap.x0:nshort_model.40
Warning: Eta0 = -0.0328129 is negative.

Checking parameters for BSIM 4.5 model xseq.xclr0.x4:nshort_model.48
Warning: Eta0 = -0.0261666 is negative.

Checking parameters for BSIM 4.5 model xseq.xclr0.x2:nshort_model.48
Warning: Eta0 = -0.0261666 is negative.

Checking parameters for BSIM 4.5 model xseq.xclr0.x0:nshort_model.40
Warning: Eta0 = -0.0328129 is negative.

Checking parameters for BSIM 4.5 model xseq.xpre0.x3:nshort_model.48
Warning: Eta0 = -0.0261666 is negative.

Checking parameters for BSIM 4.5 model xseq.xpre0.x2:nshort_model.48
Warning: Eta0 = -0.0261666 is negative.

Checking parameters for BSIM 4.5 model xseq.xpre0.x1:nshort_model.40
Warning: Eta0 = -0.0328129 is negative.

Checking parameters for BSIM 4.5 model xseq.xclr1.x4:nshort_model.48
Warning: Eta0 = -0.0261666 is negative.

Checking parameters for BSIM 4.5 model xseq.xclr1.x2:nshort_model.48
Warning: Eta0 = -0.0261666 is negative.

Checking parameters for BSIM 4.5 model xseq.xclr1.x0:nshort_model.40
Warning: Eta0 = -0.0328129 is negative.

Checking parameters for BSIM 4.5 model xseq.xpre1.x3:nshort_model.48
Warning: Eta0 = -0.0261666 is negative.

Checking parameters for BSIM 4.5 model xseq.xpre1.x2:nshort_model.48
Warning: Eta0 = -0.0261666 is negative.

Checking parameters for BSIM 4.5 model xseq.xpre1.x1:nshort_model.40
Warning: Eta0 = -0.0328129 is negative.

Checking parameters for BSIM 4.5 model xseq.xclr2.x4:nshort_model.48
Warning: Eta0 = -0.0261666 is negative.

Checking parameters for BSIM 4.5 model xseq.xclr2.x2:nshort_model.48
Warning: Eta0 = -0.0261666 is negative.

Checking parameters for BSIM 4.5 model xseq.xclr2.x0:nshort_model.40
Warning: Eta0 = -0.0328129 is negative.

Checking parameters for BSIM 4.5 model xseq.xpre2.x3:nshort_model.48
Warning: Eta0 = -0.0261666 is negative.

Checking parameters for BSIM 4.5 model xseq.xpre2.x2:nshort_model.48
Warning: Eta0 = -0.0261666 is negative.

Checking parameters for BSIM 4.5 model xseq.xpre2.x1:nshort_model.40
Warning: Eta0 = -0.0328129 is negative.

Checking parameters for BSIM 4.5 model xseq.xclr3.x4:nshort_model.48
Warning: Eta0 = -0.0261666 is negative.

Checking parameters for BSIM 4.5 model xseq.xclr3.x2:nshort_model.48
Warning: Eta0 = -0.0261666 is negative.

Checking parameters for BSIM 4.5 model xseq.xclr3.x0:nshort_model.40
Warning: Eta0 = -0.0328129 is negative.

Checking parameters for BSIM 4.5 model xseq.xpre3.x3:nshort_model.48
Warning: Eta0 = -0.0261666 is negative.

Checking parameters for BSIM 4.5 model xseq.xpre3.x2:nshort_model.48
Warning: Eta0 = -0.0261666 is negative.

Checking parameters for BSIM 4.5 model xseq.xpre3.x1:nshort_model.40
Warning: Eta0 = -0.0328129 is negative.

Checking parameters for BSIM 4.5 model xseq.xclr4.x4:nshort_model.48
Warning: Eta0 = -0.0261666 is negative.

Checking parameters for BSIM 4.5 model xseq.xclr4.x2:nshort_model.48
Warning: Eta0 = -0.0261666 is negative.

Checking parameters for BSIM 4.5 model xseq.xclr4.x0:nshort_model.40
Warning: Eta0 = -0.0328129 is negative.

Checking parameters for BSIM 4.5 model xseq.xpre4.x3:nshort_model.48
Warning: Eta0 = -0.0261666 is negative.

Checking parameters for BSIM 4.5 model xseq.xpre4.x2:nshort_model.48
Warning: Eta0 = -0.0261666 is negative.

Checking parameters for BSIM 4.5 model xseq.xpre4.x1:nshort_model.40
Warning: Eta0 = -0.0328129 is negative.

Checking parameters for BSIM 4.5 model xseq.xclr5.x4:nshort_model.48
Warning: Eta0 = -0.0261666 is negative.

Checking parameters for BSIM 4.5 model xseq.xclr5.x2:nshort_model.48
Warning: Eta0 = -0.0261666 is negative.

Checking parameters for BSIM 4.5 model xseq.xclr5.x0:nshort_model.40
Warning: Eta0 = -0.0328129 is negative.

Checking parameters for BSIM 4.5 model xseq.xpre5.x3:nshort_model.48
Warning: Eta0 = -0.0261666 is negative.

Checking parameters for BSIM 4.5 model xseq.xpre5.x2:nshort_model.48
Warning: Eta0 = -0.0261666 is negative.

Checking parameters for BSIM 4.5 model xseq.xpre5.x1:nshort_model.40
Warning: Eta0 = -0.0328129 is negative.

Checking parameters for BSIM 4.5 model xseq.xclr6.x4:nshort_model.48
Warning: Eta0 = -0.0261666 is negative.

Checking parameters for BSIM 4.5 model xseq.xclr6.x2:nshort_model.48
Warning: Eta0 = -0.0261666 is negative.

Checking parameters for BSIM 4.5 model xseq.xclr6.x0:nshort_model.40
Warning: Eta0 = -0.0328129 is negative.

Checking parameters for BSIM 4.5 model xseq.xpre6.x3:nshort_model.48
Warning: Eta0 = -0.0261666 is negative.

Checking parameters for BSIM 4.5 model xseq.xpre6.x2:nshort_model.48
Warning: Eta0 = -0.0261666 is negative.

Checking parameters for BSIM 4.5 model xseq.xpre6.x1:nshort_model.40
Warning: Eta0 = -0.0328129 is negative.

Checking parameters for BSIM 4.5 model xseq.xclr7.x4:nshort_model.48
Warning: Eta0 = -0.0261666 is negative.

Checking parameters for BSIM 4.5 model xseq.xclr7.x2:nshort_model.48
Warning: Eta0 = -0.0261666 is negative.

Checking parameters for BSIM 4.5 model xseq.xclr7.x0:nshort_model.40
Warning: Eta0 = -0.0328129 is negative.

Checking parameters for BSIM 4.5 model xseq.xpre7.x3:nshort_model.48
Warning: Eta0 = -0.0261666 is negative.

Checking parameters for BSIM 4.5 model xseq.xpre7.x2:nshort_model.48
Warning: Eta0 = -0.0261666 is negative.

Checking parameters for BSIM 4.5 model xseq.xpre7.x1:nshort_model.40
Warning: Eta0 = -0.0328129 is negative.

Checking parameters for BSIM 4.5 model xseq.xclr8.x4:nshort_model.48
Warning: Eta0 = -0.0261666 is negative.

Checking parameters for BSIM 4.5 model xseq.xclr8.x2:nshort_model.48
Warning: Eta0 = -0.0261666 is negative.

Checking parameters for BSIM 4.5 model xseq.xclr8.x0:nshort_model.40
Warning: Eta0 = -0.0328129 is negative.

Checking parameters for BSIM 4.5 model xseq.xpre8.x3:nshort_model.48
Warning: Eta0 = -0.0261666 is negative.

Checking parameters for BSIM 4.5 model xseq.xpre8.x2:nshort_model.48
Warning: Eta0 = -0.0261666 is negative.

Checking parameters for BSIM 4.5 model xseq.xpre8.x1:nshort_model.40
Warning: Eta0 = -0.0328129 is negative.

Checking parameters for BSIM 4.5 model xseq.xxnor_compeff.x9:nshort_model.40
Warning: Eta0 = -0.0328129 is negative.

Checking parameters for BSIM 4.5 model xseq.xxnor_compeff.x8:nshort_model.40
Warning: Eta0 = -0.0328129 is negative.

Checking parameters for BSIM 4.5 model xseq.xxnor_compeff.x5:nshort_model.40
Warning: Eta0 = -0.0328129 is negative.

Checking parameters for BSIM 4.5 model xseq.xxnor_compeff.x4:nshort_model.40
Warning: Eta0 = -0.0328129 is negative.

Checking parameters for BSIM 4.5 model xseq.xxnor_compeff.x3:nshort_model.40
Warning: Eta0 = -0.0328129 is negative.

Checking parameters for BSIM 4.5 model xseq.xbreg0.x27:nshort_model.48
Warning: Eta0 = -0.0261666 is negative.

Checking parameters for BSIM 4.5 model xseq.xbreg0.x22:nshort_model.48
Warning: Eta0 = -0.0261666 is negative.

Checking parameters for BSIM 4.5 model xseq.xbreg0.x17:nshort_model.48
Warning: Eta0 = -0.0261666 is negative.

Checking parameters for BSIM 4.5 model xseq.xbreg0.x16:nshort_model.48
Warning: Eta0 = -0.0261666 is negative.

Checking parameters for BSIM 4.5 model xseq.xbreg0.x13:nshort_model.48
Warning: Eta0 = -0.0261666 is negative.

Checking parameters for BSIM 4.5 model xseq.xbreg0.x11:nshort_model.48
Warning: Eta0 = -0.0261666 is negative.

Checking parameters for BSIM 4.5 model xseq.xbreg0.x6:nshort_model.48
Warning: Eta0 = -0.0261666 is negative.

Checking parameters for BSIM 4.5 model xseq.xbreg0.x5:nshort_model.40
Warning: Eta0 = -0.0328129 is negative.

Checking parameters for BSIM 4.5 model xseq.xbreg0.x3:nshort_model.48
Warning: Eta0 = -0.0261666 is negative.

Checking parameters for BSIM 4.5 model xseq.xbreg0.x2:nshort_model.40
Warning: Eta0 = -0.0344511 is negative.

Checking parameters for BSIM 4.5 model xseq.xmux0.x11:nshort_model.48
Warning: Eta0 = -0.0261666 is negative.

Checking parameters for BSIM 4.5 model xseq.xmux0.x10:nshort_model.48
Warning: Eta0 = -0.0261666 is negative.

Checking parameters for BSIM 4.5 model xseq.xmux0.x9:nshort_model.48
Warning: Eta0 = -0.0261666 is negative.

Checking parameters for BSIM 4.5 model xseq.xmux0.x7:nshort_model.40
Warning: Eta0 = -0.0328129 is negative.

Checking parameters for BSIM 4.5 model xseq.xmux0.x5:nshort_model.48
Warning: Eta0 = -0.0261666 is negative.

Checking parameters for BSIM 4.5 model xseq.xmux0.x1:nshort_model.48
Warning: Eta0 = -0.0261666 is negative.

Checking parameters for BSIM 4.5 model xseq.xbreg1.x27:nshort_model.48
Warning: Eta0 = -0.0261666 is negative.

Checking parameters for BSIM 4.5 model xseq.xbreg1.x22:nshort_model.48
Warning: Eta0 = -0.0261666 is negative.

Checking parameters for BSIM 4.5 model xseq.xbreg1.x17:nshort_model.48
Warning: Eta0 = -0.0261666 is negative.

Checking parameters for BSIM 4.5 model xseq.xbreg1.x16:nshort_model.48
Warning: Eta0 = -0.0261666 is negative.

Checking parameters for BSIM 4.5 model xseq.xbreg1.x13:nshort_model.48
Warning: Eta0 = -0.0261666 is negative.

Checking parameters for BSIM 4.5 model xseq.xbreg1.x11:nshort_model.48
Warning: Eta0 = -0.0261666 is negative.

Checking parameters for BSIM 4.5 model xseq.xbreg1.x6:nshort_model.48
Warning: Eta0 = -0.0261666 is negative.

Checking parameters for BSIM 4.5 model xseq.xbreg1.x5:nshort_model.40
Warning: Eta0 = -0.0328129 is negative.

Checking parameters for BSIM 4.5 model xseq.xbreg1.x3:nshort_model.48
Warning: Eta0 = -0.0261666 is negative.

Checking parameters for BSIM 4.5 model xseq.xbreg1.x2:nshort_model.40
Warning: Eta0 = -0.0344511 is negative.

Checking parameters for BSIM 4.5 model xseq.xmux1.x11:nshort_model.48
Warning: Eta0 = -0.0261666 is negative.

Checking parameters for BSIM 4.5 model xseq.xmux1.x10:nshort_model.48
Warning: Eta0 = -0.0261666 is negative.

Checking parameters for BSIM 4.5 model xseq.xmux1.x9:nshort_model.48
Warning: Eta0 = -0.0261666 is negative.

Checking parameters for BSIM 4.5 model xseq.xmux1.x7:nshort_model.40
Warning: Eta0 = -0.0328129 is negative.

Checking parameters for BSIM 4.5 model xseq.xmux1.x5:nshort_model.48
Warning: Eta0 = -0.0261666 is negative.

Checking parameters for BSIM 4.5 model xseq.xmux1.x1:nshort_model.48
Warning: Eta0 = -0.0261666 is negative.

Checking parameters for BSIM 4.5 model xseq.xbreg2.x27:nshort_model.48
Warning: Eta0 = -0.0261666 is negative.

Checking parameters for BSIM 4.5 model xseq.xbreg2.x22:nshort_model.48
Warning: Eta0 = -0.0261666 is negative.

Checking parameters for BSIM 4.5 model xseq.xbreg2.x17:nshort_model.48
Warning: Eta0 = -0.0261666 is negative.

Checking parameters for BSIM 4.5 model xseq.xbreg2.x16:nshort_model.48
Warning: Eta0 = -0.0261666 is negative.

Checking parameters for BSIM 4.5 model xseq.xbreg2.x13:nshort_model.48
Warning: Eta0 = -0.0261666 is negative.

Checking parameters for BSIM 4.5 model xseq.xbreg2.x11:nshort_model.48
Warning: Eta0 = -0.0261666 is negative.

Checking parameters for BSIM 4.5 model xseq.xbreg2.x6:nshort_model.48
Warning: Eta0 = -0.0261666 is negative.

Checking parameters for BSIM 4.5 model xseq.xbreg2.x5:nshort_model.40
Warning: Eta0 = -0.0328129 is negative.

Checking parameters for BSIM 4.5 model xseq.xbreg2.x3:nshort_model.48
Warning: Eta0 = -0.0261666 is negative.

Checking parameters for BSIM 4.5 model xseq.xbreg2.x2:nshort_model.40
Warning: Eta0 = -0.0344511 is negative.

Checking parameters for BSIM 4.5 model xseq.xmux2.x11:nshort_model.48
Warning: Eta0 = -0.0261666 is negative.

Checking parameters for BSIM 4.5 model xseq.xmux2.x10:nshort_model.48
Warning: Eta0 = -0.0261666 is negative.

Checking parameters for BSIM 4.5 model xseq.xmux2.x9:nshort_model.48
Warning: Eta0 = -0.0261666 is negative.

Checking parameters for BSIM 4.5 model xseq.xmux2.x7:nshort_model.40
Warning: Eta0 = -0.0328129 is negative.

Checking parameters for BSIM 4.5 model xseq.xmux2.x5:nshort_model.48
Warning: Eta0 = -0.0261666 is negative.

Checking parameters for BSIM 4.5 model xseq.xmux2.x1:nshort_model.48
Warning: Eta0 = -0.0261666 is negative.

Checking parameters for BSIM 4.5 model xseq.xbreg3.x27:nshort_model.48
Warning: Eta0 = -0.0261666 is negative.

Checking parameters for BSIM 4.5 model xseq.xbreg3.x22:nshort_model.48
Warning: Eta0 = -0.0261666 is negative.

Checking parameters for BSIM 4.5 model xseq.xbreg3.x17:nshort_model.48
Warning: Eta0 = -0.0261666 is negative.

Checking parameters for BSIM 4.5 model xseq.xbreg3.x16:nshort_model.48
Warning: Eta0 = -0.0261666 is negative.

Checking parameters for BSIM 4.5 model xseq.xbreg3.x13:nshort_model.48
Warning: Eta0 = -0.0261666 is negative.

Checking parameters for BSIM 4.5 model xseq.xbreg3.x11:nshort_model.48
Warning: Eta0 = -0.0261666 is negative.

Checking parameters for BSIM 4.5 model xseq.xbreg3.x6:nshort_model.48
Warning: Eta0 = -0.0261666 is negative.

Checking parameters for BSIM 4.5 model xseq.xbreg3.x5:nshort_model.40
Warning: Eta0 = -0.0328129 is negative.

Checking parameters for BSIM 4.5 model xseq.xbreg3.x3:nshort_model.48
Warning: Eta0 = -0.0261666 is negative.

Checking parameters for BSIM 4.5 model xseq.xbreg3.x2:nshort_model.40
Warning: Eta0 = -0.0344511 is negative.

Checking parameters for BSIM 4.5 model xseq.xmux3.x11:nshort_model.48
Warning: Eta0 = -0.0261666 is negative.

Checking parameters for BSIM 4.5 model xseq.xmux3.x10:nshort_model.48
Warning: Eta0 = -0.0261666 is negative.

Checking parameters for BSIM 4.5 model xseq.xmux3.x9:nshort_model.48
Warning: Eta0 = -0.0261666 is negative.

Checking parameters for BSIM 4.5 model xseq.xmux3.x7:nshort_model.40
Warning: Eta0 = -0.0328129 is negative.

Checking parameters for BSIM 4.5 model xseq.xmux3.x5:nshort_model.48
Warning: Eta0 = -0.0261666 is negative.

Checking parameters for BSIM 4.5 model xseq.xmux3.x1:nshort_model.48
Warning: Eta0 = -0.0261666 is negative.

Checking parameters for BSIM 4.5 model xseq.xbreg4.x27:nshort_model.48
Warning: Eta0 = -0.0261666 is negative.

Checking parameters for BSIM 4.5 model xseq.xbreg4.x22:nshort_model.48
Warning: Eta0 = -0.0261666 is negative.

Checking parameters for BSIM 4.5 model xseq.xbreg4.x17:nshort_model.48
Warning: Eta0 = -0.0261666 is negative.

Checking parameters for BSIM 4.5 model xseq.xbreg4.x16:nshort_model.48
Warning: Eta0 = -0.0261666 is negative.

Checking parameters for BSIM 4.5 model xseq.xbreg4.x13:nshort_model.48
Warning: Eta0 = -0.0261666 is negative.

Checking parameters for BSIM 4.5 model xseq.xbreg4.x11:nshort_model.48
Warning: Eta0 = -0.0261666 is negative.

Checking parameters for BSIM 4.5 model xseq.xbreg4.x6:nshort_model.48
Warning: Eta0 = -0.0261666 is negative.

Checking parameters for BSIM 4.5 model xseq.xbreg4.x5:nshort_model.40
Warning: Eta0 = -0.0328129 is negative.

Checking parameters for BSIM 4.5 model xseq.xbreg4.x3:nshort_model.48
Warning: Eta0 = -0.0261666 is negative.

Checking parameters for BSIM 4.5 model xseq.xbreg4.x2:nshort_model.40
Warning: Eta0 = -0.0344511 is negative.

Checking parameters for BSIM 4.5 model xseq.xmux4.x11:nshort_model.48
Warning: Eta0 = -0.0261666 is negative.

Checking parameters for BSIM 4.5 model xseq.xmux4.x10:nshort_model.48
Warning: Eta0 = -0.0261666 is negative.

Checking parameters for BSIM 4.5 model xseq.xmux4.x9:nshort_model.48
Warning: Eta0 = -0.0261666 is negative.

Checking parameters for BSIM 4.5 model xseq.xmux4.x7:nshort_model.40
Warning: Eta0 = -0.0328129 is negative.

Checking parameters for BSIM 4.5 model xseq.xmux4.x5:nshort_model.48
Warning: Eta0 = -0.0261666 is negative.

Checking parameters for BSIM 4.5 model xseq.xmux4.x1:nshort_model.48
Warning: Eta0 = -0.0261666 is negative.

Checking parameters for BSIM 4.5 model xseq.xbreg5.x27:nshort_model.48
Warning: Eta0 = -0.0261666 is negative.

Checking parameters for BSIM 4.5 model xseq.xbreg5.x22:nshort_model.48
Warning: Eta0 = -0.0261666 is negative.

Checking parameters for BSIM 4.5 model xseq.xbreg5.x17:nshort_model.48
Warning: Eta0 = -0.0261666 is negative.

Checking parameters for BSIM 4.5 model xseq.xbreg5.x16:nshort_model.48
Warning: Eta0 = -0.0261666 is negative.

Checking parameters for BSIM 4.5 model xseq.xbreg5.x13:nshort_model.48
Warning: Eta0 = -0.0261666 is negative.

Checking parameters for BSIM 4.5 model xseq.xbreg5.x11:nshort_model.48
Warning: Eta0 = -0.0261666 is negative.

Checking parameters for BSIM 4.5 model xseq.xbreg5.x6:nshort_model.48
Warning: Eta0 = -0.0261666 is negative.

Checking parameters for BSIM 4.5 model xseq.xbreg5.x5:nshort_model.40
Warning: Eta0 = -0.0328129 is negative.

Checking parameters for BSIM 4.5 model xseq.xbreg5.x3:nshort_model.48
Warning: Eta0 = -0.0261666 is negative.

Checking parameters for BSIM 4.5 model xseq.xbreg5.x2:nshort_model.40
Warning: Eta0 = -0.0344511 is negative.

Checking parameters for BSIM 4.5 model xseq.xmux5.x11:nshort_model.48
Warning: Eta0 = -0.0261666 is negative.

Checking parameters for BSIM 4.5 model xseq.xmux5.x10:nshort_model.48
Warning: Eta0 = -0.0261666 is negative.

Checking parameters for BSIM 4.5 model xseq.xmux5.x9:nshort_model.48
Warning: Eta0 = -0.0261666 is negative.

Checking parameters for BSIM 4.5 model xseq.xmux5.x7:nshort_model.40
Warning: Eta0 = -0.0328129 is negative.

Checking parameters for BSIM 4.5 model xseq.xmux5.x5:nshort_model.48
Warning: Eta0 = -0.0261666 is negative.

Checking parameters for BSIM 4.5 model xseq.xmux5.x1:nshort_model.48
Warning: Eta0 = -0.0261666 is negative.

Checking parameters for BSIM 4.5 model xseq.xbreg6.x27:nshort_model.48
Warning: Eta0 = -0.0261666 is negative.

Checking parameters for BSIM 4.5 model xseq.xbreg6.x22:nshort_model.48
Warning: Eta0 = -0.0261666 is negative.

Checking parameters for BSIM 4.5 model xseq.xbreg6.x17:nshort_model.48
Warning: Eta0 = -0.0261666 is negative.

Checking parameters for BSIM 4.5 model xseq.xbreg6.x16:nshort_model.48
Warning: Eta0 = -0.0261666 is negative.

Checking parameters for BSIM 4.5 model xseq.xbreg6.x13:nshort_model.48
Warning: Eta0 = -0.0261666 is negative.

Checking parameters for BSIM 4.5 model xseq.xbreg6.x11:nshort_model.48
Warning: Eta0 = -0.0261666 is negative.

Checking parameters for BSIM 4.5 model xseq.xbreg6.x6:nshort_model.48
Warning: Eta0 = -0.0261666 is negative.

Checking parameters for BSIM 4.5 model xseq.xbreg6.x5:nshort_model.40
Warning: Eta0 = -0.0328129 is negative.

Checking parameters for BSIM 4.5 model xseq.xbreg6.x3:nshort_model.48
Warning: Eta0 = -0.0261666 is negative.

Checking parameters for BSIM 4.5 model xseq.xbreg6.x2:nshort_model.40
Warning: Eta0 = -0.0344511 is negative.

Checking parameters for BSIM 4.5 model xseq.xmux6.x11:nshort_model.48
Warning: Eta0 = -0.0261666 is negative.

Checking parameters for BSIM 4.5 model xseq.xmux6.x10:nshort_model.48
Warning: Eta0 = -0.0261666 is negative.

Checking parameters for BSIM 4.5 model xseq.xmux6.x9:nshort_model.48
Warning: Eta0 = -0.0261666 is negative.

Checking parameters for BSIM 4.5 model xseq.xmux6.x7:nshort_model.40
Warning: Eta0 = -0.0328129 is negative.

Checking parameters for BSIM 4.5 model xseq.xmux6.x5:nshort_model.48
Warning: Eta0 = -0.0261666 is negative.

Checking parameters for BSIM 4.5 model xseq.xmux6.x1:nshort_model.48
Warning: Eta0 = -0.0261666 is negative.

Checking parameters for BSIM 4.5 model xseq.xbreg7.x27:nshort_model.48
Warning: Eta0 = -0.0261666 is negative.

Checking parameters for BSIM 4.5 model xseq.xbreg7.x22:nshort_model.48
Warning: Eta0 = -0.0261666 is negative.

Checking parameters for BSIM 4.5 model xseq.xbreg7.x17:nshort_model.48
Warning: Eta0 = -0.0261666 is negative.

Checking parameters for BSIM 4.5 model xseq.xbreg7.x16:nshort_model.48
Warning: Eta0 = -0.0261666 is negative.

Checking parameters for BSIM 4.5 model xseq.xbreg7.x13:nshort_model.48
Warning: Eta0 = -0.0261666 is negative.

Checking parameters for BSIM 4.5 model xseq.xbreg7.x11:nshort_model.48
Warning: Eta0 = -0.0261666 is negative.

Checking parameters for BSIM 4.5 model xseq.xbreg7.x6:nshort_model.48
Warning: Eta0 = -0.0261666 is negative.

Checking parameters for BSIM 4.5 model xseq.xbreg7.x5:nshort_model.40
Warning: Eta0 = -0.0328129 is negative.

Checking parameters for BSIM 4.5 model xseq.xbreg7.x3:nshort_model.48
Warning: Eta0 = -0.0261666 is negative.

Checking parameters for BSIM 4.5 model xseq.xbreg7.x2:nshort_model.40
Warning: Eta0 = -0.0344511 is negative.

Checking parameters for BSIM 4.5 model xseq.xmux7.x11:nshort_model.48
Warning: Eta0 = -0.0261666 is negative.

Checking parameters for BSIM 4.5 model xseq.xmux7.x10:nshort_model.48
Warning: Eta0 = -0.0261666 is negative.

Checking parameters for BSIM 4.5 model xseq.xmux7.x9:nshort_model.48
Warning: Eta0 = -0.0261666 is negative.

Checking parameters for BSIM 4.5 model xseq.xmux7.x7:nshort_model.40
Warning: Eta0 = -0.0328129 is negative.

Checking parameters for BSIM 4.5 model xseq.xmux7.x5:nshort_model.48
Warning: Eta0 = -0.0261666 is negative.

Checking parameters for BSIM 4.5 model xseq.xmux7.x1:nshort_model.48
Warning: Eta0 = -0.0261666 is negative.

Checking parameters for BSIM 4.5 model xseq.xbreg8.x27:nshort_model.48
Warning: Eta0 = -0.0261666 is negative.

Checking parameters for BSIM 4.5 model xseq.xbreg8.x22:nshort_model.48
Warning: Eta0 = -0.0261666 is negative.

Checking parameters for BSIM 4.5 model xseq.xbreg8.x17:nshort_model.48
Warning: Eta0 = -0.0261666 is negative.

Checking parameters for BSIM 4.5 model xseq.xbreg8.x16:nshort_model.48
Warning: Eta0 = -0.0261666 is negative.

Checking parameters for BSIM 4.5 model xseq.xbreg8.x13:nshort_model.48
Warning: Eta0 = -0.0261666 is negative.

Checking parameters for BSIM 4.5 model xseq.xbreg8.x11:nshort_model.48
Warning: Eta0 = -0.0261666 is negative.

Checking parameters for BSIM 4.5 model xseq.xbreg8.x6:nshort_model.48
Warning: Eta0 = -0.0261666 is negative.

Checking parameters for BSIM 4.5 model xseq.xbreg8.x5:nshort_model.40
Warning: Eta0 = -0.0328129 is negative.

Checking parameters for BSIM 4.5 model xseq.xbreg8.x3:nshort_model.48
Warning: Eta0 = -0.0261666 is negative.

Checking parameters for BSIM 4.5 model xseq.xbreg8.x2:nshort_model.40
Warning: Eta0 = -0.0344511 is negative.

Checking parameters for BSIM 4.5 model xseq.xmux8.x11:nshort_model.48
Warning: Eta0 = -0.0261666 is negative.

Checking parameters for BSIM 4.5 model xseq.xmux8.x10:nshort_model.48
Warning: Eta0 = -0.0261666 is negative.

Checking parameters for BSIM 4.5 model xseq.xmux8.x9:nshort_model.48
Warning: Eta0 = -0.0261666 is negative.

Checking parameters for BSIM 4.5 model xseq.xmux8.x7:nshort_model.40
Warning: Eta0 = -0.0328129 is negative.

Checking parameters for BSIM 4.5 model xseq.xmux8.x5:nshort_model.48
Warning: Eta0 = -0.0261666 is negative.

Checking parameters for BSIM 4.5 model xseq.xmux8.x1:nshort_model.48
Warning: Eta0 = -0.0261666 is negative.

Checking parameters for BSIM 4.5 model xseq.xbreg9.x27:nshort_model.48
Warning: Eta0 = -0.0261666 is negative.

Checking parameters for BSIM 4.5 model xseq.xbreg9.x22:nshort_model.48
Warning: Eta0 = -0.0261666 is negative.

Checking parameters for BSIM 4.5 model xseq.xbreg9.x17:nshort_model.48
Warning: Eta0 = -0.0261666 is negative.

Checking parameters for BSIM 4.5 model xseq.xbreg9.x16:nshort_model.48
Warning: Eta0 = -0.0261666 is negative.

Checking parameters for BSIM 4.5 model xseq.xbreg9.x13:nshort_model.48
Warning: Eta0 = -0.0261666 is negative.

Checking parameters for BSIM 4.5 model xseq.xbreg9.x11:nshort_model.48
Warning: Eta0 = -0.0261666 is negative.

Checking parameters for BSIM 4.5 model xseq.xbreg9.x6:nshort_model.48
Warning: Eta0 = -0.0261666 is negative.

Checking parameters for BSIM 4.5 model xseq.xbreg9.x5:nshort_model.40
Warning: Eta0 = -0.0328129 is negative.

Checking parameters for BSIM 4.5 model xseq.xbreg9.x3:nshort_model.48
Warning: Eta0 = -0.0261666 is negative.

Checking parameters for BSIM 4.5 model xseq.xbreg9.x2:nshort_model.40
Warning: Eta0 = -0.0344511 is negative.

Checking parameters for BSIM 4.5 model xseq.xmux9.x11:nshort_model.48
Warning: Eta0 = -0.0261666 is negative.

Checking parameters for BSIM 4.5 model xseq.xmux9.x10:nshort_model.48
Warning: Eta0 = -0.0261666 is negative.

Checking parameters for BSIM 4.5 model xseq.xmux9.x9:nshort_model.48
Warning: Eta0 = -0.0261666 is negative.

Checking parameters for BSIM 4.5 model xseq.xmux9.x7:nshort_model.40
Warning: Eta0 = -0.0328129 is negative.

Checking parameters for BSIM 4.5 model xseq.xmux9.x5:nshort_model.48
Warning: Eta0 = -0.0261666 is negative.

Checking parameters for BSIM 4.5 model xseq.xmux9.x1:nshort_model.48
Warning: Eta0 = -0.0261666 is negative.

Checking parameters for BSIM 4.5 model xseq.xor_busybits.x7:nshort_model.48
Warning: Eta0 = -0.0261666 is negative.

Checking parameters for BSIM 4.5 model xseq.xor_busybits.x5:nshort_model.48
Warning: Eta0 = -0.0261666 is negative.

Checking parameters for BSIM 4.5 model xseq.xor_busybits.x4:nshort_model.48
Warning: Eta0 = -0.0261666 is negative.

Checking parameters for BSIM 4.5 model xseq.xor_busybits.x3:nshort_model.40
Warning: Eta0 = -0.0328129 is negative.

Checking parameters for BSIM 4.5 model xseq.xor_g4.x3:nshort_model.48
Warning: Eta0 = -0.0261666 is negative.

Checking parameters for BSIM 4.5 model xseq.xor_g4.x2:nshort_model.48
Warning: Eta0 = -0.0261666 is negative.

Checking parameters for BSIM 4.5 model xseq.xor_g4.x1:nshort_model.40
Warning: Eta0 = -0.0328129 is negative.

Checking parameters for BSIM 4.5 model xseq.xinv_sample.x0:nshort_model.40
Warning: Eta0 = -0.0328129 is negative.

Checking parameters for BSIM 4.5 model xseq.xor_busy.x7:nshort_model.48
Warning: Eta0 = -0.0261666 is negative.

Checking parameters for BSIM 4.5 model xseq.xor_busy.x5:nshort_model.48
Warning: Eta0 = -0.0261666 is negative.

Checking parameters for BSIM 4.5 model xseq.xor_busy.x4:nshort_model.48
Warning: Eta0 = -0.0261666 is negative.

Checking parameters for BSIM 4.5 model xseq.xor_busy.x3:nshort_model.40
Warning: Eta0 = -0.0328129 is negative.

Checking parameters for BSIM 4.5 model xseq.xor_g3.x7:nshort_model.48
Warning: Eta0 = -0.0261666 is negative.

Checking parameters for BSIM 4.5 model xseq.xor_g3.x5:nshort_model.48
Warning: Eta0 = -0.0261666 is negative.

Checking parameters for BSIM 4.5 model xseq.xor_g3.x4:nshort_model.48
Warning: Eta0 = -0.0261666 is negative.

Checking parameters for BSIM 4.5 model xseq.xor_g3.x3:nshort_model.40
Warning: Eta0 = -0.0328129 is negative.

Checking parameters for BSIM 4.5 model xseq.xor_g2.x6:nshort_model.48
Warning: Eta0 = -0.0261666 is negative.

Checking parameters for BSIM 4.5 model xseq.xor_g2.x3:nshort_model.40
Warning: Eta0 = -0.0328129 is negative.

Checking parameters for BSIM 4.5 model xseq.xor_g2.x2:nshort_model.48
Warning: Eta0 = -0.0261666 is negative.

Checking parameters for BSIM 4.5 model xseq.xor_g2.x1:nshort_model.48
Warning: Eta0 = -0.0261666 is negative.

Checking parameters for BSIM 4.5 model xseq.xor_g2.x0:nshort_model.48
Warning: Eta0 = -0.0261666 is negative.

Checking parameters for BSIM 4.5 model xseq.xor_g1.x6:nshort_model.48
Warning: Eta0 = -0.0261666 is negative.

Checking parameters for BSIM 4.5 model xseq.xor_g1.x3:nshort_model.40
Warning: Eta0 = -0.0328129 is negative.

Checking parameters for BSIM 4.5 model xseq.xor_g1.x2:nshort_model.48
Warning: Eta0 = -0.0261666 is negative.

Checking parameters for BSIM 4.5 model xseq.xor_g1.x1:nshort_model.48
Warning: Eta0 = -0.0261666 is negative.

Checking parameters for BSIM 4.5 model xseq.xor_g1.x0:nshort_model.48
Warning: Eta0 = -0.0261666 is negative.

Checking parameters for BSIM 4.5 model xseq.xringeoc.x27:nshort_model.48
Warning: Eta0 = -0.0261666 is negative.

Checking parameters for BSIM 4.5 model xseq.xringeoc.x22:nshort_model.48
Warning: Eta0 = -0.0261666 is negative.

Checking parameters for BSIM 4.5 model xseq.xringeoc.x17:nshort_model.48
Warning: Eta0 = -0.0261666 is negative.

Checking parameters for BSIM 4.5 model xseq.xringeoc.x16:nshort_model.48
Warning: Eta0 = -0.0261666 is negative.

Checking parameters for BSIM 4.5 model xseq.xringeoc.x13:nshort_model.48
Warning: Eta0 = -0.0261666 is negative.

Checking parameters for BSIM 4.5 model xseq.xringeoc.x11:nshort_model.48
Warning: Eta0 = -0.0261666 is negative.

Checking parameters for BSIM 4.5 model xseq.xringeoc.x6:nshort_model.48
Warning: Eta0 = -0.0261666 is negative.

Checking parameters for BSIM 4.5 model xseq.xringeoc.x5:nshort_model.40
Warning: Eta0 = -0.0328129 is negative.

Checking parameters for BSIM 4.5 model xseq.xringeoc.x3:nshort_model.48
Warning: Eta0 = -0.0261666 is negative.

Checking parameters for BSIM 4.5 model xseq.xringeoc.x2:nshort_model.40
Warning: Eta0 = -0.0344511 is negative.

Checking parameters for BSIM 4.5 model xseq.xringb0.x27:nshort_model.48
Warning: Eta0 = -0.0261666 is negative.

Checking parameters for BSIM 4.5 model xseq.xringb0.x22:nshort_model.48
Warning: Eta0 = -0.0261666 is negative.

Checking parameters for BSIM 4.5 model xseq.xringb0.x17:nshort_model.48
Warning: Eta0 = -0.0261666 is negative.

Checking parameters for BSIM 4.5 model xseq.xringb0.x16:nshort_model.48
Warning: Eta0 = -0.0261666 is negative.

Checking parameters for BSIM 4.5 model xseq.xringb0.x13:nshort_model.48
Warning: Eta0 = -0.0261666 is negative.

Checking parameters for BSIM 4.5 model xseq.xringb0.x11:nshort_model.48
Warning: Eta0 = -0.0261666 is negative.

Checking parameters for BSIM 4.5 model xseq.xringb0.x6:nshort_model.48
Warning: Eta0 = -0.0261666 is negative.

Checking parameters for BSIM 4.5 model xseq.xringb0.x5:nshort_model.40
Warning: Eta0 = -0.0328129 is negative.

Checking parameters for BSIM 4.5 model xseq.xringb0.x3:nshort_model.48
Warning: Eta0 = -0.0261666 is negative.

Checking parameters for BSIM 4.5 model xseq.xringb0.x2:nshort_model.40
Warning: Eta0 = -0.0344511 is negative.

Checking parameters for BSIM 4.5 model xseq.xringb1.x27:nshort_model.48
Warning: Eta0 = -0.0261666 is negative.

Checking parameters for BSIM 4.5 model xseq.xringb1.x22:nshort_model.48
Warning: Eta0 = -0.0261666 is negative.

Checking parameters for BSIM 4.5 model xseq.xringb1.x17:nshort_model.48
Warning: Eta0 = -0.0261666 is negative.

Checking parameters for BSIM 4.5 model xseq.xringb1.x16:nshort_model.48
Warning: Eta0 = -0.0261666 is negative.

Checking parameters for BSIM 4.5 model xseq.xringb1.x13:nshort_model.48
Warning: Eta0 = -0.0261666 is negative.

Checking parameters for BSIM 4.5 model xseq.xringb1.x11:nshort_model.48
Warning: Eta0 = -0.0261666 is negative.

Checking parameters for BSIM 4.5 model xseq.xringb1.x6:nshort_model.48
Warning: Eta0 = -0.0261666 is negative.

Checking parameters for BSIM 4.5 model xseq.xringb1.x5:nshort_model.40
Warning: Eta0 = -0.0328129 is negative.

Checking parameters for BSIM 4.5 model xseq.xringb1.x3:nshort_model.48
Warning: Eta0 = -0.0261666 is negative.

Checking parameters for BSIM 4.5 model xseq.xringb1.x2:nshort_model.40
Warning: Eta0 = -0.0344511 is negative.

Checking parameters for BSIM 4.5 model xseq.xringb2.x27:nshort_model.48
Warning: Eta0 = -0.0261666 is negative.

Checking parameters for BSIM 4.5 model xseq.xringb2.x22:nshort_model.48
Warning: Eta0 = -0.0261666 is negative.

Checking parameters for BSIM 4.5 model xseq.xringb2.x17:nshort_model.48
Warning: Eta0 = -0.0261666 is negative.

Checking parameters for BSIM 4.5 model xseq.xringb2.x16:nshort_model.48
Warning: Eta0 = -0.0261666 is negative.

Checking parameters for BSIM 4.5 model xseq.xringb2.x13:nshort_model.48
Warning: Eta0 = -0.0261666 is negative.

Checking parameters for BSIM 4.5 model xseq.xringb2.x11:nshort_model.48
Warning: Eta0 = -0.0261666 is negative.

Checking parameters for BSIM 4.5 model xseq.xringb2.x6:nshort_model.48
Warning: Eta0 = -0.0261666 is negative.

Checking parameters for BSIM 4.5 model xseq.xringb2.x5:nshort_model.40
Warning: Eta0 = -0.0328129 is negative.

Checking parameters for BSIM 4.5 model xseq.xringb2.x3:nshort_model.48
Warning: Eta0 = -0.0261666 is negative.

Checking parameters for BSIM 4.5 model xseq.xringb2.x2:nshort_model.40
Warning: Eta0 = -0.0344511 is negative.

Checking parameters for BSIM 4.5 model xseq.xringb3.x27:nshort_model.48
Warning: Eta0 = -0.0261666 is negative.

Checking parameters for BSIM 4.5 model xseq.xringb3.x22:nshort_model.48
Warning: Eta0 = -0.0261666 is negative.

Checking parameters for BSIM 4.5 model xseq.xringb3.x17:nshort_model.48
Warning: Eta0 = -0.0261666 is negative.

Checking parameters for BSIM 4.5 model xseq.xringb3.x16:nshort_model.48
Warning: Eta0 = -0.0261666 is negative.

Checking parameters for BSIM 4.5 model xseq.xringb3.x13:nshort_model.48
Warning: Eta0 = -0.0261666 is negative.

Checking parameters for BSIM 4.5 model xseq.xringb3.x11:nshort_model.48
Warning: Eta0 = -0.0261666 is negative.

Checking parameters for BSIM 4.5 model xseq.xringb3.x6:nshort_model.48
Warning: Eta0 = -0.0261666 is negative.

Checking parameters for BSIM 4.5 model xseq.xringb3.x5:nshort_model.40
Warning: Eta0 = -0.0328129 is negative.

Checking parameters for BSIM 4.5 model xseq.xringb3.x3:nshort_model.48
Warning: Eta0 = -0.0261666 is negative.

Checking parameters for BSIM 4.5 model xseq.xringb3.x2:nshort_model.40
Warning: Eta0 = -0.0344511 is negative.

Checking parameters for BSIM 4.5 model xseq.xringb4.x27:nshort_model.48
Warning: Eta0 = -0.0261666 is negative.

Checking parameters for BSIM 4.5 model xseq.xringb4.x22:nshort_model.48
Warning: Eta0 = -0.0261666 is negative.

Checking parameters for BSIM 4.5 model xseq.xringb4.x17:nshort_model.48
Warning: Eta0 = -0.0261666 is negative.

Checking parameters for BSIM 4.5 model xseq.xringb4.x16:nshort_model.48
Warning: Eta0 = -0.0261666 is negative.

Checking parameters for BSIM 4.5 model xseq.xringb4.x13:nshort_model.48
Warning: Eta0 = -0.0261666 is negative.

Checking parameters for BSIM 4.5 model xseq.xringb4.x11:nshort_model.48
Warning: Eta0 = -0.0261666 is negative.

Checking parameters for BSIM 4.5 model xseq.xringb4.x6:nshort_model.48
Warning: Eta0 = -0.0261666 is negative.

Checking parameters for BSIM 4.5 model xseq.xringb4.x5:nshort_model.40
Warning: Eta0 = -0.0328129 is negative.

Checking parameters for BSIM 4.5 model xseq.xringb4.x3:nshort_model.48
Warning: Eta0 = -0.0261666 is negative.

Checking parameters for BSIM 4.5 model xseq.xringb4.x2:nshort_model.40
Warning: Eta0 = -0.0344511 is negative.

Checking parameters for BSIM 4.5 model xseq.xringb5.x27:nshort_model.48
Warning: Eta0 = -0.0261666 is negative.

Checking parameters for BSIM 4.5 model xseq.xringb5.x22:nshort_model.48
Warning: Eta0 = -0.0261666 is negative.

Checking parameters for BSIM 4.5 model xseq.xringb5.x17:nshort_model.48
Warning: Eta0 = -0.0261666 is negative.

Checking parameters for BSIM 4.5 model xseq.xringb5.x16:nshort_model.48
Warning: Eta0 = -0.0261666 is negative.

Checking parameters for BSIM 4.5 model xseq.xringb5.x13:nshort_model.48
Warning: Eta0 = -0.0261666 is negative.

Checking parameters for BSIM 4.5 model xseq.xringb5.x11:nshort_model.48
Warning: Eta0 = -0.0261666 is negative.

Checking parameters for BSIM 4.5 model xseq.xringb5.x6:nshort_model.48
Warning: Eta0 = -0.0261666 is negative.

Checking parameters for BSIM 4.5 model xseq.xringb5.x5:nshort_model.40
Warning: Eta0 = -0.0328129 is negative.

Checking parameters for BSIM 4.5 model xseq.xringb5.x3:nshort_model.48
Warning: Eta0 = -0.0261666 is negative.

Checking parameters for BSIM 4.5 model xseq.xringb5.x2:nshort_model.40
Warning: Eta0 = -0.0344511 is negative.

Checking parameters for BSIM 4.5 model xseq.xringb6.x27:nshort_model.48
Warning: Eta0 = -0.0261666 is negative.

Checking parameters for BSIM 4.5 model xseq.xringb6.x22:nshort_model.48
Warning: Eta0 = -0.0261666 is negative.

Checking parameters for BSIM 4.5 model xseq.xringb6.x17:nshort_model.48
Warning: Eta0 = -0.0261666 is negative.

Checking parameters for BSIM 4.5 model xseq.xringb6.x16:nshort_model.48
Warning: Eta0 = -0.0261666 is negative.

Checking parameters for BSIM 4.5 model xseq.xringb6.x13:nshort_model.48
Warning: Eta0 = -0.0261666 is negative.

Checking parameters for BSIM 4.5 model xseq.xringb6.x11:nshort_model.48
Warning: Eta0 = -0.0261666 is negative.

Checking parameters for BSIM 4.5 model xseq.xringb6.x6:nshort_model.48
Warning: Eta0 = -0.0261666 is negative.

Checking parameters for BSIM 4.5 model xseq.xringb6.x5:nshort_model.40
Warning: Eta0 = -0.0328129 is negative.

Checking parameters for BSIM 4.5 model xseq.xringb6.x3:nshort_model.48
Warning: Eta0 = -0.0261666 is negative.

Checking parameters for BSIM 4.5 model xseq.xringb6.x2:nshort_model.40
Warning: Eta0 = -0.0344511 is negative.

Checking parameters for BSIM 4.5 model xseq.xringb7.x27:nshort_model.48
Warning: Eta0 = -0.0261666 is negative.

Checking parameters for BSIM 4.5 model xseq.xringb7.x22:nshort_model.48
Warning: Eta0 = -0.0261666 is negative.

Checking parameters for BSIM 4.5 model xseq.xringb7.x17:nshort_model.48
Warning: Eta0 = -0.0261666 is negative.

Checking parameters for BSIM 4.5 model xseq.xringb7.x16:nshort_model.48
Warning: Eta0 = -0.0261666 is negative.

Checking parameters for BSIM 4.5 model xseq.xringb7.x13:nshort_model.48
Warning: Eta0 = -0.0261666 is negative.

Checking parameters for BSIM 4.5 model xseq.xringb7.x11:nshort_model.48
Warning: Eta0 = -0.0261666 is negative.

Checking parameters for BSIM 4.5 model xseq.xringb7.x6:nshort_model.48
Warning: Eta0 = -0.0261666 is negative.

Checking parameters for BSIM 4.5 model xseq.xringb7.x5:nshort_model.40
Warning: Eta0 = -0.0328129 is negative.

Checking parameters for BSIM 4.5 model xseq.xringb7.x3:nshort_model.48
Warning: Eta0 = -0.0261666 is negative.

Checking parameters for BSIM 4.5 model xseq.xringb7.x2:nshort_model.40
Warning: Eta0 = -0.0344511 is negative.

Checking parameters for BSIM 4.5 model xseq.xringb8.x27:nshort_model.48
Warning: Eta0 = -0.0261666 is negative.

Checking parameters for BSIM 4.5 model xseq.xringb8.x22:nshort_model.48
Warning: Eta0 = -0.0261666 is negative.

Checking parameters for BSIM 4.5 model xseq.xringb8.x17:nshort_model.48
Warning: Eta0 = -0.0261666 is negative.

Checking parameters for BSIM 4.5 model xseq.xringb8.x16:nshort_model.48
Warning: Eta0 = -0.0261666 is negative.

Checking parameters for BSIM 4.5 model xseq.xringb8.x13:nshort_model.48
Warning: Eta0 = -0.0261666 is negative.

Checking parameters for BSIM 4.5 model xseq.xringb8.x11:nshort_model.48
Warning: Eta0 = -0.0261666 is negative.

Checking parameters for BSIM 4.5 model xseq.xringb8.x6:nshort_model.48
Warning: Eta0 = -0.0261666 is negative.

Checking parameters for BSIM 4.5 model xseq.xringb8.x5:nshort_model.40
Warning: Eta0 = -0.0328129 is negative.

Checking parameters for BSIM 4.5 model xseq.xringb8.x3:nshort_model.48
Warning: Eta0 = -0.0261666 is negative.

Checking parameters for BSIM 4.5 model xseq.xringb8.x2:nshort_model.40
Warning: Eta0 = -0.0344511 is negative.

Checking parameters for BSIM 4.5 model xseq.xringb9.x27:nshort_model.48
Warning: Eta0 = -0.0261666 is negative.

Checking parameters for BSIM 4.5 model xseq.xringb9.x22:nshort_model.48
Warning: Eta0 = -0.0261666 is negative.

Checking parameters for BSIM 4.5 model xseq.xringb9.x17:nshort_model.48
Warning: Eta0 = -0.0261666 is negative.

Checking parameters for BSIM 4.5 model xseq.xringb9.x16:nshort_model.48
Warning: Eta0 = -0.0261666 is negative.

Checking parameters for BSIM 4.5 model xseq.xringb9.x13:nshort_model.48
Warning: Eta0 = -0.0261666 is negative.

Checking parameters for BSIM 4.5 model xseq.xringb9.x11:nshort_model.48
Warning: Eta0 = -0.0261666 is negative.

Checking parameters for BSIM 4.5 model xseq.xringb9.x6:nshort_model.48
Warning: Eta0 = -0.0261666 is negative.

Checking parameters for BSIM 4.5 model xseq.xringb9.x5:nshort_model.40
Warning: Eta0 = -0.0328129 is negative.

Checking parameters for BSIM 4.5 model xseq.xringb9.x3:nshort_model.48
Warning: Eta0 = -0.0261666 is negative.

Checking parameters for BSIM 4.5 model xseq.xringb9.x2:nshort_model.40
Warning: Eta0 = -0.0344511 is negative.

Initial Transient Solution
--------------------------

Node                                   Voltage
----                                   -------
vpwr                                       1.8
vgnd                                         0
clku                                         0
clk                                          0
rstu                                         0
rst_b                                        0
cmpu                                         0
comp_out                                     0
outn_nc                                      0
ph_sample                                  1.8
ph_b9                              5.04512e-09
ph_b8                              5.04512e-09
ph_b7                              5.04512e-09
ph_b6                              5.04512e-09
ph_b5                              5.04512e-09
ph_b4                              5.04512e-09
ph_b3                              5.04512e-09
ph_b2                              5.04512e-09
ph_b1                              5.04512e-09
ph_b0                              5.04512e-09
ph_eoc                             5.04512e-09
xseq.org1                          5.04512e-09
xseq.org2                          5.04512e-09
xseq.org3                          5.04512e-09
busy                               5.04512e-09
xseq.org4                          5.04512e-09
xseq.busy_bits                     5.04512e-09
dout9                              5.04512e-09
xseq.muxout9                       5.04512e-09
dout8                              5.04512e-09
xseq.comp_eff                              1.8
xseq.muxout8                       5.04512e-09
xseq.dfeed8                        5.04512e-09
dout7                              5.04512e-09
xseq.muxout7                       5.04512e-09
xseq.dfeed7                        5.04512e-09
dout6                              5.04512e-09
xseq.muxout6                       5.04512e-09
xseq.dfeed6                        5.04512e-09
dout5                              5.04512e-09
xseq.muxout5                       5.04512e-09
xseq.dfeed5                        5.04512e-09
dout4                              5.04512e-09
xseq.muxout4                       5.04512e-09
xseq.dfeed4                        5.04512e-09
dout3                              5.04512e-09
xseq.muxout3                       5.04512e-09
xseq.dfeed3                        5.04512e-09
dout2                              5.04512e-09
xseq.muxout2                       5.04512e-09
xseq.dfeed2                        5.04512e-09
dout1                              5.04512e-09
xseq.muxout1                       5.04512e-09
xseq.dfeed1                        5.04512e-09
dout0                              5.04512e-09
xseq.muxout0                       5.04512e-09
xseq.dfeed0                        5.04512e-09
xseq.preset8                       5.04512e-09
xseq.preset7                       5.04512e-09
xseq.preset6                       5.04512e-09
xseq.preset5                       5.04512e-09
xseq.preset4                       5.04512e-09
xseq.preset3                       5.04512e-09
xseq.preset2                       5.04512e-09
xseq.preset1                       5.04512e-09
xseq.preset0                       5.04512e-09
clkn                                       1.8
dout9n                                     1.8
seln0                              5.04512e-09
selp0                              5.04512e-09
seln1                              5.04512e-09
selp1                              5.04512e-09
seln2                              5.04512e-09
selp2                              5.04512e-09
seln3                              5.04512e-09
selp3                              5.04512e-09
seln4                              5.04512e-09
selp4                              5.04512e-09
seln5                              5.04512e-09
selp5                              5.04512e-09
seln6                              5.04512e-09
selp6                              5.04512e-09
seln7                              5.04512e-09
selp7                              5.04512e-09
seln8                              5.04512e-09
selp8                              5.04512e-09
adcout0                                    1.8
adcout1                                    1.8
adcout2                                    1.8
adcout3                                    1.8
adcout4                                    1.8
adcout5                                    1.8
adcout6                                    1.8
adcout7                                    1.8
adcout8                                    1.8
dumload_mux_nc                     5.04512e-09
dumload_xnor_nc                            1.8
half_lsb_en                        5.04512e-09
half_lsb_enn                               1.8
pcode                                        1
ctlcode                                      4
dcode                              2.27152e-13
adccode                                    511
selncode                           1.13465e-13
selpcode                           1.13465e-13
bselp#branch                                 0
bseln#branch                                 0
badc#branch                                  0
bdcode#branch                                0
bctl#branch                                  0
bpcode#branch                                0
bcmp#branch                                  0
brst#branch                                  0
bclk#branch                                  0
voutn#branch                                 0
vcmpu#branch                                 0
vrstu#branch                                 0
vclku#branch                                 0
vgnd#branch                        1.35966e-09
vdig#branch                       -1.36103e-09


No. of Data Rows : 3018

  Measurements for Transient Analysis

pc_rst              =  1.00000e+00
ctl_rst             =  4.00000e+00
pc_c0_j0            =  2.00000e+00
ctl_c0_j0           =  5.00000e+00
pc_c0_j1            =  4.00000e+00
ctl_c0_j1           =  3.00000e+00
pc_c0_j2            =  8.00000e+00
ctl_c0_j2           =  3.00000e+00
pc_c0_j3            =  1.60000e+01
ctl_c0_j3           =  3.00000e+00
pc_c0_j4            =  3.20000e+01
ctl_c0_j4           =  3.00000e+00
pc_c0_j5            =  6.40000e+01
ctl_c0_j5           =  3.00000e+00
pc_c0_j6            =  1.28000e+02
ctl_c0_j6           =  3.00000e+00
pc_c0_j7            =  2.56000e+02
ctl_c0_j7           =  3.00000e+00
pc_c0_j8            =  5.12000e+02
ctl_c0_j8           =  3.00000e+00
pc_c0_j9            =  1.02400e+03
ctl_c0_j9           =  3.00000e+00
pc_c0_j10           =  2.04800e+03
ctl_c0_j10          =  3.00000e+00
pc_c0_j11           =  1.00000e+00
ctl_c0_j11          =  4.00000e+00
dout_c0             =  8.11000e+02
adc_c0              =  2.99000e+02
seln_c0             =  1.13465e-13
selp_c0             =  2.99000e+02
pc_c1_j0            =  2.00000e+00
ctl_c1_j0           =  5.00000e+00
pc_c1_j1            =  4.00000e+00
ctl_c1_j1           =  3.00000e+00
pc_c1_j2            =  8.00000e+00
ctl_c1_j2           =  3.00000e+00
pc_c1_j3            =  1.60000e+01
ctl_c1_j3           =  3.00000e+00
pc_c1_j4            =  3.20000e+01
ctl_c1_j4           =  3.00000e+00
pc_c1_j5            =  6.40000e+01
ctl_c1_j5           =  3.00000e+00
pc_c1_j6            =  1.28000e+02
ctl_c1_j6           =  3.00000e+00
pc_c1_j7            =  2.56000e+02
ctl_c1_j7           =  3.00000e+00
pc_c1_j8            =  5.12000e+02
ctl_c1_j8           =  3.00000e+00
pc_c1_j9            =  1.02400e+03
ctl_c1_j9           =  3.00000e+00
pc_c1_j10           =  2.04800e+03
ctl_c1_j10          =  3.00000e+00
pc_c1_j11           =  1.00000e+00
ctl_c1_j11          =  4.00000e+00
dout_c1             =  2.12000e+02
adc_c1              =  2.99000e+02
seln_c1             =  2.12000e+02
selp_c1             =  1.13465e-13
pc_c2_j0            =  2.00000e+00
ctl_c2_j0           =  5.00000e+00
pc_c2_j1            =  4.00000e+00
ctl_c2_j1           =  3.00000e+00
pc_c2_j2            =  8.00000e+00
ctl_c2_j2           =  3.00000e+00
pc_c2_j3            =  1.60000e+01
ctl_c2_j3           =  3.00000e+00
pc_c2_j4            =  3.20000e+01
ctl_c2_j4           =  3.00000e+00
pc_c2_j5            =  6.40000e+01
ctl_c2_j5           =  3.00000e+00
pc_c2_j6            =  1.28000e+02
ctl_c2_j6           =  3.00000e+00
pc_c2_j7            =  2.56000e+02
ctl_c2_j7           =  3.00000e+00
pc_c2_j8            =  5.12000e+02
ctl_c2_j8           =  3.00000e+00
pc_c2_j9            =  1.02400e+03
ctl_c2_j9           =  3.00000e+00
pc_c2_j10           =  2.04800e+03
ctl_c2_j10          =  3.00000e+00
pc_c2_j11           =  1.00000e+00
ctl_c2_j11          =  4.00000e+00
dout_c2             =  6.82000e+02
adc_c2              =  1.70000e+02
seln_c2             =  1.13465e-13
selp_c2             =  1.70000e+02
pc_c3_j0            =  2.00000e+00
ctl_c3_j0           =  5.00000e+00
pc_c3_j1            =  4.00000e+00
ctl_c3_j1           =  3.00000e+00
pc_c3_j2            =  8.00000e+00
ctl_c3_j2           =  3.00000e+00
pc_c3_j3            =  1.60000e+01
ctl_c3_j3           =  3.00000e+00
pc_c3_j4            =  3.20000e+01
ctl_c3_j4           =  3.00000e+00
pc_c3_j5            =  6.40000e+01
ctl_c3_j5           =  3.00000e+00
pc_c3_j6            =  1.28000e+02
ctl_c3_j6           =  3.00000e+00
pc_c3_j7            =  2.56000e+02
ctl_c3_j7           =  3.00000e+00
pc_c3_j8            =  5.12000e+02
ctl_c3_j8           =  3.00000e+00
pc_c3_j9            =  1.02400e+03
ctl_c3_j9           =  3.00000e+00
pc_c3_j10           =  2.04800e+03
ctl_c3_j10          =  3.00000e+00
pc_c3_j11           =  1.00000e+00
ctl_c3_j11          =  4.00000e+00
dout_c3             =  3.41000e+02
adc_c3              =  1.70000e+02
seln_c3             =  3.41000e+02
selp_c3             =  1.13465e-13
iavg_reset          =  -1.18014e-04 from=  3.90625e-09 to=  9.11458e-09
iavg_active         =  -1.92253e-04 from=  4.29687e-08 to=  1.36719e-07

ngspice-46 done
