
Note: Compatibility modes selected: hs a


Circuit: * sim/full-conversion-transient -- end-to-end full-conversion transient

option SCALE: Scale is set to 1e-06 for instance and model parameters
option SCALE: Scale is set to 1e-06 for instance and model parameters
option SCALE: Scale is set to 1e-06 for instance and model parameters
option SCALE: Scale is set to 1e-06 for instance and model parameters
Doing analysis at TEMP = 27.000000 and TNOM = 27.000000

Using KLU as Direct Linear Solver
 Reference value :  0.00000e+00
 Reference value :  2.03500e-08
 Reference value :  4.52500e-08
 Reference value :  7.22500e-08
 Reference value :  9.92500e-08
 Reference value :  1.28750e-07
 Reference value :  1.67750e-07
 Reference value :  1.98250e-07
 Reference value :  2.04394e-07
 Reference value :  2.30894e-07
 Reference value :  2.44804e-07
 Reference value :  2.67428e-07
 Reference value :  2.83833e-07
 Reference value :  2.96846e-07
 Reference value :  3.22846e-07
 Reference value :  3.29045e-07
 Reference value :  3.54545e-07
 Reference value :  3.67672e-07
 Reference value :  3.84149e-07
 Reference value :  4.08833e-07
 Reference value :  4.16871e-07
 Reference value :  4.44371e-07
 Reference value :  4.51710e-07
 Reference value :  4.75300e-07
 Reference value :  4.93619e-07
 Reference value :  5.03708e-07
 Reference value :  5.30708e-07
 Reference value :  5.35581e-07
 Reference value :  5.60509e-07
 Reference value :  5.77333e-07
 Reference value :  5.94031e-07
 Reference value :  6.16766e-07
 Reference value :  6.26277e-07
 Reference value :  6.52777e-07
 Reference value :  6.62334e-07
 Reference value :  6.86334e-07
 Reference value :  7.00594e-07
 Reference value :  7.12242e-07
 Reference value :  7.37742e-07
 Reference value :  7.47551e-07
 Reference value :  7.72551e-07
 Reference value :  7.84458e-07
 Reference value :  8.03195e-07
 Reference value :  8.25550e-07
 Reference value :  8.34594e-07
 Reference value :  8.61094e-07
 Reference value :  8.67767e-07
 Reference value :  8.84237e-07
 Reference value :  9.08508e-07
 Reference value :  9.14092e-07
 Reference value :  9.39592e-07
 Reference value :  9.50737e-07
 Reference value :  9.61062e-07
 Reference value :  9.87062e-07
 Reference value :  9.98904e-07
 Reference value :  1.02540e-06
 Reference value :  1.03478e-06
 Reference value :  1.06053e-06
 Reference value :  1.07777e-06
 Reference value :  1.10074e-06
 Reference value :  1.11737e-06
 Reference value :  1.13683e-06
 Reference value :  1.15918e-06
 Reference value :  1.17737e-06
 Reference value :  1.20008e-06
 Reference value :  1.21061e-06
 Reference value :  1.23761e-06
 Reference value :  1.24871e-06
 Reference value :  1.27621e-06
 Reference value :  1.28544e-06
 Reference value :  1.31244e-06
 Reference value :  1.32999e-06
 Reference value :  1.35149e-06
 Reference value :  1.36736e-06
 Reference value :  1.37966e-06
 Reference value :  1.40616e-06
 Reference value :  1.42033e-06
 Reference value :  1.44733e-06
 Reference value :  1.45497e-06
 Reference value :  1.48197e-06
 Reference value :  1.49865e-06
 Reference value :  1.51915e-06
 Reference value :  1.53438e-06
 Reference value :  1.55332e-06
 Reference value :  1.57565e-06
 Reference value :  1.59200e-06
 Reference value :  1.61677e-06
 Reference value :  1.62667e-06
 Reference value :  1.65367e-06
 Reference value :  1.66933e-06
 Reference value :  1.69283e-06
 Reference value :  1.70122e-06
 Reference value :  1.72372e-06
 Reference value :  1.74371e-06
 Reference value :  1.76317e-06
 Reference value :  1.78363e-06
 Reference value :  1.79255e-06
 Reference value :  1.81905e-06
 Reference value :  1.83600e-06
 Reference value :  1.85800e-06
 Reference value :  1.86752e-06
 Reference value :  1.88358e-06
 Reference value :  1.90851e-06
 Reference value :  1.92283e-06
 Reference value :  1.94883e-06
 Reference value :  1.95194e-06
 Reference value :  1.97460e-06
 Reference value :  1.99371e-06
 Reference value :  2.01667e-06
 Reference value :  2.03387e-06
 Reference value :  2.04964e-06
 Reference value :  2.07465e-06
 Reference value :  2.08950e-06
 Reference value :  2.11617e-06
 Reference value :  2.12498e-06
 Reference value :  2.15148e-06
 Reference value :  2.16627e-06
 Reference value :  2.19377e-06
 Reference value :  2.20188e-06
 Reference value :  2.22632e-06
 Reference value :  2.24363e-06
 Reference value :  2.26549e-06
 Reference value :  2.28363e-06
 Reference value :  2.29741e-06
 Reference value :  2.32191e-06
 Reference value :  2.33016e-06
 Reference value :  2.35566e-06
 Reference value :  2.36784e-06
 Reference value :  2.38870e-06
 Reference value :  2.40951e-06
 Reference value :  2.42599e-06
 Reference value :  2.45010e-06
 Reference value :  2.46121e-06
 Reference value :  2.48821e-06
 Reference value :  2.49885e-06
 Reference value :  2.52585e-06
 Reference value :  2.53474e-06
 Reference value :  2.55797e-06
 Reference value :  2.57698e-06
 Reference value :  2.59723e-06
 Reference value :  2.61697e-06
 Reference value :  2.63042e-06
 Reference value :  2.65738e-06
 Reference value :  2.67140e-06
 Reference value :  2.69840e-06
 Reference value :  2.70762e-06
 Reference value :  2.73412e-06
 Reference value :  2.74571e-06
 Reference value :  2.76963e-06
 Reference value :  2.78402e-06
 Reference value :  2.79269e-06
 Reference value :  2.81919e-06
 Reference value :  2.82996e-06
 Reference value :  2.85396e-06
 Reference value :  2.86724e-06
 Reference value :  2.87723e-06
 Reference value :  2.90123e-06
 Reference value :  2.91161e-06
 Reference value :  2.93088e-06
 Reference value :  2.95008e-06
 Reference value :  2.95457e-06
 Reference value :  2.97757e-06
 Reference value :  2.99366e-06
 Reference value :  3.00510e-06
 Reference value :  3.03010e-06
 Reference value :  3.03461e-06
 Reference value :  3.05772e-06
 Reference value :  3.07619e-06
 Reference value :  3.09457e-06
 Reference value :  3.11677e-06
 Reference value :  3.12565e-06
 Reference value :  3.15015e-06
 Reference value :  3.16239e-06
 Reference value :  3.18339e-06
 Reference value :  3.20008e-06
 Reference value :  3.20839e-06
 Reference value :  3.23339e-06
 Reference value :  3.24440e-06
 Reference value :  3.26773e-06
 Reference value :  3.28386e-06
 Reference value :  3.29665e-06
 Reference value :  3.32265e-06
 Reference value :  3.33648e-06
 Reference value :  3.36248e-06
 Reference value :  3.37096e-06
 Reference value :  3.39746e-06
 Reference value :  3.41482e-06
 Reference value :  3.43782e-06
 Reference value :  3.45105e-06
 Reference value :  3.47330e-06
 Reference value :  3.49326e-06
 Reference value :  3.50922e-06
 Reference value :  3.53343e-06
 Reference value :  3.53975e-06
 Reference value :  3.56625e-06
 Reference value :  3.57998e-06
 Reference value :  3.60398e-06
 Reference value :  3.61767e-06
 Reference value :  3.63304e-06
 Reference value :  3.65851e-06
 Reference value :  3.67233e-06
 Reference value :  3.69917e-06
 Reference value :  3.70422e-06
 Reference value :  3.72572e-06
 Reference value :  3.74371e-06
 Reference value :  3.76317e-06
 Reference value :  3.78363e-06
 Reference value :  3.79354e-06
 Reference value :  3.82054e-06
 Reference value :  3.83550e-06
 Reference value :  3.85700e-06
 Reference value :  3.86720e-06
 Reference value :  3.88233e-06
 Reference value :  3.90788e-06
 Reference value :  3.92033e-06
 Reference value :  3.94583e-06
 Reference value :  3.95233e-06
 Reference value :  3.97827e-06
 Reference value :  3.99617e-06
 Reference value :  4.01917e-06
 Reference value :  4.03426e-06
 Reference value :  4.05439e-06
 Reference value :  4.07619e-06
 Reference value :  4.09650e-06
 Reference value :  4.11696e-06
 Reference value :  4.12891e-06
 Reference value :  4.15491e-06
 Reference value :  4.16714e-06
 Reference value :  4.19314e-06
 Reference value :  4.20120e-06
 Reference value :  4.22436e-06
 Reference value :  4.24325e-06
 Reference value :  4.26046e-06
 Reference value :  4.28343e-06
 Reference value :  4.28971e-06
 Reference value :  4.31521e-06
 Reference value :  4.32896e-06
 Reference value :  4.35446e-06
 Reference value :  4.36770e-06
 Reference value :  4.39097e-06
 Reference value :  4.41035e-06
 Reference value :  4.43329e-06
 Reference value :  4.45053e-06
 Reference value :  4.46932e-06
 Reference value :  4.49132e-06
 Reference value :  4.50057e-06
 Reference value :  4.52757e-06
 Reference value :  4.53761e-06
 Reference value :  4.56361e-06
 Reference value :  4.57808e-06
 Reference value :  4.59897e-06
 Reference value :  4.61717e-06
 Reference value :  4.62608e-06
 Reference value :  4.65208e-06
 Reference value :  4.66319e-06
 Reference value :  4.68869e-06
 Reference value :  4.70128e-06
 Reference value :  4.72170e-06
 Reference value :  4.74286e-06
 Reference value :  4.76162e-06
 Reference value :  4.78363e-06
 Reference value :  4.79520e-06
 Reference value :  4.82220e-06
 Reference value :  4.83198e-06
 Reference value :  4.85798e-06
 Reference value :  4.86769e-06
 Reference value :  4.88277e-06
 Reference value :  4.90783e-06
 Reference value :  4.91767e-06
 Reference value :  4.94467e-06
 Reference value :  4.95199e-06
 Reference value :  4.97784e-06
 Reference value :  4.99516e-06
 Reference value :  5.01255e-06
 Reference value :  5.03363e-06
 Reference value :  5.04728e-06
 Reference value :  5.07450e-06
 Reference value :  5.08489e-06
 Reference value :  5.11189e-06
 Reference value :  5.11929e-06
 Reference value :  5.14679e-06
 Reference value :  5.16050e-06
 Reference value :  5.18549e-06
 Reference value :  5.20067e-06
 Reference value :  5.21827e-06
 Reference value :  5.24217e-06
 Reference value :  5.25582e-06
 Reference value :  5.28283e-06
 Reference value :  5.28885e-06
 Reference value :  5.31635e-06
 Reference value :  5.33147e-06
 Reference value :  5.35547e-06
 Reference value :  5.36783e-06
 Reference value :  5.38965e-06
 Reference value :  5.40993e-06
 Reference value :  5.42781e-06
 Reference value :  5.45010e-06
 Reference value :  5.46298e-06
 Reference value :  5.49048e-06
 Reference value :  5.50595e-06
 Reference value :  5.53288e-06
 Reference value :  5.54135e-06
 Reference value :  5.56835e-06
 Reference value :  5.58400e-06
 Reference value :  5.61150e-06
 Reference value :  5.62023e-06
 Reference value :  5.64773e-06
 Reference value :  5.66433e-06
 Reference value :  5.68883e-06
 Reference value :  5.70104e-06
 Reference value :  5.71972e-06
 Reference value :  5.74252e-06
 Reference value :  5.76017e-06
 Reference value :  5.78342e-06
 Reference value :  5.79259e-06
 Reference value :  5.81909e-06
 Reference value :  5.83250e-06
 Reference value :  5.85800e-06
 Reference value :  5.86766e-06
 Reference value :  5.88244e-06
 Reference value :  5.90798e-06
 Reference value :  5.92233e-06
 Reference value :  5.94950e-06
 Reference value :  5.96153e-06
 Reference value :  5.98053e-06
 Reference value :  5.99517e-06
 Reference value :  6.01517e-06
 Reference value :  6.03387e-06
 Reference value :  6.04924e-06
 Reference value :  6.07465e-06
 Reference value :  6.08900e-06
 Reference value :  6.11550e-06
 Reference value :  6.12113e-06
 Reference value :  6.14713e-06
 Reference value :  6.16108e-06
 Reference value :  6.18495e-06
 Reference value :  6.20059e-06
 Reference value :  6.21727e-06
 Reference value :  6.24184e-06
 Reference value :  6.25330e-06
 Reference value :  6.28030e-06
 Reference value :  6.28844e-06
 Reference value :  6.31594e-06
 Reference value :  6.33197e-06
 Reference value :  6.35647e-06
 Reference value :  6.36783e-06
 Reference value :  6.38815e-06
 Reference value :  6.40918e-06
 Reference value :  6.42581e-06
 Reference value :  6.45010e-06
 Reference value :  6.46198e-06
 Reference value :  6.48948e-06
 Reference value :  6.50593e-06
 Reference value :  6.53283e-06
 Reference value :  6.54185e-06
 Reference value :  6.56935e-06
 Reference value :  6.58450e-06
 Reference value :  6.61200e-06
 Reference value :  6.62073e-06
 Reference value :  6.64823e-06
 Reference value :  6.66483e-06
 Reference value :  6.68933e-06
 Reference value :  6.70104e-06
 Reference value :  6.72022e-06
 Reference value :  6.74252e-06
 Reference value :  6.75917e-06
 Reference value :  6.78342e-06
 Reference value :  6.79208e-06
 Reference value :  6.81908e-06
 Reference value :  6.83550e-06
 Reference value :  6.86300e-06
 Reference value :  6.87074e-06
 Reference value :  6.89824e-06
 Reference value :  6.91483e-06
 Reference value :  6.94033e-06
 Reference value :  6.95202e-06
 Reference value :  6.97952e-06
 Reference value :  6.99767e-06
 Reference value :  7.01967e-06
 Reference value :  7.03435e-06
 Reference value :  7.05624e-06
 Reference value :  7.07704e-06
 Reference value :  7.10050e-06
 Reference value :  7.11725e-06
 Reference value :  7.13377e-06
 Reference value :  7.15883e-06
 Reference value :  7.17521e-06
 Reference value :  7.20008e-06
 Reference value :  7.21136e-06
 Reference value :  7.23886e-06
 Reference value :  7.25001e-06
 Reference value :  7.27701e-06
 Reference value :  7.28463e-06
 Reference value :  7.30592e-06
 Reference value :  7.32618e-06
 Reference value :  7.34895e-06
 Reference value :  7.36717e-06
 Reference value :  7.38797e-06
 Reference value :  7.40951e-06
 Reference value :  7.43028e-06
 Reference value :  7.45030e-06
 Reference value :  7.46782e-06
 Reference value :  7.49217e-06
 Reference value :  7.51064e-06
 Reference value :  7.53343e-06
 Reference value :  7.55011e-06
 Reference value :  7.57517e-06
 Reference value :  7.58659e-06
 Reference value :  7.61309e-06
 Reference value :  7.61831e-06
 Reference value :  7.64058e-06
 Reference value :  7.66035e-06
 Reference value :  7.67922e-06
 Reference value :  7.70029e-06
 Reference value :  7.71374e-06
 Reference value :  7.74071e-06
 Reference value :  7.74904e-06
 Reference value :  7.77554e-06
 Reference value :  7.78478e-06
 Reference value :  7.80820e-06
 Reference value :  7.82704e-06
 Reference value :  7.84696e-06
 Reference value :  7.86717e-06
 Reference value :  7.88131e-06
 Reference value :  7.90788e-06
 Reference value :  7.92113e-06
 Reference value :  7.94863e-06
 Reference value :  7.95463e-06
 Reference value :  7.98213e-06
 Reference value :  7.99615e-06
 Reference value :  8.02062e-06
 Reference value :  8.03431e-06
 Reference value :  8.05677e-06
 Reference value :  8.07704e-06
 Reference value :  8.09794e-06
 Reference value :  8.11720e-06
 Reference value :  8.13236e-06
 Reference value :  8.15851e-06
 Reference value :  8.17388e-06
 Reference value :  8.19965e-06
 Reference value :  8.20685e-06
 Reference value :  8.23435e-06
 Reference value :  8.24572e-06
 Reference value :  8.27172e-06
 Reference value :  8.28449e-06
 Reference value :  8.30474e-06
 Reference value :  8.32618e-06
 Reference value :  8.34698e-06
 Reference value :  8.36677e-06
 Reference value :  8.38246e-06
 Reference value :  8.40788e-06
 Reference value :  8.42233e-06
 Reference value :  8.44916e-06
 Reference value :  8.45930e-06
 Reference value :  8.48680e-06
 Reference value :  8.49721e-06
 Reference value :  8.52271e-06
 Reference value :  8.53445e-06
 Reference value :  8.55275e-06
 Reference value :  8.57565e-06
 Reference value :  8.59248e-06
 Reference value :  8.61677e-06
 Reference value :  8.62404e-06
 Reference value :  8.65054e-06
 Reference value :  8.66483e-06
 Reference value :  8.68883e-06
 Reference value :  8.70127e-06
 Reference value :  8.72322e-06
 Reference value :  8.74371e-06
 Reference value :  8.76317e-06
 Reference value :  8.78363e-06
 Reference value :  8.79404e-06
 Reference value :  8.82104e-06
 Reference value :  8.83600e-06
 Reference value :  8.86050e-06
 Reference value :  8.86776e-06
 Reference value :  8.88662e-06
 Reference value :  8.90898e-06
 Reference value :  8.92833e-06
 Reference value :  8.95029e-06
 Reference value :  8.96418e-06
 Reference value :  8.99122e-06
 Reference value :  9.00617e-06
 Reference value :  9.03283e-06
 Reference value :  9.04289e-06
 Reference value :  9.07039e-06
 Reference value :  9.08650e-06
 Reference value :  9.11350e-06
 Reference value :  9.12029e-06
 Reference value :  9.14779e-06
 Reference value :  9.16141e-06
 Reference value :  9.18542e-06
 Reference value :  9.20067e-06
 Reference value :  9.22037e-06
 Reference value :  9.24232e-06
 Reference value :  9.25694e-06
 Reference value :  9.28283e-06
 Reference value :  9.28734e-06
 Reference value :  9.31334e-06
 Reference value :  9.32772e-06
 Reference value :  9.34959e-06
 Reference value :  9.36717e-06
 Reference value :  9.38122e-06
 Reference value :  9.40788e-06
 Reference value :  9.41592e-06
 Reference value :  9.44292e-06
 Reference value :  9.45142e-06
 Reference value :  9.47654e-06
 Reference value :  9.49401e-06
 Reference value :  9.51027e-06
 Reference value :  9.53343e-06
 Reference value :  9.54397e-06
 Reference value :  9.57147e-06
 Reference value :  9.58268e-06
 Reference value :  9.60968e-06
 Reference value :  9.61839e-06
 Reference value :  9.64342e-06
 Reference value :  9.66072e-06
 Reference value :  9.67023e-06
 Reference value :  9.69773e-06
 Reference value :  9.70424e-06
 Reference value :  9.73124e-06
 Reference value :  9.74479e-06
 Reference value :  9.76926e-06
 Reference value :  9.78432e-06
 Reference value :  9.79951e-06
 Reference value :  9.82517e-06
 Reference value :  9.83409e-06
 Reference value :  9.86159e-06
 Reference value :  9.86778e-06
 Reference value :  9.88728e-06
 Reference value :  9.90918e-06
 Reference value :  9.92093e-06
 Reference value :  9.94793e-06
 Reference value :  9.95178e-06
 Reference value :  9.97677e-06
 Reference value :  9.99439e-06
 Reference value :  1.00158e-05
 Reference value :  1.00339e-05
 Reference value :  1.00538e-05
 Reference value :  1.00758e-05
 Reference value :  1.00871e-05
 Reference value :  1.01121e-05
 Reference value :  1.01178e-05
 Reference value :  1.01393e-05
 Reference value :  1.01599e-05
 Reference value :  1.01794e-05
 Reference value :  1.02003e-05
 Reference value :  1.02121e-05
 Reference value :  1.02396e-05
 Reference value :  1.02512e-05
 Reference value :  1.02787e-05
 Reference value :  1.02879e-05
 Reference value :  1.03149e-05
 Reference value :  1.03320e-05
 Reference value :  1.03540e-05
 Reference value :  1.03677e-05
 Reference value :  1.03837e-05
 Reference value :  1.04085e-05
 Reference value :  1.04258e-05
 Reference value :  1.04501e-05
 Reference value :  1.04640e-05
 Reference value :  1.04912e-05
 Reference value :  1.05047e-05
 Reference value :  1.05307e-05
 Reference value :  1.05373e-05
 Reference value :  1.05648e-05
 Reference value :  1.05820e-05
 Reference value :  1.06030e-05
 Reference value :  1.06177e-05
 Reference value :  1.06367e-05
 Reference value :  1.06590e-05
 Reference value :  1.06748e-05
 Reference value :  1.07001e-05
 Reference value :  1.07072e-05
 Reference value :  1.07347e-05
 Reference value :  1.07517e-05
 Reference value :  1.07717e-05
 Reference value :  1.07844e-05
 Reference value :  1.08021e-05
 Reference value :  1.08255e-05
 Reference value :  1.08415e-05
 Reference value :  1.08668e-05
 Reference value :  1.08721e-05
 Reference value :  1.08991e-05
 Reference value :  1.09173e-05
 Reference value :  1.09388e-05
 Reference value :  1.09510e-05
 Reference value :  1.09671e-05
 Reference value :  1.09918e-05
 Reference value :  1.10072e-05
 Reference value :  1.10330e-05
 Reference value :  1.10427e-05
 Reference value :  1.10702e-05
 Reference value :  1.10870e-05
 Reference value :  1.11135e-05
 Reference value :  1.11202e-05
 Reference value :  1.11477e-05
 Reference value :  1.11633e-05
 Reference value :  1.11908e-05
 Reference value :  1.12011e-05
 Reference value :  1.12253e-05
 Reference value :  1.12439e-05
 Reference value :  1.12692e-05
 Reference value :  1.12844e-05
 Reference value :  1.13079e-05
 Reference value :  1.13270e-05
 Reference value :  1.13473e-05
 Reference value :  1.13670e-05
 Reference value :  1.13817e-05
 Reference value :  1.14080e-05
 Reference value :  1.14212e-05
 Reference value :  1.14487e-05
 Reference value :  1.14515e-05
 Reference value :  1.14708e-05
 Reference value :  1.14925e-05
 Reference value :  1.15065e-05
 Reference value :  1.15330e-05
 Reference value :  1.15390e-05
 Reference value :  1.15655e-05
 Reference value :  1.15806e-05
 Reference value :  1.16081e-05
 Reference value :  1.16178e-05
 Reference value :  1.16422e-05
 Reference value :  1.16595e-05
 Reference value :  1.16732e-05
 Reference value :  1.16996e-05
 Reference value :  1.17032e-05
 Reference value :  1.17302e-05
 Reference value :  1.17460e-05
 Reference value :  1.17728e-05
 Reference value :  1.17844e-05
 Reference value :  1.18098e-05
 Reference value :  1.18284e-05
 Reference value :  1.18513e-05
 Reference value :  1.18672e-05
 Reference value :  1.18737e-05
 Reference value :  1.18962e-05
 Reference value :  1.19099e-05
 Reference value :  1.19185e-05
 Reference value :  1.19450e-05
 Reference value :  1.19513e-05
 Reference value :  1.19721e-05
 Reference value :  1.19925e-05
 Reference value :  1.20068e-05
 Reference value :  1.20330e-05
 Reference value :  1.20425e-05
 Reference value :  1.20695e-05
 Reference value :  1.20807e-05
 Reference value :  1.21077e-05
 Reference value :  1.21181e-05
 Reference value :  1.21443e-05
 Reference value :  1.21605e-05
 Reference value :  1.21844e-05
 Reference value :  1.22006e-05
 Reference value :  1.22152e-05
 Reference value :  1.22413e-05
 Reference value :  1.22518e-05
 Reference value :  1.22778e-05
 Reference value :  1.22848e-05
 Reference value :  1.23051e-05
 Reference value :  1.23258e-05
 Reference value :  1.23450e-05
 Reference value :  1.23668e-05
 Reference value :  1.23825e-05
 Reference value :  1.24082e-05
 Reference value :  1.24238e-05
 Reference value :  1.24498e-05
 Reference value :  1.24618e-05
 Reference value :  1.24893e-05
 Reference value :  1.24998e-05
 Reference value :  1.25268e-05
 Reference value :  1.25347e-05
 Reference value :  1.25547e-05
 Reference value :  1.25762e-05
 Reference value :  1.25940e-05
 Reference value :  1.26168e-05
 Reference value :  1.26245e-05
 Reference value :  1.26515e-05
 Reference value :  1.26673e-05
 Reference value :  1.26938e-05
 Reference value :  1.27026e-05
 Reference value :  1.27301e-05
 Reference value :  1.27472e-05
 Reference value :  1.27687e-05
 Reference value :  1.27841e-05
 Reference value :  1.28011e-05
 Reference value :  1.28255e-05
 Reference value :  1.28400e-05
 Reference value :  1.28663e-05
 Reference value :  1.28688e-05
 Reference value :  1.28946e-05
 Reference value :  1.29123e-05
 Reference value :  1.29303e-05
 Reference value :  1.29503e-05
 Reference value :  1.29623e-05
 Reference value :  1.29898e-05
 Reference value :  1.30027e-05
 Reference value :  1.30282e-05
 Reference value :  1.30350e-05
 Reference value :  1.30603e-05
 Reference value :  1.30780e-05
 Reference value :  1.31005e-05
 Reference value :  1.31173e-05
 Reference value :  1.31319e-05
 Reference value :  1.31580e-05
 Reference value :  1.31730e-05
 Reference value :  1.31995e-05
 Reference value :  1.32034e-05
 Reference value :  1.32299e-05
 Reference value :  1.32445e-05
 Reference value :  1.32704e-05
 Reference value :  1.32844e-05
 Reference value :  1.33012e-05
 Reference value :  1.33255e-05
 Reference value :  1.33425e-05
 Reference value :  1.33668e-05
 Reference value :  1.33824e-05
 Reference value :  1.34082e-05
 Reference value :  1.34243e-05
 Reference value :  1.34501e-05
 Reference value :  1.34663e-05
 Reference value :  1.34918e-05
 Reference value :  1.35061e-05
 Reference value :  1.35328e-05
 Reference value :  1.35351e-05
 Reference value :  1.35527e-05
 Reference value :  1.35755e-05
 Reference value :  1.35935e-05
 Reference value :  1.36168e-05
 Reference value :  1.36314e-05
 Reference value :  1.36574e-05
 Reference value :  1.36673e-05
 Reference value :  1.36933e-05
 Reference value :  1.37017e-05
 Reference value :  1.37262e-05
 Reference value :  1.37442e-05
 Reference value :  1.37511e-05
 Reference value :  1.37781e-05
 Reference value :  1.37854e-05
 Reference value :  1.38104e-05
 Reference value :  1.38270e-05
 Reference value :  1.38440e-05
 Reference value :  1.38668e-05
 Reference value :  1.38713e-05
 Reference value :  1.38963e-05
 Reference value :  1.39128e-05
 Reference value :  1.39348e-05
 Reference value :  1.39506e-05
 Reference value :  1.39657e-05
 Reference value :  1.39913e-05
 Reference value :  1.40062e-05
 Reference value :  1.40328e-05
 Reference value :  1.40419e-05
 Reference value :  1.40689e-05
 Reference value :  1.40810e-05
 Reference value :  1.41065e-05
 Reference value :  1.41178e-05
 Reference value :  1.41398e-05
 Reference value :  1.41599e-05
 Reference value :  1.41801e-05
 Reference value :  1.42003e-05
 Reference value :  1.42011e-05
 Reference value :  1.42241e-05
 Reference value :  1.42432e-05
 Reference value :  1.42629e-05
 Reference value :  1.42836e-05
 Reference value :  1.42963e-05
 Reference value :  1.43228e-05
 Reference value :  1.43340e-05
 Reference value :  1.43605e-05
 Reference value :  1.43678e-05
 Reference value :  1.43891e-05
 Reference value :  1.44095e-05
 Reference value :  1.44268e-05
 Reference value :  1.44501e-05
 Reference value :  1.44615e-05
 Reference value :  1.44885e-05
 Reference value :  1.45031e-05
 Reference value :  1.45286e-05
 Reference value :  1.45364e-05
 Reference value :  1.45619e-05
 Reference value :  1.45780e-05
 Reference value :  1.45985e-05
 Reference value :  1.46170e-05
 Reference value :  1.46239e-05
 Reference value :  1.46499e-05
 Reference value :  1.46633e-05
 Reference value :  1.46873e-05
 Reference value :  1.47007e-05
 Reference value :  1.47132e-05
 Reference value :  1.47372e-05
 Reference value :  1.47492e-05
 Reference value :  1.47757e-05
 Reference value :  1.47844e-05
 Reference value :  1.48063e-05
 Reference value :  1.48262e-05
 Reference value :  1.48455e-05
 Reference value :  1.48668e-05
 Reference value :  1.48737e-05
 Reference value :  1.48927e-05
 Reference value :  1.49104e-05
 Reference value :  1.49328e-05
 Reference value :  1.49505e-05
 Reference value :  1.49685e-05
 Reference value :  1.49918e-05
 Reference value :  1.50051e-05
 Reference value :  1.50301e-05
 Reference value :  1.50361e-05
 Reference value :  1.50626e-05
 Reference value :  1.50785e-05
 Reference value :  1.50995e-05
 Reference value :  1.51172e-05
 Reference value :  1.51304e-05
 Reference value :  1.51569e-05
 Reference value :  1.51689e-05
 Reference value :  1.51959e-05
 Reference value :  1.52033e-05
 Reference value :  1.52298e-05
 Reference value :  1.52441e-05
 Reference value :  1.52673e-05
 Reference value :  1.52838e-05
 Reference value :  1.52994e-05
 Reference value :  1.53245e-05
 Reference value :  1.53360e-05
 Reference value :  1.53615e-05
 Reference value :  1.53678e-05
 Reference value :  1.53892e-05
 Reference value :  1.54095e-05
 Reference value :  1.54243e-05
 Reference value :  1.54496e-05
 Reference value :  1.54545e-05
 Reference value :  1.54800e-05
 Reference value :  1.54948e-05
 Reference value :  1.55198e-05
 Reference value :  1.55343e-05
 Reference value :  1.55564e-05
 Reference value :  1.55762e-05
 Reference value :  1.55965e-05
 Reference value :  1.56168e-05
 Reference value :  1.56302e-05
 Reference value :  1.56562e-05
 Reference value :  1.56703e-05
 Reference value :  1.56973e-05
 Reference value :  1.57076e-05
 Reference value :  1.57331e-05
 Reference value :  1.57487e-05
 Reference value :  1.57677e-05
 Reference value :  1.57839e-05
 Reference value :  1.57976e-05
 Reference value :  1.58240e-05
 Reference value :  1.58370e-05
 Reference value :  1.58635e-05
 Reference value :  1.58684e-05
 Reference value :  1.58927e-05
 Reference value :  1.59104e-05
 Reference value :  1.59273e-05
 Reference value :  1.59501e-05
 Reference value :  1.59536e-05
 Reference value :  1.59756e-05
 Reference value :  1.59937e-05
 Reference value :  1.60122e-05
 Reference value :  1.60336e-05
 Reference value :  1.60472e-05
 Reference value :  1.60722e-05
 Reference value :  1.60855e-05
 Reference value :  1.61105e-05
 Reference value :  1.61180e-05
 Reference value :  1.61398e-05
 Reference value :  1.61595e-05
 Reference value :  1.61794e-05
 Reference value :  1.62003e-05
 Reference value :  1.62118e-05
 Reference value :  1.62388e-05
 Reference value :  1.62507e-05
 Reference value :  1.62772e-05
 Reference value :  1.62846e-05
 Reference value :  1.63044e-05
 Reference value :  1.63256e-05
 Reference value :  1.63443e-05
 Reference value :  1.63668e-05
 Reference value :  1.63835e-05
 Reference value :  1.64085e-05
 Reference value :  1.64241e-05
 Reference value :  1.64498e-05
 Reference value :  1.64622e-05
 Reference value :  1.64887e-05
 Reference value :  1.64946e-05
 Reference value :  1.65192e-05
 Reference value :  1.65340e-05
 Reference value :  1.65551e-05
 Reference value :  1.65762e-05
 Reference value :  1.65877e-05
 Reference value :  1.66147e-05
 Reference value :  1.66185e-05
 Reference value :  1.66401e-05
 Reference value :  1.66599e-05
 Reference value :  1.66812e-05
 Reference value :  1.67003e-05
 Reference value :  1.67132e-05
 Reference value :  1.67387e-05
 Reference value :  1.67500e-05
 Reference value :  1.67755e-05
 Reference value :  1.67846e-05
 Reference value :  1.68089e-05
 Reference value :  1.68270e-05
 Reference value :  1.68457e-05
 Reference value :  1.68670e-05
 Reference value :  1.68778e-05
 Reference value :  1.69043e-05
 Reference value :  1.69144e-05
 Reference value :  1.69394e-05
 Reference value :  1.69508e-05
 Reference value :  1.69676e-05
 Reference value :  1.69912e-05
 Reference value :  1.69977e-05
 Reference value :  1.70207e-05
 Reference value :  1.70343e-05
 Reference value :  1.70563e-05
 Reference value :  1.70762e-05
 Reference value :  1.70946e-05
 Reference value :  1.71168e-05
 Reference value :  1.71293e-05
 Reference value :  1.71558e-05
 Reference value :  1.71689e-05
 Reference value :  1.71949e-05
 Reference value :  1.72012e-05
 Reference value :  1.72254e-05
 Reference value :  1.72436e-05
 Reference value :  1.72622e-05
 Reference value :  1.72834e-05
 Reference value :  1.72912e-05
 Reference value :  1.73182e-05
 Reference value :  1.73350e-05
 Reference value :  1.73585e-05
 Reference value :  1.73682e-05
 Reference value :  1.73950e-05
 Reference value :  1.74123e-05
 Reference value :  1.74323e-05
 Reference value :  1.74505e-05
 Reference value :  1.74604e-05
 Reference value :  1.74869e-05
 Reference value :  1.75032e-05
 Reference value :  1.75262e-05
 Reference value :  1.75351e-05
 Reference value :  1.75606e-05
 Reference value :  1.75780e-05
 Reference value :  1.76010e-05
 Reference value :  1.76172e-05
 Reference value :  1.76380e-05
 Reference value :  1.76592e-05
 Reference value :  1.76753e-05
 Reference value :  1.76988e-05
 Reference value :  1.77046e-05
 Reference value :  1.77301e-05
 Reference value :  1.77452e-05
 Reference value :  1.77682e-05
 Reference value :  1.77838e-05
 Reference value :  1.77999e-05
 Reference value :  1.78245e-05
 Reference value :  1.78375e-05
 Reference value :  1.78625e-05
 Reference value :  1.78679e-05
 Reference value :  1.78923e-05
 Reference value :  1.79099e-05
 Reference value :  1.79278e-05
 Reference value :  1.79501e-05
 Reference value :  1.79592e-05
 Reference value :  1.79837e-05
 Reference value :  1.79987e-05
 Reference value :  1.80207e-05
 Reference value :  1.80344e-05
 Reference value :  1.80574e-05
 Reference value :  1.80762e-05
 Reference value :  1.80950e-05
 Reference value :  1.81168e-05
 Reference value :  1.81244e-05
 Reference value :  1.81499e-05
 Reference value :  1.81633e-05
 Reference value :  1.81908e-05
 Reference value :  1.82011e-05
 Reference value :  1.82229e-05
 Reference value :  1.82429e-05
 Reference value :  1.82600e-05
 Reference value :  1.82834e-05
 Reference value :  1.82897e-05
 Reference value :  1.83152e-05
 Reference value :  1.83282e-05
 Reference value :  1.83537e-05
 Reference value :  1.83675e-05
 Reference value :  1.83890e-05
 Reference value :  1.84095e-05
 Reference value :  1.84255e-05
 Reference value :  1.84498e-05
 Reference value :  1.84608e-05
 Reference value :  1.84868e-05
 Reference value :  1.84993e-05
 Reference value :  1.85243e-05
 Reference value :  1.85349e-05
 Reference value :  1.85601e-05
 Reference value :  1.85774e-05
 Reference value :  1.86007e-05
 Reference value :  1.86172e-05
 Reference value :  1.86364e-05
 Reference value :  1.86585e-05
 Reference value :  1.86698e-05
 Reference value :  1.86948e-05
 Reference value :  1.87017e-05
 Reference value :  1.87262e-05
 Reference value :  1.87436e-05
 Reference value :  1.87595e-05
 Reference value :  1.87834e-05
 Reference value :  1.87927e-05
 Reference value :  1.88197e-05
 Reference value :  1.88307e-05
 Reference value :  1.88572e-05
 Reference value :  1.88677e-05
 Reference value :  1.88843e-05
 Reference value :  1.89085e-05
 Reference value :  1.89182e-05
 Reference value :  1.89447e-05
 Reference value :  1.89518e-05
 Reference value :  1.89759e-05
 Reference value :  1.89937e-05
 Reference value :  1.90092e-05
 Reference value :  1.90334e-05
 Reference value :  1.90453e-05
 Reference value :  1.90713e-05
 Reference value :  1.90841e-05
 Reference value :  1.91101e-05
 Reference value :  1.91181e-05
 Reference value :  1.91439e-05
 Reference value :  1.91605e-05
 Reference value :  1.91844e-05
 Reference value :  1.92005e-05
 Reference value :  1.92138e-05
 Reference value :  1.92403e-05
 Reference value :  1.92522e-05
 Reference value :  1.92732e-05
 Reference value :  1.92840e-05
 Reference value :  1.92999e-05
 Reference value :  1.93234e-05
 Reference value :  1.93350e-05
 Reference value :  1.93550e-05
 Reference value :  1.93673e-05
 Reference value :  1.93772e-05
 Reference value :  1.93982e-05
 Reference value :  1.94113e-05
 Reference value :  1.94233e-05
 Reference value :  1.94463e-05
 Reference value :  1.94512e-05
 Reference value :  1.94685e-05
 Reference value :  1.94912e-05
 Reference value :  1.94941e-05
 Reference value :  1.95115e-05
 Reference value :  1.95330e-05
 Reference value :  1.95369e-05
 Reference value :  1.95574e-05
 Reference value :  1.95755e-05
 Reference value :  1.95905e-05
 Reference value :  1.96125e-05
 Reference value :  1.96179e-05
 Reference value :  1.96382e-05
 Reference value :  1.96585e-05
 Reference value :  1.96713e-05
 Reference value :  1.96928e-05
 Reference value :  1.97013e-05
 Reference value :  1.97236e-05
 Reference value :  1.97425e-05
 Reference value :  1.97617e-05
 Reference value :  1.97834e-05
 Reference value :  1.97938e-05
 Reference value :  1.98188e-05
 Reference value :  1.98350e-05
 Reference value :  1.98585e-05
 Reference value :  1.98673e-05
 Reference value :  1.98771e-05
 Reference value :  1.98996e-05
 Reference value :  1.99138e-05
 Reference value :  1.99338e-05
 Reference value :  1.99505e-05
 Reference value :  1.99675e-05
 Reference value :  1.99912e-05
 Reference value :  2.00037e-05
 Reference value :  2.00267e-05
 Reference value :  2.00345e-05
 Reference value :  2.00562e-05
 Reference value :  2.00755e-05
 Reference value :  2.00915e-05
 Reference value :  2.01145e-05
 Reference value :  2.01194e-05
 Reference value :  2.01424e-05
 Reference value :  2.01603e-05
 Reference value :  2.01791e-05
 Reference value :  2.02001e-05
 Reference value :  2.02093e-05
 Reference value :  2.02348e-05
 Reference value :  2.02470e-05
 Reference value :  2.02740e-05
 Reference value :  2.02845e-05
 Reference value :  2.03094e-05
 Reference value :  2.03270e-05
 Reference value :  2.03460e-05
 Reference value :  2.03668e-05
 Reference value :  2.03787e-05
 Reference value :  2.04057e-05
 Reference value :  2.04163e-05
 Reference value :  2.04418e-05
 Reference value :  2.04512e-05
 Reference value :  2.04745e-05
 Reference value :  2.04937e-05
 Reference value :  2.05161e-05
 Reference value :  2.05338e-05
 Reference value :  2.05494e-05
 Reference value :  2.05742e-05
 Reference value :  2.05815e-05
 Reference value :  2.06025e-05
 Reference value :  2.06172e-05
 Reference value :  2.06287e-05
 Reference value :  2.06542e-05
 Reference value :  2.06643e-05
 Reference value :  2.06868e-05
 Reference value :  2.07005e-05
 Reference value :  2.07092e-05
 Reference value :  2.07322e-05
 Reference value :  2.07457e-05
 Reference value :  2.07692e-05
 Reference value :  2.07840e-05
 Reference value :  2.07976e-05
 Reference value :  2.08245e-05
 Reference value :  2.08345e-05
 Reference value :  2.08610e-05
 Reference value :  2.08678e-05
 Reference value :  2.08862e-05
 Reference value :  2.09089e-05
 Reference value :  2.09188e-05
 Reference value :  2.09428e-05
 Reference value :  2.09510e-05
 Reference value :  2.09636e-05
 Reference value :  2.09876e-05
 Reference value :  2.09971e-05
 Reference value :  2.10191e-05
 Reference value :  2.10341e-05
 Reference value :  2.10507e-05
 Reference value :  2.10746e-05
 Reference value :  2.10875e-05
 Reference value :  2.11135e-05
 Reference value :  2.11187e-05
 Reference value :  2.11452e-05
 Reference value :  2.11605e-05
 Reference value :  2.11850e-05
 Reference value :  2.12006e-05
 Reference value :  2.12174e-05
 Reference value :  2.12418e-05
 Reference value :  2.12533e-05
 Reference value :  2.12798e-05
 Reference value :  2.12846e-05
 Reference value :  2.13002e-05
 Reference value :  2.13202e-05
 Reference value :  2.13300e-05
 Reference value :  2.13475e-05
 Reference value :  2.13668e-05
 Reference value :  2.13790e-05
 Reference value :  2.14015e-05
 Reference value :  2.14138e-05
 Reference value :  2.14343e-05
 Reference value :  2.14503e-05
 Reference value :  2.14648e-05
 Reference value :  2.14878e-05
 Reference value :  2.14970e-05
 Reference value :  2.15195e-05
 Reference value :  2.15339e-05
 Reference value :  2.15422e-05
 Reference value :  2.15647e-05
 Reference value :  2.15785e-05
 Reference value :  2.15955e-05
 Reference value :  2.16168e-05
 Reference value :  2.16215e-05
 Reference value :  2.16420e-05
 Reference value :  2.16595e-05
 Reference value :  2.16763e-05
 Reference value :  2.16992e-05
 Reference value :  2.17036e-05
 Reference value :  2.17266e-05
 Reference value :  2.17433e-05
 Reference value :  2.17617e-05
 Reference value :  2.17834e-05
 Reference value :  2.17934e-05
 Reference value :  2.18164e-05
 Reference value :  2.18300e-05
 Reference value :  2.18505e-05
 Reference value :  2.18670e-05
 Reference value :  2.18753e-05
 Reference value :  2.18998e-05
 Reference value :  2.19143e-05
 Reference value :  2.19378e-05
 Reference value :  2.19506e-05
 Reference value :  2.19667e-05
 Reference value :  2.19912e-05
 Reference value :  2.19997e-05
 Reference value :  2.20222e-05
 Reference value :  2.20343e-05
 Reference value :  2.20533e-05
 Reference value :  2.20752e-05
 Reference value :  2.20890e-05
 Reference value :  2.21125e-05
 Reference value :  2.21181e-05
 Reference value :  2.21399e-05
 Reference value :  2.21595e-05
 Reference value :  2.21760e-05
 Reference value :  2.21985e-05
 Reference value :  2.22019e-05
 Reference value :  2.22259e-05
 Reference value :  2.22432e-05
 Reference value :  2.22588e-05
 Reference value :  2.22826e-05
 Reference value :  2.22850e-05
 Reference value :  2.23053e-05
 Reference value :  2.23255e-05
 Reference value :  2.23395e-05
 Reference value :  2.23625e-05
 Reference value :  2.23675e-05
 Reference value :  2.23820e-05
 Reference value :  2.24020e-05
 Reference value :  2.24138e-05
 Reference value :  2.24328e-05
 Reference value :  2.24501e-05
 Reference value :  2.24618e-05
 Reference value :  2.24843e-05
 Reference value :  2.24949e-05
 Reference value :  2.25144e-05
 Reference value :  2.25334e-05
 Reference value :  2.25377e-05
 Reference value :  2.25582e-05
 Reference value :  2.25758e-05
 Reference value :  2.25885e-05
 Reference value :  2.26130e-05
 Reference value :  2.26181e-05
 Reference value :  2.26355e-05
 Reference value :  2.26578e-05
 Reference value :  2.26688e-05
 Reference value :  2.26908e-05
 Reference value :  2.27008e-05
 Reference value :  2.27171e-05
 Reference value :  2.27396e-05
 Reference value :  2.27512e-05
 Reference value :  2.27747e-05
 Reference value :  2.27844e-05
 Reference value :  2.28044e-05
 Reference value :  2.28255e-05
 Reference value :  2.28380e-05
 Reference value :  2.28635e-05
 Reference value :  2.28680e-05
 Reference value :  2.28858e-05
 Reference value :  2.29082e-05
 Reference value :  2.29183e-05
 Reference value :  2.29428e-05
 Reference value :  2.29506e-05
 Reference value :  2.29627e-05
 Reference value :  2.29862e-05
 Reference value :  2.29987e-05
 Reference value :  2.30192e-05
 Reference value :  2.30340e-05
 Reference value :  2.30493e-05
 Reference value :  2.30745e-05
 Reference value :  2.30865e-05
 Reference value :  2.31090e-05
 Reference value :  2.31178e-05
 Reference value :  2.31393e-05
 Reference value :  2.31595e-05
 Reference value :  2.31782e-05
 Reference value :  2.32001e-05
 Reference value :  2.32009e-05
 Reference value :  2.32181e-05
 Reference value :  2.32418e-05
 Reference value :  2.32439e-05
 Reference value :  2.32667e-05
 Reference value :  2.32838e-05
 Reference value :  2.32953e-05
 Reference value :  2.33208e-05
 Reference value :  2.33300e-05
 Reference value :  2.33495e-05
 Reference value :  2.33668e-05
 Reference value :  2.33752e-05
 Reference value :  2.33972e-05
 Reference value :  2.34118e-05
 Reference value :  2.34288e-05
 Reference value :  2.34498e-05
 Reference value :  2.34540e-05
 Reference value :  2.34750e-05
 Reference value :  2.34922e-05
 Reference value :  2.35021e-05
 Reference value :  2.35226e-05
 Reference value :  2.35339e-05
 Reference value :  2.35452e-05
 Reference value :  2.35677e-05
 Reference value :  2.35781e-05
 Reference value :  2.35996e-05
 Reference value :  2.36168e-05
 Reference value :  2.36263e-05
 Reference value :  2.36483e-05
 Reference value :  2.36612e-05
 Reference value :  2.36807e-05
 Reference value :  2.37001e-05
 Reference value :  2.37111e-05
 Reference value :  2.37356e-05
 Reference value :  2.37466e-05
 Reference value :  2.37711e-05
 Reference value :  2.37842e-05
 Reference value :  2.38023e-05
 Reference value :  2.38208e-05
 Reference value :  2.38290e-05
 Reference value :  2.38454e-05
 Reference value :  2.38634e-05
 Reference value :  2.38674e-05
 Reference value :  2.38757e-05
 Reference value :  2.38947e-05
 Reference value :  2.39092e-05
 Reference value :  2.39213e-05
 Reference value :  2.39443e-05
 Reference value :  2.39516e-05
 Reference value :  2.39720e-05
 Reference value :  2.39915e-05
 Reference value :  2.39975e-05
 Reference value :  2.40170e-05
 Reference value :  2.40334e-05
 Reference value :  2.40412e-05
 Reference value :  2.40627e-05
 Reference value :  2.40770e-05
 Reference value :  2.40934e-05
 Reference value :  2.41162e-05
 Reference value :  2.41214e-05
 Reference value :  2.41434e-05
 Reference value :  2.41595e-05
 Reference value :  2.41739e-05
 Reference value :  2.41964e-05
 Reference value :  2.42011e-05
 Reference value :  2.42191e-05
 Reference value :  2.42409e-05
 Reference value :  2.42487e-05
 Reference value :  2.42717e-05
 Reference value :  2.42839e-05
 Reference value :  2.42964e-05
 Reference value :  2.43184e-05
 Reference value :  2.43315e-05
 Reference value :  2.43485e-05
 Reference value :  2.43668e-05
 Reference value :  2.43722e-05
 Reference value :  2.43932e-05
 Reference value :  2.44090e-05
 Reference value :  2.44213e-05
 Reference value :  2.44433e-05
 Reference value :  2.44512e-05
 Reference value :  2.44670e-05
 Reference value :  2.44870e-05
 Reference value :  2.44940e-05
 Reference value :  2.45110e-05
 Reference value :  2.45315e-05
 Reference value :  2.45345e-05
 Reference value :  2.45499e-05
 Reference value :  2.45674e-05
 Reference value :  2.45770e-05
 Reference value :  2.45940e-05
 Reference value :  2.46125e-05
 Reference value :  2.46177e-05
 Reference value :  2.46312e-05
 Reference value :  2.46502e-05
 Reference value :  2.46613e-05
 Reference value :  2.46788e-05
 Reference value :  2.46996e-05
 Reference value :  2.47051e-05
 Reference value :  2.47241e-05
 Reference value :  2.47415e-05
 Reference value :  2.47527e-05
 Reference value :  2.47732e-05
 Reference value :  2.47840e-05
 Reference value :  2.47983e-05
 Reference value :  2.48203e-05
 Reference value :  2.48325e-05
 Reference value :  2.48500e-05
 Reference value :  2.48668e-05
 Reference value :  2.48742e-05
 Reference value :  2.48967e-05
 Reference value :  2.49104e-05
 Reference value :  2.49258e-05
 Reference value :  2.49473e-05
 Reference value :  2.49511e-05
 Reference value :  2.49646e-05
 Reference value :  2.49861e-05
 Reference value :  2.49982e-05
 Reference value :  2.50172e-05
 Reference value :  2.50334e-05
 Reference value :  2.50422e-05
 Reference value :  2.50632e-05
 Reference value :  2.50770e-05
 Reference value :  2.50955e-05
 Reference value :  2.51162e-05
 Reference value :  2.51193e-05
 Reference value :  2.51403e-05
 Reference value :  2.51588e-05
 Reference value :  2.51694e-05
 Reference value :  2.51909e-05
 Reference value :  2.52007e-05
 Reference value :  2.52138e-05
 Reference value :  2.52343e-05
 Reference value :  2.52444e-05
 Reference value :  2.52609e-05
 Reference value :  2.52828e-05
 Reference value :  2.52851e-05
 Reference value :  2.53044e-05
 Reference value :  2.53246e-05
 Reference value :  2.53277e-05
 Reference value :  2.53476e-05
 Reference value :  2.53668e-05
 Reference value :  2.53765e-05
 Reference value :  2.53980e-05
 Reference value :  2.54107e-05
 Reference value :  2.54279e-05
 Reference value :  2.54492e-05
 Reference value :  2.54558e-05
 Reference value :  2.54773e-05
 Reference value :  2.54929e-05
 Reference value :  2.55068e-05
 Reference value :  2.55298e-05
 Reference value :  2.55366e-05
 Reference value :  2.55591e-05
 Reference value :  2.55762e-05
 Reference value :  2.55784e-05
 Reference value :  2.56004e-05
 Reference value :  2.56168e-05
 Reference value :  2.56279e-05
 Reference value :  2.56499e-05
 Reference value :  2.56611e-05
 Reference value :  2.56787e-05
 Reference value :  2.56995e-05
 Reference value :  2.57042e-05
 Reference value :  2.57277e-05
 Reference value :  2.57437e-05
 Reference value :  2.57536e-05
 Reference value :  2.57746e-05
 Reference value :  2.57844e-05
 Reference value :  2.57967e-05
 Reference value :  2.58162e-05
 Reference value :  2.58282e-05
 Reference value :  2.58472e-05
 Reference value :  2.58668e-05
 Reference value :  2.58733e-05
 Reference value :  2.58958e-05
 Reference value :  2.59103e-05
 Reference value :  2.59262e-05
 Reference value :  2.59482e-05
 Reference value :  2.59515e-05
 Reference value :  2.59731e-05
 Reference value :  2.59922e-05
 Reference value :  2.60046e-05
 Reference value :  2.60266e-05
 Reference value :  2.60345e-05
 Reference value :  2.60553e-05
 Reference value :  2.60755e-05
 Reference value :  2.60860e-05
 Reference value :  2.61075e-05
 Reference value :  2.61174e-05
 Reference value :  2.61334e-05
 Reference value :  2.61559e-05
 Reference value :  2.61654e-05
 Reference value :  2.61884e-05
 Reference value :  2.62005e-05
 Reference value :  2.62123e-05
 Reference value :  2.62348e-05
 Reference value :  2.62441e-05
 Reference value :  2.62637e-05
 Reference value :  2.62834e-05
 Reference value :  2.62887e-05
 Reference value :  2.63107e-05
 Reference value :  2.63266e-05
 Reference value :  2.63415e-05
 Reference value :  2.63640e-05
 Reference value :  2.63705e-05
 Reference value :  2.63940e-05
 Reference value :  2.64104e-05
 Reference value :  2.64288e-05
 Reference value :  2.64496e-05
 Reference value :  2.64563e-05
 Reference value :  2.64783e-05
 Reference value :  2.64936e-05
 Reference value :  2.65067e-05
 Reference value :  2.65287e-05
 Reference value :  2.65345e-05
 Reference value :  2.65478e-05
 Reference value :  2.65703e-05
 Reference value :  2.65800e-05
 Reference value :  2.65995e-05
 Reference value :  2.66168e-05
 Reference value :  2.66210e-05
 Reference value :  2.66420e-05
 Reference value :  2.66595e-05
 Reference value :  2.66743e-05
 Reference value :  2.66978e-05
 Reference value :  2.67019e-05
 Reference value :  2.67227e-05
 Reference value :  2.67418e-05
 Reference value :  2.67522e-05
 Reference value :  2.67737e-05
 Reference value :  2.67841e-05
 Reference value :  2.67971e-05
 Reference value :  2.68211e-05
 Reference value :  2.68345e-05
 Reference value :  2.68560e-05
 Reference value :  2.68674e-05
 Reference value :  2.68756e-05
 Reference value :  2.68981e-05
 Reference value :  2.69118e-05
 Reference value :  2.69283e-05
 Reference value :  2.69496e-05
 Reference value :  2.69533e-05
 Reference value :  2.69738e-05
 Reference value :  2.69922e-05
 Reference value :  2.70047e-05
 Reference value :  2.70267e-05
 Reference value :  2.70343e-05
 Reference value :  2.70513e-05
 Reference value :  2.70723e-05
 Reference value :  2.70845e-05
 Reference value :  2.71050e-05
 Reference value :  2.71174e-05
 Reference value :  2.71309e-05
 Reference value :  2.71544e-05
 Reference value :  2.71643e-05
 Reference value :  2.71868e-05
 Reference value :  2.72007e-05
 Reference value :  2.72174e-05
 Reference value :  2.72412e-05
 Reference value :  2.72517e-05
 Reference value :  2.72762e-05
 Reference value :  2.72845e-05
 Reference value :  2.73007e-05
 Reference value :  2.73241e-05
 Reference value :  2.73279e-05
 Reference value :  2.73476e-05
 Reference value :  2.73668e-05
 Reference value :  2.73800e-05
 Reference value :  2.74040e-05
 Reference value :  2.74112e-05
 Reference value :  2.74329e-05
 Reference value :  2.74503e-05
 Reference value :  2.74668e-05
 Reference value :  2.74907e-05
 Reference value :  2.75030e-05
 Reference value :  2.75270e-05
 Reference value :  2.75351e-05
 Reference value :  2.75606e-05
 Reference value :  2.75770e-05
 Reference value :  2.75941e-05
 Reference value :  2.76168e-05
 Reference value :  2.76221e-05
 Reference value :  2.76426e-05
 Reference value :  2.76595e-05
 Reference value :  2.76767e-05
 Reference value :  2.77001e-05
 Reference value :  2.77107e-05
 Reference value :  2.77357e-05
 Reference value :  2.77456e-05
 Reference value :  2.77653e-05
 Reference value :  2.77836e-05
 Reference value :  2.77853e-05
 Reference value :  2.78092e-05
 Reference value :  2.78270e-05
 Reference value :  2.78428e-05
 Reference value :  2.78668e-05
 Reference value :  2.78758e-05
 Reference value :  2.79018e-05
 Reference value :  2.79140e-05
 Reference value :  2.79410e-05
 Reference value :  2.79510e-05
 Reference value :  2.79726e-05
 Reference value :  2.79929e-05
 Reference value :  2.80074e-05
 Reference value :  2.80328e-05
 Reference value :  2.80403e-05
 Reference value :  2.80613e-05
 Reference value :  2.80775e-05
 Reference value :  2.80952e-05
 Reference value :  2.81168e-05
 Reference value :  2.81256e-05
 Reference value :  2.81521e-05
 Reference value :  2.81639e-05
 Reference value :  2.81889e-05
 Reference value :  2.82009e-05
 Reference value :  2.82198e-05
 Reference value :  2.82422e-05
 Reference value :  2.82553e-05
 Reference value :  2.82808e-05
 Reference value :  2.82859e-05
 Reference value :  2.83114e-05
 Reference value :  2.83280e-05
 Reference value :  2.83470e-05
 Reference value :  2.83668e-05
 Reference value :  2.83742e-05
 Reference value :  2.83997e-05
 Reference value :  2.84133e-05
 Reference value :  2.84303e-05
 Reference value :  2.84501e-05
 Reference value :  2.84570e-05
 Reference value :  2.84810e-05
 Reference value :  2.84944e-05
 Reference value :  2.85178e-05
 Reference value :  2.85339e-05
 Reference value :  2.85509e-05
 Reference value :  2.85748e-05
 Reference value :  2.85910e-05
 Reference value :  2.86158e-05
 Reference value :  2.86232e-05
 Reference value :  2.86487e-05
 Reference value :  2.86643e-05
 Reference value :  2.86863e-05
 Reference value :  2.87007e-05
 Reference value :  2.87216e-05
 Reference value :  2.87423e-05
 Reference value :  2.87562e-05
 Reference value :  2.87817e-05
 Reference value :  2.87853e-05
 Reference value :  2.88086e-05
 Reference value :  2.88270e-05
 Reference value :  2.88455e-05
 Reference value :  2.88668e-05
 Reference value :  2.88700e-05
 Reference value :  2.88915e-05
 Reference value :  2.89095e-05
 Reference value :  2.89248e-05
 Reference value :  2.89496e-05
 Reference value :  2.89519e-05
 Reference value :  2.89746e-05
 Reference value :  2.89937e-05
 Reference value :  2.90122e-05
 Reference value :  2.90336e-05
 Reference value :  2.90467e-05
 Reference value :  2.90727e-05
 Reference value :  2.90870e-05
 Reference value :  2.91140e-05
 Reference value :  2.91226e-05
 Reference value :  2.91501e-05
 Reference value :  2.91630e-05
 Reference value :  2.91895e-05
 Reference value :  2.92008e-05
 Reference value :  2.92168e-05
 Reference value :  2.92403e-05
 Reference value :  2.92449e-05
 Reference value :  2.92649e-05
 Reference value :  2.92834e-05
 Reference value :  2.92934e-05
 Reference value :  2.93099e-05
 Reference value :  2.93266e-05
 Reference value :  2.93420e-05
 Reference value :  2.93658e-05
 Reference value :  2.93687e-05
 Reference value :  2.93911e-05
 Reference value :  2.94104e-05
 Reference value :  2.94283e-05
 Reference value :  2.94501e-05
 Reference value :  2.94615e-05
 Reference value :  2.94885e-05
 Reference value :  2.95031e-05
 Reference value :  2.95306e-05
 Reference value :  2.95389e-05
 Reference value :  2.95659e-05
 Reference value :  2.95780e-05
 Reference value :  2.95940e-05
 Reference value :  2.96165e-05
 Reference value :  2.96184e-05
 Reference value :  2.96403e-05
 Reference value :  2.96590e-05
 Reference value :  2.96753e-05
 Reference value :  2.96995e-05
 Reference value :  2.97081e-05
 Reference value :  2.97321e-05
 Reference value :  2.97462e-05
 Reference value :  2.97627e-05
 Reference value :  2.97834e-05
 Reference value :  2.97891e-05
 Reference value :  2.98121e-05
 Reference value :  2.98270e-05
 Reference value :  2.98440e-05
 Reference value :  2.98665e-05
 Reference value :  2.98722e-05
 Reference value :  2.98887e-05
 Reference value :  2.99085e-05
 Reference value :  2.99178e-05
 Reference value :  2.99403e-05
 Reference value :  2.99507e-05
 Reference value :  2.99606e-05
 Reference value :  2.99826e-05
 Reference value :  2.99952e-05
 Reference value :  3.00132e-05
 Reference value :  3.00334e-05
 Reference value :  3.00436e-05
 Reference value :  3.00666e-05
 Reference value :  3.00800e-05
 Reference value :  3.00995e-05
 Reference value :  3.01170e-05
 Reference value :  3.01247e-05
 Reference value :  3.01477e-05
 Reference value :  3.01603e-05
 Reference value :  3.01796e-05
 Reference value :  3.01995e-05
 Reference value :  3.02024e-05
 Reference value :  3.02244e-05
 Reference value :  3.02425e-05
 Reference value :  3.02504e-05
 Reference value :  3.02734e-05
 Reference value :  3.02843e-05
 Reference value :  3.02992e-05
 Reference value :  3.03227e-05
 Reference value :  3.03350e-05
 Reference value :  3.03505e-05
 Reference value :  3.03670e-05
 Reference value :  3.03814e-05
 Reference value :  3.04044e-05
 Reference value :  3.04168e-05
 Reference value :  3.04403e-05
 Reference value :  3.04512e-05
 Reference value :  3.04713e-05
 Reference value :  3.04922e-05
 Reference value :  3.05041e-05
 Reference value :  3.05276e-05
 Reference value :  3.05344e-05
 Reference value :  3.05487e-05
 Reference value :  3.05727e-05
 Reference value :  3.05825e-05
 Reference value :  3.06055e-05
 Reference value :  3.06175e-05
 Reference value :  3.06349e-05
 Reference value :  3.06579e-05
 Reference value :  3.06688e-05
 Reference value :  3.06923e-05
 Reference value :  3.07011e-05
 Reference value :  3.07222e-05
 Reference value :  3.07422e-05
 Reference value :  3.07542e-05
 Reference value :  3.07782e-05
 Reference value :  3.07846e-05
 Reference value :  3.08051e-05
 Reference value :  3.08256e-05
 Reference value :  3.08390e-05
 Reference value :  3.08645e-05
 Reference value :  3.08681e-05
 Reference value :  3.08888e-05
 Reference value :  3.09092e-05
 Reference value :  3.09188e-05
 Reference value :  3.09428e-05
 Reference value :  3.09513e-05
 Reference value :  3.09713e-05
 Reference value :  3.09922e-05
 Reference value :  3.10067e-05
 Reference value :  3.10307e-05
 Reference value :  3.10379e-05
 Reference value :  3.10624e-05
 Reference value :  3.10780e-05
 Reference value :  3.10970e-05
 Reference value :  3.11170e-05
 Reference value :  3.11289e-05
 Reference value :  3.11544e-05
 Reference value :  3.11664e-05
 Reference value :  3.11919e-05
 Reference value :  3.12011e-05
 Reference value :  3.12229e-05
 Reference value :  3.12429e-05
 Reference value :  3.12587e-05
 Reference value :  3.12832e-05
 Reference value :  3.12857e-05
 Reference value :  3.13107e-05
 Reference value :  3.13275e-05
 Reference value :  3.13505e-05
 Reference value :  3.13672e-05
 Reference value :  3.13855e-05
 Reference value :  3.14088e-05
 Reference value :  3.14253e-05
 Reference value :  3.14496e-05
 Reference value :  3.14578e-05
 Reference value :  3.14818e-05
 Reference value :  3.14948e-05
 Reference value :  3.15183e-05
 Reference value :  3.15339e-05
 Reference value :  3.15447e-05
 Reference value :  3.15712e-05
 Reference value :  3.15830e-05
 Reference value :  3.16095e-05
 Reference value :  3.16180e-05
 Reference value :  3.16365e-05
 Reference value :  3.16589e-05
 Reference value :  3.16738e-05
 Reference value :  3.16996e-05
 Reference value :  3.17049e-05
 Reference value :  3.17314e-05
 Reference value :  3.17467e-05
 Reference value :  3.17712e-05
 Reference value :  3.17844e-05
 Reference value :  3.18079e-05
 Reference value :  3.18270e-05
 Reference value :  3.18500e-05
 Reference value :  3.18668e-05
 Reference value :  3.18728e-05
 Reference value :  3.18998e-05
 Reference value :  3.19163e-05
 Reference value :  3.19383e-05
 Reference value :  3.19511e-05
 Reference value :  3.19705e-05
 Reference value :  3.19925e-05
 Reference value :  3.20097e-05
 Reference value :  3.20334e-05
 Reference value :  3.20458e-05
 Reference value :  3.20733e-05
 Reference value :  3.20890e-05
 Reference value :  3.21150e-05
 Reference value :  3.21219e-05
 Reference value :  3.21494e-05
 Reference value :  3.21649e-05
 Reference value :  3.21924e-05
 Reference value :  3.22012e-05
 Reference value :  3.22264e-05
 Reference value :  3.22439e-05
 Reference value :  3.22672e-05
 Reference value :  3.22839e-05
 Reference value :  3.22978e-05
 Reference value :  3.23245e-05
 Reference value :  3.23318e-05
 Reference value :  3.23583e-05
 Reference value :  3.23678e-05
 Reference value :  3.23917e-05
 Reference value :  3.24103e-05
 Reference value :  3.24261e-05
 Reference value :  3.24501e-05
 Reference value :  3.24612e-05
 Reference value :  3.24847e-05
 Reference value :  3.24955e-05
 Reference value :  3.25175e-05
 Reference value :  3.25336e-05
 Reference value :  3.25430e-05
 Reference value :  3.25670e-05
 Reference value :  3.25783e-05
 Reference value :  3.26001e-05
 Reference value :  3.26170e-05
 Reference value :  3.26298e-05
 Reference value :  3.26538e-05
 Reference value :  3.26637e-05
 Reference value :  3.26872e-05
 Reference value :  3.27007e-05
 Reference value :  3.27122e-05
 Reference value :  3.27367e-05
 Reference value :  3.27455e-05
 Reference value :  3.27675e-05
 Reference value :  3.27838e-05
 Reference value :  3.27932e-05
 Reference value :  3.28172e-05
 Reference value :  3.28279e-05
 Reference value :  3.28407e-05
 Reference value :  3.28652e-05
 Reference value :  3.28680e-05
 Reference value :  3.28852e-05
 Reference value :  3.29080e-05
 Reference value :  3.29179e-05
 Reference value :  3.29419e-05
 Reference value :  3.29512e-05
 Reference value :  3.29735e-05
 Reference value :  3.29923e-05
 Reference value :  3.30023e-05
 Reference value :  3.30258e-05
 Reference value :  3.30344e-05
 Reference value :  3.30552e-05
 Reference value :  3.30755e-05
 Reference value :  3.30871e-05
 Reference value :  3.31116e-05
 Reference value :  3.31180e-05
 Reference value :  3.31399e-05
 Reference value :  3.31580e-05
 Reference value :  3.31649e-05
 Reference value :  3.31899e-05
 Reference value :  3.32008e-05
 Reference value :  3.32178e-05
 Reference value :  3.32413e-05
 Reference value :  3.32517e-05
 Reference value :  3.32762e-05
No. of Data Rows : 74934

  Measurements for Transient Analysis

d9_c1               =  1.80001e+00
d8_c1               =  4.91565e-09
d7_c1               =  1.80000e+00
d6_c1               =  4.92533e-09
d5_c1               =  4.92546e-09
d4_c1               =  4.91894e-09
d3_c1               =  4.91832e-09
d2_c1               =  4.91776e-09
d1_c1               =  4.90420e-09
d0_c1               =  1.80000e+00
d9_c2               =  1.80001e+00
d8_c2               =  1.81245e-09
d7_c2               =  1.81411e-09
d6_c2               =  1.81034e-09
d5_c2               =  1.80623e-09
d4_c2               =  1.80000e+00
d3_c2               =  1.78351e-09
d2_c2               =  1.77401e-09
d1_c2               =  1.80994e-09
d0_c2               =  1.10803e-06
d9_c3               =  -3.38838e-07
d8_c3               =  1.80000e+00
d7_c3               =  1.80000e+00
d6_c3               =  1.52505e-07
d5_c3               =  1.68581e-07
d4_c3               =  1.90841e-07
d3_c3               =  2.23642e-07
d2_c3               =  1.80000e+00
d1_c3               =  3.75126e-07
d0_c3               =  1.80000e+00
d9_c4               =  2.81882e-07
d8_c4               =  1.80000e+00
d7_c4               =  1.80000e+00
d6_c4               =  1.80000e+00
d5_c4               =  1.70272e-07
d4_c4               =  1.92573e-07
d3_c4               =  2.25417e-07
d2_c4               =  2.78348e-07
d1_c4               =  3.77049e-07
d0_c4               =  6.22927e-07
d9_c5               =  1.80001e+00
d8_c5               =  2.01434e-09
d7_c5               =  2.01443e-09
d6_c5               =  1.80000e+00
d5_c5               =  1.80000e+00
d4_c5               =  1.99093e-09
d3_c5               =  1.98731e-09
d2_c5               =  1.97468e-09
d1_c5               =  1.80000e+00
d0_c5               =  1.10944e-06
d9_c6               =  1.80001e+00
d8_c6               =  2.18873e-09
d7_c6               =  2.18888e-09
d6_c6               =  1.80000e+00
d5_c6               =  1.80000e+00
d4_c6               =  2.16618e-09
d3_c6               =  2.16266e-09
d2_c6               =  1.80000e+00
d1_c6               =  1.80000e+00
d0_c6               =  1.13490e-06
d9_c7               =  2.95897e-07
d8_c7               =  1.80000e+00
d7_c7               =  1.80000e+00
d6_c7               =  1.80000e+00
d5_c7               =  1.69865e-07
d4_c7               =  1.92156e-07
d3_c7               =  2.24997e-07
d2_c7               =  1.80000e+00
d1_c7               =  1.80000e+00
d0_c7               =  6.22375e-07
d9_c8               =  -3.31603e-07
d8_c8               =  1.80000e+00
d7_c8               =  1.80000e+00
d6_c8               =  1.52741e-07
d5_c8               =  1.68816e-07
d4_c8               =  1.91076e-07
d3_c8               =  2.23864e-07
d2_c8               =  2.76705e-07
d1_c8               =  1.80000e+00
d0_c8               =  1.80000e+00
d9_c9               =  1.80001e+00
d8_c9               =  1.80000e+00
d7_c9               =  1.80000e+00
d6_c9               =  1.80000e+00
d5_c9               =  1.01261e-08
d4_c9               =  1.01253e-08
d3_c9               =  1.01134e-08
d2_c9               =  1.00673e-08
d1_c9               =  1.00890e-08
d0_c9               =  -1.04481e-06
d9_c10              =  1.80001e+00
d8_c10              =  2.25719e-09
d7_c10              =  1.80000e+00
d6_c10              =  2.25475e-09
d5_c10              =  2.24964e-09
d4_c10              =  2.23092e-09
d3_c10              =  2.22828e-09
d2_c10              =  2.21549e-09
d1_c10              =  2.20978e-09
d0_c10              =  1.09346e-06
d9_c11              =  1.80001e+00
d8_c11              =  7.05026e-09
d7_c11              =  7.05183e-09
d6_c11              =  7.04383e-09
d5_c11              =  1.80000e+00
d4_c11              =  7.04007e-09
d3_c11              =  1.80000e+00
d2_c11              =  7.04828e-09
d1_c11              =  7.03843e-09
d0_c11              =  1.80000e+00
d9_c12              =  2.93996e-07
d8_c12              =  1.80000e+00
d7_c12              =  1.80000e+00
d6_c12              =  1.53518e-07
d5_c12              =  1.69643e-07
d4_c12              =  1.80000e+00
d3_c12              =  2.24834e-07
d2_c12              =  2.77761e-07
d1_c12              =  3.76479e-07
d0_c12              =  6.21128e-07
d9_c13              =  -4.38950e-07
d8_c13              =  1.80000e+00
d7_c13              =  1.80000e+00
d6_c13              =  1.52502e-07
d5_c13              =  1.80000e+00
d4_c13              =  1.90893e-07
d3_c13              =  1.80000e+00
d2_c13              =  2.76508e-07
d1_c13              =  1.80000e+00
d0_c13              =  1.80000e+00
d9_c14              =  1.80001e+00
d8_c14              =  5.29266e-09
d7_c14              =  5.28671e-09
d6_c14              =  1.80000e+00
d5_c14              =  5.29391e-09
d4_c14              =  5.27999e-09
d3_c14              =  1.80000e+00
d2_c14              =  1.80000e+00
d1_c14              =  1.80000e+00
d0_c14              =  1.80000e+00
d9_c15              =  1.80001e+00
d8_c15              =  2.37798e-09
d7_c15              =  2.37820e-09
d6_c15              =  1.80000e+00
d5_c15              =  1.80000e+00
d4_c15              =  1.80000e+00
d3_c15              =  2.35116e-09
d2_c15              =  1.80000e+00
d1_c15              =  2.33568e-09
d0_c15              =  1.10496e-06
d9_c16              =  3.15683e-07
d8_c16              =  1.80000e+00
d7_c16              =  1.80000e+00
d6_c16              =  1.80000e+00
d5_c16              =  1.69904e-07
d4_c16              =  1.80000e+00
d3_c16              =  1.80000e+00
d2_c16              =  1.80000e+00
d1_c16              =  1.80000e+00
d0_c16              =  6.22150e-07
d9_c17              =  -4.22795e-07
d8_c17              =  1.80000e+00
d7_c17              =  1.40168e-07
d6_c17              =  1.80000e+00
d5_c17              =  1.80000e+00
d4_c17              =  1.80000e+00
d3_c17              =  1.80000e+00
d2_c17              =  1.80000e+00
d1_c17              =  1.80000e+00
d0_c17              =  1.80000e+00
d9_c18              =  2.98966e-07
d8_c18              =  1.80000e+00
d7_c18              =  1.80000e+00
d6_c18              =  1.80000e+00
d5_c18              =  1.80000e+00
d4_c18              =  1.80000e+00
d3_c18              =  2.26747e-07
d2_c18              =  2.79646e-07
d1_c18              =  3.78314e-07
d0_c18              =  6.24563e-07
d9_c19              =  1.80001e+00
d8_c19              =  4.66426e-09
d7_c19              =  4.65912e-09
d6_c19              =  1.80000e+00
d5_c19              =  1.80000e+00
d4_c19              =  1.80000e+00
d3_c19              =  1.80000e+00
d2_c19              =  4.64977e-09
d1_c19              =  1.80000e+00
d0_c19              =  1.80000e+00
d9_c20              =  1.80001e+00
d8_c20              =  2.31635e-09
d7_c20              =  2.31619e-09
d6_c20              =  1.80000e+00
d5_c20              =  2.31142e-09
d4_c20              =  2.29334e-09
d3_c20              =  2.29056e-09
d2_c20              =  2.27836e-09
d1_c20              =  2.27275e-09
d0_c20              =  1.06238e-06
d9_c21              =  3.05621e-07
d8_c21              =  1.80000e+00
d7_c21              =  1.80000e+00
d6_c21              =  1.53430e-07
d5_c21              =  1.69554e-07
d4_c21              =  1.80000e+00
d3_c21              =  1.80000e+00
d2_c21              =  1.80000e+00
d1_c21              =  1.80000e+00
d0_c21              =  6.20808e-07
d9_c22              =  3.04324e-07
d8_c22              =  1.80000e+00
d7_c22              =  1.80000e+00
d6_c22              =  1.53572e-07
d5_c22              =  1.69696e-07
d4_c22              =  1.80000e+00
d3_c22              =  1.80000e+00
d2_c22              =  2.77792e-07
d1_c22              =  1.80000e+00
d0_c22              =  6.21095e-07
d9_c23              =  1.80001e+00
d8_c23              =  2.44586e-09
d7_c23              =  2.44623e-09
d6_c23              =  2.44241e-09
d5_c23              =  1.80000e+00
d4_c23              =  1.80000e+00
d3_c23              =  1.80000e+00
d2_c23              =  2.41321e-09
d1_c23              =  1.80000e+00
d0_c23              =  1.08209e-06
d9_c24              =  1.80001e+00
d8_c24              =  4.73129e-09
d7_c24              =  4.72620e-09
d6_c24              =  1.80000e+00
d5_c24              =  1.80000e+00
d4_c24              =  1.80000e+00
d3_c24              =  1.80000e+00
d2_c24              =  1.80000e+00
d1_c24              =  4.71051e-09
d0_c24              =  1.80000e+00
d9_c25              =  -3.17531e-07
d8_c25              =  1.80000e+00
d7_c25              =  1.80000e+00
d6_c25              =  1.80000e+00
d5_c25              =  1.80000e+00
d4_c25              =  1.80000e+00
d3_c25              =  2.23622e-07
d2_c25              =  1.80000e+00
d1_c25              =  1.80000e+00
d0_c25              =  1.80000e+00
d9_c26              =  2.63774e-07
d8_c26              =  1.80000e+00
d7_c26              =  1.80000e+00
d6_c26              =  1.54297e-07
d5_c26              =  1.70412e-07
d4_c26              =  1.92731e-07
d3_c26              =  2.25583e-07
d2_c26              =  2.78526e-07
d1_c26              =  3.77242e-07
d0_c26              =  6.21791e-07
d9_c27              =  -4.09610e-07
d8_c27              =  1.80000e+00
d7_c27              =  1.80000e+00
d6_c27              =  1.80000e+00
d5_c27              =  1.69282e-07
d4_c27              =  1.80000e+00
d3_c27              =  2.24361e-07
d2_c27              =  1.80000e+00
d1_c27              =  1.80000e+00
d0_c27              =  1.80000e+00
d9_c28              =  1.80001e+00
d8_c28              =  2.73449e-09
d7_c28              =  2.73475e-09
d6_c28              =  1.80000e+00
d5_c28              =  1.80000e+00
d4_c28              =  1.80000e+00
d3_c28              =  2.70679e-09
d2_c28              =  2.69700e-09
d1_c28              =  2.69659e-09
d0_c28              =  1.03763e-06
d9_c29              =  1.80001e+00
d8_c29              =  5.36802e-09
d7_c29              =  5.36217e-09
d6_c29              =  1.80000e+00
d5_c29              =  5.36205e-09
d4_c29              =  1.80000e+00
d3_c29              =  5.35532e-09
d2_c29              =  1.80000e+00
d1_c29              =  5.34947e-09
d0_c29              =  1.80000e+00
d9_c30              =  -3.66184e-07
d8_c30              =  1.80000e+00
d7_c30              =  1.80000e+00
d6_c30              =  1.53275e-07
d5_c30              =  1.80000e+00
d4_c30              =  1.80000e+00
d3_c30              =  2.24460e-07
d2_c30              =  2.77292e-07
d1_c30              =  3.75957e-07
d0_c30              =  1.80000e+00
d9_c31              =  3.02408e-07
d8_c31              =  1.80000e+00
d7_c31              =  1.80000e+00
d6_c31              =  1.54047e-07
d5_c31              =  1.70159e-07
d4_c31              =  1.92484e-07
d3_c31              =  1.80000e+00
d2_c31              =  1.80000e+00
d1_c31              =  3.76993e-07
d0_c31              =  6.21399e-07
d9_c32              =  1.80001e+00
d8_c32              =  1.69514e-09
d7_c32              =  1.69659e-09
d6_c32              =  1.69192e-09
d5_c32              =  1.80000e+00
d4_c32              =  1.67812e-09
d3_c32              =  1.67807e-09
d2_c32              =  1.66396e-09
d1_c32              =  1.80000e+00
d0_c32              =  1.01381e-06
busy_c1_p0          =  1.80000e+00
smpl_c1_p0          =  -9.81519e-05
busy_c1_p1          =  1.80000e+00
smpl_c1_p1          =  4.13484e-06
busy_c1_p2          =  1.80000e+00
smpl_c1_p2          =  4.25332e-06
busy_c1_p3          =  1.80000e+00
smpl_c1_p3          =  4.14026e-06
busy_c1_p4          =  1.80000e+00
smpl_c1_p4          =  4.19963e-06
busy_c1_p5          =  1.80000e+00
smpl_c1_p5          =  4.23575e-06
busy_c1_p6          =  1.80000e+00
smpl_c1_p6          =  4.24654e-06
busy_c1_p7          =  1.80000e+00
smpl_c1_p7          =  4.26406e-06
busy_c1_p8          =  1.80000e+00
smpl_c1_p8          =  4.25767e-06
busy_c1_p9          =  1.80000e+00
smpl_c1_p9          =  4.25537e-06
busy_c1_p10         =  1.80000e+00
smpl_c1_p10         =  4.26321e-06
busy_c1_p11         =  -1.68522e-06
smpl_c1_p11         =  1.80004e+00
busy_c2_p0          =  1.80000e+00
smpl_c2_p0          =  -9.82096e-05
busy_c2_p1          =  1.80000e+00
smpl_c2_p1          =  4.15039e-06
busy_c2_p2          =  1.80000e+00
smpl_c2_p2          =  4.14676e-06
busy_c2_p3          =  1.80000e+00
smpl_c2_p3          =  4.21488e-06
busy_c2_p4          =  1.80000e+00
smpl_c2_p4          =  4.28618e-06
busy_c2_p5          =  1.80000e+00
smpl_c2_p5          =  4.32694e-06
busy_c2_p6          =  1.80000e+00
smpl_c2_p6          =  4.31283e-06
busy_c2_p7          =  1.80000e+00
smpl_c2_p7          =  4.32365e-06
busy_c2_p8          =  1.80000e+00
smpl_c2_p8          =  4.32626e-06
busy_c2_p9          =  1.80000e+00
smpl_c2_p9          =  4.32158e-06
busy_c2_p10         =  1.80000e+00
smpl_c2_p10         =  4.33131e-06
busy_c2_p11         =  6.24964e-07
smpl_c2_p11         =  1.80004e+00
busy_c3_p0          =  1.80000e+00
smpl_c3_p0          =  -9.83510e-05
busy_c3_p1          =  1.80000e+00
smpl_c3_p1          =  4.13247e-06
busy_c3_p2          =  1.80000e+00
smpl_c3_p2          =  4.23692e-06
busy_c3_p3          =  1.80000e+00
smpl_c3_p3          =  4.16482e-06
busy_c3_p4          =  1.80000e+00
smpl_c3_p4          =  4.20116e-06
busy_c3_p5          =  1.80000e+00
smpl_c3_p5          =  4.21932e-06
busy_c3_p6          =  1.80000e+00
smpl_c3_p6          =  4.22521e-06
busy_c3_p7          =  1.80000e+00
smpl_c3_p7          =  4.22527e-06
busy_c3_p8          =  1.80000e+00
smpl_c3_p8          =  4.22745e-06
busy_c3_p9          =  1.80000e+00
smpl_c3_p9          =  4.21492e-06
busy_c3_p10         =  1.80000e+00
smpl_c3_p10         =  4.23016e-06
busy_c3_p11         =  -1.37407e-06
smpl_c3_p11         =  1.80004e+00
busy_c4_p0          =  1.80000e+00
smpl_c4_p0          =  -9.83584e-05
busy_c4_p1          =  1.80000e+00
smpl_c4_p1          =  4.14143e-06
busy_c4_p2          =  1.80000e+00
smpl_c4_p2          =  4.14815e-06
busy_c4_p3          =  1.80000e+00
smpl_c4_p3          =  4.27926e-06
busy_c4_p4          =  1.80000e+00
smpl_c4_p4          =  4.23027e-06
busy_c4_p5          =  1.80000e+00
smpl_c4_p5          =  4.26125e-06
busy_c4_p6          =  1.80000e+00
smpl_c4_p6          =  4.27338e-06
busy_c4_p7          =  1.80000e+00
smpl_c4_p7          =  4.27226e-06
busy_c4_p8          =  1.80000e+00
smpl_c4_p8          =  4.27264e-06
busy_c4_p9          =  1.80000e+00
smpl_c4_p9          =  4.26054e-06
busy_c4_p10         =  1.80000e+00
smpl_c4_p10         =  4.27489e-06
busy_c4_p11         =  1.73818e-06
smpl_c4_p11         =  1.80004e+00
busy_c5_p0          =  1.80000e+00
smpl_c5_p0          =  -9.83986e-05
busy_c5_p1          =  1.80000e+00
smpl_c5_p1          =  4.12826e-06
busy_c5_p2          =  1.80000e+00
smpl_c5_p2          =  4.20373e-06
busy_c5_p3          =  1.80000e+00
smpl_c5_p3          =  4.21992e-06
busy_c5_p4          =  1.80000e+00
smpl_c5_p4          =  4.25783e-06
busy_c5_p5          =  1.80000e+00
smpl_c5_p5          =  4.23420e-06
busy_c5_p6          =  1.80000e+00
smpl_c5_p6          =  4.24153e-06
busy_c5_p7          =  1.80000e+00
smpl_c5_p7          =  4.25763e-06
busy_c5_p8          =  1.80000e+00
smpl_c5_p8          =  4.25088e-06
busy_c5_p9          =  1.80000e+00
smpl_c5_p9          =  4.26931e-06
busy_c5_p10         =  1.80000e+00
smpl_c5_p10         =  4.25626e-06
busy_c5_p11         =  4.00120e-06
smpl_c5_p11         =  1.80004e+00
busy_c6_p0          =  1.80000e+00
smpl_c6_p0          =  -9.84295e-05
busy_c6_p1          =  1.80000e+00
smpl_c6_p1          =  4.14379e-06
busy_c6_p2          =  1.80000e+00
smpl_c6_p2          =  4.21382e-06
busy_c6_p3          =  1.80000e+00
smpl_c6_p3          =  4.21010e-06
busy_c6_p4          =  1.80000e+00
smpl_c6_p4          =  4.25395e-06
busy_c6_p5          =  1.80000e+00
smpl_c6_p5          =  4.23996e-06
busy_c6_p6          =  1.80000e+00
smpl_c6_p6          =  4.24226e-06
busy_c6_p7          =  1.80000e+00
smpl_c6_p7          =  4.25561e-06
busy_c6_p8          =  1.80000e+00
smpl_c6_p8          =  4.25479e-06
busy_c6_p9          =  1.80000e+00
smpl_c6_p9          =  4.26859e-06
busy_c6_p10         =  1.80000e+00
smpl_c6_p10         =  4.25714e-06
busy_c6_p11         =  3.99153e-06
smpl_c6_p11         =  1.80004e+00
busy_c7_p0          =  1.80000e+00
smpl_c7_p0          =  -9.84300e-05
busy_c7_p1          =  1.80000e+00
smpl_c7_p1          =  4.15172e-06
busy_c7_p2          =  1.80000e+00
smpl_c7_p2          =  4.14800e-06
busy_c7_p3          =  1.80000e+00
smpl_c7_p3          =  4.28057e-06
busy_c7_p4          =  1.80000e+00
smpl_c7_p4          =  4.25122e-06
busy_c7_p5          =  1.80000e+00
smpl_c7_p5          =  4.27836e-06
busy_c7_p6          =  1.80000e+00
smpl_c7_p6          =  4.28373e-06
busy_c7_p7          =  1.80000e+00
smpl_c7_p7          =  4.27914e-06
busy_c7_p8          =  1.80000e+00
smpl_c7_p8          =  4.28210e-06
busy_c7_p9          =  1.80000e+00
smpl_c7_p9          =  4.27205e-06
busy_c7_p10         =  1.80000e+00
smpl_c7_p10         =  4.28237e-06
busy_c7_p11         =  -1.75105e-06
smpl_c7_p11         =  1.80004e+00
busy_c8_p0          =  1.80000e+00
smpl_c8_p0          =  -9.84774e-05
busy_c8_p1          =  1.80000e+00
smpl_c8_p1          =  4.13795e-06
busy_c8_p2          =  1.80000e+00
smpl_c8_p2          =  4.24597e-06
busy_c8_p3          =  1.80000e+00
smpl_c8_p3          =  4.16793e-06
busy_c8_p4          =  1.80000e+00
smpl_c8_p4          =  4.20123e-06
busy_c8_p5          =  1.80000e+00
smpl_c8_p5          =  4.22075e-06
busy_c8_p6          =  1.80000e+00
smpl_c8_p6          =  4.22866e-06
busy_c8_p7          =  1.80000e+00
smpl_c8_p7          =  4.22994e-06
busy_c8_p8          =  1.80000e+00
smpl_c8_p8          =  4.22809e-06
busy_c8_p9          =  1.80000e+00
smpl_c8_p9          =  4.24236e-06
busy_c8_p10         =  1.80000e+00
smpl_c8_p10         =  4.23413e-06
busy_c8_p11         =  1.75207e-06
smpl_c8_p11         =  1.80004e+00
busy_c9_p0          =  1.80000e+00
smpl_c9_p0          =  -9.83762e-05
busy_c9_p1          =  1.80000e+00
smpl_c9_p1          =  4.14272e-06
busy_c9_p2          =  1.80000e+00
smpl_c9_p2          =  4.15464e-06
busy_c9_p3          =  1.80000e+00
smpl_c9_p3          =  4.21215e-06
busy_c9_p4          =  1.80000e+00
smpl_c9_p4          =  4.28001e-06
busy_c9_p5          =  1.80000e+00
smpl_c9_p5          =  4.33397e-06
busy_c9_p6          =  1.80000e+00
smpl_c9_p6          =  6.83454e-06
busy_c9_p7          =  1.80000e+00
smpl_c9_p7          =  4.81779e-06
busy_c9_p8          =  1.80000e+00
smpl_c9_p8          =  4.58408e-06
busy_c9_p9          =  1.80000e+00
smpl_c9_p9          =  4.48609e-06
busy_c9_p10         =  1.80000e+00
smpl_c9_p10         =  4.40757e-06
busy_c9_p11         =  3.92149e-06
smpl_c9_p11         =  1.80004e+00
busy_c10_p0         =  1.80000e+00
smpl_c10_p0         =  -9.83882e-05
busy_c10_p1         =  1.80000e+00
smpl_c10_p1         =  4.14520e-06
busy_c10_p2         =  1.80000e+00
smpl_c10_p2         =  4.26323e-06
busy_c10_p3         =  1.80000e+00
smpl_c10_p3         =  4.15004e-06
busy_c10_p4         =  1.80000e+00
smpl_c10_p4         =  4.20872e-06
busy_c10_p5         =  1.80000e+00
smpl_c10_p5         =  4.24523e-06
busy_c10_p6         =  1.80000e+00
smpl_c10_p6         =  4.25685e-06
busy_c10_p7         =  1.80000e+00
smpl_c10_p7         =  4.27452e-06
busy_c10_p8         =  1.80000e+00
smpl_c10_p8         =  4.26854e-06
busy_c10_p9         =  1.80000e+00
smpl_c10_p9         =  4.26646e-06
busy_c10_p10        =  1.80000e+00
smpl_c10_p10        =  4.27525e-06
busy_c10_p11        =  6.64873e-07
smpl_c10_p11        =  1.80004e+00
busy_c11_p0         =  1.80000e+00
smpl_c11_p0         =  -9.85065e-05
busy_c11_p1         =  1.80000e+00
smpl_c11_p1         =  4.15772e-06
busy_c11_p2         =  1.80000e+00
smpl_c11_p2         =  4.15961e-06
busy_c11_p3         =  1.80000e+00
smpl_c11_p3         =  4.27124e-06
busy_c11_p4         =  1.80000e+00
smpl_c11_p4         =  4.29619e-06
busy_c11_p5         =  1.80000e+00
smpl_c11_p5         =  4.29829e-06
busy_c11_p6         =  1.80000e+00
smpl_c11_p6         =  4.29954e-06
busy_c11_p7         =  1.80000e+00
smpl_c11_p7         =  4.30761e-06
busy_c11_p8         =  1.80000e+00
smpl_c11_p8         =  4.30947e-06
busy_c11_p9         =  1.80000e+00
smpl_c11_p9         =  4.30423e-06
busy_c11_p10        =  1.80000e+00
smpl_c11_p10        =  4.30787e-06
busy_c11_p11        =  1.69728e-06
smpl_c11_p11        =  1.80004e+00
busy_c12_p0         =  1.80000e+00
smpl_c12_p0         =  -9.85814e-05
busy_c12_p1         =  1.80000e+00
smpl_c12_p1         =  4.14459e-06
busy_c12_p2         =  1.80000e+00
smpl_c12_p2         =  4.22831e-06
busy_c12_p3         =  1.80000e+00
smpl_c12_p3         =  4.19146e-06
busy_c12_p4         =  1.80000e+00
smpl_c12_p4         =  4.23877e-06
busy_c12_p5         =  1.80000e+00
smpl_c12_p5         =  4.24317e-06
busy_c12_p6         =  1.80000e+00
smpl_c12_p6         =  4.25051e-06
busy_c12_p7         =  1.80000e+00
smpl_c12_p7         =  4.24915e-06
busy_c12_p8         =  1.80000e+00
smpl_c12_p8         =  4.24823e-06
busy_c12_p9         =  1.80000e+00
smpl_c12_p9         =  4.23892e-06
busy_c12_p10        =  1.80000e+00
smpl_c12_p10        =  4.25247e-06
busy_c12_p11        =  -1.35145e-06
smpl_c12_p11        =  1.80004e+00
busy_c13_p0         =  1.80000e+00
smpl_c13_p0         =  -9.86058e-05
busy_c13_p1         =  1.80000e+00
smpl_c13_p1         =  4.14872e-06
busy_c13_p2         =  1.80000e+00
smpl_c13_p2         =  4.17932e-06
busy_c13_p3         =  1.80000e+00
smpl_c13_p3         =  4.25741e-06
busy_c13_p4         =  1.80000e+00
smpl_c13_p4         =  4.25783e-06
busy_c13_p5         =  1.80000e+00
smpl_c13_p5         =  4.26524e-06
busy_c13_p6         =  1.80000e+00
smpl_c13_p6         =  4.27297e-06
busy_c13_p7         =  1.80000e+00
smpl_c13_p7         =  4.27106e-06
busy_c13_p8         =  1.80000e+00
smpl_c13_p8         =  4.27423e-06
busy_c13_p9         =  1.80000e+00
smpl_c13_p9         =  4.28489e-06
busy_c13_p10        =  1.80000e+00
smpl_c13_p10        =  4.27682e-06
busy_c13_p11        =  3.00143e-06
smpl_c13_p11        =  1.80004e+00
busy_c14_p0         =  1.80000e+00
smpl_c14_p0         =  -9.85613e-05
busy_c14_p1         =  1.80000e+00
smpl_c14_p1         =  4.14087e-06
busy_c14_p2         =  1.80000e+00
smpl_c14_p2         =  4.18606e-06
busy_c14_p3         =  1.80000e+00
smpl_c14_p3         =  4.27710e-06
busy_c14_p4         =  1.80000e+00
smpl_c14_p4         =  4.25723e-06
busy_c14_p5         =  1.80000e+00
smpl_c14_p5         =  4.28276e-06
busy_c14_p6         =  1.80000e+00
smpl_c14_p6         =  4.27679e-06
busy_c14_p7         =  1.80000e+00
smpl_c14_p7         =  4.28668e-06
busy_c14_p8         =  1.80000e+00
smpl_c14_p8         =  4.29029e-06
busy_c14_p9         =  1.80000e+00
smpl_c14_p9         =  4.30461e-06
busy_c14_p10        =  1.80000e+00
smpl_c14_p10        =  4.28951e-06
busy_c14_p11        =  -3.55367e-06
smpl_c14_p11        =  1.80004e+00
busy_c15_p0         =  1.80000e+00
smpl_c15_p0         =  -9.86634e-05
busy_c15_p1         =  1.80000e+00
smpl_c15_p1         =  4.15240e-06
busy_c15_p2         =  1.80000e+00
smpl_c15_p2         =  4.25108e-06
busy_c15_p3         =  1.80000e+00
smpl_c15_p3         =  4.19432e-06
busy_c15_p4         =  1.80000e+00
smpl_c15_p4         =  4.23519e-06
busy_c15_p5         =  1.80000e+00
smpl_c15_p5         =  4.24741e-06
busy_c15_p6         =  1.80000e+00
smpl_c15_p6         =  4.24231e-06
busy_c15_p7         =  1.80000e+00
smpl_c15_p7         =  4.25115e-06
busy_c15_p8         =  1.80000e+00
smpl_c15_p8         =  4.24814e-06
busy_c15_p9         =  1.80000e+00
smpl_c15_p9         =  4.24035e-06
busy_c15_p10        =  1.80000e+00
smpl_c15_p10        =  4.25151e-06
busy_c15_p11        =  3.06061e-06
smpl_c15_p11        =  1.80004e+00
busy_c16_p0         =  1.80000e+00
smpl_c16_p0         =  -9.86182e-05
busy_c16_p1         =  1.80000e+00
smpl_c16_p1         =  4.16639e-06
busy_c16_p2         =  1.80000e+00
smpl_c16_p2         =  4.15207e-06
busy_c16_p3         =  1.80000e+00
smpl_c16_p3         =  4.24853e-06
busy_c16_p4         =  1.80000e+00
smpl_c16_p4         =  4.31184e-06
busy_c16_p5         =  1.80000e+00
smpl_c16_p5         =  4.28742e-06
busy_c16_p6         =  1.80000e+00
smpl_c16_p6         =  4.30476e-06
busy_c16_p7         =  1.80000e+00
smpl_c16_p7         =  4.31909e-06
busy_c16_p8         =  1.80000e+00
smpl_c16_p8         =  4.32439e-06
busy_c16_p9         =  1.80000e+00
smpl_c16_p9         =  4.31611e-06
busy_c16_p10        =  1.80000e+00
smpl_c16_p10        =  4.32241e-06
busy_c16_p11        =  -1.19149e-06
smpl_c16_p11        =  1.80004e+00
busy_c17_p0         =  1.80000e+00
smpl_c17_p0         =  -9.87111e-05
busy_c17_p1         =  1.80000e+00
smpl_c17_p1         =  4.14770e-06
busy_c17_p2         =  1.80000e+00
smpl_c17_p2         =  4.26151e-06
busy_c17_p3         =  1.80000e+00
smpl_c17_p3         =  4.15561e-06
busy_c17_p4         =  1.80000e+00
smpl_c17_p4         =  4.20439e-06
busy_c17_p5         =  1.80000e+00
smpl_c17_p5         =  4.24554e-06
busy_c17_p6         =  1.80000e+00
smpl_c17_p6         =  4.27563e-06
busy_c17_p7         =  1.80000e+00
smpl_c17_p7         =  4.27190e-06
busy_c17_p8         =  1.80000e+00
smpl_c17_p8         =  4.27588e-06
busy_c17_p9         =  1.80000e+00
smpl_c17_p9         =  4.28805e-06
busy_c17_p10        =  1.80000e+00
smpl_c17_p10        =  4.28183e-06
busy_c17_p11        =  2.71875e-08
smpl_c17_p11        =  1.80004e+00
busy_c18_p0         =  1.80000e+00
smpl_c18_p0         =  -9.86253e-05
busy_c18_p1         =  1.80000e+00
smpl_c18_p1         =  4.16505e-06
busy_c18_p2         =  1.80000e+00
smpl_c18_p2         =  4.15378e-06
busy_c18_p3         =  1.80000e+00
smpl_c18_p3         =  4.21782e-06
busy_c18_p4         =  1.80000e+00
smpl_c18_p4         =  4.30189e-06
busy_c18_p5         =  1.80000e+00
smpl_c18_p5         =  4.33369e-06
busy_c18_p6         =  1.80000e+00
smpl_c18_p6         =  4.34347e-06
busy_c18_p7         =  1.80000e+00
smpl_c18_p7         =  4.35006e-06
busy_c18_p8         =  1.80000e+00
smpl_c18_p8         =  4.35309e-06
busy_c18_p9         =  1.80000e+00
smpl_c18_p9         =  4.33997e-06
busy_c18_p10        =  1.80000e+00
smpl_c18_p10        =  4.35032e-06
busy_c18_p11        =  -3.38354e-06
smpl_c18_p11        =  1.80004e+00
busy_c19_p0         =  1.80000e+00
smpl_c19_p0         =  -9.87638e-05
busy_c19_p1         =  1.80000e+00
smpl_c19_p1         =  4.14160e-06
busy_c19_p2         =  1.80000e+00
smpl_c19_p2         =  4.26726e-06
busy_c19_p3         =  1.80000e+00
smpl_c19_p3         =  4.18902e-06
busy_c19_p4         =  1.80000e+00
smpl_c19_p4         =  4.22101e-06
busy_c19_p5         =  1.80000e+00
smpl_c19_p5         =  4.24032e-06
busy_c19_p6         =  1.80000e+00
smpl_c19_p6         =  4.24274e-06
busy_c19_p7         =  1.80000e+00
smpl_c19_p7         =  4.24444e-06
busy_c19_p8         =  1.80000e+00
smpl_c19_p8         =  4.24119e-06
busy_c19_p9         =  1.80000e+00
smpl_c19_p9         =  4.26174e-06
busy_c19_p10        =  1.80000e+00
smpl_c19_p10        =  4.24678e-06
busy_c19_p11        =  -1.08767e-06
smpl_c19_p11        =  1.80004e+00
busy_c20_p0         =  1.80000e+00
smpl_c20_p0         =  -9.87747e-05
busy_c20_p1         =  1.80000e+00
smpl_c20_p1         =  4.16508e-06
busy_c20_p2         =  1.80000e+00
smpl_c20_p2         =  4.17950e-06
busy_c20_p3         =  1.80000e+00
smpl_c20_p3         =  4.30557e-06
busy_c20_p4         =  1.80000e+00
smpl_c20_p4         =  4.23632e-06
busy_c20_p5         =  1.80000e+00
smpl_c20_p5         =  4.28184e-06
busy_c20_p6         =  1.80000e+00
smpl_c20_p6         =  4.29145e-06
busy_c20_p7         =  1.80000e+00
smpl_c20_p7         =  4.30889e-06
busy_c20_p8         =  1.80000e+00
smpl_c20_p8         =  4.31036e-06
busy_c20_p9         =  1.80000e+00
smpl_c20_p9         =  4.30502e-06
busy_c20_p10        =  1.80000e+00
smpl_c20_p10        =  4.31184e-06
busy_c20_p11        =  6.12525e-07
smpl_c20_p11        =  1.80004e+00
busy_c21_p0         =  1.80000e+00
smpl_c21_p0         =  -9.88186e-05
busy_c21_p1         =  1.80000e+00
smpl_c21_p1         =  4.15696e-06
busy_c21_p2         =  1.80000e+00
smpl_c21_p2         =  4.20935e-06
busy_c21_p3         =  1.80000e+00
smpl_c21_p3         =  4.23384e-06
busy_c21_p4         =  1.80000e+00
smpl_c21_p4         =  4.27261e-06
busy_c21_p5         =  1.80000e+00
smpl_c21_p5         =  4.24604e-06
busy_c21_p6         =  1.80000e+00
smpl_c21_p6         =  4.27153e-06
busy_c21_p7         =  1.80000e+00
smpl_c21_p7         =  4.26593e-06
busy_c21_p8         =  1.80000e+00
smpl_c21_p8         =  4.26885e-06
busy_c21_p9         =  1.80000e+00
smpl_c21_p9         =  4.28125e-06
busy_c21_p10        =  1.80000e+00
smpl_c21_p10        =  4.27524e-06
busy_c21_p11        =  -1.53009e-06
smpl_c21_p11        =  1.80004e+00
busy_c22_p0         =  1.80000e+00
smpl_c22_p0         =  -9.88413e-05
busy_c22_p1         =  1.80000e+00
smpl_c22_p1         =  4.15669e-06
busy_c22_p2         =  1.80000e+00
smpl_c22_p2         =  4.21953e-06
busy_c22_p3         =  1.80000e+00
smpl_c22_p3         =  4.22378e-06
busy_c22_p4         =  1.80000e+00
smpl_c22_p4         =  4.26949e-06
busy_c22_p5         =  1.80000e+00
smpl_c22_p5         =  4.25260e-06
busy_c22_p6         =  1.80000e+00
smpl_c22_p6         =  4.27286e-06
busy_c22_p7         =  1.80000e+00
smpl_c22_p7         =  4.26490e-06
busy_c22_p8         =  1.80000e+00
smpl_c22_p8         =  4.26873e-06
busy_c22_p9         =  1.80000e+00
smpl_c22_p9         =  4.28005e-06
busy_c22_p10        =  1.80000e+00
smpl_c22_p10        =  4.27303e-06
busy_c22_p11        =  3.20196e-06
smpl_c22_p11        =  1.80004e+00
busy_c23_p0         =  1.80000e+00
smpl_c23_p0         =  -9.87772e-05
busy_c23_p1         =  1.80000e+00
smpl_c23_p1         =  4.15353e-06
busy_c23_p2         =  1.80000e+00
smpl_c23_p2         =  4.17917e-06
busy_c23_p3         =  1.80000e+00
smpl_c23_p3         =  4.30803e-06
busy_c23_p4         =  1.80000e+00
smpl_c23_p4         =  4.27856e-06
busy_c23_p5         =  1.80000e+00
smpl_c23_p5         =  4.30250e-06
busy_c23_p6         =  1.80000e+00
smpl_c23_p6         =  4.30162e-06
busy_c23_p7         =  1.80000e+00
smpl_c23_p7         =  4.30025e-06
busy_c23_p8         =  1.80000e+00
smpl_c23_p8         =  4.30225e-06
busy_c23_p9         =  1.80000e+00
smpl_c23_p9         =  4.31852e-06
busy_c23_p10        =  1.80000e+00
smpl_c23_p10        =  4.30688e-06
busy_c23_p11        =  -1.57605e-06
smpl_c23_p11        =  1.80004e+00
busy_c24_p0         =  1.80000e+00
smpl_c24_p0         =  -9.87568e-05
busy_c24_p1         =  1.80000e+00
smpl_c24_p1         =  4.16149e-06
busy_c24_p2         =  1.80000e+00
smpl_c24_p2         =  4.27592e-06
busy_c24_p3         =  1.80000e+00
smpl_c24_p3         =  4.19211e-06
busy_c24_p4         =  1.80000e+00
smpl_c24_p4         =  4.22095e-06
busy_c24_p5         =  1.80000e+00
smpl_c24_p5         =  4.24134e-06
busy_c24_p6         =  1.80000e+00
smpl_c24_p6         =  4.24584e-06
busy_c24_p7         =  1.80000e+00
smpl_c24_p7         =  4.24880e-06
busy_c24_p8         =  1.80000e+00
smpl_c24_p8         =  4.24970e-06
busy_c24_p9         =  1.80000e+00
smpl_c24_p9         =  4.24144e-06
busy_c24_p10        =  1.80000e+00
smpl_c24_p10        =  4.25045e-06
busy_c24_p11        =  1.44560e-06
smpl_c24_p11        =  1.80004e+00
busy_c25_p0         =  1.80000e+00
smpl_c25_p0         =  -9.87918e-05
busy_c25_p1         =  1.80000e+00
smpl_c25_p1         =  4.18153e-06
busy_c25_p2         =  1.80000e+00
smpl_c25_p2         =  4.16212e-06
busy_c25_p3         =  1.80000e+00
smpl_c25_p3         =  4.21622e-06
busy_c25_p4         =  1.80000e+00
smpl_c25_p4         =  4.29510e-06
busy_c25_p5         =  1.80000e+00
smpl_c25_p5         =  4.33955e-06
busy_c25_p6         =  1.80000e+00
smpl_c25_p6         =  4.35821e-06
busy_c25_p7         =  1.80000e+00
smpl_c25_p7         =  4.35928e-06
busy_c25_p8         =  1.80000e+00
smpl_c25_p8         =  4.36698e-06
busy_c25_p9         =  1.80000e+00
smpl_c25_p9         =  4.36015e-06
busy_c25_p10        =  1.80000e+00
smpl_c25_p10        =  4.36961e-06
busy_c25_p11        =  4.57508e-08
smpl_c25_p11        =  1.80004e+00
busy_c26_p0         =  1.80000e+00
smpl_c26_p0         =  -9.89488e-05
busy_c26_p1         =  1.80000e+00
smpl_c26_p1         =  4.15813e-06
busy_c26_p2         =  1.80000e+00
smpl_c26_p2         =  4.27148e-06
busy_c26_p3         =  1.80000e+00
smpl_c26_p3         =  4.18485e-06
busy_c26_p4         =  1.80000e+00
smpl_c26_p4         =  4.21280e-06
busy_c26_p5         =  1.80000e+00
smpl_c26_p5         =  4.23354e-06
busy_c26_p6         =  1.80000e+00
smpl_c26_p6         =  4.24429e-06
busy_c26_p7         =  1.80000e+00
smpl_c26_p7         =  4.24752e-06
busy_c26_p8         =  1.80000e+00
smpl_c26_p8         =  4.24658e-06
busy_c26_p9         =  1.80000e+00
smpl_c26_p9         =  4.23689e-06
busy_c26_p10        =  1.80000e+00
smpl_c26_p10        =  4.25094e-06
busy_c26_p11        =  -1.37741e-06
smpl_c26_p11        =  1.80004e+00
busy_c27_p0         =  1.80000e+00
smpl_c27_p0         =  -9.89203e-05
busy_c27_p1         =  1.80000e+00
smpl_c27_p1         =  4.17116e-06
busy_c27_p2         =  1.80000e+00
smpl_c27_p2         =  4.16587e-06
busy_c27_p3         =  1.80000e+00
smpl_c27_p3         =  4.27676e-06
busy_c27_p4         =  1.80000e+00
smpl_c27_p4         =  4.31607e-06
busy_c27_p5         =  1.80000e+00
smpl_c27_p5         =  4.30971e-06
busy_c27_p6         =  1.80000e+00
smpl_c27_p6         =  4.33401e-06
busy_c27_p7         =  1.80000e+00
smpl_c27_p7         =  4.32241e-06
busy_c27_p8         =  1.80000e+00
smpl_c27_p8         =  4.32074e-06
busy_c27_p9         =  1.80000e+00
smpl_c27_p9         =  4.31867e-06
busy_c27_p10        =  1.80000e+00
smpl_c27_p10        =  4.32901e-06
busy_c27_p11        =  5.76212e-07
smpl_c27_p11        =  1.80004e+00
busy_c28_p0         =  1.80000e+00
smpl_c28_p0         =  -9.90017e-05
busy_c28_p1         =  1.80000e+00
smpl_c28_p1         =  4.15328e-06
busy_c28_p2         =  1.80000e+00
smpl_c28_p2         =  4.25938e-06
busy_c28_p3         =  1.80000e+00
smpl_c28_p3         =  4.21503e-06
busy_c28_p4         =  1.80000e+00
smpl_c28_p4         =  4.25922e-06
busy_c28_p5         =  1.80000e+00
smpl_c28_p5         =  4.26592e-06
busy_c28_p6         =  1.80000e+00
smpl_c28_p6         =  4.25696e-06
busy_c28_p7         =  1.80000e+00
smpl_c28_p7         =  4.26787e-06
busy_c28_p8         =  1.80000e+00
smpl_c28_p8         =  4.26096e-06
busy_c28_p9         =  1.80000e+00
smpl_c28_p9         =  4.25939e-06
busy_c28_p10        =  1.80000e+00
smpl_c28_p10        =  4.26592e-06
busy_c28_p11        =  5.82279e-07
smpl_c28_p11        =  1.80004e+00
busy_c29_p0         =  1.80000e+00
smpl_c29_p0         =  -9.90235e-05
busy_c29_p1         =  1.80000e+00
smpl_c29_p1         =  4.17240e-06
busy_c29_p2         =  1.80000e+00
smpl_c29_p2         =  4.21042e-06
busy_c29_p3         =  1.80000e+00
smpl_c29_p3         =  4.28068e-06
busy_c29_p4         =  1.80000e+00
smpl_c29_p4         =  4.28260e-06
busy_c29_p5         =  1.80000e+00
smpl_c29_p5         =  4.28474e-06
busy_c29_p6         =  1.80000e+00
smpl_c29_p6         =  4.29184e-06
busy_c29_p7         =  1.80000e+00
smpl_c29_p7         =  4.29844e-06
busy_c29_p8         =  1.80000e+00
smpl_c29_p8         =  4.29784e-06
busy_c29_p9         =  1.80000e+00
smpl_c29_p9         =  4.29041e-06
busy_c29_p10        =  1.80000e+00
smpl_c29_p10        =  4.29712e-06
busy_c29_p11        =  -2.01130e-06
smpl_c29_p11        =  1.80004e+00
busy_c30_p0         =  1.80000e+00
smpl_c30_p0         =  -9.90470e-05
busy_c30_p1         =  1.80000e+00
smpl_c30_p1         =  4.16980e-06
busy_c30_p2         =  1.80000e+00
smpl_c30_p2         =  4.19199e-06
busy_c30_p3         =  1.80000e+00
smpl_c30_p3         =  4.29113e-06
busy_c30_p4         =  1.80000e+00
smpl_c30_p4         =  4.26922e-06
busy_c30_p5         =  1.80000e+00
smpl_c30_p5         =  4.29024e-06
busy_c30_p6         =  1.80000e+00
smpl_c30_p6         =  4.31009e-06
busy_c30_p7         =  1.80000e+00
smpl_c30_p7         =  4.30560e-06
busy_c30_p8         =  1.80000e+00
smpl_c30_p8         =  4.30472e-06
busy_c30_p9         =  1.80000e+00
smpl_c30_p9         =  4.29563e-06
busy_c30_p10        =  1.80000e+00
smpl_c30_p10        =  4.30641e-06
busy_c30_p11        =  -2.14739e-06
smpl_c30_p11        =  1.80004e+00
busy_c31_p0         =  1.80000e+00
smpl_c31_p0         =  -9.90755e-05
busy_c31_p1         =  1.80000e+00
smpl_c31_p1         =  4.16551e-06
busy_c31_p2         =  1.80000e+00
smpl_c31_p2         =  4.25770e-06
busy_c31_p3         =  1.80000e+00
smpl_c31_p3         =  4.20765e-06
busy_c31_p4         =  1.80000e+00
smpl_c31_p4         =  4.25236e-06
busy_c31_p5         =  1.80000e+00
smpl_c31_p5         =  4.26273e-06
busy_c31_p6         =  1.80000e+00
smpl_c31_p6         =  4.26356e-06
busy_c31_p7         =  1.80000e+00
smpl_c31_p7         =  4.25811e-06
busy_c31_p8         =  1.80000e+00
smpl_c31_p8         =  4.26161e-06
busy_c31_p9         =  1.80000e+00
smpl_c31_p9         =  4.27585e-06
busy_c31_p10        =  1.80000e+00
smpl_c31_p10        =  4.26787e-06
busy_c31_p11        =  -1.04328e-06
smpl_c31_p11        =  1.80004e+00
busy_c32_p0         =  1.80000e+00
smpl_c32_p0         =  -9.90338e-05
busy_c32_p1         =  1.80000e+00
smpl_c32_p1         =  4.16688e-06
busy_c32_p2         =  1.80000e+00
smpl_c32_p2         =  4.18207e-06
busy_c32_p3         =  1.80000e+00
smpl_c32_p3         =  4.28187e-06
busy_c32_p4         =  1.80000e+00
smpl_c32_p4         =  4.33154e-06
busy_c32_p5         =  1.80000e+00
smpl_c32_p5         =  4.31436e-06
busy_c32_p6         =  1.80000e+00
smpl_c32_p6         =  4.32528e-06
busy_c32_p7         =  1.80000e+00
smpl_c32_p7         =  4.34216e-06
busy_c32_p8         =  1.80000e+00
smpl_c32_p8         =  4.34368e-06
busy_c32_p9         =  1.80000e+00
smpl_c32_p9         =  4.35778e-06
busy_c32_p10        =  1.80000e+00
smpl_c32_p10        =  4.34650e-06
busy_c32_p11        =  1.94185e-06
smpl_c32_p11        =  1.80004e+00


Total analysis time (seconds) = 236.224

Total elapsed time (seconds) = 238.844 

Total DRAM available = 15989.699 MB.
DRAM currently available = 9029.004 MB.
Maximum ngspice program size =  883.957 MB.
Current ngspice program size =  765.957 MB.

Shared ngspice pages =    9.664 MB.
Text (code) pages =    5.867 MB.
Stack = 0 bytes.
Library pages =  869.309 MB.

Note: Starting dynamic gmin stepping
Note: Dynamic gmin stepping completed
