
Note: Compatibility modes selected: hs a


Circuit: * sim/full-conversion-transient -- end-to-end full-conversion transient

option SCALE: Scale is set to 1e-06 for instance and model parameters
option SCALE: Scale is set to 1e-06 for instance and model parameters
option SCALE: Scale is set to 1e-06 for instance and model parameters
option SCALE: Scale is set to 1e-06 for instance and model parameters
Doing analysis at TEMP = 27.000000 and TNOM = 27.000000

Using KLU as Direct Linear Solver
 Reference value :  0.00000e+00
 Reference value :  8.64000e-09
 Reference value :  2.01500e-08
 Reference value :  2.62500e-08
 Reference value :  3.47500e-08
 Reference value :  4.32500e-08
 Reference value :  5.22500e-08
 Reference value :  6.12500e-08
 Reference value :  6.97500e-08
 Reference value :  7.92500e-08
 Reference value :  8.82500e-08
 Reference value :  9.67500e-08
 Reference value :  1.05250e-07
 Reference value :  1.14250e-07
 Reference value :  1.24250e-07
 Reference value :  1.35250e-07
 Reference value :  1.47750e-07
 Reference value :  1.61250e-07
 Reference value :  1.73750e-07
 Reference value :  1.85750e-07
 Reference value :  1.98250e-07
 Reference value :  2.00525e-07
 Reference value :  2.00997e-07
 Reference value :  2.05604e-07
 Reference value :  2.13104e-07
 Reference value :  2.22604e-07
 Reference value :  2.31604e-07
 Reference value :  2.40604e-07
 Reference value :  2.43106e-07
 Reference value :  2.44575e-07
 Reference value :  2.52465e-07
 Reference value :  2.61465e-07
 Reference value :  2.69965e-07
 Reference value :  2.79465e-07
 Reference value :  2.83421e-07
 Reference value :  2.84385e-07
 Reference value :  2.87782e-07
 Reference value :  2.95782e-07
 Reference value :  3.04782e-07
 Reference value :  3.13282e-07
 Reference value :  3.21782e-07
 Reference value :  3.26115e-07
 Reference value :  3.35396e-07
 Reference value :  3.45396e-07
 Reference value :  3.54396e-07
 Reference value :  3.64896e-07
 Reference value :  3.66549e-07
 Reference value :  3.67834e-07
 Reference value :  3.75630e-07
 Reference value :  3.84130e-07
 Reference value :  3.92630e-07
 Reference value :  4.01130e-07
 Reference value :  4.08183e-07
 Reference value :  4.10824e-07
 Reference value :  4.15055e-07
 Reference value :  4.23555e-07
 Reference value :  4.32555e-07
 Reference value :  4.42555e-07
 Reference value :  4.50087e-07
 Reference value :  4.50998e-07
 Reference value :  4.54491e-07
 Reference value :  4.62991e-07
 Reference value :  4.72991e-07
 Reference value :  4.82491e-07
 Reference value :  4.91167e-07
 Reference value :  4.93545e-07
 Reference value :  5.02489e-07
 Reference value :  5.07989e-07
 Reference value :  5.17989e-07
 Reference value :  5.27489e-07
 Reference value :  5.33421e-07
 Reference value :  5.34314e-07
 Reference value :  5.36957e-07
 Reference value :  5.44957e-07
 Reference value :  5.53957e-07
 Reference value :  5.62457e-07
 Reference value :  5.71457e-07
 Reference value :  5.75623e-07
 Reference value :  5.82418e-07
 Reference value :  5.91418e-07
 Reference value :  5.99918e-07
 Reference value :  6.09418e-07
 Reference value :  6.16517e-07
 Reference value :  6.16548e-07
 Reference value :  6.17711e-07
 Reference value :  6.26109e-07
 Reference value :  6.34609e-07
 Reference value :  6.43109e-07
 Reference value :  6.52109e-07
 Reference value :  6.58508e-07
 Reference value :  6.62179e-07
 Reference value :  6.70179e-07
 Reference value :  6.78679e-07
 Reference value :  6.87179e-07
 Reference value :  6.91679e-07
 Reference value :  6.99500e-07
 Reference value :  7.00500e-07
 Reference value :  7.01307e-07
 Reference value :  7.07439e-07
 Reference value :  7.15939e-07
 Reference value :  7.24439e-07
 Reference value :  7.32939e-07
 Reference value :  7.41167e-07
 Reference value :  7.44071e-07
 Reference value :  7.52571e-07
 Reference value :  7.61071e-07
 Reference value :  7.70071e-07
 Reference value :  7.78571e-07
 Reference value :  7.83418e-07
 Reference value :  7.84318e-07
 Reference value :  7.91926e-07
 Reference value :  8.00426e-07
 Reference value :  8.08926e-07
 Reference value :  8.17926e-07
 Reference value :  8.25175e-07
 Reference value :  8.28857e-07
 Reference value :  8.37357e-07
 Reference value :  8.46357e-07
 Reference value :  8.55357e-07
 Reference value :  8.64357e-07
 Reference value :  8.66751e-07
 Reference value :  8.67529e-07
 Reference value :  8.71074e-07
 Reference value :  8.80074e-07
 Reference value :  8.89574e-07
 Reference value :  8.98074e-07
 Reference value :  9.07983e-07
 Reference value :  9.11234e-07
 Reference value :  9.21234e-07
 Reference value :  9.29734e-07
 Reference value :  9.39234e-07
 Reference value :  9.48234e-07
 Reference value :  9.50048e-07
 Reference value :  9.50538e-07
 Reference value :  9.54198e-07
 Reference value :  9.63198e-07
 Reference value :  9.71698e-07
 Reference value :  9.80198e-07
 Reference value :  9.88698e-07
 Reference value :  9.92290e-07
 Reference value :  9.97526e-07
 Reference value :  1.00703e-06
 Reference value :  1.01553e-06
 Reference value :  1.02553e-06
 Reference value :  1.03338e-06
 Reference value :  1.03341e-06
 Reference value :  1.03388e-06
 Reference value :  1.03907e-06
 Reference value :  1.04857e-06
 Reference value :  1.05757e-06
 Reference value :  1.06657e-06
 Reference value :  1.07465e-06
 Reference value :  1.07690e-06
 Reference value :  1.08585e-06
 Reference value :  1.09485e-06
 Reference value :  1.10385e-06
 Reference value :  1.11285e-06
 Reference value :  1.11675e-06
 Reference value :  1.11733e-06
 Reference value :  1.11814e-06
 Reference value :  1.12702e-06
 Reference value :  1.13602e-06
 Reference value :  1.14502e-06
 Reference value :  1.15352e-06
 Reference value :  1.15887e-06
 Reference value :  1.16089e-06
 Reference value :  1.16974e-06
 Reference value :  1.17824e-06
 Reference value :  1.18724e-06
 Reference value :  1.19624e-06
 Reference value :  1.20008e-06
 Reference value :  1.20097e-06
 Reference value :  1.20646e-06
 Reference value :  1.21546e-06
 Reference value :  1.22546e-06
 Reference value :  1.23446e-06
 Reference value :  1.24184e-06
 Reference value :  1.24368e-06
 Reference value :  1.25006e-06
 Reference value :  1.25906e-06
 Reference value :  1.26856e-06
 Reference value :  1.27756e-06
 Reference value :  1.28322e-06
 Reference value :  1.28428e-06
 Reference value :  1.28625e-06
 Reference value :  1.29375e-06
 Reference value :  1.30275e-06
 Reference value :  1.31175e-06
 Reference value :  1.32075e-06
 Reference value :  1.32554e-06
 Reference value :  1.32972e-06
 Reference value :  1.33422e-06
 Reference value :  1.34322e-06
 Reference value :  1.35272e-06
 Reference value :  1.36222e-06
 Reference value :  1.36696e-06
 Reference value :  1.36787e-06
 Reference value :  1.37228e-06
 Reference value :  1.38228e-06
 Reference value :  1.39178e-06
 Reference value :  1.40178e-06
 Reference value :  1.40851e-06
 Reference value :  1.41480e-06
 Reference value :  1.42480e-06
 Reference value :  1.43630e-06
 Reference value :  1.44680e-06
 Reference value :  1.44988e-06
 Reference value :  1.45116e-06
 Reference value :  1.46045e-06
 Reference value :  1.47095e-06
 Reference value :  1.48045e-06
 Reference value :  1.48945e-06
 Reference value :  1.49312e-06
 Reference value :  1.50159e-06
 Reference value :  1.51059e-06
 Reference value :  1.51959e-06
 Reference value :  1.52859e-06
 Reference value :  1.53321e-06
 Reference value :  1.53424e-06
 Reference value :  1.54236e-06
 Reference value :  1.55086e-06
 Reference value :  1.55936e-06
 Reference value :  1.56836e-06
 Reference value :  1.57517e-06
 Reference value :  1.57832e-06
 Reference value :  1.58632e-06
 Reference value :  1.59082e-06
 Reference value :  1.59832e-06
 Reference value :  1.60682e-06
 Reference value :  1.61532e-06
 Reference value :  1.61696e-06
 Reference value :  1.61776e-06
 Reference value :  1.62079e-06
 Reference value :  1.62929e-06
 Reference value :  1.63779e-06
 Reference value :  1.64679e-06
 Reference value :  1.65629e-06
 Reference value :  1.65945e-06
 Reference value :  1.66569e-06
 Reference value :  1.67469e-06
 Reference value :  1.68319e-06
 Reference value :  1.69219e-06
 Reference value :  1.69819e-06
 Reference value :  1.70068e-06
 Reference value :  1.70189e-06
 Reference value :  1.70988e-06
 Reference value :  1.71888e-06
 Reference value :  1.72738e-06
 Reference value :  1.73588e-06
 Reference value :  1.74184e-06
 Reference value :  1.74657e-06
 Reference value :  1.75657e-06
 Reference value :  1.76557e-06
 Reference value :  1.77407e-06
 Reference value :  1.78245e-06
 Reference value :  1.78363e-06
 Reference value :  1.78556e-06
 Reference value :  1.79456e-06
 Reference value :  1.80306e-06
 Reference value :  1.81156e-06
 Reference value :  1.82006e-06
 Reference value :  1.82554e-06
 Reference value :  1.83140e-06
 Reference value :  1.84040e-06
 Reference value :  1.84890e-06
 Reference value :  1.85790e-06
 Reference value :  1.86622e-06
 Reference value :  1.86694e-06
 Reference value :  1.86842e-06
 Reference value :  1.87742e-06
 Reference value :  1.88742e-06
 Reference value :  1.89692e-06
 Reference value :  1.90642e-06
 Reference value :  1.90978e-06
 Reference value :  1.91669e-06
 Reference value :  1.92719e-06
 Reference value :  1.93719e-06
 Reference value :  1.94669e-06
 Reference value :  1.95000e-06
 Reference value :  1.95050e-06
 Reference value :  1.95161e-06
 Reference value :  1.96282e-06
 Reference value :  1.97582e-06
 Reference value :  1.98582e-06
 Reference value :  1.99184e-06
 Reference value :  1.99603e-06
 Reference value :  2.00453e-06
 Reference value :  2.01353e-06
 Reference value :  2.02203e-06
 Reference value :  2.03053e-06
 Reference value :  2.03338e-06
 Reference value :  2.03407e-06
 Reference value :  2.03961e-06
 Reference value :  2.04861e-06
 Reference value :  2.05711e-06
 Reference value :  2.06561e-06
 Reference value :  2.07450e-06
 Reference value :  2.07646e-06
 Reference value :  2.08284e-06
 Reference value :  2.09134e-06
 Reference value :  2.10084e-06
 Reference value :  2.10934e-06
 Reference value :  2.11632e-06
 Reference value :  2.11694e-06
 Reference value :  2.11766e-06
 Reference value :  2.12248e-06
 Reference value :  2.13098e-06
 Reference value :  2.13948e-06
 Reference value :  2.14848e-06
 Reference value :  2.15741e-06
 Reference value :  2.16004e-06
 Reference value :  2.16494e-06
 Reference value :  2.17394e-06
 Reference value :  2.18244e-06
 Reference value :  2.19094e-06
 Reference value :  2.19922e-06
 Reference value :  2.20050e-06
 Reference value :  2.20106e-06
 Reference value :  2.20658e-06
 Reference value :  2.21458e-06
 Reference value :  2.22308e-06
 Reference value :  2.23208e-06
 Reference value :  2.24087e-06
 Reference value :  2.24340e-06
 Reference value :  2.24584e-06
 Reference value :  2.25434e-06
 Reference value :  2.26334e-06
 Reference value :  2.27234e-06
 Reference value :  2.28134e-06
 Reference value :  2.28383e-06
 Reference value :  2.28456e-06
 Reference value :  2.29067e-06
 Reference value :  2.30267e-06
 Reference value :  2.31167e-06
 Reference value :  2.32067e-06
 Reference value :  2.32562e-06
 Reference value :  2.33031e-06
 Reference value :  2.33531e-06
 Reference value :  2.34331e-06
 Reference value :  2.35331e-06
 Reference value :  2.36181e-06
 Reference value :  2.36675e-06
 Reference value :  2.36771e-06
 Reference value :  2.37481e-06
 Reference value :  2.38381e-06
 Reference value :  2.39231e-06
 Reference value :  2.40131e-06
 Reference value :  2.40818e-06
 Reference value :  2.41166e-06
 Reference value :  2.41716e-06
 Reference value :  2.42416e-06
 Reference value :  2.43266e-06
 Reference value :  2.44216e-06
 Reference value :  2.44985e-06
 Reference value :  2.45069e-06
 Reference value :  2.45148e-06
 Reference value :  2.45707e-06
 Reference value :  2.46607e-06
 Reference value :  2.47507e-06
 Reference value :  2.48407e-06
 Reference value :  2.49184e-06
 Reference value :  2.49598e-06
 Reference value :  2.50198e-06
 Reference value :  2.51048e-06
 Reference value :  2.51948e-06
 Reference value :  2.52848e-06
 Reference value :  2.53342e-06
 Reference value :  2.53428e-06
 Reference value :  2.53997e-06
 Reference value :  2.54897e-06
 Reference value :  2.55797e-06
 Reference value :  2.56747e-06
 Reference value :  2.57517e-06
 Reference value :  2.57932e-06
 Reference value :  2.58582e-06
 Reference value :  2.59532e-06
 Reference value :  2.60432e-06
 Reference value :  2.61482e-06
 Reference value :  2.61675e-06
 Reference value :  2.61781e-06
 Reference value :  2.62531e-06
 Reference value :  2.63431e-06
 Reference value :  2.64481e-06
 Reference value :  2.65331e-06
 Reference value :  2.65896e-06
 Reference value :  2.66466e-06
 Reference value :  2.67066e-06
 Reference value :  2.68116e-06
 Reference value :  2.69016e-06
 Reference value :  2.69950e-06
 Reference value :  2.70050e-06
 Reference value :  2.70197e-06
 Reference value :  2.71097e-06
 Reference value :  2.72047e-06
 Reference value :  2.72947e-06
 Reference value :  2.73797e-06
 Reference value :  2.74278e-06
 Reference value :  2.74850e-06
 Reference value :  2.75300e-06
 Reference value :  2.76350e-06
 Reference value :  2.77350e-06
 Reference value :  2.78242e-06
 Reference value :  2.78383e-06
 Reference value :  2.78558e-06
 Reference value :  2.79558e-06
 Reference value :  2.80458e-06
 Reference value :  2.81308e-06
 Reference value :  2.82358e-06
 Reference value :  2.82689e-06
 Reference value :  2.83383e-06
 Reference value :  2.84083e-06
 Reference value :  2.85033e-06
 Reference value :  2.85933e-06
 Reference value :  2.86671e-06
 Reference value :  2.86758e-06
 Reference value :  2.87341e-06
 Reference value :  2.88241e-06
 Reference value :  2.89241e-06
 Reference value :  2.90241e-06
 Reference value :  2.90883e-06
 Reference value :  2.91317e-06
 Reference value :  2.91967e-06
 Reference value :  2.92867e-06
 Reference value :  2.93767e-06
 Reference value :  2.94717e-06
 Reference value :  2.95021e-06
 Reference value :  2.95090e-06
 Reference value :  2.95473e-06
 Reference value :  2.96423e-06
 Reference value :  2.97323e-06
 Reference value :  2.98173e-06
 Reference value :  2.99122e-06
 Reference value :  2.99355e-06
 Reference value :  3.00150e-06
 Reference value :  3.00950e-06
 Reference value :  3.01850e-06
 Reference value :  3.02900e-06
 Reference value :  3.03338e-06
 Reference value :  3.03372e-06
 Reference value :  3.03442e-06
 Reference value :  3.04175e-06
 Reference value :  3.05075e-06
 Reference value :  3.06125e-06
 Reference value :  3.07075e-06
 Reference value :  3.07555e-06
 Reference value :  3.07932e-06
 Reference value :  3.08482e-06
 Reference value :  3.09332e-06
 Reference value :  3.10232e-06
 Reference value :  3.11132e-06
 Reference value :  3.11675e-06
 Reference value :  3.11765e-06
 Reference value :  3.12442e-06
 Reference value :  3.13342e-06
 Reference value :  3.14242e-06
 Reference value :  3.15092e-06
 Reference value :  3.15851e-06
 Reference value :  3.16083e-06
 Reference value :  3.16412e-06
 Reference value :  3.17412e-06
 Reference value :  3.18262e-06
 Reference value :  3.19162e-06
 Reference value :  3.19965e-06
 Reference value :  3.20050e-06
 Reference value :  3.20097e-06
 Reference value :  3.20604e-06
 Reference value :  3.21354e-06
 Reference value :  3.22204e-06
 Reference value :  3.23104e-06
 Reference value :  3.23954e-06
 Reference value :  3.24278e-06
 Reference value :  3.24503e-06
 Reference value :  3.25055e-06
 Reference value :  3.25955e-06
 Reference value :  3.26805e-06
 Reference value :  3.27705e-06
 Reference value :  3.28342e-06
 Reference value :  3.28437e-06
 Reference value :  3.28778e-06
 Reference value :  3.29578e-06
 Reference value :  3.30478e-06
 Reference value :  3.31378e-06
 Reference value :  3.32228e-06
 Reference value :  3.32644e-06
 Reference value :  3.32744e-06
 Reference value :  3.33418e-06
 Reference value :  3.34268e-06
 Reference value :  3.35118e-06
 Reference value :  3.36018e-06
 Reference value :  3.36655e-06
 Reference value :  3.36759e-06
 Reference value :  3.37266e-06
 Reference value :  3.38116e-06
 Reference value :  3.39016e-06
 Reference value :  3.39866e-06
 Reference value :  3.40750e-06
 Reference value :  3.41010e-06
 Reference value :  3.41047e-06
 Reference value :  3.41685e-06
 Reference value :  3.42535e-06
 Reference value :  3.43385e-06
 Reference value :  3.44235e-06
 Reference value :  3.45009e-06
 Reference value :  3.45104e-06
 Reference value :  3.45759e-06
 Reference value :  3.46659e-06
 Reference value :  3.47559e-06
 Reference value :  3.48409e-06
 Reference value :  3.49132e-06
 Reference value :  3.49344e-06
 Reference value :  3.49381e-06
 Reference value :  3.50018e-06
 Reference value :  3.50868e-06
 Reference value :  3.51718e-06
 Reference value :  3.52618e-06
 Reference value :  3.53321e-06
 Reference value :  3.53426e-06
 Reference value :  3.53930e-06
 Reference value :  3.54780e-06
 Reference value :  3.55680e-06
 Reference value :  3.56580e-06
 Reference value :  3.57455e-06
 Reference value :  3.57679e-06
 Reference value :  3.57746e-06
 Reference value :  3.58465e-06
 Reference value :  3.59315e-06
 Reference value :  3.60215e-06
 Reference value :  3.61115e-06
 Reference value :  3.61675e-06
 Reference value :  3.61770e-06
 Reference value :  3.62474e-06
 Reference value :  3.63424e-06
 Reference value :  3.64274e-06
 Reference value :  3.65174e-06
 Reference value :  3.65818e-06
 Reference value :  3.66046e-06
 Reference value :  3.66489e-06
 Reference value :  3.67339e-06
 Reference value :  3.68239e-06
 Reference value :  3.69089e-06
 Reference value :  3.69919e-06
 Reference value :  3.70029e-06
 Reference value :  3.70122e-06
 Reference value :  3.70901e-06
 Reference value :  3.71751e-06
 Reference value :  3.72651e-06
 Reference value :  3.73551e-06
 Reference value :  3.74184e-06
 Reference value :  3.74417e-06
 Reference value :  3.75117e-06
 Reference value :  3.75967e-06
 Reference value :  3.76867e-06
 Reference value :  3.77767e-06
 Reference value :  3.78342e-06
 Reference value :  3.78460e-06
 Reference value :  3.79250e-06
 Reference value :  3.80200e-06
 Reference value :  3.81150e-06
 Reference value :  3.82000e-06
 Reference value :  3.82517e-06
 Reference value :  3.82748e-06
 Reference value :  3.83418e-06
 Reference value :  3.84268e-06
 Reference value :  3.85118e-06
 Reference value :  3.85968e-06
 Reference value :  3.86671e-06
 Reference value :  3.86694e-06
 Reference value :  3.86759e-06
 Reference value :  3.87240e-06
 Reference value :  3.88140e-06
 Reference value :  3.88990e-06
 Reference value :  3.89890e-06
 Reference value :  3.90737e-06
 Reference value :  3.91014e-06
 Reference value :  3.91082e-06
 Reference value :  3.91496e-06
 Reference value :  3.92346e-06
 Reference value :  3.93196e-06
 Reference value :  3.94046e-06
 Reference value :  3.94896e-06
 Reference value :  3.95032e-06
 Reference value :  3.95090e-06
 Reference value :  3.95472e-06
 Reference value :  3.96322e-06
 Reference value :  3.97172e-06
 Reference value :  3.98022e-06
 Reference value :  3.98872e-06
 Reference value :  3.99245e-06
 Reference value :  3.99388e-06
 Reference value :  3.99801e-06
 Reference value :  4.00651e-06
 Reference value :  4.01501e-06
 Reference value :  4.02401e-06
 Reference value :  4.03318e-06
 Reference value :  4.03361e-06
 Reference value :  4.03683e-06
 Reference value :  4.05083e-06
 Reference value :  4.06183e-06
 Reference value :  4.07383e-06
 Reference value :  4.07749e-06
 Reference value :  4.08482e-06
 Reference value :  4.09782e-06
 Reference value :  4.11132e-06
 Reference value :  4.11720e-06
 Reference value :  4.12093e-06
 Reference value :  4.13393e-06
 Reference value :  4.14643e-06
 Reference value :  4.15818e-06
 Reference value :  4.15982e-06
 Reference value :  4.16389e-06
 Reference value :  4.17639e-06
 Reference value :  4.18939e-06
 Reference value :  4.20008e-06
 Reference value :  4.20081e-06
 Reference value :  4.20686e-06
 Reference value :  4.21986e-06
 Reference value :  4.23236e-06
 Reference value :  4.24184e-06
 Reference value :  4.24316e-06
 Reference value :  4.24476e-06
 Reference value :  4.25271e-06
 Reference value :  4.26121e-06
 Reference value :  4.26971e-06
 Reference value :  4.28021e-06
 Reference value :  4.28386e-06
 Reference value :  4.28957e-06
 Reference value :  4.30407e-06
 Reference value :  4.31757e-06
 Reference value :  4.32645e-06
 Reference value :  4.33431e-06
 Reference value :  4.34481e-06
 Reference value :  4.35781e-06
 Reference value :  4.36675e-06
 Reference value :  4.36820e-06
 Reference value :  4.37907e-06
 Reference value :  4.39207e-06
 Reference value :  4.40157e-06
 Reference value :  4.40851e-06
 Reference value :  4.41216e-06
 Reference value :  4.41866e-06
 Reference value :  4.42716e-06
 Reference value :  4.43616e-06
 Reference value :  4.44516e-06
 Reference value :  4.45009e-06
 Reference value :  4.45121e-06
 Reference value :  4.45941e-06
 Reference value :  4.46791e-06
 Reference value :  4.47691e-06
 Reference value :  4.48641e-06
 Reference value :  4.49221e-06
 Reference value :  4.49698e-06
 Reference value :  4.50148e-06
 Reference value :  4.50898e-06
 Reference value :  4.51748e-06
 Reference value :  4.52598e-06
 Reference value :  4.53342e-06
 Reference value :  4.53430e-06
 Reference value :  4.53739e-06
 Reference value :  4.54639e-06
 Reference value :  4.55489e-06
 Reference value :  4.56339e-06
 Reference value :  4.57239e-06
 Reference value :  4.57612e-06
 Reference value :  4.58232e-06
 Reference value :  4.58632e-06
 Reference value :  4.59432e-06
 Reference value :  4.60332e-06
 Reference value :  4.61182e-06
 Reference value :  4.61675e-06
 Reference value :  4.61766e-06
 Reference value :  4.62001e-06
 Reference value :  4.62801e-06
 Reference value :  4.63701e-06
 Reference value :  4.64551e-06
 Reference value :  4.65401e-06
 Reference value :  4.65887e-06
 Reference value :  4.66316e-06
 Reference value :  4.66816e-06
 Reference value :  4.67516e-06
 Reference value :  4.68366e-06
 Reference value :  4.69266e-06
 Reference value :  4.70008e-06
 Reference value :  4.70096e-06
 Reference value :  4.70454e-06
 Reference value :  4.71354e-06
 Reference value :  4.72254e-06
 Reference value :  4.73104e-06
 Reference value :  4.74004e-06
 Reference value :  4.74312e-06
 Reference value :  4.74950e-06
 Reference value :  4.75300e-06
 Reference value :  4.76100e-06
 Reference value :  4.77150e-06
 Reference value :  4.78000e-06
 Reference value :  4.78342e-06
 Reference value :  4.78428e-06
 Reference value :  4.78542e-06
 Reference value :  4.79279e-06
 Reference value :  4.80129e-06
 Reference value :  4.81029e-06
 Reference value :  4.81929e-06
 Reference value :  4.82550e-06
 Reference value :  4.83033e-06
 Reference value :  4.83433e-06
 Reference value :  4.84133e-06
 Reference value :  4.85083e-06
 Reference value :  4.86033e-06
 Reference value :  4.86675e-06
 Reference value :  4.86757e-06
 Reference value :  4.86827e-06
 Reference value :  4.87482e-06
 Reference value :  4.88382e-06
 Reference value :  4.89282e-06
 Reference value :  4.90182e-06
 Reference value :  4.90851e-06
 Reference value :  4.91267e-06
 Reference value :  4.91817e-06
 Reference value :  4.92567e-06
 Reference value :  4.93467e-06
 Reference value :  4.94367e-06
 Reference value :  4.95004e-06
 Reference value :  4.95049e-06
 Reference value :  4.95102e-06
 Reference value :  4.95377e-06
 Reference value :  4.96227e-06
 Reference value :  4.97077e-06
 Reference value :  4.97927e-06
 Reference value :  4.98777e-06
 Reference value :  4.99229e-06
 Reference value :  4.99700e-06
 Reference value :  5.00250e-06
 Reference value :  5.01100e-06
 Reference value :  5.02000e-06
 Reference value :  5.02950e-06
 Reference value :  5.03342e-06
 Reference value :  5.03433e-06
 Reference value :  5.04121e-06
 Reference value :  5.05021e-06
 Reference value :  5.05921e-06
 Reference value :  5.06871e-06
 Reference value :  5.07517e-06
 Reference value :  5.07832e-06
 Reference value :  5.08482e-06
 Reference value :  5.09282e-06
 Reference value :  5.10132e-06
 Reference value :  5.11032e-06
 Reference value :  5.11655e-06
 Reference value :  5.11735e-06
 Reference value :  5.11792e-06
 Reference value :  5.12542e-06
 Reference value :  5.13442e-06
 Reference value :  5.14292e-06
 Reference value :  5.15192e-06
 Reference value :  5.15851e-06
 Reference value :  5.15981e-06
 Reference value :  5.16422e-06
 Reference value :  5.17322e-06
 Reference value :  5.18222e-06
 Reference value :  5.19072e-06
 Reference value :  5.19950e-06
 Reference value :  5.20050e-06
 Reference value :  5.20114e-06
 Reference value :  5.20832e-06
 Reference value :  5.21732e-06
 Reference value :  5.22632e-06
 Reference value :  5.23482e-06
 Reference value :  5.24184e-06
 Reference value :  5.24314e-06
 Reference value :  5.24324e-06
 Reference value :  5.24631e-06
 Reference value :  5.25481e-06
 Reference value :  5.26381e-06
 Reference value :  5.27231e-06
 Reference value :  5.28081e-06
 Reference value :  5.28342e-06
 Reference value :  5.28440e-06
 Reference value :  5.29124e-06
 Reference value :  5.30024e-06
 Reference value :  5.30924e-06
 Reference value :  5.31774e-06
 Reference value :  5.32517e-06
 Reference value :  5.32870e-06
 Reference value :  5.33420e-06
 Reference value :  5.34270e-06
 Reference value :  5.35170e-06
 Reference value :  5.36020e-06
 Reference value :  5.36675e-06
 Reference value :  5.36787e-06
 Reference value :  5.37554e-06
 Reference value :  5.38504e-06
 Reference value :  5.39404e-06
 Reference value :  5.40254e-06
 Reference value :  5.40851e-06
 Reference value :  5.41430e-06
 Reference value :  5.42280e-06
 Reference value :  5.43230e-06
 Reference value :  5.44130e-06
 Reference value :  5.44955e-06
 Reference value :  5.45059e-06
 Reference value :  5.45680e-06
 Reference value :  5.46580e-06
 Reference value :  5.47480e-06
 Reference value :  5.48380e-06
 Reference value :  5.49152e-06
 Reference value :  5.49624e-06
 Reference value :  5.50524e-06
 Reference value :  5.51474e-06
 Reference value :  5.52374e-06
 Reference value :  5.53253e-06
 Reference value :  5.53386e-06
 Reference value :  5.53962e-06
 Reference value :  5.54812e-06
 Reference value :  5.55712e-06
 Reference value :  5.56562e-06
 Reference value :  5.57406e-06
 Reference value :  5.57707e-06
 Reference value :  5.58557e-06
 Reference value :  5.59407e-06
 Reference value :  5.60307e-06
 Reference value :  5.61157e-06
 Reference value :  5.61677e-06
 Reference value :  5.62096e-06
 Reference value :  5.62996e-06
 Reference value :  5.63846e-06
 Reference value :  5.64696e-06
 Reference value :  5.65596e-06
 Reference value :  5.65945e-06
 Reference value :  5.66790e-06
 Reference value :  5.67790e-06
 Reference value :  5.68690e-06
 Reference value :  5.69640e-06
 Reference value :  5.70009e-06
 Reference value :  5.70311e-06
 Reference value :  5.71211e-06
 Reference value :  5.72111e-06
 Reference value :  5.73261e-06
 Reference value :  5.74117e-06
 Reference value :  5.74423e-06
 Reference value :  5.75473e-06
 Reference value :  5.76373e-06
 Reference value :  5.77323e-06
 Reference value :  5.78173e-06
 Reference value :  5.78363e-06
 Reference value :  5.78999e-06
 Reference value :  5.79899e-06
 Reference value :  5.80799e-06
 Reference value :  5.81699e-06
 Reference value :  5.82455e-06
 Reference value :  5.82856e-06
 Reference value :  5.83756e-06
 Reference value :  5.84656e-06
 Reference value :  5.85606e-06
 Reference value :  5.86506e-06
 Reference value :  5.86696e-06
 Reference value :  5.87117e-06
 Reference value :  5.88017e-06
 Reference value :  5.88917e-06
 Reference value :  5.89817e-06
 Reference value :  5.90750e-06
 Reference value :  5.91140e-06
 Reference value :  5.92290e-06
 Reference value :  5.93290e-06
 Reference value :  5.94590e-06
 Reference value :  5.95046e-06
 Reference value :  5.95521e-06
 Reference value :  5.96421e-06
 Reference value :  5.97321e-06
 Reference value :  5.98271e-06
 Reference value :  5.99122e-06
 Reference value :  5.99523e-06
 Reference value :  6.00473e-06
 Reference value :  6.01373e-06
 Reference value :  6.02273e-06
 Reference value :  6.03298e-06
 Reference value :  6.03407e-06
 Reference value :  6.04121e-06
 Reference value :  6.04971e-06
 Reference value :  6.05921e-06
 Reference value :  6.06821e-06
 Reference value :  6.07517e-06
 Reference value :  6.08360e-06
 Reference value :  6.09210e-06
 Reference value :  6.10460e-06
 Reference value :  6.11360e-06
 Reference value :  6.11675e-06
 Reference value :  6.11739e-06
 Reference value :  6.11893e-06
 Reference value :  6.12793e-06
 Reference value :  6.13693e-06
 Reference value :  6.14593e-06
 Reference value :  6.15443e-06
 Reference value :  6.15912e-06
 Reference value :  6.15981e-06
 Reference value :  6.15991e-06
 Reference value :  6.16346e-06
 Reference value :  6.17246e-06
 Reference value :  6.18146e-06
 Reference value :  6.19046e-06
 Reference value :  6.19923e-06
 Reference value :  6.20029e-06
 Reference value :  6.20114e-06
 Reference value :  6.20832e-06
 Reference value :  6.21732e-06
 Reference value :  6.22632e-06
 Reference value :  6.23532e-06
 Reference value :  6.24184e-06
 Reference value :  6.24314e-06
 Reference value :  6.24324e-06
 Reference value :  6.24631e-06
 Reference value :  6.25481e-06
 Reference value :  6.26331e-06
 Reference value :  6.27231e-06
 Reference value :  6.28131e-06
No. of Data Rows : 14151

  Measurements for Transient Analysis

d9_c1               =  -1.33779e-07
d8_c1               =  1.44875e-08
d7_c1               =  1.80000e+00
d6_c1               =  1.80000e+00
d5_c1               =  1.38112e-08
d4_c1               =  1.45964e-08
d3_c1               =  1.80000e+00
d2_c1               =  1.80000e+00
d1_c1               =  1.39158e-08
d0_c1               =  1.80000e+00
d9_c2               =  -1.06198e-06
d8_c2               =  1.80000e+00
d7_c2               =  2.12525e-08
d6_c2               =  1.80000e+00
d5_c2               =  1.80000e+00
d4_c2               =  1.80000e+00
d3_c2               =  1.80000e+00
d2_c2               =  1.80000e+00
d1_c2               =  1.80000e+00
d0_c2               =  1.80000e+00
d9_c3               =  -8.92325e-07
d8_c3               =  1.80000e+00
d7_c3               =  1.80000e+00
d6_c3               =  1.80000e+00
d5_c3               =  1.80000e+00
d4_c3               =  1.80000e+00
d3_c3               =  1.80000e+00
d2_c3               =  1.80000e+00
d1_c3               =  1.80000e+00
d0_c3               =  1.80000e+00
d9_c4               =  1.80001e+00
d8_c4               =  3.40246e-09
d7_c4               =  1.80000e+00
d6_c4               =  3.40474e-09
d5_c4               =  3.40698e-09
d4_c4               =  3.41204e-09
d3_c4               =  3.41259e-09
d2_c4               =  3.41297e-09
d1_c4               =  3.43291e-09
d0_c4               =  1.80000e+00
d9_c5               =  1.80001e+00
d8_c5               =  1.80000e+00
d7_c5               =  1.80000e+00
d6_c5               =  1.80000e+00
d5_c5               =  1.80000e+00
d4_c5               =  1.80000e+00
d3_c5               =  1.80000e+00
d2_c5               =  1.80000e+00
d1_c5               =  1.80000e+00
d0_c5               =  1.80000e+00
busy_c1_p0          =  1.80000e+00
smpl_c1_p0          =  -2.36020e-04
busy_c1_p1          =  1.80000e+00
smpl_c1_p1          =  -1.29185e-05
busy_c1_p2          =  1.80000e+00
smpl_c1_p2          =  -7.72918e-06
busy_c1_p3          =  1.80000e+00
smpl_c1_p3          =  -1.27648e-05
busy_c1_p4          =  1.80000e+00
smpl_c1_p4          =  -1.27554e-05
busy_c1_p5          =  1.80000e+00
smpl_c1_p5          =  -1.27694e-05
busy_c1_p6          =  1.80000e+00
smpl_c1_p6          =  -1.27889e-05
busy_c1_p7          =  1.80000e+00
smpl_c1_p7          =  -1.27843e-05
busy_c1_p8          =  1.80000e+00
smpl_c1_p8          =  -1.27643e-05
busy_c1_p9          =  1.80000e+00
smpl_c1_p9          =  -1.27792e-05
busy_c1_p10         =  1.80000e+00
smpl_c1_p10         =  -1.27769e-05
busy_c1_p11         =  -1.99663e-06
smpl_c1_p11         =  1.80010e+00
busy_c2_p0          =  1.80000e+00
smpl_c2_p0          =  -2.36065e-04
busy_c2_p1          =  1.80000e+00
smpl_c2_p1          =  -1.26431e-05
busy_c2_p2          =  1.80000e+00
smpl_c2_p2          =  -1.24965e-05
busy_c2_p3          =  1.80000e+00
smpl_c2_p3          =  -1.26415e-05
busy_c2_p4          =  1.80000e+00
smpl_c2_p4          =  -1.25709e-05
busy_c2_p5          =  1.80000e+00
smpl_c2_p5          =  -1.25107e-05
busy_c2_p6          =  1.80000e+00
smpl_c2_p6          =  -1.24883e-05
busy_c2_p7          =  1.80000e+00
smpl_c2_p7          =  -1.24684e-05
busy_c2_p8          =  1.80000e+00
smpl_c2_p8          =  -1.24618e-05
busy_c2_p9          =  1.80000e+00
smpl_c2_p9          =  -1.24689e-05
busy_c2_p10         =  1.80000e+00
smpl_c2_p10         =  -1.24699e-05
busy_c2_p11         =  -2.40661e-07
smpl_c2_p11         =  1.80010e+00
busy_c3_p0          =  1.80000e+00
smpl_c3_p0          =  -2.35919e-04
busy_c3_p1          =  1.80000e+00
smpl_c3_p1          =  -1.26157e-05
busy_c3_p2          =  1.80000e+00
smpl_c3_p2          =  -1.26304e-05
busy_c3_p3          =  1.80000e+00
smpl_c3_p3          =  -1.25777e-05
busy_c3_p4          =  1.80000e+00
smpl_c3_p4          =  -1.24691e-05
busy_c3_p5          =  1.80000e+00
smpl_c3_p5          =  -1.24040e-05
busy_c3_p6          =  1.80000e+00
smpl_c3_p6          =  -1.23689e-05
busy_c3_p7          =  1.80000e+00
smpl_c3_p7          =  -1.23496e-05
busy_c3_p8          =  1.80000e+00
smpl_c3_p8          =  -1.23384e-05
busy_c3_p9          =  1.80000e+00
smpl_c3_p9          =  -1.23444e-05
busy_c3_p10         =  1.80000e+00
smpl_c3_p10         =  -1.23398e-05
busy_c3_p11         =  -7.02505e-09
smpl_c3_p11         =  1.80010e+00
busy_c4_p0          =  1.80000e+00
smpl_c4_p0          =  -2.36353e-04
busy_c4_p1          =  1.80000e+00
smpl_c4_p1          =  -1.26491e-05
busy_c4_p2          =  1.80000e+00
smpl_c4_p2          =  -1.25022e-05
busy_c4_p3          =  1.80000e+00
smpl_c4_p3          =  -1.26456e-05
busy_c4_p4          =  1.80000e+00
smpl_c4_p4          =  -1.25594e-05
busy_c4_p5          =  1.80000e+00
smpl_c4_p5          =  -1.25137e-05
busy_c4_p6          =  1.80000e+00
smpl_c4_p6          =  -1.24866e-05
busy_c4_p7          =  1.80000e+00
smpl_c4_p7          =  -1.24765e-05
busy_c4_p8          =  1.80000e+00
smpl_c4_p8          =  -1.24720e-05
busy_c4_p9          =  1.80000e+00
smpl_c4_p9          =  -1.24758e-05
busy_c4_p10         =  1.80000e+00
smpl_c4_p10         =  -1.24747e-05
busy_c4_p11         =  2.04135e-06
smpl_c4_p11         =  1.80010e+00
busy_c5_p0          =  1.80000e+00
smpl_c5_p0          =  -2.36273e-04
busy_c5_p1          =  1.80000e+00
smpl_c5_p1          =  -1.29592e-05
busy_c5_p2          =  1.80000e+00
smpl_c5_p2          =  -7.78459e-06
busy_c5_p3          =  1.80000e+00
smpl_c5_p3          =  -6.63201e-06
busy_c5_p4          =  1.80000e+00
smpl_c5_p4          =  -7.52700e-06
busy_c5_p5          =  1.80000e+00
smpl_c5_p5          =  -8.77235e-06
busy_c5_p6          =  1.80000e+00
smpl_c5_p6          =  -9.96235e-06
busy_c5_p7          =  1.80000e+00
smpl_c5_p7          =  -1.08018e-05
busy_c5_p8          =  1.80000e+00
smpl_c5_p8          =  -1.13302e-05
busy_c5_p9          =  1.80000e+00
smpl_c5_p9          =  -1.16350e-05
busy_c5_p10         =  1.80000e+00
smpl_c5_p10         =  -1.18855e-05
busy_c5_p11         =  8.63703e-07
smpl_c5_p11         =  1.80010e+00
i_vdd               =  -2.06938e-06 from=  3.20000e-06 to=  4.20008e-06
i_vpwr              =  -7.20642e-06 from=  3.20000e-06 to=  4.20008e-06
i_vrefp             =  -6.48959e-06 from=  3.20000e-06 to=  4.20008e-06
i_vrefn             =  6.47813e-06 from=  3.20000e-06 to=  4.20008e-06
i_vcm               =  1.26790e-08 from=  3.20000e-06 to=  4.20008e-06


Total analysis time (seconds) = 339.53

Total elapsed time (seconds) = 384.594 

Total DRAM available = 98304.000 MB.
DRAM currently available = 26261.359 MB.
Maximum ngspice program size =  819.703 MB.
Current ngspice program size =  819.703 MB.

