
Note: Compatibility modes selected: hs a


Circuit: * sim/full-conversion-transient -- end-to-end full-conversion transient

option SCALE: Scale is set to 1e-06 for instance and model parameters
option SCALE: Scale is set to 1e-06 for instance and model parameters
option SCALE: Scale is set to 1e-06 for instance and model parameters
option SCALE: Scale is set to 1e-06 for instance and model parameters
Doing analysis at TEMP = 27.000000 and TNOM = 27.000000

Using KLU as Direct Linear Solver
 Reference value :  0.00000e+00
 Reference value :  1.01400e-08
 Reference value :  2.06750e-08
 Reference value :  2.77500e-08
 Reference value :  3.67500e-08
 Reference value :  4.52500e-08
 Reference value :  5.42500e-08
 Reference value :  6.27500e-08
 Reference value :  7.12500e-08
 Reference value :  7.97500e-08
 Reference value :  8.82500e-08
 Reference value :  9.67500e-08
 Reference value :  1.05250e-07
 Reference value :  1.19750e-07
 Reference value :  1.33250e-07
 Reference value :  1.45750e-07
 Reference value :  1.59250e-07
 Reference value :  1.71750e-07
 Reference value :  1.84250e-07
 Reference value :  1.96750e-07
 Reference value :  2.00317e-07
 Reference value :  2.00976e-07
 Reference value :  2.03970e-07
 Reference value :  2.12970e-07
 Reference value :  2.22470e-07
 Reference value :  2.30970e-07
 Reference value :  2.39470e-07
 Reference value :  2.42746e-07
 Reference value :  2.44265e-07
 Reference value :  2.52559e-07
 Reference value :  2.61059e-07
 Reference value :  2.70059e-07
 Reference value :  2.78559e-07
 Reference value :  2.83445e-07
 Reference value :  2.84078e-07
 Reference value :  2.85260e-07
 Reference value :  2.92296e-07
 Reference value :  3.01296e-07
 Reference value :  3.11796e-07
 Reference value :  3.21296e-07
 Reference value :  3.25545e-07
 Reference value :  3.30134e-07
 Reference value :  3.38634e-07
 Reference value :  3.48134e-07
 Reference value :  3.56634e-07
 Reference value :  3.65134e-07
 Reference value :  3.66979e-07
 Reference value :  3.68154e-07
 Reference value :  3.76131e-07
 Reference value :  3.84631e-07
 Reference value :  3.93131e-07
 Reference value :  4.01631e-07
 Reference value :  4.08508e-07
 Reference value :  4.10421e-07
 Reference value :  4.13870e-07
 Reference value :  4.20870e-07
 Reference value :  4.29370e-07
 Reference value :  4.37870e-07
 Reference value :  4.46370e-07
 Reference value :  4.50124e-07
 Reference value :  4.51222e-07
 Reference value :  4.54750e-07
 Reference value :  4.62750e-07
 Reference value :  4.70750e-07
 Reference value :  4.79250e-07
 Reference value :  4.87750e-07
 Reference value :  4.92167e-07
 Reference value :  4.95332e-07
 Reference value :  5.03832e-07
 Reference value :  5.12332e-07
 Reference value :  5.20832e-07
 Reference value :  5.29332e-07
 Reference value :  5.33457e-07
 Reference value :  5.34517e-07
 Reference value :  5.40468e-07
 Reference value :  5.48968e-07
 Reference value :  5.57468e-07
 Reference value :  5.65968e-07
 Reference value :  5.74234e-07
 Reference value :  5.76077e-07
 Reference value :  5.82104e-07
 Reference value :  5.89604e-07
 Reference value :  5.95604e-07
 Reference value :  6.04104e-07
 Reference value :  6.12604e-07
 Reference value :  6.16790e-07
 Reference value :  6.17883e-07
 Reference value :  6.21403e-07
 Reference value :  6.28903e-07
 Reference value :  6.37403e-07
 Reference value :  6.45903e-07
 Reference value :  6.54403e-07
 Reference value :  6.58833e-07
 Reference value :  6.61961e-07
 Reference value :  6.70961e-07
 Reference value :  6.78961e-07
 Reference value :  6.87461e-07
 Reference value :  6.95961e-07
 Reference value :  6.99550e-07
 Reference value :  7.00537e-07
 Reference value :  7.01488e-07
 Reference value :  7.06228e-07
 Reference value :  7.14228e-07
 Reference value :  7.22728e-07
 Reference value :  7.31228e-07
 Reference value :  7.39228e-07
 Reference value :  7.42480e-07
 Reference value :  7.46810e-07
 Reference value :  7.55310e-07
 Reference value :  7.63810e-07
 Reference value :  7.72310e-07
 Reference value :  7.81310e-07
 Reference value :  7.83626e-07
 Reference value :  7.84116e-07
 Reference value :  7.90294e-07
 Reference value :  7.98794e-07
 Reference value :  8.07294e-07
 Reference value :  8.15794e-07
 Reference value :  8.24500e-07
 Reference value :  8.26086e-07
 Reference value :  8.32634e-07
 Reference value :  8.41634e-07
 Reference value :  8.50134e-07
 Reference value :  8.58634e-07
 Reference value :  8.66317e-07
 Reference value :  8.67179e-07
 Reference value :  8.68130e-07
 Reference value :  8.78335e-07
 Reference value :  8.87835e-07
 Reference value :  8.96335e-07
 Reference value :  9.05835e-07
 Reference value :  9.09146e-07
 Reference value :  9.13964e-07
 Reference value :  9.23964e-07
 Reference value :  9.32964e-07
 Reference value :  9.41964e-07
 Reference value :  9.49550e-07
 Reference value :  9.50666e-07
 Reference value :  9.55503e-07
 Reference value :  9.64503e-07
 Reference value :  9.73503e-07
 Reference value :  9.82003e-07
 Reference value :  9.90503e-07
 Reference value :  9.92751e-07
 Reference value :  9.99296e-07
 Reference value :  1.00880e-06
 Reference value :  1.01730e-06
 Reference value :  1.02580e-06
 Reference value :  1.03283e-06
 Reference value :  1.03408e-06
 Reference value :  1.03692e-06
 Reference value :  1.04592e-06
 Reference value :  1.05542e-06
 Reference value :  1.06442e-06
 Reference value :  1.07292e-06
 Reference value :  1.07608e-06
 Reference value :  1.08263e-06
 Reference value :  1.09113e-06
 Reference value :  1.10013e-06
 Reference value :  1.10913e-06
 Reference value :  1.11652e-06
 Reference value :  1.11737e-06
 Reference value :  1.11883e-06
 Reference value :  1.12733e-06
 Reference value :  1.13833e-06
 Reference value :  1.14733e-06
 Reference value :  1.15818e-06
 Reference value :  1.16020e-06
 Reference value :  1.16789e-06
 Reference value :  1.18089e-06
 Reference value :  1.19039e-06
 Reference value :  1.19950e-06
 Reference value :  1.20053e-06
 Reference value :  1.20125e-06
 Reference value :  1.20658e-06
 Reference value :  1.21408e-06
 Reference value :  1.22458e-06
 Reference value :  1.23358e-06
 Reference value :  1.24122e-06
 Reference value :  1.24356e-06
 Reference value :  1.24979e-06
 Reference value :  1.25929e-06
 Reference value :  1.26779e-06
 Reference value :  1.27929e-06
 Reference value :  1.28364e-06
 Reference value :  1.28440e-06
 Reference value :  1.28633e-06
 Reference value :  1.29483e-06
 Reference value :  1.30333e-06
 Reference value :  1.31183e-06
 Reference value :  1.32083e-06
 Reference value :  1.32550e-06
 Reference value :  1.32849e-06
 Reference value :  1.33549e-06
 Reference value :  1.34249e-06
 Reference value :  1.35099e-06
 Reference value :  1.35999e-06
 Reference value :  1.36679e-06
 Reference value :  1.36788e-06
 Reference value :  1.37390e-06
 Reference value :  1.38290e-06
 Reference value :  1.39690e-06
 Reference value :  1.40851e-06
 Reference value :  1.42039e-06
 Reference value :  1.43439e-06
 Reference value :  1.44985e-06
 Reference value :  1.45099e-06
 Reference value :  1.45898e-06
 Reference value :  1.46748e-06
 Reference value :  1.47698e-06
 Reference value :  1.48548e-06
 Reference value :  1.49184e-06
 Reference value :  1.49640e-06
 Reference value :  1.50490e-06
 Reference value :  1.51490e-06
 Reference value :  1.52390e-06
 Reference value :  1.53283e-06
 Reference value :  1.53383e-06
 Reference value :  1.53626e-06
 Reference value :  1.54476e-06
 Reference value :  1.55376e-06
 Reference value :  1.56326e-06
 Reference value :  1.57176e-06
 Reference value :  1.57563e-06
 Reference value :  1.58063e-06
 Reference value :  1.58913e-06
 Reference value :  1.59863e-06
 Reference value :  1.60713e-06
 Reference value :  1.61617e-06
 Reference value :  1.61717e-06
 Reference value :  1.61862e-06
 Reference value :  1.62862e-06
 Reference value :  1.63712e-06
 Reference value :  1.64662e-06
 Reference value :  1.65612e-06
 Reference value :  1.65941e-06
 Reference value :  1.66544e-06
 Reference value :  1.67394e-06
 Reference value :  1.68094e-06
 Reference value :  1.68994e-06
 Reference value :  1.69894e-06
 Reference value :  1.70061e-06
 Reference value :  1.70182e-06
 Reference value :  1.71032e-06
 Reference value :  1.71932e-06
 Reference value :  1.72782e-06
 Reference value :  1.73832e-06
 Reference value :  1.74230e-06
 Reference value :  1.74729e-06
 Reference value :  1.75779e-06
 Reference value :  1.76679e-06
 Reference value :  1.77279e-06
 Reference value :  1.78129e-06
 Reference value :  1.78363e-06
 Reference value :  1.78449e-06
 Reference value :  1.78811e-06
 Reference value :  1.79661e-06
 Reference value :  1.80611e-06
 Reference value :  1.81661e-06
 Reference value :  1.82455e-06
 Reference value :  1.82640e-06
 Reference value :  1.83413e-06
 Reference value :  1.84313e-06
 Reference value :  1.85213e-06
 Reference value :  1.86063e-06
 Reference value :  1.86675e-06
 Reference value :  1.86735e-06
 Reference value :  1.86837e-06
 Reference value :  1.87539e-06
 Reference value :  1.88439e-06
 Reference value :  1.89289e-06
 Reference value :  1.90139e-06
 Reference value :  1.90851e-06
 Reference value :  1.91096e-06
 Reference value :  1.91946e-06
 Reference value :  1.92796e-06
 Reference value :  1.93646e-06
 Reference value :  1.94496e-06
 Reference value :  1.94950e-06
 Reference value :  1.95051e-06
 Reference value :  1.95102e-06
 Reference value :  1.95234e-06
 Reference value :  1.96031e-06
 Reference value :  1.96881e-06
 Reference value :  1.97781e-06
 Reference value :  1.98631e-06
 Reference value :  1.99184e-06
 Reference value :  1.99430e-06
 Reference value :  2.00330e-06
 Reference value :  2.01230e-06
 Reference value :  2.02080e-06
 Reference value :  2.02930e-06
 Reference value :  2.03342e-06
 Reference value :  2.03427e-06
 Reference value :  2.03914e-06
 Reference value :  2.04814e-06
 Reference value :  2.05714e-06
 Reference value :  2.06664e-06
 Reference value :  2.07465e-06
 Reference value :  2.07676e-06
 Reference value :  2.08513e-06
 Reference value :  2.09363e-06
 Reference value :  2.10313e-06
 Reference value :  2.11163e-06
 Reference value :  2.11675e-06
 Reference value :  2.11755e-06
 Reference value :  2.11929e-06
 Reference value :  2.12779e-06
 Reference value :  2.13629e-06
 Reference value :  2.14529e-06
 Reference value :  2.15379e-06
 Reference value :  2.15888e-06
 Reference value :  2.16017e-06
 Reference value :  2.16534e-06
 Reference value :  2.17334e-06
 Reference value :  2.18184e-06
 Reference value :  2.19034e-06
 Reference value :  2.19884e-06
 Reference value :  2.20050e-06
 Reference value :  2.20096e-06
 Reference value :  2.20437e-06
 Reference value :  2.21237e-06
 Reference value :  2.22137e-06
 Reference value :  2.22987e-06
 Reference value :  2.23837e-06
 Reference value :  2.24230e-06
 Reference value :  2.24378e-06
 Reference value :  2.24978e-06
 Reference value :  2.25828e-06
 Reference value :  2.26728e-06
 Reference value :  2.27578e-06
 Reference value :  2.28318e-06
 Reference value :  2.28387e-06
 Reference value :  2.28465e-06
 Reference value :  2.28777e-06
 Reference value :  2.29577e-06
 Reference value :  2.30477e-06
 Reference value :  2.31377e-06
 Reference value :  2.32277e-06
 Reference value :  2.32581e-06
 Reference value :  2.33061e-06
 Reference value :  2.33911e-06
 Reference value :  2.34611e-06
 Reference value :  2.35461e-06
 Reference value :  2.36311e-06
 Reference value :  2.36679e-06
 Reference value :  2.36779e-06
 Reference value :  2.37452e-06
 Reference value :  2.38302e-06
 Reference value :  2.39152e-06
 Reference value :  2.40002e-06
 Reference value :  2.40788e-06
 Reference value :  2.40974e-06
 Reference value :  2.41595e-06
 Reference value :  2.42445e-06
 Reference value :  2.42995e-06
 Reference value :  2.43795e-06
 Reference value :  2.44695e-06
 Reference value :  2.45031e-06
 Reference value :  2.45121e-06
 Reference value :  2.45422e-06
 Reference value :  2.46172e-06
 Reference value :  2.47022e-06
 Reference value :  2.47872e-06
 Reference value :  2.48722e-06
 Reference value :  2.49217e-06
 Reference value :  2.49528e-06
 Reference value :  2.50378e-06
 Reference value :  2.51078e-06
 Reference value :  2.51928e-06
 Reference value :  2.52778e-06
 Reference value :  2.53346e-06
 Reference value :  2.53446e-06
 Reference value :  2.53919e-06
 Reference value :  2.54769e-06
 Reference value :  2.55669e-06
 Reference value :  2.56569e-06
 Reference value :  2.57410e-06
 Reference value :  2.57608e-06
 Reference value :  2.58162e-06
 Reference value :  2.58962e-06
 Reference value :  2.59562e-06
 Reference value :  2.60362e-06
 Reference value :  2.61212e-06
 Reference value :  2.61679e-06
 Reference value :  2.61766e-06
 Reference value :  2.62055e-06
 Reference value :  2.62905e-06
 Reference value :  2.63755e-06
 Reference value :  2.64605e-06
 Reference value :  2.65455e-06
 Reference value :  2.65888e-06
 Reference value :  2.66346e-06
 Reference value :  2.67146e-06
 Reference value :  2.67796e-06
 Reference value :  2.68646e-06
 Reference value :  2.69496e-06
 Reference value :  2.70008e-06
 Reference value :  2.70085e-06
 Reference value :  2.70209e-06
 Reference value :  2.71059e-06
 Reference value :  2.71909e-06
 Reference value :  2.72759e-06
 Reference value :  2.73709e-06
 Reference value :  2.74217e-06
 Reference value :  2.74529e-06
 Reference value :  2.75379e-06
 Reference value :  2.75979e-06
 Reference value :  2.76829e-06
 Reference value :  2.77679e-06
 Reference value :  2.78342e-06
 Reference value :  2.78395e-06
 Reference value :  2.78679e-06
 Reference value :  2.79479e-06
 Reference value :  2.80329e-06
 Reference value :  2.81179e-06
 Reference value :  2.82029e-06
 Reference value :  2.82517e-06
 Reference value :  2.82712e-06
 Reference value :  2.83512e-06
 Reference value :  2.84162e-06
 Reference value :  2.84912e-06
 Reference value :  2.85712e-06
 Reference value :  2.86562e-06
 Reference value :  2.86717e-06
 Reference value :  2.86770e-06
 Reference value :  2.87069e-06
 Reference value :  2.87869e-06
 Reference value :  2.88719e-06
 Reference value :  2.89619e-06
 Reference value :  2.90519e-06
 Reference value :  2.90897e-06
 Reference value :  2.91295e-06
 Reference value :  2.92145e-06
 Reference value :  2.92745e-06
 Reference value :  2.93545e-06
 Reference value :  2.94345e-06
 Reference value :  2.95000e-06
 Reference value :  2.95055e-06
 Reference value :  2.95112e-06
 Reference value :  2.95668e-06
 Reference value :  2.96518e-06
 Reference value :  2.97368e-06
 Reference value :  2.98218e-06
 Reference value :  2.99068e-06
 Reference value :  2.99275e-06
 Reference value :  2.99828e-06
 Reference value :  3.00628e-06
 Reference value :  3.01278e-06
 Reference value :  3.02078e-06
 Reference value :  3.02928e-06
 Reference value :  3.03342e-06
 Reference value :  3.03441e-06
 Reference value :  3.03900e-06
 Reference value :  3.04750e-06
 Reference value :  3.05600e-06
 Reference value :  3.06450e-06
 Reference value :  3.07300e-06
 Reference value :  3.07608e-06
 Reference value :  3.08212e-06
 Reference value :  3.08962e-06
 Reference value :  3.09562e-06
 Reference value :  3.10412e-06
 Reference value :  3.11262e-06
 Reference value :  3.11680e-06
 Reference value :  3.11738e-06
 Reference value :  3.11896e-06
 Reference value :  3.12746e-06
 Reference value :  3.13646e-06
 Reference value :  3.14496e-06
 Reference value :  3.15346e-06
 Reference value :  3.15888e-06
 Reference value :  3.16178e-06
 Reference value :  3.16733e-06
 Reference value :  3.17583e-06
 Reference value :  3.18433e-06
 Reference value :  3.19283e-06
 Reference value :  3.19985e-06
 Reference value :  3.20053e-06
 Reference value :  3.20115e-06
 Reference value :  3.20691e-06
 Reference value :  3.21541e-06
 Reference value :  3.22391e-06
 Reference value :  3.23241e-06
 Reference value :  3.24079e-06
 Reference value :  3.24275e-06
 Reference value :  3.24508e-06
 Reference value :  3.25128e-06
 Reference value :  3.25978e-06
 Reference value :  3.26828e-06
 Reference value :  3.27678e-06
 Reference value :  3.28318e-06
 Reference value :  3.28385e-06
 Reference value :  3.28430e-06
 Reference value :  3.28492e-06
 Reference value :  3.28883e-06
 Reference value :  3.29733e-06
 Reference value :  3.30683e-06
 Reference value :  3.31583e-06
 Reference value :  3.32417e-06
 Reference value :  3.32607e-06
 Reference value :  3.33026e-06
 Reference value :  3.33876e-06
 Reference value :  3.34726e-06
 Reference value :  3.35576e-06
 Reference value :  3.36426e-06
 Reference value :  3.36698e-06
 Reference value :  3.36780e-06
 Reference value :  3.37302e-06
 Reference value :  3.38152e-06
 Reference value :  3.39002e-06
 Reference value :  3.39852e-06
 Reference value :  3.40702e-06
 Reference value :  3.40941e-06
 Reference value :  3.41078e-06
 Reference value :  3.42214e-06
 Reference value :  3.43614e-06
 Reference value :  3.44864e-06
 Reference value :  3.45070e-06
 Reference value :  3.45585e-06
 Reference value :  3.46835e-06
 Reference value :  3.48035e-06
 Reference value :  3.49184e-06
 Reference value :  3.49494e-06
 Reference value :  3.50694e-06
 Reference value :  3.51944e-06
 Reference value :  3.52894e-06
 Reference value :  3.53346e-06
 Reference value :  3.53446e-06
 Reference value :  3.53919e-06
 Reference value :  3.54819e-06
 Reference value :  3.55669e-06
 Reference value :  3.56569e-06
 Reference value :  3.57409e-06
 Reference value :  3.57607e-06
 Reference value :  3.57980e-06
 Reference value :  3.58830e-06
 Reference value :  3.59680e-06
 Reference value :  3.60580e-06
 Reference value :  3.61480e-06
 Reference value :  3.61717e-06
 Reference value :  3.61789e-06
 Reference value :  3.62402e-06
 Reference value :  3.63252e-06
 Reference value :  3.64102e-06
 Reference value :  3.65002e-06
 Reference value :  3.65788e-06
 Reference value :  3.65974e-06
 Reference value :  3.66358e-06
 Reference value :  3.67208e-06
 Reference value :  3.68058e-06
 Reference value :  3.68908e-06
 Reference value :  3.69758e-06
 Reference value :  3.70029e-06
 Reference value :  3.70117e-06
 Reference value :  3.70663e-06
 Reference value :  3.71513e-06
 Reference value :  3.72413e-06
 Reference value :  3.73263e-06
 Reference value :  3.74090e-06
 Reference value :  3.74274e-06
 Reference value :  3.74448e-06
 Reference value :  3.75122e-06
 Reference value :  3.75972e-06
 Reference value :  3.77022e-06
 Reference value :  3.78172e-06
 Reference value :  3.78385e-06
 Reference value :  3.78673e-06
 Reference value :  3.79823e-06
 Reference value :  3.80723e-06
 Reference value :  3.81573e-06
 Reference value :  3.82411e-06
 Reference value :  3.82608e-06
 Reference value :  3.82780e-06
 Reference value :  3.83445e-06
 Reference value :  3.84345e-06
 Reference value :  3.85195e-06
 Reference value :  3.86095e-06
 Reference value :  3.86675e-06
 Reference value :  3.86725e-06
 Reference value :  3.86818e-06
 Reference value :  3.87517e-06
 Reference value :  3.88367e-06
 Reference value :  3.89217e-06
 Reference value :  3.90067e-06
 Reference value :  3.90798e-06
 Reference value :  3.90974e-06
 Reference value :  3.91163e-06
 Reference value :  3.91824e-06
 Reference value :  3.92674e-06
 Reference value :  3.93524e-06
 Reference value :  3.94374e-06
 Reference value :  3.95004e-06
 Reference value :  3.95058e-06
 Reference value :  3.95151e-06
 Reference value :  3.95971e-06
 Reference value :  3.96821e-06
 Reference value :  3.97721e-06
 Reference value :  3.98571e-06
 Reference value :  3.99184e-06
 Reference value :  3.99411e-06
 Reference value :  3.99502e-06
 Reference value :  4.00158e-06
 Reference value :  4.01008e-06
 Reference value :  4.01858e-06
 Reference value :  4.02708e-06
 Reference value :  4.03342e-06
 Reference value :  4.03441e-06
 Reference value :  4.03900e-06
 Reference value :  4.04800e-06
 Reference value :  4.05700e-06
 Reference value :  4.06650e-06
 Reference value :  4.07455e-06
 Reference value :  4.07674e-06
 Reference value :  4.07874e-06
 Reference value :  4.08697e-06
 Reference value :  4.09597e-06
 Reference value :  4.10447e-06
 Reference value :  4.11297e-06
 Reference value :  4.11680e-06
 Reference value :  4.11742e-06
 Reference value :  4.11949e-06
 Reference value :  4.12799e-06
 Reference value :  4.13649e-06
 Reference value :  4.14549e-06
 Reference value :  4.15449e-06
 Reference value :  4.15898e-06
 Reference value :  4.16001e-06
 Reference value :  4.16416e-06
 Reference value :  4.17216e-06
 Reference value :  4.18066e-06
 Reference value :  4.18966e-06
 Reference value :  4.19866e-06
 Reference value :  4.20050e-06
 Reference value :  4.20107e-06
 Reference value :  4.20489e-06
 Reference value :  4.21339e-06
 Reference value :  4.22189e-06
 Reference value :  4.23089e-06
 Reference value :  4.23939e-06
 Reference value :  4.24274e-06
 Reference value :  4.24378e-06
 Reference value :  4.24975e-06
 Reference value :  4.25825e-06
 Reference value :  4.26675e-06
 Reference value :  4.27575e-06
 Reference value :  4.28298e-06
 Reference value :  4.28385e-06
 Reference value :  4.28430e-06
 Reference value :  4.28694e-06
 Reference value :  4.29644e-06
 Reference value :  4.30544e-06
 Reference value :  4.31444e-06
 Reference value :  4.32294e-06
 Reference value :  4.32581e-06
 Reference value :  4.33011e-06
 Reference value :  4.33861e-06
 Reference value :  4.34311e-06
 Reference value :  4.35011e-06
 Reference value :  4.35911e-06
 Reference value :  4.36652e-06
 Reference value :  4.36720e-06
 Reference value :  4.36789e-06
 Reference value :  4.37056e-06
 Reference value :  4.37706e-06
 Reference value :  4.38556e-06
 Reference value :  4.39406e-06
 Reference value :  4.40306e-06
 Reference value :  4.40851e-06
 Reference value :  4.41095e-06
 Reference value :  4.41895e-06
 Reference value :  4.42595e-06
 Reference value :  4.43445e-06
 Reference value :  4.44295e-06
 Reference value :  4.44985e-06
 Reference value :  4.45092e-06
 Reference value :  4.45368e-06
 Reference value :  4.46218e-06
 Reference value :  4.47118e-06
 Reference value :  4.48018e-06
 Reference value :  4.48918e-06
 Reference value :  4.49275e-06
 Reference value :  4.49878e-06
 Reference value :  4.50778e-06
 Reference value :  4.51128e-06
 Reference value :  4.51928e-06
 Reference value :  4.52778e-06
 Reference value :  4.53346e-06
 Reference value :  4.53432e-06
 Reference value :  4.53508e-06
 Reference value :  4.54024e-06
 Reference value :  4.54724e-06
 Reference value :  4.55624e-06
 Reference value :  4.56474e-06
 Reference value :  4.57324e-06
 Reference value :  4.57581e-06
 Reference value :  4.58012e-06
 Reference value :  4.58862e-06
 Reference value :  4.59362e-06
 Reference value :  4.60112e-06
 Reference value :  4.60962e-06
 Reference value :  4.61679e-06
 Reference value :  4.61766e-06
 Reference value :  4.61826e-06
 Reference value :  4.62318e-06
 Reference value :  4.63018e-06
 Reference value :  4.63918e-06
 Reference value :  4.64768e-06
 Reference value :  4.65668e-06
 Reference value :  4.65915e-06
 Reference value :  4.66346e-06
 Reference value :  4.67196e-06
 Reference value :  4.67646e-06
 Reference value :  4.68396e-06
 Reference value :  4.69296e-06
 Reference value :  4.69985e-06
 Reference value :  4.70053e-06
 Reference value :  4.70116e-06
 Reference value :  4.70442e-06
 Reference value :  4.71092e-06
 Reference value :  4.71892e-06
 Reference value :  4.72742e-06
 Reference value :  4.73592e-06
 Reference value :  4.74184e-06
 Reference value :  4.74429e-06
 Reference value :  4.75229e-06
 Reference value :  4.75829e-06
 Reference value :  4.76379e-06
 Reference value :  4.77229e-06
 Reference value :  4.78129e-06
 Reference value :  4.78363e-06
 Reference value :  4.78423e-06
 Reference value :  4.78534e-06
 Reference value :  4.79210e-06
 Reference value :  4.79910e-06
 Reference value :  4.80760e-06
 Reference value :  4.81660e-06
 Reference value :  4.82455e-06
 Reference value :  4.82675e-06
 Reference value :  4.83462e-06
 Reference value :  4.84212e-06
 Reference value :  4.84762e-06
 Reference value :  4.85612e-06
 Reference value :  4.86462e-06
 Reference value :  4.86696e-06
 Reference value :  4.86741e-06
 Reference value :  4.86834e-06
 Reference value :  4.87402e-06
 Reference value :  4.88202e-06
 Reference value :  4.89052e-06
 Reference value :  4.89952e-06
 Reference value :  4.90783e-06
 Reference value :  4.90941e-06
 Reference value :  4.91545e-06
 Reference value :  4.92395e-06
 Reference value :  4.92745e-06
 Reference value :  4.93445e-06
 Reference value :  4.94345e-06
 Reference value :  4.95000e-06
 Reference value :  4.95057e-06
 Reference value :  4.95113e-06
 Reference value :  4.95343e-06
 Reference value :  4.95993e-06
 Reference value :  4.96743e-06
 Reference value :  4.97643e-06
 Reference value :  4.98493e-06
 Reference value :  4.99184e-06
 Reference value :  4.99428e-06
 Reference value :  5.00278e-06
 Reference value :  5.00978e-06
 Reference value :  5.01828e-06
 Reference value :  5.02678e-06
 Reference value :  5.03347e-06
 Reference value :  5.03458e-06
 Reference value :  5.04115e-06
 Reference value :  5.04965e-06
 Reference value :  5.05815e-06
 Reference value :  5.06665e-06
 Reference value :  5.07455e-06
 Reference value :  5.07675e-06
 Reference value :  5.08462e-06
 Reference value :  5.09212e-06
 Reference value :  5.10012e-06
 Reference value :  5.10862e-06
 Reference value :  5.11622e-06
 Reference value :  5.11720e-06
 Reference value :  5.11784e-06
 Reference value :  5.12361e-06
 Reference value :  5.13211e-06
 Reference value :  5.14061e-06
 Reference value :  5.14961e-06
 Reference value :  5.15788e-06
 Reference value :  5.15975e-06
 Reference value :  5.16190e-06
 Reference value :  5.16990e-06
 Reference value :  5.17890e-06
 Reference value :  5.18740e-06
 Reference value :  5.19590e-06
 Reference value :  5.20013e-06
 Reference value :  5.20077e-06
 Reference value :  5.20145e-06
 Reference value :  5.20965e-06
 Reference value :  5.21815e-06
 Reference value :  5.22665e-06
 Reference value :  5.23515e-06
 Reference value :  5.24184e-06
 Reference value :  5.24356e-06
 Reference value :  5.25029e-06
 Reference value :  5.25929e-06
 Reference value :  5.26829e-06
 Reference value :  5.27729e-06
 Reference value :  5.28346e-06
 Reference value :  5.28409e-06
 Reference value :  5.28497e-06
 Reference value :  5.29306e-06
 Reference value :  5.30206e-06
 Reference value :  5.31056e-06
 Reference value :  5.31906e-06
 Reference value :  5.32517e-06
 Reference value :  5.32699e-06
 Reference value :  5.33449e-06
 Reference value :  5.34049e-06
 Reference value :  5.34899e-06
 Reference value :  5.35749e-06
 Reference value :  5.36583e-06
 Reference value :  5.36717e-06
 Reference value :  5.36986e-06
 Reference value :  5.37986e-06
 Reference value :  5.38886e-06
 Reference value :  5.39736e-06
 Reference value :  5.40636e-06
 Reference value :  5.40950e-06
 Reference value :  5.41989e-06
 Reference value :  5.42939e-06
 Reference value :  5.44289e-06
 Reference value :  5.45012e-06
 Reference value :  5.45331e-06
 Reference value :  5.46181e-06
 Reference value :  5.47031e-06
 Reference value :  5.47881e-06
 Reference value :  5.48731e-06
 Reference value :  5.49217e-06
 Reference value :  5.49872e-06
 Reference value :  5.50722e-06
 Reference value :  5.51572e-06
 Reference value :  5.52572e-06
 Reference value :  5.53346e-06
 Reference value :  5.53615e-06
 Reference value :  5.54465e-06
 Reference value :  5.55315e-06
 Reference value :  5.56165e-06
 Reference value :  5.57065e-06
 Reference value :  5.57550e-06
 Reference value :  5.58155e-06
 Reference value :  5.59005e-06
 Reference value :  5.59855e-06
 Reference value :  5.60755e-06
 Reference value :  5.61679e-06
 Reference value :  5.61843e-06
 Reference value :  5.62682e-06
 Reference value :  5.63532e-06
 Reference value :  5.64382e-06
 Reference value :  5.65232e-06
 Reference value :  5.65851e-06
 Reference value :  5.66388e-06
 Reference value :  5.67238e-06
 Reference value :  5.68138e-06
 Reference value :  5.69088e-06
 Reference value :  5.70012e-06
 Reference value :  5.70261e-06
 Reference value :  5.71111e-06
 Reference value :  5.72011e-06
 Reference value :  5.72861e-06
 Reference value :  5.73761e-06
 Reference value :  5.74221e-06
 Reference value :  5.74922e-06
 Reference value :  5.75822e-06
 Reference value :  5.76672e-06
 Reference value :  5.77572e-06
 Reference value :  5.78342e-06
 Reference value :  5.78469e-06
 Reference value :  5.79318e-06
 Reference value :  5.80168e-06
 Reference value :  5.81018e-06
 Reference value :  5.81868e-06
 Reference value :  5.82517e-06
 Reference value :  5.83055e-06
 Reference value :  5.83905e-06
 Reference value :  5.84805e-06
 Reference value :  5.85655e-06
 Reference value :  5.86632e-06
 Reference value :  5.86718e-06
 Reference value :  5.86979e-06
 Reference value :  5.87829e-06
 Reference value :  5.88729e-06
 Reference value :  5.89679e-06
 Reference value :  5.90579e-06
 Reference value :  5.90950e-06
 Reference value :  5.91788e-06
 Reference value :  5.92738e-06
 Reference value :  5.93688e-06
 Reference value :  5.94788e-06
 Reference value :  5.95029e-06
 Reference value :  5.95404e-06
 Reference value :  5.96254e-06
 Reference value :  5.97154e-06
 Reference value :  5.98054e-06
 Reference value :  5.98954e-06
 Reference value :  5.99248e-06
 Reference value :  6.00072e-06
 Reference value :  6.00922e-06
 Reference value :  6.01772e-06
 Reference value :  6.02972e-06
 Reference value :  6.03387e-06
 Reference value :  6.03960e-06
 Reference value :  6.04860e-06
 Reference value :  6.05710e-06
 Reference value :  6.06610e-06
 Reference value :  6.07450e-06
 Reference value :  6.07755e-06
 Reference value :  6.08605e-06
 Reference value :  6.09505e-06
 Reference value :  6.10455e-06
 Reference value :  6.11355e-06
 Reference value :  6.11696e-06
 Reference value :  6.11741e-06
 Reference value :  6.11982e-06
 Reference value :  6.12882e-06
 Reference value :  6.13782e-06
 Reference value :  6.14682e-06
 Reference value :  6.15582e-06
 Reference value :  6.15947e-06
 Reference value :  6.16102e-06
 Reference value :  6.16937e-06
 Reference value :  6.17837e-06
 Reference value :  6.18737e-06
 Reference value :  6.19637e-06
 Reference value :  6.20013e-06
 Reference value :  6.20087e-06
 Reference value :  6.20157e-06
 Reference value :  6.21015e-06
 Reference value :  6.21915e-06
 Reference value :  6.22815e-06
 Reference value :  6.23665e-06
 Reference value :  6.24217e-06
 Reference value :  6.24379e-06
 Reference value :  6.25079e-06
 Reference value :  6.25929e-06
 Reference value :  6.26829e-06
 Reference value :  6.27679e-06
No. of Data Rows : 14190

  Measurements for Transient Analysis

d9_c1               =  -3.14213e-07
d8_c1               =  9.67136e-08
d7_c1               =  1.80000e+00
d6_c1               =  1.80000e+00
d5_c1               =  1.80000e+00
d4_c1               =  1.57442e-07
d3_c1               =  1.90702e-07
d2_c1               =  2.44342e-07
d1_c1               =  3.44625e-07
d0_c1               =  1.80000e+00
d9_c2               =  8.89429e-08
d8_c2               =  1.80000e+00
d7_c2               =  1.30771e-07
d6_c2               =  1.80000e+00
d5_c2               =  1.80000e+00
d4_c2               =  1.80000e+00
d3_c2               =  1.80000e+00
d2_c2               =  1.80000e+00
d1_c2               =  1.80000e+00
d0_c2               =  1.80000e+00
d9_c3               =  -4.51703e-07
d8_c3               =  1.80000e+00
d7_c3               =  1.80000e+00
d6_c3               =  1.80000e+00
d5_c3               =  1.80000e+00
d4_c3               =  1.80000e+00
d3_c3               =  1.80000e+00
d2_c3               =  1.80000e+00
d1_c3               =  1.80000e+00
d0_c3               =  1.80000e+00
d9_c4               =  1.80001e+00
d8_c4               =  6.76761e-09
d7_c4               =  1.80000e+00
d6_c4               =  6.70372e-09
d5_c4               =  6.64303e-09
d4_c4               =  6.95316e-09
d3_c4               =  6.95424e-09
d2_c4               =  6.95553e-09
d1_c4               =  6.88502e-09
d0_c4               =  1.80000e+00
d9_c5               =  1.80001e+00
d8_c5               =  1.80000e+00
d7_c5               =  1.80000e+00
d6_c5               =  1.80000e+00
d5_c5               =  1.80000e+00
d4_c5               =  1.80000e+00
d3_c5               =  1.80000e+00
d2_c5               =  1.80000e+00
d1_c5               =  1.80000e+00
d0_c5               =  1.80000e+00
busy_c1_p0          =  1.80000e+00
smpl_c1_p0          =  -2.60880e-04
busy_c1_p1          =  1.80000e+00
smpl_c1_p1          =  -1.47117e-05
busy_c1_p2          =  1.80000e+00
smpl_c1_p2          =  -9.72301e-06
busy_c1_p3          =  1.80000e+00
smpl_c1_p3          =  -1.44547e-05
busy_c1_p4          =  1.80000e+00
smpl_c1_p4          =  -1.44675e-05
busy_c1_p5          =  1.80000e+00
smpl_c1_p5          =  -1.44534e-05
busy_c1_p6          =  1.80000e+00
smpl_c1_p6          =  -1.44752e-05
busy_c1_p7          =  1.80000e+00
smpl_c1_p7          =  -1.44731e-05
busy_c1_p8          =  1.80000e+00
smpl_c1_p8          =  -1.44708e-05
busy_c1_p9          =  1.80000e+00
smpl_c1_p9          =  -1.44742e-05
busy_c1_p10         =  1.80000e+00
smpl_c1_p10         =  -1.44708e-05
busy_c1_p11         =  -4.88782e-07
smpl_c1_p11         =  1.80006e+00
busy_c2_p0          =  1.80000e+00
smpl_c2_p0          =  -2.61231e-04
busy_c2_p1          =  1.80000e+00
smpl_c2_p1          =  -1.44032e-05
busy_c2_p2          =  1.80000e+00
smpl_c2_p2          =  -1.42348e-05
busy_c2_p3          =  1.80000e+00
smpl_c2_p3          =  -1.43961e-05
busy_c2_p4          =  1.80000e+00
smpl_c2_p4          =  -1.43188e-05
busy_c2_p5          =  1.80000e+00
smpl_c2_p5          =  -1.42593e-05
busy_c2_p6          =  1.80000e+00
smpl_c2_p6          =  -1.42381e-05
busy_c2_p7          =  1.80000e+00
smpl_c2_p7          =  -1.42228e-05
busy_c2_p8          =  1.80000e+00
smpl_c2_p8          =  -1.42108e-05
busy_c2_p9          =  1.80000e+00
smpl_c2_p9          =  -1.42154e-05
busy_c2_p10         =  1.80000e+00
smpl_c2_p10         =  -1.42157e-05
busy_c2_p11         =  5.80147e-07
smpl_c2_p11         =  1.80006e+00
busy_c3_p0          =  1.80000e+00
smpl_c3_p0          =  -2.61074e-04
busy_c3_p1          =  1.80000e+00
smpl_c3_p1          =  -1.44088e-05
busy_c3_p2          =  1.80000e+00
smpl_c3_p2          =  -1.44051e-05
busy_c3_p3          =  1.80000e+00
smpl_c3_p3          =  -1.43497e-05
busy_c3_p4          =  1.80000e+00
smpl_c3_p4          =  -1.42534e-05
busy_c3_p5          =  1.80000e+00
smpl_c3_p5          =  -1.41801e-05
busy_c3_p6          =  1.80000e+00
smpl_c3_p6          =  -1.41513e-05
busy_c3_p7          =  1.80000e+00
smpl_c3_p7          =  -1.41271e-05
busy_c3_p8          =  1.80000e+00
smpl_c3_p8          =  -1.41166e-05
busy_c3_p9          =  1.80000e+00
smpl_c3_p9          =  -1.41186e-05
busy_c3_p10         =  1.80000e+00
smpl_c3_p10         =  -1.41108e-05
busy_c3_p11         =  5.71286e-07
smpl_c3_p11         =  1.80006e+00
busy_c4_p0          =  1.80000e+00
smpl_c4_p0          =  -2.61340e-04
busy_c4_p1          =  1.80000e+00
smpl_c4_p1          =  -1.43980e-05
busy_c4_p2          =  1.80000e+00
smpl_c4_p2          =  -1.42439e-05
busy_c4_p3          =  1.80000e+00
smpl_c4_p3          =  -1.44019e-05
busy_c4_p4          =  1.80000e+00
smpl_c4_p4          =  -1.43251e-05
busy_c4_p5          =  1.80000e+00
smpl_c4_p5          =  -1.42660e-05
busy_c4_p6          =  1.80000e+00
smpl_c4_p6          =  -1.42315e-05
busy_c4_p7          =  1.80000e+00
smpl_c4_p7          =  -1.42215e-05
busy_c4_p8          =  1.80000e+00
smpl_c4_p8          =  -1.42233e-05
busy_c4_p9          =  1.80000e+00
smpl_c4_p9          =  -1.42227e-05
busy_c4_p10         =  1.80000e+00
smpl_c4_p10         =  -1.42205e-05
busy_c4_p11         =  -6.28760e-08
smpl_c4_p11         =  1.80006e+00
busy_c5_p0          =  1.80000e+00
smpl_c5_p0          =  -2.61157e-04
busy_c5_p1          =  1.80000e+00
smpl_c5_p1          =  -1.46875e-05
busy_c5_p2          =  1.80000e+00
smpl_c5_p2          =  -9.85293e-06
busy_c5_p3          =  1.80000e+00
smpl_c5_p3          =  -6.02919e-06
busy_c5_p4          =  1.80000e+00
smpl_c5_p4          =  -7.29875e-06
busy_c5_p5          =  1.80000e+00
smpl_c5_p5          =  -9.01973e-06
busy_c5_p6          =  1.80000e+00
smpl_c5_p6          =  -1.06773e-05
busy_c5_p7          =  1.80000e+00
smpl_c5_p7          =  -1.18465e-05
busy_c5_p8          =  1.80000e+00
smpl_c5_p8          =  -1.25784e-05
busy_c5_p9          =  1.80000e+00
smpl_c5_p9          =  -1.30608e-05
busy_c5_p10         =  1.80000e+00
smpl_c5_p10         =  -1.33779e-05
busy_c5_p11         =  2.26727e-06
smpl_c5_p11         =  1.80006e+00
i_vdd               =  -2.11351e-06 from=  3.20000e-06 to=  4.20013e-06
i_vpwr              =  -6.93622e-06 from=  3.20000e-06 to=  4.20013e-06
i_vrefp             =  -6.49967e-06 from=  3.20000e-06 to=  4.20013e-06
i_vrefn             =  6.48402e-06 from=  3.20000e-06 to=  4.20013e-06
i_vcm               =  1.27296e-08 from=  3.20000e-06 to=  4.20013e-06


Total analysis time (seconds) = 341.687

Total elapsed time (seconds) = 382.477 

Total DRAM available = 98304.000 MB.
DRAM currently available = 26782.031 MB.
Maximum ngspice program size =  819.984 MB.
Current ngspice program size =  819.984 MB.

