
Note: Compatibility modes selected: hs a


Circuit: * sim/full-conversion-transient -- end-to-end full-conversion transient

option SCALE: Scale is set to 1e-06 for instance and model parameters
option SCALE: Scale is set to 1e-06 for instance and model parameters
option SCALE: Scale is set to 1e-06 for instance and model parameters
option SCALE: Scale is set to 1e-06 for instance and model parameters
Doing analysis at TEMP = 27.000000 and TNOM = 27.000000

Using KLU as Direct Linear Solver
 Reference value :  0.00000e+00
 Reference value :  9.64000e-09
 Reference value :  2.03500e-08
 Reference value :  2.77500e-08
 Reference value :  3.62500e-08
 Reference value :  4.47500e-08
 Reference value :  5.37500e-08
 Reference value :  6.57500e-08
 Reference value :  7.82500e-08
 Reference value :  8.87500e-08
 Reference value :  9.77500e-08
 Reference value :  1.06250e-07
 Reference value :  1.16250e-07
 Reference value :  1.30750e-07
 Reference value :  1.39750e-07
 Reference value :  1.48250e-07
 Reference value :  1.57250e-07
 Reference value :  1.65750e-07
 Reference value :  1.74250e-07
 Reference value :  1.82750e-07
 Reference value :  1.91250e-07
 Reference value :  1.99500e-07
 Reference value :  2.00500e-07
 Reference value :  2.01044e-07
 Reference value :  2.07195e-07
 Reference value :  2.15695e-07
 Reference value :  2.25195e-07
 Reference value :  2.34195e-07
 Reference value :  2.41842e-07
 Reference value :  2.43980e-07
 Reference value :  2.50836e-07
 Reference value :  2.59336e-07
 Reference value :  2.67836e-07
 Reference value :  2.76336e-07
 Reference value :  2.83423e-07
 Reference value :  2.84481e-07
 Reference value :  2.86401e-07
 Reference value :  2.94401e-07
 Reference value :  3.04901e-07
 Reference value :  3.13401e-07
 Reference value :  3.22401e-07
 Reference value :  3.26211e-07
 Reference value :  3.33049e-07
 Reference value :  3.41549e-07
 Reference value :  3.50049e-07
 Reference value :  3.59049e-07
 Reference value :  3.66317e-07
 Reference value :  3.67257e-07
 Reference value :  3.73891e-07
 Reference value :  3.82391e-07
 Reference value :  3.91391e-07
 Reference value :  4.00391e-07
 Reference value :  4.07983e-07
 Reference value :  4.10780e-07
 Reference value :  4.13567e-07
 Reference value :  4.21067e-07
 Reference value :  4.30067e-07
 Reference value :  4.38567e-07
 Reference value :  4.47067e-07
 Reference value :  4.50295e-07
 Reference value :  4.51210e-07
 Reference value :  4.55079e-07
 Reference value :  4.63079e-07
 Reference value :  4.71079e-07
 Reference value :  4.79579e-07
 Reference value :  4.88079e-07
 Reference value :  4.92317e-07
 Reference value :  4.97197e-07
 Reference value :  5.05197e-07
 Reference value :  5.09697e-07
 Reference value :  5.17197e-07
 Reference value :  5.25197e-07
 Reference value :  5.32833e-07
 Reference value :  5.33833e-07
 Reference value :  5.34973e-07
 Reference value :  5.40853e-07
 Reference value :  5.49853e-07
 Reference value :  5.58353e-07
 Reference value :  5.66853e-07
 Reference value :  5.74550e-07
 Reference value :  5.77067e-07
 Reference value :  5.85067e-07
 Reference value :  5.93567e-07
 Reference value :  6.02067e-07
 Reference value :  6.10567e-07
 Reference value :  6.16764e-07
 Reference value :  6.18714e-07
 Reference value :  6.27214e-07
 Reference value :  6.35214e-07
 Reference value :  6.43214e-07
 Reference value :  6.51214e-07
 Reference value :  6.57983e-07
 Reference value :  6.60393e-07
 Reference value :  6.68877e-07
 Reference value :  6.77377e-07
 Reference value :  6.85377e-07
 Reference value :  6.93877e-07
 Reference value :  7.00085e-07
 Reference value :  7.01098e-07
 Reference value :  7.08705e-07
 Reference value :  7.17205e-07
 Reference value :  7.25705e-07
 Reference value :  7.34205e-07
 Reference value :  7.41517e-07
 Reference value :  7.44202e-07
 Reference value :  7.51702e-07
 Reference value :  7.60202e-07
 Reference value :  7.68702e-07
 Reference value :  7.73202e-07
 Reference value :  7.81202e-07
 Reference value :  7.83626e-07
 Reference value :  7.84386e-07
 Reference value :  7.85982e-07
 Reference value :  7.93982e-07
 Reference value :  8.02482e-07
 Reference value :  8.10982e-07
 Reference value :  8.19482e-07
 Reference value :  8.25500e-07
 Reference value :  8.29540e-07
 Reference value :  8.37540e-07
 Reference value :  8.46040e-07
 Reference value :  8.54540e-07
 Reference value :  8.60540e-07
 Reference value :  8.66317e-07
 Reference value :  8.67279e-07
 Reference value :  8.68323e-07
 Reference value :  8.76719e-07
 Reference value :  8.86719e-07
 Reference value :  8.95219e-07
 Reference value :  9.04719e-07
 Reference value :  9.08983e-07
 Reference value :  9.14375e-07
 Reference value :  9.23875e-07
 Reference value :  9.33375e-07
 Reference value :  9.41875e-07
 Reference value :  9.48875e-07
 Reference value :  9.50500e-07
 Reference value :  9.51298e-07
 Reference value :  9.55576e-07
 Reference value :  9.64076e-07
 Reference value :  9.72576e-07
 Reference value :  9.81076e-07
 Reference value :  9.89576e-07
 Reference value :  9.92878e-07
 Reference value :  9.99210e-07
 Reference value :  1.00821e-06
 Reference value :  1.01671e-06
 Reference value :  1.02571e-06
 Reference value :  1.03342e-06
 Reference value :  1.03426e-06
 Reference value :  1.04028e-06
 Reference value :  1.04978e-06
 Reference value :  1.05828e-06
 Reference value :  1.06678e-06
 Reference value :  1.07485e-06
 Reference value :  1.07813e-06
 Reference value :  1.08663e-06
 Reference value :  1.09563e-06
 Reference value :  1.10463e-06
 Reference value :  1.11413e-06
 Reference value :  1.11675e-06
 Reference value :  1.11781e-06
 Reference value :  1.12162e-06
 Reference value :  1.13162e-06
 Reference value :  1.14112e-06
 Reference value :  1.15162e-06
 Reference value :  1.15918e-06
 Reference value :  1.16233e-06
 Reference value :  1.17383e-06
 Reference value :  1.18433e-06
 Reference value :  1.19283e-06
 Reference value :  1.20009e-06
 Reference value :  1.20066e-06
 Reference value :  1.20212e-06
 Reference value :  1.21112e-06
 Reference value :  1.22012e-06
 Reference value :  1.23012e-06
 Reference value :  1.23912e-06
 Reference value :  1.24288e-06
 Reference value :  1.24491e-06
 Reference value :  1.25430e-06
 Reference value :  1.26330e-06
 Reference value :  1.27180e-06
 Reference value :  1.28256e-06
 Reference value :  1.28383e-06
 Reference value :  1.28470e-06
 Reference value :  1.28892e-06
 Reference value :  1.29792e-06
 Reference value :  1.30642e-06
 Reference value :  1.31492e-06
 Reference value :  1.32392e-06
 Reference value :  1.32663e-06
 Reference value :  1.33197e-06
 Reference value :  1.33947e-06
 Reference value :  1.34897e-06
 Reference value :  1.35747e-06
 Reference value :  1.36617e-06
 Reference value :  1.36728e-06
 Reference value :  1.36921e-06
 Reference value :  1.38071e-06
 Reference value :  1.38921e-06
 Reference value :  1.40271e-06
 Reference value :  1.41046e-06
 Reference value :  1.42496e-06
 Reference value :  1.43846e-06
 Reference value :  1.45010e-06
 Reference value :  1.45672e-06
 Reference value :  1.46572e-06
 Reference value :  1.47472e-06
 Reference value :  1.48322e-06
 Reference value :  1.49122e-06
 Reference value :  1.49373e-06
 Reference value :  1.50272e-06
 Reference value :  1.51122e-06
 Reference value :  1.52122e-06
 Reference value :  1.53022e-06
 Reference value :  1.53342e-06
 Reference value :  1.53477e-06
 Reference value :  1.54353e-06
 Reference value :  1.55203e-06
 Reference value :  1.56103e-06
 Reference value :  1.56953e-06
 Reference value :  1.57555e-06
 Reference value :  1.58102e-06
 Reference value :  1.58652e-06
 Reference value :  1.59352e-06
 Reference value :  1.60252e-06
 Reference value :  1.61202e-06
 Reference value :  1.61676e-06
 Reference value :  1.61785e-06
 Reference value :  1.62321e-06
 Reference value :  1.63171e-06
 Reference value :  1.64121e-06
 Reference value :  1.65071e-06
 Reference value :  1.65818e-06
 Reference value :  1.66187e-06
 Reference value :  1.66987e-06
 Reference value :  1.67987e-06
 Reference value :  1.68587e-06
 Reference value :  1.69287e-06
 Reference value :  1.70008e-06
 Reference value :  1.70095e-06
 Reference value :  1.70313e-06
 Reference value :  1.71263e-06
 Reference value :  1.72113e-06
 Reference value :  1.73163e-06
 Reference value :  1.74063e-06
 Reference value :  1.74330e-06
 Reference value :  1.75221e-06
 Reference value :  1.76121e-06
 Reference value :  1.77171e-06
 Reference value :  1.78071e-06
 Reference value :  1.78363e-06
 Reference value :  1.78604e-06
 Reference value :  1.79454e-06
 Reference value :  1.80354e-06
 Reference value :  1.81254e-06
 Reference value :  1.82204e-06
 Reference value :  1.82621e-06
 Reference value :  1.83204e-06
 Reference value :  1.84104e-06
 Reference value :  1.85004e-06
 Reference value :  1.85854e-06
 Reference value :  1.86354e-06
 Reference value :  1.86675e-06
 Reference value :  1.86791e-06
 Reference value :  1.87166e-06
 Reference value :  1.88016e-06
 Reference value :  1.89016e-06
 Reference value :  1.89916e-06
 Reference value :  1.90750e-06
 Reference value :  1.90996e-06
 Reference value :  1.91687e-06
 Reference value :  1.92537e-06
 Reference value :  1.93387e-06
 Reference value :  1.94237e-06
 Reference value :  1.94837e-06
 Reference value :  1.95020e-06
 Reference value :  1.95069e-06
 Reference value :  1.95132e-06
 Reference value :  1.95446e-06
 Reference value :  1.96346e-06
 Reference value :  1.97246e-06
 Reference value :  1.98146e-06
 Reference value :  1.98996e-06
 Reference value :  1.99288e-06
 Reference value :  1.99921e-06
 Reference value :  2.00771e-06
 Reference value :  2.01671e-06
 Reference value :  2.02521e-06
 Reference value :  2.03288e-06
 Reference value :  2.03322e-06
 Reference value :  2.03416e-06
 Reference value :  2.03762e-06
 Reference value :  2.04662e-06
 Reference value :  2.05512e-06
 Reference value :  2.06412e-06
 Reference value :  2.07312e-06
 Reference value :  2.07625e-06
 Reference value :  2.08313e-06
 Reference value :  2.09163e-06
 Reference value :  2.10063e-06
 Reference value :  2.10913e-06
 Reference value :  2.11617e-06
 Reference value :  2.11717e-06
 Reference value :  2.11804e-06
 Reference value :  2.12266e-06
 Reference value :  2.13116e-06
 Reference value :  2.13966e-06
 Reference value :  2.14816e-06
 Reference value :  2.15666e-06
 Reference value :  2.15996e-06
 Reference value :  2.16355e-06
 Reference value :  2.17155e-06
 Reference value :  2.18005e-06
 Reference value :  2.18855e-06
 Reference value :  2.19755e-06
 Reference value :  2.20029e-06
 Reference value :  2.20084e-06
 Reference value :  2.20269e-06
 Reference value :  2.21169e-06
 Reference value :  2.22069e-06
 Reference value :  2.22919e-06
 Reference value :  2.23769e-06
 Reference value :  2.24232e-06
 Reference value :  2.24428e-06
 Reference value :  2.25040e-06
 Reference value :  2.25890e-06
 Reference value :  2.26740e-06
 Reference value :  2.27640e-06
 Reference value :  2.28342e-06
 Reference value :  2.28438e-06
 Reference value :  2.28758e-06
 Reference value :  2.29658e-06
 Reference value :  2.30558e-06
 Reference value :  2.31458e-06
 Reference value :  2.32308e-06
 Reference value :  2.32621e-06
 Reference value :  2.33202e-06
 Reference value :  2.33902e-06
 Reference value :  2.34802e-06
 Reference value :  2.35652e-06
 Reference value :  2.36502e-06
 Reference value :  2.36696e-06
 Reference value :  2.36831e-06
 Reference value :  2.37718e-06
 Reference value :  2.38868e-06
 Reference value :  2.39768e-06
 Reference value :  2.40618e-06
 Reference value :  2.40954e-06
 Reference value :  2.41536e-06
 Reference value :  2.41886e-06
 Reference value :  2.42686e-06
 Reference value :  2.43536e-06
 Reference value :  2.44486e-06
 Reference value :  2.45009e-06
 Reference value :  2.45119e-06
 Reference value :  2.45511e-06
 Reference value :  2.46361e-06
 Reference value :  2.47211e-06
 Reference value :  2.48011e-06
 Reference value :  2.48861e-06
 Reference value :  2.49232e-06
 Reference value :  2.49769e-06
 Reference value :  2.50419e-06
 Reference value :  2.51269e-06
 Reference value :  2.52119e-06
 Reference value :  2.52969e-06
 Reference value :  2.53342e-06
 Reference value :  2.53408e-06
 Reference value :  2.53622e-06
 Reference value :  2.54472e-06
 Reference value :  2.55322e-06
 Reference value :  2.56272e-06
 Reference value :  2.57172e-06
 Reference value :  2.57565e-06
 Reference value :  2.58103e-06
 Reference value :  2.58703e-06
 Reference value :  2.59603e-06
 Reference value :  2.60453e-06
 Reference value :  2.61303e-06
 Reference value :  2.61676e-06
 Reference value :  2.61786e-06
 Reference value :  2.62468e-06
 Reference value :  2.63318e-06
 Reference value :  2.64168e-06
 Reference value :  2.64968e-06
 Reference value :  2.65783e-06
 Reference value :  2.66039e-06
 Reference value :  2.66636e-06
 Reference value :  2.67386e-06
 Reference value :  2.68386e-06
 Reference value :  2.69236e-06
 Reference value :  2.69965e-06
 Reference value :  2.70053e-06
 Reference value :  2.70199e-06
 Reference value :  2.71049e-06
 Reference value :  2.71899e-06
 Reference value :  2.72749e-06
 Reference value :  2.73599e-06
 Reference value :  2.74217e-06
 Reference value :  2.74619e-06
 Reference value :  2.75169e-06
 Reference value :  2.75969e-06
 Reference value :  2.76919e-06
 Reference value :  2.77769e-06
 Reference value :  2.78342e-06
 Reference value :  2.78410e-06
 Reference value :  2.78674e-06
 Reference value :  2.79524e-06
 Reference value :  2.80524e-06
 Reference value :  2.81474e-06
 Reference value :  2.82324e-06
 Reference value :  2.82621e-06
 Reference value :  2.83203e-06
 Reference value :  2.83803e-06
 Reference value :  2.84653e-06
 Reference value :  2.85503e-06
 Reference value :  2.86353e-06
 Reference value :  2.86675e-06
 Reference value :  2.86763e-06
 Reference value :  2.87300e-06
 Reference value :  2.88150e-06
 Reference value :  2.89000e-06
 Reference value :  2.89850e-06
 Reference value :  2.90700e-06
 Reference value :  2.90996e-06
 Reference value :  2.91636e-06
 Reference value :  2.92386e-06
 Reference value :  2.93236e-06
 Reference value :  2.94086e-06
 Reference value :  2.94918e-06
 Reference value :  2.95022e-06
 Reference value :  2.95051e-06
 Reference value :  2.95124e-06
 Reference value :  2.95890e-06
 Reference value :  2.96740e-06
 Reference value :  2.97540e-06
 Reference value :  2.98390e-06
 Reference value :  2.99122e-06
 Reference value :  2.99372e-06
 Reference value :  3.00020e-06
 Reference value :  3.00720e-06
 Reference value :  3.01570e-06
 Reference value :  3.02370e-06
 Reference value :  3.03220e-06
 Reference value :  3.03342e-06
 Reference value :  3.03445e-06
 Reference value :  3.04057e-06
 Reference value :  3.04907e-06
 Reference value :  3.05757e-06
 Reference value :  3.06557e-06
 Reference value :  3.07403e-06
 Reference value :  3.07666e-06
 Reference value :  3.08261e-06
 Reference value :  3.08911e-06
 Reference value :  3.09761e-06
 Reference value :  3.10611e-06
 Reference value :  3.11411e-06
 Reference value :  3.11656e-06
 Reference value :  3.11761e-06
 Reference value :  3.11852e-06
 Reference value :  3.12521e-06
 Reference value :  3.13371e-06
 Reference value :  3.14221e-06
 Reference value :  3.15071e-06
 Reference value :  3.15798e-06
 Reference value :  3.16095e-06
 Reference value :  3.16222e-06
 Reference value :  3.16725e-06
 Reference value :  3.17575e-06
 Reference value :  3.18425e-06
 Reference value :  3.19275e-06
 Reference value :  3.19985e-06
 Reference value :  3.20050e-06
 Reference value :  3.20102e-06
 Reference value :  3.20616e-06
 Reference value :  3.21466e-06
 Reference value :  3.22316e-06
 Reference value :  3.23166e-06
 Reference value :  3.24016e-06
 Reference value :  3.24288e-06
 Reference value :  3.24651e-06
 Reference value :  3.25534e-06
 Reference value :  3.26384e-06
 Reference value :  3.27234e-06
 Reference value :  3.28034e-06
 Reference value :  3.28342e-06
 Reference value :  3.28413e-06
 Reference value :  3.28783e-06
 Reference value :  3.29633e-06
 Reference value :  3.30483e-06
 Reference value :  3.31333e-06
 Reference value :  3.32233e-06
 Reference value :  3.32585e-06
 Reference value :  3.32813e-06
 Reference value :  3.33151e-06
 Reference value :  3.34001e-06
 Reference value :  3.34851e-06
 Reference value :  3.35701e-06
 Reference value :  3.36551e-06
 Reference value :  3.36696e-06
 Reference value :  3.36787e-06
 Reference value :  3.37161e-06
 Reference value :  3.38011e-06
 Reference value :  3.38861e-06
 Reference value :  3.39711e-06
 Reference value :  3.40561e-06
 Reference value :  3.40918e-06
 Reference value :  3.41108e-06
 Reference value :  3.41433e-06
 Reference value :  3.42783e-06
 Reference value :  3.44133e-06
 Reference value :  3.45009e-06
 Reference value :  3.45145e-06
 Reference value :  3.46142e-06
 Reference value :  3.47392e-06
 Reference value :  3.48542e-06
 Reference value :  3.49252e-06
 Reference value :  3.49523e-06
 Reference value :  3.50617e-06
 Reference value :  3.51867e-06
 Reference value :  3.53017e-06
 Reference value :  3.53342e-06
 Reference value :  3.53442e-06
 Reference value :  3.53804e-06
 Reference value :  3.54604e-06
 Reference value :  3.55454e-06
 Reference value :  3.56354e-06
 Reference value :  3.57254e-06
 Reference value :  3.57621e-06
 Reference value :  3.57813e-06
 Reference value :  3.58142e-06
 Reference value :  3.58992e-06
 Reference value :  3.59842e-06
 Reference value :  3.60692e-06
 Reference value :  3.61579e-06
 Reference value :  3.61696e-06
 Reference value :  3.61787e-06
 Reference value :  3.62287e-06
 Reference value :  3.63137e-06
 Reference value :  3.63987e-06
 Reference value :  3.64837e-06
 Reference value :  3.65687e-06
 Reference value :  3.65996e-06
 Reference value :  3.66192e-06
 Reference value :  3.66931e-06
 Reference value :  3.67781e-06
 Reference value :  3.68631e-06
 Reference value :  3.69481e-06
 Reference value :  3.70008e-06
 Reference value :  3.70100e-06
 Reference value :  3.70228e-06
 Reference value :  3.70972e-06
 Reference value :  3.71872e-06
 Reference value :  3.72722e-06
 Reference value :  3.73572e-06
 Reference value :  3.74217e-06
 Reference value :  3.74416e-06
 Reference value :  3.74559e-06
 Reference value :  3.75445e-06
 Reference value :  3.76595e-06
 Reference value :  3.77795e-06
 Reference value :  3.78363e-06
 Reference value :  3.78448e-06
 Reference value :  3.78790e-06
 Reference value :  3.79590e-06
 Reference value :  3.80440e-06
 Reference value :  3.81340e-06
 Reference value :  3.82190e-06
 Reference value :  3.82585e-06
 Reference value :  3.82822e-06
 Reference value :  3.83333e-06
 Reference value :  3.84183e-06
 Reference value :  3.85033e-06
 Reference value :  3.85883e-06
 Reference value :  3.86622e-06
 Reference value :  3.86717e-06
 Reference value :  3.86779e-06
 Reference value :  3.87062e-06
 Reference value :  3.87812e-06
 Reference value :  3.88662e-06
 Reference value :  3.89462e-06
 Reference value :  3.90312e-06
 Reference value :  3.90883e-06
 Reference value :  3.91119e-06
 Reference value :  3.91307e-06
 Reference value :  3.92057e-06
 Reference value :  3.92907e-06
 Reference value :  3.93757e-06
 Reference value :  3.94607e-06
 Reference value :  3.95020e-06
 Reference value :  3.95079e-06
 Reference value :  3.95169e-06
 Reference value :  3.95815e-06
 Reference value :  3.96665e-06
 Reference value :  3.97515e-06
 Reference value :  3.98365e-06
 Reference value :  3.99122e-06
 Reference value :  3.99375e-06
 Reference value :  3.99537e-06
 Reference value :  4.00009e-06
 Reference value :  4.00859e-06
 Reference value :  4.01709e-06
 Reference value :  4.02559e-06
 Reference value :  4.03318e-06
 Reference value :  4.03395e-06
 Reference value :  4.03521e-06
 Reference value :  4.04421e-06
 Reference value :  4.05321e-06
 Reference value :  4.06221e-06
 Reference value :  4.07071e-06
 Reference value :  4.07565e-06
 Reference value :  4.07827e-06
 Reference value :  4.08482e-06
 Reference value :  4.09332e-06
 Reference value :  4.10182e-06
 Reference value :  4.11032e-06
 Reference value :  4.11676e-06
 Reference value :  4.11780e-06
 Reference value :  4.12117e-06
 Reference value :  4.12967e-06
 Reference value :  4.13867e-06
 Reference value :  4.14717e-06
 Reference value :  4.15567e-06
 Reference value :  4.15918e-06
 Reference value :  4.16163e-06
 Reference value :  4.16908e-06
 Reference value :  4.17758e-06
 Reference value :  4.18608e-06
 Reference value :  4.19458e-06
 Reference value :  4.20009e-06
 Reference value :  4.20074e-06
 Reference value :  4.20251e-06
 Reference value :  4.21101e-06
 Reference value :  4.21951e-06
 Reference value :  4.22801e-06
 Reference value :  4.23651e-06
 Reference value :  4.24217e-06
 Reference value :  4.24428e-06
 Reference value :  4.25041e-06
 Reference value :  4.25891e-06
 Reference value :  4.26741e-06
 Reference value :  4.27591e-06
 Reference value :  4.28318e-06
 Reference value :  4.28387e-06
 Reference value :  4.28546e-06
 Reference value :  4.29496e-06
 Reference value :  4.30346e-06
 Reference value :  4.31246e-06
 Reference value :  4.32096e-06
 Reference value :  4.32555e-06
 Reference value :  4.33002e-06
 Reference value :  4.33502e-06
 Reference value :  4.34252e-06
 Reference value :  4.35102e-06
 Reference value :  4.36002e-06
 Reference value :  4.36676e-06
 Reference value :  4.36775e-06
 Reference value :  4.37196e-06
 Reference value :  4.38046e-06
 Reference value :  4.38946e-06
 Reference value :  4.39796e-06
 Reference value :  4.40696e-06
 Reference value :  4.40996e-06
 Reference value :  4.41586e-06
 Reference value :  4.42286e-06
 Reference value :  4.43136e-06
 Reference value :  4.43986e-06
 Reference value :  4.44886e-06
 Reference value :  4.45029e-06
 Reference value :  4.45166e-06
 Reference value :  4.46007e-06
 Reference value :  4.46857e-06
 Reference value :  4.47807e-06
 Reference value :  4.48707e-06
 Reference value :  4.49222e-06
 Reference value :  4.49719e-06
 Reference value :  4.50169e-06
 Reference value :  4.50919e-06
 Reference value :  4.51769e-06
 Reference value :  4.52619e-06
 Reference value :  4.53318e-06
 Reference value :  4.53387e-06
 Reference value :  4.53465e-06
 Reference value :  4.53999e-06
 Reference value :  4.54899e-06
 Reference value :  4.55749e-06
 Reference value :  4.56599e-06
 Reference value :  4.57450e-06
 Reference value :  4.57663e-06
 Reference value :  4.58303e-06
 Reference value :  4.58703e-06
 Reference value :  4.59503e-06
 Reference value :  4.60353e-06
 Reference value :  4.61253e-06
 Reference value :  4.61676e-06
 Reference value :  4.61774e-06
 Reference value :  4.62188e-06
 Reference value :  4.62988e-06
 Reference value :  4.63838e-06
 Reference value :  4.64688e-06
 Reference value :  4.65588e-06
 Reference value :  4.65996e-06
 Reference value :  4.66636e-06
 Reference value :  4.67086e-06
 Reference value :  4.67936e-06
 Reference value :  4.68836e-06
 Reference value :  4.69686e-06
 Reference value :  4.70008e-06
 Reference value :  4.70099e-06
 Reference value :  4.70282e-06
 Reference value :  4.70982e-06
 Reference value :  4.71882e-06
 Reference value :  4.72732e-06
 Reference value :  4.73582e-06
 Reference value :  4.74217e-06
 Reference value :  4.74570e-06
 Reference value :  4.75070e-06
 Reference value :  4.75770e-06
 Reference value :  4.76620e-06
 Reference value :  4.77470e-06
 Reference value :  4.78283e-06
 Reference value :  4.78383e-06
 Reference value :  4.78438e-06
 Reference value :  4.78693e-06
 Reference value :  4.79493e-06
 Reference value :  4.80393e-06
 Reference value :  4.81293e-06
 Reference value :  4.82193e-06
 Reference value :  4.82565e-06
 Reference value :  4.83103e-06
 Reference value :  4.83503e-06
 Reference value :  4.84253e-06
 Reference value :  4.85153e-06
 Reference value :  4.86053e-06
 Reference value :  4.86675e-06
 Reference value :  4.86770e-06
 Reference value :  4.86973e-06
 Reference value :  4.87673e-06
 Reference value :  4.88523e-06
 Reference value :  4.89373e-06
 Reference value :  4.90223e-06
 Reference value :  4.90851e-06
 Reference value :  4.91136e-06
 Reference value :  4.91736e-06
 Reference value :  4.92336e-06
 Reference value :  4.93186e-06
 Reference value :  4.94036e-06
 Reference value :  4.94886e-06
 Reference value :  4.95031e-06
 Reference value :  4.95090e-06
 Reference value :  4.95140e-06
 Reference value :  4.95664e-06
 Reference value :  4.96464e-06
 Reference value :  4.97314e-06
 Reference value :  4.98164e-06
 Reference value :  4.99064e-06
 Reference value :  4.99330e-06
 Reference value :  4.99970e-06
 Reference value :  5.00670e-06
 Reference value :  5.01520e-06
 Reference value :  5.02370e-06
 Reference value :  5.03220e-06
 Reference value :  5.03383e-06
 Reference value :  5.03591e-06
 Reference value :  5.04491e-06
 Reference value :  5.05341e-06
 Reference value :  5.06191e-06
 Reference value :  5.07041e-06
 Reference value :  5.07550e-06
 Reference value :  5.07961e-06
 Reference value :  5.08561e-06
 Reference value :  5.09411e-06
 Reference value :  5.10311e-06
 Reference value :  5.11161e-06
 Reference value :  5.11676e-06
 Reference value :  5.11773e-06
 Reference value :  5.12090e-06
 Reference value :  5.12940e-06
 Reference value :  5.13790e-06
 Reference value :  5.14640e-06
 Reference value :  5.15490e-06
 Reference value :  5.15898e-06
 Reference value :  5.16146e-06
 Reference value :  5.16983e-06
 Reference value :  5.17833e-06
 Reference value :  5.18683e-06
 Reference value :  5.19533e-06
 Reference value :  5.20009e-06
 Reference value :  5.20074e-06
 Reference value :  5.20198e-06
 Reference value :  5.21048e-06
 Reference value :  5.21898e-06
 Reference value :  5.22748e-06
 Reference value :  5.23598e-06
 Reference value :  5.24217e-06
 Reference value :  5.24454e-06
 Reference value :  5.25280e-06
 Reference value :  5.26130e-06
 Reference value :  5.27030e-06
 Reference value :  5.27930e-06
 Reference value :  5.28342e-06
 Reference value :  5.28438e-06
 Reference value :  5.28990e-06
 Reference value :  5.29890e-06
 Reference value :  5.30740e-06
 Reference value :  5.31590e-06
 Reference value :  5.32420e-06
 Reference value :  5.32663e-06
 Reference value :  5.33197e-06
 Reference value :  5.33997e-06
 Reference value :  5.34847e-06
 Reference value :  5.35697e-06
 Reference value :  5.36547e-06
 Reference value :  5.36696e-06
 Reference value :  5.36831e-06
 Reference value :  5.37670e-06
 Reference value :  5.38520e-06
 Reference value :  5.39370e-06
 Reference value :  5.40220e-06
 Reference value :  5.40851e-06
 Reference value :  5.41496e-06
 Reference value :  5.42496e-06
 Reference value :  5.43396e-06
 Reference value :  5.44246e-06
 Reference value :  5.44985e-06
 Reference value :  5.45053e-06
 Reference value :  5.45824e-06
 Reference value :  5.46724e-06
 Reference value :  5.47924e-06
 Reference value :  5.48874e-06
 Reference value :  5.49288e-06
 Reference value :  5.50080e-06
 Reference value :  5.50980e-06
 Reference value :  5.51830e-06
 Reference value :  5.52680e-06
 Reference value :  5.53343e-06
 Reference value :  5.53441e-06
 Reference value :  5.54258e-06
 Reference value :  5.55108e-06
 Reference value :  5.55958e-06
 Reference value :  5.56808e-06
 Reference value :  5.57517e-06
 Reference value :  5.57963e-06
 Reference value :  5.58813e-06
 Reference value :  5.59663e-06
 Reference value :  5.60563e-06
 Reference value :  5.61413e-06
 Reference value :  5.61677e-06
 Reference value :  5.61774e-06
 Reference value :  5.62531e-06
 Reference value :  5.63381e-06
 Reference value :  5.64231e-06
 Reference value :  5.65031e-06
 Reference value :  5.65788e-06
 Reference value :  5.66096e-06
 Reference value :  5.66896e-06
 Reference value :  5.67746e-06
 Reference value :  5.68596e-06
 Reference value :  5.69446e-06
 Reference value :  5.70010e-06
 Reference value :  5.70105e-06
 Reference value :  5.70918e-06
 Reference value :  5.71818e-06
 Reference value :  5.72668e-06
 Reference value :  5.73518e-06
 Reference value :  5.74217e-06
 Reference value :  5.74780e-06
 Reference value :  5.75680e-06
 Reference value :  5.76530e-06
 Reference value :  5.77430e-06
 Reference value :  5.78283e-06
 Reference value :  5.78383e-06
 Reference value :  5.78800e-06
 Reference value :  5.79750e-06
 Reference value :  5.80700e-06
 Reference value :  5.81650e-06
 Reference value :  5.82450e-06
 Reference value :  5.82763e-06
 Reference value :  5.83613e-06
 Reference value :  5.84463e-06
 Reference value :  5.85313e-06
 Reference value :  5.86213e-06
 Reference value :  5.86675e-06
 Reference value :  5.86868e-06
 Reference value :  5.87818e-06
 Reference value :  5.88668e-06
 Reference value :  5.89568e-06
 Reference value :  5.90468e-06
 Reference value :  5.90918e-06
 Reference value :  5.91796e-06
 Reference value :  5.92646e-06
 Reference value :  5.93646e-06
 Reference value :  5.94496e-06
 Reference value :  5.95008e-06
 Reference value :  5.95240e-06
 Reference value :  5.96140e-06
 Reference value :  5.97040e-06
 Reference value :  5.97940e-06
 Reference value :  5.98790e-06
 Reference value :  5.99252e-06
 Reference value :  6.00080e-06
 Reference value :  6.00980e-06
 Reference value :  6.01880e-06
 Reference value :  6.02780e-06
 Reference value :  6.03343e-06
 Reference value :  6.03514e-06
 Reference value :  6.04304e-06
 Reference value :  6.05154e-06
 Reference value :  6.06054e-06
 Reference value :  6.06904e-06
 Reference value :  6.07550e-06
 Reference value :  6.08116e-06
 Reference value :  6.08966e-06
 Reference value :  6.09816e-06
 Reference value :  6.10666e-06
 Reference value :  6.11566e-06
 Reference value :  6.11697e-06
 Reference value :  6.11779e-06
 Reference value :  6.12206e-06
 Reference value :  6.13056e-06
 Reference value :  6.13906e-06
 Reference value :  6.14756e-06
 Reference value :  6.15656e-06
 Reference value :  6.15992e-06
 Reference value :  6.16433e-06
 Reference value :  6.17283e-06
 Reference value :  6.18133e-06
 Reference value :  6.18983e-06
 Reference value :  6.19883e-06
 Reference value :  6.20050e-06
 Reference value :  6.20104e-06
 Reference value :  6.20647e-06
 Reference value :  6.21497e-06
 Reference value :  6.22347e-06
 Reference value :  6.23247e-06
 Reference value :  6.24117e-06
 Reference value :  6.24330e-06
 Reference value :  6.24780e-06
 Reference value :  6.25680e-06
 Reference value :  6.26530e-06
 Reference value :  6.27380e-06
 Reference value :  6.28230e-06
No. of Data Rows : 14073

  Measurements for Transient Analysis

d9_c1               =  3.73606e-07
d8_c1               =  3.06676e-08
d7_c1               =  1.80000e+00
d6_c1               =  1.80000e+00
d5_c1               =  3.08160e-08
d4_c1               =  3.06775e-08
d3_c1               =  1.80000e+00
d2_c1               =  3.04876e-08
d1_c1               =  3.04829e-08
d0_c1               =  1.80000e+00
d9_c2               =  1.20546e-06
d8_c2               =  1.80000e+00
d7_c2               =  3.90339e-08
d6_c2               =  1.80000e+00
d5_c2               =  1.80000e+00
d4_c2               =  1.80000e+00
d3_c2               =  1.80000e+00
d2_c2               =  1.80000e+00
d1_c2               =  1.80000e+00
d0_c2               =  1.80000e+00
d9_c3               =  1.80001e+00
d8_c3               =  -1.12932e-08
d7_c3               =  -1.34372e-08
d6_c3               =  -1.62692e-08
d5_c3               =  -2.01631e-08
d4_c3               =  -2.59332e-08
d3_c3               =  -3.50638e-08
d2_c3               =  -5.18771e-08
d1_c3               =  -9.17309e-08
d0_c3               =  -3.23890e-08
d9_c4               =  1.80001e+00
d8_c4               =  -1.18119e-08
d7_c4               =  1.80000e+00
d6_c4               =  -1.67728e-08
d5_c4               =  -2.06618e-08
d4_c4               =  -2.64213e-08
d3_c4               =  -3.55394e-08
d2_c4               =  -5.23288e-08
d1_c4               =  -9.22003e-08
d0_c4               =  1.80000e+00
d9_c5               =  1.80001e+00
d8_c5               =  1.80000e+00
d7_c5               =  1.80000e+00
d6_c5               =  1.80000e+00
d5_c5               =  1.80000e+00
d4_c5               =  1.80000e+00
d3_c5               =  1.80000e+00
d2_c5               =  1.80000e+00
d1_c5               =  1.80000e+00
d0_c5               =  1.80000e+00
busy_c1_p0          =  1.80000e+00
smpl_c1_p0          =  -3.12226e-05
busy_c1_p1          =  1.80000e+00
smpl_c1_p1          =  4.27089e-06
busy_c1_p2          =  1.80000e+00
smpl_c1_p2          =  1.02749e-05
busy_c1_p3          =  1.80000e+00
smpl_c1_p3          =  4.37336e-06
busy_c1_p4          =  1.80000e+00
smpl_c1_p4          =  4.36361e-06
busy_c1_p5          =  1.80000e+00
smpl_c1_p5          =  4.35301e-06
busy_c1_p6          =  1.80000e+00
smpl_c1_p6          =  4.35623e-06
busy_c1_p7          =  1.80000e+00
smpl_c1_p7          =  4.35155e-06
busy_c1_p8          =  1.80000e+00
smpl_c1_p8          =  4.36307e-06
busy_c1_p9          =  1.80000e+00
smpl_c1_p9          =  4.35916e-06
busy_c1_p10         =  1.80000e+00
smpl_c1_p10         =  4.35751e-06
busy_c1_p11         =  1.95200e-06
smpl_c1_p11         =  1.80001e+00
busy_c2_p0          =  1.80000e+00
smpl_c2_p0          =  -3.09482e-05
busy_c2_p1          =  1.80000e+00
smpl_c2_p1          =  4.43516e-06
busy_c2_p2          =  1.80000e+00
smpl_c2_p2          =  4.49941e-06
busy_c2_p3          =  1.80000e+00
smpl_c2_p3          =  4.43284e-06
busy_c2_p4          =  1.80000e+00
smpl_c2_p4          =  4.47215e-06
busy_c2_p5          =  1.80000e+00
smpl_c2_p5          =  4.49483e-06
busy_c2_p6          =  1.80000e+00
smpl_c2_p6          =  4.51688e-06
busy_c2_p7          =  1.80000e+00
smpl_c2_p7          =  4.51433e-06
busy_c2_p8          =  1.80000e+00
smpl_c2_p8          =  4.51798e-06
busy_c2_p9          =  1.80000e+00
smpl_c2_p9          =  4.52303e-06
busy_c2_p10         =  1.80000e+00
smpl_c2_p10         =  4.51564e-06
busy_c2_p11         =  -5.44358e-06
smpl_c2_p11         =  1.80001e+00
busy_c3_p0          =  1.80000e+00
smpl_c3_p0          =  -3.11747e-05
busy_c3_p1          =  1.80000e+00
smpl_c3_p1          =  4.41288e-06
busy_c3_p2          =  1.80000e+00
smpl_c3_p2          =  4.43537e-06
busy_c3_p3          =  1.80000e+00
smpl_c3_p3          =  4.47128e-06
busy_c3_p4          =  1.80000e+00
smpl_c3_p4          =  4.51594e-06
busy_c3_p5          =  1.80000e+00
smpl_c3_p5          =  4.55304e-06
busy_c3_p6          =  1.80000e+00
smpl_c3_p6          =  4.57028e-06
busy_c3_p7          =  1.80000e+00
smpl_c3_p7          =  4.58718e-06
busy_c3_p8          =  1.80000e+00
smpl_c3_p8          =  4.58576e-06
busy_c3_p9          =  1.80000e+00
smpl_c3_p9          =  4.59324e-06
busy_c3_p10         =  1.80000e+00
smpl_c3_p10         =  4.59629e-06
busy_c3_p11         =  -4.73228e-06
smpl_c3_p11         =  1.80001e+00
busy_c4_p0          =  1.80000e+00
smpl_c4_p0          =  -3.12920e-05
busy_c4_p1          =  1.80000e+00
smpl_c4_p1          =  4.43771e-06
busy_c4_p2          =  1.80000e+00
smpl_c4_p2          =  4.50594e-06
busy_c4_p3          =  1.80000e+00
smpl_c4_p3          =  4.43689e-06
busy_c4_p4          =  1.80000e+00
smpl_c4_p4          =  4.47307e-06
busy_c4_p5          =  1.80000e+00
smpl_c4_p5          =  4.50227e-06
busy_c4_p6          =  1.80000e+00
smpl_c4_p6          =  4.51194e-06
busy_c4_p7          =  1.80000e+00
smpl_c4_p7          =  4.51981e-06
busy_c4_p8          =  1.80000e+00
smpl_c4_p8          =  4.51670e-06
busy_c4_p9          =  1.80000e+00
smpl_c4_p9          =  4.52565e-06
busy_c4_p10         =  1.80000e+00
smpl_c4_p10         =  4.52060e-06
busy_c4_p11         =  -5.32236e-06
smpl_c4_p11         =  1.80001e+00
busy_c5_p0          =  1.80000e+00
smpl_c5_p0          =  -3.12736e-05
busy_c5_p1          =  1.80000e+00
smpl_c5_p1          =  4.28671e-06
busy_c5_p2          =  1.80000e+00
smpl_c5_p2          =  1.02335e-05
busy_c5_p3          =  1.80000e+00
smpl_c5_p3          =  1.13792e-05
busy_c5_p4          =  1.80000e+00
smpl_c5_p4          =  1.03132e-05
busy_c5_p5          =  1.80000e+00
smpl_c5_p5          =  8.85693e-06
busy_c5_p6          =  1.80000e+00
smpl_c5_p6          =  7.41959e-06
busy_c5_p7          =  1.80000e+00
smpl_c5_p7          =  6.42442e-06
busy_c5_p8          =  1.80000e+00
smpl_c5_p8          =  5.83390e-06
busy_c5_p9          =  1.80000e+00
smpl_c5_p9          =  5.47020e-06
busy_c5_p10         =  1.80000e+00
smpl_c5_p10         =  5.16122e-06
busy_c5_p11         =  -9.42700e-07
smpl_c5_p11         =  1.80001e+00
i_vdd               =  -2.09829e-06 from=  3.20000e-06 to=  4.20009e-06
i_vpwr              =  -7.30788e-06 from=  3.20000e-06 to=  4.20009e-06
i_vrefp             =  -6.66593e-06 from=  3.20000e-06 to=  4.20009e-06
i_vrefn             =  6.65485e-06 from=  3.20000e-06 to=  4.20009e-06
i_vcm               =  1.23476e-08 from=  3.20000e-06 to=  4.20009e-06


Total analysis time (seconds) = 340.933

Total elapsed time (seconds) = 382.193 

Total DRAM available = 98304.000 MB.
DRAM currently available = 26020.625 MB.
Maximum ngspice program size =  818.969 MB.
Current ngspice program size =  818.969 MB.

