
Note: Compatibility modes selected: hs a


Circuit: * sim/full-conversion-transient -- end-to-end full-conversion transient

option SCALE: Scale is set to 1e-06 for instance and model parameters
option SCALE: Scale is set to 1e-06 for instance and model parameters
option SCALE: Scale is set to 1e-06 for instance and model parameters
option SCALE: Scale is set to 1e-06 for instance and model parameters
Doing analysis at TEMP = -40.000000 and TNOM = 27.000000

Using KLU as Direct Linear Solver
 Reference value :  0.00000e+00
 Reference value :  9.14000e-09
 Reference value :  2.03500e-08
 Reference value :  2.67500e-08
 Reference value :  3.57500e-08
 Reference value :  4.42500e-08
 Reference value :  5.27500e-08
 Reference value :  6.22500e-08
 Reference value :  7.07500e-08
 Reference value :  7.92500e-08
 Reference value :  8.82500e-08
 Reference value :  9.72500e-08
 Reference value :  1.05750e-07
 Reference value :  1.14750e-07
 Reference value :  1.25250e-07
 Reference value :  1.34250e-07
 Reference value :  1.43250e-07
 Reference value :  1.52250e-07
 Reference value :  1.63750e-07
 Reference value :  1.76250e-07
 Reference value :  1.88750e-07
 Reference value :  1.99650e-07
 Reference value :  2.00500e-07
 Reference value :  2.00937e-07
 Reference value :  2.01879e-07
 Reference value :  2.08846e-07
 Reference value :  2.16346e-07
 Reference value :  2.25346e-07
 Reference value :  2.34346e-07
 Reference value :  2.41517e-07
 Reference value :  2.43249e-07
 Reference value :  2.44530e-07
 Reference value :  2.50777e-07
 Reference value :  2.59277e-07
 Reference value :  2.67777e-07
 Reference value :  2.76777e-07
 Reference value :  2.83418e-07
 Reference value :  2.83941e-07
 Reference value :  2.84417e-07
 Reference value :  2.85732e-07
 Reference value :  2.92732e-07
 Reference value :  3.01232e-07
 Reference value :  3.09732e-07
 Reference value :  3.18232e-07
 Reference value :  3.25175e-07
 Reference value :  3.27476e-07
 Reference value :  3.35476e-07
 Reference value :  3.43976e-07
 Reference value :  3.52476e-07
 Reference value :  3.60976e-07
 Reference value :  3.66751e-07
 Reference value :  3.67358e-07
 Reference value :  3.71493e-07
 Reference value :  3.79493e-07
 Reference value :  3.88493e-07
 Reference value :  3.96993e-07
 Reference value :  4.05493e-07
 Reference value :  4.08883e-07
 Reference value :  4.13257e-07
 Reference value :  4.21757e-07
 Reference value :  4.30257e-07
 Reference value :  4.38757e-07
 Reference value :  4.47257e-07
 Reference value :  4.50084e-07
 Reference value :  4.50691e-07
 Reference value :  4.54556e-07
 Reference value :  4.62056e-07
 Reference value :  4.70556e-07
 Reference value :  4.79556e-07
 Reference value :  4.88056e-07
 Reference value :  4.92167e-07
 Reference value :  4.95528e-07
 Reference value :  4.98528e-07
 Reference value :  5.05528e-07
 Reference value :  5.14528e-07
 Reference value :  5.23028e-07
 Reference value :  5.31528e-07
 Reference value :  5.33625e-07
 Reference value :  5.34338e-07
 Reference value :  5.34922e-07
 Reference value :  5.39674e-07
 Reference value :  5.48674e-07
 Reference value :  5.56674e-07
 Reference value :  5.65174e-07
 Reference value :  5.73674e-07
 Reference value :  5.75650e-07
 Reference value :  5.80378e-07
 Reference value :  5.88878e-07
 Reference value :  5.97878e-07
 Reference value :  6.05378e-07
 Reference value :  6.10878e-07
 Reference value :  6.16751e-07
 Reference value :  6.17546e-07
 Reference value :  6.18200e-07
 Reference value :  6.23529e-07
 Reference value :  6.32029e-07
 Reference value :  6.41029e-07
 Reference value :  6.49529e-07
 Reference value :  6.57883e-07
 Reference value :  6.59183e-07
 Reference value :  6.65729e-07
 Reference value :  6.76229e-07
 Reference value :  6.86229e-07
 Reference value :  6.94729e-07
 Reference value :  7.00084e-07
 Reference value :  7.00689e-07
 Reference value :  7.04302e-07
 Reference value :  7.12802e-07
 Reference value :  7.21802e-07
 Reference value :  7.30302e-07
 Reference value :  7.39302e-07
 Reference value :  7.43248e-07
 Reference value :  7.51552e-07
 Reference value :  7.61052e-07
 Reference value :  7.69552e-07
 Reference value :  7.78052e-07
 Reference value :  7.83417e-07
 Reference value :  7.83949e-07
 Reference value :  7.87154e-07
 Reference value :  7.96654e-07
 Reference value :  8.05154e-07
 Reference value :  8.14154e-07
 Reference value :  8.23654e-07
 Reference value :  8.25850e-07
 Reference value :  8.31881e-07
 Reference value :  8.41381e-07
 Reference value :  8.50381e-07
 Reference value :  8.59381e-07
 Reference value :  8.66167e-07
 Reference value :  8.67167e-07
 Reference value :  8.67506e-07
 Reference value :  8.68723e-07
 Reference value :  8.75529e-07
 Reference value :  8.85029e-07
 Reference value :  8.94529e-07
 Reference value :  9.03029e-07
 Reference value :  9.08833e-07
 Reference value :  9.13217e-07
 Reference value :  9.23717e-07
 Reference value :  9.33717e-07
 Reference value :  9.46217e-07
 Reference value :  9.50084e-07
 Reference value :  9.50864e-07
 Reference value :  9.57156e-07
 Reference value :  9.66156e-07
 Reference value :  9.77156e-07
 Reference value :  9.85656e-07
 Reference value :  9.92167e-07
 Reference value :  9.96549e-07
 Reference value :  1.00455e-06
 Reference value :  1.01505e-06
 Reference value :  1.02405e-06
 Reference value :  1.03288e-06
 Reference value :  1.03383e-06
 Reference value :  1.03472e-06
 Reference value :  1.04192e-06
 Reference value :  1.05042e-06
 Reference value :  1.06242e-06
 Reference value :  1.07192e-06
 Reference value :  1.07550e-06
 Reference value :  1.07938e-06
 Reference value :  1.08838e-06
 Reference value :  1.09738e-06
 Reference value :  1.10588e-06
 Reference value :  1.11538e-06
 Reference value :  1.11696e-06
 Reference value :  1.11757e-06
 Reference value :  1.11840e-06
 Reference value :  1.12717e-06
 Reference value :  1.13617e-06
 Reference value :  1.14517e-06
 Reference value :  1.15567e-06
 Reference value :  1.15918e-06
 Reference value :  1.16071e-06
 Reference value :  1.16957e-06
 Reference value :  1.18357e-06
 Reference value :  1.19807e-06
 Reference value :  1.20053e-06
 Reference value :  1.20128e-06
 Reference value :  1.20976e-06
 Reference value :  1.22226e-06
 Reference value :  1.23126e-06
 Reference value :  1.24026e-06
 Reference value :  1.24252e-06
 Reference value :  1.24378e-06
 Reference value :  1.24877e-06
 Reference value :  1.25877e-06
 Reference value :  1.26727e-06
 Reference value :  1.27727e-06
 Reference value :  1.28342e-06
 Reference value :  1.28394e-06
 Reference value :  1.28445e-06
 Reference value :  1.28550e-06
 Reference value :  1.29277e-06
 Reference value :  1.30177e-06
 Reference value :  1.31027e-06
 Reference value :  1.31927e-06
 Reference value :  1.32550e-06
 Reference value :  1.32831e-06
 Reference value :  1.33681e-06
 Reference value :  1.34131e-06
 Reference value :  1.34981e-06
 Reference value :  1.35831e-06
 Reference value :  1.36622e-06
 Reference value :  1.36720e-06
 Reference value :  1.36776e-06
 Reference value :  1.37000e-06
 Reference value :  1.37900e-06
 Reference value :  1.38850e-06
 Reference value :  1.39750e-06
 Reference value :  1.40700e-06
 Reference value :  1.40992e-06
 Reference value :  1.41783e-06
 Reference value :  1.42683e-06
 Reference value :  1.43683e-06
 Reference value :  1.44583e-06
 Reference value :  1.45029e-06
 Reference value :  1.45112e-06
 Reference value :  1.45733e-06
 Reference value :  1.46733e-06
 Reference value :  1.47683e-06
 Reference value :  1.48583e-06
 Reference value :  1.49217e-06
 Reference value :  1.49661e-06
 Reference value :  1.50711e-06
 Reference value :  1.51611e-06
 Reference value :  1.52561e-06
 Reference value :  1.53342e-06
 Reference value :  1.53387e-06
 Reference value :  1.53615e-06
 Reference value :  1.54365e-06
 Reference value :  1.55415e-06
 Reference value :  1.56265e-06
 Reference value :  1.57165e-06
 Reference value :  1.57555e-06
 Reference value :  1.57989e-06
 Reference value :  1.58939e-06
 Reference value :  1.59839e-06
 Reference value :  1.60839e-06
 Reference value :  1.61632e-06
 Reference value :  1.61717e-06
 Reference value :  1.61842e-06
 Reference value :  1.62592e-06
 Reference value :  1.63492e-06
 Reference value :  1.64392e-06
 Reference value :  1.65242e-06
 Reference value :  1.65883e-06
 Reference value :  1.66221e-06
 Reference value :  1.67021e-06
 Reference value :  1.67871e-06
 Reference value :  1.68571e-06
 Reference value :  1.69121e-06
 Reference value :  1.69950e-06
 Reference value :  1.70050e-06
 Reference value :  1.70103e-06
 Reference value :  1.70266e-06
 Reference value :  1.70966e-06
 Reference value :  1.71816e-06
 Reference value :  1.72666e-06
 Reference value :  1.73516e-06
 Reference value :  1.74184e-06
 Reference value :  1.74362e-06
 Reference value :  1.75155e-06
 Reference value :  1.76005e-06
 Reference value :  1.76855e-06
 Reference value :  1.77705e-06
 Reference value :  1.78342e-06
 Reference value :  1.78395e-06
 Reference value :  1.78504e-06
 Reference value :  1.79404e-06
 Reference value :  1.80254e-06
 Reference value :  1.81104e-06
 Reference value :  1.82004e-06
 Reference value :  1.82550e-06
 Reference value :  1.82938e-06
 Reference value :  1.83738e-06
 Reference value :  1.84588e-06
 Reference value :  1.85438e-06
 Reference value :  1.86188e-06
 Reference value :  1.86675e-06
 Reference value :  1.86729e-06
 Reference value :  1.86760e-06
 Reference value :  1.86827e-06
 Reference value :  1.87458e-06
 Reference value :  1.88308e-06
 Reference value :  1.89158e-06
 Reference value :  1.90008e-06
 Reference value :  1.90788e-06
 Reference value :  1.90952e-06
 Reference value :  1.91572e-06
 Reference value :  1.92422e-06
 Reference value :  1.93222e-06
 Reference value :  1.94122e-06
 Reference value :  1.94955e-06
 Reference value :  1.95050e-06
 Reference value :  1.95079e-06
 Reference value :  1.95140e-06
 Reference value :  1.95502e-06
 Reference value :  1.96352e-06
 Reference value :  1.97202e-06
 Reference value :  1.98102e-06
 Reference value :  1.98952e-06
 Reference value :  1.99232e-06
 Reference value :  1.99755e-06
 Reference value :  2.00605e-06
 Reference value :  2.01505e-06
 Reference value :  2.02355e-06
 Reference value :  2.03155e-06
 Reference value :  2.03363e-06
 Reference value :  2.03426e-06
 Reference value :  2.03554e-06
 Reference value :  2.04404e-06
 Reference value :  2.05304e-06
 Reference value :  2.06154e-06
 Reference value :  2.07004e-06
 Reference value :  2.07550e-06
 Reference value :  2.07888e-06
 Reference value :  2.08888e-06
 Reference value :  2.09988e-06
 Reference value :  2.10888e-06
 Reference value :  2.11617e-06
 Reference value :  2.11717e-06
 Reference value :  2.11765e-06
 Reference value :  2.11910e-06
 Reference value :  2.12807e-06
 Reference value :  2.13657e-06
 Reference value :  2.14607e-06
 Reference value :  2.15507e-06
 Reference value :  2.15888e-06
 Reference value :  2.16102e-06
 Reference value :  2.16820e-06
 Reference value :  2.17670e-06
 Reference value :  2.18520e-06
 Reference value :  2.19370e-06
 Reference value :  2.20008e-06
 Reference value :  2.20059e-06
 Reference value :  2.20103e-06
 Reference value :  2.20435e-06
 Reference value :  2.21135e-06
 Reference value :  2.21935e-06
 Reference value :  2.22785e-06
 Reference value :  2.23635e-06
 Reference value :  2.24217e-06
 Reference value :  2.24386e-06
 Reference value :  2.24808e-06
 Reference value :  2.25608e-06
 Reference value :  2.26508e-06
 Reference value :  2.27408e-06
 Reference value :  2.28283e-06
 Reference value :  2.28383e-06
 Reference value :  2.28434e-06
 Reference value :  2.28501e-06
 Reference value :  2.28923e-06
 Reference value :  2.29723e-06
 Reference value :  2.30573e-06
 Reference value :  2.31423e-06
 Reference value :  2.32273e-06
 Reference value :  2.32555e-06
 Reference value :  2.32938e-06
 Reference value :  2.33738e-06
 Reference value :  2.34588e-06
 Reference value :  2.35288e-06
 Reference value :  2.36188e-06
 Reference value :  2.36675e-06
 Reference value :  2.36735e-06
 Reference value :  2.36926e-06
 Reference value :  2.37776e-06
 Reference value :  2.38626e-06
 Reference value :  2.39476e-06
 Reference value :  2.40326e-06
 Reference value :  2.40883e-06
 Reference value :  2.41171e-06
 Reference value :  2.41971e-06
 Reference value :  2.42821e-06
 Reference value :  2.43221e-06
 Reference value :  2.43821e-06
 Reference value :  2.44671e-06
 Reference value :  2.45029e-06
 Reference value :  2.45099e-06
 Reference value :  2.45211e-06
 Reference value :  2.45890e-06
 Reference value :  2.46740e-06
 Reference value :  2.47640e-06
 Reference value :  2.48740e-06
 Reference value :  2.49217e-06
 Reference value :  2.49504e-06
 Reference value :  2.50304e-06
 Reference value :  2.51154e-06
 Reference value :  2.51854e-06
 Reference value :  2.52704e-06
 Reference value :  2.53342e-06
 Reference value :  2.53393e-06
 Reference value :  2.53442e-06
 Reference value :  2.54043e-06
 Reference value :  2.54893e-06
 Reference value :  2.55743e-06
 Reference value :  2.56593e-06
 Reference value :  2.57421e-06
 Reference value :  2.57585e-06
 Reference value :  2.58138e-06
 Reference value :  2.58988e-06
 Reference value :  2.59788e-06
 Reference value :  2.60488e-06
 Reference value :  2.61338e-06
 Reference value :  2.61675e-06
 Reference value :  2.61735e-06
 Reference value :  2.61832e-06
 Reference value :  2.62626e-06
 Reference value :  2.63426e-06
 Reference value :  2.64276e-06
 Reference value :  2.65126e-06
 Reference value :  2.65798e-06
 Reference value :  2.65952e-06
 Reference value :  2.66521e-06
 Reference value :  2.67371e-06
 Reference value :  2.68121e-06
 Reference value :  2.68821e-06
 Reference value :  2.69671e-06
 Reference value :  2.70008e-06
 Reference value :  2.70068e-06
 Reference value :  2.70210e-06
 Reference value :  2.71060e-06
 Reference value :  2.71910e-06
 Reference value :  2.72760e-06
 Reference value :  2.73610e-06
 Reference value :  2.74217e-06
 Reference value :  2.74505e-06
 Reference value :  2.75305e-06
 Reference value :  2.76155e-06
 Reference value :  2.76855e-06
 Reference value :  2.77655e-06
 Reference value :  2.78342e-06
 Reference value :  2.78395e-06
 Reference value :  2.78446e-06
 Reference value :  2.79126e-06
 Reference value :  2.79976e-06
 Reference value :  2.80826e-06
 Reference value :  2.81676e-06
 Reference value :  2.82455e-06
 Reference value :  2.82618e-06
 Reference value :  2.83188e-06
 Reference value :  2.84038e-06
 Reference value :  2.84788e-06
 Reference value :  2.85488e-06
 Reference value :  2.86338e-06
 Reference value :  2.86675e-06
 Reference value :  2.86698e-06
 Reference value :  2.86730e-06
 Reference value :  2.86911e-06
 Reference value :  2.87761e-06
 Reference value :  2.88661e-06
 Reference value :  2.89511e-06
 Reference value :  2.90311e-06
 Reference value :  2.90883e-06
 Reference value :  2.91221e-06
 Reference value :  2.92021e-06
 Reference value :  2.92871e-06
 Reference value :  2.93521e-06
 Reference value :  2.94521e-06
 Reference value :  2.95025e-06
 Reference value :  2.95056e-06
 Reference value :  2.95101e-06
 Reference value :  2.95660e-06
 Reference value :  2.96560e-06
 Reference value :  2.97410e-06
 Reference value :  2.98310e-06
 Reference value :  2.99117e-06
 Reference value :  2.99285e-06
 Reference value :  2.99904e-06
 Reference value :  3.00804e-06
 Reference value :  3.01554e-06
 Reference value :  3.02204e-06
 Reference value :  3.03104e-06
 Reference value :  3.03363e-06
 Reference value :  3.03431e-06
 Reference value :  3.03838e-06
 Reference value :  3.04688e-06
 Reference value :  3.05538e-06
 Reference value :  3.06388e-06
 Reference value :  3.07238e-06
 Reference value :  3.07555e-06
 Reference value :  3.07938e-06
 Reference value :  3.08738e-06
 Reference value :  3.09588e-06
 Reference value :  3.10188e-06
 Reference value :  3.10988e-06
 Reference value :  3.11696e-06
 Reference value :  3.11777e-06
 Reference value :  3.12528e-06
 Reference value :  3.13778e-06
 Reference value :  3.15028e-06
 Reference value :  3.15883e-06
 Reference value :  3.16309e-06
 Reference value :  3.17350e-06
 Reference value :  3.18600e-06
 Reference value :  3.19800e-06
 Reference value :  3.20050e-06
 Reference value :  3.20101e-06
 Reference value :  3.20327e-06
 Reference value :  3.20977e-06
 Reference value :  3.21727e-06
 Reference value :  3.22577e-06
 Reference value :  3.23427e-06
 Reference value :  3.24152e-06
 Reference value :  3.24325e-06
 Reference value :  3.24636e-06
 Reference value :  3.24886e-06
 Reference value :  3.25270e-06
 Reference value :  3.26020e-06
 Reference value :  3.26870e-06
 Reference value :  3.27770e-06
 Reference value :  3.28342e-06
 Reference value :  3.28393e-06
 Reference value :  3.28455e-06
 Reference value :  3.29158e-06
 Reference value :  3.30008e-06
 Reference value :  3.30858e-06
 Reference value :  3.31708e-06
 Reference value :  3.32465e-06
 Reference value :  3.32658e-06
 Reference value :  3.32858e-06
 Reference value :  3.33408e-06
 Reference value :  3.34258e-06
 Reference value :  3.35108e-06
 Reference value :  3.36008e-06
 Reference value :  3.36675e-06
 Reference value :  3.36735e-06
 Reference value :  3.36791e-06
 Reference value :  3.36955e-06
 Reference value :  3.37605e-06
 Reference value :  3.38455e-06
 Reference value :  3.39305e-06
 Reference value :  3.40155e-06
 Reference value :  3.40851e-06
 Reference value :  3.40992e-06
 Reference value :  3.41191e-06
 Reference value :  3.41791e-06
 Reference value :  3.42841e-06
 Reference value :  3.44041e-06
 Reference value :  3.45008e-06
 Reference value :  3.45100e-06
 Reference value :  3.45164e-06
 Reference value :  3.45738e-06
 Reference value :  3.46488e-06
 Reference value :  3.47338e-06
 Reference value :  3.48188e-06
 Reference value :  3.49078e-06
 Reference value :  3.49252e-06
 Reference value :  3.49525e-06
 Reference value :  3.50075e-06
 Reference value :  3.50775e-06
 Reference value :  3.51625e-06
 Reference value :  3.52475e-06
 Reference value :  3.53283e-06
 Reference value :  3.53383e-06
 Reference value :  3.53433e-06
 Reference value :  3.53496e-06
 Reference value :  3.54021e-06
 Reference value :  3.54771e-06
 Reference value :  3.55621e-06
 Reference value :  3.56471e-06
 Reference value :  3.57321e-06
 Reference value :  3.57565e-06
 Reference value :  3.57809e-06
 Reference value :  3.58209e-06
 Reference value :  3.58959e-06
 Reference value :  3.59859e-06
 Reference value :  3.60709e-06
 Reference value :  3.61559e-06
 Reference value :  3.61696e-06
 Reference value :  3.61766e-06
 Reference value :  3.61829e-06
 Reference value :  3.62403e-06
 Reference value :  3.63103e-06
 Reference value :  3.64003e-06
 Reference value :  3.64853e-06
 Reference value :  3.65703e-06
 Reference value :  3.65898e-06
 Reference value :  3.66189e-06
 Reference value :  3.66679e-06
 Reference value :  3.67529e-06
 Reference value :  3.68379e-06
 Reference value :  3.69329e-06
 Reference value :  3.70008e-06
 Reference value :  3.70068e-06
 Reference value :  3.70114e-06
 Reference value :  3.70243e-06
 Reference value :  3.70893e-06
 Reference value :  3.71693e-06
 Reference value :  3.72543e-06
 Reference value :  3.73393e-06
 Reference value :  3.74132e-06
 Reference value :  3.74285e-06
 Reference value :  3.74485e-06
 Reference value :  3.74895e-06
 Reference value :  3.75745e-06
 Reference value :  3.76645e-06
 Reference value :  3.77495e-06
 Reference value :  3.78288e-06
 Reference value :  3.78383e-06
 Reference value :  3.78431e-06
 Reference value :  3.78541e-06
 Reference value :  3.79179e-06
 Reference value :  3.79879e-06
 Reference value :  3.80679e-06
 Reference value :  3.81529e-06
 Reference value :  3.82379e-06
 Reference value :  3.82565e-06
 Reference value :  3.82820e-06
 Reference value :  3.83187e-06
 Reference value :  3.83987e-06
 Reference value :  3.84887e-06
 Reference value :  3.85737e-06
 Reference value :  3.86577e-06
 Reference value :  3.86696e-06
 Reference value :  3.86728e-06
 Reference value :  3.86767e-06
 Reference value :  3.86829e-06
 Reference value :  3.87445e-06
 Reference value :  3.88245e-06
 Reference value :  3.89095e-06
 Reference value :  3.90145e-06
 Reference value :  3.90851e-06
 Reference value :  3.91029e-06
 Reference value :  3.91153e-06
 Reference value :  3.91628e-06
 Reference value :  3.92478e-06
 Reference value :  3.93378e-06
 Reference value :  3.94278e-06
 Reference value :  3.94982e-06
 Reference value :  3.95051e-06
 Reference value :  3.95100e-06
 Reference value :  3.95229e-06
 Reference value :  3.95929e-06
 Reference value :  3.96779e-06
 Reference value :  3.97679e-06
 Reference value :  3.98529e-06
 Reference value :  3.99217e-06
 Reference value :  3.99487e-06
 Reference value :  3.99724e-06
 Reference value :  4.00474e-06
 Reference value :  4.01324e-06
 Reference value :  4.02174e-06
 Reference value :  4.03074e-06
 Reference value :  4.03363e-06
 Reference value :  4.03426e-06
 Reference value :  4.03470e-06
 Reference value :  4.04261e-06
 Reference value :  4.05211e-06
 Reference value :  4.06061e-06
 Reference value :  4.06911e-06
 Reference value :  4.07550e-06
 Reference value :  4.07819e-06
 Reference value :  4.08043e-06
 Reference value :  4.08893e-06
 Reference value :  4.09743e-06
 Reference value :  4.10593e-06
 Reference value :  4.11443e-06
 Reference value :  4.11696e-06
 Reference value :  4.11762e-06
 Reference value :  4.11827e-06
 Reference value :  4.12508e-06
 Reference value :  4.13358e-06
 Reference value :  4.14258e-06
 Reference value :  4.15108e-06
 Reference value :  4.15818e-06
 Reference value :  4.15990e-06
 Reference value :  4.16320e-06
 Reference value :  4.17120e-06
 Reference value :  4.18020e-06
 Reference value :  4.18970e-06
 Reference value :  4.19820e-06
 Reference value :  4.20029e-06
 Reference value :  4.20085e-06
 Reference value :  4.20188e-06
 Reference value :  4.21037e-06
 Reference value :  4.21887e-06
 Reference value :  4.22787e-06
 Reference value :  4.23637e-06
 Reference value :  4.24217e-06
 Reference value :  4.24386e-06
 Reference value :  4.25008e-06
 Reference value :  4.25858e-06
 Reference value :  4.26708e-06
 Reference value :  4.27558e-06
 Reference value :  4.28318e-06
 Reference value :  4.28383e-06
 Reference value :  4.28439e-06
 Reference value :  4.28953e-06
 Reference value :  4.29803e-06
 Reference value :  4.30653e-06
 Reference value :  4.31503e-06
 Reference value :  4.32403e-06
 Reference value :  4.32585e-06
 Reference value :  4.33188e-06
 Reference value :  4.34038e-06
 Reference value :  4.34938e-06
 Reference value :  4.35238e-06
 Reference value :  4.35988e-06
 Reference value :  4.36675e-06
 Reference value :  4.36735e-06
 Reference value :  4.36795e-06
 Reference value :  4.37183e-06
 Reference value :  4.37933e-06
 Reference value :  4.38833e-06
 Reference value :  4.39683e-06
 Reference value :  4.40583e-06
 Reference value :  4.40888e-06
 Reference value :  4.41321e-06
 Reference value :  4.42221e-06
 Reference value :  4.43021e-06
 Reference value :  4.43771e-06
 Reference value :  4.44621e-06
 Reference value :  4.45008e-06
 Reference value :  4.45099e-06
 Reference value :  4.45541e-06
 Reference value :  4.46391e-06
 Reference value :  4.47241e-06
 Reference value :  4.48041e-06
 Reference value :  4.48891e-06
 Reference value :  4.49222e-06
 Reference value :  4.49654e-06
 Reference value :  4.50454e-06
 Reference value :  4.51304e-06
 Reference value :  4.51754e-06
 Reference value :  4.52404e-06
 Reference value :  4.53244e-06
 Reference value :  4.53363e-06
 Reference value :  4.53423e-06
 Reference value :  4.53474e-06
 Reference value :  4.53949e-06
 Reference value :  4.54749e-06
 Reference value :  4.55599e-06
 Reference value :  4.56449e-06
 Reference value :  4.57299e-06
 Reference value :  4.57555e-06
 Reference value :  4.57988e-06
 Reference value :  4.58788e-06
 Reference value :  4.59688e-06
 Reference value :  4.60088e-06
 Reference value :  4.60788e-06
 Reference value :  4.61617e-06
 Reference value :  4.61696e-06
 Reference value :  4.61756e-06
 Reference value :  4.61807e-06
 Reference value :  4.62177e-06
 Reference value :  4.62927e-06
 Reference value :  4.63777e-06
 Reference value :  4.64627e-06
 Reference value :  4.65477e-06
 Reference value :  4.65883e-06
 Reference value :  4.66221e-06
 Reference value :  4.67071e-06
 Reference value :  4.67971e-06
 Reference value :  4.68321e-06
 Reference value :  4.68971e-06
 Reference value :  4.69821e-06
 Reference value :  4.70029e-06
 Reference value :  4.70089e-06
 Reference value :  4.70127e-06
 Reference value :  4.70509e-06
 Reference value :  4.71309e-06
 Reference value :  4.72159e-06
 Reference value :  4.73009e-06
 Reference value :  4.73909e-06
 Reference value :  4.74222e-06
 Reference value :  4.74655e-06
 Reference value :  4.75455e-06
 Reference value :  4.76305e-06
 Reference value :  4.76655e-06
 Reference value :  4.77355e-06
 Reference value :  4.78244e-06
 Reference value :  4.78363e-06
 Reference value :  4.78411e-06
 Reference value :  4.78458e-06
 Reference value :  4.78853e-06
 Reference value :  4.79603e-06
 Reference value :  4.80403e-06
 Reference value :  4.81303e-06
 Reference value :  4.82203e-06
 Reference value :  4.82555e-06
 Reference value :  4.82988e-06
 Reference value :  4.83838e-06
 Reference value :  4.84688e-06
 Reference value :  4.85038e-06
 Reference value :  4.85738e-06
 Reference value :  4.86577e-06
 Reference value :  4.86696e-06
 Reference value :  4.86698e-06
 Reference value :  4.86729e-06
 Reference value :  4.86764e-06
 Reference value :  4.86902e-06
 Reference value :  4.87651e-06
 Reference value :  4.88501e-06
 Reference value :  4.89351e-06
 Reference value :  4.90501e-06
 Reference value :  4.90888e-06
 Reference value :  4.91321e-06
 Reference value :  4.92121e-06
 Reference value :  4.92971e-06
 Reference value :  4.93421e-06
 Reference value :  4.94171e-06
 Reference value :  4.94955e-06
 Reference value :  4.95057e-06
 Reference value :  4.95106e-06
 Reference value :  4.95180e-06
 Reference value :  4.95863e-06
 Reference value :  4.96663e-06
 Reference value :  4.97513e-06
 Reference value :  4.98363e-06
 Reference value :  4.99122e-06
 Reference value :  4.99285e-06
 Reference value :  4.99904e-06
 Reference value :  5.00754e-06
 Reference value :  5.01554e-06
 Reference value :  5.02304e-06
 Reference value :  5.03204e-06
 Reference value :  5.03363e-06
 Reference value :  5.03428e-06
 Reference value :  5.03517e-06
 Reference value :  5.04317e-06
 Reference value :  5.05167e-06
 Reference value :  5.06017e-06
 Reference value :  5.06867e-06
 Reference value :  5.07517e-06
 Reference value :  5.07695e-06
 Reference value :  5.08438e-06
 Reference value :  5.09288e-06
 Reference value :  5.09938e-06
 Reference value :  5.10688e-06
 Reference value :  5.11577e-06
 Reference value :  5.11717e-06
 Reference value :  5.11768e-06
 Reference value :  5.11971e-06
 Reference value :  5.12821e-06
 Reference value :  5.13721e-06
 Reference value :  5.14621e-06
 Reference value :  5.15521e-06
 Reference value :  5.15888e-06
 Reference value :  5.16048e-06
 Reference value :  5.16658e-06
 Reference value :  5.17558e-06
 Reference value :  5.18408e-06
 Reference value :  5.19308e-06
 Reference value :  5.20008e-06
 Reference value :  5.20068e-06
 Reference value :  5.20128e-06
 Reference value :  5.20984e-06
 Reference value :  5.21934e-06
 Reference value :  5.22784e-06
 Reference value :  5.23634e-06
 Reference value :  5.24217e-06
 Reference value :  5.24378e-06
 Reference value :  5.25027e-06
 Reference value :  5.25927e-06
 Reference value :  5.26827e-06
 Reference value :  5.27727e-06
 Reference value :  5.28342e-06
 Reference value :  5.28395e-06
 Reference value :  5.28464e-06
 Reference value :  5.29225e-06
 Reference value :  5.30125e-06
 Reference value :  5.31075e-06
 Reference value :  5.31975e-06
 Reference value :  5.32550e-06
 Reference value :  5.32831e-06
 Reference value :  5.33681e-06
 Reference value :  5.34381e-06
 Reference value :  5.35281e-06
 Reference value :  5.36131e-06
 Reference value :  5.36675e-06
 Reference value :  5.36767e-06
 Reference value :  5.37208e-06
 Reference value :  5.38108e-06
 Reference value :  5.38958e-06
 Reference value :  5.39858e-06
 Reference value :  5.40708e-06
 Reference value :  5.40898e-06
 Reference value :  5.41533e-06
 Reference value :  5.42483e-06
 Reference value :  5.43333e-06
 Reference value :  5.44283e-06
 Reference value :  5.44985e-06
 Reference value :  5.45053e-06
 Reference value :  5.45667e-06
 Reference value :  5.46517e-06
 Reference value :  5.47367e-06
 Reference value :  5.48217e-06
 Reference value :  5.49117e-06
 Reference value :  5.49252e-06
 Reference value :  5.49965e-06
 Reference value :  5.50815e-06
 Reference value :  5.51665e-06
 Reference value :  5.52515e-06
 Reference value :  5.53288e-06
 Reference value :  5.53383e-06
 Reference value :  5.53750e-06
 Reference value :  5.54650e-06
 Reference value :  5.55500e-06
 Reference value :  5.56350e-06
 Reference value :  5.57250e-06
 Reference value :  5.57555e-06
 Reference value :  5.58198e-06
 Reference value :  5.59048e-06
 Reference value :  5.59898e-06
 Reference value :  5.60798e-06
 Reference value :  5.61617e-06
 Reference value :  5.61717e-06
 Reference value :  5.62166e-06
 Reference value :  5.63066e-06
 Reference value :  5.63966e-06
 Reference value :  5.64866e-06
 Reference value :  5.65716e-06
 Reference value :  5.65898e-06
 Reference value :  5.66531e-06
 Reference value :  5.67381e-06
 Reference value :  5.68281e-06
 Reference value :  5.69181e-06
 Reference value :  5.69965e-06
 Reference value :  5.70050e-06
 Reference value :  5.70485e-06
 Reference value :  5.71385e-06
 Reference value :  5.72235e-06
 Reference value :  5.73135e-06
 Reference value :  5.74035e-06
 Reference value :  5.74252e-06
 Reference value :  5.75015e-06
 Reference value :  5.75915e-06
 Reference value :  5.76865e-06
 Reference value :  5.77765e-06
 Reference value :  5.78342e-06
 Reference value :  5.78412e-06
 Reference value :  5.79147e-06
 Reference value :  5.79997e-06
 Reference value :  5.80847e-06
 Reference value :  5.81697e-06
 Reference value :  5.82455e-06
 Reference value :  5.82618e-06
 Reference value :  5.83398e-06
 Reference value :  5.84248e-06
 Reference value :  5.85198e-06
 Reference value :  5.86098e-06
 Reference value :  5.86675e-06
 Reference value :  5.86727e-06
 Reference value :  5.87158e-06
 Reference value :  5.88058e-06
 Reference value :  5.88908e-06
 Reference value :  5.89758e-06
 Reference value :  5.90658e-06
 Reference value :  5.90898e-06
 Reference value :  5.91531e-06
 Reference value :  5.92531e-06
 Reference value :  5.93431e-06
 Reference value :  5.94381e-06
 Reference value :  5.95008e-06
 Reference value :  5.95092e-06
 Reference value :  5.95875e-06
 Reference value :  5.96775e-06
 Reference value :  5.97675e-06
 Reference value :  5.98575e-06
 Reference value :  5.99217e-06
 Reference value :  5.99714e-06
 Reference value :  6.00664e-06
 Reference value :  6.01564e-06
 Reference value :  6.02464e-06
 Reference value :  6.03283e-06
 Reference value :  6.03383e-06
 Reference value :  6.03453e-06
 Reference value :  6.03782e-06
 Reference value :  6.04632e-06
 Reference value :  6.05482e-06
 Reference value :  6.06332e-06
 Reference value :  6.07332e-06
 Reference value :  6.07698e-06
 Reference value :  6.08598e-06
 Reference value :  6.09498e-06
 Reference value :  6.10348e-06
 Reference value :  6.11198e-06
 Reference value :  6.11675e-06
 Reference value :  6.11733e-06
 Reference value :  6.11813e-06
 Reference value :  6.12323e-06
 Reference value :  6.13373e-06
 Reference value :  6.14223e-06
 Reference value :  6.15123e-06
 Reference value :  6.15851e-06
 Reference value :  6.15991e-06
 Reference value :  6.16207e-06
 Reference value :  6.17157e-06
 Reference value :  6.18057e-06
 Reference value :  6.18907e-06
 Reference value :  6.19807e-06
 Reference value :  6.20029e-06
 Reference value :  6.20085e-06
 Reference value :  6.20235e-06
 Reference value :  6.21085e-06
 Reference value :  6.21935e-06
 Reference value :  6.22785e-06
 Reference value :  6.23635e-06
 Reference value :  6.24217e-06
 Reference value :  6.24378e-06
 Reference value :  6.25077e-06
 Reference value :  6.25977e-06
 Reference value :  6.26827e-06
 Reference value :  6.27677e-06
 Reference value :  6.28333e-06
No. of Data Rows : 14179

  Measurements for Transient Analysis

d9_c1               =  2.29941e-07
d8_c1               =  8.00505e-08
d7_c1               =  1.80000e+00
d6_c1               =  1.80000e+00
d5_c1               =  1.80000e+00
d4_c1               =  1.26779e-07
d3_c1               =  1.80000e+00
d2_c1               =  1.95362e-07
d1_c1               =  1.80000e+00
d0_c1               =  4.75602e-07
d9_c2               =  -5.38846e-07
d8_c2               =  1.80000e+00
d7_c2               =  9.62219e-08
d6_c2               =  1.80000e+00
d5_c2               =  1.80000e+00
d4_c2               =  1.80000e+00
d3_c2               =  1.80000e+00
d2_c2               =  1.80000e+00
d1_c2               =  1.80000e+00
d0_c2               =  1.80000e+00
d9_c3               =  1.80001e+00
d8_c3               =  1.01626e-08
d7_c3               =  1.01613e-08
d6_c3               =  1.01571e-08
d5_c3               =  1.01530e-08
d4_c3               =  1.01519e-08
d3_c3               =  1.01467e-08
d2_c3               =  1.01312e-08
d1_c3               =  1.01641e-08
d0_c3               =  -9.30138e-07
d9_c4               =  1.80001e+00
d8_c4               =  2.58491e-09
d7_c4               =  1.80000e+00
d6_c4               =  2.58600e-09
d5_c4               =  2.58381e-09
d4_c4               =  2.58338e-09
d3_c4               =  2.58187e-09
d2_c4               =  2.48193e-09
d1_c4               =  2.58342e-09
d0_c4               =  1.80000e+00
d9_c5               =  1.80001e+00
d8_c5               =  1.80000e+00
d7_c5               =  1.80000e+00
d6_c5               =  1.80000e+00
d5_c5               =  1.80000e+00
d4_c5               =  1.80000e+00
d3_c5               =  1.80000e+00
d2_c5               =  1.80000e+00
d1_c5               =  1.80000e+00
d0_c5               =  1.80000e+00
busy_c1_p0          =  1.80000e+00
smpl_c1_p0          =  2.87160e-06
busy_c1_p1          =  1.80000e+00
smpl_c1_p1          =  3.07583e-06
busy_c1_p2          =  1.80000e+00
smpl_c1_p2          =  5.06455e-06
busy_c1_p3          =  1.80000e+00
smpl_c1_p3          =  3.17210e-06
busy_c1_p4          =  1.80000e+00
smpl_c1_p4          =  3.16603e-06
busy_c1_p5          =  1.80000e+00
smpl_c1_p5          =  3.16060e-06
busy_c1_p6          =  1.80000e+00
smpl_c1_p6          =  3.17051e-06
busy_c1_p7          =  1.80000e+00
smpl_c1_p7          =  3.16266e-06
busy_c1_p8          =  1.80000e+00
smpl_c1_p8          =  3.17739e-06
busy_c1_p9          =  1.80000e+00
smpl_c1_p9          =  3.17444e-06
busy_c1_p10         =  1.80000e+00
smpl_c1_p10         =  3.17421e-06
busy_c1_p11         =  8.31464e-08
smpl_c1_p11         =  1.80000e+00
busy_c2_p0          =  1.80000e+00
smpl_c2_p0          =  2.93104e-06
busy_c2_p1          =  1.80000e+00
smpl_c2_p1          =  3.19955e-06
busy_c2_p2          =  1.80000e+00
smpl_c2_p2          =  3.26571e-06
busy_c2_p3          =  1.80000e+00
smpl_c2_p3          =  3.20880e-06
busy_c2_p4          =  1.80000e+00
smpl_c2_p4          =  3.23531e-06
busy_c2_p5          =  1.80000e+00
smpl_c2_p5          =  3.26242e-06
busy_c2_p6          =  1.80000e+00
smpl_c2_p6          =  3.27770e-06
busy_c2_p7          =  1.80000e+00
smpl_c2_p7          =  3.26496e-06
busy_c2_p8          =  1.80000e+00
smpl_c2_p8          =  3.26869e-06
busy_c2_p9          =  1.80000e+00
smpl_c2_p9          =  3.27608e-06
busy_c2_p10         =  1.80000e+00
smpl_c2_p10         =  3.27381e-06
busy_c2_p11         =  -1.65099e-07
smpl_c2_p11         =  1.80000e+00
busy_c3_p0          =  1.80000e+00
smpl_c3_p0          =  3.00301e-06
busy_c3_p1          =  1.80000e+00
smpl_c3_p1          =  3.21750e-06
busy_c3_p2          =  1.80000e+00
smpl_c3_p2          =  3.22477e-06
busy_c3_p3          =  1.80000e+00
smpl_c3_p3          =  3.24777e-06
busy_c3_p4          =  1.80000e+00
smpl_c3_p4          =  3.27507e-06
busy_c3_p5          =  1.80000e+00
smpl_c3_p5          =  3.30734e-06
busy_c3_p6          =  1.80000e+00
smpl_c3_p6          =  3.32555e-06
busy_c3_p7          =  1.80000e+00
smpl_c3_p7          =  3.31704e-06
busy_c3_p8          =  1.80000e+00
smpl_c3_p8          =  3.32001e-06
busy_c3_p9          =  1.80000e+00
smpl_c3_p9          =  3.32732e-06
busy_c3_p10         =  1.80000e+00
smpl_c3_p10         =  3.31447e-06
busy_c3_p11         =  5.86329e-06
smpl_c3_p11         =  1.80000e+00
busy_c4_p0          =  1.80000e+00
smpl_c4_p0          =  2.93347e-06
busy_c4_p1          =  1.80000e+00
smpl_c4_p1          =  3.20695e-06
busy_c4_p2          =  1.80000e+00
smpl_c4_p2          =  3.27157e-06
busy_c4_p3          =  1.80000e+00
smpl_c4_p3          =  3.21497e-06
busy_c4_p4          =  1.80000e+00
smpl_c4_p4          =  3.24314e-06
busy_c4_p5          =  1.80000e+00
smpl_c4_p5          =  3.26832e-06
busy_c4_p6          =  1.80000e+00
smpl_c4_p6          =  3.28126e-06
busy_c4_p7          =  1.80000e+00
smpl_c4_p7          =  3.28504e-06
busy_c4_p8          =  1.80000e+00
smpl_c4_p8          =  3.27592e-06
busy_c4_p9          =  1.80000e+00
smpl_c4_p9          =  3.27806e-06
busy_c4_p10         =  1.80000e+00
smpl_c4_p10         =  3.27591e-06
busy_c4_p11         =  -7.06836e-07
smpl_c4_p11         =  1.80000e+00
busy_c5_p0          =  1.80000e+00
smpl_c5_p0          =  2.87324e-06
busy_c5_p1          =  1.80000e+00
smpl_c5_p1          =  3.07560e-06
busy_c5_p2          =  1.80000e+00
smpl_c5_p2          =  4.99223e-06
busy_c5_p3          =  1.80000e+00
smpl_c5_p3          =  8.33548e-06
busy_c5_p4          =  1.80000e+00
smpl_c5_p4          =  7.68417e-06
busy_c5_p5          =  1.80000e+00
smpl_c5_p5          =  6.63273e-06
busy_c5_p6          =  1.80000e+00
smpl_c5_p6          =  5.55732e-06
busy_c5_p7          =  1.80000e+00
smpl_c5_p7          =  4.73740e-06
busy_c5_p8          =  1.80000e+00
smpl_c5_p8          =  4.23774e-06
busy_c5_p9          =  1.80000e+00
smpl_c5_p9          =  3.84358e-06
busy_c5_p10         =  1.80000e+00
smpl_c5_p10         =  3.69332e-06
busy_c5_p11         =  -8.71255e-06
smpl_c5_p11         =  1.80000e+00
i_vdd               =  -2.02848e-06 from=  3.20000e-06 to=  4.20008e-06
i_vpwr              =  -6.90467e-06 from=  3.20000e-06 to=  4.20008e-06
i_vrefp             =  -6.49386e-06 from=  3.20000e-06 to=  4.20008e-06
i_vrefn             =  6.48056e-06 from=  3.20000e-06 to=  4.20008e-06
i_vcm               =  1.17636e-08 from=  3.20000e-06 to=  4.20008e-06


Total analysis time (seconds) = 362.143

Total elapsed time (seconds) = 403.248 

Total DRAM available = 98304.000 MB.
DRAM currently available = 28268.219 MB.
Maximum ngspice program size =  821.219 MB.
Current ngspice program size =  821.219 MB.

Note: Starting dynamic gmin stepping
Note: Dynamic gmin stepping completed
