
Note: Compatibility modes selected: hs a


Circuit: * sim/full-conversion-transient -- end-to-end full-conversion transient

option SCALE: Scale is set to 1e-06 for instance and model parameters
option SCALE: Scale is set to 1e-06 for instance and model parameters
option SCALE: Scale is set to 1e-06 for instance and model parameters
option SCALE: Scale is set to 1e-06 for instance and model parameters
Doing analysis at TEMP = 27.000000 and TNOM = 27.000000

Using KLU as Direct Linear Solver
 Reference value :  0.00000e+00
 Reference value :  8.64000e-09
 Reference value :  2.03500e-08
 Reference value :  2.72500e-08
 Reference value :  3.57500e-08
 Reference value :  4.57500e-08
 Reference value :  5.52500e-08
 Reference value :  6.37500e-08
 Reference value :  7.22500e-08
 Reference value :  8.12500e-08
 Reference value :  8.97500e-08
 Reference value :  9.82500e-08
 Reference value :  1.07250e-07
 Reference value :  1.15750e-07
 Reference value :  1.24250e-07
 Reference value :  1.36750e-07
 Reference value :  1.49250e-07
 Reference value :  1.61750e-07
 Reference value :  1.74250e-07
 Reference value :  1.86750e-07
 Reference value :  1.99125e-07
 Reference value :  2.00597e-07
 Reference value :  2.01439e-07
 Reference value :  2.06818e-07
 Reference value :  2.14818e-07
 Reference value :  2.23818e-07
 Reference value :  2.32318e-07
 Reference value :  2.40742e-07
 Reference value :  2.43114e-07
 Reference value :  2.44999e-07
 Reference value :  2.53499e-07
 Reference value :  2.61999e-07
 Reference value :  2.70999e-07
 Reference value :  2.79999e-07
 Reference value :  2.83671e-07
 Reference value :  2.84725e-07
 Reference value :  2.89440e-07
 Reference value :  2.97940e-07
 Reference value :  3.06940e-07
 Reference value :  3.16440e-07
 Reference value :  3.24550e-07
 Reference value :  3.26920e-07
 Reference value :  3.34920e-07
 Reference value :  3.43420e-07
 Reference value :  3.52420e-07
 Reference value :  3.60920e-07
 Reference value :  3.66842e-07
 Reference value :  3.69982e-07
 Reference value :  3.78982e-07
 Reference value :  3.87982e-07
 Reference value :  3.96982e-07
 Reference value :  4.05982e-07
 Reference value :  4.08983e-07
 Reference value :  4.14719e-07
 Reference value :  4.19719e-07
 Reference value :  4.27219e-07
 Reference value :  4.36219e-07
 Reference value :  4.45219e-07
 Reference value :  4.50175e-07
 Reference value :  4.51433e-07
 Reference value :  4.55442e-07
 Reference value :  4.62942e-07
 Reference value :  4.71442e-07
 Reference value :  4.79942e-07
 Reference value :  4.88442e-07
 Reference value :  4.92317e-07
 Reference value :  4.99091e-07
 Reference value :  5.07591e-07
 Reference value :  5.16091e-07
 Reference value :  5.24591e-07
 Reference value :  5.32833e-07
 Reference value :  5.33931e-07
 Reference value :  5.40434e-07
 Reference value :  5.48934e-07
 Reference value :  5.57434e-07
 Reference value :  5.65934e-07
 Reference value :  5.74217e-07
 Reference value :  5.76049e-07
 Reference value :  5.83901e-07
 Reference value :  5.92401e-07
 Reference value :  6.01901e-07
 Reference value :  6.09901e-07
 Reference value :  6.14901e-07
 Reference value :  6.17264e-07
 Reference value :  6.18503e-07
 Reference value :  6.25067e-07
 Reference value :  6.34067e-07
 Reference value :  6.43567e-07
 Reference value :  6.52567e-07
 Reference value :  6.58833e-07
 Reference value :  6.63253e-07
 Reference value :  6.71753e-07
 Reference value :  6.80753e-07
 Reference value :  6.89253e-07
 Reference value :  6.98253e-07
 Reference value :  7.00532e-07
 Reference value :  7.06383e-07
 Reference value :  7.15883e-07
 Reference value :  7.24383e-07
 Reference value :  7.33383e-07
 Reference value :  7.41317e-07
 Reference value :  7.44086e-07
 Reference value :  7.52577e-07
 Reference value :  7.61077e-07
 Reference value :  7.69577e-07
 Reference value :  7.78077e-07
 Reference value :  7.83508e-07
 Reference value :  7.84468e-07
 Reference value :  7.92376e-07
 Reference value :  8.01376e-07
 Reference value :  8.10376e-07
 Reference value :  8.19376e-07
 Reference value :  8.25500e-07
 Reference value :  8.29907e-07
 Reference value :  8.38907e-07
 Reference value :  8.47907e-07
 Reference value :  8.56907e-07
 Reference value :  8.65407e-07
 Reference value :  8.67199e-07
 Reference value :  8.69697e-07
 Reference value :  8.78697e-07
 Reference value :  8.87197e-07
 Reference value :  8.96197e-07
 Reference value :  9.04697e-07
 Reference value :  9.08883e-07
 Reference value :  9.14238e-07
 Reference value :  9.22738e-07
 Reference value :  9.31738e-07
 Reference value :  9.40738e-07
 Reference value :  9.48238e-07
 Reference value :  9.50676e-07
 Reference value :  9.52001e-07
 Reference value :  9.57166e-07
 Reference value :  9.65666e-07
 Reference value :  9.74166e-07
 Reference value :  9.83166e-07
 Reference value :  9.91167e-07
 Reference value :  9.93585e-07
 Reference value :  1.00107e-06
 Reference value :  1.01007e-06
 Reference value :  1.01857e-06
 Reference value :  1.02707e-06
 Reference value :  1.03351e-06
 Reference value :  1.03450e-06
 Reference value :  1.04085e-06
 Reference value :  1.04985e-06
 Reference value :  1.05935e-06
 Reference value :  1.06785e-06
 Reference value :  1.07517e-06
 Reference value :  1.07790e-06
 Reference value :  1.08590e-06
 Reference value :  1.09440e-06
 Reference value :  1.10290e-06
 Reference value :  1.11140e-06
 Reference value :  1.11684e-06
 Reference value :  1.11785e-06
 Reference value :  1.12383e-06
 Reference value :  1.13233e-06
 Reference value :  1.14083e-06
 Reference value :  1.14933e-06
 Reference value :  1.15783e-06
 Reference value :  1.15997e-06
 Reference value :  1.16554e-06
 Reference value :  1.17404e-06
 Reference value :  1.18254e-06
 Reference value :  1.19104e-06
 Reference value :  1.19955e-06
 Reference value :  1.20073e-06
 Reference value :  1.20170e-06
 Reference value :  1.20871e-06
 Reference value :  1.21771e-06
 Reference value :  1.22671e-06
 Reference value :  1.23521e-06
 Reference value :  1.24217e-06
 Reference value :  1.24411e-06
 Reference value :  1.24960e-06
 Reference value :  1.25810e-06
 Reference value :  1.26660e-06
 Reference value :  1.27560e-06
 Reference value :  1.28298e-06
 Reference value :  1.28425e-06
 Reference value :  1.28515e-06
 Reference value :  1.28991e-06
 Reference value :  1.29791e-06
 Reference value :  1.30641e-06
 Reference value :  1.31591e-06
 Reference value :  1.32421e-06
 Reference value :  1.32605e-06
 Reference value :  1.33177e-06
 Reference value :  1.34027e-06
 Reference value :  1.34577e-06
 Reference value :  1.35327e-06
 Reference value :  1.36177e-06
 Reference value :  1.36684e-06
 Reference value :  1.36794e-06
 Reference value :  1.37161e-06
 Reference value :  1.37911e-06
 Reference value :  1.38811e-06
 Reference value :  1.39711e-06
 Reference value :  1.40561e-06
 Reference value :  1.40918e-06
 Reference value :  1.41678e-06
 Reference value :  1.42678e-06
 Reference value :  1.43578e-06
 Reference value :  1.44428e-06
 Reference value :  1.45017e-06
 Reference value :  1.45281e-06
 Reference value :  1.46131e-06
 Reference value :  1.47031e-06
 Reference value :  1.47881e-06
 Reference value :  1.48781e-06
 Reference value :  1.49222e-06
 Reference value :  1.49810e-06
 Reference value :  1.50710e-06
 Reference value :  1.51610e-06
 Reference value :  1.52460e-06
 Reference value :  1.53288e-06
 Reference value :  1.53406e-06
 Reference value :  1.54159e-06
 Reference value :  1.55009e-06
 Reference value :  1.56059e-06
 Reference value :  1.56959e-06
 Reference value :  1.57550e-06
 Reference value :  1.58092e-06
 Reference value :  1.58942e-06
 Reference value :  1.59842e-06
 Reference value :  1.60692e-06
 Reference value :  1.61579e-06
 Reference value :  1.61739e-06
 Reference value :  1.62414e-06
 Reference value :  1.63264e-06
 Reference value :  1.64414e-06
 Reference value :  1.65264e-06
 Reference value :  1.65883e-06
 Reference value :  1.66324e-06
 Reference value :  1.67174e-06
 Reference value :  1.68024e-06
 Reference value :  1.68874e-06
 Reference value :  1.69424e-06
 Reference value :  1.69985e-06
 Reference value :  1.70113e-06
 Reference value :  1.70344e-06
 Reference value :  1.71094e-06
 Reference value :  1.71944e-06
 Reference value :  1.72794e-06
 Reference value :  1.73644e-06
 Reference value :  1.74217e-06
 Reference value :  1.74908e-06
 Reference value :  1.75758e-06
 Reference value :  1.76608e-06
 Reference value :  1.77508e-06
 Reference value :  1.78288e-06
 Reference value :  1.78390e-06
 Reference value :  1.78738e-06
 Reference value :  1.79588e-06
 Reference value :  1.80488e-06
 Reference value :  1.81388e-06
 Reference value :  1.82238e-06
 Reference value :  1.82565e-06
 Reference value :  1.83191e-06
 Reference value :  1.84041e-06
 Reference value :  1.84891e-06
 Reference value :  1.85741e-06
 Reference value :  1.86579e-06
 Reference value :  1.86720e-06
 Reference value :  1.86969e-06
 Reference value :  1.87819e-06
 Reference value :  1.88819e-06
 Reference value :  1.89669e-06
 Reference value :  1.90519e-06
 Reference value :  1.90898e-06
 Reference value :  1.91524e-06
 Reference value :  1.92374e-06
 Reference value :  1.93274e-06
 Reference value :  1.94124e-06
 Reference value :  1.94774e-06
 Reference value :  1.95037e-06
 Reference value :  1.95101e-06
 Reference value :  1.95345e-06
 Reference value :  1.96045e-06
 Reference value :  1.96895e-06
 Reference value :  1.97745e-06
 Reference value :  1.98595e-06
 Reference value :  1.99217e-06
 Reference value :  1.99657e-06
 Reference value :  2.00457e-06
 Reference value :  2.01357e-06
 Reference value :  2.02207e-06
 Reference value :  2.03107e-06
 Reference value :  2.03383e-06
 Reference value :  2.03506e-06
 Reference value :  2.04385e-06
 Reference value :  2.05285e-06
 Reference value :  2.06235e-06
 Reference value :  2.07285e-06
 Reference value :  2.07742e-06
 Reference value :  2.08540e-06
 Reference value :  2.09390e-06
 Reference value :  2.10240e-06
 Reference value :  2.11090e-06
 Reference value :  2.11684e-06
 Reference value :  2.11785e-06
 Reference value :  2.12326e-06
 Reference value :  2.13226e-06
 Reference value :  2.14076e-06
 Reference value :  2.14976e-06
 Reference value :  2.15788e-06
 Reference value :  2.15996e-06
 Reference value :  2.16378e-06
 Reference value :  2.17278e-06
 Reference value :  2.18228e-06
 Reference value :  2.19128e-06
 Reference value :  2.19950e-06
 Reference value :  2.20071e-06
 Reference value :  2.20155e-06
 Reference value :  2.20781e-06
 Reference value :  2.21631e-06
 Reference value :  2.22481e-06
 Reference value :  2.23331e-06
 Reference value :  2.24132e-06
 Reference value :  2.24357e-06
 Reference value :  2.24544e-06
 Reference value :  2.25344e-06
 Reference value :  2.26194e-06
 Reference value :  2.27094e-06
 Reference value :  2.27944e-06
 Reference value :  2.28367e-06
 Reference value :  2.28492e-06
 Reference value :  2.28977e-06
 Reference value :  2.29827e-06
 Reference value :  2.30677e-06
 Reference value :  2.31577e-06
 Reference value :  2.32414e-06
 Reference value :  2.32605e-06
 Reference value :  2.33340e-06
 Reference value :  2.34190e-06
 Reference value :  2.35090e-06
 Reference value :  2.35840e-06
 Reference value :  2.36632e-06
 Reference value :  2.36761e-06
 Reference value :  2.37195e-06
 Reference value :  2.38095e-06
 Reference value :  2.39045e-06
 Reference value :  2.39895e-06
 Reference value :  2.40739e-06
 Reference value :  2.40938e-06
 Reference value :  2.41674e-06
 Reference value :  2.42524e-06
 Reference value :  2.43374e-06
 Reference value :  2.44124e-06
 Reference value :  2.44774e-06
 Reference value :  2.45050e-06
 Reference value :  2.45142e-06
 Reference value :  2.45629e-06
 Reference value :  2.46429e-06
 Reference value :  2.47279e-06
 Reference value :  2.48129e-06
 Reference value :  2.49029e-06
 Reference value :  2.49272e-06
 Reference value :  2.50007e-06
 Reference value :  2.51007e-06
 Reference value :  2.51857e-06
 Reference value :  2.52607e-06
 Reference value :  2.53318e-06
 Reference value :  2.53428e-06
 Reference value :  2.53863e-06
 Reference value :  2.54713e-06
 Reference value :  2.55563e-06
 Reference value :  2.56363e-06
 Reference value :  2.57363e-06
 Reference value :  2.57605e-06
 Reference value :  2.58341e-06
 Reference value :  2.59191e-06
 Reference value :  2.59991e-06
 Reference value :  2.60741e-06
 Reference value :  2.61541e-06
 Reference value :  2.61720e-06
 Reference value :  2.61998e-06
 Reference value :  2.62948e-06
 Reference value :  2.63798e-06
 Reference value :  2.64648e-06
 Reference value :  2.65498e-06
 Reference value :  2.65888e-06
 Reference value :  2.66425e-06
 Reference value :  2.67225e-06
 Reference value :  2.68075e-06
 Reference value :  2.68875e-06
 Reference value :  2.69625e-06
 Reference value :  2.70034e-06
 Reference value :  2.70170e-06
 Reference value :  2.70931e-06
 Reference value :  2.71781e-06
 Reference value :  2.72631e-06
 Reference value :  2.73481e-06
 Reference value :  2.74217e-06
 Reference value :  2.74658e-06
 Reference value :  2.75458e-06
 Reference value :  2.76358e-06
 Reference value :  2.77158e-06
 Reference value :  2.77908e-06
 Reference value :  2.78367e-06
 Reference value :  2.78446e-06
 Reference value :  2.78893e-06
 Reference value :  2.79793e-06
 Reference value :  2.80643e-06
 Reference value :  2.81493e-06
 Reference value :  2.82343e-06
 Reference value :  2.82585e-06
 Reference value :  2.83241e-06
 Reference value :  2.84091e-06
 Reference value :  2.85091e-06
 Reference value :  2.85791e-06
 Reference value :  2.86617e-06
 Reference value :  2.86720e-06
 Reference value :  2.86851e-06
 Reference value :  2.88090e-06
 Reference value :  2.89390e-06
 Reference value :  2.90640e-06
 Reference value :  2.91174e-06
 Reference value :  2.92374e-06
 Reference value :  2.93524e-06
 Reference value :  2.94574e-06
 Reference value :  2.95057e-06
 Reference value :  2.95126e-06
 Reference value :  2.95810e-06
 Reference value :  2.96710e-06
 Reference value :  2.97660e-06
 Reference value :  2.98560e-06
 Reference value :  2.99217e-06
 Reference value :  2.99658e-06
 Reference value :  3.00508e-06
 Reference value :  3.01358e-06
 Reference value :  3.02208e-06
 Reference value :  3.02958e-06
 Reference value :  3.03367e-06
 Reference value :  3.03504e-06
 Reference value :  3.04280e-06
 Reference value :  3.05130e-06
 Reference value :  3.05980e-06
 Reference value :  3.06880e-06
 Reference value :  3.07550e-06
 Reference value :  3.08041e-06
 Reference value :  3.08891e-06
 Reference value :  3.09791e-06
 Reference value :  3.10591e-06
 Reference value :  3.11291e-06
 Reference value :  3.11717e-06
 Reference value :  3.11797e-06
 Reference value :  3.12496e-06
 Reference value :  3.13396e-06
 Reference value :  3.14296e-06
 Reference value :  3.15196e-06
 Reference value :  3.15883e-06
 Reference value :  3.16185e-06
 Reference value :  3.16735e-06
 Reference value :  3.17635e-06
 Reference value :  3.18485e-06
 Reference value :  3.19335e-06
 Reference value :  3.20017e-06
 Reference value :  3.20082e-06
 Reference value :  3.20235e-06
 Reference value :  3.21085e-06
 Reference value :  3.21935e-06
 Reference value :  3.23085e-06
 Reference value :  3.24184e-06
 Reference value :  3.24656e-06
 Reference value :  3.24956e-06
 Reference value :  3.25756e-06
 Reference value :  3.26656e-06
 Reference value :  3.27506e-06
 Reference value :  3.28298e-06
 Reference value :  3.28446e-06
 Reference value :  3.28629e-06
 Reference value :  3.29329e-06
 Reference value :  3.30229e-06
 Reference value :  3.31079e-06
 Reference value :  3.31979e-06
 Reference value :  3.32550e-06
 Reference value :  3.32838e-06
 Reference value :  3.33522e-06
 Reference value :  3.34372e-06
 Reference value :  3.35222e-06
 Reference value :  3.36122e-06
 Reference value :  3.36684e-06
 Reference value :  3.36793e-06
 Reference value :  3.37283e-06
 Reference value :  3.38133e-06
 Reference value :  3.39033e-06
 Reference value :  3.39883e-06
 Reference value :  3.40733e-06
 Reference value :  3.40938e-06
 Reference value :  3.41215e-06
 Reference value :  3.42015e-06
 Reference value :  3.42865e-06
 Reference value :  3.43715e-06
 Reference value :  3.44565e-06
 Reference value :  3.45034e-06
 Reference value :  3.45140e-06
 Reference value :  3.45719e-06
 Reference value :  3.46569e-06
 Reference value :  3.47419e-06
 Reference value :  3.48269e-06
 Reference value :  3.49117e-06
 Reference value :  3.49358e-06
 Reference value :  3.49803e-06
 Reference value :  3.50653e-06
 Reference value :  3.51553e-06
 Reference value :  3.52403e-06
 Reference value :  3.53243e-06
 Reference value :  3.53387e-06
 Reference value :  3.53530e-06
 Reference value :  3.54269e-06
 Reference value :  3.55219e-06
 Reference value :  3.56069e-06
 Reference value :  3.56969e-06
 Reference value :  3.57550e-06
 Reference value :  3.57888e-06
 Reference value :  3.58638e-06
 Reference value :  3.59488e-06
 Reference value :  3.60338e-06
 Reference value :  3.61188e-06
 Reference value :  3.61700e-06
 Reference value :  3.61827e-06
 Reference value :  3.62453e-06
 Reference value :  3.63303e-06
 Reference value :  3.64153e-06
 Reference value :  3.65003e-06
 Reference value :  3.65798e-06
 Reference value :  3.66026e-06
 Reference value :  3.66322e-06
 Reference value :  3.67122e-06
 Reference value :  3.67972e-06
 Reference value :  3.68822e-06
 Reference value :  3.69672e-06
 Reference value :  3.70034e-06
 Reference value :  3.70177e-06
 Reference value :  3.70836e-06
 Reference value :  3.71736e-06
 Reference value :  3.72586e-06
 Reference value :  3.73436e-06
 Reference value :  3.74152e-06
 Reference value :  3.74409e-06
 Reference value :  3.74555e-06
 Reference value :  3.75305e-06
 Reference value :  3.76105e-06
 Reference value :  3.77005e-06
 Reference value :  3.77855e-06
 Reference value :  3.78351e-06
 Reference value :  3.78451e-06
 Reference value :  3.78862e-06
 Reference value :  3.79762e-06
 Reference value :  3.80612e-06
 Reference value :  3.81512e-06
 Reference value :  3.82362e-06
 Reference value :  3.82605e-06
 Reference value :  3.82845e-06
 Reference value :  3.83479e-06
 Reference value :  3.84329e-06
 Reference value :  3.85179e-06
 Reference value :  3.86079e-06
 Reference value :  3.86684e-06
 Reference value :  3.86787e-06
 Reference value :  3.87318e-06
 Reference value :  3.88218e-06
 Reference value :  3.89068e-06
 Reference value :  3.89918e-06
 Reference value :  3.90783e-06
 Reference value :  3.90978e-06
 Reference value :  3.91222e-06
 Reference value :  3.91972e-06
 Reference value :  3.92872e-06
 Reference value :  3.93772e-06
 Reference value :  3.94622e-06
 Reference value :  3.95037e-06
 Reference value :  3.95082e-06
 Reference value :  3.95111e-06
 Reference value :  3.95398e-06
 Reference value :  3.96348e-06
 Reference value :  3.97248e-06
 Reference value :  3.98148e-06
 Reference value :  3.98998e-06
 Reference value :  3.99252e-06
 Reference value :  3.99705e-06
 Reference value :  4.00555e-06
 Reference value :  4.01455e-06
 Reference value :  4.02355e-06
 Reference value :  4.03244e-06
 Reference value :  4.03456e-06
 Reference value :  4.03893e-06
 Reference value :  4.04843e-06
 Reference value :  4.05693e-06
 Reference value :  4.06543e-06
 Reference value :  4.07393e-06
 Reference value :  4.07605e-06
 Reference value :  4.08039e-06
 Reference value :  4.08839e-06
 Reference value :  4.09739e-06
 Reference value :  4.10589e-06
 Reference value :  4.11489e-06
 Reference value :  4.11737e-06
 Reference value :  4.11852e-06
 Reference value :  4.12629e-06
 Reference value :  4.13479e-06
 Reference value :  4.14379e-06
 Reference value :  4.15229e-06
 Reference value :  4.15883e-06
 Reference value :  4.16074e-06
 Reference value :  4.16784e-06
 Reference value :  4.17684e-06
 Reference value :  4.18584e-06
 Reference value :  4.19484e-06
 Reference value :  4.20034e-06
 Reference value :  4.20107e-06
 Reference value :  4.20330e-06
 Reference value :  4.21180e-06
 Reference value :  4.22080e-06
 Reference value :  4.22980e-06
 Reference value :  4.23880e-06
 Reference value :  4.24232e-06
 Reference value :  4.24401e-06
 Reference value :  4.25008e-06
 Reference value :  4.25858e-06
 Reference value :  4.26758e-06
 Reference value :  4.27608e-06
 Reference value :  4.28318e-06
 Reference value :  4.28404e-06
 Reference value :  4.28642e-06
 Reference value :  4.29542e-06
 Reference value :  4.30442e-06
 Reference value :  4.31292e-06
 Reference value :  4.32192e-06
 Reference value :  4.32565e-06
 Reference value :  4.33190e-06
 Reference value :  4.34240e-06
 Reference value :  4.35190e-06
 Reference value :  4.35890e-06
 Reference value :  4.36490e-06
 Reference value :  4.36720e-06
 Reference value :  4.36818e-06
 Reference value :  4.37329e-06
 Reference value :  4.38129e-06
 Reference value :  4.39029e-06
 Reference value :  4.39879e-06
 Reference value :  4.40756e-06
 Reference value :  4.40978e-06
 Reference value :  4.41724e-06
 Reference value :  4.42624e-06
 Reference value :  4.43474e-06
 Reference value :  4.44174e-06
 Reference value :  4.44955e-06
 Reference value :  4.45091e-06
 Reference value :  4.45461e-06
 Reference value :  4.46361e-06
 Reference value :  4.47211e-06
 Reference value :  4.48111e-06
 Reference value :  4.48961e-06
 Reference value :  4.49252e-06
 Reference value :  4.49957e-06
 Reference value :  4.50857e-06
 Reference value :  4.51707e-06
 Reference value :  4.52507e-06
 Reference value :  4.52907e-06
 Reference value :  4.53367e-06
 Reference value :  4.53464e-06
 Reference value :  4.53885e-06
 Reference value :  4.54585e-06
 Reference value :  4.55485e-06
 Reference value :  4.56385e-06
 Reference value :  4.57385e-06
 Reference value :  4.57605e-06
 Reference value :  4.58341e-06
 Reference value :  4.59191e-06
 Reference value :  4.60041e-06
 Reference value :  4.60841e-06
 Reference value :  4.61441e-06
 Reference value :  4.61717e-06
 Reference value :  4.61800e-06
 Reference value :  4.62241e-06
 Reference value :  4.62991e-06
 Reference value :  4.63891e-06
 Reference value :  4.64741e-06
 Reference value :  4.65641e-06
 Reference value :  4.65918e-06
 Reference value :  4.66575e-06
 Reference value :  4.67425e-06
 Reference value :  4.68325e-06
 Reference value :  4.69025e-06
 Reference value :  4.69625e-06
 Reference value :  4.70034e-06
 Reference value :  4.70134e-06
 Reference value :  4.70525e-06
 Reference value :  4.71175e-06
 Reference value :  4.72025e-06
 Reference value :  4.72875e-06
 Reference value :  4.73725e-06
 Reference value :  4.74222e-06
 Reference value :  4.74808e-06
 Reference value :  4.75658e-06
 Reference value :  4.76508e-06
 Reference value :  4.77308e-06
 Reference value :  4.77908e-06
 Reference value :  4.78367e-06
 Reference value :  4.78445e-06
 Reference value :  4.78663e-06
 Reference value :  4.79313e-06
 Reference value :  4.80113e-06
 Reference value :  4.81013e-06
 Reference value :  4.81913e-06
 Reference value :  4.82550e-06
 Reference value :  4.82991e-06
 Reference value :  4.83791e-06
 Reference value :  4.84641e-06
 Reference value :  4.85491e-06
 Reference value :  4.85941e-06
 Reference value :  4.86622e-06
 Reference value :  4.86726e-06
 Reference value :  4.86832e-06
 Reference value :  4.87365e-06
 Reference value :  4.88115e-06
 Reference value :  4.88965e-06
 Reference value :  4.89815e-06
 Reference value :  4.90665e-06
 Reference value :  4.90898e-06
 Reference value :  4.91525e-06
 Reference value :  4.92525e-06
 Reference value :  4.93375e-06
 Reference value :  4.94175e-06
 Reference value :  4.94675e-06
 Reference value :  4.95037e-06
 Reference value :  4.95076e-06
 Reference value :  4.95149e-06
 Reference value :  4.95629e-06
 Reference value :  4.96379e-06
 Reference value :  4.97279e-06
 Reference value :  4.98129e-06
 Reference value :  4.98979e-06
 Reference value :  4.99232e-06
 Reference value :  4.99858e-06
 Reference value :  5.00758e-06
 Reference value :  5.01608e-06
 Reference value :  5.02408e-06
 Reference value :  5.03246e-06
 Reference value :  5.03426e-06
 Reference value :  5.03860e-06
 Reference value :  5.04710e-06
 Reference value :  5.05610e-06
 Reference value :  5.06460e-06
 Reference value :  5.07310e-06
 Reference value :  5.07585e-06
 Reference value :  5.08241e-06
 Reference value :  5.09091e-06
 Reference value :  5.09991e-06
 Reference value :  5.10741e-06
 Reference value :  5.11579e-06
 Reference value :  5.11737e-06
 Reference value :  5.11821e-06
 Reference value :  5.12570e-06
 Reference value :  5.13420e-06
 Reference value :  5.14270e-06
 Reference value :  5.15120e-06
 Reference value :  5.15818e-06
 Reference value :  5.15997e-06
 Reference value :  5.16405e-06
 Reference value :  5.17205e-06
 Reference value :  5.18055e-06
 Reference value :  5.18955e-06
 Reference value :  5.19805e-06
 Reference value :  5.20060e-06
 Reference value :  5.20144e-06
 Reference value :  5.20806e-06
 Reference value :  5.21706e-06
 Reference value :  5.22606e-06
 Reference value :  5.23456e-06
 Reference value :  5.24152e-06
 Reference value :  5.24348e-06
 Reference value :  5.24760e-06
 Reference value :  5.25660e-06
 Reference value :  5.26560e-06
 Reference value :  5.27460e-06
 Reference value :  5.28288e-06
 Reference value :  5.28425e-06
 Reference value :  5.28639e-06
 Reference value :  5.29489e-06
 Reference value :  5.30339e-06
 Reference value :  5.31189e-06
 Reference value :  5.32089e-06
 Reference value :  5.32555e-06
 Reference value :  5.32927e-06
 Reference value :  5.33777e-06
 Reference value :  5.34527e-06
 Reference value :  5.35427e-06
 Reference value :  5.36377e-06
 Reference value :  5.36726e-06
 Reference value :  5.36937e-06
 Reference value :  5.37787e-06
 Reference value :  5.38837e-06
 Reference value :  5.39687e-06
 Reference value :  5.40587e-06
 Reference value :  5.40898e-06
 Reference value :  5.41578e-06
 Reference value :  5.42478e-06
 Reference value :  5.43378e-06
 Reference value :  5.44278e-06
 Reference value :  5.44985e-06
 Reference value :  5.45093e-06
 Reference value :  5.45880e-06
 Reference value :  5.46780e-06
 Reference value :  5.47680e-06
 Reference value :  5.48530e-06
 Reference value :  5.49217e-06
 Reference value :  5.49711e-06
 Reference value :  5.50561e-06
 Reference value :  5.51461e-06
 Reference value :  5.52361e-06
 Reference value :  5.53211e-06
 Reference value :  5.53393e-06
 Reference value :  5.53963e-06
 Reference value :  5.54813e-06
 Reference value :  5.55663e-06
 Reference value :  5.56513e-06
 Reference value :  5.57363e-06
 Reference value :  5.57605e-06
 Reference value :  5.58445e-06
 Reference value :  5.59295e-06
 Reference value :  5.60195e-06
 Reference value :  5.61045e-06
 Reference value :  5.61684e-06
 Reference value :  5.61938e-06
 Reference value :  5.62788e-06
 Reference value :  5.63688e-06
 Reference value :  5.64538e-06
 Reference value :  5.65388e-06
 Reference value :  5.65888e-06
 Reference value :  5.66528e-06
 Reference value :  5.67378e-06
 Reference value :  5.68228e-06
 Reference value :  5.69078e-06
 Reference value :  5.69914e-06
 Reference value :  5.70073e-06
 Reference value :  5.70769e-06
 Reference value :  5.71619e-06
 Reference value :  5.72469e-06
 Reference value :  5.73369e-06
 Reference value :  5.74152e-06
 Reference value :  5.74511e-06
 Reference value :  5.75411e-06
 Reference value :  5.76261e-06
 Reference value :  5.77161e-06
 Reference value :  5.78011e-06
 Reference value :  5.78367e-06
 Reference value :  5.78587e-06
 Reference value :  5.79437e-06
 Reference value :  5.80287e-06
 Reference value :  5.81137e-06
 Reference value :  5.81987e-06
 Reference value :  5.82550e-06
 Reference value :  5.83045e-06
 Reference value :  5.83895e-06
 Reference value :  5.84745e-06
 Reference value :  5.85645e-06
 Reference value :  5.86495e-06
 Reference value :  5.86717e-06
 Reference value :  5.87177e-06
 Reference value :  5.88027e-06
 Reference value :  5.88877e-06
 Reference value :  5.89727e-06
 Reference value :  5.90577e-06
 Reference value :  5.90898e-06
 Reference value :  5.91628e-06
 Reference value :  5.92528e-06
 Reference value :  5.93378e-06
 Reference value :  5.94228e-06
 Reference value :  5.94965e-06
 Reference value :  5.95077e-06
 Reference value :  5.95869e-06
 Reference value :  5.96769e-06
 Reference value :  5.97669e-06
 Reference value :  5.98519e-06
 Reference value :  5.99217e-06
 Reference value :  5.99711e-06
 Reference value :  6.00561e-06
 Reference value :  6.01461e-06
 Reference value :  6.02311e-06
 Reference value :  6.03211e-06
 Reference value :  6.03406e-06
 Reference value :  6.03800e-06
 Reference value :  6.04650e-06
 Reference value :  6.05500e-06
 Reference value :  6.06350e-06
 Reference value :  6.07200e-06
 Reference value :  6.07565e-06
 Reference value :  6.08295e-06
 Reference value :  6.09145e-06
 Reference value :  6.09995e-06
 Reference value :  6.10845e-06
 Reference value :  6.11622e-06
 Reference value :  6.11732e-06
 Reference value :  6.11818e-06
 Reference value :  6.12566e-06
 Reference value :  6.13416e-06
 Reference value :  6.14266e-06
 Reference value :  6.15116e-06
 Reference value :  6.15818e-06
 Reference value :  6.15997e-06
 Reference value :  6.16403e-06
 Reference value :  6.17203e-06
 Reference value :  6.18103e-06
 Reference value :  6.19003e-06
 Reference value :  6.19903e-06
 Reference value :  6.20060e-06
 Reference value :  6.20144e-06
 Reference value :  6.20756e-06
 Reference value :  6.21606e-06
 Reference value :  6.22506e-06
 Reference value :  6.23356e-06
 Reference value :  6.24122e-06
 Reference value :  6.24348e-06
 Reference value :  6.24760e-06
 Reference value :  6.25760e-06
 Reference value :  6.26610e-06
 Reference value :  6.27460e-06
 Reference value :  6.28288e-06
No. of Data Rows : 14013

  Measurements for Transient Analysis

d9_c1               =  4.91437e-07
d8_c1               =  4.33996e-08
d7_c1               =  1.62000e+00
d6_c1               =  1.62000e+00
d5_c1               =  1.62000e+00
d4_c1               =  4.33446e-08
d3_c1               =  1.62000e+00
d2_c1               =  1.62000e+00
d1_c1               =  4.33143e-08
d0_c1               =  1.62000e+00
d9_c2               =  7.67487e-07
d8_c2               =  1.62000e+00
d7_c2               =  4.76681e-08
d6_c2               =  1.62000e+00
d5_c2               =  1.62000e+00
d4_c2               =  1.62000e+00
d3_c2               =  1.62000e+00
d2_c2               =  1.62000e+00
d1_c2               =  1.62000e+00
d0_c2               =  1.62000e+00
d9_c3               =  8.38884e-07
d8_c3               =  1.62000e+00
d7_c3               =  1.62000e+00
d6_c3               =  1.62000e+00
d5_c3               =  1.62000e+00
d4_c3               =  1.62000e+00
d3_c3               =  1.62000e+00
d2_c3               =  1.62000e+00
d1_c3               =  1.62000e+00
d0_c3               =  1.62000e+00
d9_c4               =  1.62001e+00
d8_c4               =  -1.42583e-09
d7_c4               =  1.62000e+00
d6_c4               =  -1.11615e-09
d5_c4               =  -1.81181e-09
d4_c4               =  -1.40495e-09
d3_c4               =  -2.06553e-09
d2_c4               =  -2.24849e-09
d1_c4               =  2.03676e-09
d0_c4               =  1.62000e+00
d9_c5               =  1.62001e+00
d8_c5               =  1.62000e+00
d7_c5               =  1.62000e+00
d6_c5               =  1.62000e+00
d5_c5               =  1.62000e+00
d4_c5               =  1.62000e+00
d3_c5               =  1.62000e+00
d2_c5               =  1.62000e+00
d1_c5               =  1.62000e+00
d0_c5               =  1.62000e+00
busy_c1_p0          =  1.62000e+00
smpl_c1_p0          =  4.14678e-06
busy_c1_p1          =  1.62000e+00
smpl_c1_p1          =  4.07266e-06
busy_c1_p2          =  1.62000e+00
smpl_c1_p2          =  7.57733e-06
busy_c1_p3          =  1.62000e+00
smpl_c1_p3          =  4.16549e-06
busy_c1_p4          =  1.62000e+00
smpl_c1_p4          =  4.16035e-06
busy_c1_p5          =  1.62000e+00
smpl_c1_p5          =  4.15561e-06
busy_c1_p6          =  1.62000e+00
smpl_c1_p6          =  4.16029e-06
busy_c1_p7          =  1.62000e+00
smpl_c1_p7          =  4.16304e-06
busy_c1_p8          =  1.62000e+00
smpl_c1_p8          =  4.15598e-06
busy_c1_p9          =  1.62000e+00
smpl_c1_p9          =  4.16285e-06
busy_c1_p10         =  1.62000e+00
smpl_c1_p10         =  4.15923e-06
busy_c1_p11         =  1.63020e-07
smpl_c1_p11         =  1.61997e+00
busy_c2_p0          =  1.62000e+00
smpl_c2_p0          =  4.15641e-06
busy_c2_p1          =  1.62000e+00
smpl_c2_p1          =  4.19401e-06
busy_c2_p2          =  1.62000e+00
smpl_c2_p2          =  4.28006e-06
busy_c2_p3          =  1.62000e+00
smpl_c2_p3          =  4.20574e-06
busy_c2_p4          =  1.62000e+00
smpl_c2_p4          =  4.24375e-06
busy_c2_p5          =  1.62000e+00
smpl_c2_p5          =  4.26557e-06
busy_c2_p6          =  1.62000e+00
smpl_c2_p6          =  4.27174e-06
busy_c2_p7          =  1.62000e+00
smpl_c2_p7          =  4.27549e-06
busy_c2_p8          =  1.62000e+00
smpl_c2_p8          =  4.27326e-06
busy_c2_p9          =  1.62000e+00
smpl_c2_p9          =  4.28138e-06
busy_c2_p10         =  1.62000e+00
smpl_c2_p10         =  4.27575e-06
busy_c2_p11         =  -8.54353e-07
smpl_c2_p11         =  1.61999e+00
busy_c3_p0          =  1.62000e+00
smpl_c3_p0          =  4.25204e-06
busy_c3_p1          =  1.62000e+00
smpl_c3_p1          =  4.20703e-06
busy_c3_p2          =  1.62000e+00
smpl_c3_p2          =  4.20752e-06
busy_c3_p3          =  1.62000e+00
smpl_c3_p3          =  4.23225e-06
busy_c3_p4          =  1.62000e+00
smpl_c3_p4          =  4.27454e-06
busy_c3_p5          =  1.62000e+00
smpl_c3_p5          =  4.30392e-06
busy_c3_p6          =  1.62000e+00
smpl_c3_p6          =  4.32552e-06
busy_c3_p7          =  1.62000e+00
smpl_c3_p7          =  4.32471e-06
busy_c3_p8          =  1.62000e+00
smpl_c3_p8          =  4.33048e-06
busy_c3_p9          =  1.62000e+00
smpl_c3_p9          =  4.33727e-06
busy_c3_p10         =  1.62000e+00
smpl_c3_p10         =  4.33306e-06
busy_c3_p11         =  9.67744e-07
smpl_c3_p11         =  1.61999e+00
busy_c4_p0          =  1.62000e+00
smpl_c4_p0          =  4.15885e-06
busy_c4_p1          =  1.62000e+00
smpl_c4_p1          =  4.21351e-06
busy_c4_p2          =  1.62000e+00
smpl_c4_p2          =  4.27737e-06
busy_c4_p3          =  1.62000e+00
smpl_c4_p3          =  4.21000e-06
busy_c4_p4          =  1.62000e+00
smpl_c4_p4          =  4.24023e-06
busy_c4_p5          =  1.62000e+00
smpl_c4_p5          =  4.26899e-06
busy_c4_p6          =  1.62000e+00
smpl_c4_p6          =  4.27459e-06
busy_c4_p7          =  1.62000e+00
smpl_c4_p7          =  4.27849e-06
busy_c4_p8          =  1.62000e+00
smpl_c4_p8          =  4.28401e-06
busy_c4_p9          =  1.62000e+00
smpl_c4_p9          =  4.28390e-06
busy_c4_p10         =  1.62000e+00
smpl_c4_p10         =  4.28083e-06
busy_c4_p11         =  3.67714e-07
smpl_c4_p11         =  1.61997e+00
busy_c5_p0          =  1.62000e+00
smpl_c5_p0          =  3.88915e-06
busy_c5_p1          =  1.62000e+00
smpl_c5_p1          =  4.06281e-06
busy_c5_p2          =  1.62000e+00
smpl_c5_p2          =  7.47721e-06
busy_c5_p3          =  1.62000e+00
smpl_c5_p3          =  1.23569e-05
busy_c5_p4          =  1.62000e+00
smpl_c5_p4          =  1.10239e-05
busy_c5_p5          =  1.62000e+00
smpl_c5_p5          =  9.18962e-06
busy_c5_p6          =  1.62000e+00
smpl_c5_p6          =  7.52607e-06
busy_c5_p7          =  1.62000e+00
smpl_c5_p7          =  6.42693e-06
busy_c5_p8          =  1.62000e+00
smpl_c5_p8          =  5.72149e-06
busy_c5_p9          =  1.62000e+00
smpl_c5_p9          =  5.34833e-06
busy_c5_p10         =  1.62000e+00
smpl_c5_p10         =  5.01672e-06
busy_c5_p11         =  1.66759e-06
smpl_c5_p11         =  1.62000e+00
i_vdd               =  -1.83362e-06 from=  3.20000e-06 to=  4.20017e-06
i_vpwr              =  -5.65792e-06 from=  3.20000e-06 to=  4.20017e-06
i_vrefp             =  -5.83627e-06 from=  3.20000e-06 to=  4.20017e-06
i_vrefn             =  5.83208e-06 from=  3.20000e-06 to=  4.20017e-06
i_vcm               =  1.10447e-08 from=  3.20000e-06 to=  4.20017e-06


Total analysis time (seconds) = 319.911

Total elapsed time (seconds) = 362.828 

Total DRAM available = 98304.000 MB.
DRAM currently available = 19055.047 MB.
Maximum ngspice program size =  819.359 MB.
Current ngspice program size =  819.359 MB.

