
Note: Compatibility modes selected: hs a


Circuit: * sim/supply-impedance-sensitivity -- ground/supply-return impedance

option SCALE: Scale is set to 1e-06 for instance and model parameters
option SCALE: Scale is set to 1e-06 for instance and model parameters
option SCALE: Scale is set to 1e-06 for instance and model parameters
option SCALE: Scale is set to 1e-06 for instance and model parameters
Doing analysis at TEMP = 27.000000 and TNOM = 27.000000

Using KLU as Direct Linear Solver
 Reference value :  0.00000e+00
 Reference value :  1.81400e-08
 Reference value :  3.17500e-08
 Reference value :  4.77500e-08
 Reference value :  6.32500e-08
 Reference value :  7.87500e-08
 Reference value :  9.77500e-08
 Reference value :  1.14750e-07
 Reference value :  1.34750e-07
 Reference value :  1.60250e-07
 Reference value :  1.85250e-07
 Reference value :  2.00085e-07
 Reference value :  2.03270e-07
 Reference value :  2.17770e-07
 Reference value :  2.33770e-07
 Reference value :  2.42853e-07
 Reference value :  2.53452e-07
 Reference value :  2.69452e-07
 Reference value :  2.82983e-07
 Reference value :  2.84789e-07
 Reference value :  3.05131e-07
 Reference value :  3.24500e-07
 Reference value :  3.29963e-07
 Reference value :  3.44463e-07
 Reference value :  3.59963e-07
 Reference value :  3.66978e-07
 Reference value :  3.80383e-07
 Reference value :  3.96383e-07
 Reference value :  4.08983e-07
 Reference value :  4.15228e-07
 Reference value :  4.29728e-07
 Reference value :  4.45728e-07
 Reference value :  4.50739e-07
 Reference value :  4.56871e-07
 Reference value :  4.80371e-07
 Reference value :  4.97219e-07
 Reference value :  5.20719e-07
 Reference value :  5.33916e-07
 Reference value :  5.53414e-07
 Reference value :  5.75500e-07
 Reference value :  5.88976e-07
 Reference value :  6.12976e-07
 Reference value :  6.17974e-07
 Reference value :  6.34514e-07
 Reference value :  6.57883e-07
 Reference value :  6.74326e-07
 Reference value :  6.93326e-07
 Reference value :  7.01529e-07
 Reference value :  7.23740e-07
 Reference value :  7.42854e-07
 Reference value :  7.65209e-07
 Reference value :  7.82833e-07
 Reference value :  7.85834e-07
 Reference value :  8.08834e-07
 Reference value :  8.26189e-07
 Reference value :  8.48546e-07
 Reference value :  8.66167e-07
 Reference value :  8.70078e-07
 Reference value :  8.95078e-07
 Reference value :  9.13881e-07
 Reference value :  9.37881e-07
 Reference value :  9.50308e-07
 Reference value :  9.64771e-07
 Reference value :  9.90271e-07
 Reference value :  1.00822e-06
 Reference value :  1.03298e-06
 Reference value :  1.04477e-06
 Reference value :  1.06877e-06
 Reference value :  1.08605e-06
 Reference value :  1.10505e-06
 Reference value :  1.11675e-06
 Reference value :  1.11808e-06
 Reference value :  1.13242e-06
 Reference value :  1.14792e-06
 Reference value :  1.15898e-06
 Reference value :  1.16524e-06
 Reference value :  1.17874e-06
 Reference value :  1.19424e-06
 Reference value :  1.20050e-06
 Reference value :  1.20486e-06
 Reference value :  1.21886e-06
 Reference value :  1.23486e-06
 Reference value :  1.24318e-06
 Reference value :  1.25252e-06
 Reference value :  1.26852e-06
 Reference value :  1.28298e-06
 Reference value :  1.28466e-06
 Reference value :  1.29563e-06
 Reference value :  1.31263e-06
 Reference value :  1.32550e-06
 Reference value :  1.33341e-06
 Reference value :  1.34691e-06
 Reference value :  1.36677e-06
 Reference value :  1.36869e-06
 Reference value :  1.37951e-06
 Reference value :  1.39701e-06
 Reference value :  1.40898e-06
 Reference value :  1.42350e-06
 Reference value :  1.43850e-06
 Reference value :  1.45012e-06
 Reference value :  1.46073e-06
 Reference value :  1.47623e-06
 Reference value :  1.49070e-06
 Reference value :  1.49776e-06
 Reference value :  1.51226e-06
 Reference value :  1.52676e-06
 Reference value :  1.53364e-06
 Reference value :  1.54268e-06
 Reference value :  1.55668e-06
 Reference value :  1.57218e-06
 Reference value :  1.57900e-06
 Reference value :  1.59300e-06
 Reference value :  1.60450e-06
 Reference value :  1.61677e-06
 Reference value :  1.61809e-06
 Reference value :  1.62902e-06
 Reference value :  1.64402e-06
 Reference value :  1.65742e-06
 Reference value :  1.66589e-06
 Reference value :  1.68039e-06
 Reference value :  1.69689e-06
 Reference value :  1.70068e-06
 Reference value :  1.71063e-06
 Reference value :  1.72663e-06
 Reference value :  1.74217e-06
 Reference value :  1.75771e-06
 Reference value :  1.77271e-06
 Reference value :  1.78318e-06
 Reference value :  1.78455e-06
 Reference value :  1.79575e-06
 Reference value :  1.81225e-06
 Reference value :  1.82550e-06
 Reference value :  1.83555e-06
 Reference value :  1.85055e-06
 Reference value :  1.86617e-06
 Reference value :  1.86735e-06
 Reference value :  1.87787e-06
 Reference value :  1.89587e-06
 Reference value :  1.90918e-06
 Reference value :  1.92188e-06
 Reference value :  1.93788e-06
 Reference value :  1.95025e-06
 Reference value :  1.95126e-06
 Reference value :  1.95997e-06
 Reference value :  1.97797e-06
 Reference value :  1.99217e-06
 Reference value :  2.00321e-06
 Reference value :  2.02071e-06
 Reference value :  2.03252e-06
 Reference value :  2.03435e-06
 Reference value :  2.05003e-06
 Reference value :  2.06453e-06
 Reference value :  2.07555e-06
 Reference value :  2.08855e-06
 Reference value :  2.10255e-06
 Reference value :  2.11555e-06
 Reference value :  2.11769e-06
 Reference value :  2.12688e-06
 Reference value :  2.14238e-06
 Reference value :  2.15783e-06
 Reference value :  2.16094e-06
 Reference value :  2.17424e-06
 Reference value :  2.19074e-06
 Reference value :  2.20029e-06
 Reference value :  2.20335e-06
 Reference value :  2.21985e-06
 Reference value :  2.23535e-06
 Reference value :  2.24358e-06
 Reference value :  2.25221e-06
 Reference value :  2.26871e-06
 Reference value :  2.28343e-06
 Reference value :  2.28502e-06
 Reference value :  2.29926e-06
 Reference value :  2.31526e-06
 Reference value :  2.32565e-06
 Reference value :  2.33598e-06
 Reference value :  2.34948e-06
 Reference value :  2.36583e-06
 Reference value :  2.36782e-06
 Reference value :  2.38146e-06
 Reference value :  2.39646e-06
 Reference value :  2.40888e-06
 Reference value :  2.41883e-06
 Reference value :  2.42833e-06
 Reference value :  2.44533e-06
 Reference value :  2.45054e-06
 Reference value :  2.45236e-06
 Reference value :  2.46386e-06
 Reference value :  2.48086e-06
 Reference value :  2.49222e-06
 Reference value :  2.50215e-06
 Reference value :  2.51665e-06
 Reference value :  2.53318e-06
 Reference value :  2.53714e-06
 Reference value :  2.55864e-06
 Reference value :  2.57555e-06
 Reference value :  2.58749e-06
 Reference value :  2.60599e-06
 Reference value :  2.61736e-06
 Reference value :  2.63647e-06
 Reference value :  2.65952e-06
 Reference value :  2.67533e-06
 Reference value :  2.69783e-06
 Reference value :  2.70565e-06
 Reference value :  2.73065e-06
 Reference value :  2.74717e-06
 Reference value :  2.76917e-06
 Reference value :  2.78385e-06
 Reference value :  2.79342e-06
 Reference value :  2.81742e-06
 Reference value :  2.83400e-06
 Reference value :  2.85400e-06
 Reference value :  2.86720e-06
 Reference value :  2.88132e-06
 Reference value :  2.89882e-06
 Reference value :  2.91038e-06
 Reference value :  2.92283e-06
 Reference value :  2.94133e-06
 Reference value :  2.95053e-06
 Reference value :  2.95993e-06
 Reference value :  2.97893e-06
 Reference value :  2.99286e-06
 Reference value :  3.00867e-06
 Reference value :  3.03283e-06
 Reference value :  3.04092e-06
 Reference value :  3.06542e-06
 Reference value :  3.08100e-06
 Reference value :  3.10250e-06
 Reference value :  3.11730e-06
 Reference value :  3.13342e-06
 Reference value :  3.15642e-06
 Reference value :  3.16651e-06
 Reference value :  3.19201e-06
 Reference value :  3.20110e-06
 Reference value :  3.21436e-06
 Reference value :  3.23286e-06
 Reference value :  3.24533e-06
 Reference value :  3.26476e-06
 Reference value :  3.28343e-06
 Reference value :  3.28920e-06
 Reference value :  3.31270e-06
 Reference value :  3.32769e-06
 Reference value :  3.34907e-06
 Reference value :  3.36697e-06
 Reference value :  3.38380e-06
 Reference value :  3.40680e-06
 Reference value :  3.41440e-06
 Reference value :  3.43890e-06
 Reference value :  3.45101e-06
 Reference value :  3.47057e-06
 Reference value :  3.49217e-06
 Reference value :  3.50373e-06
 Reference value :  3.52823e-06
 Reference value :  3.53744e-06
 Reference value :  3.56294e-06
 Reference value :  3.57737e-06
 Reference value :  3.59977e-06
 Reference value :  3.61697e-06
 Reference value :  3.63431e-06
 Reference value :  3.65788e-06
 Reference value :  3.66629e-06
 Reference value :  3.69079e-06
 Reference value :  3.70105e-06
 Reference value :  3.72267e-06
 Reference value :  3.74222e-06
 Reference value :  3.75606e-06
 Reference value :  3.78056e-06
 Reference value :  3.78790e-06
 Reference value :  3.81240e-06
 Reference value :  3.82773e-06
 Reference value :  3.85012e-06
 Reference value :  3.86717e-06
 Reference value :  3.87826e-06
 Reference value :  3.90126e-06
 Reference value :  3.91176e-06
 Reference value :  3.93590e-06
 Reference value :  3.95050e-06
 Reference value :  3.95986e-06
 Reference value :  3.97736e-06
 Reference value :  3.99405e-06
 Reference value :  4.01033e-06
 Reference value :  4.03298e-06
 Reference value :  4.04083e-06
 Reference value :  4.06533e-06
 Reference value :  4.07775e-06
 Reference value :  4.09684e-06
 Reference value :  4.11677e-06
 Reference value :  4.12665e-06
 Reference value :  4.15165e-06
 Reference value :  4.15996e-06
 Reference value :  4.16076e-06
 Reference value :  4.17883e-06
 Reference value :  4.19583e-06
 Reference value :  4.20089e-06
 Reference value :  4.21730e-06
 Reference value :  4.24073e-06
 Reference value :  4.24971e-06
 Reference value :  4.27221e-06
 Reference value :  4.28383e-06
 Reference value :  4.29838e-06
 Reference value :  4.32288e-06
 Reference value :  4.33649e-06
 Reference value :  4.35449e-06
 Reference value :  4.36725e-06
 Reference value :  4.37865e-06
 Reference value :  4.40315e-06
 Reference value :  4.41833e-06
 Reference value :  4.44033e-06
 Reference value :  4.45109e-06
 Reference value :  4.47297e-06
 Reference value :  4.49252e-06
 Reference value :  4.50665e-06
 Reference value :  4.52765e-06
 Reference value :  4.53450e-06
 Reference value :  4.55432e-06
 Reference value :  4.57550e-06
 Reference value :  4.59050e-06
 Reference value :  4.61500e-06
 Reference value :  4.61967e-06
 Reference value :  4.64317e-06
 Reference value :  4.66038e-06
 Reference value :  4.67783e-06
 Reference value :  4.70008e-06
 Reference value :  4.70722e-06
 Reference value :  4.73072e-06
 Reference value :  4.74517e-06
 Reference value :  4.76317e-06
 Reference value :  4.78342e-06
 Reference value :  4.79105e-06
 Reference value :  4.81405e-06
 Reference value :  4.82900e-06
 Reference value :  4.84750e-06
 Reference value :  4.86675e-06
 Reference value :  4.86870e-06
 Reference value :  4.88861e-06
 Reference value :  4.90883e-06
 Reference value :  4.92183e-06
 Reference value :  4.94583e-06
 Reference value :  4.95152e-06
 Reference value :  4.97310e-06
 Reference value :  4.99232e-06
 Reference value :  5.00917e-06
 Reference value :  5.03298e-06
 Reference value :  5.04163e-06
 Reference value :  5.06663e-06
 Reference value :  5.08250e-06
 Reference value :  5.10400e-06
 Reference value :  5.11737e-06
 Reference value :  5.13420e-06
 Reference value :  5.15798e-06
 Reference value :  5.17075e-06
 Reference value :  5.19575e-06
 Reference value :  5.20123e-06
 Reference value :  5.22367e-06
 Reference value :  5.24285e-06
 Reference value :  5.24533e-06
 Reference value :  5.26683e-06
 Reference value :  5.28363e-06
 Reference value :  5.29455e-06
 Reference value :  5.31455e-06
 Reference value :  5.32699e-06
 Reference value :  5.34941e-06
 Reference value :  5.36717e-06
 Reference value :  5.38113e-06
 Reference value :  5.40163e-06
 Reference value :  5.41700e-06
 Reference value :  5.43800e-06
 Reference value :  5.45053e-06
 Reference value :  5.46573e-06
 Reference value :  5.48623e-06
 Reference value :  5.50434e-06
 Reference value :  5.52734e-06
 Reference value :  5.53906e-06
 Reference value :  5.56156e-06
 Reference value :  5.57967e-06
 Reference value :  5.60317e-06
 Reference value :  5.61717e-06
 Reference value :  5.63582e-06
 Reference value :  5.65182e-06
 Reference value :  5.66600e-06
 Reference value :  5.68950e-06
 Reference value :  5.70219e-06
 Reference value :  5.72469e-06
 Reference value :  5.74292e-06
 Reference value :  5.76484e-06
 Reference value :  5.78363e-06
 Reference value :  5.79802e-06
 Reference value :  5.82002e-06
 Reference value :  5.83617e-06
 Reference value :  5.85917e-06
 Reference value :  5.86769e-06
 Reference value :  5.89082e-06
 Reference value :  5.90958e-06
 Reference value :  5.93000e-06
 Reference value :  5.94950e-06
 Reference value :  5.95908e-06
 Reference value :  5.98058e-06
 Reference value :  5.99434e-06
 Reference value :  6.01734e-06
 Reference value :  6.03387e-06
 Reference value :  6.05336e-06
 Reference value :  6.07517e-06
 Reference value :  6.09367e-06
 Reference value :  6.11467e-06
 Reference value :  6.11864e-06
 Reference value :  6.14002e-06
 Reference value :  6.15918e-06
 Reference value :  6.16036e-06
 Reference value :  6.18347e-06
 Reference value :  6.20008e-06
 Reference value :  6.21319e-06
 Reference value :  6.23919e-06
 Reference value :  6.24322e-06
 Reference value :  6.26133e-06
 Reference value :  6.28333e-06
No. of Data Rows : 14098

  Measurements for Transient Analysis

d9_c1               =  3.34291e-07
d8_c1               =  1.40762e-07
d7_c1               =  1.80000e+00
d6_c1               =  1.80000e+00
d5_c1               =  5.94189e-08
d4_c1               =  1.80000e+00
d3_c1               =  2.33636e-07
d2_c1               =  1.80000e+00
d1_c1               =  1.80000e+00
d0_c1               =  6.35158e-08
d9_c2               =  -4.54530e-07
d8_c2               =  1.80000e+00
d7_c2               =  1.39510e-07
d6_c2               =  1.80000e+00
d5_c2               =  1.80000e+00
d4_c2               =  1.80000e+00
d3_c2               =  1.80000e+00
d2_c2               =  1.80000e+00
d1_c2               =  1.80000e+00
d0_c2               =  1.80000e+00
d9_c3               =  -4.18245e-07
d8_c3               =  1.80000e+00
d7_c3               =  1.80000e+00
d6_c3               =  1.80000e+00
d5_c3               =  1.80000e+00
d4_c3               =  1.80000e+00
d3_c3               =  1.80000e+00
d2_c3               =  1.80000e+00
d1_c3               =  1.80000e+00
d0_c3               =  1.80000e+00
d9_c4               =  1.80001e+00
d8_c4               =  5.00561e-09
d7_c4               =  1.80000e+00
d6_c4               =  5.01552e-09
d5_c4               =  5.01563e-09
d4_c4               =  5.00928e-09
d3_c4               =  5.00868e-09
d2_c4               =  5.00821e-09
d1_c4               =  4.90546e-09
d0_c4               =  1.80000e+00
d9_c5               =  1.80001e+00
d8_c5               =  1.80000e+00
d7_c5               =  1.80000e+00
d6_c5               =  1.80000e+00
d5_c5               =  1.80000e+00
d4_c5               =  1.80000e+00
d3_c5               =  1.80000e+00
d2_c5               =  1.80000e+00
d1_c5               =  1.80000e+00
d0_c5               =  1.80000e+00
busy_c1_p0          =  1.80000e+00
smpl_c1_p0          =  -9.82486e-05
busy_c1_p1          =  1.80000e+00
smpl_c1_p1          =  3.90904e-06
busy_c1_p2          =  1.80000e+00
smpl_c1_p2          =  9.54420e-06
busy_c1_p3          =  1.80000e+00
smpl_c1_p3          =  4.06390e-06
busy_c1_p4          =  1.80000e+00
smpl_c1_p4          =  4.05570e-06
busy_c1_p5          =  1.80000e+00
smpl_c1_p5          =  4.04139e-06
busy_c1_p6          =  1.80000e+00
smpl_c1_p6          =  4.06300e-06
busy_c1_p7          =  1.80000e+00
smpl_c1_p7          =  4.04883e-06
busy_c1_p8          =  1.80000e+00
smpl_c1_p8          =  4.04826e-06
busy_c1_p9          =  1.80000e+00
smpl_c1_p9          =  4.05435e-06
busy_c1_p10         =  1.80000e+00
smpl_c1_p10         =  4.05182e-06
busy_c1_p11         =  -1.59386e-06
smpl_c1_p11         =  1.80004e+00
busy_c2_p0          =  1.80000e+00
smpl_c2_p0          =  -9.83208e-05
busy_c2_p1          =  1.80000e+00
smpl_c2_p1          =  4.13069e-06
busy_c2_p2          =  1.80000e+00
smpl_c2_p2          =  4.24428e-06
busy_c2_p3          =  1.80000e+00
smpl_c2_p3          =  4.13888e-06
busy_c2_p4          =  1.80000e+00
smpl_c2_p4          =  4.18765e-06
busy_c2_p5          =  1.80000e+00
smpl_c2_p5          =  4.22858e-06
busy_c2_p6          =  1.80000e+00
smpl_c2_p6          =  4.25869e-06
busy_c2_p7          =  1.80000e+00
smpl_c2_p7          =  4.25438e-06
busy_c2_p8          =  1.80000e+00
smpl_c2_p8          =  4.26075e-06
busy_c2_p9          =  1.80000e+00
smpl_c2_p9          =  4.26620e-06
busy_c2_p10         =  1.80000e+00
smpl_c2_p10         =  4.26436e-06
busy_c2_p11         =  1.69568e-08
smpl_c2_p11         =  1.80004e+00
busy_c3_p0          =  1.80000e+00
smpl_c3_p0          =  -9.82142e-05
busy_c3_p1          =  1.80000e+00
smpl_c3_p1          =  4.15114e-06
busy_c3_p2          =  1.80000e+00
smpl_c3_p2          =  4.14827e-06
busy_c3_p3          =  1.80000e+00
smpl_c3_p3          =  4.19583e-06
busy_c3_p4          =  1.80000e+00
smpl_c3_p4          =  4.26138e-06
busy_c3_p5          =  1.80000e+00
smpl_c3_p5          =  4.31255e-06
busy_c3_p6          =  1.80000e+00
smpl_c3_p6          =  4.32656e-06
busy_c3_p7          =  1.80000e+00
smpl_c3_p7          =  4.34715e-06
busy_c3_p8          =  1.80000e+00
smpl_c3_p8          =  4.35247e-06
busy_c3_p9          =  1.80000e+00
smpl_c3_p9          =  4.35421e-06
busy_c3_p10         =  1.80000e+00
smpl_c3_p10         =  4.35552e-06
busy_c3_p11         =  3.20300e-07
smpl_c3_p11         =  1.80004e+00
busy_c4_p0          =  1.80000e+00
smpl_c4_p0          =  -9.83763e-05
busy_c4_p1          =  1.80000e+00
smpl_c4_p1          =  4.11928e-06
busy_c4_p2          =  1.80000e+00
smpl_c4_p2          =  4.25728e-06
busy_c4_p3          =  1.80000e+00
smpl_c4_p3          =  4.14415e-06
busy_c4_p4          =  1.80000e+00
smpl_c4_p4          =  4.20386e-06
busy_c4_p5          =  1.80000e+00
smpl_c4_p5          =  4.23991e-06
busy_c4_p6          =  1.80000e+00
smpl_c4_p6          =  4.25052e-06
busy_c4_p7          =  1.80000e+00
smpl_c4_p7          =  4.26778e-06
busy_c4_p8          =  1.80000e+00
smpl_c4_p8          =  4.26168e-06
busy_c4_p9          =  1.80000e+00
smpl_c4_p9          =  4.26764e-06
busy_c4_p10         =  1.80000e+00
smpl_c4_p10         =  4.26682e-06
busy_c4_p11         =  1.99001e-06
smpl_c4_p11         =  1.80004e+00
busy_c5_p0          =  1.80000e+00
smpl_c5_p0          =  -9.82363e-05
busy_c5_p1          =  1.80000e+00
smpl_c5_p1          =  3.91290e-06
busy_c5_p2          =  1.80000e+00
smpl_c5_p2          =  9.47401e-06
busy_c5_p3          =  1.80000e+00
smpl_c5_p3          =  1.16222e-05
busy_c5_p4          =  1.80000e+00
smpl_c5_p4          =  1.04703e-05
busy_c5_p5          =  1.80000e+00
smpl_c5_p5          =  8.90904e-06
busy_c5_p6          =  1.80000e+00
smpl_c5_p6          =  7.37740e-06
busy_c5_p7          =  1.80000e+00
smpl_c5_p7          =  6.31309e-06
busy_c5_p8          =  1.80000e+00
smpl_c5_p8          =  5.66439e-06
busy_c5_p9          =  1.80000e+00
smpl_c5_p9          =  5.21100e-06
busy_c5_p10         =  1.80000e+00
smpl_c5_p10         =  4.96492e-06
busy_c5_p11         =  4.45094e-06
smpl_c5_p11         =  1.80004e+00
i_vdd               =  -2.09351e-06 from=  3.20000e-06 to=  4.20008e-06
i_vpwr              =  -6.96108e-06 from=  3.20000e-06 to=  4.20008e-06
i_vrefp             =  -6.47006e-06 from=  3.20000e-06 to=  4.20008e-06
i_vrefn             =  6.45510e-06 from=  3.20000e-06 to=  4.20008e-06
i_vcm               =  1.37680e-08 from=  3.20000e-06 to=  4.20008e-06
gnd_die_pp          =  0.00000e+00 from=  3.20000e-06 to=  4.20000e-06
gnd_die_max         =  0.00000e+00 at=  4.19985e-06
gnd_die_min         =  0.00000e+00 at=  4.19985e-06
vgnd_die_pp         =  0.00000e+00 from=  3.20000e-06 to=  4.20000e-06
vgnd_die_max        =  0.00000e+00 at=  4.19985e-06
vgnd_die_min        =  0.00000e+00 at=  4.19985e-06
vdd_die_pp          =  0.00000e+00 from=  3.20000e-06 to=  4.20000e-06
vdd_die_max         =  1.80000e+00 at=  4.19985e-06
vdd_die_min         =  1.80000e+00 at=  4.19985e-06
vpwr_die_pp         =  0.00000e+00 from=  3.20000e-06 to=  4.20000e-06
vpwr_die_max        =  1.80000e+00 at=  4.19985e-06
vpwr_die_min        =  1.80000e+00 at=  4.19985e-06
i_gnda              =  2.17393e-06 from=  3.20000e-06 to=  4.20008e-06


Total analysis time (seconds) = 117.347

Total elapsed time (seconds) = 135.819 

Total DRAM available = 49152.000 MB.
DRAM currently available = 9096.875 MB.
Maximum ngspice program size =  819.844 MB.
Current ngspice program size =  819.844 MB.

Note: Starting dynamic gmin stepping
Note: Dynamic gmin stepping completed
