
Note: Compatibility modes selected: hs a


Circuit: * sim/supply-impedance-sensitivity -- ground/supply-return impedance

option SCALE: Scale is set to 1e-06 for instance and model parameters
option SCALE: Scale is set to 1e-06 for instance and model parameters
option SCALE: Scale is set to 1e-06 for instance and model parameters
option SCALE: Scale is set to 1e-06 for instance and model parameters
Doing analysis at TEMP = 27.000000 and TNOM = 27.000000

Using KLU as Direct Linear Solver
 Reference value :  0.00000e+00
 Reference value :  1.61400e-08
 Reference value :  2.04488e-08
 Reference value :  2.13407e-08
 Reference value :  2.19657e-08
 Reference value :  2.31995e-08
 Reference value :  2.80278e-08
 Reference value :  4.20278e-08
 Reference value :  5.65278e-08
 Reference value :  7.30278e-08
 Reference value :  9.40278e-08
 Reference value :  1.15028e-07
 Reference value :  1.39028e-07
 Reference value :  1.60528e-07
 Reference value :  1.81028e-07
 Reference value :  1.99622e-07
 Reference value :  2.00540e-07
 Reference value :  2.01068e-07
 Reference value :  2.02262e-07
 Reference value :  2.03311e-07
 Reference value :  2.04229e-07
 Reference value :  2.05728e-07
 Reference value :  2.16617e-07
 Reference value :  2.32117e-07
 Reference value :  2.41388e-07
 Reference value :  2.42167e-07
 Reference value :  2.43397e-07
 Reference value :  2.44436e-07
 Reference value :  2.45651e-07
 Reference value :  2.47160e-07
 Reference value :  2.53527e-07
 Reference value :  2.70027e-07
 Reference value :  2.82840e-07
 Reference value :  2.83486e-07
 Reference value :  2.84297e-07
 Reference value :  2.85111e-07
 Reference value :  2.86118e-07
 Reference value :  2.87577e-07
 Reference value :  2.96349e-07
 Reference value :  3.12349e-07
 Reference value :  3.24533e-07
 Reference value :  3.25364e-07
 Reference value :  3.26919e-07
 Reference value :  3.28514e-07
 Reference value :  3.29887e-07
 Reference value :  3.36139e-07
 Reference value :  3.58139e-07
 Reference value :  3.66450e-07
 Reference value :  3.67155e-07
 Reference value :  3.68222e-07
 Reference value :  3.69331e-07
 Reference value :  3.70786e-07
 Reference value :  3.73874e-07
 Reference value :  3.88144e-07
 Reference value :  4.01644e-07
 Reference value :  4.08192e-07
 Reference value :  4.09113e-07
 Reference value :  4.10758e-07
 Reference value :  4.12113e-07
 Reference value :  4.13716e-07
 Reference value :  4.15173e-07
 Reference value :  4.17859e-07
 Reference value :  4.35918e-07
 Reference value :  4.49649e-07
 Reference value :  4.50987e-07
 Reference value :  4.51778e-07
 Reference value :  4.52474e-07
 Reference value :  4.53487e-07
 Reference value :  4.55276e-07
 Reference value :  4.67431e-07
 Reference value :  4.82931e-07
 Reference value :  4.91608e-07
 Reference value :  4.92661e-07
 Reference value :  4.94323e-07
 Reference value :  4.95565e-07
 Reference value :  4.96988e-07
 Reference value :  5.02312e-07
 Reference value :  5.18812e-07
 Reference value :  5.32864e-07
 Reference value :  5.33641e-07
 Reference value :  5.34366e-07
 Reference value :  5.35433e-07
 Reference value :  5.36874e-07
 Reference value :  5.39136e-07
 Reference value :  5.50580e-07
 Reference value :  5.64580e-07
 Reference value :  5.74712e-07
 Reference value :  5.75534e-07
 Reference value :  5.77386e-07
 Reference value :  5.78782e-07
 Reference value :  5.80885e-07
 Reference value :  5.84469e-07
 Reference value :  5.85923e-07
 Reference value :  5.87517e-07
 Reference value :  5.91137e-07
 Reference value :  6.05906e-07
 Reference value :  6.16231e-07
 Reference value :  6.17088e-07
 Reference value :  6.17959e-07
 Reference value :  6.18757e-07
 Reference value :  6.19445e-07
 Reference value :  6.20394e-07
 Reference value :  6.22005e-07
 Reference value :  6.32582e-07
 Reference value :  6.49082e-07
 Reference value :  6.58007e-07
 Reference value :  6.58833e-07
 Reference value :  6.60616e-07
 Reference value :  6.62014e-07
 Reference value :  6.63836e-07
 Reference value :  6.69509e-07
 Reference value :  6.76929e-07
 Reference value :  6.78087e-07
 Reference value :  6.79679e-07
 Reference value :  6.82950e-07
 Reference value :  6.97025e-07
 Reference value :  6.99942e-07
 Reference value :  7.00299e-07
 Reference value :  7.01292e-07
 Reference value :  7.02110e-07
 Reference value :  7.02887e-07
 Reference value :  7.03932e-07
 Reference value :  7.06335e-07
 Reference value :  7.19173e-07
 Reference value :  7.35173e-07
 Reference value :  7.41604e-07
 Reference value :  7.42457e-07
 Reference value :  7.44141e-07
 Reference value :  7.45572e-07
 Reference value :  7.47031e-07
 Reference value :  7.55522e-07
 Reference value :  7.69522e-07
 Reference value :  7.71120e-07
 Reference value :  7.72610e-07
 Reference value :  7.74561e-07
 Reference value :  7.82840e-07
 Reference value :  7.83663e-07
 Reference value :  7.84485e-07
 Reference value :  7.85111e-07
 Reference value :  7.85784e-07
 Reference value :  7.86564e-07
 Reference value :  7.87701e-07
 Reference value :  7.91672e-07
 Reference value :  8.07161e-07
 Reference value :  8.21161e-07
 Reference value :  8.24959e-07
 Reference value :  8.26404e-07
 Reference value :  8.28186e-07
 Reference value :  8.29570e-07
 Reference value :  8.33790e-07
 Reference value :  8.52653e-07
 Reference value :  8.62071e-07
 Reference value :  8.63155e-07
 Reference value :  8.66169e-07
 Reference value :  8.66938e-07
 Reference value :  8.67601e-07
 Reference value :  8.68287e-07
 Reference value :  8.68967e-07
 Reference value :  8.69623e-07
 Reference value :  8.70487e-07
 Reference value :  8.72161e-07
 Reference value :  8.84934e-07
 Reference value :  8.99434e-07
 Reference value :  9.08042e-07
 Reference value :  9.08845e-07
 Reference value :  9.10741e-07
 Reference value :  9.11831e-07
 Reference value :  9.13377e-07
 Reference value :  9.17080e-07
 Reference value :  9.31277e-07
 Reference value :  9.45777e-07
 Reference value :  9.49854e-07
 Reference value :  9.50504e-07
 Reference value :  9.51473e-07
 Reference value :  9.52196e-07
 Reference value :  9.52906e-07
 Reference value :  9.53870e-07
 Reference value :  9.55712e-07
 Reference value :  9.68265e-07
 Reference value :  9.84265e-07
 Reference value :  9.91425e-07
 Reference value :  9.92203e-07
 Reference value :  9.94022e-07
 Reference value :  9.95474e-07
 Reference value :  9.96849e-07
 Reference value :  9.99830e-07
 Reference value :  1.01312e-06
 Reference value :  1.02712e-06
 Reference value :  1.03316e-06
 Reference value :  1.03384e-06
 Reference value :  1.03500e-06
 Reference value :  1.03582e-06
 Reference value :  1.03648e-06
 Reference value :  1.03732e-06
 Reference value :  1.03897e-06
 Reference value :  1.04716e-06
 Reference value :  1.06316e-06
 Reference value :  1.07468e-06
 Reference value :  1.07550e-06
 Reference value :  1.07748e-06
 Reference value :  1.07877e-06
 Reference value :  1.08038e-06
 Reference value :  1.09000e-06
 Reference value :  1.11250e-06
 Reference value :  1.11658e-06
 Reference value :  1.11723e-06
 Reference value :  1.11767e-06
 Reference value :  1.11848e-06
 Reference value :  1.11955e-06
 Reference value :  1.12062e-06
 Reference value :  1.12278e-06
 Reference value :  1.13338e-06
 Reference value :  1.14688e-06
 Reference value :  1.15802e-06
 Reference value :  1.15904e-06
 Reference value :  1.16034e-06
 Reference value :  1.16169e-06
 Reference value :  1.16296e-06
 Reference value :  1.16559e-06
 Reference value :  1.18040e-06
 Reference value :  1.19540e-06
 Reference value :  1.19985e-06
 Reference value :  1.20058e-06
 Reference value :  1.20110e-06
 Reference value :  1.20167e-06
 Reference value :  1.20233e-06
 Reference value :  1.20296e-06
 Reference value :  1.20387e-06
 Reference value :  1.20646e-06
 Reference value :  1.22118e-06
 Reference value :  1.23718e-06
 Reference value :  1.24170e-06
 Reference value :  1.24284e-06
 Reference value :  1.24405e-06
 Reference value :  1.24535e-06
 Reference value :  1.24711e-06
 Reference value :  1.25099e-06
 Reference value :  1.26543e-06
 Reference value :  1.27993e-06
 Reference value :  1.28330e-06
 Reference value :  1.28413e-06
 Reference value :  1.28499e-06
 Reference value :  1.28606e-06
 Reference value :  1.28766e-06
 Reference value :  1.29217e-06
 Reference value :  1.30817e-06
 Reference value :  1.32317e-06
 Reference value :  1.32503e-06
 Reference value :  1.32619e-06
 Reference value :  1.32742e-06
 Reference value :  1.32903e-06
 Reference value :  1.33138e-06
 Reference value :  1.33429e-06
 Reference value :  1.33584e-06
 Reference value :  1.33785e-06
 Reference value :  1.34643e-06
 Reference value :  1.36143e-06
 Reference value :  1.36654e-06
 Reference value :  1.36733e-06
 Reference value :  1.36817e-06
 Reference value :  1.36904e-06
 Reference value :  1.37010e-06
 Reference value :  1.37222e-06
 Reference value :  1.38649e-06
 Reference value :  1.40784e-06
 Reference value :  1.40859e-06
 Reference value :  1.41006e-06
 Reference value :  1.41193e-06
 Reference value :  1.41329e-06
 Reference value :  1.41731e-06
 Reference value :  1.43272e-06
 Reference value :  1.44822e-06
 Reference value :  1.44996e-06
 Reference value :  1.45079e-06
 Reference value :  1.45227e-06
 Reference value :  1.45376e-06
 Reference value :  1.45659e-06
 Reference value :  1.47031e-06
 Reference value :  1.48581e-06
 Reference value :  1.49156e-06
 Reference value :  1.49292e-06
 Reference value :  1.49478e-06
 Reference value :  1.49622e-06
 Reference value :  1.49832e-06
 Reference value :  1.50719e-06
 Reference value :  1.52069e-06
 Reference value :  1.53325e-06
 Reference value :  1.53437e-06
 Reference value :  1.53574e-06
 Reference value :  1.53770e-06
 Reference value :  1.54227e-06
 Reference value :  1.55627e-06
 Reference value :  1.57027e-06
 Reference value :  1.57503e-06
 Reference value :  1.57632e-06
 Reference value :  1.57786e-06
 Reference value :  1.57910e-06
 Reference value :  1.58137e-06
 Reference value :  1.59224e-06
 Reference value :  1.59859e-06
 Reference value :  1.60009e-06
 Reference value :  1.60211e-06
 Reference value :  1.61155e-06
 Reference value :  1.61658e-06
 Reference value :  1.61754e-06
 Reference value :  1.61827e-06
 Reference value :  1.61896e-06
 Reference value :  1.61976e-06
 Reference value :  1.62093e-06
 Reference value :  1.62783e-06
 Reference value :  1.64333e-06
 Reference value :  1.65783e-06
 Reference value :  1.65846e-06
 Reference value :  1.65975e-06
 Reference value :  1.66151e-06
 Reference value :  1.66260e-06
 Reference value :  1.66447e-06
 Reference value :  1.67581e-06
 Reference value :  1.69531e-06
 Reference value :  1.69992e-06
 Reference value :  1.70064e-06
 Reference value :  1.70195e-06
 Reference value :  1.70302e-06
 Reference value :  1.70422e-06
 Reference value :  1.70812e-06
 Reference value :  1.72204e-06
 Reference value :  1.73554e-06
 Reference value :  1.74160e-06
 Reference value :  1.74254e-06
 Reference value :  1.74417e-06
 Reference value :  1.74543e-06
 Reference value :  1.74698e-06
 Reference value :  1.75496e-06
 Reference value :  1.77396e-06
 Reference value :  1.78001e-06
 Reference value :  1.78108e-06
 Reference value :  1.78283e-06
 Reference value :  1.78348e-06
 Reference value :  1.78428e-06
 Reference value :  1.78503e-06
 Reference value :  1.78573e-06
 Reference value :  1.78642e-06
 Reference value :  1.78755e-06
 Reference value :  1.79296e-06
 Reference value :  1.80996e-06
 Reference value :  1.82423e-06
 Reference value :  1.82508e-06
 Reference value :  1.82630e-06
 Reference value :  1.82771e-06
 Reference value :  1.82898e-06
 Reference value :  1.83079e-06
 Reference value :  1.84176e-06
 Reference value :  1.85926e-06
 Reference value :  1.86655e-06
 Reference value :  1.86697e-06
 Reference value :  1.86771e-06
 Reference value :  1.86899e-06
 Reference value :  1.86988e-06
 Reference value :  1.87117e-06
 Reference value :  1.87622e-06
 Reference value :  1.88972e-06
 Reference value :  1.90472e-06
 Reference value :  1.90839e-06
 Reference value :  1.90961e-06
 Reference value :  1.91118e-06
 Reference value :  1.91252e-06
 Reference value :  1.91476e-06
 Reference value :  1.92909e-06
 Reference value :  1.94955e-06
 Reference value :  1.95018e-06
 Reference value :  1.95068e-06
 Reference value :  1.95156e-06
 Reference value :  1.95267e-06
 Reference value :  1.95632e-06
 Reference value :  1.97096e-06
 Reference value :  1.98446e-06
 Reference value :  1.99153e-06
 Reference value :  1.99246e-06
 Reference value :  1.99418e-06
 Reference value :  1.99559e-06
 Reference value :  1.99728e-06
 Reference value :  2.00498e-06
 Reference value :  2.02548e-06
 Reference value :  2.03262e-06
 Reference value :  2.03337e-06
 Reference value :  2.03425e-06
 Reference value :  2.03571e-06
 Reference value :  2.03721e-06
 Reference value :  2.03920e-06
 Reference value :  2.04862e-06
 Reference value :  2.06312e-06
 Reference value :  2.07471e-06
 Reference value :  2.07565e-06
 Reference value :  2.07731e-06
 Reference value :  2.07858e-06
 Reference value :  2.08031e-06
 Reference value :  2.08628e-06
 Reference value :  2.10928e-06
 Reference value :  2.11649e-06
 Reference value :  2.11724e-06
 Reference value :  2.11779e-06
 Reference value :  2.11854e-06
 Reference value :  2.11928e-06
 Reference value :  2.12042e-06
 Reference value :  2.12224e-06
 Reference value :  2.12968e-06
 Reference value :  2.14468e-06
 Reference value :  2.15789e-06
 Reference value :  2.15886e-06
 Reference value :  2.16034e-06
 Reference value :  2.16153e-06
 Reference value :  2.16251e-06
 Reference value :  2.16379e-06
 Reference value :  2.17367e-06
 Reference value :  2.18817e-06
 Reference value :  2.19955e-06
 Reference value :  2.20027e-06
 Reference value :  2.20088e-06
 Reference value :  2.20139e-06
 Reference value :  2.20201e-06
 Reference value :  2.20287e-06
 Reference value :  2.20380e-06
 Reference value :  2.20608e-06
 Reference value :  2.21978e-06
 Reference value :  2.23578e-06
 Reference value :  2.24159e-06
 Reference value :  2.24263e-06
 Reference value :  2.24388e-06
 Reference value :  2.24482e-06
 Reference value :  2.24610e-06
 Reference value :  2.24876e-06
 Reference value :  2.26216e-06
 Reference value :  2.27716e-06
 Reference value :  2.28321e-06
 Reference value :  2.28396e-06
 Reference value :  2.28484e-06
 Reference value :  2.28546e-06
 Reference value :  2.28651e-06
 Reference value :  2.28807e-06
 Reference value :  2.30012e-06
 Reference value :  2.31362e-06
 Reference value :  2.32458e-06
 Reference value :  2.32545e-06
 Reference value :  2.32672e-06
 Reference value :  2.32832e-06
 Reference value :  2.33027e-06
 Reference value :  2.33657e-06
 Reference value :  2.33979e-06
 Reference value :  2.35291e-06
 Reference value :  2.36617e-06
 Reference value :  2.36710e-06
 Reference value :  2.36827e-06
 Reference value :  2.36953e-06
 Reference value :  2.37143e-06
 Reference value :  2.38100e-06
 Reference value :  2.39700e-06
 Reference value :  2.40801e-06
 Reference value :  2.40878e-06
 Reference value :  2.41020e-06
 Reference value :  2.41150e-06
 Reference value :  2.41355e-06
 Reference value :  2.41980e-06
 Reference value :  2.42155e-06
 Reference value :  2.42312e-06
 Reference value :  2.42574e-06
 Reference value :  2.43925e-06
 Reference value :  2.44967e-06
 Reference value :  2.45042e-06
 Reference value :  2.45142e-06
 Reference value :  2.45228e-06
 Reference value :  2.45310e-06
 Reference value :  2.45430e-06
 Reference value :  2.46031e-06
 Reference value :  2.47531e-06
 Reference value :  2.48881e-06
 Reference value :  2.49163e-06
 Reference value :  2.49279e-06
 Reference value :  2.49449e-06
 Reference value :  2.49622e-06
 Reference value :  2.49917e-06
 Reference value :  2.50484e-06
 Reference value :  2.51149e-06
 Reference value :  2.52699e-06
 Reference value :  2.53316e-06
 Reference value :  2.53391e-06
 Reference value :  2.53588e-06
 Reference value :  2.53732e-06
 Reference value :  2.53965e-06
 Reference value :  2.55331e-06
 Reference value :  2.56881e-06
 Reference value :  2.57493e-06
 Reference value :  2.57596e-06
 Reference value :  2.57780e-06
 Reference value :  2.57945e-06
 Reference value :  2.58219e-06
 Reference value :  2.58818e-06
 Reference value :  2.59619e-06
 Reference value :  2.61019e-06
 Reference value :  2.61658e-06
 Reference value :  2.61742e-06
 Reference value :  2.61863e-06
 Reference value :  2.62007e-06
 Reference value :  2.62223e-06
 Reference value :  2.63467e-06
 Reference value :  2.65787e-06
 Reference value :  2.65878e-06
 Reference value :  2.66061e-06
 Reference value :  2.66180e-06
 Reference value :  2.66356e-06
 Reference value :  2.66953e-06
 Reference value :  2.67277e-06
 Reference value :  2.68749e-06
 Reference value :  2.69965e-06
 Reference value :  2.70032e-06
 Reference value :  2.70100e-06
 Reference value :  2.70234e-06
 Reference value :  2.70363e-06
 Reference value :  2.70619e-06
 Reference value :  2.72049e-06
 Reference value :  2.73649e-06
 Reference value :  2.74165e-06
 Reference value :  2.74280e-06
 Reference value :  2.74450e-06
 Reference value :  2.74622e-06
 Reference value :  2.74893e-06
 Reference value :  2.75432e-06
 Reference value :  2.76108e-06
 Reference value :  2.77508e-06
 Reference value :  2.78307e-06
 Reference value :  2.78369e-06
 Reference value :  2.78472e-06
 Reference value :  2.78569e-06
 Reference value :  2.78647e-06
 Reference value :  2.78750e-06
 Reference value :  2.79108e-06
 Reference value :  2.80692e-06
 Reference value :  2.82392e-06
 Reference value :  2.82544e-06
 Reference value :  2.82727e-06
 Reference value :  2.82865e-06
 Reference value :  2.83076e-06
 Reference value :  2.83709e-06
 Reference value :  2.84034e-06
 Reference value :  2.85445e-06
 Reference value :  2.86629e-06
 Reference value :  2.86716e-06
 Reference value :  2.86809e-06
 Reference value :  2.86905e-06
 Reference value :  2.86994e-06
 Reference value :  2.87151e-06
 Reference value :  2.88017e-06
 Reference value :  2.89517e-06
 Reference value :  2.90800e-06
 Reference value :  2.90877e-06
 Reference value :  2.91061e-06
 Reference value :  2.91197e-06
 Reference value :  2.91412e-06
 Reference value :  2.92071e-06
 Reference value :  2.92390e-06
 Reference value :  2.93968e-06
 Reference value :  2.94973e-06
 Reference value :  2.95041e-06
 Reference value :  2.95100e-06
 Reference value :  2.95199e-06
 Reference value :  2.95336e-06
 Reference value :  2.95529e-06
 Reference value :  2.96415e-06
 Reference value :  2.97865e-06
 Reference value :  2.99118e-06
 Reference value :  2.99193e-06
 Reference value :  2.99319e-06
 Reference value :  2.99458e-06
 Reference value :  2.99609e-06
 Reference value :  2.99987e-06
 Reference value :  3.00582e-06
 Reference value :  3.01557e-06
 Reference value :  3.03007e-06
 Reference value :  3.03329e-06
 Reference value :  3.03414e-06
 Reference value :  3.03520e-06
 Reference value :  3.03597e-06
 Reference value :  3.03706e-06
 Reference value :  3.03860e-06
 Reference value :  3.04742e-06
 Reference value :  3.06392e-06
 Reference value :  3.07463e-06
 Reference value :  3.07545e-06
 Reference value :  3.07676e-06
 Reference value :  3.07797e-06
 Reference value :  3.07961e-06
 Reference value :  3.08361e-06
 Reference value :  3.08842e-06
 Reference value :  3.09148e-06
 Reference value :  3.10659e-06
 Reference value :  3.11635e-06
 Reference value :  3.11718e-06
 Reference value :  3.11851e-06
 Reference value :  3.11943e-06
 Reference value :  3.12057e-06
 Reference value :  3.12252e-06
 Reference value :  3.13353e-06
 Reference value :  3.14803e-06
 Reference value :  3.15802e-06
 Reference value :  3.15897e-06
 Reference value :  3.16019e-06
 Reference value :  3.16134e-06
 Reference value :  3.16302e-06
 Reference value :  3.16412e-06
 Reference value :  3.16530e-06
 Reference value :  3.17196e-06
 Reference value :  3.18646e-06
 Reference value :  3.19950e-06
 Reference value :  3.20039e-06
 Reference value :  3.20103e-06
 Reference value :  3.20156e-06
 Reference value :  3.20228e-06
 Reference value :  3.20306e-06
 Reference value :  3.20396e-06
 Reference value :  3.20544e-06
 Reference value :  3.21608e-06
 Reference value :  3.23058e-06
 Reference value :  3.24130e-06
 Reference value :  3.24217e-06
 Reference value :  3.24360e-06
 Reference value :  3.24501e-06
 Reference value :  3.24689e-06
 Reference value :  3.24819e-06
 Reference value :  3.25085e-06
 Reference value :  3.26452e-06
 Reference value :  3.27852e-06
 Reference value :  3.28327e-06
 Reference value :  3.28417e-06
 Reference value :  3.28495e-06
 Reference value :  3.28586e-06
 Reference value :  3.28705e-06
 Reference value :  3.29193e-06
 Reference value :  3.30593e-06
 Reference value :  3.32043e-06
 Reference value :  3.32496e-06
 Reference value :  3.32585e-06
 Reference value :  3.32702e-06
 Reference value :  3.32852e-06
 Reference value :  3.32991e-06
 Reference value :  3.33260e-06
 Reference value :  3.34399e-06
 Reference value :  3.36049e-06
 Reference value :  3.36657e-06
 Reference value :  3.36740e-06
 Reference value :  3.36761e-06
 Reference value :  3.36880e-06
 Reference value :  3.37050e-06
 Reference value :  3.37337e-06
 Reference value :  3.38961e-06
 Reference value :  3.40461e-06
 Reference value :  3.40826e-06
 Reference value :  3.40929e-06
 Reference value :  3.41050e-06
 Reference value :  3.41218e-06
 Reference value :  3.41380e-06
 Reference value :  3.42003e-06
 Reference value :  3.43453e-06
 Reference value :  3.44951e-06
 Reference value :  3.45032e-06
 Reference value :  3.45127e-06
 Reference value :  3.45244e-06
 Reference value :  3.45389e-06
 Reference value :  3.45614e-06
 Reference value :  3.46863e-06
 Reference value :  3.48363e-06
 Reference value :  3.49161e-06
 Reference value :  3.49272e-06
 Reference value :  3.49379e-06
 Reference value :  3.49526e-06
 Reference value :  3.49689e-06
 Reference value :  3.50010e-06
 Reference value :  3.51429e-06
 Reference value :  3.53029e-06
 Reference value :  3.53336e-06
 Reference value :  3.53431e-06
 Reference value :  3.53529e-06
 Reference value :  3.53636e-06
 Reference value :  3.53795e-06
 Reference value :  3.54633e-06
 Reference value :  3.56083e-06
 Reference value :  3.57450e-06
 Reference value :  3.57535e-06
 Reference value :  3.57657e-06
 Reference value :  3.57761e-06
 Reference value :  3.57940e-06
 Reference value :  3.58115e-06
 Reference value :  3.58908e-06
 Reference value :  3.60508e-06
 Reference value :  3.61628e-06
 Reference value :  3.61708e-06
 Reference value :  3.61798e-06
 Reference value :  3.61923e-06
 Reference value :  3.62031e-06
 Reference value :  3.62250e-06
 Reference value :  3.63466e-06
 Reference value :  3.65016e-06
 Reference value :  3.65803e-06
 Reference value :  3.65877e-06
 Reference value :  3.66032e-06
 Reference value :  3.66196e-06
 Reference value :  3.66360e-06
 Reference value :  3.66709e-06
 Reference value :  3.68147e-06
 Reference value :  3.69547e-06
 Reference value :  3.69995e-06
 Reference value :  3.70098e-06
 Reference value :  3.70198e-06
 Reference value :  3.70327e-06
 Reference value :  3.70461e-06
 Reference value :  3.71057e-06
 Reference value :  3.72507e-06
 Reference value :  3.74087e-06
 Reference value :  3.74177e-06
 Reference value :  3.74316e-06
 Reference value :  3.74473e-06
 Reference value :  3.74783e-06
 Reference value :  3.75832e-06
 Reference value :  3.77332e-06
 Reference value :  3.78305e-06
 Reference value :  3.78394e-06
 Reference value :  3.78504e-06
 Reference value :  3.78587e-06
 Reference value :  3.78691e-06
 Reference value :  3.78847e-06
 Reference value :  3.79949e-06
 Reference value :  3.81299e-06
 Reference value :  3.82451e-06
 Reference value :  3.82544e-06
 Reference value :  3.82682e-06
 Reference value :  3.82819e-06
 Reference value :  3.82936e-06
 Reference value :  3.83123e-06
 Reference value :  3.84085e-06
 Reference value :  3.85735e-06
 Reference value :  3.86640e-06
 Reference value :  3.86715e-06
 Reference value :  3.86761e-06
 Reference value :  3.86857e-06
 Reference value :  3.86947e-06
 Reference value :  3.87074e-06
 Reference value :  3.87323e-06
 Reference value :  3.88718e-06
 Reference value :  3.90318e-06
 Reference value :  3.90832e-06
 Reference value :  3.90971e-06
 Reference value :  3.91099e-06
 Reference value :  3.91231e-06
 Reference value :  3.91351e-06
 Reference value :  3.92126e-06
 Reference value :  3.93776e-06
 Reference value :  3.94956e-06
 Reference value :  3.95025e-06
 Reference value :  3.95098e-06
 Reference value :  3.95205e-06
 Reference value :  3.95321e-06
 Reference value :  3.95528e-06
 Reference value :  3.96500e-06
 Reference value :  3.98150e-06
 Reference value :  3.99145e-06
 Reference value :  3.99229e-06
 Reference value :  3.99363e-06
 Reference value :  3.99496e-06
 Reference value :  3.99649e-06
 Reference value :  3.99864e-06
 Reference value :  4.01387e-06
 Reference value :  4.02937e-06
 Reference value :  4.03341e-06
 Reference value :  4.03423e-06
 Reference value :  4.03518e-06
 Reference value :  4.03605e-06
 Reference value :  4.03705e-06
 Reference value :  4.03885e-06
 Reference value :  4.04968e-06
 Reference value :  4.06468e-06
 Reference value :  4.07471e-06
 Reference value :  4.07557e-06
 Reference value :  4.07682e-06
 Reference value :  4.07793e-06
 Reference value :  4.07969e-06
 Reference value :  4.08114e-06
 Reference value :  4.08906e-06
 Reference value :  4.10556e-06
 Reference value :  4.11635e-06
 Reference value :  4.11709e-06
 Reference value :  4.11816e-06
 Reference value :  4.11910e-06
 Reference value :  4.12026e-06
 Reference value :  4.12177e-06
 Reference value :  4.12945e-06
 Reference value :  4.14345e-06
 Reference value :  4.15784e-06
 Reference value :  4.15870e-06
 Reference value :  4.15996e-06
 Reference value :  4.16118e-06
 Reference value :  4.16221e-06
 Reference value :  4.16371e-06
 Reference value :  4.17034e-06
 Reference value :  4.18584e-06
 Reference value :  4.19950e-06
 Reference value :  4.20057e-06
 Reference value :  4.20118e-06
 Reference value :  4.20192e-06
 Reference value :  4.20298e-06
 Reference value :  4.20400e-06
 Reference value :  4.20557e-06
 Reference value :  4.21737e-06
 Reference value :  4.23287e-06
 Reference value :  4.24137e-06
 Reference value :  4.24225e-06
 Reference value :  4.24371e-06
 Reference value :  4.24486e-06
 Reference value :  4.24631e-06
 Reference value :  4.24906e-06
 Reference value :  4.26476e-06
 Reference value :  4.27876e-06
 Reference value :  4.28321e-06
 Reference value :  4.28400e-06
 Reference value :  4.28482e-06
 Reference value :  4.28581e-06
 Reference value :  4.28722e-06
 Reference value :  4.29029e-06
 Reference value :  4.30357e-06
 Reference value :  4.31957e-06
 Reference value :  4.32497e-06
 Reference value :  4.32636e-06
 Reference value :  4.32776e-06
 Reference value :  4.32939e-06
 Reference value :  4.33154e-06
 Reference value :  4.33707e-06
 Reference value :  4.33869e-06
 Reference value :  4.34098e-06
 Reference value :  4.34713e-06
 Reference value :  4.36163e-06
 Reference value :  4.36658e-06
 Reference value :  4.36757e-06
 Reference value :  4.36846e-06
 Reference value :  4.37006e-06
 Reference value :  4.37208e-06
 Reference value :  4.38243e-06
 Reference value :  4.39543e-06
 Reference value :  4.40794e-06
 Reference value :  4.40878e-06
 Reference value :  4.41057e-06
 Reference value :  4.41171e-06
 Reference value :  4.41365e-06
 Reference value :  4.42004e-06
 Reference value :  4.42226e-06
 Reference value :  4.43251e-06
 Reference value :  4.44901e-06
 Reference value :  4.45037e-06
 Reference value :  4.45128e-06
 Reference value :  4.45239e-06
 Reference value :  4.45342e-06
 Reference value :  4.45465e-06
 Reference value :  4.46082e-06
 Reference value :  4.47732e-06
 Reference value :  4.49119e-06
 Reference value :  4.49203e-06
 Reference value :  4.49351e-06
 Reference value :  4.49491e-06
 Reference value :  4.49661e-06
 Reference value :  4.50126e-06
 Reference value :  4.50502e-06
 Reference value :  4.50661e-06
 Reference value :  4.50851e-06
 Reference value :  4.52020e-06
 Reference value :  4.53284e-06
 Reference value :  4.53372e-06
 Reference value :  4.53475e-06
 Reference value :  4.53583e-06
 Reference value :  4.53790e-06
 Reference value :  4.54348e-06
 Reference value :  4.55898e-06
 Reference value :  4.57424e-06
 Reference value :  4.57544e-06
 Reference value :  4.57734e-06
 Reference value :  4.57869e-06
 Reference value :  4.58075e-06
 Reference value :  4.58698e-06
 Reference value :  4.58897e-06
 Reference value :  4.59064e-06
 Reference value :  4.59654e-06
 Reference value :  4.61404e-06
 Reference value :  4.61677e-06
 Reference value :  4.61775e-06
 Reference value :  4.61871e-06
 Reference value :  4.62046e-06
 Reference value :  4.62304e-06
 Reference value :  4.63484e-06
 Reference value :  4.64884e-06
 Reference value :  4.65805e-06
 Reference value :  4.65883e-06
 Reference value :  4.66004e-06
 Reference value :  4.66135e-06
 Reference value :  4.66306e-06
 Reference value :  4.66599e-06
 Reference value :  4.67067e-06
 Reference value :  4.67220e-06
 Reference value :  4.67411e-06
 Reference value :  4.68161e-06
 Reference value :  4.69661e-06
 Reference value :  4.69995e-06
 Reference value :  4.70138e-06
 Reference value :  4.70269e-06
 Reference value :  4.70426e-06
 Reference value :  4.70756e-06
 Reference value :  4.72118e-06
 Reference value :  4.73618e-06
 Reference value :  4.74157e-06
 Reference value :  4.74262e-06
 Reference value :  4.74417e-06
 Reference value :  4.74569e-06
 Reference value :  4.74807e-06
 Reference value :  4.75382e-06
 Reference value :  4.75539e-06
 Reference value :  4.75723e-06
 Reference value :  4.76252e-06
 Reference value :  4.77602e-06
 Reference value :  4.78316e-06
 Reference value :  4.78396e-06
 Reference value :  4.78470e-06
 Reference value :  4.78576e-06
 Reference value :  4.78672e-06
 Reference value :  4.78823e-06
 Reference value :  4.80098e-06
 Reference value :  4.82048e-06
 Reference value :  4.82494e-06
 Reference value :  4.82623e-06
 Reference value :  4.82784e-06
 Reference value :  4.82934e-06
 Reference value :  4.83181e-06
 Reference value :  4.83763e-06
 Reference value :  4.83939e-06
 Reference value :  4.84145e-06
 Reference value :  4.85081e-06
 Reference value :  4.86617e-06
 Reference value :  4.86695e-06
 Reference value :  4.86765e-06
 Reference value :  4.86842e-06
 Reference value :  4.86940e-06
 Reference value :  4.87059e-06
 Reference value :  4.87268e-06
 Reference value :  4.88362e-06
 Reference value :  4.89912e-06
 Reference value :  4.90806e-06
 Reference value :  4.90883e-06
 Reference value :  4.91046e-06
 Reference value :  4.91171e-06
 Reference value :  4.91362e-06
 Reference value :  4.92040e-06
 Reference value :  4.92211e-06
 Reference value :  4.92395e-06
 Reference value :  4.92588e-06
 Reference value :  4.93882e-06
 Reference value :  4.94970e-06
 Reference value :  4.95031e-06
 Reference value :  4.95102e-06
 Reference value :  4.95199e-06
 Reference value :  4.95311e-06
 Reference value :  4.95500e-06
 Reference value :  4.96469e-06
 Reference value :  4.97969e-06
 Reference value :  4.99135e-06
 Reference value :  4.99213e-06
 Reference value :  4.99364e-06
 Reference value :  4.99491e-06
 Reference value :  4.99653e-06
 Reference value :  5.00031e-06
 Reference value :  5.00520e-06
 Reference value :  5.00921e-06
 Reference value :  5.02310e-06
 Reference value :  5.03300e-06
 Reference value :  5.03388e-06
 Reference value :  5.03498e-06
 Reference value :  5.03604e-06
 Reference value :  5.03726e-06
 Reference value :  5.03895e-06
 Reference value :  5.05022e-06
 Reference value :  5.06622e-06
 Reference value :  5.07476e-06
 Reference value :  5.07565e-06
 Reference value :  5.07746e-06
 Reference value :  5.07885e-06
 Reference value :  5.08167e-06
 Reference value :  5.08755e-06
 Reference value :  5.08981e-06
 Reference value :  5.10158e-06
 Reference value :  5.11617e-06
 Reference value :  5.11697e-06
 Reference value :  5.11758e-06
 Reference value :  5.11849e-06
 Reference value :  5.11965e-06
 Reference value :  5.12104e-06
 Reference value :  5.12447e-06
 Reference value :  5.13940e-06
 Reference value :  5.15590e-06
 Reference value :  5.15840e-06
 Reference value :  5.16009e-06
 Reference value :  5.16133e-06
 Reference value :  5.16239e-06
 Reference value :  5.16443e-06
 Reference value :  5.17254e-06
 Reference value :  5.18704e-06
 Reference value :  5.19958e-06
 Reference value :  5.20043e-06
 Reference value :  5.20102e-06
 Reference value :  5.20178e-06
 Reference value :  5.20297e-06
 Reference value :  5.20441e-06
 Reference value :  5.20701e-06
 Reference value :  5.22303e-06
 Reference value :  5.23753e-06
 Reference value :  5.24171e-06
 Reference value :  5.24286e-06
 Reference value :  5.24415e-06
 Reference value :  5.24557e-06
 Reference value :  5.24737e-06
 Reference value :  5.25396e-06
 Reference value :  5.26996e-06
 Reference value :  5.28291e-06
 Reference value :  5.28362e-06
 Reference value :  5.28452e-06
 Reference value :  5.28547e-06
 Reference value :  5.28677e-06
 Reference value :  5.28832e-06
 Reference value :  5.29555e-06
 Reference value :  5.31105e-06
 Reference value :  5.32451e-06
 Reference value :  5.32540e-06
 Reference value :  5.32676e-06
 Reference value :  5.32797e-06
 Reference value :  5.32980e-06
 Reference value :  5.33334e-06
 Reference value :  5.33552e-06
 Reference value :  5.34367e-06
 Reference value :  5.35967e-06
 Reference value :  5.36658e-06
 Reference value :  5.36755e-06
 Reference value :  5.36879e-06
 Reference value :  5.36978e-06
 Reference value :  5.37143e-06
 Reference value :  5.37861e-06
 Reference value :  5.39261e-06
 Reference value :  5.40711e-06
 Reference value :  5.40840e-06
 Reference value :  5.40948e-06
 Reference value :  5.41126e-06
 Reference value :  5.41280e-06
 Reference value :  5.41500e-06
 Reference value :  5.42683e-06
 Reference value :  5.44233e-06
 Reference value :  5.44979e-06
 Reference value :  5.45053e-06
 Reference value :  5.45158e-06
 Reference value :  5.45237e-06
 Reference value :  5.45332e-06
 Reference value :  5.45466e-06
 Reference value :  5.45985e-06
 Reference value :  5.47635e-06
 Reference value :  5.49035e-06
 Reference value :  5.49167e-06
 Reference value :  5.49306e-06
 Reference value :  5.49481e-06
 Reference value :  5.49653e-06
 Reference value :  5.49992e-06
 Reference value :  5.51445e-06
 Reference value :  5.52945e-06
 Reference value :  5.53326e-06
 Reference value :  5.53419e-06
 Reference value :  5.53514e-06
 Reference value :  5.53598e-06
 Reference value :  5.53689e-06
 Reference value :  5.53863e-06
 Reference value :  5.54731e-06
 Reference value :  5.56231e-06
 Reference value :  5.57456e-06
 Reference value :  5.57565e-06
 Reference value :  5.57762e-06
 Reference value :  5.57899e-06
 Reference value :  5.58061e-06
 Reference value :  5.58579e-06
 Reference value :  5.60079e-06
 Reference value :  5.61617e-06
 Reference value :  5.61699e-06
 Reference value :  5.61789e-06
 Reference value :  5.61895e-06
 Reference value :  5.61979e-06
 Reference value :  5.62099e-06
 Reference value :  5.62336e-06
 Reference value :  5.63592e-06
 Reference value :  5.65142e-06
 Reference value :  5.65813e-06
 Reference value :  5.65896e-06
 Reference value :  5.66080e-06
 Reference value :  5.66226e-06
 Reference value :  5.66382e-06
 Reference value :  5.66652e-06
 Reference value :  5.68106e-06
 Reference value :  5.69556e-06
 Reference value :  5.69991e-06
 Reference value :  5.70072e-06
 Reference value :  5.70185e-06
 Reference value :  5.70274e-06
 Reference value :  5.70368e-06
 Reference value :  5.70545e-06
 Reference value :  5.71531e-06
 Reference value :  5.73031e-06
 Reference value :  5.74134e-06
 Reference value :  5.74218e-06
 Reference value :  5.74402e-06
 Reference value :  5.74544e-06
 Reference value :  5.74779e-06
 Reference value :  5.76143e-06
 Reference value :  5.77693e-06
 Reference value :  5.78319e-06
 Reference value :  5.78417e-06
 Reference value :  5.78521e-06
 Reference value :  5.78601e-06
 Reference value :  5.78686e-06
 Reference value :  5.78854e-06
 Reference value :  5.79592e-06
 Reference value :  5.81042e-06
 Reference value :  5.82450e-06
 Reference value :  5.82526e-06
 Reference value :  5.82665e-06
 Reference value :  5.82844e-06
 Reference value :  5.82981e-06
 Reference value :  5.83219e-06
 Reference value :  5.84296e-06
 Reference value :  5.85746e-06
 Reference value :  5.86633e-06
 Reference value :  5.86697e-06
 Reference value :  5.86767e-06
 Reference value :  5.86859e-06
 Reference value :  5.86932e-06
 Reference value :  5.87010e-06
 Reference value :  5.87143e-06
 Reference value :  5.87561e-06
 Reference value :  5.89061e-06
 Reference value :  5.90661e-06
 Reference value :  5.90847e-06
 Reference value :  5.91010e-06
 Reference value :  5.91184e-06
 Reference value :  5.91311e-06
 Reference value :  5.91541e-06
 Reference value :  5.92359e-06
 Reference value :  5.93859e-06
 Reference value :  5.94967e-06
 Reference value :  5.95039e-06
 Reference value :  5.95118e-06
 Reference value :  5.95202e-06
 Reference value :  5.95277e-06
 Reference value :  5.95370e-06
 Reference value :  5.95544e-06
 Reference value :  5.96574e-06
 Reference value :  5.98424e-06
 Reference value :  5.99149e-06
 Reference value :  5.99256e-06
 Reference value :  5.99446e-06
 Reference value :  5.99594e-06
 Reference value :  5.99835e-06
 Reference value :  6.00848e-06
 Reference value :  6.02298e-06
 Reference value :  6.03300e-06
 Reference value :  6.03377e-06
 Reference value :  6.03518e-06
 Reference value :  6.03655e-06
 Reference value :  6.03782e-06
 Reference value :  6.03978e-06
 Reference value :  6.05130e-06
 Reference value :  6.06680e-06
 Reference value :  6.07476e-06
 Reference value :  6.07599e-06
 Reference value :  6.07804e-06
 Reference value :  6.07919e-06
 Reference value :  6.08073e-06
 Reference value :  6.08679e-06
 Reference value :  6.10129e-06
 Reference value :  6.11479e-06
 Reference value :  6.11662e-06
 Reference value :  6.11728e-06
 Reference value :  6.11781e-06
 Reference value :  6.11832e-06
 Reference value :  6.11899e-06
 Reference value :  6.11966e-06
 Reference value :  6.12105e-06
 Reference value :  6.12530e-06
 Reference value :  6.13930e-06
 Reference value :  6.15280e-06
 Reference value :  6.15829e-06
 Reference value :  6.15952e-06
 Reference value :  6.16076e-06
 Reference value :  6.16179e-06
 Reference value :  6.16308e-06
 Reference value :  6.16543e-06
 Reference value :  6.17850e-06
 Reference value :  6.19450e-06
 Reference value :  6.19991e-06
 Reference value :  6.20066e-06
 Reference value :  6.20118e-06
 Reference value :  6.20185e-06
 Reference value :  6.20267e-06
 Reference value :  6.20359e-06
 Reference value :  6.20463e-06
 Reference value :  6.21025e-06
 Reference value :  6.22475e-06
 Reference value :  6.23925e-06
 Reference value :  6.24173e-06
 Reference value :  6.24291e-06
 Reference value :  6.24414e-06
 Reference value :  6.24534e-06
 Reference value :  6.24697e-06
 Reference value :  6.25078e-06
 Reference value :  6.26568e-06
 Reference value :  6.28118e-06
 Reference value :  6.28331e-06
No. of Data Rows : 28620

  Measurements for Transient Analysis

d9_c1               =  -1.55608e-03
d8_c1               =  -2.32471e-04
d7_c1               =  1.79476e+00
d6_c1               =  1.79477e+00
d5_c1               =  -2.35628e-04
d4_c1               =  1.79477e+00
d3_c1               =  -2.31738e-04
d2_c1               =  1.79476e+00
d1_c1               =  1.79477e+00
d0_c1               =  -2.35683e-04
d9_c2               =  -1.56947e-03
d8_c2               =  1.79473e+00
d7_c2               =  -2.22638e-04
d6_c2               =  1.79472e+00
d5_c2               =  1.79473e+00
d4_c2               =  1.79473e+00
d3_c2               =  1.79472e+00
d2_c2               =  1.79472e+00
d1_c2               =  1.79472e+00
d0_c2               =  1.79472e+00
d9_c3               =  -1.66591e-03
d8_c3               =  1.79460e+00
d7_c3               =  1.79460e+00
d6_c3               =  1.79460e+00
d5_c3               =  1.79460e+00
d4_c3               =  1.79460e+00
d3_c3               =  1.79460e+00
d2_c3               =  1.79460e+00
d1_c3               =  1.79460e+00
d0_c3               =  1.79460e+00
d9_c4               =  1.79588e+00
d8_c4               =  -1.52652e-04
d7_c4               =  1.79471e+00
d6_c4               =  -1.52802e-04
d5_c4               =  -1.52817e-04
d4_c4               =  -1.52651e-04
d3_c4               =  -1.52854e-04
d2_c4               =  -1.52892e-04
d1_c4               =  -1.52952e-04
d0_c4               =  1.79471e+00
d9_c5               =  1.79665e+00
d8_c5               =  1.79501e+00
d7_c5               =  1.79501e+00
d6_c5               =  1.79501e+00
d5_c5               =  1.79501e+00
d4_c5               =  1.79501e+00
d3_c5               =  1.79501e+00
d2_c5               =  1.79501e+00
d1_c5               =  1.79501e+00
d0_c5               =  1.79501e+00
busy_c1_p0          =  1.79429e+00
smpl_c1_p0          =  -2.70623e-04
busy_c1_p1          =  1.79442e+00
smpl_c1_p1          =  -1.58533e-04
busy_c1_p2          =  1.79474e+00
smpl_c1_p2          =  2.57347e-05
busy_c1_p3          =  1.79453e+00
smpl_c1_p3          =  -1.06913e-04
busy_c1_p4          =  1.79453e+00
smpl_c1_p4          =  -1.01260e-04
busy_c1_p5          =  1.79445e+00
smpl_c1_p5          =  -2.24387e-04
busy_c1_p6          =  1.79453e+00
smpl_c1_p6          =  -1.15338e-04
busy_c1_p7          =  1.79444e+00
smpl_c1_p7          =  -2.45185e-04
busy_c1_p8          =  1.79454e+00
smpl_c1_p8          =  -1.49086e-04
busy_c1_p9          =  1.79453e+00
smpl_c1_p9          =  -1.52476e-04
busy_c1_p10         =  1.79446e+00
smpl_c1_p10         =  -1.84880e-04
busy_c1_p11         =  5.57365e-04
smpl_c1_p11         =  1.79934e+00
busy_c2_p0          =  1.79425e+00
smpl_c2_p0          =  -2.40458e-04
busy_c2_p1          =  1.79444e+00
smpl_c2_p1          =  -1.47294e-04
busy_c2_p2          =  1.79437e+00
smpl_c2_p2          =  -1.94255e-04
busy_c2_p3          =  1.79440e+00
smpl_c2_p3          =  -1.87826e-04
busy_c2_p4          =  1.79442e+00
smpl_c2_p4          =  -1.61343e-04
busy_c2_p5          =  1.79442e+00
smpl_c2_p5          =  -1.65467e-04
busy_c2_p6          =  1.79439e+00
smpl_c2_p6          =  -1.95868e-04
busy_c2_p7          =  1.79439e+00
smpl_c2_p7          =  -2.01497e-04
busy_c2_p8          =  1.79440e+00
smpl_c2_p8          =  -1.95720e-04
busy_c2_p9          =  1.79431e+00
smpl_c2_p9          =  -3.32385e-04
busy_c2_p10         =  1.79442e+00
smpl_c2_p10         =  -1.51112e-04
busy_c2_p11         =  7.12014e-04
smpl_c2_p11         =  1.79931e+00
busy_c3_p0          =  1.79431e+00
smpl_c3_p0          =  -1.89631e-04
busy_c3_p1          =  1.79454e+00
smpl_c3_p1          =  -5.46285e-05
busy_c3_p2          =  1.79438e+00
smpl_c3_p2          =  -1.73388e-04
busy_c3_p3          =  1.79425e+00
smpl_c3_p3          =  -3.16542e-04
busy_c3_p4          =  1.79432e+00
smpl_c3_p4          =  -2.19931e-04
busy_c3_p5          =  1.79431e+00
smpl_c3_p5          =  -2.31646e-04
busy_c3_p6          =  1.79432e+00
smpl_c3_p6          =  -2.22216e-04
busy_c3_p7          =  1.79421e+00
smpl_c3_p7          =  -3.67065e-04
busy_c3_p8          =  1.79436e+00
smpl_c3_p8          =  -1.98639e-04
busy_c3_p9          =  1.79429e+00
smpl_c3_p9          =  -2.71822e-04
busy_c3_p10         =  1.79430e+00
smpl_c3_p10         =  -2.48623e-04
busy_c3_p11         =  7.12669e-04
smpl_c3_p11         =  1.79930e+00
busy_c4_p0          =  1.79426e+00
smpl_c4_p0          =  -2.25485e-04
busy_c4_p1          =  1.79448e+00
smpl_c4_p1          =  -2.07580e-04
busy_c4_p2          =  1.79440e+00
smpl_c4_p2          =  -2.30605e-04
busy_c4_p3          =  1.79445e+00
smpl_c4_p3          =  -2.20579e-04
busy_c4_p4          =  1.79438e+00
smpl_c4_p4          =  -3.13391e-04
busy_c4_p5          =  1.79442e+00
smpl_c4_p5          =  -3.11328e-04
busy_c4_p6          =  1.79441e+00
smpl_c4_p6          =  -3.15638e-04
busy_c4_p7          =  1.79435e+00
smpl_c4_p7          =  -3.65768e-04
busy_c4_p8          =  1.79446e+00
smpl_c4_p8          =  -2.31327e-04
busy_c4_p9          =  1.79443e+00
smpl_c4_p9          =  -2.88391e-04
busy_c4_p10         =  1.79443e+00
smpl_c4_p10         =  -2.30436e-04
busy_c4_p11         =  7.39381e-04
smpl_c4_p11         =  1.79933e+00
busy_c5_p0          =  1.79436e+00
smpl_c5_p0          =  -1.69521e-04
busy_c5_p1          =  1.79445e+00
smpl_c5_p1          =  -2.09431e-04
busy_c5_p2          =  1.79481e+00
smpl_c5_p2          =  1.74596e-05
busy_c5_p3          =  1.79481e+00
smpl_c5_p3          =  -3.08785e-05
busy_c5_p4          =  1.79487e+00
smpl_c5_p4          =  1.29556e-05
busy_c5_p5          =  1.79482e+00
smpl_c5_p5          =  -7.39717e-05
busy_c5_p6          =  1.79481e+00
smpl_c5_p6          =  -1.11823e-04
busy_c5_p7          =  1.79487e+00
smpl_c5_p7          =  -5.37147e-05
busy_c5_p8          =  1.79484e+00
smpl_c5_p8          =  -1.81955e-04
busy_c5_p9          =  1.79477e+00
smpl_c5_p9          =  -2.35494e-04
busy_c5_p10         =  1.79473e+00
smpl_c5_p10         =  -1.74611e-04
busy_c5_p11         =  6.91284e-04
smpl_c5_p11         =  1.79932e+00
i_vdd               =  -2.13213e-06 from=  3.20000e-06 to=  4.20003e-06
i_vpwr              =  -6.47202e-06 from=  3.20000e-06 to=  4.20003e-06
i_vrefp             =  -6.50047e-06 from=  3.20000e-06 to=  4.20003e-06
i_vrefn             =  6.48747e-06 from=  3.20000e-06 to=  4.20003e-06
i_vcm               =  1.17554e-08 from=  3.20000e-06 to=  4.20003e-06
gnd_die_pp          =  1.11622e-01 from=  3.20000e-06 to=  4.20000e-06
gnd_die_max         =  6.65512e-02 at=  3.20088e-06
gnd_die_min         =  -4.50707e-02 at=  4.11709e-06
vgnd_die_pp         =  1.27061e-01 from=  3.20000e-06 to=  4.20000e-06
vgnd_die_max        =  6.12651e-02 at=  3.95018e-06
vgnd_die_min        =  -6.57957e-02 at=  3.65898e-06
vdd_die_pp          =  1.15283e-01 from=  3.20000e-06 to=  4.20000e-06
vdd_die_max         =  1.86355e+00 at=  3.20113e-06
vdd_die_min         =  1.74826e+00 at=  3.20076e-06
vpwr_die_pp         =  1.55134e-01 from=  3.20000e-06 to=  4.20000e-06
vpwr_die_max        =  1.87277e+00 at=  4.03383e-06
vpwr_die_min        =  1.71763e+00 at=  3.95018e-06
i_gnda              =  2.20402e-06 from=  3.20000e-06 to=  4.20003e-06


Total analysis time (seconds) = 347.718

Total elapsed time (seconds) = 369.182 

Total DRAM available = 49152.000 MB.
DRAM currently available = 14321.062 MB.
Maximum ngspice program size =  822.594 MB.
Current ngspice program size =  822.594 MB.

Note: Starting dynamic gmin stepping
Note: Dynamic gmin stepping completed
