
Note: Compatibility modes selected: hs a


Circuit: * sim/full-conversion-transient -- end-to-end full-conversion transient

option SCALE: Scale is set to 1e-06 for instance and model parameters
option SCALE: Scale is set to 1e-06 for instance and model parameters
option SCALE: Scale is set to 1e-06 for instance and model parameters
option SCALE: Scale is set to 1e-06 for instance and model parameters
Doing analysis at TEMP = 27.000000 and TNOM = 27.000000

Using KLU as Direct Linear Solver
 Reference value :  0.00000e+00
 Reference value :  2.64000e-09
 Reference value :  1.01400e-08
 Reference value :  1.76400e-08
 Reference value :  2.06750e-08
 Reference value :  2.13500e-08
 Reference value :  2.62500e-08
 Reference value :  3.12500e-08
 Reference value :  3.62500e-08
 Reference value :  4.02500e-08
 Reference value :  4.52500e-08
 Reference value :  5.07500e-08
 Reference value :  5.57500e-08
 Reference value :  5.92500e-08
 Reference value :  6.37500e-08
 Reference value :  6.92500e-08
 Reference value :  7.37500e-08
 Reference value :  7.87500e-08
 Reference value :  8.42500e-08
 Reference value :  8.87500e-08
 Reference value :  9.42500e-08
 Reference value :  9.92500e-08
 Reference value :  1.04750e-07
 Reference value :  1.09750e-07
 Reference value :  1.14750e-07
 Reference value :  1.20750e-07
 Reference value :  1.27250e-07
 Reference value :  1.34750e-07
 Reference value :  1.41750e-07
 Reference value :  1.49750e-07
 Reference value :  1.56750e-07
 Reference value :  1.63750e-07
 Reference value :  1.71250e-07
 Reference value :  1.78250e-07
 Reference value :  1.82750e-07
 Reference value :  1.85250e-07
 Reference value :  1.90250e-07
 Reference value :  1.92750e-07
 Reference value :  1.98250e-07
 Reference value :  1.99550e-07
 Reference value :  2.00085e-07
 Reference value :  2.00500e-07
 Reference value :  2.00913e-07
 Reference value :  2.02112e-07
 Reference value :  2.07112e-07
 Reference value :  2.11612e-07
 Reference value :  2.17112e-07
 Reference value :  2.21612e-07
 Reference value :  2.26112e-07
 Reference value :  2.30112e-07
 Reference value :  2.33612e-07
 Reference value :  2.37612e-07
 Reference value :  2.41167e-07
 Reference value :  2.41842e-07
 Reference value :  2.43105e-07
 Reference value :  2.43646e-07
 Reference value :  2.44574e-07
 Reference value :  2.46959e-07
 Reference value :  2.52459e-07
 Reference value :  2.58459e-07
 Reference value :  2.63959e-07
 Reference value :  2.68959e-07
 Reference value :  2.74959e-07
 Reference value :  2.78959e-07
 Reference value :  2.82833e-07
 Reference value :  2.83421e-07
 Reference value :  2.83913e-07
 Reference value :  2.84327e-07
 Reference value :  2.85285e-07
 Reference value :  2.88527e-07
 Reference value :  2.89527e-07
 Reference value :  2.92527e-07
 Reference value :  2.94027e-07
 Reference value :  2.95527e-07
 Reference value :  2.96527e-07
 Reference value :  2.97527e-07
 Reference value :  2.98527e-07
 Reference value :  2.99527e-07
 Reference value :  3.01027e-07
 Reference value :  3.02527e-07
 Reference value :  3.04027e-07
 Reference value :  3.05527e-07
 Reference value :  3.06527e-07
 Reference value :  3.08027e-07
 Reference value :  3.09527e-07
 Reference value :  3.11027e-07
 Reference value :  3.12527e-07
 Reference value :  3.14027e-07
 Reference value :  3.15027e-07
 Reference value :  3.16527e-07
 Reference value :  3.18027e-07
 Reference value :  3.19027e-07
 Reference value :  3.20527e-07
 Reference value :  3.24027e-07
 Reference value :  3.24650e-07
 Reference value :  3.25175e-07
 Reference value :  3.25541e-07
 Reference value :  3.25787e-07
 Reference value :  3.26444e-07
 Reference value :  3.27399e-07
 Reference value :  3.28399e-07
 Reference value :  3.29899e-07
 Reference value :  3.31399e-07
 Reference value :  3.32899e-07
 Reference value :  3.34399e-07
 Reference value :  3.38399e-07
 Reference value :  3.42399e-07
 Reference value :  3.45899e-07
 Reference value :  3.48399e-07
 Reference value :  3.52399e-07
 Reference value :  3.56399e-07
 Reference value :  3.60899e-07
 Reference value :  3.64899e-07
 Reference value :  3.66549e-07
 Reference value :  3.66769e-07
 Reference value :  3.67175e-07
 Reference value :  3.68473e-07
 Reference value :  3.74473e-07
 Reference value :  3.79973e-07
 Reference value :  3.85973e-07
 Reference value :  3.91473e-07
 Reference value :  3.97473e-07
 Reference value :  4.02973e-07
 Reference value :  4.07983e-07
 Reference value :  4.09779e-07
 Reference value :  4.11196e-07
 Reference value :  4.13049e-07
 Reference value :  4.15049e-07
 Reference value :  4.20049e-07
 Reference value :  4.25549e-07
 Reference value :  4.31549e-07
 Reference value :  4.36549e-07
 Reference value :  4.41049e-07
 Reference value :  4.46549e-07
 Reference value :  4.50087e-07
 Reference value :  4.50880e-07
 Reference value :  4.51539e-07
 Reference value :  4.55493e-07
 Reference value :  4.60993e-07
 Reference value :  4.65993e-07
 Reference value :  4.71493e-07
 Reference value :  4.76993e-07
 Reference value :  4.81993e-07
 Reference value :  4.86993e-07
 Reference value :  4.91317e-07
 Reference value :  4.93114e-07
 Reference value :  4.95986e-07
 Reference value :  5.00986e-07
 Reference value :  5.03986e-07
 Reference value :  5.08986e-07
 Reference value :  5.13986e-07
 Reference value :  5.19986e-07
 Reference value :  5.22486e-07
 Reference value :  5.27986e-07
 Reference value :  5.31986e-07
 Reference value :  5.33421e-07
 Reference value :  5.34201e-07
 Reference value :  5.34657e-07
 Reference value :  5.36958e-07
 Reference value :  5.42458e-07
 Reference value :  5.48458e-07
 Reference value :  5.53958e-07
 Reference value :  5.59958e-07
 Reference value :  5.64958e-07
 Reference value :  5.70958e-07
 Reference value :  5.74850e-07
 Reference value :  5.76452e-07
 Reference value :  5.81416e-07
 Reference value :  5.86916e-07
 Reference value :  5.92916e-07
 Reference value :  5.97416e-07
 Reference value :  6.02416e-07
 Reference value :  6.07416e-07
 Reference value :  6.12916e-07
 Reference value :  6.16517e-07
 Reference value :  6.16548e-07
 Reference value :  6.17167e-07
 Reference value :  6.17566e-07
 Reference value :  6.19107e-07
 Reference value :  6.24607e-07
 Reference value :  6.30107e-07
 Reference value :  6.36107e-07
 Reference value :  6.41607e-07
 Reference value :  6.47607e-07
 Reference value :  6.53107e-07
 Reference value :  6.57833e-07
 Reference value :  6.58956e-07
 Reference value :  6.61676e-07
 Reference value :  6.67176e-07
 Reference value :  6.68676e-07
 Reference value :  6.70176e-07
 Reference value :  6.71676e-07
 Reference value :  6.73176e-07
 Reference value :  6.77176e-07
 Reference value :  6.80176e-07
 Reference value :  6.83176e-07
 Reference value :  6.85176e-07
 Reference value :  6.87676e-07
 Reference value :  6.88676e-07
 Reference value :  6.90676e-07
 Reference value :  6.93676e-07
 Reference value :  6.96676e-07
 Reference value :  6.98176e-07
 Reference value :  6.99088e-07
 Reference value :  7.00085e-07
 Reference value :  7.00579e-07
 Reference value :  7.01163e-07
 Reference value :  7.03927e-07
 Reference value :  7.09427e-07
 Reference value :  7.13427e-07
 Reference value :  7.16927e-07
 Reference value :  7.21427e-07
 Reference value :  7.26927e-07
 Reference value :  7.32427e-07
 Reference value :  7.35427e-07
 Reference value :  7.41167e-07
 Reference value :  7.42290e-07
 Reference value :  7.45569e-07
 Reference value :  7.50069e-07
 Reference value :  7.55069e-07
 Reference value :  7.60069e-07
 Reference value :  7.65569e-07
 Reference value :  7.71069e-07
 Reference value :  7.74069e-07
 Reference value :  7.78069e-07
 Reference value :  7.81569e-07
 Reference value :  7.83418e-07
 Reference value :  7.83989e-07
 Reference value :  7.84618e-07
 Reference value :  7.88911e-07
 Reference value :  7.92911e-07
 Reference value :  7.96911e-07
 Reference value :  7.98911e-07
 Reference value :  8.02411e-07
 Reference value :  8.06411e-07
 Reference value :  8.08411e-07
 Reference value :  8.09911e-07
 Reference value :  8.13911e-07
 Reference value :  8.16911e-07
 Reference value :  8.20911e-07
 Reference value :  8.24850e-07
 Reference value :  8.26449e-07
 Reference value :  8.30354e-07
 Reference value :  8.35354e-07
 Reference value :  8.40854e-07
 Reference value :  8.46354e-07
 Reference value :  8.51354e-07
 Reference value :  8.56854e-07
 Reference value :  8.62354e-07
 Reference value :  8.65354e-07
 Reference value :  8.66751e-07
 Reference value :  8.67222e-07
 Reference value :  8.67529e-07
 Reference value :  8.69074e-07
 Reference value :  8.73074e-07
 Reference value :  8.74074e-07
 Reference value :  8.75574e-07
 Reference value :  8.79574e-07
 Reference value :  8.85574e-07
 Reference value :  8.91074e-07
 Reference value :  8.96074e-07
 Reference value :  9.02074e-07
 Reference value :  9.07074e-07
 Reference value :  9.08956e-07
 Reference value :  9.11193e-07
 Reference value :  9.16693e-07
 Reference value :  9.22693e-07
 Reference value :  9.25693e-07
 Reference value :  9.29193e-07
 Reference value :  9.33193e-07
 Reference value :  9.37193e-07
 Reference value :  9.41193e-07
 Reference value :  9.44193e-07
 Reference value :  9.45693e-07
 Reference value :  9.47693e-07
 Reference value :  9.50048e-07
 Reference value :  9.50387e-07
 Reference value :  9.50815e-07
 Reference value :  9.52200e-07
 Reference value :  9.58200e-07
 Reference value :  9.63700e-07
 Reference value :  9.68700e-07
 Reference value :  9.72200e-07
 Reference value :  9.77700e-07
 Reference value :  9.83700e-07
 Reference value :  9.87700e-07
 Reference value :  9.91842e-07
 Reference value :  9.93564e-07
 Reference value :  9.98523e-07
 Reference value :  1.00352e-06
 Reference value :  1.00902e-06
 Reference value :  1.01452e-06
 Reference value :  1.02002e-06
 Reference value :  1.02552e-06
 Reference value :  1.03052e-06
 Reference value :  1.03338e-06
 Reference value :  1.03341e-06
 Reference value :  1.03364e-06
 Reference value :  1.03383e-06
 Reference value :  1.03406e-06
 Reference value :  1.03473e-06
 Reference value :  1.03707e-06
 Reference value :  1.04107e-06
 Reference value :  1.04507e-06
 Reference value :  1.04857e-06
 Reference value :  1.05057e-06
 Reference value :  1.05407e-06
 Reference value :  1.05707e-06
 Reference value :  1.06107e-06
 Reference value :  1.06557e-06
 Reference value :  1.06957e-06
 Reference value :  1.07465e-06
 Reference value :  1.07582e-06
 Reference value :  1.07734e-06
 Reference value :  1.07934e-06
 Reference value :  1.08284e-06
 Reference value :  1.08584e-06
 Reference value :  1.08884e-06
 Reference value :  1.09234e-06
 Reference value :  1.09684e-06
 Reference value :  1.09934e-06
 Reference value :  1.10334e-06
 Reference value :  1.10684e-06
 Reference value :  1.11184e-06
 Reference value :  1.11622e-06
 Reference value :  1.11675e-06
 Reference value :  1.11730e-06
 Reference value :  1.11780e-06
 Reference value :  1.12210e-06
 Reference value :  1.12610e-06
 Reference value :  1.12960e-06
 Reference value :  1.13510e-06
 Reference value :  1.14060e-06
 Reference value :  1.14660e-06
 Reference value :  1.15210e-06
 Reference value :  1.15783e-06
 Reference value :  1.15883e-06
 Reference value :  1.16034e-06
 Reference value :  1.16423e-06
 Reference value :  1.16973e-06
 Reference value :  1.17523e-06
 Reference value :  1.18073e-06
 Reference value :  1.18623e-06
 Reference value :  1.19173e-06
 Reference value :  1.19773e-06
 Reference value :  1.19985e-06
 Reference value :  1.20029e-06
 Reference value :  1.20087e-06
 Reference value :  1.20153e-06
 Reference value :  1.20491e-06
 Reference value :  1.20741e-06
 Reference value :  1.21041e-06
 Reference value :  1.21391e-06
 Reference value :  1.21841e-06
 Reference value :  1.22241e-06
 Reference value :  1.22591e-06
 Reference value :  1.22741e-06
 Reference value :  1.23041e-06
 Reference value :  1.23591e-06
 Reference value :  1.24117e-06
 Reference value :  1.24245e-06
 Reference value :  1.24368e-06
 Reference value :  1.24423e-06
 Reference value :  1.24855e-06
 Reference value :  1.25405e-06
 Reference value :  1.26005e-06
 Reference value :  1.26405e-06
 Reference value :  1.26605e-06
 Reference value :  1.27105e-06
 Reference value :  1.27705e-06
 Reference value :  1.28155e-06
 Reference value :  1.28342e-06
 Reference value :  1.28420e-06
 Reference value :  1.28465e-06
 Reference value :  1.28740e-06
 Reference value :  1.29290e-06
 Reference value :  1.29890e-06
 Reference value :  1.30490e-06
 Reference value :  1.31090e-06
 Reference value :  1.31690e-06
 Reference value :  1.32240e-06
 Reference value :  1.32517e-06
 Reference value :  1.32681e-06
 Reference value :  1.33121e-06
 Reference value :  1.33521e-06
 Reference value :  1.33971e-06
 Reference value :  1.34571e-06
 Reference value :  1.35121e-06
 Reference value :  1.35721e-06
 Reference value :  1.36321e-06
 Reference value :  1.36675e-06
 Reference value :  1.36754e-06
 Reference value :  1.36799e-06
 Reference value :  1.37078e-06
 Reference value :  1.37628e-06
 Reference value :  1.38228e-06
 Reference value :  1.38778e-06
 Reference value :  1.39378e-06
 Reference value :  1.39678e-06
 Reference value :  1.40278e-06
 Reference value :  1.40756e-06
 Reference value :  1.40896e-06
 Reference value :  1.41330e-06
 Reference value :  1.41930e-06
 Reference value :  1.42480e-06
 Reference value :  1.43080e-06
 Reference value :  1.43480e-06
 Reference value :  1.43830e-06
 Reference value :  1.44230e-06
 Reference value :  1.44430e-06
 Reference value :  1.44780e-06
 Reference value :  1.44985e-06
 Reference value :  1.44988e-06
 Reference value :  1.45050e-06
 Reference value :  1.45195e-06
 Reference value :  1.45545e-06
 Reference value :  1.45995e-06
 Reference value :  1.46445e-06
 Reference value :  1.46745e-06
 Reference value :  1.47195e-06
 Reference value :  1.47445e-06
 Reference value :  1.47745e-06
 Reference value :  1.48045e-06
 Reference value :  1.48395e-06
 Reference value :  1.48745e-06
 Reference value :  1.48995e-06
 Reference value :  1.49152e-06
 Reference value :  1.49221e-06
 Reference value :  1.49245e-06
 Reference value :  1.49362e-06
 Reference value :  1.49709e-06
 Reference value :  1.50059e-06
 Reference value :  1.50459e-06
 Reference value :  1.50759e-06
 Reference value :  1.51309e-06
 Reference value :  1.51859e-06
 Reference value :  1.52359e-06
 Reference value :  1.52809e-06
 Reference value :  1.53059e-06
 Reference value :  1.53321e-06
 Reference value :  1.53390e-06
 Reference value :  1.53586e-06
 Reference value :  1.54186e-06
 Reference value :  1.54536e-06
 Reference value :  1.55136e-06
 Reference value :  1.55736e-06
 Reference value :  1.56236e-06
 Reference value :  1.56836e-06
 Reference value :  1.57336e-06
 Reference value :  1.57550e-06
 Reference value :  1.57732e-06
 Reference value :  1.58282e-06
 Reference value :  1.58782e-06
 Reference value :  1.59082e-06
 Reference value :  1.59582e-06
 Reference value :  1.60132e-06
 Reference value :  1.60732e-06
 Reference value :  1.61282e-06
 Reference value :  1.61675e-06
 Reference value :  1.61753e-06
 Reference value :  1.61799e-06
 Reference value :  1.61979e-06
 Reference value :  1.62529e-06
 Reference value :  1.63079e-06
 Reference value :  1.63379e-06
 Reference value :  1.63929e-06
 Reference value :  1.64529e-06
 Reference value :  1.65129e-06
 Reference value :  1.65729e-06
 Reference value :  1.65887e-06
 Reference value :  1.66068e-06
 Reference value :  1.66568e-06
 Reference value :  1.67118e-06
 Reference value :  1.67668e-06
 Reference value :  1.68218e-06
 Reference value :  1.68768e-06
 Reference value :  1.69018e-06
 Reference value :  1.69268e-06
 Reference value :  1.69518e-06
 Reference value :  1.69718e-06
 Reference value :  1.69818e-06
 Reference value :  1.70008e-06
 Reference value :  1.70081e-06
 Reference value :  1.70101e-06
 Reference value :  1.70239e-06
 Reference value :  1.70739e-06
 Reference value :  1.71339e-06
 Reference value :  1.71639e-06
 Reference value :  1.71739e-06
 Reference value :  1.71839e-06
 Reference value :  1.72289e-06
 Reference value :  1.72589e-06
 Reference value :  1.73139e-06
 Reference value :  1.73339e-06
 Reference value :  1.73489e-06
 Reference value :  1.73639e-06
 Reference value :  1.73739e-06
 Reference value :  1.73889e-06
 Reference value :  1.74039e-06
 Reference value :  1.74122e-06
 Reference value :  1.74221e-06
 Reference value :  1.74362e-06
 Reference value :  1.74707e-06
 Reference value :  1.75257e-06
 Reference value :  1.75807e-06
 Reference value :  1.76257e-06
 Reference value :  1.76557e-06
 Reference value :  1.77107e-06
 Reference value :  1.77607e-06
 Reference value :  1.77957e-06
 Reference value :  1.78157e-06
 Reference value :  1.78298e-06
 Reference value :  1.78342e-06
 Reference value :  1.78410e-06
 Reference value :  1.78655e-06
 Reference value :  1.79255e-06
 Reference value :  1.79755e-06
 Reference value :  1.80255e-06
 Reference value :  1.80855e-06
 Reference value :  1.81405e-06
 Reference value :  1.82005e-06
 Reference value :  1.82450e-06
 Reference value :  1.82579e-06
 Reference value :  1.82886e-06
 Reference value :  1.83336e-06
 Reference value :  1.83936e-06
 Reference value :  1.84186e-06
 Reference value :  1.84686e-06
 Reference value :  1.85086e-06
 Reference value :  1.85586e-06
 Reference value :  1.86086e-06
 Reference value :  1.86617e-06
 Reference value :  1.86671e-06
 Reference value :  1.86717e-06
 Reference value :  1.86760e-06
 Reference value :  1.87192e-06
 Reference value :  1.87642e-06
 Reference value :  1.87792e-06
 Reference value :  1.88142e-06
 Reference value :  1.88492e-06
 Reference value :  1.88842e-06
 Reference value :  1.89192e-06
 Reference value :  1.89592e-06
 Reference value :  1.89892e-06
 Reference value :  1.90442e-06
 Reference value :  1.90818e-06
 Reference value :  1.90978e-06
 Reference value :  1.91369e-06
 Reference value :  1.91719e-06
 Reference value :  1.91869e-06
 Reference value :  1.92319e-06
 Reference value :  1.92719e-06
 Reference value :  1.92869e-06
 Reference value :  1.93019e-06
 Reference value :  1.93169e-06
 Reference value :  1.93319e-06
 Reference value :  1.93769e-06
 Reference value :  1.94269e-06
 Reference value :  1.94719e-06
 Reference value :  1.94869e-06
 Reference value :  1.95011e-06
 Reference value :  1.95049e-06
 Reference value :  1.95080e-06
 Reference value :  1.95122e-06
 Reference value :  1.95332e-06
 Reference value :  1.95882e-06
 Reference value :  1.96432e-06
 Reference value :  1.97032e-06
 Reference value :  1.97582e-06
 Reference value :  1.98132e-06
 Reference value :  1.98432e-06
 Reference value :  1.98982e-06
 Reference value :  1.99217e-06
 Reference value :  1.99402e-06
 Reference value :  1.99952e-06
 Reference value :  2.00502e-06
 Reference value :  2.01002e-06
 Reference value :  2.01552e-06
 Reference value :  2.02052e-06
 Reference value :  2.02602e-06
 Reference value :  2.03102e-06
 Reference value :  2.03338e-06
 Reference value :  2.03372e-06
 Reference value :  2.03413e-06
 Reference value :  2.03688e-06
 Reference value :  2.04188e-06
 Reference value :  2.04588e-06
 Reference value :  2.04938e-06
 Reference value :  2.05538e-06
 Reference value :  2.06038e-06
 Reference value :  2.06638e-06
 Reference value :  2.07238e-06
 Reference value :  2.07517e-06
 Reference value :  2.07689e-06
 Reference value :  2.08234e-06
 Reference value :  2.08784e-06
 Reference value :  2.09284e-06
 Reference value :  2.09834e-06
 Reference value :  2.10334e-06
 Reference value :  2.10884e-06
 Reference value :  2.11334e-06
 Reference value :  2.11671e-06
 Reference value :  2.11719e-06
 Reference value :  2.11767e-06
 Reference value :  2.11921e-06
 Reference value :  2.12521e-06
 Reference value :  2.13071e-06
 Reference value :  2.13671e-06
 Reference value :  2.14271e-06
 Reference value :  2.14821e-06
 Reference value :  2.15421e-06
 Reference value :  2.15783e-06
 Reference value :  2.15945e-06
 Reference value :  2.16025e-06
 Reference value :  2.16149e-06
 Reference value :  2.16294e-06
 Reference value :  2.16544e-06
 Reference value :  2.16944e-06
 Reference value :  2.17244e-06
 Reference value :  2.17394e-06
 Reference value :  2.17544e-06
 Reference value :  2.17794e-06
 Reference value :  2.18244e-06
 Reference value :  2.18594e-06
 Reference value :  2.18994e-06
 Reference value :  2.19294e-06
 Reference value :  2.19544e-06
 Reference value :  2.19922e-06
 Reference value :  2.20008e-06
 Reference value :  2.20050e-06
 Reference value :  2.20065e-06
 Reference value :  2.20080e-06
 Reference value :  2.20089e-06
 Reference value :  2.20097e-06
 Reference value :  2.20105e-06
 Reference value :  2.20122e-06
 Reference value :  2.20162e-06
 Reference value :  2.20254e-06
 Reference value :  2.20404e-06
 Reference value :  2.20554e-06
 Reference value :  2.20754e-06
 Reference value :  2.20904e-06
 Reference value :  2.21054e-06
 Reference value :  2.21154e-06
 Reference value :  2.21304e-06
 Reference value :  2.21454e-06
 Reference value :  2.21604e-06
 Reference value :  2.21704e-06
 Reference value :  2.21854e-06
 Reference value :  2.21954e-06
 Reference value :  2.22104e-06
 Reference value :  2.22254e-06
 Reference value :  2.22404e-06
 Reference value :  2.22654e-06
 Reference value :  2.22954e-06
 Reference value :  2.23204e-06
 Reference value :  2.23554e-06
 Reference value :  2.23954e-06
 Reference value :  2.24122e-06
 Reference value :  2.24278e-06
 Reference value :  2.24340e-06
 Reference value :  2.24488e-06
 Reference value :  2.24934e-06
 Reference value :  2.25534e-06
 Reference value :  2.26084e-06
 Reference value :  2.26684e-06
 Reference value :  2.27284e-06
 Reference value :  2.27884e-06
 Reference value :  2.28318e-06
 Reference value :  2.28363e-06
 Reference value :  2.28432e-06
 Reference value :  2.28525e-06
 Reference value :  2.28950e-06
 Reference value :  2.29450e-06
 Reference value :  2.30000e-06
 Reference value :  2.30550e-06
 Reference value :  2.31100e-06
 Reference value :  2.31700e-06
 Reference value :  2.32000e-06
 Reference value :  2.32300e-06
 Reference value :  2.32425e-06
 Reference value :  2.32485e-06
 Reference value :  2.32550e-06
 Reference value :  2.32612e-06
 Reference value :  2.32687e-06
 Reference value :  2.33031e-06
 Reference value :  2.33181e-06
 Reference value :  2.33531e-06
 Reference value :  2.34031e-06
 Reference value :  2.34581e-06
 Reference value :  2.35131e-06
 Reference value :  2.35681e-06
 Reference value :  2.36231e-06
 Reference value :  2.36675e-06
 Reference value :  2.36761e-06
 Reference value :  2.37033e-06
 Reference value :  2.37383e-06
 Reference value :  2.37683e-06
 Reference value :  2.38033e-06
 Reference value :  2.38383e-06
 Reference value :  2.38683e-06
 Reference value :  2.38983e-06
 Reference value :  2.39383e-06
 Reference value :  2.39733e-06
 Reference value :  2.39883e-06
 Reference value :  2.40033e-06
 Reference value :  2.40483e-06
 Reference value :  2.40851e-06
 Reference value :  2.41022e-06
 Reference value :  2.41516e-06
 Reference value :  2.42016e-06
 Reference value :  2.42566e-06
 Reference value :  2.43016e-06
 Reference value :  2.43266e-06
 Reference value :  2.43616e-06
 Reference value :  2.44166e-06
 Reference value :  2.44766e-06
 Reference value :  2.45009e-06
 Reference value :  2.45094e-06
 Reference value :  2.45318e-06
 Reference value :  2.45918e-06
 Reference value :  2.46468e-06
 Reference value :  2.47068e-06
 Reference value :  2.47618e-06
 Reference value :  2.48118e-06
 Reference value :  2.48368e-06
 Reference value :  2.48918e-06
 Reference value :  2.49217e-06
 Reference value :  2.49344e-06
 Reference value :  2.49487e-06
 Reference value :  2.49878e-06
 Reference value :  2.50428e-06
 Reference value :  2.50978e-06
 Reference value :  2.51578e-06
 Reference value :  2.52028e-06
 Reference value :  2.52178e-06
 Reference value :  2.52328e-06
 Reference value :  2.52478e-06
 Reference value :  2.52628e-06
 Reference value :  2.52778e-06
 Reference value :  2.53128e-06
 Reference value :  2.53342e-06
 Reference value :  2.53386e-06
 Reference value :  2.53430e-06
 Reference value :  2.53522e-06
 Reference value :  2.53797e-06
 Reference value :  2.54147e-06
 Reference value :  2.54647e-06
 Reference value :  2.55097e-06
 Reference value :  2.55347e-06
 Reference value :  2.55747e-06
 Reference value :  2.56097e-06
 Reference value :  2.56547e-06
 Reference value :  2.56947e-06
 Reference value :  2.57347e-06
 Reference value :  2.57465e-06
 Reference value :  2.57554e-06
 Reference value :  2.57775e-06
 Reference value :  2.57973e-06
 Reference value :  2.58423e-06
 Reference value :  2.58773e-06
 Reference value :  2.59323e-06
 Reference value :  2.59873e-06
 Reference value :  2.60473e-06
 Reference value :  2.61023e-06
 Reference value :  2.61570e-06
 Reference value :  2.61675e-06
 Reference value :  2.61754e-06
 Reference value :  2.61800e-06
 Reference value :  2.61968e-06
 Reference value :  2.62518e-06
 Reference value :  2.63068e-06
 Reference value :  2.63668e-06
 Reference value :  2.64218e-06
 Reference value :  2.64818e-06
 Reference value :  2.65368e-06
 Reference value :  2.65798e-06
 Reference value :  2.65979e-06
 Reference value :  2.66266e-06
 Reference value :  2.66516e-06
 Reference value :  2.66966e-06
 Reference value :  2.67566e-06
 Reference value :  2.68066e-06
 Reference value :  2.68616e-06
 Reference value :  2.69116e-06
 Reference value :  2.69416e-06
 Reference value :  2.69766e-06
 Reference value :  2.69955e-06
 Reference value :  2.70008e-06
 Reference value :  2.70053e-06
 Reference value :  2.70084e-06
 Reference value :  2.70117e-06
 Reference value :  2.70128e-06
 Reference value :  2.70406e-06
 Reference value :  2.70906e-06
 Reference value :  2.71506e-06
 Reference value :  2.72006e-06
 Reference value :  2.72156e-06
 Reference value :  2.72306e-06
 Reference value :  2.72456e-06
 Reference value :  2.72606e-06
 Reference value :  2.72806e-06
 Reference value :  2.72956e-06
 Reference value :  2.73156e-06
 Reference value :  2.73356e-06
 Reference value :  2.73656e-06
 Reference value :  2.73856e-06
 Reference value :  2.74006e-06
 Reference value :  2.74117e-06
 Reference value :  2.74152e-06
 Reference value :  2.74312e-06
 Reference value :  2.74650e-06
 Reference value :  2.74800e-06
 Reference value :  2.75250e-06
 Reference value :  2.75700e-06
 Reference value :  2.76250e-06
 Reference value :  2.76800e-06
 Reference value :  2.77350e-06
 Reference value :  2.77900e-06
 Reference value :  2.78342e-06
 Reference value :  2.78416e-06
 Reference value :  2.78458e-06
 Reference value :  2.78583e-06
 Reference value :  2.78983e-06
 Reference value :  2.79483e-06
 Reference value :  2.80083e-06
 Reference value :  2.80633e-06
 Reference value :  2.81233e-06
 Reference value :  2.81833e-06
 Reference value :  2.82383e-06
 Reference value :  2.82562e-06
 Reference value :  2.82783e-06
 Reference value :  2.83183e-06
 Reference value :  2.83483e-06
 Reference value :  2.83983e-06
 Reference value :  2.84433e-06
 Reference value :  2.84683e-06
 Reference value :  2.85133e-06
 Reference value :  2.85583e-06
 Reference value :  2.85983e-06
 Reference value :  2.86433e-06
 Reference value :  2.86652e-06
 Reference value :  2.86675e-06
 Reference value :  2.86715e-06
 Reference value :  2.86757e-06
 Reference value :  2.86815e-06
 Reference value :  2.87072e-06
 Reference value :  2.87672e-06
 Reference value :  2.88172e-06
 Reference value :  2.88772e-06
 Reference value :  2.89272e-06
 Reference value :  2.89872e-06
 Reference value :  2.90472e-06
 Reference value :  2.90818e-06
 Reference value :  2.90945e-06
 Reference value :  2.91022e-06
 Reference value :  2.91166e-06
 Reference value :  2.91566e-06
 Reference value :  2.91716e-06
 Reference value :  2.92066e-06
 Reference value :  2.92416e-06
 Reference value :  2.92766e-06
 Reference value :  2.93016e-06
 Reference value :  2.93516e-06
 Reference value :  2.93966e-06
 Reference value :  2.94466e-06
 Reference value :  2.94955e-06
 Reference value :  2.95021e-06
 Reference value :  2.95052e-06
 Reference value :  2.95100e-06
 Reference value :  2.95128e-06
 Reference value :  2.95386e-06
 Reference value :  2.95786e-06
 Reference value :  2.96336e-06
 Reference value :  2.96886e-06
 Reference value :  2.97436e-06
 Reference value :  2.97986e-06
 Reference value :  2.98536e-06
 Reference value :  2.98936e-06
 Reference value :  2.99184e-06
 Reference value :  2.99355e-06
 Reference value :  2.99750e-06
 Reference value :  3.00000e-06
 Reference value :  3.00400e-06
 Reference value :  3.00800e-06
 Reference value :  3.01400e-06
 Reference value :  3.01900e-06
 Reference value :  3.02450e-06
 Reference value :  3.02950e-06
 Reference value :  3.03242e-06
 Reference value :  3.03342e-06
 Reference value :  3.03423e-06
 Reference value :  3.03582e-06
 Reference value :  3.04032e-06
 Reference value :  3.04432e-06
 Reference value :  3.04832e-06
 Reference value :  3.05232e-06
 Reference value :  3.05582e-06
 Reference value :  3.05982e-06
 Reference value :  3.06332e-06
 Reference value :  3.06732e-06
 Reference value :  3.07082e-06
 Reference value :  3.07332e-06
 Reference value :  3.07555e-06
 Reference value :  3.07688e-06
 Reference value :  3.08132e-06
 Reference value :  3.08482e-06
 Reference value :  3.09032e-06
 Reference value :  3.09482e-06
 Reference value :  3.09832e-06
 Reference value :  3.10332e-06
 Reference value :  3.10882e-06
 Reference value :  3.11432e-06
 Reference value :  3.11671e-06
 Reference value :  3.11694e-06
 Reference value :  3.11717e-06
 Reference value :  3.11765e-06
 Reference value :  3.12005e-06
 Reference value :  3.12555e-06
 Reference value :  3.13105e-06
 Reference value :  3.13555e-06
 Reference value :  3.14105e-06
 Reference value :  3.14305e-06
 Reference value :  3.14455e-06
 Reference value :  3.14805e-06
 Reference value :  3.15405e-06
 Reference value :  3.15818e-06
 Reference value :  3.16009e-06
 Reference value :  3.16133e-06
 Reference value :  3.16584e-06
 Reference value :  3.17084e-06
 Reference value :  3.17684e-06
 Reference value :  3.18184e-06
 Reference value :  3.18784e-06
 Reference value :  3.19234e-06
 Reference value :  3.19584e-06
 Reference value :  3.19917e-06
 Reference value :  3.20008e-06
 Reference value :  3.20052e-06
 Reference value :  3.20082e-06
 Reference value :  3.20097e-06
 Reference value :  3.20166e-06
 Reference value :  3.20764e-06
 Reference value :  3.21364e-06
 Reference value :  3.21914e-06
 Reference value :  3.22514e-06
 Reference value :  3.23014e-06
 Reference value :  3.23114e-06
 Reference value :  3.23614e-06
 Reference value :  3.24117e-06
 Reference value :  3.24229e-06
 Reference value :  3.24412e-06
 Reference value :  3.24734e-06
 Reference value :  3.25334e-06
 Reference value :  3.25734e-06
 Reference value :  3.26034e-06
 Reference value :  3.26334e-06
 Reference value :  3.26884e-06
 Reference value :  3.27384e-06
 Reference value :  3.27634e-06
 Reference value :  3.27834e-06
 Reference value :  3.28234e-06
 Reference value :  3.28342e-06
 Reference value :  3.28386e-06
 Reference value :  3.28423e-06
 Reference value :  3.28445e-06
 Reference value :  3.28559e-06
 Reference value :  3.28859e-06
 Reference value :  3.29359e-06
 Reference value :  3.29909e-06
 Reference value :  3.30209e-06
 Reference value :  3.30709e-06
 Reference value :  3.31259e-06
 Reference value :  3.31809e-06
 Reference value :  3.32359e-06
 Reference value :  3.32517e-06
 Reference value :  3.32644e-06
 Reference value :  3.32744e-06
 Reference value :  3.32967e-06
 Reference value :  3.33067e-06
 Reference value :  3.33217e-06
 Reference value :  3.33517e-06
 Reference value :  3.33817e-06
 Reference value :  3.34367e-06
 Reference value :  3.34617e-06
 Reference value :  3.35017e-06
 Reference value :  3.35167e-06
 Reference value :  3.35517e-06
 Reference value :  3.35717e-06
 Reference value :  3.36267e-06
 Reference value :  3.36622e-06
 Reference value :  3.36675e-06
 Reference value :  3.36754e-06
 Reference value :  3.36767e-06
 Reference value :  3.36820e-06
 Reference value :  3.37264e-06
 Reference value :  3.37764e-06
 Reference value :  3.38364e-06
 Reference value :  3.38664e-06
 Reference value :  3.39114e-06
 Reference value :  3.39564e-06
 Reference value :  3.40164e-06
 Reference value :  3.40749e-06
 Reference value :  3.40851e-06
 Reference value :  3.40912e-06
 Reference value :  3.41042e-06
 Reference value :  3.41112e-06
 Reference value :  3.41446e-06
 Reference value :  3.41946e-06
 Reference value :  3.42496e-06
 Reference value :  3.43046e-06
 Reference value :  3.43346e-06
 Reference value :  3.43546e-06
 Reference value :  3.44096e-06
 Reference value :  3.44696e-06
 Reference value :  3.45009e-06
 Reference value :  3.45050e-06
 Reference value :  3.45096e-06
 Reference value :  3.45158e-06
 Reference value :  3.45541e-06
 Reference value :  3.46041e-06
 Reference value :  3.46291e-06
 Reference value :  3.46491e-06
 Reference value :  3.47041e-06
 Reference value :  3.47641e-06
 Reference value :  3.48241e-06
 Reference value :  3.48841e-06
 Reference value :  3.49184e-06
 Reference value :  3.49278e-06
 Reference value :  3.49411e-06
 Reference value :  3.49681e-06
 Reference value :  3.50131e-06
 Reference value :  3.50581e-06
 Reference value :  3.50931e-06
 Reference value :  3.51181e-06
 Reference value :  3.51731e-06
 Reference value :  3.52231e-06
 Reference value :  3.52631e-06
 Reference value :  3.53031e-06
 Reference value :  3.53231e-06
 Reference value :  3.53298e-06
 Reference value :  3.53342e-06
 Reference value :  3.53386e-06
 Reference value :  3.53431e-06
 Reference value :  3.53483e-06
 Reference value :  3.53693e-06
 Reference value :  3.54243e-06
 Reference value :  3.54793e-06
 Reference value :  3.55093e-06
 Reference value :  3.55643e-06
 Reference value :  3.55943e-06
 Reference value :  3.56243e-06
 Reference value :  3.56793e-06
 Reference value :  3.57343e-06
 Reference value :  3.57550e-06
 Reference value :  3.57711e-06
 Reference value :  3.57746e-06
 Reference value :  3.57966e-06
 Reference value :  3.58316e-06
 Reference value :  3.58516e-06
 Reference value :  3.58766e-06
 Reference value :  3.58966e-06
 Reference value :  3.59216e-06
 Reference value :  3.59616e-06
 Reference value :  3.60016e-06
 Reference value :  3.60266e-06
 Reference value :  3.60416e-06
 Reference value :  3.60666e-06
 Reference value :  3.61016e-06
 Reference value :  3.61466e-06
 Reference value :  3.61675e-06
 Reference value :  3.61725e-06
 Reference value :  3.61765e-06
 Reference value :  3.61788e-06
 Reference value :  3.61816e-06
 Reference value :  3.61854e-06
 Reference value :  3.61926e-06
 Reference value :  3.62026e-06
 Reference value :  3.62176e-06
 Reference value :  3.62326e-06
 Reference value :  3.62426e-06
 Reference value :  3.62576e-06
 Reference value :  3.62726e-06
 Reference value :  3.62876e-06
 Reference value :  3.63076e-06
 Reference value :  3.63226e-06
 Reference value :  3.63426e-06
 Reference value :  3.63576e-06
 Reference value :  3.63726e-06
 Reference value :  3.64076e-06
 Reference value :  3.64576e-06
 Reference value :  3.65126e-06
 Reference value :  3.65676e-06
 Reference value :  3.65887e-06
 Reference value :  3.66013e-06
 Reference value :  3.66079e-06
 Reference value :  3.66185e-06
 Reference value :  3.66435e-06
 Reference value :  3.66935e-06
 Reference value :  3.67285e-06
 Reference value :  3.67685e-06
 Reference value :  3.68085e-06
 Reference value :  3.68635e-06
 Reference value :  3.69185e-06
 Reference value :  3.69585e-06
 Reference value :  3.69885e-06
 Reference value :  3.70008e-06
 Reference value :  3.70083e-06
 Reference value :  3.70104e-06
 Reference value :  3.70198e-06
 Reference value :  3.70633e-06
 Reference value :  3.71033e-06
 Reference value :  3.71533e-06
 Reference value :  3.72133e-06
 Reference value :  3.72683e-06
 Reference value :  3.73083e-06
 Reference value :  3.73683e-06
 Reference value :  3.74117e-06
 Reference value :  3.74184e-06
 Reference value :  3.74312e-06
 Reference value :  3.74382e-06
 Reference value :  3.74446e-06
 Reference value :  3.74732e-06
 Reference value :  3.75182e-06
 Reference value :  3.75682e-06
 Reference value :  3.76032e-06
 Reference value :  3.76632e-06
 Reference value :  3.77182e-06
 Reference value :  3.77782e-06
 Reference value :  3.78283e-06
 Reference value :  3.78342e-06
 Reference value :  3.78390e-06
 Reference value :  3.78438e-06
 Reference value :  3.78536e-06
 Reference value :  3.79021e-06
 Reference value :  3.79221e-06
 Reference value :  3.79421e-06
 Reference value :  3.79971e-06
 Reference value :  3.80571e-06
 Reference value :  3.81071e-06
 Reference value :  3.81221e-06
 Reference value :  3.81421e-06
 Reference value :  3.82021e-06
 Reference value :  3.82485e-06
 Reference value :  3.82645e-06
 Reference value :  3.82748e-06
 Reference value :  3.82814e-06
 Reference value :  3.83214e-06
 Reference value :  3.83514e-06
 Reference value :  3.83914e-06
 Reference value :  3.84364e-06
 Reference value :  3.84964e-06
 Reference value :  3.85514e-06
 Reference value :  3.85814e-06
 Reference value :  3.86114e-06
 Reference value :  3.86414e-06
 Reference value :  3.86617e-06
 Reference value :  3.86675e-06
 Reference value :  3.86717e-06
 Reference value :  3.86759e-06
 Reference value :  3.86768e-06
 Reference value :  3.86787e-06
 Reference value :  3.87034e-06
 Reference value :  3.87434e-06
 Reference value :  3.88034e-06
 Reference value :  3.88584e-06
 Reference value :  3.89184e-06
 Reference value :  3.89734e-06
 Reference value :  3.90334e-06
 Reference value :  3.90634e-06
 Reference value :  3.90734e-06
 Reference value :  3.90798e-06
 Reference value :  3.90896e-06
 Reference value :  3.91082e-06
 Reference value :  3.91295e-06
 Reference value :  3.91595e-06
 Reference value :  3.92045e-06
 Reference value :  3.92645e-06
 Reference value :  3.93145e-06
 Reference value :  3.93745e-06
 Reference value :  3.93995e-06
 Reference value :  3.94445e-06
 Reference value :  3.94950e-06
 Reference value :  3.95021e-06
 Reference value :  3.95051e-06
 Reference value :  3.95066e-06
 Reference value :  3.95100e-06
 Reference value :  3.95175e-06
 Reference value :  3.95725e-06
 Reference value :  3.96225e-06
 Reference value :  3.96775e-06
 Reference value :  3.96925e-06
 Reference value :  3.97075e-06
 Reference value :  3.97375e-06
 Reference value :  3.97675e-06
 Reference value :  3.97825e-06
 Reference value :  3.97975e-06
 Reference value :  3.98125e-06
 Reference value :  3.98275e-06
 Reference value :  3.98425e-06
 Reference value :  3.98575e-06
 Reference value :  3.98825e-06
 Reference value :  3.99117e-06
 Reference value :  3.99184e-06
 Reference value :  3.99278e-06
 Reference value :  3.99416e-06
 Reference value :  3.99519e-06
 Reference value :  3.99836e-06
 Reference value :  4.00136e-06
 Reference value :  4.00686e-06
 Reference value :  4.01136e-06
 Reference value :  4.01336e-06
 Reference value :  4.01686e-06
 Reference value :  4.02236e-06
 Reference value :  4.02786e-06
 Reference value :  4.03288e-06
 Reference value :  4.03342e-06
 Reference value :  4.03387e-06
 Reference value :  4.03423e-06
 Reference value :  4.03434e-06
 Reference value :  4.03488e-06
 Reference value :  4.03833e-06
 Reference value :  4.03983e-06
 Reference value :  4.04083e-06
 Reference value :  4.04233e-06
 Reference value :  4.04533e-06
 Reference value :  4.05033e-06
 Reference value :  4.05483e-06
 Reference value :  4.05933e-06
 Reference value :  4.06533e-06
 Reference value :  4.07083e-06
 Reference value :  4.07465e-06
 Reference value :  4.07613e-06
 Reference value :  4.07748e-06
 Reference value :  4.07923e-06
 Reference value :  4.08416e-06
 Reference value :  4.08766e-06
 Reference value :  4.09216e-06
 Reference value :  4.09716e-06
 Reference value :  4.10166e-06
 Reference value :  4.10666e-06
 Reference value :  4.11016e-06
 Reference value :  4.11316e-06
 Reference value :  4.11652e-06
 Reference value :  4.11655e-06
 Reference value :  4.11694e-06
 Reference value :  4.11705e-06
 Reference value :  4.11718e-06
 Reference value :  4.11728e-06
 Reference value :  4.11744e-06
 Reference value :  4.11756e-06
 Reference value :  4.11764e-06
 Reference value :  4.11780e-06
 Reference value :  4.11816e-06
 Reference value :  4.11882e-06
 Reference value :  4.12032e-06
 Reference value :  4.12182e-06
 Reference value :  4.12632e-06
 Reference value :  4.12982e-06
 Reference value :  4.13132e-06
 Reference value :  4.13382e-06
 Reference value :  4.13932e-06
 Reference value :  4.14482e-06
 Reference value :  4.15032e-06
 Reference value :  4.15632e-06
 Reference value :  4.15883e-06
 Reference value :  4.16008e-06
 Reference value :  4.16110e-06
 Reference value :  4.16351e-06
 Reference value :  4.16901e-06
 Reference value :  4.17501e-06
 Reference value :  4.18051e-06
 Reference value :  4.18601e-06
 Reference value :  4.19201e-06
 Reference value :  4.19751e-06
 Reference value :  4.20008e-06
 Reference value :  4.20065e-06
 Reference value :  4.20121e-06
 Reference value :  4.20562e-06
 Reference value :  4.21112e-06
 Reference value :  4.21612e-06
 Reference value :  4.22062e-06
 Reference value :  4.22312e-06
 Reference value :  4.22562e-06
 Reference value :  4.22962e-06
 Reference value :  4.23512e-06
 Reference value :  4.24089e-06
 Reference value :  4.24229e-06
 Reference value :  4.24362e-06
 Reference value :  4.24683e-06
 Reference value :  4.25233e-06
 Reference value :  4.25783e-06
 Reference value :  4.26333e-06
 Reference value :  4.26933e-06
 Reference value :  4.27333e-06
 Reference value :  4.27883e-06
 Reference value :  4.28288e-06
 Reference value :  4.28363e-06
 Reference value :  4.28442e-06
 Reference value :  4.28869e-06
 Reference value :  4.29419e-06
 Reference value :  4.29969e-06
 Reference value :  4.30519e-06
 Reference value :  4.31069e-06
 Reference value :  4.31619e-06
 Reference value :  4.32119e-06
 Reference value :  4.32517e-06
 Reference value :  4.32687e-06
 Reference value :  4.33181e-06
 Reference value :  4.33381e-06
 Reference value :  4.33781e-06
 Reference value :  4.34281e-06
 Reference value :  4.34831e-06
 Reference value :  4.35131e-06
 Reference value :  4.35531e-06
 Reference value :  4.35981e-06
 Reference value :  4.36381e-06
 Reference value :  4.36652e-06
 Reference value :  4.36655e-06
 Reference value :  4.36705e-06
 Reference value :  4.36757e-06
 Reference value :  4.36786e-06
 Reference value :  4.36985e-06
 Reference value :  4.37185e-06
 Reference value :  4.37435e-06
 Reference value :  4.37985e-06
 Reference value :  4.38485e-06
 Reference value :  4.39035e-06
 Reference value :  4.39535e-06
 Reference value :  4.40035e-06
 Reference value :  4.40535e-06
 Reference value :  4.40851e-06
 Reference value :  4.41022e-06
 Reference value :  4.41516e-06
 Reference value :  4.41966e-06
 Reference value :  4.42516e-06
 Reference value :  4.43066e-06
 Reference value :  4.43566e-06
 Reference value :  4.44116e-06
 Reference value :  4.44616e-06
 Reference value :  4.45009e-06
 Reference value :  4.45086e-06
 Reference value :  4.45284e-06
 Reference value :  4.45784e-06
 Reference value :  4.46234e-06
 Reference value :  4.46684e-06
 Reference value :  4.47084e-06
 Reference value :  4.47434e-06
 Reference value :  4.47884e-06
 Reference value :  4.48334e-06
 Reference value :  4.48784e-06
 Reference value :  4.49184e-06
 Reference value :  4.49354e-06
 Reference value :  4.49648e-06
 Reference value :  4.49998e-06
 Reference value :  4.50298e-06
 Reference value :  4.50498e-06
 Reference value :  4.50648e-06
 Reference value :  4.50798e-06
 Reference value :  4.50948e-06
 Reference value :  4.51148e-06
 Reference value :  4.51398e-06
 Reference value :  4.51698e-06
 Reference value :  4.51998e-06
 Reference value :  4.52148e-06
 Reference value :  4.52298e-06
 Reference value :  4.52648e-06
 Reference value :  4.52998e-06
 Reference value :  4.53283e-06
 Reference value :  4.53342e-06
 Reference value :  4.53402e-06
 Reference value :  4.53441e-06
 Reference value :  4.53464e-06
 Reference value :  4.53590e-06
 Reference value :  4.54040e-06
 Reference value :  4.54490e-06
 Reference value :  4.54590e-06
 Reference value :  4.55090e-06
 Reference value :  4.55640e-06
 Reference value :  4.56140e-06
 Reference value :  4.56690e-06
 Reference value :  4.57190e-06
 Reference value :  4.57517e-06
 Reference value :  4.57688e-06
 Reference value :  4.58182e-06
 Reference value :  4.58382e-06
 Reference value :  4.58732e-06
 Reference value :  4.59232e-06
 Reference value :  4.59832e-06
 Reference value :  4.60382e-06
 Reference value :  4.60982e-06
 Reference value :  4.61532e-06
 Reference value :  4.61675e-06
 Reference value :  4.61754e-06
 Reference value :  4.61801e-06
 Reference value :  4.62002e-06
 Reference value :  4.62502e-06
 Reference value :  4.62952e-06
 Reference value :  4.63402e-06
 Reference value :  4.63802e-06
 Reference value :  4.64202e-06
 Reference value :  4.64602e-06
 Reference value :  4.65052e-06
 Reference value :  4.65502e-06
 Reference value :  4.65788e-06
 Reference value :  4.65883e-06
 Reference value :  4.66022e-06
 Reference value :  4.66466e-06
 Reference value :  4.66666e-06
 Reference value :  4.67016e-06
 Reference value :  4.67516e-06
 Reference value :  4.68066e-06
 Reference value :  4.68566e-06
 Reference value :  4.69116e-06
 Reference value :  4.69666e-06
 Reference value :  4.70008e-06
 Reference value :  4.70068e-06
 Reference value :  4.70107e-06
 Reference value :  4.70146e-06
 Reference value :  4.70505e-06
 Reference value :  4.71005e-06
 Reference value :  4.71505e-06
 Reference value :  4.72055e-06
 Reference value :  4.72605e-06
 Reference value :  4.73105e-06
 Reference value :  4.73605e-06
 Reference value :  4.74117e-06
 Reference value :  4.74184e-06
 Reference value :  4.74312e-06
 Reference value :  4.74499e-06
 Reference value :  4.74899e-06
 Reference value :  4.74999e-06
 Reference value :  4.75249e-06
 Reference value :  4.75449e-06
 Reference value :  4.75599e-06
 Reference value :  4.75899e-06
 Reference value :  4.76449e-06
 Reference value :  4.76999e-06
 Reference value :  4.77499e-06
 Reference value :  4.78049e-06
 Reference value :  4.78288e-06
 Reference value :  4.78342e-06
 Reference value :  4.78386e-06
 Reference value :  4.78438e-06
 Reference value :  4.78510e-06
 Reference value :  4.78928e-06
 Reference value :  4.79428e-06
 Reference value :  4.79978e-06
 Reference value :  4.80228e-06
 Reference value :  4.80778e-06
 Reference value :  4.81328e-06
 Reference value :  4.81828e-06
 Reference value :  4.82378e-06
 Reference value :  4.82550e-06
 Reference value :  4.82733e-06
 Reference value :  4.83133e-06
 Reference value :  4.83333e-06
 Reference value :  4.83583e-06
 Reference value :  4.84033e-06
 Reference value :  4.84633e-06
 Reference value :  4.85183e-06
 Reference value :  4.85633e-06
 Reference value :  4.86033e-06
 Reference value :  4.86575e-06
 Reference value :  4.86675e-06
 Reference value :  4.86729e-06
 Reference value :  4.86766e-06
 Reference value :  4.86853e-06
 Reference value :  4.87232e-06
 Reference value :  4.87732e-06
 Reference value :  4.88232e-06
 Reference value :  4.88782e-06
 Reference value :  4.89032e-06
 Reference value :  4.89532e-06
 Reference value :  4.90082e-06
 Reference value :  4.90632e-06
 Reference value :  4.90851e-06
 Reference value :  4.91022e-06
 Reference value :  4.91516e-06
 Reference value :  4.91916e-06
 Reference value :  4.92516e-06
 Reference value :  4.93116e-06
 Reference value :  4.93666e-06
 Reference value :  4.94266e-06
 Reference value :  4.94766e-06
 Reference value :  4.95011e-06
 Reference value :  4.95049e-06
 Reference value :  4.95098e-06
 Reference value :  4.95333e-06
 Reference value :  4.95783e-06
 Reference value :  4.96283e-06
 Reference value :  4.96783e-06
 Reference value :  4.97283e-06
 Reference value :  4.97783e-06
 Reference value :  4.98233e-06
 Reference value :  4.98583e-06
 Reference value :  4.99117e-06
 Reference value :  4.99229e-06
 Reference value :  4.99500e-06
 Reference value :  5.00000e-06
 Reference value :  5.00350e-06
 Reference value :  5.00800e-06
 Reference value :  5.01200e-06
 Reference value :  5.01550e-06
 Reference value :  5.01850e-06
 Reference value :  5.02250e-06
 Reference value :  5.02700e-06
 Reference value :  5.03050e-06
 Reference value :  5.03318e-06
 Reference value :  5.03338e-06
 Reference value :  5.03361e-06
 Reference value :  5.03416e-06
 Reference value :  5.03434e-06
 Reference value :  5.03516e-06
 Reference value :  5.03766e-06
 Reference value :  5.04016e-06
 Reference value :  5.04216e-06
 Reference value :  5.04816e-06
 Reference value :  5.05366e-06
 Reference value :  5.05916e-06
 Reference value :  5.06366e-06
 Reference value :  5.06516e-06
 Reference value :  5.06816e-06
 Reference value :  5.07366e-06
 Reference value :  5.07550e-06
 Reference value :  5.07688e-06
 Reference value :  5.08232e-06
 Reference value :  5.08632e-06
 Reference value :  5.09032e-06
 Reference value :  5.09232e-06
 Reference value :  5.09682e-06
 Reference value :  5.10182e-06
 Reference value :  5.10732e-06
 Reference value :  5.11282e-06
 Reference value :  5.11655e-06
 Reference value :  5.11718e-06
 Reference value :  5.11764e-06
 Reference value :  5.11781e-06
 Reference value :  5.11803e-06
 Reference value :  5.12031e-06
 Reference value :  5.12531e-06
 Reference value :  5.13031e-06
 Reference value :  5.13581e-06
 Reference value :  5.13981e-06
 Reference value :  5.14231e-06
 Reference value :  5.14481e-06
 Reference value :  5.15081e-06
 Reference value :  5.15681e-06
 Reference value :  5.15887e-06
 Reference value :  5.16059e-06
 Reference value :  5.16272e-06
 Reference value :  5.16822e-06
 Reference value :  5.17322e-06
 Reference value :  5.17922e-06
 Reference value :  5.18422e-06
 Reference value :  5.19022e-06
 Reference value :  5.19622e-06
 Reference value :  5.19985e-06
 Reference value :  5.20008e-06
 Reference value :  5.20063e-06
 Reference value :  5.20135e-06
 Reference value :  5.20651e-06
 Reference value :  5.21251e-06
 Reference value :  5.21651e-06
 Reference value :  5.22001e-06
 Reference value :  5.22551e-06
 Reference value :  5.23101e-06
 Reference value :  5.23601e-06
 Reference value :  5.24001e-06
 Reference value :  5.24117e-06
 Reference value :  5.24152e-06
 Reference value :  5.24184e-06
 Reference value :  5.24229e-06
 Reference value :  5.24420e-06
 Reference value :  5.24954e-06
 Reference value :  5.25354e-06
 Reference value :  5.25704e-06
 Reference value :  5.26004e-06
 Reference value :  5.26554e-06
 Reference value :  5.27104e-06
 Reference value :  5.27654e-06
 Reference value :  5.28204e-06
 Reference value :  5.28342e-06
 Reference value :  5.28420e-06
 Reference value :  5.28609e-06
 Reference value :  5.29159e-06
 Reference value :  5.29709e-06
 Reference value :  5.30109e-06
 Reference value :  5.30509e-06
 Reference value :  5.31109e-06
 Reference value :  5.31659e-06
 Reference value :  5.32209e-06
 Reference value :  5.32517e-06
 Reference value :  5.32612e-06
 Reference value :  5.32681e-06
 Reference value :  5.33071e-06
 Reference value :  5.33671e-06
 Reference value :  5.34221e-06
 Reference value :  5.34821e-06
 Reference value :  5.35371e-06
 Reference value :  5.35821e-06
 Reference value :  5.36171e-06
 Reference value :  5.36632e-06
 Reference value :  5.36675e-06
 Reference value :  5.36764e-06
 Reference value :  5.37054e-06
 Reference value :  5.37204e-06
 Reference value :  5.37354e-06
 Reference value :  5.37504e-06
 Reference value :  5.37654e-06
 Reference value :  5.37954e-06
 Reference value :  5.38154e-06
 Reference value :  5.38354e-06
 Reference value :  5.38554e-06
 Reference value :  5.38754e-06
 Reference value :  5.38954e-06
 Reference value :  5.39354e-06
 Reference value :  5.39554e-06
 Reference value :  5.39904e-06
 Reference value :  5.40204e-06
 Reference value :  5.40404e-06
 Reference value :  5.40604e-06
 Reference value :  5.40744e-06
 Reference value :  5.40798e-06
 Reference value :  5.40851e-06
 Reference value :  5.40980e-06
 Reference value :  5.41130e-06
 Reference value :  5.41280e-06
 Reference value :  5.41430e-06
 Reference value :  5.41580e-06
 Reference value :  5.41730e-06
 Reference value :  5.41880e-06
 Reference value :  5.42030e-06
 Reference value :  5.42180e-06
 Reference value :  5.42280e-06
 Reference value :  5.42430e-06
 Reference value :  5.42580e-06
 Reference value :  5.42730e-06
 Reference value :  5.42880e-06
 Reference value :  5.43080e-06
 Reference value :  5.43230e-06
 Reference value :  5.43780e-06
 Reference value :  5.44330e-06
 Reference value :  5.44830e-06
 Reference value :  5.45011e-06
 Reference value :  5.45089e-06
 Reference value :  5.45379e-06
 Reference value :  5.45929e-06
 Reference value :  5.46479e-06
 Reference value :  5.46779e-06
 Reference value :  5.47079e-06
 Reference value :  5.47529e-06
 Reference value :  5.48079e-06
 Reference value :  5.48579e-06
 Reference value :  5.49117e-06
 Reference value :  5.49229e-06
 Reference value :  5.49374e-06
 Reference value :  5.49674e-06
 Reference value :  5.50024e-06
 Reference value :  5.50374e-06
 Reference value :  5.50724e-06
 Reference value :  5.51074e-06
 Reference value :  5.51574e-06
 Reference value :  5.52074e-06
 Reference value :  5.52574e-06
 Reference value :  5.53124e-06
 Reference value :  5.53344e-06
 Reference value :  5.53393e-06
 Reference value :  5.53422e-06
 Reference value :  5.53662e-06
 Reference value :  5.53962e-06
 Reference value :  5.54512e-06
 Reference value :  5.55012e-06
 Reference value :  5.55512e-06
 Reference value :  5.56062e-06
 Reference value :  5.56462e-06
 Reference value :  5.56662e-06
 Reference value :  5.56912e-06
 Reference value :  5.57212e-06
 Reference value :  5.57450e-06
 Reference value :  5.57517e-06
 Reference value :  5.57807e-06
 Reference value :  5.58157e-06
 Reference value :  5.58457e-06
 Reference value :  5.58857e-06
 Reference value :  5.59307e-06
 Reference value :  5.59707e-06
 Reference value :  5.60007e-06
 Reference value :  5.60457e-06
 Reference value :  5.60957e-06
 Reference value :  5.61507e-06
 Reference value :  5.61677e-06
 Reference value :  5.61774e-06
 Reference value :  5.62295e-06
 Reference value :  5.62845e-06
 Reference value :  5.63445e-06
 Reference value :  5.63945e-06
 Reference value :  5.64545e-06
 Reference value :  5.64945e-06
 Reference value :  5.65445e-06
 Reference value :  5.65783e-06
 Reference value :  5.65883e-06
 Reference value :  5.66190e-06
 Reference value :  5.66690e-06
 Reference value :  5.67240e-06
 Reference value :  5.67740e-06
 Reference value :  5.68290e-06
 Reference value :  5.68840e-06
 Reference value :  5.69190e-06
 Reference value :  5.69690e-06
 Reference value :  5.69985e-06
 Reference value :  5.70030e-06
 Reference value :  5.70125e-06
 Reference value :  5.70361e-06
 Reference value :  5.70711e-06
 Reference value :  5.71011e-06
 Reference value :  5.71161e-06
 Reference value :  5.71561e-06
 Reference value :  5.71861e-06
 Reference value :  5.72111e-06
 Reference value :  5.72461e-06
 Reference value :  5.72811e-06
 Reference value :  5.73111e-06
 Reference value :  5.73411e-06
 Reference value :  5.73961e-06
 Reference value :  5.74184e-06
 Reference value :  5.74473e-06
 Reference value :  5.75023e-06
 Reference value :  5.75623e-06
 Reference value :  5.76223e-06
 Reference value :  5.76723e-06
 Reference value :  5.77073e-06
 Reference value :  5.77523e-06
 Reference value :  5.78023e-06
 Reference value :  5.78288e-06
 Reference value :  5.78342e-06
 Reference value :  5.78386e-06
 Reference value :  5.78501e-06
 Reference value :  5.78946e-06
 Reference value :  5.79346e-06
 Reference value :  5.79746e-06
 Reference value :  5.79946e-06
 Reference value :  5.80396e-06
 Reference value :  5.80696e-06
 Reference value :  5.81246e-06
 Reference value :  5.81746e-06
 Reference value :  5.82346e-06
 Reference value :  5.82517e-06
 Reference value :  5.82611e-06
 Reference value :  5.82906e-06
 Reference value :  5.83506e-06
 Reference value :  5.84106e-06
 Reference value :  5.84656e-06
 Reference value :  5.85206e-06
 Reference value :  5.85706e-06
 Reference value :  5.86106e-06
 Reference value :  5.86587e-06
 Reference value :  5.86675e-06
 Reference value :  5.86763e-06
 Reference value :  5.87217e-06
 Reference value :  5.87817e-06
 Reference value :  5.88067e-06
 Reference value :  5.88217e-06
 Reference value :  5.88417e-06
 Reference value :  5.88817e-06
 Reference value :  5.89067e-06
 Reference value :  5.89367e-06
 Reference value :  5.89567e-06
 Reference value :  5.89717e-06
 Reference value :  5.89917e-06
 Reference value :  5.90067e-06
 Reference value :  5.90217e-06
 Reference value :  5.90417e-06
 Reference value :  5.90788e-06
 Reference value :  5.90945e-06
 Reference value :  5.91440e-06
 Reference value :  5.91740e-06
 Reference value :  5.92040e-06
 Reference value :  5.92290e-06
 Reference value :  5.92640e-06
 Reference value :  5.93190e-06
 Reference value :  5.93590e-06
 Reference value :  5.93890e-06
 Reference value :  5.94090e-06
 Reference value :  5.94540e-06
 Reference value :  5.94955e-06
 Reference value :  5.95029e-06
 Reference value :  5.95071e-06
 Reference value :  5.95522e-06
 Reference value :  5.95972e-06
 Reference value :  5.96222e-06
 Reference value :  5.96772e-06
 Reference value :  5.97322e-06
 Reference value :  5.97922e-06
 Reference value :  5.98472e-06
 Reference value :  5.99069e-06
 Reference value :  5.99229e-06
 Reference value :  5.99423e-06
 Reference value :  5.99773e-06
 Reference value :  6.00323e-06
 Reference value :  6.00873e-06
 Reference value :  6.01373e-06
 Reference value :  6.01923e-06
 Reference value :  6.02423e-06
 Reference value :  6.02673e-06
 Reference value :  6.02923e-06
 Reference value :  6.03318e-06
 Reference value :  6.03364e-06
 Reference value :  6.03426e-06
 Reference value :  6.03820e-06
 Reference value :  6.04120e-06
 Reference value :  6.04470e-06
 Reference value :  6.04820e-06
 Reference value :  6.05370e-06
 Reference value :  6.05670e-06
 Reference value :  6.06270e-06
 Reference value :  6.06870e-06
 Reference value :  6.07070e-06
 Reference value :  6.07450e-06
 Reference value :  6.07564e-06
 Reference value :  6.08010e-06
 Reference value :  6.08460e-06
 Reference value :  6.08810e-06
 Reference value :  6.09010e-06
 Reference value :  6.09260e-06
 Reference value :  6.09560e-06
 Reference value :  6.09860e-06
 Reference value :  6.10060e-06
 Reference value :  6.10610e-06
 Reference value :  6.11160e-06
 Reference value :  6.11617e-06
 Reference value :  6.11675e-06
 Reference value :  6.11727e-06
 Reference value :  6.11756e-06
 Reference value :  6.11882e-06
 Reference value :  6.12182e-06
 Reference value :  6.12332e-06
 Reference value :  6.12482e-06
 Reference value :  6.13032e-06
 Reference value :  6.13532e-06
 Reference value :  6.14032e-06
 Reference value :  6.14432e-06
 Reference value :  6.14682e-06
 Reference value :  6.14982e-06
 Reference value :  6.15432e-06
 Reference value :  6.15682e-06
 Reference value :  6.15783e-06
 Reference value :  6.15851e-06
 Reference value :  6.15977e-06
 Reference value :  6.16171e-06
 Reference value :  6.16471e-06
 Reference value :  6.16671e-06
 Reference value :  6.16921e-06
 Reference value :  6.17071e-06
 Reference value :  6.17221e-06
 Reference value :  6.17371e-06
 Reference value :  6.17671e-06
 Reference value :  6.18121e-06
 Reference value :  6.18471e-06
 Reference value :  6.18621e-06
 Reference value :  6.18971e-06
 Reference value :  6.19371e-06
 Reference value :  6.19771e-06
 Reference value :  6.19950e-06
 Reference value :  6.20008e-06
 Reference value :  6.20063e-06
 Reference value :  6.20157e-06
 Reference value :  6.20351e-06
 Reference value :  6.20501e-06
 Reference value :  6.20751e-06
 Reference value :  6.21151e-06
 Reference value :  6.21451e-06
 Reference value :  6.21901e-06
 Reference value :  6.22451e-06
 Reference value :  6.22951e-06
 Reference value :  6.23501e-06
 Reference value :  6.23901e-06
 Reference value :  6.24152e-06
 Reference value :  6.24217e-06
 Reference value :  6.24366e-06
 Reference value :  6.24804e-06
 Reference value :  6.25054e-06
 Reference value :  6.25304e-06
 Reference value :  6.25654e-06
 Reference value :  6.26054e-06
 Reference value :  6.26204e-06
 Reference value :  6.26354e-06
 Reference value :  6.26504e-06
 Reference value :  6.26654e-06
 Reference value :  6.26904e-06
 Reference value :  6.27054e-06
 Reference value :  6.27254e-06
 Reference value :  6.27404e-06
 Reference value :  6.27654e-06
 Reference value :  6.27854e-06
 Reference value :  6.28283e-06
No. of Data Rows : 14133

  Measurements for Transient Analysis

d9_c1               =  -5.16419e-07
d8_c1               =  3.18696e-08
d7_c1               =  1.80000e+00
d6_c1               =  1.80000e+00
d5_c1               =  3.10611e-08
d4_c1               =  3.17732e-08
d3_c1               =  1.80000e+00
d2_c1               =  1.80000e+00
d1_c1               =  3.07446e-08
d0_c1               =  1.80000e+00
d9_c2               =  -5.11525e-07
d8_c2               =  1.80000e+00
d7_c2               =  1.80000e+00
d6_c2               =  1.79194e-08
d5_c2               =  1.79352e-08
d4_c2               =  1.79522e-08
d3_c2               =  1.79849e-08
d2_c2               =  1.80403e-08
d1_c2               =  1.80416e-08
d0_c2               =  1.17190e-08
d9_c3               =  1.80000e+00
d8_c3               =  4.42496e-09
d7_c3               =  4.42662e-09
d6_c3               =  4.42709e-09
d5_c3               =  4.42726e-09
d4_c3               =  4.43564e-09
d3_c3               =  4.43804e-09
d2_c3               =  4.43924e-09
d1_c3               =  1.80000e+00
d0_c3               =  1.80000e+00
d9_c4               =  1.80001e+00
d8_c4               =  4.98450e-10
d7_c4               =  1.80000e+00
d6_c4               =  1.75335e-09
d5_c4               =  1.74966e-09
d4_c4               =  1.75693e-09
d3_c4               =  1.75325e-09
d2_c4               =  1.76549e-09
d1_c4               =  1.80000e+00
d0_c4               =  2.54774e-07
d9_c5               =  1.80000e+00
d8_c5               =  1.80000e+00
d7_c5               =  1.80000e+00
d6_c5               =  1.80000e+00
d5_c5               =  1.80000e+00
d4_c5               =  1.80000e+00
d3_c5               =  1.80000e+00
d2_c5               =  1.80000e+00
d1_c5               =  1.80000e+00
d0_c5               =  1.80000e+00
busy_c1_p0          =  1.80000e+00
smpl_c1_p0          =  -2.35974e-04
busy_c1_p1          =  1.80000e+00
smpl_c1_p1          =  -1.29169e-05
busy_c1_p2          =  1.80000e+00
smpl_c1_p2          =  -7.69347e-06
busy_c1_p3          =  1.80000e+00
smpl_c1_p3          =  -1.27525e-05
busy_c1_p4          =  1.80000e+00
smpl_c1_p4          =  -1.27414e-05
busy_c1_p5          =  1.80000e+00
smpl_c1_p5          =  -1.27564e-05
busy_c1_p6          =  1.80000e+00
smpl_c1_p6          =  -1.27763e-05
busy_c1_p7          =  1.80000e+00
smpl_c1_p7          =  -1.27715e-05
busy_c1_p8          =  1.80000e+00
smpl_c1_p8          =  -1.27508e-05
busy_c1_p9          =  1.80000e+00
smpl_c1_p9          =  -1.27663e-05
busy_c1_p10         =  1.80000e+00
smpl_c1_p10         =  -1.27645e-05
busy_c1_p11         =  -6.08049e-06
smpl_c1_p11         =  1.80010e+00
busy_c2_p0          =  1.80000e+00
smpl_c2_p0          =  -2.36076e-04
busy_c2_p1          =  1.80000e+00
smpl_c2_p1          =  -1.26285e-05
busy_c2_p2          =  1.80000e+00
smpl_c2_p2          =  -1.24804e-05
busy_c2_p3          =  1.80000e+00
smpl_c2_p3          =  -1.25934e-05
busy_c2_p4          =  1.80000e+00
smpl_c2_p4          =  -1.25633e-05
busy_c2_p5          =  1.80000e+00
smpl_c2_p5          =  -1.25285e-05
busy_c2_p6          =  1.80000e+00
smpl_c2_p6          =  -1.25201e-05
busy_c2_p7          =  1.80000e+00
smpl_c2_p7          =  -1.25139e-05
busy_c2_p8          =  1.80000e+00
smpl_c2_p8          =  -1.25062e-05
busy_c2_p9          =  1.80000e+00
smpl_c2_p9          =  -1.25117e-05
busy_c2_p10         =  1.80000e+00
smpl_c2_p10         =  -1.25072e-05
busy_c2_p11         =  5.28507e-06
smpl_c2_p11         =  1.80010e+00
busy_c3_p0          =  1.80000e+00
smpl_c3_p0          =  -2.35937e-04
busy_c3_p1          =  1.80000e+00
smpl_c3_p1          =  -1.25948e-05
busy_c3_p2          =  1.80000e+00
smpl_c3_p2          =  -1.26268e-05
busy_c3_p3          =  1.80000e+00
smpl_c3_p3          =  -1.25550e-05
busy_c3_p4          =  1.80000e+00
smpl_c3_p4          =  -1.24561e-05
busy_c3_p5          =  1.80000e+00
smpl_c3_p5          =  -1.23813e-05
busy_c3_p6          =  1.80000e+00
smpl_c3_p6          =  -1.23532e-05
busy_c3_p7          =  1.80000e+00
smpl_c3_p7          =  -1.23346e-05
busy_c3_p8          =  1.80000e+00
smpl_c3_p8          =  -1.23295e-05
busy_c3_p9          =  1.80000e+00
smpl_c3_p9          =  -1.23273e-05
busy_c3_p10         =  1.80000e+00
smpl_c3_p10         =  -1.23322e-05
busy_c3_p11         =  -6.21294e-07
smpl_c3_p11         =  1.80010e+00
busy_c4_p0          =  1.80000e+00
smpl_c4_p0          =  -2.36208e-04
busy_c4_p1          =  1.80000e+00
smpl_c4_p1          =  -1.26362e-05
busy_c4_p2          =  1.80000e+00
smpl_c4_p2          =  -1.24923e-05
busy_c4_p3          =  1.80000e+00
smpl_c4_p3          =  -1.26316e-05
busy_c4_p4          =  1.80000e+00
smpl_c4_p4          =  -1.25452e-05
busy_c4_p5          =  1.80000e+00
smpl_c4_p5          =  -1.24995e-05
busy_c4_p6          =  1.80000e+00
smpl_c4_p6          =  -1.24704e-05
busy_c4_p7          =  1.80000e+00
smpl_c4_p7          =  -1.24595e-05
busy_c4_p8          =  1.80000e+00
smpl_c4_p8          =  -1.24550e-05
busy_c4_p9          =  1.80000e+00
smpl_c4_p9          =  -1.24594e-05
busy_c4_p10         =  1.80000e+00
smpl_c4_p10         =  -1.24594e-05
busy_c4_p11         =  -6.51868e-07
smpl_c4_p11         =  1.80010e+00
busy_c5_p0          =  1.80000e+00
smpl_c5_p0          =  -2.36225e-04
busy_c5_p1          =  1.80000e+00
smpl_c5_p1          =  -1.29309e-05
busy_c5_p2          =  1.80000e+00
smpl_c5_p2          =  -7.70607e-06
busy_c5_p3          =  1.80000e+00
smpl_c5_p3          =  -6.61796e-06
busy_c5_p4          =  1.80000e+00
smpl_c5_p4          =  -7.51652e-06
busy_c5_p5          =  1.80000e+00
smpl_c5_p5          =  -8.76079e-06
busy_c5_p6          =  1.80000e+00
smpl_c5_p6          =  -9.95081e-06
busy_c5_p7          =  1.80000e+00
smpl_c5_p7          =  -1.07903e-05
busy_c5_p8          =  1.80000e+00
smpl_c5_p8          =  -1.13200e-05
busy_c5_p9          =  1.80000e+00
smpl_c5_p9          =  -1.16240e-05
busy_c5_p10         =  1.80000e+00
smpl_c5_p10         =  -1.18754e-05
busy_c5_p11         =  1.40676e-06
smpl_c5_p11         =  1.80010e+00
i_vdd               =  -2.02273e-06 from=  3.20000e-06 to=  4.20008e-06
i_vpwr              =  -7.65736e-06 from=  3.20000e-06 to=  4.20008e-06
i_vrefp             =  -6.64159e-06 from=  3.20000e-06 to=  4.20008e-06
i_vrefn             =  6.64272e-06 from=  3.20000e-06 to=  4.20008e-06
i_vcm               =  3.38518e-10 from=  3.20000e-06 to=  4.20008e-06
nt_c1_p0_clk_mid    =  1.80000e+00
nt_c1_p0_clk_pre    =  0.00000e+00
nt_c1_p0_compout_mid=  1.79945e+00
nt_c1_p0_compout_pre=  9.46575e-05
nt_c1_p0_compoutn_mid=  1.80047e+00
nt_c1_p0_compoutn_pre=  1.79993e+00
nt_c1_p0_dout_post  =  -1.17400e-04
nt_c1_p0_top_p_mid  =  1.97379e-01
nt_c1_p0_top_n_mid  =  1.60465e+00
nt_c1_p0_top_p_pre  =  1.97139e-01
nt_c1_p0_top_n_pre  =  1.60096e+00
nt_c1_p1_clk_mid    =  1.80000e+00
nt_c1_p1_clk_pre    =  0.00000e+00
nt_c1_p1_compout_mid=  1.80001e+00
nt_c1_p1_compout_pre=  -8.38577e-06
nt_c1_p1_compoutn_mid=  1.79998e+00
nt_c1_p1_compoutn_pre=  1.80002e+00
nt_c1_p1_dout_post  =  1.79998e+00
nt_c1_p1_top_p_mid  =  1.97244e-01
nt_c1_p1_top_n_mid  =  7.09423e-01
nt_c1_p1_top_p_pre  =  1.97123e-01
nt_c1_p1_top_n_pre  =  7.08318e-01
nt_c1_p2_clk_mid    =  1.80000e+00
nt_c1_p2_clk_pre    =  0.00000e+00
nt_c1_p2_compout_mid=  1.80013e+00
nt_c1_p2_compout_pre=  1.98870e+00
nt_c1_p2_compoutn_mid=  1.79996e+00
nt_c1_p2_compoutn_pre=  1.99921e+00
nt_c1_p2_dout_post  =  1.43947e-03
nt_c1_p2_top_p_mid  =  1.97089e-01
nt_c1_p2_top_n_mid  =  2.88796e-01
nt_c1_p2_top_p_pre  =  1.97193e-01
nt_c1_p2_top_n_pre  =  3.06690e-01
nt_c1_p3_clk_mid    =  1.80000e+00
nt_c1_p3_clk_pre    =  0.00000e+00
nt_c1_p3_compout_mid=  1.79996e+00
nt_c1_p3_compout_pre=  1.59607e+00
nt_c1_p3_compoutn_mid=  1.79997e+00
nt_c1_p3_compoutn_pre=  1.91917e+00
nt_c1_p3_dout_post  =  -1.08038e-03
nt_c1_p3_top_p_mid  =  1.97173e-01
nt_c1_p3_top_n_mid  =  5.33430e-01
nt_c1_p3_top_p_pre  =  1.97178e-01
nt_c1_p3_top_n_pre  =  5.33111e-01
nt_c1_p4_clk_mid    =  1.80000e+00
nt_c1_p4_clk_pre    =  0.00000e+00
nt_c1_p4_compout_mid=  1.79995e+00
nt_c1_p4_compout_pre=  2.15673e-06
nt_c1_p4_compoutn_mid=  1.80002e+00
nt_c1_p4_compoutn_pre=  1.80000e+00
nt_c1_p4_dout_post  =  1.79998e+00
nt_c1_p4_top_p_mid  =  1.97197e-01
nt_c1_p4_top_n_mid  =  6.45253e-01
nt_c1_p4_top_p_pre  =  1.97125e-01
nt_c1_p4_top_n_pre  =  6.44405e-01
nt_c1_p5_clk_mid    =  1.80000e+00
nt_c1_p5_clk_pre    =  0.00000e+00
nt_c1_p5_compout_mid=  1.80016e+00
nt_c1_p5_compout_pre=  6.24654e-01
nt_c1_p5_compoutn_mid=  1.79996e+00
nt_c1_p5_compoutn_pre=  1.79694e+00
nt_c1_p5_dout_post  =  1.79995e+00
nt_c1_p5_top_p_mid  =  1.97186e-01
nt_c1_p5_top_n_mid  =  5.89333e-01
nt_c1_p5_top_p_pre  =  1.97145e-01
nt_c1_p5_top_n_pre  =  5.88824e-01
nt_c1_p6_clk_mid    =  1.80000e+00
nt_c1_p6_clk_pre    =  0.00000e+00
nt_c1_p6_compout_mid=  1.80068e+00
nt_c1_p6_compout_pre=  1.08844e+00
nt_c1_p6_compoutn_mid=  1.79962e+00
nt_c1_p6_compoutn_pre=  1.83819e+00
nt_c1_p6_dout_post  =  -7.96734e-05
nt_c1_p6_top_p_mid  =  1.97179e-01
nt_c1_p6_top_n_mid  =  5.61395e-01
nt_c1_p6_top_p_pre  =  1.97160e-01
nt_c1_p6_top_n_pre  =  5.61005e-01
nt_c1_p7_clk_mid    =  1.80000e+00
nt_c1_p7_clk_pre    =  0.00000e+00
nt_c1_p7_compout_mid=  1.80015e+00
nt_c1_p7_compout_pre=  8.44873e-01
nt_c1_p7_compoutn_mid=  1.79993e+00
nt_c1_p7_compoutn_pre=  1.77821e+00
nt_c1_p7_dout_post  =  1.75664e-05
nt_c1_p7_top_p_mid  =  1.97181e-01
nt_c1_p7_top_n_mid  =  5.75358e-01
nt_c1_p7_top_p_pre  =  1.97153e-01
nt_c1_p7_top_n_pre  =  5.74917e-01
nt_c1_p8_clk_mid    =  1.80000e+00
nt_c1_p8_clk_pre    =  0.00000e+00
nt_c1_p8_compout_mid=  1.79991e+00
nt_c1_p8_compout_pre=  7.41338e-01
nt_c1_p8_compoutn_mid=  1.80010e+00
nt_c1_p8_compoutn_pre=  1.79417e+00
nt_c1_p8_dout_post  =  1.80000e+00
nt_c1_p8_top_p_mid  =  1.97181e-01
nt_c1_p8_top_n_mid  =  5.82295e-01
nt_c1_p8_top_p_pre  =  1.97149e-01
nt_c1_p8_top_n_pre  =  5.81873e-01
nt_c1_p9_clk_mid    =  1.80000e+00
nt_c1_p9_clk_pre    =  0.00000e+00
nt_c1_p9_compout_mid=  1.79997e+00
nt_c1_p9_compout_pre=  7.95275e-01
nt_c1_p9_compoutn_mid=  1.80002e+00
nt_c1_p9_compoutn_pre=  1.78931e+00
nt_c1_p9_dout_post  =  4.91464e-04
nt_c1_p9_top_p_mid  =  1.97183e-01
nt_c1_p9_top_n_mid  =  5.78842e-01
nt_c1_p9_top_p_pre  =  1.97151e-01
nt_c1_p9_top_n_pre  =  5.78396e-01
nt_c5_p0_clk_mid    =  1.80000e+00
nt_c5_p0_clk_pre    =  0.00000e+00
nt_c5_p0_compout_mid=  1.80017e+00
nt_c5_p0_compout_pre=  1.79995e+00
nt_c5_p0_compoutn_mid=  1.79986e+00
nt_c5_p0_compoutn_pre=  8.43500e-05
nt_c5_p0_dout_post  =  1.80000e+00
nt_c5_p0_top_p_mid  =  1.60465e+00
nt_c5_p0_top_n_mid  =  1.97388e-01
nt_c5_p0_top_p_pre  =  1.60096e+00
nt_c5_p0_top_n_pre  =  1.97140e-01
nt_c5_p1_clk_mid    =  1.80000e+00
nt_c5_p1_clk_pre    =  0.00000e+00
nt_c5_p1_compout_mid=  1.79973e+00
nt_c5_p1_compout_pre=  1.80001e+00
nt_c5_p1_compoutn_mid=  1.79997e+00
nt_c5_p1_compoutn_pre=  -2.37903e-07
nt_c5_p1_dout_post  =  1.80000e+00
nt_c5_p1_top_p_mid  =  7.09477e-01
nt_c5_p1_top_n_mid  =  1.97241e-01
nt_c5_p1_top_p_pre  =  7.08319e-01
nt_c5_p1_top_n_pre  =  1.97123e-01
nt_c5_p2_clk_mid    =  1.80000e+00
nt_c5_p2_clk_pre    =  0.00000e+00
nt_c5_p2_compout_mid=  1.80030e+00
nt_c5_p2_compout_pre=  1.98737e+00
nt_c5_p2_compoutn_mid=  1.79878e+00
nt_c5_p2_compoutn_pre=  1.99928e+00
nt_c5_p2_dout_post  =  1.79999e+00
nt_c5_p2_top_p_mid  =  2.88761e-01
nt_c5_p2_top_n_mid  =  1.97081e-01
nt_c5_p2_top_p_pre  =  3.06691e-01
nt_c5_p2_top_n_pre  =  1.97194e-01
nt_c5_p3_clk_mid    =  1.80000e+00
nt_c5_p3_clk_pre    =  0.00000e+00
nt_c5_p3_compout_mid=  1.80003e+00
nt_c5_p3_compout_pre=  1.97921e+00
nt_c5_p3_compoutn_mid=  1.80002e+00
nt_c5_p3_compoutn_pre=  1.99084e+00
nt_c5_p3_dout_post  =  1.79999e+00
nt_c5_p3_top_p_mid  =  1.73118e-01
nt_c5_p3_top_n_mid  =  1.97042e-01
nt_c5_p3_top_p_pre  =  1.94676e-01
nt_c5_p3_top_n_pre  =  1.97192e-01
nt_c5_p4_clk_mid    =  1.80000e+00
nt_c5_p4_clk_pre    =  0.00000e+00
nt_c5_p4_compout_mid=  1.80001e+00
nt_c5_p4_compout_pre=  1.97978e+00
nt_c5_p4_compoutn_mid=  1.80000e+00
nt_c5_p4_compoutn_pre=  1.99145e+00
nt_c5_p4_dout_post  =  1.79999e+00
nt_c5_p4_top_p_mid  =  1.21792e-01
nt_c5_p4_top_n_mid  =  1.97035e-01
nt_c5_p4_top_p_pre  =  1.40343e-01
nt_c5_p4_top_n_pre  =  1.97193e-01
nt_c5_p5_clk_mid    =  1.80000e+00
nt_c5_p5_clk_pre    =  0.00000e+00
nt_c5_p5_compout_mid=  1.80001e+00
nt_c5_p5_compout_pre=  1.97993e+00
nt_c5_p5_compoutn_mid=  1.80000e+00
nt_c5_p5_compoutn_pre=  1.99161e+00
nt_c5_p5_dout_post  =  1.80001e+00
nt_c5_p5_top_p_mid  =  1.00423e-01
nt_c5_p5_top_n_mid  =  1.97035e-01
nt_c5_p5_top_p_pre  =  1.14685e-01
nt_c5_p5_top_n_pre  =  1.97193e-01
nt_c5_p6_clk_mid    =  1.80000e+00
nt_c5_p6_clk_pre    =  0.00000e+00
nt_c5_p6_compout_mid=  1.80000e+00
nt_c5_p6_compout_pre=  1.97997e+00
nt_c5_p6_compoutn_mid=  1.80000e+00
nt_c5_p6_compoutn_pre=  1.99166e+00
nt_c5_p6_dout_post  =  1.80000e+00
nt_c5_p6_top_p_mid  =  9.38571e-02
nt_c5_p6_top_n_mid  =  1.97034e-01
nt_c5_p6_top_p_pre  =  1.03918e-01
nt_c5_p6_top_n_pre  =  1.97193e-01
nt_c5_p7_clk_mid    =  1.80000e+00
nt_c5_p7_clk_pre    =  0.00000e+00
nt_c5_p7_compout_mid=  1.80001e+00
nt_c5_p7_compout_pre=  1.97997e+00
nt_c5_p7_compoutn_mid=  1.80000e+00
nt_c5_p7_compoutn_pre=  1.99166e+00
nt_c5_p7_dout_post  =  1.80000e+00
nt_c5_p7_top_p_mid  =  9.36287e-02
nt_c5_p7_top_n_mid  =  1.97034e-01
nt_c5_p7_top_p_pre  =  1.00611e-01
nt_c5_p7_top_n_pre  =  1.97193e-01
nt_c5_p8_clk_mid    =  1.80000e+00
nt_c5_p8_clk_pre    =  0.00000e+00
nt_c5_p8_compout_mid=  1.79999e+00
nt_c5_p8_compout_pre=  1.97996e+00
nt_c5_p8_compoutn_mid=  1.79999e+00
nt_c5_p8_compoutn_pre=  1.99166e+00
nt_c5_p8_dout_post  =  1.80000e+00
nt_c5_p8_top_p_mid  =  9.58467e-02
nt_c5_p8_top_n_mid  =  1.97034e-01
nt_c5_p8_top_p_pre  =  1.00796e-01
nt_c5_p8_top_n_pre  =  1.97193e-01
nt_c5_p9_clk_mid    =  1.80000e+00
nt_c5_p9_clk_pre    =  0.00000e+00
nt_c5_p9_compout_mid=  1.79998e+00
nt_c5_p9_compout_pre=  1.97995e+00
nt_c5_p9_compoutn_mid=  1.80000e+00
nt_c5_p9_compoutn_pre=  1.99164e+00
nt_c5_p9_dout_post  =  1.79998e+00
nt_c5_p9_top_p_mid  =  9.87141e-02
nt_c5_p9_top_n_mid  =  1.97033e-01
nt_c5_p9_top_p_pre  =  1.02435e-01
nt_c5_p9_top_n_pre  =  1.97193e-01


Total analysis time (seconds) = 93.1602

Total elapsed time (seconds) = 109.846 

Total DRAM available = 15700.234 MB.
DRAM currently available = 4755.875 MB.
Maximum ngspice program size =  802.941 MB.
Current ngspice program size =  740.141 MB.

Shared ngspice pages =    8.883 MB.
Text (code) pages =    6.355 MB.
Stack = 0 bytes.
Library pages =  788.258 MB.

