
Note: Compatibility modes selected: hs a


Circuit: * sim/full-conversion-transient -- end-to-end full-conversion transient

option SCALE: Scale is set to 1e-06 for instance and model parameters
option SCALE: Scale is set to 1e-06 for instance and model parameters
option SCALE: Scale is set to 1e-06 for instance and model parameters
option SCALE: Scale is set to 1e-06 for instance and model parameters
Doing analysis at TEMP = 27.000000 and TNOM = 27.000000

Using KLU as Direct Linear Solver
 Reference value :  0.00000e+00
 Reference value :  1.56400e-08
 Reference value :  2.62500e-08
 Reference value :  3.97500e-08
 Reference value :  5.32500e-08
 Reference value :  6.67500e-08
 Reference value :  7.97500e-08
 Reference value :  9.27500e-08
 Reference value :  1.06250e-07
 Reference value :  1.19750e-07
 Reference value :  1.37750e-07
 Reference value :  1.57250e-07
 Reference value :  1.76750e-07
 Reference value :  1.95750e-07
 Reference value :  2.00563e-07
 Reference value :  2.07094e-07
 Reference value :  2.20094e-07
 Reference value :  2.33094e-07
 Reference value :  2.41956e-07
 Reference value :  2.48544e-07
 Reference value :  2.62044e-07
 Reference value :  2.75544e-07
 Reference value :  2.83599e-07
 Reference value :  2.91695e-07
 Reference value :  3.05195e-07
 Reference value :  3.19195e-07
 Reference value :  3.25512e-07
 Reference value :  3.39516e-07
 Reference value :  3.59516e-07
 Reference value :  3.67049e-07
 Reference value :  3.76873e-07
 Reference value :  3.91373e-07
 Reference value :  4.07373e-07
 Reference value :  4.11932e-07
 Reference value :  4.24932e-07
 Reference value :  4.38932e-07
 Reference value :  4.50053e-07
 Reference value :  4.56595e-07
 Reference value :  4.72095e-07
 Reference value :  4.86095e-07
 Reference value :  4.92187e-07
 Reference value :  5.02109e-07
 Reference value :  5.18109e-07
 Reference value :  5.32833e-07
 Reference value :  5.34784e-07
 Reference value :  5.47784e-07
 Reference value :  5.61784e-07
 Reference value :  5.74500e-07
 Reference value :  5.75764e-07
 Reference value :  5.85596e-07
 Reference value :  5.97596e-07
 Reference value :  6.11596e-07
 Reference value :  6.17184e-07
 Reference value :  6.28293e-07
 Reference value :  6.41793e-07
 Reference value :  6.57895e-07
 Reference value :  6.61397e-07
 Reference value :  6.75397e-07
 Reference value :  6.88897e-07
 Reference value :  7.00050e-07
 Reference value :  7.05941e-07
 Reference value :  7.19441e-07
 Reference value :  7.32941e-07
 Reference value :  7.41995e-07
 Reference value :  7.48756e-07
 Reference value :  7.60756e-07
 Reference value :  7.72256e-07
 Reference value :  7.82983e-07
 Reference value :  7.85076e-07
 Reference value :  7.99076e-07
 Reference value :  8.13076e-07
 Reference value :  8.25248e-07
 Reference value :  8.32757e-07
 Reference value :  8.45757e-07
 Reference value :  8.59257e-07
 Reference value :  8.66899e-07
 Reference value :  8.73954e-07
 Reference value :  8.87454e-07
 Reference value :  9.01954e-07
 Reference value :  9.09138e-07
 Reference value :  9.23074e-07
 Reference value :  9.38074e-07
 Reference value :  9.50049e-07
 Reference value :  9.56990e-07
 Reference value :  9.70990e-07
 Reference value :  9.84990e-07
 Reference value :  9.92182e-07
 Reference value :  1.00139e-06
 Reference value :  1.01539e-06
 Reference value :  1.03039e-06
 Reference value :  1.03395e-06
 Reference value :  1.05070e-06
 Reference value :  1.07370e-06
 Reference value :  1.07811e-06
 Reference value :  1.09361e-06
 Reference value :  1.11111e-06
 Reference value :  1.11717e-06
 Reference value :  1.11964e-06
 Reference value :  1.13364e-06
 Reference value :  1.14864e-06
 Reference value :  1.15865e-06
 Reference value :  1.16814e-06
 Reference value :  1.18314e-06
 Reference value :  1.19664e-06
 Reference value :  1.20063e-06
 Reference value :  1.20828e-06
 Reference value :  1.22128e-06
 Reference value :  1.23428e-06
 Reference value :  1.24219e-06
 Reference value :  1.25230e-06
 Reference value :  1.26530e-06
 Reference value :  1.27880e-06
 Reference value :  1.28383e-06
 Reference value :  1.29165e-06
 Reference value :  1.30865e-06
 Reference value :  1.32407e-06
 Reference value :  1.33014e-06
 Reference value :  1.34364e-06
 Reference value :  1.35664e-06
 Reference value :  1.36667e-06
 Reference value :  1.36837e-06
 Reference value :  1.38237e-06
 Reference value :  1.39537e-06
 Reference value :  1.40787e-06
 Reference value :  1.41297e-06
 Reference value :  1.42647e-06
 Reference value :  1.44147e-06
 Reference value :  1.45001e-06
 Reference value :  1.45332e-06
 Reference value :  1.46632e-06
 Reference value :  1.48032e-06
 Reference value :  1.49163e-06
 Reference value :  1.49374e-06
 Reference value :  1.50524e-06
 Reference value :  1.51724e-06
 Reference value :  1.53024e-06
 Reference value :  1.53406e-06
 Reference value :  1.54507e-06
 Reference value :  1.55957e-06
 Reference value :  1.57453e-06
 Reference value :  1.58214e-06
 Reference value :  1.59664e-06
 Reference value :  1.61014e-06
 Reference value :  1.61686e-06
 Reference value :  1.62198e-06
 Reference value :  1.63548e-06
 Reference value :  1.64798e-06
 Reference value :  1.65856e-06
 Reference value :  1.66647e-06
 Reference value :  1.68047e-06
 Reference value :  1.69497e-06
 Reference value :  1.70034e-06
 Reference value :  1.70671e-06
 Reference value :  1.72121e-06
 Reference value :  1.73521e-06
 Reference value :  1.74231e-06
 Reference value :  1.75580e-06
 Reference value :  1.77030e-06
 Reference value :  1.78334e-06
 Reference value :  1.78915e-06
 Reference value :  1.80565e-06
 Reference value :  1.82115e-06
 Reference value :  1.82558e-06
 Reference value :  1.83457e-06
 Reference value :  1.84707e-06
 Reference value :  1.86057e-06
 Reference value :  1.86692e-06
 Reference value :  1.87340e-06
 Reference value :  1.88690e-06
 Reference value :  1.90090e-06
 Reference value :  1.90898e-06
 Reference value :  1.92547e-06
 Reference value :  1.94847e-06
 Reference value :  1.95069e-06
 Reference value :  1.96067e-06
 Reference value :  1.97717e-06
 Reference value :  1.99067e-06
 Reference value :  1.99473e-06
 Reference value :  2.00923e-06
 Reference value :  2.02573e-06
 Reference value :  2.03371e-06
 Reference value :  2.04460e-06
 Reference value :  2.05910e-06
 Reference value :  2.07260e-06
 Reference value :  2.07913e-06
 Reference value :  2.09363e-06
 Reference value :  2.10763e-06
 Reference value :  2.11667e-06
 Reference value :  2.11820e-06
 Reference value :  2.12963e-06
 Reference value :  2.14363e-06
 Reference value :  2.15786e-06
 Reference value :  2.16485e-06
 Reference value :  2.17885e-06
 Reference value :  2.19435e-06
 Reference value :  2.20057e-06
 Reference value :  2.20599e-06
 Reference value :  2.21999e-06
 Reference value :  2.23399e-06
 Reference value :  2.24198e-06
 Reference value :  2.24972e-06
 Reference value :  2.26422e-06
 Reference value :  2.27822e-06
 Reference value :  2.28383e-06
 Reference value :  2.29185e-06
 Reference value :  2.30585e-06
 Reference value :  2.32135e-06
 Reference value :  2.32579e-06
 Reference value :  2.33906e-06
 Reference value :  2.35306e-06
 Reference value :  2.36617e-06
 Reference value :  2.36830e-06
 Reference value :  2.38118e-06
 Reference value :  2.39968e-06
 Reference value :  2.40894e-06
 Reference value :  2.42439e-06
 Reference value :  2.43839e-06
 Reference value :  2.45007e-06
 Reference value :  2.45652e-06
 Reference value :  2.47352e-06
 Reference value :  2.48802e-06
 Reference value :  2.49228e-06
 Reference value :  2.50473e-06
 Reference value :  2.52373e-06
 Reference value :  2.53411e-06
 Reference value :  2.54628e-06
 Reference value :  2.56028e-06
 Reference value :  2.57414e-06
 Reference value :  2.57700e-06
 Reference value :  2.59650e-06
 Reference value :  2.61050e-06
 Reference value :  2.61723e-06
 Reference value :  2.62518e-06
 Reference value :  2.63968e-06
 Reference value :  2.65368e-06
 Reference value :  2.66089e-06
 Reference value :  2.67639e-06
 Reference value :  2.68989e-06
 Reference value :  2.70007e-06
 Reference value :  2.70952e-06
 Reference value :  2.73152e-06
 Reference value :  2.74197e-06
 Reference value :  2.75023e-06
 Reference value :  2.76373e-06
 Reference value :  2.77723e-06
 Reference value :  2.78497e-06
 Reference value :  2.80435e-06
 Reference value :  2.81885e-06
 Reference value :  2.82552e-06
 Reference value :  2.83606e-06
 Reference value :  2.85406e-06
 Reference value :  2.86652e-06
 Reference value :  2.86823e-06
 Reference value :  2.88061e-06
 Reference value :  2.89461e-06
 Reference value :  2.90783e-06
 Reference value :  2.91033e-06
 Reference value :  2.92383e-06
 Reference value :  2.93883e-06
 Reference value :  2.95000e-06
 Reference value :  2.95132e-06
 Reference value :  2.96416e-06
 Reference value :  2.97866e-06
 Reference value :  2.99231e-06
 Reference value :  3.00743e-06
 Reference value :  3.02193e-06
 Reference value :  3.03340e-06
 Reference value :  3.03939e-06
 Reference value :  3.05289e-06
 Reference value :  3.06789e-06
 Reference value :  3.07561e-06
 Reference value :  3.09410e-06
 Reference value :  3.11210e-06
 Reference value :  3.11773e-06
 Reference value :  3.12693e-06
 Reference value :  3.14043e-06
 Reference value :  3.15493e-06
 Reference value :  3.16742e-06
 Reference value :  3.18142e-06
 Reference value :  3.19492e-06
 Reference value :  3.20056e-06
 Reference value :  3.20890e-06
 Reference value :  3.22290e-06
 Reference value :  3.23640e-06
 Reference value :  3.24221e-06
 Reference value :  3.25281e-06
 Reference value :  3.26731e-06
 Reference value :  3.28131e-06
 Reference value :  3.28455e-06
 Reference value :  3.29697e-06
 Reference value :  3.31097e-06
 Reference value :  3.32450e-06
 Reference value :  3.32786e-06
 Reference value :  3.34136e-06
 Reference value :  3.35486e-06
 Reference value :  3.36672e-06
 Reference value :  3.37516e-06
 Reference value :  3.38766e-06
 Reference value :  3.40266e-06
 Reference value :  3.41051e-06
 Reference value :  3.42451e-06
 Reference value :  3.43901e-06
 Reference value :  3.45006e-06
 Reference value :  3.45449e-06
 Reference value :  3.47649e-06
 Reference value :  3.49179e-06
 Reference value :  3.50685e-06
 Reference value :  3.52535e-06
 Reference value :  3.53428e-06
 Reference value :  3.54989e-06
 Reference value :  3.56789e-06
 Reference value :  3.57561e-06
 Reference value :  3.59322e-06
 Reference value :  3.61617e-06
 Reference value :  3.61782e-06
 Reference value :  3.63016e-06
 Reference value :  3.64466e-06
 Reference value :  3.65786e-06
 Reference value :  3.66101e-06
 Reference value :  3.67501e-06
 Reference value :  3.68801e-06
 Reference value :  3.70006e-06
 Reference value :  3.71199e-06
 Reference value :  3.72999e-06
 Reference value :  3.74218e-06
 Reference value :  3.75585e-06
 Reference value :  3.77435e-06
 Reference value :  3.78398e-06
 Reference value :  3.79483e-06
 Reference value :  3.81483e-06
 Reference value :  3.82569e-06
 Reference value :  3.84368e-06
 Reference value :  3.86518e-06
 Reference value :  3.86979e-06
 Reference value :  3.88479e-06
 Reference value :  3.90229e-06
 Reference value :  3.90931e-06
 Reference value :  3.93013e-06
 Reference value :  3.94713e-06
 Reference value :  3.95103e-06
 Reference value :  3.96319e-06
 Reference value :  3.98469e-06
 Reference value :  3.99863e-06
 Reference value :  4.02213e-06
 Reference value :  4.03339e-06
 Reference value :  4.03633e-06
 Reference value :  4.05083e-06
 Reference value :  4.07283e-06
 Reference value :  4.07718e-06
 Reference value :  4.09068e-06
 Reference value :  4.10418e-06
 Reference value :  4.11622e-06
 Reference value :  4.11789e-06
 Reference value :  4.12708e-06
 Reference value :  4.14058e-06
 Reference value :  4.15408e-06
 Reference value :  4.15908e-06
 Reference value :  4.17285e-06
 Reference value :  4.18685e-06
 Reference value :  4.19965e-06
 Reference value :  4.20139e-06
 Reference value :  4.21347e-06
 Reference value :  4.22797e-06
 Reference value :  4.24082e-06
 Reference value :  4.24320e-06
 Reference value :  4.26270e-06
 Reference value :  4.27870e-06
 Reference value :  4.28383e-06
 Reference value :  4.29364e-06
 Reference value :  4.30764e-06
 Reference value :  4.32114e-06
 Reference value :  4.33035e-06
 Reference value :  4.34435e-06
 Reference value :  4.36035e-06
 Reference value :  4.36705e-06
 Reference value :  4.37697e-06
 Reference value :  4.39197e-06
 Reference value :  4.40547e-06
 Reference value :  4.41218e-06
 Reference value :  4.43068e-06
 Reference value :  4.44218e-06
 Reference value :  4.45052e-06
 Reference value :  4.46080e-06
 Reference value :  4.47280e-06
 Reference value :  4.48530e-06
 Reference value :  4.49225e-06
 Reference value :  4.50502e-06
 Reference value :  4.51702e-06
 Reference value :  4.52852e-06
 Reference value :  4.53372e-06
 Reference value :  4.54190e-06
 Reference value :  4.55440e-06
 Reference value :  4.56590e-06
 Reference value :  4.57529e-06
 Reference value :  4.58964e-06
 Reference value :  4.60864e-06
 Reference value :  4.61715e-06
 Reference value :  4.62912e-06
 Reference value :  4.64262e-06
 Reference value :  4.65462e-06
 Reference value :  4.65887e-06
 Reference value :  4.66985e-06
 Reference value :  4.68185e-06
 Reference value :  4.69535e-06
 Reference value :  4.70105e-06
 Reference value :  4.71830e-06
 Reference value :  4.73180e-06
 Reference value :  4.74552e-06
 Reference value :  4.76202e-06
 Reference value :  4.77802e-06
 Reference value :  4.78399e-06
 Reference value :  4.80164e-06
 Reference value :  4.81464e-06
 Reference value :  4.82550e-06
 Reference value :  4.83485e-06
 Reference value :  4.84735e-06
 Reference value :  4.86035e-06
 Reference value :  4.86705e-06
 Reference value :  4.87522e-06
 Reference value :  4.88922e-06
 Reference value :  4.90372e-06
 Reference value :  4.90888e-06
 Reference value :  4.91996e-06
 Reference value :  4.93396e-06
 Reference value :  4.94746e-06
 Reference value :  4.95034e-06
 Reference value :  4.95631e-06
 Reference value :  4.96931e-06
 Reference value :  4.98181e-06
 Reference value :  4.99217e-06
 Reference value :  5.00202e-06
 Reference value :  5.01502e-06
 Reference value :  5.03002e-06
 Reference value :  5.03614e-06
 Reference value :  5.05064e-06
 Reference value :  5.06414e-06
 Reference value :  5.07550e-06
 Reference value :  5.08585e-06
 Reference value :  5.10035e-06
 Reference value :  5.11335e-06
 Reference value :  5.11746e-06
 Reference value :  5.12423e-06
 Reference value :  5.13723e-06
 Reference value :  5.15023e-06
 Reference value :  5.15863e-06
 Reference value :  5.16722e-06
 Reference value :  5.18072e-06
 Reference value :  5.19422e-06
 Reference value :  5.20143e-06
 Reference value :  5.21465e-06
 Reference value :  5.22815e-06
 Reference value :  5.24117e-06
 Reference value :  5.24565e-06
 Reference value :  5.25965e-06
 Reference value :  5.27315e-06
 Reference value :  5.28339e-06
 Reference value :  5.29004e-06
 Reference value :  5.30354e-06
 Reference value :  5.31804e-06
 Reference value :  5.32714e-06
 Reference value :  5.34364e-06
 Reference value :  5.35814e-06
 Reference value :  5.36685e-06
 Reference value :  5.37336e-06
 Reference value :  5.38836e-06
 Reference value :  5.40436e-06
 Reference value :  5.40925e-06
 Reference value :  5.42293e-06
 Reference value :  5.43743e-06
 Reference value :  5.44985e-06
 Reference value :  5.46020e-06
 Reference value :  5.48320e-06
 Reference value :  5.49231e-06
 Reference value :  5.50631e-06
 Reference value :  5.52031e-06
 Reference value :  5.53296e-06
 Reference value :  5.53443e-06
 Reference value :  5.54735e-06
 Reference value :  5.56135e-06
 Reference value :  5.57452e-06
 Reference value :  5.57779e-06
 Reference value :  5.59079e-06
 Reference value :  5.60379e-06
 Reference value :  5.61704e-06
 Reference value :  5.62687e-06
 Reference value :  5.64487e-06
 Reference value :  5.65915e-06
 Reference value :  5.67198e-06
 Reference value :  5.68698e-06
 Reference value :  5.70048e-06
 Reference value :  5.71820e-06
 Reference value :  5.73220e-06
 Reference value :  5.74224e-06
 Reference value :  5.76276e-06
 Reference value :  5.78288e-06
 Reference value :  5.78704e-06
 Reference value :  5.80404e-06
 Reference value :  5.82473e-06
 Reference value :  5.83164e-06
 Reference value :  5.84564e-06
 Reference value :  5.86629e-06
 Reference value :  5.86781e-06
 Reference value :  5.88069e-06
 Reference value :  5.89619e-06
 Reference value :  5.90907e-06
 Reference value :  5.92713e-06
 Reference value :  5.94063e-06
 Reference value :  5.95026e-06
 Reference value :  5.96220e-06
 Reference value :  5.98570e-06
 Reference value :  5.99731e-06
 Reference value :  6.01181e-06
 Reference value :  6.02531e-06
 Reference value :  6.03351e-06
 Reference value :  6.03853e-06
 Reference value :  6.05903e-06
 Reference value :  6.07563e-06
 Reference value :  6.08759e-06
 Reference value :  6.10209e-06
 Reference value :  6.11617e-06
 Reference value :  6.11783e-06
 Reference value :  6.12643e-06
 Reference value :  6.13993e-06
 Reference value :  6.15393e-06
 Reference value :  6.16898e-06
 Reference value :  6.19048e-06
 Reference value :  6.20000e-06
 Reference value :  6.20107e-06
 Reference value :  6.21480e-06
 Reference value :  6.22880e-06
 Reference value :  6.24120e-06
 Reference value :  6.24881e-06
 Reference value :  6.26531e-06
 Reference value :  6.28288e-06
No. of Data Rows : 14249

  Measurements for Transient Analysis

d9_c1               =  1.80001e+00
d8_c1               =  1.80001e+00
d7_c1               =  1.80001e+00
d6_c1               =  1.80001e+00
d5_c1               =  1.80001e+00
d4_c1               =  1.80001e+00
d3_c1               =  1.80001e+00
d2_c1               =  1.80001e+00
d1_c1               =  1.80001e+00
d0_c1               =  1.80001e+00
d9_c2               =  1.80000e+00
d8_c2               =  1.80000e+00
d7_c2               =  1.80000e+00
d6_c2               =  1.80000e+00
d5_c2               =  1.80000e+00
d4_c2               =  1.80000e+00
d3_c2               =  1.80000e+00
d2_c2               =  1.80001e+00
d1_c2               =  1.80001e+00
d0_c2               =  1.80001e+00
d9_c3               =  1.80001e+00
d8_c3               =  1.80001e+00
d7_c3               =  1.80001e+00
d6_c3               =  1.80001e+00
d5_c3               =  1.80001e+00
d4_c3               =  1.80001e+00
d3_c3               =  1.80001e+00
d2_c3               =  1.80001e+00
d1_c3               =  1.80001e+00
d0_c3               =  1.80001e+00
d9_c4               =  1.80001e+00
d8_c4               =  1.80000e+00
d7_c4               =  1.80000e+00
d6_c4               =  1.80000e+00
d5_c4               =  1.80000e+00
d4_c4               =  1.80000e+00
d3_c4               =  1.80001e+00
d2_c4               =  1.80001e+00
d1_c4               =  1.80001e+00
d0_c4               =  1.80001e+00
d9_c5               =  1.80000e+00
d8_c5               =  1.80000e+00
d7_c5               =  1.80000e+00
d6_c5               =  1.80000e+00
d5_c5               =  1.80000e+00
d4_c5               =  1.80000e+00
d3_c5               =  1.80000e+00
d2_c5               =  1.80000e+00
d1_c5               =  1.80000e+00
d0_c5               =  1.80000e+00
busy_c1_p0          =  1.80000e+00
smpl_c1_p0          =  -5.19790e-05
busy_c1_p1          =  1.80000e+00
smpl_c1_p1          =  -1.36599e-06
busy_c1_p2          =  1.80000e+00
smpl_c1_p2          =  -2.03700e-05
busy_c1_p3          =  1.80000e+00
smpl_c1_p3          =  -1.14782e-06
busy_c1_p4          =  1.80000e+00
smpl_c1_p4          =  -2.46227e-05
busy_c1_p5          =  1.80000e+00
smpl_c1_p5          =  -1.48298e-06
busy_c1_p6          =  1.80000e+00
smpl_c1_p6          =  -2.08513e-05
busy_c1_p7          =  1.80000e+00
smpl_c1_p7          =  -1.18388e-06
busy_c1_p8          =  1.80000e+00
smpl_c1_p8          =  -2.46346e-05
busy_c1_p9          =  1.80000e+00
smpl_c1_p9          =  -2.40987e-05
busy_c1_p10         =  1.80000e+00
smpl_c1_p10         =  -1.27058e-05
busy_c1_p11         =  -3.99110e-06
smpl_c1_p11         =  1.80000e+00
busy_c2_p0          =  1.80000e+00
smpl_c2_p0          =  -4.99264e-06
busy_c2_p1          =  1.80000e+00
smpl_c2_p1          =  -8.89957e-06
busy_c2_p2          =  1.80000e+00
smpl_c2_p2          =  -8.90957e-06
busy_c2_p3          =  1.80000e+00
smpl_c2_p3          =  -8.90576e-06
busy_c2_p4          =  1.80000e+00
smpl_c2_p4          =  2.84081e-06
busy_c2_p5          =  1.80000e+00
smpl_c2_p5          =  -8.88949e-06
busy_c2_p6          =  1.80000e+00
smpl_c2_p6          =  -8.90492e-06
busy_c2_p7          =  1.80000e+00
smpl_c2_p7          =  -8.90824e-06
busy_c2_p8          =  1.80000e+00
smpl_c2_p8          =  3.31862e-06
busy_c2_p9          =  1.80000e+00
smpl_c2_p9          =  -1.49201e-05
busy_c2_p10         =  1.80000e+00
smpl_c2_p10         =  -1.30019e-05
busy_c2_p11         =  -1.02940e-04
smpl_c2_p11         =  1.80000e+00
busy_c3_p0          =  1.80000e+00
smpl_c3_p0          =  -3.34181e-05
busy_c3_p1          =  1.80000e+00
smpl_c3_p1          =  -1.82444e-05
busy_c3_p2          =  1.80000e+00
smpl_c3_p2          =  -8.54562e-06
busy_c3_p3          =  1.80000e+00
smpl_c3_p3          =  -8.60863e-06
busy_c3_p4          =  1.80000e+00
smpl_c3_p4          =  -1.56897e-05
busy_c3_p5          =  1.80000e+00
smpl_c3_p5          =  -8.73714e-06
busy_c3_p6          =  1.80000e+00
smpl_c3_p6          =  -8.78658e-06
busy_c3_p7          =  1.80000e+00
smpl_c3_p7          =  -8.84128e-06
busy_c3_p8          =  1.80000e+00
smpl_c3_p8          =  -1.84040e-05
busy_c3_p9          =  1.80000e+00
smpl_c3_p9          =  -3.18236e-05
busy_c3_p10         =  1.80000e+00
smpl_c3_p10         =  -8.84320e-06
busy_c3_p11         =  4.60872e-05
smpl_c3_p11         =  1.80003e+00
busy_c4_p0          =  1.80000e+00
smpl_c4_p0          =  -2.02231e-06
busy_c4_p1          =  1.80000e+00
smpl_c4_p1          =  4.32221e-06
busy_c4_p2          =  1.80000e+00
smpl_c4_p2          =  4.16439e-06
busy_c4_p3          =  1.80000e+00
smpl_c4_p3          =  4.23063e-06
busy_c4_p4          =  1.80000e+00
smpl_c4_p4          =  -1.32588e-05
busy_c4_p5          =  1.80000e+00
smpl_c4_p5          =  4.41859e-06
busy_c4_p6          =  1.80000e+00
smpl_c4_p6          =  4.30633e-06
busy_c4_p7          =  1.80000e+00
smpl_c4_p7          =  4.26335e-06
busy_c4_p8          =  1.80000e+00
smpl_c4_p8          =  -1.20024e-05
busy_c4_p9          =  1.80000e+00
smpl_c4_p9          =  4.76369e-06
busy_c4_p10         =  1.80000e+00
smpl_c4_p10         =  4.27755e-06
busy_c4_p11         =  -3.42231e-05
smpl_c4_p11         =  1.79998e+00
busy_c5_p0          =  1.80000e+00
smpl_c5_p0          =  -8.74443e-06
busy_c5_p1          =  1.80000e+00
smpl_c5_p1          =  -1.54709e-05
busy_c5_p2          =  1.80000e+00
smpl_c5_p2          =  -1.70181e-05
busy_c5_p3          =  1.80000e+00
smpl_c5_p3          =  -1.54618e-05
busy_c5_p4          =  1.80000e+00
smpl_c5_p4          =  -6.45758e-06
busy_c5_p5          =  1.80000e+00
smpl_c5_p5          =  -1.54758e-05
busy_c5_p6          =  1.80000e+00
smpl_c5_p6          =  -1.70214e-05
busy_c5_p7          =  1.80000e+00
smpl_c5_p7          =  -1.54628e-05
busy_c5_p8          =  1.80000e+00
smpl_c5_p8          =  -6.85496e-06
busy_c5_p9          =  1.80000e+00
smpl_c5_p9          =  -1.54321e-05
busy_c5_p10         =  1.80000e+00
smpl_c5_p10         =  -1.70177e-05
busy_c5_p11         =  1.64456e-04
smpl_c5_p11         =  1.80000e+00
i_vdd               =  -2.32995e-06 from=  3.20000e-06 to=  4.20007e-06
i_vpwr              =  -2.86866e-06 from=  3.20000e-06 to=  4.20007e-06
i_vrefp             =  -9.68095e-07 from=  3.20000e-06 to=  4.20007e-06
i_vrefn             =  9.70909e-07 from=  3.20000e-06 to=  4.20007e-06
i_vcm               =  1.33131e-09 from=  3.20000e-06 to=  4.20007e-06


Total analysis time (seconds) = 230.32

Total elapsed time (seconds) = 273.622 

Total DRAM available = 98304.000 MB.
DRAM currently available = 27612.406 MB.
Maximum ngspice program size =  580.844 MB.
Current ngspice program size =  580.844 MB.

