
Note: Compatibility modes selected: hs a


Circuit: * cdac-array-transfer monte carlo -- corner=tt_mm temp=27.0c supply=1.8v seed=21 (issue #29)

option SCALE: Scale is set to 1e-06 for instance and model parameters
option SCALE: Scale is set to 1e-06 for instance and model parameters
option SCALE: Scale is set to 1e-06 for instance and model parameters
option SCALE: Scale is set to 1e-06 for instance and model parameters
Doing analysis at TEMP = 27.000000 and TNOM = 27.000000

Using KLU as Direct Linear Solver
 Reference value :  0.00000e+00
 Reference value :  4.00000e-11
 Reference value :  6.10000e-10
 Reference value :  9.60000e-10
 Reference value :  9.87309e-10
 Reference value :  1.07113e-09
 Reference value :  1.10902e-09
 Reference value :  1.18111e-09
 Reference value :  1.38442e-09
 Reference value :  1.94273e-09
 Reference value :  3.73916e-09
 Reference value :  5.23916e-09
 Reference value :  6.73916e-09
 Reference value :  8.23916e-09
 Reference value :  9.73916e-09
 Reference value :  1.12392e-08
 Reference value :  1.27392e-08
 Reference value :  1.42392e-08
 Reference value :  1.57392e-08
 Reference value :  1.72392e-08
 Reference value :  1.87392e-08
 Reference value :  2.02392e-08
 Reference value :  2.17392e-08
 Reference value :  2.37392e-08
 Reference value :  2.57392e-08
 Reference value :  2.77392e-08
 Reference value :  2.97392e-08
 Reference value :  3.17392e-08
 Reference value :  3.37392e-08
 Reference value :  3.57392e-08
 Reference value :  3.72392e-08
 Reference value :  3.87392e-08
 Reference value :  4.02392e-08
 Reference value :  4.17392e-08
 Reference value :  4.27392e-08
 Reference value :  4.37392e-08
 Reference value :  4.52392e-08
 Reference value :  4.67392e-08
 Reference value :  4.82392e-08
 Reference value :  4.92392e-08
 Reference value :  5.02392e-08
 Reference value :  5.12392e-08
 Reference value :  5.22392e-08
 Reference value :  5.32392e-08
 Reference value :  5.47392e-08
 Reference value :  5.62392e-08
 Reference value :  5.77392e-08
 Reference value :  5.97392e-08
 Reference value :  6.17392e-08
 Reference value :  6.32392e-08
 Reference value :  6.47392e-08
 Reference value :  6.62392e-08
 Reference value :  6.77392e-08
 Reference value :  6.97392e-08
 Reference value :  7.17392e-08
 Reference value :  7.37392e-08
 Reference value :  7.52392e-08
 Reference value :  7.72392e-08
 Reference value :  7.92392e-08
 Reference value :  8.07392e-08
 Reference value :  8.22392e-08
 Reference value :  8.37392e-08
 Reference value :  8.47392e-08
 Reference value :  8.57392e-08
 Reference value :  8.72392e-08
 Reference value :  8.82392e-08
 Reference value :  8.92392e-08
 Reference value :  9.07392e-08
 Reference value :  9.22392e-08
 Reference value :  9.42392e-08
 Reference value :  9.57392e-08
 Reference value :  9.72392e-08
 Reference value :  9.87392e-08
 Reference value :  1.00739e-07
 Reference value :  1.02739e-07
 Reference value :  1.04239e-07
 Reference value :  1.05739e-07
 Reference value :  1.07739e-07
 Reference value :  1.09739e-07
 Reference value :  1.10739e-07
 Reference value :  1.12239e-07
 Reference value :  1.13239e-07
 Reference value :  1.14739e-07
 Reference value :  1.16239e-07
 Reference value :  1.17739e-07
 Reference value :  1.19239e-07
 Reference value :  1.20739e-07
 Reference value :  1.22239e-07
 Reference value :  1.23739e-07
 Reference value :  1.25239e-07
 Reference value :  1.26739e-07
 Reference value :  1.28239e-07
 Reference value :  1.29739e-07
 Reference value :  1.31239e-07
 Reference value :  1.32739e-07
 Reference value :  1.34239e-07
 Reference value :  1.35739e-07
 Reference value :  1.37239e-07
 Reference value :  1.38739e-07
 Reference value :  1.40239e-07
 Reference value :  1.41739e-07
 Reference value :  1.43239e-07
 Reference value :  1.45239e-07
 Reference value :  1.47239e-07
 Reference value :  1.49239e-07
 Reference value :  1.51239e-07
 Reference value :  1.53239e-07
 Reference value :  1.55239e-07
 Reference value :  1.57239e-07
 Reference value :  1.59239e-07
 Reference value :  1.60739e-07
 Reference value :  1.62239e-07
 Reference value :  1.63739e-07
 Reference value :  1.65739e-07
 Reference value :  1.67239e-07
 Reference value :  1.68739e-07
 Reference value :  1.69739e-07
 Reference value :  1.70739e-07
 Reference value :  1.72239e-07
 Reference value :  1.73739e-07
 Reference value :  1.75239e-07
 Reference value :  1.76739e-07
 Reference value :  1.78239e-07
 Reference value :  1.79739e-07
 Reference value :  1.81239e-07
 Reference value :  1.82739e-07
 Reference value :  1.84239e-07
 Reference value :  1.85739e-07
 Reference value :  1.86739e-07
 Reference value :  1.87739e-07
 Reference value :  1.88739e-07
 Reference value :  1.89739e-07
 Reference value :  1.91239e-07
 Reference value :  1.93239e-07
 Reference value :  1.95239e-07
 Reference value :  1.97239e-07
 Reference value :  1.98739e-07
 Reference value :  1.99739e-07
 Reference value :  2.00739e-07
 Reference value :  2.02239e-07
 Reference value :  2.03739e-07
 Reference value :  2.05239e-07
 Reference value :  2.06739e-07
 Reference value :  2.08239e-07
 Reference value :  2.10239e-07
 Reference value :  2.12239e-07
 Reference value :  2.14239e-07
 Reference value :  2.15739e-07
 Reference value :  2.17739e-07
 Reference value :  2.19239e-07
 Reference value :  2.20739e-07
 Reference value :  2.22239e-07
 Reference value :  2.23739e-07
 Reference value :  2.25239e-07
 Reference value :  2.26239e-07
 Reference value :  2.27239e-07
 Reference value :  2.28739e-07
 Reference value :  2.29739e-07
 Reference value :  2.30739e-07
 Reference value :  2.32239e-07
 Reference value :  2.34239e-07
 Reference value :  2.36239e-07
 Reference value :  2.38239e-07
 Reference value :  2.40239e-07
 Reference value :  2.41739e-07
 Reference value :  2.43239e-07
 Reference value :  2.44739e-07
 Reference value :  2.46239e-07
 Reference value :  2.48239e-07
 Reference value :  2.49739e-07
 Reference value :  2.51739e-07
 Reference value :  2.53739e-07
 Reference value :  2.55739e-07
 Reference value :  2.57739e-07
 Reference value :  2.58739e-07
 Reference value :  2.59739e-07
 Reference value :  2.61239e-07
 Reference value :  2.62239e-07
 Reference value :  2.63739e-07
 Reference value :  2.65739e-07
 Reference value :  2.67739e-07
 Reference value :  2.69739e-07
 Reference value :  2.71739e-07
 Reference value :  2.73739e-07
 Reference value :  2.75739e-07
 Reference value :  2.77739e-07
 Reference value :  2.79739e-07
 Reference value :  2.81239e-07
 Reference value :  2.82739e-07
 Reference value :  2.83739e-07
 Reference value :  2.85239e-07
 Reference value :  2.86739e-07
 Reference value :  2.88239e-07
 Reference value :  2.89239e-07
 Reference value :  2.90739e-07
 Reference value :  2.92239e-07
 Reference value :  2.93739e-07
 Reference value :  2.95239e-07
 Reference value :  2.96739e-07
 Reference value :  2.98239e-07
 Reference value :  3.00239e-07
 Reference value :  3.01239e-07
 Reference value :  3.02739e-07
 Reference value :  3.04239e-07
 Reference value :  3.05239e-07
 Reference value :  3.06239e-07
 Reference value :  3.07739e-07
 Reference value :  3.09239e-07
 Reference value :  3.10739e-07
 Reference value :  3.12739e-07
 Reference value :  3.14739e-07
 Reference value :  3.16739e-07
 Reference value :  3.18239e-07
 Reference value :  3.19739e-07
 Reference value :  3.21239e-07
 Reference value :  3.22739e-07
 Reference value :  3.24739e-07
 Reference value :  3.26739e-07
 Reference value :  3.27739e-07
 Reference value :  3.28739e-07
 Reference value :  3.30239e-07
 Reference value :  3.32239e-07
 Reference value :  3.34239e-07
 Reference value :  3.35739e-07
 Reference value :  3.37739e-07
 Reference value :  3.39739e-07
 Reference value :  3.41239e-07
 Reference value :  3.42739e-07
 Reference value :  3.44739e-07
 Reference value :  3.46739e-07
 Reference value :  3.48739e-07
 Reference value :  3.50739e-07
 Reference value :  3.52739e-07
 Reference value :  3.54739e-07
 Reference value :  3.56739e-07
 Reference value :  3.58739e-07
 Reference value :  3.60739e-07
 Reference value :  3.62739e-07
 Reference value :  3.64739e-07
 Reference value :  3.66739e-07
 Reference value :  3.68739e-07
 Reference value :  3.70739e-07
 Reference value :  3.72739e-07
 Reference value :  3.74239e-07
 Reference value :  3.75739e-07
 Reference value :  3.77239e-07
 Reference value :  3.78739e-07
 Reference value :  3.80239e-07
 Reference value :  3.81739e-07
 Reference value :  3.83239e-07
 Reference value :  3.85239e-07
 Reference value :  3.87239e-07
 Reference value :  3.89239e-07
 Reference value :  3.91239e-07
 Reference value :  3.93239e-07
 Reference value :  3.95239e-07
 Reference value :  3.97239e-07
 Reference value :  3.99239e-07
 Reference value :  4.00739e-07
 Reference value :  4.02239e-07
 Reference value :  4.03739e-07
 Reference value :  4.04739e-07
 Reference value :  4.06239e-07
 Reference value :  4.07739e-07
 Reference value :  4.08739e-07
 Reference value :  4.10739e-07
 Reference value :  4.12739e-07
 Reference value :  4.14739e-07
 Reference value :  4.16239e-07
 Reference value :  4.17739e-07
 Reference value :  4.19239e-07
 Reference value :  4.20739e-07
 Reference value :  4.22739e-07
 Reference value :  4.24239e-07
 Reference value :  4.25239e-07
 Reference value :  4.26239e-07
 Reference value :  4.27239e-07
 Reference value :  4.28239e-07
 Reference value :  4.29739e-07
 Reference value :  4.30739e-07
 Reference value :  4.31739e-07
 Reference value :  4.33239e-07
 Reference value :  4.35239e-07
 Reference value :  4.37239e-07
 Reference value :  4.39239e-07
 Reference value :  4.40739e-07
 Reference value :  4.42739e-07
 Reference value :  4.44739e-07
 Reference value :  4.46739e-07
 Reference value :  4.48739e-07
 Reference value :  4.50739e-07
 Reference value :  4.52739e-07
 Reference value :  4.54739e-07
 Reference value :  4.56739e-07
 Reference value :  4.58739e-07
 Reference value :  4.60239e-07
 Reference value :  4.61739e-07
 Reference value :  4.63239e-07
 Reference value :  4.64739e-07
 Reference value :  4.66239e-07
 Reference value :  4.67739e-07
 Reference value :  4.69239e-07
 Reference value :  4.70739e-07
 Reference value :  4.72239e-07
 Reference value :  4.73739e-07
 Reference value :  4.74739e-07
 Reference value :  4.76239e-07
 Reference value :  4.77739e-07
 Reference value :  4.79239e-07
 Reference value :  4.80739e-07
 Reference value :  4.81739e-07
 Reference value :  4.83239e-07
 Reference value :  4.84739e-07
 Reference value :  4.86739e-07
 Reference value :  4.88739e-07
 Reference value :  4.90739e-07
 Reference value :  4.92739e-07
 Reference value :  4.94239e-07
 Reference value :  4.96239e-07
 Reference value :  4.98239e-07
 Reference value :  5.00000e-07
No. of Data Rows : 1026
vtop_p_0            =  9.00000e-01
vtop_n_0            =  2.69715e+00
vtop_p_1            =  9.03514e-01
vtop_n_1            =  2.69361e+00
vtop_p_2            =  9.07017e-01
vtop_n_2            =  2.69017e+00
vtop_p_3            =  9.10546e-01
vtop_n_3            =  2.68660e+00
vtop_p_4            =  9.14082e-01
vtop_n_4            =  2.68301e+00
vtop_p_7            =  9.24599e-01
vtop_n_7            =  2.67253e+00
vtop_p_8            =  9.28127e-01
vtop_n_8            =  2.66907e+00
vtop_p_15           =  9.52963e-01
vtop_n_15           =  2.64424e+00
vtop_p_16           =  9.56229e-01
vtop_n_16           =  2.64052e+00
vtop_p_31           =  1.00905e+00
vtop_n_31           =  2.58777e+00
vtop_p_32           =  1.01235e+00
vtop_n_32           =  2.58359e+00
vtop_p_63           =  1.12190e+00
vtop_n_63           =  2.47514e+00
vtop_p_64           =  1.12469e+00
vtop_n_64           =  2.47251e+00
vtop_p_127          =  1.34597e+00
vtop_n_127          =  2.25022e+00
vtop_p_128          =  1.34938e+00
vtop_n_128          =  2.24420e+00
vtop_p_255          =  1.79839e+00
vtop_n_255          =  1.79978e+00
vtop_p_256          =  1.80125e+00
vtop_n_256          =  1.79845e+00
vtop_p_383          =  2.24858e+00
vtop_n_383          =  1.35151e+00
vtop_p_384          =  2.25131e+00
vtop_n_384          =  1.34666e+00
vtop_p_385          =  2.25434e+00
vtop_n_385          =  1.34353e+00
vtop_p_510          =  2.69369e+00
vtop_n_510          =  9.03483e-01
vtop_p_511          =  2.69717e+00
vtop_n_511          =  9.00000e-01
Note: Simulation executed from .control section 
