
Note: Compatibility modes selected: hs a


Circuit: * cdac-array-transfer monte carlo -- corner=tt_mm temp=27.0c supply=1.8v seed=5 (issue #29)

option SCALE: Scale is set to 1e-06 for instance and model parameters
option SCALE: Scale is set to 1e-06 for instance and model parameters
option SCALE: Scale is set to 1e-06 for instance and model parameters
option SCALE: Scale is set to 1e-06 for instance and model parameters
Doing analysis at TEMP = 27.000000 and TNOM = 27.000000

Using KLU as Direct Linear Solver
 Reference value :  0.00000e+00
 Reference value :  4.00000e-11
 Reference value :  6.10000e-10
 Reference value :  9.60000e-10
 Reference value :  9.87309e-10
 Reference value :  1.04337e-09
 Reference value :  1.10000e-09
 Reference value :  1.10926e-09
 Reference value :  1.14631e-09
 Reference value :  1.23193e-09
 Reference value :  1.38929e-09
 Reference value :  1.68867e-09
 Reference value :  2.26116e-09
 Reference value :  3.76116e-09
 Reference value :  4.76116e-09
 Reference value :  6.26116e-09
 Reference value :  7.76116e-09
 Reference value :  9.26116e-09
 Reference value :  1.07612e-08
 Reference value :  1.22612e-08
 Reference value :  1.32612e-08
 Reference value :  1.47612e-08
 Reference value :  1.57612e-08
 Reference value :  1.72612e-08
 Reference value :  1.87612e-08
 Reference value :  1.97612e-08
 Reference value :  2.12612e-08
 Reference value :  2.22612e-08
 Reference value :  2.37612e-08
 Reference value :  2.52612e-08
 Reference value :  2.62612e-08
 Reference value :  2.77612e-08
 Reference value :  2.87612e-08
 Reference value :  3.02612e-08
 Reference value :  3.17612e-08
 Reference value :  3.27612e-08
 Reference value :  3.42612e-08
 Reference value :  3.52612e-08
 Reference value :  3.62612e-08
 Reference value :  3.77612e-08
 Reference value :  3.92612e-08
 Reference value :  4.02612e-08
 Reference value :  4.17612e-08
 Reference value :  4.32612e-08
 Reference value :  4.47612e-08
 Reference value :  4.57612e-08
 Reference value :  4.72612e-08
 Reference value :  4.82612e-08
 Reference value :  4.92612e-08
 Reference value :  5.02612e-08
 Reference value :  5.17612e-08
 Reference value :  5.32612e-08
 Reference value :  5.42612e-08
 Reference value :  5.57612e-08
 Reference value :  5.67612e-08
 Reference value :  5.82612e-08
 Reference value :  5.92612e-08
 Reference value :  6.02612e-08
 Reference value :  6.12612e-08
 Reference value :  6.22612e-08
 Reference value :  6.37612e-08
 Reference value :  6.52612e-08
 Reference value :  6.67612e-08
 Reference value :  6.77612e-08
 Reference value :  6.92612e-08
 Reference value :  7.07612e-08
 Reference value :  7.17612e-08
 Reference value :  7.32612e-08
 Reference value :  7.47612e-08
 Reference value :  7.57612e-08
 Reference value :  7.72612e-08
 Reference value :  7.87612e-08
 Reference value :  8.07612e-08
 Reference value :  8.27612e-08
 Reference value :  8.42612e-08
 Reference value :  8.52612e-08
 Reference value :  8.67612e-08
 Reference value :  8.82612e-08
 Reference value :  8.92612e-08
 Reference value :  9.07612e-08
 Reference value :  9.17612e-08
 Reference value :  9.27612e-08
 Reference value :  9.42612e-08
 Reference value :  9.57612e-08
 Reference value :  9.67612e-08
 Reference value :  9.77612e-08
 Reference value :  9.92612e-08
 Reference value :  1.00761e-07
 Reference value :  1.02261e-07
 Reference value :  1.04261e-07
 Reference value :  1.05761e-07
 Reference value :  1.07761e-07
 Reference value :  1.09761e-07
 Reference value :  1.11261e-07
 Reference value :  1.12761e-07
 Reference value :  1.14261e-07
 Reference value :  1.15761e-07
 Reference value :  1.17261e-07
 Reference value :  1.18761e-07
 Reference value :  1.20261e-07
 Reference value :  1.22261e-07
 Reference value :  1.24261e-07
 Reference value :  1.26261e-07
 Reference value :  1.27761e-07
 Reference value :  1.28761e-07
 Reference value :  1.30261e-07
 Reference value :  1.31261e-07
 Reference value :  1.32761e-07
 Reference value :  1.34261e-07
 Reference value :  1.35761e-07
 Reference value :  1.37261e-07
 Reference value :  1.38761e-07
 Reference value :  1.40261e-07
 Reference value :  1.42261e-07
 Reference value :  1.44261e-07
 Reference value :  1.45761e-07
 Reference value :  1.46761e-07
 Reference value :  1.48261e-07
 Reference value :  1.49261e-07
 Reference value :  1.50261e-07
 Reference value :  1.51261e-07
 Reference value :  1.52261e-07
 Reference value :  1.53761e-07
 Reference value :  1.55261e-07
 Reference value :  1.57261e-07
 Reference value :  1.59261e-07
 Reference value :  1.60761e-07
 Reference value :  1.62761e-07
 Reference value :  1.64761e-07
 Reference value :  1.66261e-07
 Reference value :  1.67761e-07
 Reference value :  1.69761e-07
 Reference value :  1.71761e-07
 Reference value :  1.73761e-07
 Reference value :  1.75761e-07
 Reference value :  1.77761e-07
 Reference value :  1.79761e-07
 Reference value :  1.81761e-07
 Reference value :  1.83261e-07
 Reference value :  1.84761e-07
 Reference value :  1.86261e-07
 Reference value :  1.87761e-07
 Reference value :  1.89761e-07
 Reference value :  1.93761e-07
 Reference value :  1.95761e-07
 Reference value :  1.97761e-07
 Reference value :  1.99761e-07
 Reference value :  2.01261e-07
 Reference value :  2.02761e-07
 Reference value :  2.03761e-07
 Reference value :  2.05761e-07
 Reference value :  2.07761e-07
 Reference value :  2.09761e-07
 Reference value :  2.11761e-07
 Reference value :  2.13261e-07
 Reference value :  2.14761e-07
 Reference value :  2.16761e-07
 Reference value :  2.18761e-07
 Reference value :  2.20261e-07
 Reference value :  2.21761e-07
 Reference value :  2.23261e-07
 Reference value :  2.25261e-07
 Reference value :  2.27261e-07
 Reference value :  2.29261e-07
 Reference value :  2.31261e-07
 Reference value :  2.33261e-07
 Reference value :  2.35261e-07
 Reference value :  2.37261e-07
 Reference value :  2.39261e-07
 Reference value :  2.41261e-07
 Reference value :  2.42761e-07
 Reference value :  2.44261e-07
 Reference value :  2.46261e-07
 Reference value :  2.48261e-07
 Reference value :  2.50261e-07
 Reference value :  2.52261e-07
 Reference value :  2.54261e-07
 Reference value :  2.55761e-07
 Reference value :  2.57261e-07
 Reference value :  2.58261e-07
 Reference value :  2.59261e-07
 Reference value :  2.60761e-07
 Reference value :  2.62261e-07
 Reference value :  2.63761e-07
 Reference value :  2.65261e-07
 Reference value :  2.66261e-07
 Reference value :  2.67761e-07
 Reference value :  2.69261e-07
 Reference value :  2.70261e-07
 Reference value :  2.71261e-07
 Reference value :  2.72261e-07
 Reference value :  2.73261e-07
 Reference value :  2.74261e-07
 Reference value :  2.76261e-07
 Reference value :  2.78261e-07
 Reference value :  2.79761e-07
 Reference value :  2.80761e-07
 Reference value :  2.82261e-07
 Reference value :  2.83761e-07
 Reference value :  2.85261e-07
 Reference value :  2.86761e-07
 Reference value :  2.88761e-07
 Reference value :  2.90761e-07
 Reference value :  2.92761e-07
 Reference value :  2.94261e-07
 Reference value :  2.96261e-07
 Reference value :  2.98261e-07
 Reference value :  3.00261e-07
 Reference value :  3.02261e-07
 Reference value :  3.04261e-07
 Reference value :  3.06261e-07
 Reference value :  3.07761e-07
 Reference value :  3.09261e-07
 Reference value :  3.11261e-07
 Reference value :  3.13261e-07
 Reference value :  3.14761e-07
 Reference value :  3.16261e-07
 Reference value :  3.17761e-07
 Reference value :  3.19261e-07
 Reference value :  3.20761e-07
 Reference value :  3.21761e-07
 Reference value :  3.23261e-07
 Reference value :  3.24761e-07
 Reference value :  3.26261e-07
 Reference value :  3.28261e-07
 Reference value :  3.29761e-07
 Reference value :  3.31261e-07
 Reference value :  3.32761e-07
 Reference value :  3.34261e-07
 Reference value :  3.35761e-07
 Reference value :  3.37261e-07
 Reference value :  3.38761e-07
 Reference value :  3.40761e-07
 Reference value :  3.42261e-07
 Reference value :  3.43761e-07
 Reference value :  3.45761e-07
 Reference value :  3.47761e-07
 Reference value :  3.49761e-07
 Reference value :  3.51761e-07
 Reference value :  3.53761e-07
 Reference value :  3.55761e-07
 Reference value :  3.57761e-07
 Reference value :  3.59761e-07
 Reference value :  3.61261e-07
 Reference value :  3.63261e-07
 Reference value :  3.65261e-07
 Reference value :  3.67261e-07
 Reference value :  3.69261e-07
 Reference value :  3.71261e-07
 Reference value :  3.73261e-07
 Reference value :  3.75261e-07
 Reference value :  3.77261e-07
 Reference value :  3.79261e-07
 Reference value :  3.81261e-07
 Reference value :  3.83261e-07
 Reference value :  3.85261e-07
 Reference value :  3.87261e-07
 Reference value :  3.89261e-07
 Reference value :  3.91261e-07
 Reference value :  3.93261e-07
 Reference value :  3.95261e-07
 Reference value :  3.96761e-07
 Reference value :  3.98261e-07
 Reference value :  4.00261e-07
 Reference value :  4.02261e-07
 Reference value :  4.04261e-07
 Reference value :  4.05761e-07
 Reference value :  4.07261e-07
 Reference value :  4.09261e-07
 Reference value :  4.11261e-07
 Reference value :  4.12761e-07
 Reference value :  4.14261e-07
 Reference value :  4.15761e-07
 Reference value :  4.17261e-07
 Reference value :  4.18761e-07
 Reference value :  4.20761e-07
 Reference value :  4.22761e-07
 Reference value :  4.24761e-07
 Reference value :  4.26761e-07
 Reference value :  4.28261e-07
 Reference value :  4.30261e-07
 Reference value :  4.31761e-07
 Reference value :  4.33261e-07
 Reference value :  4.35261e-07
 Reference value :  4.37261e-07
 Reference value :  4.39261e-07
 Reference value :  4.41261e-07
 Reference value :  4.43261e-07
 Reference value :  4.44761e-07
 Reference value :  4.46261e-07
 Reference value :  4.47761e-07
 Reference value :  4.49261e-07
 Reference value :  4.50761e-07
 Reference value :  4.52261e-07
 Reference value :  4.54261e-07
 Reference value :  4.55761e-07
 Reference value :  4.57761e-07
 Reference value :  4.59761e-07
 Reference value :  4.61761e-07
 Reference value :  4.63761e-07
 Reference value :  4.65761e-07
 Reference value :  4.67761e-07
 Reference value :  4.69761e-07
 Reference value :  4.71761e-07
 Reference value :  4.73761e-07
 Reference value :  4.75761e-07
 Reference value :  4.77261e-07
 Reference value :  4.79261e-07
 Reference value :  4.81261e-07
 Reference value :  4.83261e-07
 Reference value :  4.84761e-07
 Reference value :  4.86261e-07
 Reference value :  4.87761e-07
 Reference value :  4.89261e-07
 Reference value :  4.90761e-07
 Reference value :  4.92261e-07
 Reference value :  4.93761e-07
 Reference value :  4.94761e-07
 Reference value :  4.95761e-07
 Reference value :  4.96761e-07
 Reference value :  4.97761e-07
 Reference value :  4.98761e-07
 Reference value :  4.99631e-07
No. of Data Rows : 1026
vtop_p_0            =  9.00000e-01
vtop_n_0            =  2.69717e+00
vtop_p_1            =  9.03516e-01
vtop_n_1            =  2.69367e+00
vtop_p_2            =  9.07059e-01
vtop_n_2            =  2.69018e+00
vtop_p_3            =  9.10570e-01
vtop_n_3            =  2.68661e+00
vtop_p_4            =  9.14084e-01
vtop_n_4            =  2.68302e+00
vtop_p_7            =  9.24704e-01
vtop_n_7            =  2.67259e+00
vtop_p_8            =  9.28149e-01
vtop_n_8            =  2.66895e+00
vtop_p_15           =  9.52629e-01
vtop_n_15           =  2.64412e+00
vtop_p_16           =  9.56394e-01
vtop_n_16           =  2.64099e+00
vtop_p_31           =  1.00938e+00
vtop_n_31           =  2.58806e+00
vtop_p_32           =  1.01261e+00
vtop_n_32           =  2.58451e+00
vtop_p_63           =  1.12235e+00
vtop_n_63           =  2.47573e+00
vtop_p_64           =  1.12496e+00
vtop_n_64           =  2.47259e+00
vtop_p_127          =  1.34686e+00
vtop_n_127          =  2.24994e+00
vtop_p_128          =  1.35021e+00
vtop_n_128          =  2.24816e+00
vtop_p_255          =  1.79755e+00
vtop_n_255          =  1.79788e+00
vtop_p_256          =  1.80266e+00
vtop_n_256          =  1.79645e+00
vtop_p_383          =  2.24483e+00
vtop_n_383          =  1.34985e+00
vtop_p_384          =  2.25111e+00
vtop_n_384          =  1.34723e+00
vtop_p_385          =  2.25351e+00
vtop_n_385          =  1.34372e+00
vtop_p_510          =  2.69368e+00
vtop_n_510          =  9.03505e-01
vtop_p_511          =  2.69718e+00
vtop_n_511          =  9.00000e-01
Note: Simulation executed from .control section 
