
Note: Compatibility modes selected: hs a


Circuit: * cdac-array-transfer monte carlo -- corner=tt temp=27.0c supply=1.8v seed=34 (issue #29)

option SCALE: Scale is set to 1e-06 for instance and model parameters
option SCALE: Scale is set to 1e-06 for instance and model parameters
option SCALE: Scale is set to 1e-06 for instance and model parameters
option SCALE: Scale is set to 1e-06 for instance and model parameters
Doing analysis at TEMP = 27.000000 and TNOM = 27.000000

Using KLU as Direct Linear Solver
 Reference value :  0.00000e+00
 Reference value :  4.00000e-11
 Reference value :  9.20000e-10
 Reference value :  1.14645e-09
 Reference value :  4.76663e-09
 Reference value :  1.07666e-08
 Reference value :  1.62666e-08
 Reference value :  2.17666e-08
 Reference value :  2.27666e-08
 Reference value :  2.37666e-08
 Reference value :  2.52666e-08
 Reference value :  2.67666e-08
 Reference value :  2.77666e-08
 Reference value :  2.92666e-08
 Reference value :  3.07666e-08
 Reference value :  3.22666e-08
 Reference value :  3.82666e-08
 Reference value :  4.37666e-08
 Reference value :  4.97666e-08
 Reference value :  5.67666e-08
 Reference value :  5.97666e-08
 Reference value :  6.07666e-08
 Reference value :  6.22666e-08
 Reference value :  6.32666e-08
 Reference value :  6.42666e-08
 Reference value :  6.52666e-08
 Reference value :  6.67666e-08
 Reference value :  6.92666e-08
 Reference value :  7.17666e-08
 Reference value :  7.87666e-08
 Reference value :  8.52666e-08
 Reference value :  8.82666e-08
 Reference value :  9.22666e-08
 Reference value :  9.62666e-08
 Reference value :  1.00267e-07
 Reference value :  1.02267e-07
 Reference value :  1.06767e-07
 Reference value :  1.11767e-07
 Reference value :  1.17767e-07
 Reference value :  1.24267e-07
 Reference value :  1.25767e-07
 Reference value :  1.29767e-07
 Reference value :  1.36767e-07
 Reference value :  1.43267e-07
 Reference value :  1.48267e-07
 Reference value :  1.52767e-07
 Reference value :  1.58267e-07
 Reference value :  1.60267e-07
 Reference value :  1.61767e-07
 Reference value :  1.63267e-07
 Reference value :  1.64267e-07
 Reference value :  1.65267e-07
 Reference value :  1.66767e-07
 Reference value :  1.68267e-07
 Reference value :  1.72267e-07
 Reference value :  1.77267e-07
 Reference value :  1.81767e-07
 Reference value :  1.87267e-07
 Reference value :  1.94267e-07
 Reference value :  1.96767e-07
 Reference value :  1.97767e-07
 Reference value :  1.99267e-07
 Reference value :  2.00767e-07
 Reference value :  2.02767e-07
 Reference value :  2.04767e-07
 Reference value :  2.06267e-07
 Reference value :  2.07767e-07
 Reference value :  2.10767e-07
 Reference value :  2.16267e-07
 Reference value :  2.22267e-07
 Reference value :  2.28267e-07
 Reference value :  2.32767e-07
 Reference value :  2.33767e-07
 Reference value :  2.34767e-07
 Reference value :  2.36267e-07
 Reference value :  2.37767e-07
 Reference value :  2.39267e-07
 Reference value :  2.40267e-07
 Reference value :  2.41767e-07
 Reference value :  2.43267e-07
 Reference value :  2.46767e-07
 Reference value :  2.52767e-07
 Reference value :  2.57267e-07
 Reference value :  2.61767e-07
 Reference value :  2.68767e-07
 Reference value :  2.71267e-07
 Reference value :  2.72767e-07
 Reference value :  2.74267e-07
 Reference value :  2.75767e-07
 Reference value :  2.77267e-07
 Reference value :  2.78267e-07
 Reference value :  2.79767e-07
 Reference value :  2.81267e-07
 Reference value :  2.84267e-07
 Reference value :  2.91267e-07
 Reference value :  2.95767e-07
 Reference value :  2.98267e-07
 Reference value :  3.03767e-07
 Reference value :  3.06267e-07
 Reference value :  3.08767e-07
 Reference value :  3.15267e-07
 Reference value :  3.22267e-07
 Reference value :  3.25267e-07
 Reference value :  3.29767e-07
 Reference value :  3.35767e-07
 Reference value :  3.41767e-07
 Reference value :  3.45267e-07
 Reference value :  3.50767e-07
 Reference value :  3.53767e-07
 Reference value :  3.60267e-07
 Reference value :  3.67267e-07
 Reference value :  3.73267e-07
 Reference value :  3.79267e-07
 Reference value :  3.80767e-07
 Reference value :  3.82267e-07
 Reference value :  3.83767e-07
 Reference value :  3.85267e-07
 Reference value :  3.86267e-07
 Reference value :  3.87767e-07
 Reference value :  3.88767e-07
 Reference value :  3.91267e-07
 Reference value :  3.94267e-07
 Reference value :  4.00767e-07
 Reference value :  4.06767e-07
 Reference value :  4.13767e-07
 Reference value :  4.18767e-07
 Reference value :  4.20267e-07
 Reference value :  4.21267e-07
 Reference value :  4.22767e-07
 Reference value :  4.24267e-07
 Reference value :  4.25767e-07
 Reference value :  4.26767e-07
 Reference value :  4.27767e-07
 Reference value :  4.29267e-07
 Reference value :  4.34267e-07
 Reference value :  4.40267e-07
 Reference value :  4.46767e-07
 Reference value :  4.53767e-07
 Reference value :  4.59767e-07
 Reference value :  4.65767e-07
 Reference value :  4.67267e-07
 Reference value :  4.68267e-07
 Reference value :  4.69767e-07
 Reference value :  4.70767e-07
 Reference value :  4.71767e-07
 Reference value :  4.72767e-07
 Reference value :  4.73767e-07
 Reference value :  4.77767e-07
 Reference value :  4.81767e-07
 Reference value :  4.85267e-07
 Reference value :  4.92267e-07
 Reference value :  4.98267e-07
No. of Data Rows : 1026
vtop_p_0            =  9.00000e-01
vtop_n_0            =  2.69718e+00
vtop_p_1            =  9.03508e-01
vtop_n_1            =  2.69366e+00
vtop_p_2            =  9.07041e-01
vtop_n_2            =  2.69013e+00
vtop_p_3            =  9.10549e-01
vtop_n_3            =  2.68661e+00
vtop_p_4            =  9.14099e-01
vtop_n_4            =  2.68307e+00
vtop_p_7            =  9.24647e-01
vtop_n_7            =  2.67253e+00
vtop_p_8            =  9.28193e-01
vtop_n_8            =  2.66897e+00
vtop_p_15           =  9.52838e-01
vtop_n_15           =  2.64434e+00
vtop_p_16           =  9.56344e-01
vtop_n_16           =  2.64082e+00
vtop_p_31           =  1.00918e+00
vtop_n_31           =  2.58799e+00
vtop_p_32           =  1.01261e+00
vtop_n_32           =  2.58455e+00
vtop_p_63           =  1.12179e+00
vtop_n_63           =  2.47538e+00
vtop_p_64           =  1.12512e+00
vtop_n_64           =  2.47204e+00
vtop_p_127          =  1.34691e+00
vtop_n_127          =  2.25026e+00
vtop_p_128          =  1.35013e+00
vtop_n_128          =  2.24703e+00
vtop_p_255          =  1.79703e+00
vtop_n_255          =  1.80013e+00
vtop_p_256          =  1.80013e+00
vtop_n_256          =  1.79703e+00
vtop_p_383          =  2.24703e+00
vtop_n_383          =  1.35013e+00
vtop_p_384          =  2.25026e+00
vtop_n_384          =  1.34691e+00
vtop_p_385          =  2.25377e+00
vtop_n_385          =  1.34341e+00
vtop_p_510          =  2.69366e+00
vtop_n_510          =  9.03508e-01
vtop_p_511          =  2.69718e+00
vtop_n_511          =  9.00000e-01
Note: Simulation executed from .control section 
