
Note: Compatibility modes selected: hs a


Circuit: * cdac-array-transfer monte carlo -- corner=tt temp=27.0c supply=1.8v seed=37 (issue #29)

option SCALE: Scale is set to 1e-06 for instance and model parameters
option SCALE: Scale is set to 1e-06 for instance and model parameters
option SCALE: Scale is set to 1e-06 for instance and model parameters
option SCALE: Scale is set to 1e-06 for instance and model parameters
Doing analysis at TEMP = 27.000000 and TNOM = 27.000000

Using KLU as Direct Linear Solver
 Reference value :  0.00000e+00
 Reference value :  1.00655e-09
 Reference value :  1.53156e-09
 Reference value :  7.76663e-09
 Reference value :  1.37666e-08
 Reference value :  2.07666e-08
 Reference value :  2.67666e-08
 Reference value :  3.02666e-08
 Reference value :  3.42666e-08
 Reference value :  4.12666e-08
 Reference value :  4.82666e-08
 Reference value :  5.42666e-08
 Reference value :  5.82666e-08
 Reference value :  6.42666e-08
 Reference value :  7.12666e-08
 Reference value :  7.77666e-08
 Reference value :  8.47666e-08
 Reference value :  9.02666e-08
 Reference value :  9.42666e-08
 Reference value :  1.01267e-07
 Reference value :  1.08267e-07
 Reference value :  1.15267e-07
 Reference value :  1.20267e-07
 Reference value :  1.25767e-07
 Reference value :  1.28267e-07
 Reference value :  1.35267e-07
 Reference value :  1.41767e-07
 Reference value :  1.48767e-07
 Reference value :  1.54267e-07
 Reference value :  1.57767e-07
 Reference value :  1.64267e-07
 Reference value :  1.71267e-07
 Reference value :  1.78267e-07
 Reference value :  1.84267e-07
 Reference value :  1.89267e-07
 Reference value :  1.93267e-07
 Reference value :  2.00267e-07
 Reference value :  2.06767e-07
 Reference value :  2.13767e-07
 Reference value :  2.19267e-07
 Reference value :  2.23767e-07
 Reference value :  2.30767e-07
 Reference value :  2.37767e-07
 Reference value :  2.44767e-07
 Reference value :  2.48767e-07
 Reference value :  2.55267e-07
 Reference value :  2.60767e-07
 Reference value :  2.67767e-07
 Reference value :  2.73767e-07
 Reference value :  2.80767e-07
 Reference value :  2.87767e-07
 Reference value :  2.92767e-07
 Reference value :  2.99767e-07
 Reference value :  3.02267e-07
 Reference value :  3.09267e-07
 Reference value :  3.14767e-07
 Reference value :  3.17767e-07
 Reference value :  3.23267e-07
 Reference value :  3.30267e-07
 Reference value :  3.36767e-07
 Reference value :  3.42267e-07
 Reference value :  3.47267e-07
 Reference value :  3.53767e-07
 Reference value :  3.60767e-07
 Reference value :  3.66767e-07
 Reference value :  3.70767e-07
 Reference value :  3.73267e-07
 Reference value :  3.80267e-07
 Reference value :  3.86767e-07
 Reference value :  3.93767e-07
 Reference value :  3.94767e-07
 Reference value :  3.96267e-07
 Reference value :  3.97767e-07
 Reference value :  4.04267e-07
 Reference value :  4.11267e-07
 Reference value :  4.17767e-07
 Reference value :  4.20767e-07
 Reference value :  4.25767e-07
 Reference value :  4.29767e-07
 Reference value :  4.34267e-07
 Reference value :  4.41267e-07
 Reference value :  4.47267e-07
 Reference value :  4.51767e-07
 Reference value :  4.57767e-07
 Reference value :  4.64267e-07
 Reference value :  4.71267e-07
 Reference value :  4.75767e-07
 Reference value :  4.82767e-07
 Reference value :  4.89267e-07
 Reference value :  4.96267e-07
No. of Data Rows : 1026
vtop_p_0            =  9.00000e-01
vtop_n_0            =  2.69718e+00
vtop_p_1            =  9.03508e-01
vtop_n_1            =  2.69366e+00
vtop_p_2            =  9.07041e-01
vtop_n_2            =  2.69013e+00
vtop_p_3            =  9.10549e-01
vtop_n_3            =  2.68661e+00
vtop_p_4            =  9.14099e-01
vtop_n_4            =  2.68307e+00
vtop_p_7            =  9.24647e-01
vtop_n_7            =  2.67253e+00
vtop_p_8            =  9.28193e-01
vtop_n_8            =  2.66897e+00
vtop_p_15           =  9.52838e-01
vtop_n_15           =  2.64434e+00
vtop_p_16           =  9.56344e-01
vtop_n_16           =  2.64082e+00
vtop_p_31           =  1.00918e+00
vtop_n_31           =  2.58799e+00
vtop_p_32           =  1.01261e+00
vtop_n_32           =  2.58455e+00
vtop_p_63           =  1.12179e+00
vtop_n_63           =  2.47538e+00
vtop_p_64           =  1.12512e+00
vtop_n_64           =  2.47204e+00
vtop_p_127          =  1.34691e+00
vtop_n_127          =  2.25026e+00
vtop_p_128          =  1.35013e+00
vtop_n_128          =  2.24703e+00
vtop_p_255          =  1.79703e+00
vtop_n_255          =  1.80013e+00
vtop_p_256          =  1.80013e+00
vtop_n_256          =  1.79703e+00
vtop_p_383          =  2.24703e+00
vtop_n_383          =  1.35013e+00
vtop_p_384          =  2.25026e+00
vtop_n_384          =  1.34691e+00
vtop_p_385          =  2.25377e+00
vtop_n_385          =  1.34341e+00
vtop_p_510          =  2.69366e+00
vtop_n_510          =  9.03508e-01
vtop_p_511          =  2.69718e+00
vtop_n_511          =  9.00000e-01
Note: Simulation executed from .control section 
