
Note: Compatibility modes selected: hs a


Circuit: * cdac-array-transfer monte carlo -- corner=tt temp=27.0c supply=1.8v seed=4 (issue #29)

option SCALE: Scale is set to 1e-06 for instance and model parameters
option SCALE: Scale is set to 1e-06 for instance and model parameters
option SCALE: Scale is set to 1e-06 for instance and model parameters
option SCALE: Scale is set to 1e-06 for instance and model parameters
Doing analysis at TEMP = 27.000000 and TNOM = 27.000000

Using KLU as Direct Linear Solver
 Reference value :  0.00000e+00
 Reference value :  8.00000e-11
 Reference value :  9.20000e-10
 Reference value :  9.87309e-10
 Reference value :  1.07179e-09
 Reference value :  1.10929e-09
 Reference value :  1.18248e-09
 Reference value :  1.30175e-09
 Reference value :  1.69077e-09
 Reference value :  2.76663e-09
 Reference value :  4.76663e-09
 Reference value :  6.26663e-09
 Reference value :  7.76663e-09
 Reference value :  9.26663e-09
 Reference value :  1.02666e-08
 Reference value :  1.22666e-08
 Reference value :  1.42666e-08
 Reference value :  1.62666e-08
 Reference value :  1.82666e-08
 Reference value :  2.02666e-08
 Reference value :  2.22666e-08
 Reference value :  2.42666e-08
 Reference value :  2.62666e-08
 Reference value :  2.77666e-08
 Reference value :  2.97666e-08
 Reference value :  3.07666e-08
 Reference value :  3.22666e-08
 Reference value :  3.37666e-08
 Reference value :  3.52666e-08
 Reference value :  3.67666e-08
 Reference value :  3.87666e-08
 Reference value :  4.07666e-08
 Reference value :  4.27666e-08
 Reference value :  4.47666e-08
 Reference value :  4.67666e-08
 Reference value :  4.87666e-08
 Reference value :  5.07666e-08
 Reference value :  5.27666e-08
 Reference value :  5.47666e-08
 Reference value :  5.67666e-08
 Reference value :  5.87666e-08
 Reference value :  6.07666e-08
 Reference value :  6.27666e-08
 Reference value :  6.47666e-08
 Reference value :  6.67666e-08
 Reference value :  6.87666e-08
 Reference value :  7.07666e-08
 Reference value :  7.27666e-08
 Reference value :  7.42666e-08
 Reference value :  7.62666e-08
 Reference value :  7.82666e-08
 Reference value :  8.02666e-08
 Reference value :  8.22666e-08
 Reference value :  8.42666e-08
 Reference value :  8.62666e-08
 Reference value :  8.82666e-08
 Reference value :  9.02666e-08
 Reference value :  9.22666e-08
 Reference value :  9.42666e-08
 Reference value :  9.62666e-08
 Reference value :  9.82666e-08
 Reference value :  9.97666e-08
 Reference value :  1.01767e-07
 Reference value :  1.03267e-07
 Reference value :  1.04767e-07
 Reference value :  1.05767e-07
 Reference value :  1.07267e-07
 Reference value :  1.08267e-07
 Reference value :  1.09767e-07
 Reference value :  1.11267e-07
 Reference value :  1.12267e-07
 Reference value :  1.13767e-07
 Reference value :  1.14767e-07
 Reference value :  1.16267e-07
 Reference value :  1.17767e-07
 Reference value :  1.19267e-07
 Reference value :  1.20267e-07
 Reference value :  1.21267e-07
 Reference value :  1.22267e-07
 Reference value :  1.23267e-07
 Reference value :  1.24767e-07
 Reference value :  1.25767e-07
 Reference value :  1.26767e-07
 Reference value :  1.27767e-07
 Reference value :  1.29267e-07
 Reference value :  1.31267e-07
 Reference value :  1.32267e-07
 Reference value :  1.33767e-07
 Reference value :  1.35267e-07
 Reference value :  1.36767e-07
 Reference value :  1.38767e-07
 Reference value :  1.40267e-07
 Reference value :  1.41767e-07
 Reference value :  1.43767e-07
 Reference value :  1.45267e-07
 Reference value :  1.47267e-07
 Reference value :  1.48767e-07
 Reference value :  1.50267e-07
 Reference value :  1.52267e-07
 Reference value :  1.54267e-07
 Reference value :  1.56267e-07
 Reference value :  1.57767e-07
 Reference value :  1.59267e-07
 Reference value :  1.60767e-07
 Reference value :  1.62767e-07
 Reference value :  1.64767e-07
 Reference value :  1.66267e-07
 Reference value :  1.67767e-07
 Reference value :  1.69767e-07
 Reference value :  1.71767e-07
 Reference value :  1.73267e-07
 Reference value :  1.74767e-07
 Reference value :  1.76767e-07
 Reference value :  1.78767e-07
 Reference value :  1.80767e-07
 Reference value :  1.82767e-07
 Reference value :  1.84767e-07
 Reference value :  1.86767e-07
 Reference value :  1.88267e-07
 Reference value :  1.90267e-07
 Reference value :  1.91767e-07
 Reference value :  1.92767e-07
 Reference value :  1.94767e-07
 Reference value :  1.96767e-07
 Reference value :  1.98767e-07
 Reference value :  2.00767e-07
 Reference value :  2.02767e-07
 Reference value :  2.04767e-07
 Reference value :  2.06267e-07
 Reference value :  2.08267e-07
 Reference value :  2.09767e-07
 Reference value :  2.11267e-07
 Reference value :  2.13267e-07
 Reference value :  2.15267e-07
 Reference value :  2.16767e-07
 Reference value :  2.18767e-07
 Reference value :  2.20267e-07
 Reference value :  2.22267e-07
 Reference value :  2.23767e-07
 Reference value :  2.25267e-07
 Reference value :  2.27267e-07
 Reference value :  2.29267e-07
 Reference value :  2.31267e-07
 Reference value :  2.32767e-07
 Reference value :  2.33767e-07
 Reference value :  2.34767e-07
 Reference value :  2.35767e-07
 Reference value :  2.37267e-07
 Reference value :  2.38767e-07
 Reference value :  2.40267e-07
 Reference value :  2.41767e-07
 Reference value :  2.43267e-07
 Reference value :  2.44767e-07
 Reference value :  2.46267e-07
 Reference value :  2.47767e-07
 Reference value :  2.49267e-07
 Reference value :  2.50267e-07
 Reference value :  2.51767e-07
 Reference value :  2.52767e-07
 Reference value :  2.54767e-07
 Reference value :  2.56767e-07
 Reference value :  2.58767e-07
 Reference value :  2.60767e-07
 Reference value :  2.62767e-07
 Reference value :  2.64767e-07
 Reference value :  2.65767e-07
 Reference value :  2.66767e-07
 Reference value :  2.67767e-07
 Reference value :  2.69267e-07
 Reference value :  2.70267e-07
 Reference value :  2.71267e-07
 Reference value :  2.72267e-07
 Reference value :  2.74267e-07
 Reference value :  2.75767e-07
 Reference value :  2.77267e-07
 Reference value :  2.78767e-07
 Reference value :  2.80267e-07
 Reference value :  2.82267e-07
 Reference value :  2.83767e-07
 Reference value :  2.85267e-07
 Reference value :  2.86767e-07
 Reference value :  2.88267e-07
 Reference value :  2.89767e-07
 Reference value :  2.91267e-07
 Reference value :  2.92767e-07
 Reference value :  2.94267e-07
 Reference value :  2.95767e-07
 Reference value :  2.97267e-07
 Reference value :  2.98767e-07
 Reference value :  3.00267e-07
 Reference value :  3.01767e-07
 Reference value :  3.03267e-07
 Reference value :  3.05267e-07
 Reference value :  3.07267e-07
 Reference value :  3.09267e-07
 Reference value :  3.11267e-07
 Reference value :  3.13267e-07
 Reference value :  3.14767e-07
 Reference value :  3.16267e-07
 Reference value :  3.17767e-07
 Reference value :  3.19267e-07
 Reference value :  3.20767e-07
 Reference value :  3.22267e-07
 Reference value :  3.23767e-07
 Reference value :  3.25767e-07
 Reference value :  3.27267e-07
 Reference value :  3.28767e-07
 Reference value :  3.30767e-07
 Reference value :  3.32767e-07
 Reference value :  3.34767e-07
 Reference value :  3.36767e-07
 Reference value :  3.38767e-07
 Reference value :  3.40267e-07
 Reference value :  3.42267e-07
 Reference value :  3.44267e-07
 Reference value :  3.45767e-07
 Reference value :  3.47767e-07
 Reference value :  3.49767e-07
 Reference value :  3.51767e-07
 Reference value :  3.53767e-07
 Reference value :  3.55767e-07
 Reference value :  3.57267e-07
 Reference value :  3.58767e-07
 Reference value :  3.60267e-07
 Reference value :  3.61767e-07
 Reference value :  3.63767e-07
 Reference value :  3.65267e-07
 Reference value :  3.66767e-07
 Reference value :  3.68267e-07
 Reference value :  3.69767e-07
 Reference value :  3.71267e-07
 Reference value :  3.72767e-07
 Reference value :  3.74267e-07
 Reference value :  3.75767e-07
 Reference value :  3.77267e-07
 Reference value :  3.78767e-07
 Reference value :  3.80267e-07
 Reference value :  3.81767e-07
 Reference value :  3.83267e-07
 Reference value :  3.84767e-07
 Reference value :  3.86267e-07
 Reference value :  3.87767e-07
 Reference value :  3.89267e-07
 Reference value :  3.90767e-07
 Reference value :  3.92267e-07
 Reference value :  3.93767e-07
 Reference value :  3.95267e-07
 Reference value :  3.96767e-07
 Reference value :  3.98267e-07
 Reference value :  3.99767e-07
 Reference value :  4.01267e-07
 Reference value :  4.02767e-07
 Reference value :  4.04267e-07
 Reference value :  4.05767e-07
 Reference value :  4.07267e-07
 Reference value :  4.08767e-07
 Reference value :  4.10767e-07
 Reference value :  4.12767e-07
 Reference value :  4.14767e-07
 Reference value :  4.16767e-07
 Reference value :  4.18767e-07
 Reference value :  4.20767e-07
 Reference value :  4.22767e-07
 Reference value :  4.24767e-07
 Reference value :  4.26267e-07
 Reference value :  4.27767e-07
 Reference value :  4.29267e-07
 Reference value :  4.30267e-07
 Reference value :  4.31767e-07
 Reference value :  4.33267e-07
 Reference value :  4.34767e-07
 Reference value :  4.35767e-07
 Reference value :  4.37267e-07
 Reference value :  4.38767e-07
 Reference value :  4.39767e-07
 Reference value :  4.41267e-07
 Reference value :  4.42767e-07
 Reference value :  4.44767e-07
 Reference value :  4.46767e-07
 Reference value :  4.48267e-07
 Reference value :  4.50267e-07
 Reference value :  4.51767e-07
 Reference value :  4.53267e-07
 Reference value :  4.54267e-07
 Reference value :  4.55767e-07
 Reference value :  4.56767e-07
 Reference value :  4.57767e-07
 Reference value :  4.58767e-07
 Reference value :  4.60267e-07
 Reference value :  4.61267e-07
 Reference value :  4.62767e-07
 Reference value :  4.64267e-07
 Reference value :  4.65267e-07
 Reference value :  4.66767e-07
 Reference value :  4.68267e-07
 Reference value :  4.69767e-07
 Reference value :  4.71267e-07
 Reference value :  4.72767e-07
 Reference value :  4.74767e-07
 Reference value :  4.76267e-07
 Reference value :  4.77767e-07
 Reference value :  4.79267e-07
 Reference value :  4.80767e-07
 Reference value :  4.82267e-07
 Reference value :  4.83767e-07
 Reference value :  4.85267e-07
 Reference value :  4.86767e-07
 Reference value :  4.88267e-07
 Reference value :  4.89767e-07
 Reference value :  4.91267e-07
 Reference value :  4.92767e-07
 Reference value :  4.94267e-07
 Reference value :  4.95767e-07
 Reference value :  4.97267e-07
 Reference value :  4.98767e-07
No. of Data Rows : 1026
vtop_p_0            =  9.00000e-01
vtop_n_0            =  2.69718e+00
vtop_p_1            =  9.03508e-01
vtop_n_1            =  2.69366e+00
vtop_p_2            =  9.07041e-01
vtop_n_2            =  2.69013e+00
vtop_p_3            =  9.10549e-01
vtop_n_3            =  2.68661e+00
vtop_p_4            =  9.14099e-01
vtop_n_4            =  2.68307e+00
vtop_p_7            =  9.24647e-01
vtop_n_7            =  2.67253e+00
vtop_p_8            =  9.28193e-01
vtop_n_8            =  2.66897e+00
vtop_p_15           =  9.52838e-01
vtop_n_15           =  2.64434e+00
vtop_p_16           =  9.56344e-01
vtop_n_16           =  2.64082e+00
vtop_p_31           =  1.00918e+00
vtop_n_31           =  2.58799e+00
vtop_p_32           =  1.01261e+00
vtop_n_32           =  2.58455e+00
vtop_p_63           =  1.12179e+00
vtop_n_63           =  2.47538e+00
vtop_p_64           =  1.12512e+00
vtop_n_64           =  2.47204e+00
vtop_p_127          =  1.34691e+00
vtop_n_127          =  2.25026e+00
vtop_p_128          =  1.35013e+00
vtop_n_128          =  2.24703e+00
vtop_p_255          =  1.79703e+00
vtop_n_255          =  1.80013e+00
vtop_p_256          =  1.80013e+00
vtop_n_256          =  1.79703e+00
vtop_p_383          =  2.24703e+00
vtop_n_383          =  1.35013e+00
vtop_p_384          =  2.25026e+00
vtop_n_384          =  1.34691e+00
vtop_p_385          =  2.25377e+00
vtop_n_385          =  1.34341e+00
vtop_p_510          =  2.69366e+00
vtop_n_510          =  9.03508e-01
vtop_p_511          =  2.69718e+00
vtop_n_511          =  9.00000e-01
Note: Simulation executed from .control section 
