
Note: Compatibility modes selected: hs a


Circuit: * cdac-array-transfer monte carlo -- corner=tt temp=27.0c supply=1.8v seed=1 (issue #29)

option SCALE: Scale is set to 1e-06 for instance and model parameters
option SCALE: Scale is set to 1e-06 for instance and model parameters
option SCALE: Scale is set to 1e-06 for instance and model parameters
option SCALE: Scale is set to 1e-06 for instance and model parameters
Doing analysis at TEMP = 27.000000 and TNOM = 27.000000

Using KLU as Direct Linear Solver
 Reference value :  0.00000e+00
 Reference value :  4.00000e-11
 Reference value :  9.00000e-10
 Reference value :  9.69931e-10
 Reference value :  1.00655e-09
 Reference value :  1.10000e-09
 Reference value :  1.14645e-09
 Reference value :  1.30175e-09
 Reference value :  1.69077e-09
 Reference value :  2.76663e-09
 Reference value :  4.76663e-09
 Reference value :  6.76663e-09
 Reference value :  8.26663e-09
 Reference value :  1.02666e-08
 Reference value :  1.12666e-08
 Reference value :  1.22666e-08
 Reference value :  1.37666e-08
 Reference value :  1.47666e-08
 Reference value :  1.67666e-08
 Reference value :  1.87666e-08
 Reference value :  2.07666e-08
 Reference value :  2.27666e-08
 Reference value :  2.42666e-08
 Reference value :  2.57666e-08
 Reference value :  2.72666e-08
 Reference value :  2.87666e-08
 Reference value :  3.02666e-08
 Reference value :  3.17666e-08
 Reference value :  3.27666e-08
 Reference value :  3.37666e-08
 Reference value :  3.47666e-08
 Reference value :  3.57666e-08
 Reference value :  3.67666e-08
 Reference value :  3.77666e-08
 Reference value :  3.92666e-08
 Reference value :  4.07666e-08
 Reference value :  4.22666e-08
 Reference value :  4.37666e-08
 Reference value :  4.52666e-08
 Reference value :  4.67666e-08
 Reference value :  4.77666e-08
 Reference value :  4.92666e-08
 Reference value :  5.07666e-08
 Reference value :  5.17666e-08
 Reference value :  5.27666e-08
 Reference value :  5.42666e-08
 Reference value :  5.57666e-08
 Reference value :  5.67666e-08
 Reference value :  5.82666e-08
 Reference value :  5.97666e-08
 Reference value :  6.07666e-08
 Reference value :  6.17666e-08
 Reference value :  6.27666e-08
 Reference value :  6.37666e-08
 Reference value :  6.52666e-08
 Reference value :  6.67666e-08
 Reference value :  6.87666e-08
 Reference value :  7.07666e-08
 Reference value :  7.27666e-08
 Reference value :  7.42666e-08
 Reference value :  7.62666e-08
 Reference value :  7.77666e-08
 Reference value :  7.92666e-08
 Reference value :  8.07666e-08
 Reference value :  8.22666e-08
 Reference value :  8.42666e-08
 Reference value :  8.62666e-08
 Reference value :  8.82666e-08
 Reference value :  8.97666e-08
 Reference value :  9.12666e-08
 Reference value :  9.32666e-08
 Reference value :  9.52666e-08
 Reference value :  9.67666e-08
 Reference value :  9.82666e-08
 Reference value :  9.97666e-08
 Reference value :  1.01267e-07
 Reference value :  1.02767e-07
 Reference value :  1.04267e-07
 Reference value :  1.05767e-07
 Reference value :  1.07267e-07
 Reference value :  1.08767e-07
 Reference value :  1.10767e-07
 Reference value :  1.12267e-07
 Reference value :  1.14267e-07
 Reference value :  1.15767e-07
 Reference value :  1.17767e-07
 Reference value :  1.19267e-07
 Reference value :  1.20767e-07
 Reference value :  1.22767e-07
 Reference value :  1.24267e-07
 Reference value :  1.25767e-07
 Reference value :  1.27267e-07
 Reference value :  1.28767e-07
 Reference value :  1.30267e-07
 Reference value :  1.31767e-07
 Reference value :  1.32767e-07
 Reference value :  1.34267e-07
 Reference value :  1.35267e-07
 Reference value :  1.36767e-07
 Reference value :  1.37767e-07
 Reference value :  1.39267e-07
 Reference value :  1.40767e-07
 Reference value :  1.42267e-07
 Reference value :  1.43767e-07
 Reference value :  1.45267e-07
 Reference value :  1.47267e-07
 Reference value :  1.48767e-07
 Reference value :  1.50267e-07
 Reference value :  1.51767e-07
 Reference value :  1.53767e-07
 Reference value :  1.55267e-07
 Reference value :  1.57267e-07
 Reference value :  1.58767e-07
 Reference value :  1.60267e-07
 Reference value :  1.61267e-07
 Reference value :  1.62767e-07
 Reference value :  1.64267e-07
 Reference value :  1.65767e-07
 Reference value :  1.67267e-07
 Reference value :  1.68267e-07
 Reference value :  1.69767e-07
 Reference value :  1.71267e-07
 Reference value :  1.73267e-07
 Reference value :  1.74767e-07
 Reference value :  1.75767e-07
 Reference value :  1.76767e-07
 Reference value :  1.77767e-07
 Reference value :  1.79267e-07
 Reference value :  1.80767e-07
 Reference value :  1.82267e-07
 Reference value :  1.83767e-07
 Reference value :  1.85267e-07
 Reference value :  1.86767e-07
 Reference value :  1.88267e-07
 Reference value :  1.89767e-07
 Reference value :  1.91267e-07
 Reference value :  1.92767e-07
 Reference value :  1.94267e-07
 Reference value :  1.95767e-07
 Reference value :  1.97267e-07
 Reference value :  1.98767e-07
 Reference value :  2.00767e-07
 Reference value :  2.02767e-07
 Reference value :  2.04767e-07
 Reference value :  2.05767e-07
 Reference value :  2.06767e-07
 Reference value :  2.08267e-07
 Reference value :  2.09767e-07
 Reference value :  2.10767e-07
 Reference value :  2.12267e-07
 Reference value :  2.13267e-07
 Reference value :  2.14767e-07
 Reference value :  2.16267e-07
 Reference value :  2.18267e-07
 Reference value :  2.19767e-07
 Reference value :  2.21267e-07
 Reference value :  2.22767e-07
 Reference value :  2.24767e-07
 Reference value :  2.26267e-07
 Reference value :  2.28267e-07
 Reference value :  2.30267e-07
 Reference value :  2.31767e-07
 Reference value :  2.33267e-07
 Reference value :  2.34767e-07
 Reference value :  2.36267e-07
 Reference value :  2.37767e-07
 Reference value :  2.39267e-07
 Reference value :  2.40767e-07
 Reference value :  2.42267e-07
 Reference value :  2.43767e-07
 Reference value :  2.45267e-07
 Reference value :  2.46767e-07
 Reference value :  2.48267e-07
 Reference value :  2.50267e-07
 Reference value :  2.52267e-07
 Reference value :  2.53767e-07
 Reference value :  2.55767e-07
 Reference value :  2.57267e-07
 Reference value :  2.59267e-07
 Reference value :  2.61267e-07
 Reference value :  2.63267e-07
 Reference value :  2.65267e-07
 Reference value :  2.67267e-07
 Reference value :  2.69267e-07
 Reference value :  2.71267e-07
 Reference value :  2.73267e-07
 Reference value :  2.74767e-07
 Reference value :  2.76267e-07
 Reference value :  2.77767e-07
 Reference value :  2.79267e-07
 Reference value :  2.80267e-07
 Reference value :  2.81267e-07
 Reference value :  2.82267e-07
 Reference value :  2.83267e-07
 Reference value :  2.84767e-07
 Reference value :  2.86267e-07
 Reference value :  2.88267e-07
 Reference value :  2.90267e-07
 Reference value :  2.91767e-07
 Reference value :  2.93267e-07
 Reference value :  2.95267e-07
 Reference value :  2.97267e-07
 Reference value :  2.99267e-07
 Reference value :  3.01267e-07
 Reference value :  3.02767e-07
 Reference value :  3.04267e-07
 Reference value :  3.05767e-07
 Reference value :  3.07267e-07
 Reference value :  3.08767e-07
 Reference value :  3.10267e-07
 Reference value :  3.11767e-07
 Reference value :  3.13267e-07
 Reference value :  3.14767e-07
 Reference value :  3.16767e-07
 Reference value :  3.18767e-07
 Reference value :  3.20267e-07
 Reference value :  3.21767e-07
 Reference value :  3.23767e-07
 Reference value :  3.25267e-07
 Reference value :  3.27267e-07
 Reference value :  3.29267e-07
 Reference value :  3.31267e-07
 Reference value :  3.32767e-07
 Reference value :  3.34267e-07
 Reference value :  3.35767e-07
 Reference value :  3.37767e-07
 Reference value :  3.39267e-07
 Reference value :  3.40767e-07
 Reference value :  3.42267e-07
 Reference value :  3.43767e-07
 Reference value :  3.45267e-07
 Reference value :  3.46767e-07
 Reference value :  3.48267e-07
 Reference value :  3.49767e-07
 Reference value :  3.51267e-07
 Reference value :  3.52767e-07
 Reference value :  3.54267e-07
 Reference value :  3.55767e-07
 Reference value :  3.57267e-07
 Reference value :  3.58767e-07
 Reference value :  3.60267e-07
 Reference value :  3.62267e-07
 Reference value :  3.63767e-07
 Reference value :  3.65267e-07
 Reference value :  3.66767e-07
 Reference value :  3.68267e-07
 Reference value :  3.69767e-07
 Reference value :  3.71767e-07
 Reference value :  3.73267e-07
 Reference value :  3.74767e-07
 Reference value :  3.76767e-07
 Reference value :  3.78267e-07
 Reference value :  3.80267e-07
 Reference value :  3.81267e-07
 Reference value :  3.82267e-07
 Reference value :  3.83767e-07
 Reference value :  3.85267e-07
 Reference value :  3.86767e-07
 Reference value :  3.87767e-07
 Reference value :  3.89267e-07
 Reference value :  3.91267e-07
 Reference value :  3.93267e-07
 Reference value :  3.94767e-07
 Reference value :  3.96267e-07
 Reference value :  3.97767e-07
 Reference value :  3.98767e-07
 Reference value :  3.99767e-07
 Reference value :  4.00767e-07
 Reference value :  4.01767e-07
 Reference value :  4.02767e-07
 Reference value :  4.03767e-07
 Reference value :  4.04767e-07
 Reference value :  4.06267e-07
 Reference value :  4.07267e-07
 Reference value :  4.08767e-07
 Reference value :  4.10767e-07
 Reference value :  4.12767e-07
 Reference value :  4.14767e-07
 Reference value :  4.16767e-07
 Reference value :  4.18767e-07
 Reference value :  4.20267e-07
 Reference value :  4.21767e-07
 Reference value :  4.23767e-07
 Reference value :  4.25767e-07
 Reference value :  4.27267e-07
 Reference value :  4.28767e-07
 Reference value :  4.30267e-07
 Reference value :  4.32267e-07
 Reference value :  4.33767e-07
 Reference value :  4.35267e-07
 Reference value :  4.36767e-07
 Reference value :  4.38267e-07
 Reference value :  4.39767e-07
 Reference value :  4.41267e-07
 Reference value :  4.42767e-07
 Reference value :  4.44267e-07
 Reference value :  4.45767e-07
 Reference value :  4.47267e-07
 Reference value :  4.48767e-07
 Reference value :  4.50767e-07
 Reference value :  4.52267e-07
 Reference value :  4.53767e-07
 Reference value :  4.55267e-07
 Reference value :  4.57267e-07
 Reference value :  4.58767e-07
 Reference value :  4.60767e-07
 Reference value :  4.62767e-07
 Reference value :  4.64767e-07
 Reference value :  4.66267e-07
 Reference value :  4.68267e-07
 Reference value :  4.69767e-07
 Reference value :  4.71767e-07
 Reference value :  4.73267e-07
 Reference value :  4.74767e-07
 Reference value :  4.76267e-07
 Reference value :  4.78267e-07
 Reference value :  4.79767e-07
 Reference value :  4.81267e-07
 Reference value :  4.82767e-07
 Reference value :  4.84267e-07
 Reference value :  4.85767e-07
 Reference value :  4.87267e-07
 Reference value :  4.88767e-07
 Reference value :  4.90267e-07
 Reference value :  4.91767e-07
 Reference value :  4.93767e-07
 Reference value :  4.95267e-07
 Reference value :  4.97267e-07
 Reference value :  4.99267e-07
No. of Data Rows : 1026
vtop_p_0            =  9.00000e-01
vtop_n_0            =  2.69718e+00
vtop_p_1            =  9.03508e-01
vtop_n_1            =  2.69366e+00
vtop_p_2            =  9.07041e-01
vtop_n_2            =  2.69013e+00
vtop_p_3            =  9.10549e-01
vtop_n_3            =  2.68661e+00
vtop_p_4            =  9.14099e-01
vtop_n_4            =  2.68307e+00
vtop_p_7            =  9.24647e-01
vtop_n_7            =  2.67253e+00
vtop_p_8            =  9.28193e-01
vtop_n_8            =  2.66897e+00
vtop_p_15           =  9.52838e-01
vtop_n_15           =  2.64434e+00
vtop_p_16           =  9.56344e-01
vtop_n_16           =  2.64082e+00
vtop_p_31           =  1.00918e+00
vtop_n_31           =  2.58799e+00
vtop_p_32           =  1.01261e+00
vtop_n_32           =  2.58455e+00
vtop_p_63           =  1.12179e+00
vtop_n_63           =  2.47538e+00
vtop_p_64           =  1.12512e+00
vtop_n_64           =  2.47204e+00
vtop_p_127          =  1.34691e+00
vtop_n_127          =  2.25026e+00
vtop_p_128          =  1.35013e+00
vtop_n_128          =  2.24703e+00
vtop_p_255          =  1.79703e+00
vtop_n_255          =  1.80013e+00
vtop_p_256          =  1.80013e+00
vtop_n_256          =  1.79703e+00
vtop_p_383          =  2.24703e+00
vtop_n_383          =  1.35013e+00
vtop_p_384          =  2.25026e+00
vtop_n_384          =  1.34691e+00
vtop_p_385          =  2.25377e+00
vtop_n_385          =  1.34341e+00
vtop_p_510          =  2.69366e+00
vtop_n_510          =  9.03508e-01
vtop_p_511          =  2.69718e+00
vtop_n_511          =  9.00000e-01
Note: Simulation executed from .control section 
