
Note: Compatibility modes selected: hs a


Circuit: * sim/full-conversion-transient -- end-to-end full-conversion transient

option SCALE: Scale is set to 1e-06 for instance and model parameters
option SCALE: Scale is set to 1e-06 for instance and model parameters
option SCALE: Scale is set to 1e-06 for instance and model parameters
option SCALE: Scale is set to 1e-06 for instance and model parameters
Doing analysis at TEMP = 27.000000 and TNOM = 27.000000

Using KLU as Direct Linear Solver
 Reference value :  0.00000e+00
 Reference value :  1.01400e-08
 Reference value :  2.10500e-08
 Reference value :  2.97500e-08
 Reference value :  3.92500e-08
 Reference value :  4.92500e-08
 Reference value :  5.87500e-08
 Reference value :  6.82500e-08
 Reference value :  7.77500e-08
 Reference value :  8.72500e-08
 Reference value :  9.72500e-08
 Reference value :  1.09250e-07
 Reference value :  1.18750e-07
 Reference value :  1.30250e-07
 Reference value :  1.44250e-07
 Reference value :  1.58250e-07
 Reference value :  1.72250e-07
 Reference value :  1.86750e-07
 Reference value :  1.99550e-07
 Reference value :  2.00571e-07
 Reference value :  2.01706e-07
 Reference value :  2.10112e-07
 Reference value :  2.19612e-07
 Reference value :  2.29112e-07
 Reference value :  2.39112e-07
 Reference value :  2.43105e-07
 Reference value :  2.44574e-07
 Reference value :  2.53959e-07
 Reference value :  2.63459e-07
 Reference value :  2.72959e-07
 Reference value :  2.82396e-07
 Reference value :  2.83833e-07
 Reference value :  2.85021e-07
 Reference value :  2.92523e-07
 Reference value :  3.02023e-07
 Reference value :  3.11523e-07
 Reference value :  3.21023e-07
 Reference value :  3.25787e-07
 Reference value :  3.33899e-07
 Reference value :  3.43899e-07
 Reference value :  3.53899e-07
 Reference value :  3.63399e-07
 Reference value :  3.66970e-07
 Reference value :  3.73248e-07
 Reference value :  3.83748e-07
 Reference value :  3.93748e-07
 Reference value :  4.05248e-07
 Reference value :  4.09779e-07
 Reference value :  4.11614e-07
 Reference value :  4.19049e-07
 Reference value :  4.28549e-07
 Reference value :  4.38049e-07
 Reference value :  4.47549e-07
 Reference value :  4.50294e-07
 Reference value :  4.51227e-07
 Reference value :  4.57001e-07
 Reference value :  4.66001e-07
 Reference value :  4.75501e-07
 Reference value :  4.85501e-07
 Reference value :  4.91842e-07
 Reference value :  4.97486e-07
 Reference value :  5.03986e-07
 Reference value :  5.11986e-07
 Reference value :  5.21986e-07
 Reference value :  5.31986e-07
 Reference value :  5.33860e-07
 Reference value :  5.34656e-07
 Reference value :  5.40462e-07
 Reference value :  5.49962e-07
 Reference value :  5.59462e-07
 Reference value :  5.68962e-07
 Reference value :  5.75175e-07
 Reference value :  5.80916e-07
 Reference value :  5.90416e-07
 Reference value :  5.99916e-07
 Reference value :  6.09416e-07
 Reference value :  6.16769e-07
 Reference value :  6.20213e-07
 Reference value :  6.29713e-07
 Reference value :  6.39213e-07
 Reference value :  6.48713e-07
 Reference value :  6.57883e-07
 Reference value :  6.61176e-07
 Reference value :  6.70676e-07
 Reference value :  6.80676e-07
 Reference value :  6.88676e-07
 Reference value :  6.96176e-07
 Reference value :  7.00085e-07
 Reference value :  7.01162e-07
 Reference value :  7.07424e-07
 Reference value :  7.16924e-07
 Reference value :  7.26424e-07
 Reference value :  7.36424e-07
 Reference value :  7.42208e-07
 Reference value :  7.49069e-07
 Reference value :  7.59069e-07
 Reference value :  7.69069e-07
 Reference value :  7.78069e-07
 Reference value :  7.83418e-07
 Reference value :  7.85417e-07
 Reference value :  7.95417e-07
 Reference value :  8.04917e-07
 Reference value :  8.14417e-07
 Reference value :  8.23917e-07
 Reference value :  8.26896e-07
 Reference value :  8.35854e-07
 Reference value :  8.45354e-07
 Reference value :  8.55354e-07
 Reference value :  8.64354e-07
 Reference value :  8.66751e-07
 Reference value :  8.67629e-07
 Reference value :  8.73574e-07
 Reference value :  8.83574e-07
 Reference value :  8.93574e-07
 Reference value :  9.03574e-07
 Reference value :  9.08956e-07
 Reference value :  9.15193e-07
 Reference value :  9.24693e-07
 Reference value :  9.34193e-07
 Reference value :  9.43693e-07
 Reference value :  9.50048e-07
 Reference value :  9.51391e-07
 Reference value :  9.60747e-07
 Reference value :  9.70747e-07
 Reference value :  9.80247e-07
 Reference value :  9.89747e-07
 Reference value :  9.93116e-07
 Reference value :  1.00052e-06
 Reference value :  1.01002e-06
 Reference value :  1.01952e-06
 Reference value :  1.02902e-06
 Reference value :  1.03338e-06
 Reference value :  1.03427e-06
 Reference value :  1.04157e-06
 Reference value :  1.05157e-06
 Reference value :  1.06107e-06
 Reference value :  1.07107e-06
 Reference value :  1.07582e-06
 Reference value :  1.08134e-06
 Reference value :  1.09134e-06
 Reference value :  1.10084e-06
 Reference value :  1.11034e-06
 Reference value :  1.11671e-06
 Reference value :  1.11767e-06
 Reference value :  1.12470e-06
 Reference value :  1.13420e-06
 Reference value :  1.14420e-06
 Reference value :  1.15370e-06
 Reference value :  1.15912e-06
 Reference value :  1.16273e-06
 Reference value :  1.17323e-06
 Reference value :  1.18273e-06
 Reference value :  1.19273e-06
 Reference value :  1.20008e-06
 Reference value :  1.20105e-06
 Reference value :  1.20791e-06
 Reference value :  1.21791e-06
 Reference value :  1.22791e-06
 Reference value :  1.23741e-06
 Reference value :  1.24245e-06
 Reference value :  1.24555e-06
 Reference value :  1.25505e-06
 Reference value :  1.26505e-06
 Reference value :  1.27505e-06
 Reference value :  1.28342e-06
 Reference value :  1.28443e-06
 Reference value :  1.28890e-06
 Reference value :  1.29840e-06
 Reference value :  1.30840e-06
 Reference value :  1.31840e-06
 Reference value :  1.32517e-06
 Reference value :  1.32971e-06
 Reference value :  1.33471e-06
 Reference value :  1.34421e-06
 Reference value :  1.35521e-06
 Reference value :  1.36471e-06
 Reference value :  1.36717e-06
 Reference value :  1.36858e-06
 Reference value :  1.37679e-06
 Reference value :  1.38629e-06
 Reference value :  1.39579e-06
 Reference value :  1.40579e-06
 Reference value :  1.40980e-06
 Reference value :  1.41930e-06
 Reference value :  1.43080e-06
 Reference value :  1.44080e-06
 Reference value :  1.44955e-06
 Reference value :  1.45052e-06
 Reference value :  1.45755e-06
 Reference value :  1.46705e-06
 Reference value :  1.47705e-06
 Reference value :  1.48755e-06
 Reference value :  1.49278e-06
 Reference value :  1.50109e-06
 Reference value :  1.51109e-06
 Reference value :  1.52059e-06
 Reference value :  1.53159e-06
 Reference value :  1.53383e-06
 Reference value :  1.53889e-06
 Reference value :  1.54889e-06
 Reference value :  1.55889e-06
 Reference value :  1.56889e-06
 Reference value :  1.57550e-06
 Reference value :  1.58032e-06
 Reference value :  1.58782e-06
 Reference value :  1.59482e-06
 Reference value :  1.60582e-06
 Reference value :  1.61532e-06
 Reference value :  1.61719e-06
 Reference value :  1.61817e-06
 Reference value :  1.62430e-06
 Reference value :  1.63430e-06
 Reference value :  1.64430e-06
 Reference value :  1.65430e-06
 Reference value :  1.65912e-06
 Reference value :  1.66568e-06
 Reference value :  1.67518e-06
 Reference value :  1.68668e-06
 Reference value :  1.69418e-06
 Reference value :  1.70008e-06
 Reference value :  1.70101e-06
 Reference value :  1.70689e-06
 Reference value :  1.71639e-06
 Reference value :  1.72589e-06
 Reference value :  1.73539e-06
 Reference value :  1.74184e-06
 Reference value :  1.74757e-06
 Reference value :  1.75757e-06
 Reference value :  1.76707e-06
 Reference value :  1.77707e-06
 Reference value :  1.78342e-06
 Reference value :  1.78555e-06
 Reference value :  1.79505e-06
 Reference value :  1.80505e-06
 Reference value :  1.81455e-06
 Reference value :  1.82450e-06
 Reference value :  1.82736e-06
 Reference value :  1.83686e-06
 Reference value :  1.84686e-06
 Reference value :  1.85636e-06
 Reference value :  1.86617e-06
 Reference value :  1.86694e-06
 Reference value :  1.86859e-06
 Reference value :  1.87909e-06
 Reference value :  1.89059e-06
 Reference value :  1.90059e-06
 Reference value :  1.90851e-06
 Reference value :  1.91319e-06
 Reference value :  1.92269e-06
 Reference value :  1.93319e-06
 Reference value :  1.94319e-06
 Reference value :  1.94869e-06
 Reference value :  1.95032e-06
 Reference value :  1.95100e-06
 Reference value :  1.95394e-06
 Reference value :  1.96294e-06
 Reference value :  1.97244e-06
 Reference value :  1.98194e-06
 Reference value :  1.99117e-06
 Reference value :  1.99356e-06
 Reference value :  2.00302e-06
 Reference value :  2.01302e-06
 Reference value :  2.02252e-06
 Reference value :  2.03298e-06
 Reference value :  2.03432e-06
 Reference value :  2.04529e-06
 Reference value :  2.05529e-06
 Reference value :  2.06529e-06
 Reference value :  2.07450e-06
 Reference value :  2.07690e-06
 Reference value :  2.08584e-06
 Reference value :  2.09534e-06
 Reference value :  2.10484e-06
 Reference value :  2.11434e-06
 Reference value :  2.11671e-06
 Reference value :  2.11755e-06
 Reference value :  2.12231e-06
 Reference value :  2.13231e-06
 Reference value :  2.14281e-06
 Reference value :  2.15281e-06
 Reference value :  2.15896e-06
 Reference value :  2.16149e-06
 Reference value :  2.17044e-06
 Reference value :  2.17994e-06
 Reference value :  2.18944e-06
 Reference value :  2.19894e-06
 Reference value :  2.20050e-06
 Reference value :  2.20105e-06
 Reference value :  2.20804e-06
 Reference value :  2.21804e-06
 Reference value :  2.22804e-06
 Reference value :  2.23804e-06
 Reference value :  2.24278e-06
 Reference value :  2.24443e-06
 Reference value :  2.25284e-06
 Reference value :  2.26284e-06
 Reference value :  2.27234e-06
 Reference value :  2.28234e-06
 Reference value :  2.28386e-06
 Reference value :  2.28551e-06
 Reference value :  2.29650e-06
 Reference value :  2.30650e-06
 Reference value :  2.31600e-06
 Reference value :  2.32465e-06
 Reference value :  2.33131e-06
 Reference value :  2.34131e-06
 Reference value :  2.35081e-06
 Reference value :  2.36081e-06
 Reference value :  2.36675e-06
 Reference value :  2.36822e-06
 Reference value :  2.37819e-06
 Reference value :  2.38819e-06
 Reference value :  2.39819e-06
 Reference value :  2.40783e-06
 Reference value :  2.41022e-06
 Reference value :  2.41816e-06
 Reference value :  2.42766e-06
 Reference value :  2.43716e-06
 Reference value :  2.44666e-06
 Reference value :  2.45029e-06
 Reference value :  2.45254e-06
 Reference value :  2.46354e-06
 Reference value :  2.47304e-06
 Reference value :  2.48254e-06
 Reference value :  2.49132e-06
 Reference value :  2.49376e-06
 Reference value :  2.49578e-06
 Reference value :  2.50378e-06
 Reference value :  2.51328e-06
 Reference value :  2.52328e-06
 Reference value :  2.53283e-06
 Reference value :  2.53391e-06
 Reference value :  2.53480e-06
 Reference value :  2.54196e-06
 Reference value :  2.55196e-06
 Reference value :  2.56196e-06
 Reference value :  2.57146e-06
 Reference value :  2.57612e-06
 Reference value :  2.57923e-06
 Reference value :  2.58773e-06
 Reference value :  2.59723e-06
 Reference value :  2.60723e-06
 Reference value :  2.61622e-06
 Reference value :  2.61735e-06
 Reference value :  2.61831e-06
 Reference value :  2.62522e-06
 Reference value :  2.63472e-06
 Reference value :  2.64622e-06
 Reference value :  2.65722e-06
 Reference value :  2.66022e-06
 Reference value :  2.66466e-06
 Reference value :  2.67366e-06
 Reference value :  2.68366e-06
 Reference value :  2.69316e-06
 Reference value :  2.70008e-06
 Reference value :  2.70095e-06
 Reference value :  2.70607e-06
 Reference value :  2.71607e-06
 Reference value :  2.72607e-06
 Reference value :  2.73607e-06
 Reference value :  2.74217e-06
 Reference value :  2.74700e-06
 Reference value :  2.75200e-06
 Reference value :  2.76200e-06
 Reference value :  2.77150e-06
 Reference value :  2.78200e-06
 Reference value :  2.78383e-06
 Reference value :  2.78472e-06
 Reference value :  2.79333e-06
 Reference value :  2.80333e-06
 Reference value :  2.81283e-06
 Reference value :  2.82283e-06
 Reference value :  2.82689e-06
 Reference value :  2.83233e-06
 Reference value :  2.83983e-06
 Reference value :  2.84983e-06
 Reference value :  2.85933e-06
 Reference value :  2.86675e-06
 Reference value :  2.86757e-06
 Reference value :  2.86851e-06
 Reference value :  2.87765e-06
 Reference value :  2.88865e-06
 Reference value :  2.89865e-06
 Reference value :  2.90798e-06
 Reference value :  2.91116e-06
 Reference value :  2.91766e-06
 Reference value :  2.92666e-06
 Reference value :  2.93766e-06
 Reference value :  2.94766e-06
 Reference value :  2.95021e-06
 Reference value :  2.95095e-06
 Reference value :  2.95259e-06
 Reference value :  2.96209e-06
 Reference value :  2.97259e-06
 Reference value :  2.98359e-06
 Reference value :  2.99184e-06
 Reference value :  2.99600e-06
 Reference value :  3.00100e-06
 Reference value :  3.01100e-06
 Reference value :  3.02100e-06
 Reference value :  3.03100e-06
 Reference value :  3.03383e-06
 Reference value :  3.03632e-06
 Reference value :  3.04632e-06
 Reference value :  3.05632e-06
 Reference value :  3.06632e-06
 Reference value :  3.07465e-06
 Reference value :  3.07688e-06
 Reference value :  3.08432e-06
 Reference value :  3.09332e-06
 Reference value :  3.10282e-06
 Reference value :  3.11382e-06
 Reference value :  3.11671e-06
 Reference value :  3.11759e-06
 Reference value :  3.12254e-06
 Reference value :  3.13254e-06
 Reference value :  3.14204e-06
 Reference value :  3.15204e-06
 Reference value :  3.15887e-06
 Reference value :  3.16166e-06
 Reference value :  3.17094e-06
 Reference value :  3.18094e-06
 Reference value :  3.19094e-06
 Reference value :  3.19965e-06
 Reference value :  3.20066e-06
 Reference value :  3.20463e-06
 Reference value :  3.21513e-06
 Reference value :  3.22513e-06
 Reference value :  3.23513e-06
 Reference value :  3.24184e-06
 Reference value :  3.24412e-06
 Reference value :  3.25134e-06
 Reference value :  3.26134e-06
 Reference value :  3.27184e-06
 Reference value :  3.28234e-06
 Reference value :  3.28363e-06
 Reference value :  3.28482e-06
 Reference value :  3.29426e-06
 Reference value :  3.30526e-06
 Reference value :  3.31626e-06
 Reference value :  3.32465e-06
 Reference value :  3.32744e-06
 Reference value :  3.33366e-06
 Reference value :  3.34316e-06
 Reference value :  3.35316e-06
 Reference value :  3.36316e-06
 Reference value :  3.36696e-06
 Reference value :  3.36779e-06
 Reference value :  3.37237e-06
 Reference value :  3.38137e-06
 Reference value :  3.39137e-06
 Reference value :  3.40137e-06
 Reference value :  3.40851e-06
 Reference value :  3.41077e-06
 Reference value :  3.41646e-06
 Reference value :  3.42546e-06
 Reference value :  3.43496e-06
 Reference value :  3.44496e-06
 Reference value :  3.45009e-06
 Reference value :  3.45104e-06
 Reference value :  3.45421e-06
 Reference value :  3.46221e-06
 Reference value :  3.47221e-06
 Reference value :  3.48271e-06
 Reference value :  3.49152e-06
 Reference value :  3.49411e-06
 Reference value :  3.49931e-06
 Reference value :  3.50831e-06
 Reference value :  3.51781e-06
 Reference value :  3.52781e-06
 Reference value :  3.53342e-06
 Reference value :  3.53436e-06
 Reference value :  3.53807e-06
 Reference value :  3.54657e-06
 Reference value :  3.55657e-06
 Reference value :  3.56657e-06
 Reference value :  3.57485e-06
 Reference value :  3.57746e-06
 Reference value :  3.58316e-06
 Reference value :  3.59216e-06
 Reference value :  3.60166e-06
 Reference value :  3.61166e-06
 Reference value :  3.61675e-06
 Reference value :  3.61769e-06
 Reference value :  3.62192e-06
 Reference value :  3.63092e-06
 Reference value :  3.64042e-06
 Reference value :  3.65042e-06
 Reference value :  3.65851e-06
 Reference value :  3.66079e-06
 Reference value :  3.66535e-06
 Reference value :  3.67485e-06
 Reference value :  3.68435e-06
 Reference value :  3.69435e-06
 Reference value :  3.70008e-06
 Reference value :  3.70103e-06
 Reference value :  3.70471e-06
 Reference value :  3.71321e-06
 Reference value :  3.72271e-06
 Reference value :  3.73221e-06
 Reference value :  3.74122e-06
 Reference value :  3.74382e-06
 Reference value :  3.74472e-06
 Reference value :  3.75282e-06
 Reference value :  3.76282e-06
 Reference value :  3.77232e-06
 Reference value :  3.78232e-06
 Reference value :  3.78383e-06
 Reference value :  3.78443e-06
 Reference value :  3.78907e-06
 Reference value :  3.79857e-06
 Reference value :  3.80907e-06
 Reference value :  3.81907e-06
 Reference value :  3.82550e-06
 Reference value :  3.82748e-06
 Reference value :  3.83064e-06
 Reference value :  3.83964e-06
 Reference value :  3.84964e-06
 Reference value :  3.86164e-06
 Reference value :  3.86671e-06
 Reference value :  3.86759e-06
 Reference value :  3.87011e-06
 Reference value :  3.87861e-06
 Reference value :  3.88861e-06
 Reference value :  3.89861e-06
 Reference value :  3.90788e-06
 Reference value :  3.91051e-06
 Reference value :  3.91205e-06
 Reference value :  3.92195e-06
 Reference value :  3.93195e-06
 Reference value :  3.94195e-06
 Reference value :  3.95000e-06
 Reference value :  3.95050e-06
 Reference value :  3.95252e-06
 Reference value :  3.96202e-06
 Reference value :  3.97152e-06
 Reference value :  3.98202e-06
 Reference value :  3.99117e-06
 Reference value :  3.99384e-06
 Reference value :  3.99519e-06
 Reference value :  4.00436e-06
 Reference value :  4.01436e-06
 Reference value :  4.02436e-06
 Reference value :  4.03298e-06
 Reference value :  4.03406e-06
 Reference value :  4.04083e-06
 Reference value :  4.05033e-06
 Reference value :  4.05983e-06
 Reference value :  4.06933e-06
 Reference value :  4.07550e-06
 Reference value :  4.07748e-06
 Reference value :  4.08316e-06
 Reference value :  4.09316e-06
 Reference value :  4.10316e-06
 Reference value :  4.11316e-06
 Reference value :  4.11671e-06
 Reference value :  4.11764e-06
 Reference value :  4.12421e-06
 Reference value :  4.13471e-06
 Reference value :  4.14471e-06
 Reference value :  4.15471e-06
 Reference value :  4.15945e-06
 Reference value :  4.16251e-06
 Reference value :  4.17151e-06
 Reference value :  4.18101e-06
 Reference value :  4.19051e-06
 Reference value :  4.19955e-06
 Reference value :  4.20052e-06
 Reference value :  4.20212e-06
 Reference value :  4.21162e-06
 Reference value :  4.22162e-06
 Reference value :  4.23112e-06
 Reference value :  4.24089e-06
 Reference value :  4.24340e-06
 Reference value :  4.24983e-06
 Reference value :  4.25983e-06
 Reference value :  4.27033e-06
 Reference value :  4.27983e-06
 Reference value :  4.28363e-06
 Reference value :  4.28718e-06
 Reference value :  4.29718e-06
 Reference value :  4.30718e-06
 Reference value :  4.31718e-06
 Reference value :  4.32517e-06
 Reference value :  4.32981e-06
 Reference value :  4.33481e-06
 Reference value :  4.34331e-06
 Reference value :  4.35281e-06
 Reference value :  4.36231e-06
 Reference value :  4.36675e-06
 Reference value :  4.36769e-06
 Reference value :  4.37094e-06
 Reference value :  4.37944e-06
 Reference value :  4.38894e-06
 Reference value :  4.39844e-06
 Reference value :  4.40783e-06
 Reference value :  4.41022e-06
 Reference value :  4.41866e-06
 Reference value :  4.42866e-06
 Reference value :  4.43866e-06
 Reference value :  4.44866e-06
 Reference value :  4.45053e-06
 Reference value :  4.45534e-06
 Reference value :  4.46534e-06
 Reference value :  4.47534e-06
 Reference value :  4.48534e-06
 Reference value :  4.49217e-06
 Reference value :  4.49798e-06
 Reference value :  4.50298e-06
 Reference value :  4.51248e-06
 Reference value :  4.52198e-06
 Reference value :  4.53148e-06
 Reference value :  4.53383e-06
 Reference value :  4.53445e-06
 Reference value :  4.53911e-06
 Reference value :  4.54861e-06
 Reference value :  4.55811e-06
 Reference value :  4.56761e-06
 Reference value :  4.57517e-06
 Reference value :  4.57932e-06
 Reference value :  4.58482e-06
 Reference value :  4.59332e-06
 Reference value :  4.60332e-06
 Reference value :  4.61282e-06
 Reference value :  4.61675e-06
 Reference value :  4.61768e-06
 Reference value :  4.62095e-06
 Reference value :  4.62995e-06
 Reference value :  4.63995e-06
 Reference value :  4.64945e-06
 Reference value :  4.65798e-06
 Reference value :  4.66116e-06
 Reference value :  4.66666e-06
 Reference value :  4.67416e-06
 Reference value :  4.68416e-06
 Reference value :  4.69366e-06
 Reference value :  4.70008e-06
 Reference value :  4.70101e-06
 Reference value :  4.70467e-06
 Reference value :  4.71367e-06
 Reference value :  4.72317e-06
 Reference value :  4.73267e-06
 Reference value :  4.74152e-06
 Reference value :  4.74499e-06
 Reference value :  4.74999e-06
 Reference value :  4.75749e-06
 Reference value :  4.76749e-06
 Reference value :  4.77699e-06
 Reference value :  4.78342e-06
 Reference value :  4.78434e-06
 Reference value :  4.78856e-06
 Reference value :  4.79756e-06
 Reference value :  4.80756e-06
 Reference value :  4.81756e-06
 Reference value :  4.82517e-06
 Reference value :  4.82983e-06
 Reference value :  4.83483e-06
 Reference value :  4.84233e-06
 Reference value :  4.85183e-06
 Reference value :  4.86133e-06
 Reference value :  4.86671e-06
 Reference value :  4.86758e-06
 Reference value :  4.86947e-06
 Reference value :  4.87747e-06
 Reference value :  4.88747e-06
 Reference value :  4.89747e-06
 Reference value :  4.90697e-06
 Reference value :  4.91022e-06
 Reference value :  4.91816e-06
 Reference value :  4.92766e-06
 Reference value :  4.93716e-06
 Reference value :  4.94666e-06
 Reference value :  4.95032e-06
 Reference value :  4.95109e-06
 Reference value :  4.96021e-06
 Reference value :  4.97021e-06
 Reference value :  4.97971e-06
 Reference value :  4.98921e-06
 Reference value :  4.99312e-06
 Reference value :  5.00000e-06
 Reference value :  5.00700e-06
 Reference value :  5.01700e-06
 Reference value :  5.02650e-06
 Reference value :  5.03338e-06
 Reference value :  5.03426e-06
 Reference value :  5.03956e-06
 Reference value :  5.04906e-06
 Reference value :  5.05956e-06
 Reference value :  5.06956e-06
 Reference value :  5.07555e-06
 Reference value :  5.07982e-06
 Reference value :  5.08832e-06
 Reference value :  5.09832e-06
 Reference value :  5.10782e-06
 Reference value :  5.11632e-06
 Reference value :  5.11719e-06
 Reference value :  5.11898e-06
 Reference value :  5.12848e-06
 Reference value :  5.13798e-06
 Reference value :  5.14848e-06
 Reference value :  5.15912e-06
 Reference value :  5.16922e-06
 Reference value :  5.18422e-06
 Reference value :  5.19911e-06
 Reference value :  5.20105e-06
 Reference value :  5.21401e-06
 Reference value :  5.22851e-06
 Reference value :  5.24132e-06
 Reference value :  5.24804e-06
 Reference value :  5.25754e-06
 Reference value :  5.26754e-06
 Reference value :  5.27704e-06
 Reference value :  5.28342e-06
 Reference value :  5.28508e-06
 Reference value :  5.29508e-06
 Reference value :  5.30458e-06
 Reference value :  5.31408e-06
 Reference value :  5.32404e-06
 Reference value :  5.32681e-06
 Reference value :  5.33571e-06
 Reference value :  5.34571e-06
 Reference value :  5.35571e-06
 Reference value :  5.36632e-06
 Reference value :  5.36764e-06
 Reference value :  5.37554e-06
 Reference value :  5.38554e-06
 Reference value :  5.39554e-06
 Reference value :  5.40554e-06
 Reference value :  5.40980e-06
 Reference value :  5.41880e-06
 Reference value :  5.42880e-06
 Reference value :  5.43930e-06
 Reference value :  5.44880e-06
 Reference value :  5.45052e-06
 Reference value :  5.45806e-06
 Reference value :  5.46856e-06
 Reference value :  5.47856e-06
 Reference value :  5.48856e-06
 Reference value :  5.49278e-06
 Reference value :  5.50224e-06
 Reference value :  5.51224e-06
 Reference value :  5.52224e-06
 Reference value :  5.53174e-06
 Reference value :  5.53383e-06
 Reference value :  5.54094e-06
 Reference value :  5.55044e-06
 Reference value :  5.56044e-06
 Reference value :  5.57094e-06
 Reference value :  5.57579e-06
 Reference value :  5.58457e-06
 Reference value :  5.59457e-06
 Reference value :  5.60407e-06
 Reference value :  5.61357e-06
 Reference value :  5.61697e-06
 Reference value :  5.62378e-06
 Reference value :  5.63378e-06
 Reference value :  5.64328e-06
 Reference value :  5.65328e-06
 Reference value :  5.65887e-06
 Reference value :  5.66640e-06
 Reference value :  5.67640e-06
 Reference value :  5.68640e-06
 Reference value :  5.69640e-06
 Reference value :  5.70030e-06
 Reference value :  5.70566e-06
 Reference value :  5.71616e-06
 Reference value :  5.72616e-06
 Reference value :  5.73616e-06
 Reference value :  5.74217e-06
 Reference value :  5.74923e-06
 Reference value :  5.75923e-06
 Reference value :  5.76923e-06
 Reference value :  5.77873e-06
 Reference value :  5.78342e-06
 Reference value :  5.78798e-06
 Reference value :  5.79798e-06
 Reference value :  5.80798e-06
 Reference value :  5.81748e-06
 Reference value :  5.82517e-06
 Reference value :  5.83206e-06
 Reference value :  5.84206e-06
 Reference value :  5.85206e-06
 Reference value :  5.86156e-06
 Reference value :  5.86675e-06
 Reference value :  5.86909e-06
 Reference value :  5.87859e-06
 Reference value :  5.88859e-06
 Reference value :  5.89859e-06
 Reference value :  5.90788e-06
 Reference value :  5.91240e-06
 Reference value :  5.92240e-06
 Reference value :  5.93240e-06
 Reference value :  5.94290e-06
 Reference value :  5.95008e-06
 Reference value :  5.95270e-06
 Reference value :  5.96270e-06
 Reference value :  5.97270e-06
 Reference value :  5.98270e-06
 Reference value :  5.99132e-06
 Reference value :  5.99623e-06
 Reference value :  6.00573e-06
 Reference value :  6.01573e-06
 Reference value :  6.02523e-06
 Reference value :  6.03318e-06
 Reference value :  6.03445e-06
 Reference value :  6.04370e-06
 Reference value :  6.05370e-06
 Reference value :  6.06370e-06
 Reference value :  6.07370e-06
 Reference value :  6.07760e-06
 Reference value :  6.08760e-06
 Reference value :  6.09710e-06
 Reference value :  6.10710e-06
 Reference value :  6.11622e-06
 Reference value :  6.11705e-06
 Reference value :  6.11775e-06
 Reference value :  6.12543e-06
 Reference value :  6.13543e-06
 Reference value :  6.14543e-06
 Reference value :  6.15593e-06
 Reference value :  6.16008e-06
 Reference value :  6.16821e-06
 Reference value :  6.17821e-06
 Reference value :  6.18771e-06
 Reference value :  6.19721e-06
 Reference value :  6.20029e-06
 Reference value :  6.20157e-06
 Reference value :  6.21101e-06
 Reference value :  6.22101e-06
 Reference value :  6.23051e-06
 Reference value :  6.24001e-06
 Reference value :  6.24341e-06
 Reference value :  6.25104e-06
 Reference value :  6.26104e-06
 Reference value :  6.27104e-06
 Reference value :  6.28104e-06
No. of Data Rows : 14111

  Measurements for Transient Analysis

d9_c1               =  -5.11092e-07
d8_c1               =  1.80000e+00
d7_c1               =  -9.72373e-07
d6_c1               =  -9.72388e-07
d5_c1               =  1.80000e+00
d4_c1               =  1.80000e+00
d3_c1               =  -9.76867e-07
d2_c1               =  -9.55566e-07
d1_c1               =  1.80000e+00
d0_c1               =  1.80000e+00
d9_c2               =  -5.08589e-07
d8_c2               =  -8.07979e-07
d7_c2               =  -8.07759e-07
d6_c2               =  1.80000e+00
d5_c2               =  1.80000e+00
d4_c2               =  1.80000e+00
d3_c2               =  1.80000e+00
d2_c2               =  1.80000e+00
d1_c2               =  1.80000e+00
d0_c2               =  1.80000e+00
d9_c3               =  1.80000e+00
d8_c3               =  -9.80253e-07
d7_c3               =  -9.79243e-07
d6_c3               =  -9.79206e-07
d5_c3               =  -9.79219e-07
d4_c3               =  -9.80619e-07
d3_c3               =  -9.80518e-07
d2_c3               =  -9.76987e-07
d1_c3               =  1.80000e+00
d0_c3               =  1.80000e+00
d9_c4               =  1.80001e+00
d8_c4               =  -9.82731e-07
d7_c4               =  1.80000e+00
d6_c4               =  -9.83312e-07
d5_c4               =  -9.83016e-07
d4_c4               =  -9.84267e-07
d3_c4               =  -9.84429e-07
d2_c4               =  -9.78761e-07
d1_c4               =  1.80000e+00
d0_c4               =  -2.62619e-06
d9_c5               =  1.80000e+00
d8_c5               =  1.80000e+00
d7_c5               =  1.80000e+00
d6_c5               =  1.80000e+00
d5_c5               =  1.80000e+00
d4_c5               =  1.80000e+00
d3_c5               =  1.80000e+00
d2_c5               =  1.80000e+00
d1_c5               =  1.80000e+00
d0_c5               =  1.80000e+00
busy_c1_p0          =  1.80000e+00
smpl_c1_p0          =  -2.35975e-04
busy_c1_p1          =  1.80000e+00
smpl_c1_p1          =  -1.29158e-05
busy_c1_p2          =  1.80000e+00
smpl_c1_p2          =  -7.69394e-06
busy_c1_p3          =  1.80000e+00
smpl_c1_p3          =  -1.27375e-05
busy_c1_p4          =  1.80000e+00
smpl_c1_p4          =  -1.27502e-05
busy_c1_p5          =  1.80000e+00
smpl_c1_p5          =  -1.27567e-05
busy_c1_p6          =  1.80000e+00
smpl_c1_p6          =  -1.27762e-05
busy_c1_p7          =  1.80000e+00
smpl_c1_p7          =  -1.27731e-05
busy_c1_p8          =  1.80000e+00
smpl_c1_p8          =  -1.27542e-05
busy_c1_p9          =  1.80000e+00
smpl_c1_p9          =  -1.27664e-05
busy_c1_p10         =  1.80000e+00
smpl_c1_p10         =  -1.27644e-05
busy_c1_p11         =  -6.86524e-07
smpl_c1_p11         =  1.80010e+00
busy_c2_p0          =  1.80000e+00
smpl_c2_p0          =  -2.36076e-04
busy_c2_p1          =  1.80000e+00
smpl_c2_p1          =  -1.26329e-05
busy_c2_p2          =  1.80000e+00
smpl_c2_p2          =  -1.24809e-05
busy_c2_p3          =  1.80000e+00
smpl_c2_p3          =  -1.26051e-05
busy_c2_p4          =  1.80000e+00
smpl_c2_p4          =  -1.25633e-05
busy_c2_p5          =  1.80000e+00
smpl_c2_p5          =  -1.25287e-05
busy_c2_p6          =  1.80000e+00
smpl_c2_p6          =  -1.25200e-05
busy_c2_p7          =  1.80000e+00
smpl_c2_p7          =  -1.25139e-05
busy_c2_p8          =  1.80000e+00
smpl_c2_p8          =  -1.25067e-05
busy_c2_p9          =  1.80000e+00
smpl_c2_p9          =  -1.25118e-05
busy_c2_p10         =  1.80000e+00
smpl_c2_p10         =  -1.25073e-05
busy_c2_p11         =  3.41438e-07
smpl_c2_p11         =  1.80010e+00
busy_c3_p0          =  1.80000e+00
smpl_c3_p0          =  -2.35937e-04
busy_c3_p1          =  1.80000e+00
smpl_c3_p1          =  -1.26057e-05
busy_c3_p2          =  1.80000e+00
smpl_c3_p2          =  -1.26193e-05
busy_c3_p3          =  1.80000e+00
smpl_c3_p3          =  -1.25550e-05
busy_c3_p4          =  1.80000e+00
smpl_c3_p4          =  -1.24562e-05
busy_c3_p5          =  1.80000e+00
smpl_c3_p5          =  -1.23794e-05
busy_c3_p6          =  1.80000e+00
smpl_c3_p6          =  -1.23500e-05
busy_c3_p7          =  1.80000e+00
smpl_c3_p7          =  -1.23334e-05
busy_c3_p8          =  1.80000e+00
smpl_c3_p8          =  -1.23259e-05
busy_c3_p9          =  1.80000e+00
smpl_c3_p9          =  -1.23278e-05
busy_c3_p10         =  1.80000e+00
smpl_c3_p10         =  -1.23322e-05
busy_c3_p11         =  4.07872e-08
smpl_c3_p11         =  1.80010e+00
busy_c4_p0          =  1.80000e+00
smpl_c4_p0          =  -2.36208e-04
busy_c4_p1          =  1.80000e+00
smpl_c4_p1          =  -1.26361e-05
busy_c4_p2          =  1.80000e+00
smpl_c4_p2          =  -1.24736e-05
busy_c4_p3          =  1.80000e+00
smpl_c4_p3          =  -1.26315e-05
busy_c4_p4          =  1.80000e+00
smpl_c4_p4          =  -1.25472e-05
busy_c4_p5          =  1.80000e+00
smpl_c4_p5          =  -1.24873e-05
busy_c4_p6          =  1.80000e+00
smpl_c4_p6          =  -1.24715e-05
busy_c4_p7          =  1.80000e+00
smpl_c4_p7          =  -1.24595e-05
busy_c4_p8          =  1.80000e+00
smpl_c4_p8          =  -1.24559e-05
busy_c4_p9          =  1.80000e+00
smpl_c4_p9          =  -1.24594e-05
busy_c4_p10         =  1.80000e+00
smpl_c4_p10         =  -1.24610e-05
busy_c4_p11         =  4.05785e-06
smpl_c4_p11         =  1.80010e+00
busy_c5_p0          =  1.80000e+00
smpl_c5_p0          =  -2.36225e-04
busy_c5_p1          =  1.80000e+00
smpl_c5_p1          =  -1.29301e-05
busy_c5_p2          =  1.80000e+00
smpl_c5_p2          =  -7.70633e-06
busy_c5_p3          =  1.80000e+00
smpl_c5_p3          =  -6.63912e-06
busy_c5_p4          =  1.80000e+00
smpl_c5_p4          =  -7.52857e-06
busy_c5_p5          =  1.80000e+00
smpl_c5_p5          =  -8.76206e-06
busy_c5_p6          =  1.80000e+00
smpl_c5_p6          =  -9.96108e-06
busy_c5_p7          =  1.80000e+00
smpl_c5_p7          =  -1.07933e-05
busy_c5_p8          =  1.80000e+00
smpl_c5_p8          =  -1.13115e-05
busy_c5_p9          =  1.80000e+00
smpl_c5_p9          =  -1.16237e-05
busy_c5_p10         =  1.80000e+00
smpl_c5_p10         =  -1.18755e-05
busy_c5_p11         =  -1.29130e-06
smpl_c5_p11         =  1.80010e+00
i_vdd               =  -2.02931e-06 from=  3.20000e-06 to=  4.20008e-06
i_vpwr              =  -7.40333e-06 from=  3.20000e-06 to=  4.20008e-06
i_vrefp             =  -6.45469e-06 from=  3.20000e-06 to=  4.20008e-06
i_vrefn             =  6.45406e-06 from=  3.20000e-06 to=  4.20008e-06
i_vcm               =  3.35850e-10 from=  3.20000e-06 to=  4.20008e-06
nt_c2_p0_clk_mid    =  1.80000e+00
nt_c2_p0_clk_pre    =  0.00000e+00
nt_c2_p0_compout_mid=  1.80005e+00
nt_c2_p0_compout_pre=  3.60832e-04
nt_c2_p0_compoutn_mid=  1.79999e+00
nt_c2_p0_compoutn_pre=  1.79979e+00
nt_c2_p0_dout_post  =  2.03258e-04
nt_c2_p1_clk_mid    =  1.80000e+00
nt_c2_p1_clk_pre    =  0.00000e+00
nt_c2_p1_compout_mid=  1.80024e+00
nt_c2_p1_compout_pre=  1.80000e+00
nt_c2_p1_compoutn_mid=  1.79994e+00
nt_c2_p1_compoutn_pre=  7.49448e-06
nt_c2_p1_dout_post  =  1.12165e-03
nt_c2_p2_clk_mid    =  1.80000e+00
nt_c2_p2_clk_pre    =  0.00000e+00
nt_c2_p2_compout_mid=  1.80015e+00
nt_c2_p2_compout_pre=  1.80000e+00
nt_c2_p2_compoutn_mid=  1.79976e+00
nt_c2_p2_compoutn_pre=  1.66511e-05
nt_c2_p2_dout_post  =  9.99393e-04
nt_c2_p3_clk_mid    =  1.80000e+00
nt_c2_p3_clk_pre    =  0.00000e+00
nt_c2_p3_compout_mid=  1.80010e+00
nt_c2_p3_compout_pre=  -3.34519e-05
nt_c2_p3_compoutn_mid=  1.79986e+00
nt_c2_p3_compoutn_pre=  1.80005e+00
nt_c2_p3_dout_post  =  1.79996e+00
nt_c2_p4_clk_mid    =  1.80000e+00
nt_c2_p4_clk_pre    =  0.00000e+00
nt_c2_p4_compout_mid=  1.80007e+00
nt_c2_p4_compout_pre=  -6.29552e-06
nt_c2_p4_compoutn_mid=  1.80000e+00
nt_c2_p4_compoutn_pre=  1.79999e+00
nt_c2_p4_dout_post  =  1.80000e+00
nt_c2_p5_clk_mid    =  1.80000e+00
nt_c2_p5_clk_pre    =  0.00000e+00
nt_c2_p5_compout_mid=  1.79986e+00
nt_c2_p5_compout_pre=  4.40512e-06
nt_c2_p5_compoutn_mid=  1.80005e+00
nt_c2_p5_compoutn_pre=  1.80001e+00
nt_c2_p5_dout_post  =  1.80001e+00
nt_c2_p6_clk_mid    =  1.80000e+00
nt_c2_p6_clk_pre    =  0.00000e+00
nt_c2_p6_compout_mid=  1.80000e+00
nt_c2_p6_compout_pre=  5.58843e-06
nt_c2_p6_compoutn_mid=  1.79999e+00
nt_c2_p6_compoutn_pre=  1.80002e+00
nt_c2_p6_dout_post  =  1.79991e+00
nt_c2_p7_clk_mid    =  1.80000e+00
nt_c2_p7_clk_pre    =  0.00000e+00
nt_c2_p7_compout_mid=  1.80013e+00
nt_c2_p7_compout_pre=  -8.22284e-07
nt_c2_p7_compoutn_mid=  1.79986e+00
nt_c2_p7_compoutn_pre=  1.80001e+00
nt_c2_p7_dout_post  =  1.80004e+00
nt_c2_p8_clk_mid    =  1.80000e+00
nt_c2_p8_clk_pre    =  0.00000e+00
nt_c2_p8_compout_mid=  1.79937e+00
nt_c2_p8_compout_pre=  -9.79696e-10
nt_c2_p8_compoutn_mid=  1.80036e+00
nt_c2_p8_compoutn_pre=  1.80001e+00
nt_c2_p8_dout_post  =  1.80000e+00
nt_c2_p9_clk_mid    =  1.80000e+00
nt_c2_p9_clk_pre    =  0.00000e+00
nt_c2_p9_compout_mid=  1.80000e+00
nt_c2_p9_compout_pre=  2.10752e-05
nt_c2_p9_compoutn_mid=  1.80000e+00
nt_c2_p9_compoutn_pre=  1.80001e+00
nt_c2_p9_dout_post  =  1.80024e+00
nt_c4_p0_clk_mid    =  1.80000e+00
nt_c4_p0_clk_pre    =  0.00000e+00
nt_c4_p0_compout_mid=  1.80004e+00
nt_c4_p0_compout_pre=  1.79981e+00
nt_c4_p0_compoutn_mid=  1.79987e+00
nt_c4_p0_compoutn_pre=  3.84873e-04
nt_c4_p0_dout_post  =  1.80003e+00
nt_c4_p1_clk_mid    =  1.80000e+00
nt_c4_p1_clk_pre    =  0.00000e+00
nt_c4_p1_compout_mid=  1.80025e+00
nt_c4_p1_compout_pre=  2.63486e-07
nt_c4_p1_compoutn_mid=  1.79890e+00
nt_c4_p1_compoutn_pre=  1.80001e+00
nt_c4_p1_dout_post  =  -4.77078e-04
nt_c4_p2_clk_mid    =  1.80000e+00
nt_c4_p2_clk_pre    =  0.00000e+00
nt_c4_p2_compout_mid=  1.80072e+00
nt_c4_p2_compout_pre=  1.80000e+00
nt_c4_p2_compoutn_mid=  1.79946e+00
nt_c4_p2_compoutn_pre=  8.03866e-06
nt_c4_p2_dout_post  =  1.80000e+00
nt_c4_p3_clk_mid    =  1.80000e+00
nt_c4_p3_clk_pre    =  0.00000e+00
nt_c4_p3_compout_mid=  1.80041e+00
nt_c4_p3_compout_pre=  -8.29424e-05
nt_c4_p3_compoutn_mid=  1.79859e+00
nt_c4_p3_compoutn_pre=  1.80001e+00
nt_c4_p3_dout_post  =  -4.89530e-04
nt_c4_p4_clk_mid    =  1.80000e+00
nt_c4_p4_clk_pre    =  0.00000e+00
nt_c4_p4_compout_mid=  1.80071e+00
nt_c4_p4_compout_pre=  1.88864e-06
nt_c4_p4_compoutn_mid=  1.79946e+00
nt_c4_p4_compoutn_pre=  1.80001e+00
nt_c4_p4_dout_post  =  -5.06847e-04
nt_c4_p5_clk_mid    =  1.80000e+00
nt_c4_p5_clk_pre    =  0.00000e+00
nt_c4_p5_compout_mid=  1.80067e+00
nt_c4_p5_compout_pre=  2.53875e-06
nt_c4_p5_compoutn_mid=  1.79952e+00
nt_c4_p5_compoutn_pre=  1.80000e+00
nt_c4_p5_dout_post  =  -1.64624e-04
nt_c4_p6_clk_mid    =  1.80000e+00
nt_c4_p6_clk_pre    =  0.00000e+00
nt_c4_p6_compout_mid=  1.80041e+00
nt_c4_p6_compout_pre=  -1.56631e-06
nt_c4_p6_compoutn_mid=  1.79972e+00
nt_c4_p6_compoutn_pre=  1.80000e+00
nt_c4_p6_dout_post  =  -2.95116e-04
nt_c4_p7_clk_mid    =  1.80000e+00
nt_c4_p7_clk_pre    =  0.00000e+00
nt_c4_p7_compout_mid=  1.80061e+00
nt_c4_p7_compout_pre=  -2.28559e-06
nt_c4_p7_compoutn_mid=  1.79957e+00
nt_c4_p7_compoutn_pre=  1.80001e+00
nt_c4_p7_dout_post  =  -5.09810e-04
nt_c4_p8_clk_mid    =  1.80000e+00
nt_c4_p8_clk_pre    =  0.00000e+00
nt_c4_p8_compout_mid=  1.80132e+00
nt_c4_p8_compout_pre=  1.80000e+00
nt_c4_p8_compoutn_mid=  1.79919e+00
nt_c4_p8_compoutn_pre=  1.85259e-06
nt_c4_p8_dout_post  =  1.80000e+00
nt_c4_p9_clk_mid    =  1.80000e+00
nt_c4_p9_clk_pre    =  0.00000e+00
nt_c4_p9_compout_mid=  1.80000e+00
nt_c4_p9_compout_pre=  9.71536e-06
nt_c4_p9_compoutn_mid=  1.79998e+00
nt_c4_p9_compoutn_pre=  1.80001e+00
nt_c4_p9_dout_post  =  5.55365e-06


Total analysis time (seconds) = 267.093

Total elapsed time (seconds) = 312.262 

Total DRAM available = 98304.000 MB.
DRAM currently available = 22447.094 MB.
Maximum ngspice program size =  733.406 MB.
Current ngspice program size =  733.406 MB.

