
Note: Compatibility modes selected: hs a


Circuit: * comparator-decision regen-time sweep -- vindiff=50mv corner=tt temp=27.0c (issue #54)

option SCALE: Scale is set to 1e-06 for instance and model parameters
option SCALE: Scale is set to 1e-06 for instance and model parameters
option SCALE: Scale is set to 1e-06 for instance and model parameters
option SCALE: Scale is set to 1e-06 for instance and model parameters
Doing analysis at TEMP = 27.000000 and TNOM = 27.000000

Using KLU as Direct Linear Solver
 Reference value :  0.00000e+00
 Reference value :  8.00000e-13
 Reference value :  1.64000e-11
 Reference value :  3.64000e-11
 Reference value :  5.64000e-11
 Reference value :  7.64000e-11
 Reference value :  9.14000e-11
 Reference value :  1.11400e-10
 Reference value :  1.31400e-10
 Reference value :  1.51400e-10
 Reference value :  1.71400e-10
 Reference value :  1.96400e-10
 Reference value :  2.21400e-10
 Reference value :  2.46400e-10
 Reference value :  2.66400e-10
 Reference value :  2.86400e-10
 Reference value :  3.06400e-10
 Reference value :  3.36400e-10
 Reference value :  3.66400e-10
 Reference value :  3.96400e-10
 Reference value :  4.21400e-10
 Reference value :  4.41400e-10
 Reference value :  4.66400e-10
 Reference value :  4.86400e-10
 Reference value :  5.11400e-10
 Reference value :  5.36400e-10
 Reference value :  5.56400e-10
 Reference value :  5.76400e-10
 Reference value :  5.96400e-10
 Reference value :  6.16400e-10
 Reference value :  6.41400e-10
 Reference value :  6.66400e-10
 Reference value :  6.86400e-10
 Reference value :  7.01400e-10
 Reference value :  7.26400e-10
 Reference value :  7.51400e-10
 Reference value :  7.76400e-10
 Reference value :  8.01400e-10
 Reference value :  8.21400e-10
 Reference value :  8.41400e-10
 Reference value :  8.56400e-10
 Reference value :  8.71400e-10
 Reference value :  8.86400e-10
 Reference value :  9.06400e-10
 Reference value :  9.21400e-10
 Reference value :  9.46400e-10
 Reference value :  9.71400e-10
 Reference value :  9.91400e-10
 Reference value :  1.01640e-09
 Reference value :  1.04140e-09
 Reference value :  1.06640e-09
 Reference value :  1.09140e-09
 Reference value :  1.10640e-09
 Reference value :  1.13640e-09
 Reference value :  1.16140e-09
 Reference value :  1.18640e-09
 Reference value :  1.20640e-09
 Reference value :  1.22640e-09
 Reference value :  1.25640e-09
 Reference value :  1.28140e-09
 Reference value :  1.30640e-09
 Reference value :  1.33640e-09
 Reference value :  1.36140e-09
 Reference value :  1.39140e-09
 Reference value :  1.41640e-09
 Reference value :  1.43640e-09
 Reference value :  1.45140e-09
 Reference value :  1.48140e-09
 Reference value :  1.50640e-09
 Reference value :  1.52640e-09
 Reference value :  1.55140e-09
 Reference value :  1.57640e-09
 Reference value :  1.60140e-09
 Reference value :  1.62140e-09
 Reference value :  1.64640e-09
 Reference value :  1.67140e-09
 Reference value :  1.69640e-09
 Reference value :  1.72140e-09
 Reference value :  1.74640e-09
 Reference value :  1.77140e-09
 Reference value :  1.79640e-09
 Reference value :  1.81640e-09
 Reference value :  1.83140e-09
 Reference value :  1.85140e-09
 Reference value :  1.87140e-09
 Reference value :  1.90140e-09
 Reference value :  1.92640e-09
 Reference value :  1.94640e-09
 Reference value :  1.96640e-09
 Reference value :  1.99140e-09
 Reference value :  2.01140e-09
 Reference value :  2.03640e-09
 Reference value :  2.06140e-09
 Reference value :  2.08640e-09
 Reference value :  2.11140e-09
 Reference value :  2.13140e-09
 Reference value :  2.15640e-09
 Reference value :  2.18140e-09
 Reference value :  2.20640e-09
 Reference value :  2.22640e-09
 Reference value :  2.24640e-09
 Reference value :  2.27640e-09
 Reference value :  2.30140e-09
 Reference value :  2.32640e-09
 Reference value :  2.35140e-09
 Reference value :  2.37640e-09
 Reference value :  2.39640e-09
 Reference value :  2.42140e-09
 Reference value :  2.44640e-09
 Reference value :  2.47140e-09
 Reference value :  2.49640e-09
 Reference value :  2.52140e-09
 Reference value :  2.54140e-09
 Reference value :  2.56640e-09
 Reference value :  2.59140e-09
 Reference value :  2.61640e-09
 Reference value :  2.64140e-09
 Reference value :  2.66140e-09
 Reference value :  2.68640e-09
 Reference value :  2.70640e-09
 Reference value :  2.73140e-09
 Reference value :  2.75140e-09
 Reference value :  2.77140e-09
 Reference value :  2.79640e-09
 Reference value :  2.81140e-09
 Reference value :  2.83640e-09
 Reference value :  2.86140e-09
 Reference value :  2.88140e-09
 Reference value :  2.90640e-09
 Reference value :  2.93140e-09
 Reference value :  2.95640e-09
 Reference value :  2.97640e-09
 Reference value :  2.99640e-09
 Reference value :  3.02140e-09
 Reference value :  3.04640e-09
 Reference value :  3.07140e-09
 Reference value :  3.09640e-09
 Reference value :  3.12140e-09
 Reference value :  3.14140e-09
 Reference value :  3.16640e-09
 Reference value :  3.18140e-09
 Reference value :  3.20140e-09
 Reference value :  3.22140e-09
 Reference value :  3.24140e-09
 Reference value :  3.26140e-09
 Reference value :  3.28640e-09
 Reference value :  3.30640e-09
 Reference value :  3.33140e-09
 Reference value :  3.36140e-09
 Reference value :  5.54250e-09
 Reference value :  7.91250e-09
 Reference value :  7.93250e-09
 Reference value :  7.96250e-09
 Reference value :  7.99250e-09
 Reference value :  8.02250e-09
 Reference value :  8.05250e-09
 Reference value :  8.08250e-09
 Reference value :  8.11250e-09
 Reference value :  8.13750e-09
 Reference value :  8.15750e-09
 Reference value :  8.17750e-09
 Reference value :  8.19750e-09
 Reference value :  8.22250e-09
 Reference value :  8.24750e-09
 Reference value :  8.27750e-09
 Reference value :  8.30750e-09
 Reference value :  8.33750e-09
 Reference value :  8.36250e-09
 Reference value :  8.39250e-09
 Reference value :  8.42250e-09
 Reference value :  8.45250e-09
 Reference value :  8.48250e-09
 Reference value :  8.50750e-09
 Reference value :  8.53750e-09
 Reference value :  8.56750e-09
 Reference value :  8.59750e-09
 Reference value :  8.62750e-09
 Reference value :  8.65250e-09
 Reference value :  8.68250e-09
 Reference value :  8.70750e-09
 Reference value :  8.73750e-09
 Reference value :  8.76750e-09
 Reference value :  8.79750e-09
 Reference value :  8.82750e-09
 Reference value :  8.85750e-09
 Reference value :  8.88750e-09
 Reference value :  8.90250e-09
 Reference value :  8.91750e-09
 Reference value :  8.93750e-09
 Reference value :  8.95750e-09
 Reference value :  8.97750e-09
 Reference value :  9.00750e-09
 Reference value :  9.03250e-09
 Reference value :  9.05750e-09
 Reference value :  9.08250e-09
 Reference value :  9.10750e-09
 Reference value :  9.13250e-09
 Reference value :  9.15750e-09
 Reference value :  9.18250e-09
 Reference value :  9.20750e-09
 Reference value :  9.22750e-09
 Reference value :  9.24750e-09
 Reference value :  9.26750e-09
 Reference value :  9.28750e-09
 Reference value :  9.30750e-09
 Reference value :  9.32750e-09
 Reference value :  9.35250e-09
 Reference value :  9.37250e-09
 Reference value :  9.39750e-09
 Reference value :  9.42750e-09
 Reference value :  9.45250e-09
 Reference value :  9.47750e-09
 Reference value :  9.50250e-09
 Reference value :  9.52750e-09
 Reference value :  9.54750e-09
 Reference value :  9.57750e-09
 Reference value :  9.60750e-09
 Reference value :  9.63750e-09
 Reference value :  9.66750e-09
 Reference value :  9.69750e-09
 Reference value :  9.72250e-09
 Reference value :  9.74750e-09
 Reference value :  9.77750e-09
 Reference value :  9.80250e-09
 Reference value :  9.81750e-09
 Reference value :  9.83750e-09
 Reference value :  9.85750e-09
 Reference value :  9.88250e-09
 Reference value :  9.91250e-09
 Reference value :  9.94250e-09
 Reference value :  9.97250e-09
 Reference value :  1.00025e-08
 Reference value :  1.00325e-08
 Reference value :  1.00625e-08
 Reference value :  1.00925e-08
 Reference value :  1.01225e-08
 Reference value :  1.01525e-08
 Reference value :  1.01825e-08
 Reference value :  1.02125e-08
 Reference value :  1.02425e-08
 Reference value :  1.02725e-08
 Reference value :  1.03025e-08
 Reference value :  1.03275e-08
 Reference value :  1.03575e-08
 Reference value :  1.03875e-08
 Reference value :  1.04175e-08
 Reference value :  1.04425e-08
 Reference value :  1.04625e-08
 Reference value :  1.04875e-08
 Reference value :  1.05075e-08
 Reference value :  1.05275e-08
 Reference value :  1.05475e-08
 Reference value :  1.05725e-08
 Reference value :  1.06025e-08
 Reference value :  1.06325e-08
 Reference value :  1.06625e-08
 Reference value :  1.06925e-08
 Reference value :  1.07225e-08
 Reference value :  1.07525e-08
 Reference value :  1.07775e-08
 Reference value :  1.08025e-08
 Reference value :  1.08225e-08
 Reference value :  1.08425e-08
 Reference value :  1.08625e-08
 Reference value :  1.08875e-08
 Reference value :  1.09125e-08
 Reference value :  1.09375e-08
 Reference value :  1.09575e-08
 Reference value :  1.09775e-08
 Reference value :  1.10025e-08
 Reference value :  1.10225e-08
 Reference value :  1.10375e-08
 Reference value :  1.10575e-08
 Reference value :  1.10875e-08
 Reference value :  1.11125e-08
 Reference value :  1.11425e-08
 Reference value :  1.11725e-08
 Reference value :  1.12025e-08
 Reference value :  1.12325e-08
 Reference value :  1.12575e-08
 Reference value :  1.12825e-08
 Reference value :  1.13125e-08
 Reference value :  1.13375e-08
 Reference value :  1.13625e-08
 Reference value :  1.13875e-08
 Reference value :  1.14125e-08
 Reference value :  1.14425e-08
 Reference value :  1.14725e-08
 Reference value :  1.15025e-08
 Reference value :  1.15225e-08
 Reference value :  1.15475e-08
 Reference value :  1.15675e-08
 Reference value :  1.15925e-08
 Reference value :  1.16225e-08
 Reference value :  1.16525e-08
 Reference value :  1.16825e-08
 Reference value :  1.17125e-08
 Reference value :  1.17425e-08
 Reference value :  1.17725e-08
 Reference value :  1.17925e-08
 Reference value :  1.18175e-08
 Reference value :  1.18425e-08
 Reference value :  1.18675e-08
 Reference value :  1.18925e-08
 Reference value :  1.19225e-08
 Reference value :  1.19525e-08
 Reference value :  1.19825e-08
 Reference value :  1.20125e-08
 Reference value :  1.20375e-08
 Reference value :  1.20675e-08
 Reference value :  1.20875e-08
 Reference value :  1.21075e-08
 Reference value :  1.21325e-08
 Reference value :  1.21575e-08
 Reference value :  1.21825e-08
 Reference value :  1.22075e-08
 Reference value :  1.22375e-08
 Reference value :  1.22675e-08
 Reference value :  1.22925e-08
 Reference value :  1.23225e-08
 Reference value :  1.23525e-08
 Reference value :  1.23825e-08
 Reference value :  1.24075e-08
 Reference value :  1.24375e-08
 Reference value :  1.24675e-08
 Reference value :  1.24975e-08
 Reference value :  1.25275e-08
 Reference value :  1.25575e-08
 Reference value :  1.25775e-08
 Reference value :  1.26025e-08
 Reference value :  1.26275e-08
 Reference value :  1.26525e-08
 Reference value :  1.26725e-08
 Reference value :  1.26975e-08
 Reference value :  1.27275e-08
 Reference value :  1.27475e-08
 Reference value :  1.27725e-08
 Reference value :  1.28025e-08
 Reference value :  1.28325e-08
 Reference value :  1.28625e-08
 Reference value :  1.28925e-08
 Reference value :  1.29225e-08
 Reference value :  1.29475e-08
 Reference value :  1.29775e-08
 Reference value :  1.30075e-08
 Reference value :  1.30325e-08
 Reference value :  1.30575e-08
 Reference value :  1.30825e-08
 Reference value :  1.31075e-08
 Reference value :  1.31325e-08
 Reference value :  1.31575e-08
 Reference value :  1.31875e-08
 Reference value :  1.32125e-08
 Reference value :  1.32375e-08
 Reference value :  1.32675e-08
 Reference value :  1.32925e-08
 Reference value :  1.33125e-08
 Reference value :  1.33425e-08
 Reference value :  1.33725e-08
 Reference value :  1.34025e-08
 Reference value :  1.34325e-08
 Reference value :  1.34575e-08
 Reference value :  1.34825e-08
 Reference value :  1.35125e-08
 Reference value :  1.35425e-08
 Reference value :  1.35725e-08
 Reference value :  1.36025e-08
 Reference value :  1.36325e-08
 Reference value :  1.36625e-08
 Reference value :  1.36925e-08
 Reference value :  1.37225e-08
 Reference value :  1.37525e-08
 Reference value :  1.37825e-08
 Reference value :  1.38125e-08
 Reference value :  1.38425e-08
 Reference value :  1.38625e-08
 Reference value :  1.38875e-08
 Reference value :  1.39175e-08
 Reference value :  1.39425e-08
 Reference value :  1.39725e-08
 Reference value :  1.40025e-08
 Reference value :  1.40325e-08
 Reference value :  1.40625e-08
 Reference value :  1.40925e-08
 Reference value :  1.41225e-08
 Reference value :  1.41525e-08
 Reference value :  1.41825e-08
 Reference value :  1.42125e-08
 Reference value :  1.42425e-08
 Reference value :  1.42725e-08
 Reference value :  1.43025e-08
 Reference value :  1.43275e-08
 Reference value :  1.43575e-08
 Reference value :  1.43875e-08
 Reference value :  1.44175e-08
 Reference value :  1.44475e-08
 Reference value :  1.44775e-08
 Reference value :  1.45075e-08
 Reference value :  1.45375e-08
 Reference value :  1.45675e-08
 Reference value :  1.45975e-08
 Reference value :  1.46275e-08
 Reference value :  1.46525e-08
 Reference value :  1.46825e-08
 Reference value :  1.47125e-08
 Reference value :  1.47375e-08
 Reference value :  1.47675e-08
 Reference value :  1.47975e-08
 Reference value :  1.48275e-08
 Reference value :  1.48525e-08
 Reference value :  1.48825e-08
 Reference value :  1.49125e-08
 Reference value :  1.49425e-08
 Reference value :  1.49725e-08
 Reference value :  1.50025e-08
 Reference value :  1.50325e-08
 Reference value :  1.50625e-08
 Reference value :  1.50875e-08
 Reference value :  1.51125e-08
 Reference value :  1.51325e-08
 Reference value :  1.51575e-08
 Reference value :  1.51775e-08
 Reference value :  1.52025e-08
 Reference value :  1.52225e-08
 Reference value :  1.52475e-08
 Reference value :  1.52725e-08
 Reference value :  1.52975e-08
 Reference value :  1.53175e-08
 Reference value :  1.53425e-08
 Reference value :  1.53675e-08
 Reference value :  1.53825e-08
 Reference value :  1.54025e-08
 Reference value :  1.54225e-08
 Reference value :  1.54425e-08
 Reference value :  1.54675e-08
 Reference value :  1.54975e-08
 Reference value :  1.55275e-08
 Reference value :  1.55575e-08
 Reference value :  1.55875e-08
 Reference value :  1.56175e-08
 Reference value :  1.56475e-08
 Reference value :  1.56775e-08
 Reference value :  1.57075e-08
 Reference value :  1.57375e-08
 Reference value :  1.57675e-08
 Reference value :  1.57975e-08
 Reference value :  1.58275e-08
 Reference value :  1.58575e-08
 Reference value :  1.58825e-08
 Reference value :  1.59075e-08
 Reference value :  1.59325e-08
 Reference value :  1.59625e-08
 Reference value :  1.59925e-08
 Reference value :  1.60175e-08
 Reference value :  1.60475e-08
 Reference value :  1.60775e-08
 Reference value :  1.61075e-08
 Reference value :  1.61375e-08
 Reference value :  1.61675e-08
 Reference value :  1.61975e-08
 Reference value :  1.62225e-08
 Reference value :  1.62525e-08
 Reference value :  1.62775e-08
 Reference value :  1.63075e-08
 Reference value :  1.63325e-08
 Reference value :  1.63625e-08
 Reference value :  1.63925e-08
 Reference value :  1.64225e-08
 Reference value :  1.64525e-08
 Reference value :  1.64825e-08
 Reference value :  1.65125e-08
 Reference value :  1.65425e-08
 Reference value :  1.65725e-08
 Reference value :  1.65975e-08
 Reference value :  1.66225e-08
 Reference value :  1.66475e-08
 Reference value :  1.66775e-08
 Reference value :  1.67075e-08
 Reference value :  1.67325e-08
 Reference value :  1.67575e-08
 Reference value :  1.67875e-08
 Reference value :  1.68175e-08
 Reference value :  1.68475e-08
 Reference value :  1.68775e-08
 Reference value :  1.69075e-08
 Reference value :  1.69325e-08
 Reference value :  1.69625e-08
 Reference value :  1.69875e-08
 Reference value :  1.70175e-08
 Reference value :  1.70475e-08
 Reference value :  1.70775e-08
 Reference value :  1.71075e-08
 Reference value :  1.71375e-08
 Reference value :  1.71675e-08
 Reference value :  1.71975e-08
 Reference value :  1.72275e-08
 Reference value :  1.72575e-08
 Reference value :  1.72875e-08
 Reference value :  1.84775e-08
 Reference value :  2.31825e-08
 Reference value :  2.85075e-08
 Reference value :  3.26275e-08
 Reference value :  3.79475e-08
 Reference value :  4.25375e-08
No. of Data Rows : 9034
Note: Simulation executed from .control section 
