
Note: Compatibility modes selected: hs a


Circuit: * comparator-decision regen-time sweep -- vindiff=-10mv corner=tt temp=27.0c (issue #54)

option SCALE: Scale is set to 1e-06 for instance and model parameters
option SCALE: Scale is set to 1e-06 for instance and model parameters
option SCALE: Scale is set to 1e-06 for instance and model parameters
option SCALE: Scale is set to 1e-06 for instance and model parameters
Doing analysis at TEMP = 27.000000 and TNOM = 27.000000

Using KLU as Direct Linear Solver
 Reference value :  0.00000e+00
 Reference value :  4.93140e-09
 Reference value :  6.42750e-09
 Reference value :  1.17375e-08
 Reference value :  1.70525e-08
 Reference value :  2.17725e-08
 Reference value :  2.70675e-08
 Reference value :  3.17025e-08
 Reference value :  3.65525e-08
 Reference value :  4.13425e-08
No. of Data Rows : 9034
Note: Simulation executed from .control section 
