
Note: Compatibility modes selected: hs a


Circuit: * sar-sequencer-behavioral -- standalone testbench (issue #55/#28), not

option SCALE: Scale is set to 1e-06 for instance and model parameters
option SCALE: Scale is set to 1e-06 for instance and model parameters
option SCALE: Scale is set to 1e-06 for instance and model parameters
option SCALE: Scale is set to 1e-06 for instance and model parameters
Doing analysis at TEMP = -40.000000 and TNOM = 27.000000

Using KLU as Direct Linear Solver
 Reference value :  0.00000e+00
 Reference value :  1.31400e-08
 Reference value :  2.96400e-08
 Reference value :  4.76400e-08
 Reference value :  5.22500e-08
 Reference value :  6.37500e-08
 Reference value :  7.57500e-08
 Reference value :  8.77500e-08
 Reference value :  9.97500e-08
 Reference value :  1.07699e-07
 Reference value :  1.19699e-07
 Reference value :  1.31699e-07
 Reference value :  1.43699e-07
 Reference value :  1.50675e-07
 Reference value :  1.60199e-07
 Reference value :  1.72199e-07
 Reference value :  1.84199e-07
 Reference value :  1.96199e-07
 Reference value :  2.05199e-07
 Reference value :  2.17199e-07
 Reference value :  2.25250e-07
 Reference value :  2.37250e-07
 Reference value :  2.48750e-07
 Reference value :  2.51596e-07
 Reference value :  2.63089e-07
 Reference value :  2.70142e-07
 Reference value :  2.78061e-07
 Reference value :  2.89561e-07
 Reference value :  3.01050e-07
 Reference value :  3.08082e-07
 Reference value :  3.20582e-07
 Reference value :  3.33582e-07
 Reference value :  3.45582e-07
 Reference value :  3.51283e-07
 Reference value :  3.64101e-07
 Reference value :  3.71482e-07
 Reference value :  3.83482e-07
 Reference value :  3.94982e-07
 Reference value :  4.02050e-07
 Reference value :  4.12082e-07
 Reference value :  4.24082e-07
 Reference value :  4.36082e-07
 Reference value :  4.47582e-07
 Reference value :  4.52601e-07
 Reference value :  4.64601e-07
 Reference value :  4.70415e-07
 Reference value :  4.75634e-07
 Reference value :  4.88134e-07
 Reference value :  5.00567e-07
 Reference value :  5.05082e-07
 Reference value :  5.16582e-07
 Reference value :  5.28582e-07
 Reference value :  5.40582e-07
 Reference value :  5.50675e-07
 Reference value :  5.60011e-07
 Reference value :  5.70100e-07
 Reference value :  5.79982e-07
 Reference value :  5.91482e-07
 Reference value :  6.02000e-07
 Reference value :  6.10582e-07
 Reference value :  6.22082e-07
 Reference value :  6.34082e-07
 Reference value :  6.46582e-07
 Reference value :  6.51283e-07
 Reference value :  6.63015e-07
 Reference value :  6.70188e-07
 Reference value :  6.74266e-07
 Reference value :  6.84266e-07
 Reference value :  6.96266e-07
 Reference value :  7.02150e-07
 Reference value :  7.13082e-07
 Reference value :  7.24582e-07
 Reference value :  7.36082e-07
 Reference value :  7.48582e-07
 Reference value :  7.54101e-07
 Reference value :  7.66101e-07
 Reference value :  7.70582e-07
 Reference value :  7.78127e-07
 Reference value :  7.89627e-07
 Reference value :  8.01000e-07
 Reference value :  8.05582e-07
 Reference value :  8.17582e-07
 Reference value :  8.29082e-07
 Reference value :  8.41082e-07
 Reference value :  8.50675e-07
 Reference value :  8.58510e-07
 Reference value :  8.69920e-07
 Reference value :  8.70944e-07
 Reference value :  8.79262e-07
 Reference value :  8.90262e-07
 Reference value :  9.01050e-07
 Reference value :  9.05582e-07
 Reference value :  9.17582e-07
 Reference value :  9.29582e-07
 Reference value :  9.41582e-07
 Reference value :  9.50675e-07
 Reference value :  9.59601e-07
 Reference value :  9.69960e-07
 Reference value :  9.70987e-07
 Reference value :  9.80121e-07
 Reference value :  9.91621e-07
 Reference value :  1.00168e-06
 Reference value :  1.00758e-06
 Reference value :  1.01908e-06
 Reference value :  1.03108e-06
 Reference value :  1.04308e-06
 Reference value :  1.05068e-06
 Reference value :  1.05852e-06
 Reference value :  1.06992e-06
 Reference value :  1.07177e-06
 Reference value :  1.08127e-06
 Reference value :  1.09327e-06
 Reference value :  1.10200e-06
 Reference value :  1.11058e-06
 Reference value :  1.12308e-06
 Reference value :  1.13508e-06
 Reference value :  1.14658e-06
 Reference value :  1.15161e-06
 Reference value :  1.16361e-06
 Reference value :  1.17148e-06
 Reference value :  1.18348e-06
 Reference value :  1.19498e-06
 Reference value :  1.20205e-06
 Reference value :  1.21208e-06
 Reference value :  1.22458e-06
 Reference value :  1.23608e-06
 Reference value :  1.24758e-06
 Reference value :  1.25167e-06
 Reference value :  1.26149e-06
 Reference value :  1.27299e-06
 Reference value :  1.28449e-06
 Reference value :  1.29649e-06
 Reference value :  1.30235e-06
 Reference value :  1.32008e-06
 Reference value :  1.33658e-06
 Reference value :  1.35100e-06
 Reference value :  1.36213e-06
 Reference value :  1.38213e-06
 Reference value :  1.40105e-06
 Reference value :  1.41570e-06
 Reference value :  1.43720e-06
 Reference value :  1.45104e-06
 Reference value :  1.46949e-06
 Reference value :  1.47223e-06
 Reference value :  1.48973e-06
 Reference value :  1.50200e-06
 Reference value :  1.51658e-06
 Reference value :  1.53258e-06
 Reference value :  1.54708e-06
 Reference value :  1.55453e-06
 Reference value :  1.57014e-06
 Reference value :  1.58090e-06
 Reference value :  1.60040e-06
 Reference value :  1.60958e-06
 Reference value :  1.62658e-06
 Reference value :  1.64158e-06
 Reference value :  1.65251e-06
 Reference value :  1.66801e-06
 Reference value :  1.67332e-06
 Reference value :  1.69082e-06
 Reference value :  1.70235e-06
 Reference value :  1.71658e-06
 Reference value :  1.73358e-06
 Reference value :  1.75035e-06
 Reference value :  1.76510e-06
 Reference value :  1.77348e-06
 Reference value :  1.78498e-06
 Reference value :  1.79698e-06
 Reference value :  1.80235e-06
 Reference value :  1.81408e-06
 Reference value :  1.82608e-06
 Reference value :  1.83808e-06
 Reference value :  1.85000e-06
 Reference value :  1.85510e-06
 Reference value :  1.86660e-06
 Reference value :  1.87046e-06
 Reference value :  1.87888e-06
 Reference value :  1.89088e-06
 Reference value :  1.90135e-06
 Reference value :  1.90758e-06
 Reference value :  1.92008e-06
 Reference value :  1.93208e-06
 Reference value :  1.94458e-06
 Reference value :  1.95104e-06
 Reference value :  1.96151e-06
 Reference value :  1.97014e-06
 Reference value :  1.97331e-06
 Reference value :  1.98431e-06
 Reference value :  1.99631e-06
 Reference value :  2.00215e-06
 Reference value :  2.01258e-06
 Reference value :  2.02458e-06
 Reference value :  2.03658e-06
 Reference value :  2.04908e-06
 Reference value :  2.05460e-06
 Reference value :  2.06660e-06
 Reference value :  2.07046e-06
 Reference value :  2.07938e-06
 Reference value :  2.09138e-06
 Reference value :  2.10168e-06
 Reference value :  2.10758e-06
 Reference value :  2.11958e-06
 Reference value :  2.13108e-06
 Reference value :  2.14308e-06
 Reference value :  2.15068e-06
 Reference value :  2.15951e-06
 Reference value :  2.17003e-06
 Reference value :  2.17181e-06
 Reference value :  2.18231e-06
 Reference value :  2.19431e-06
 Reference value :  2.20200e-06
 Reference value :  2.21108e-06
 Reference value :  2.22358e-06
 Reference value :  2.23558e-06
 Reference value :  2.24758e-06
 Reference value :  2.25160e-06
 Reference value :  2.26360e-06
 Reference value :  2.27031e-06
 Reference value :  2.27538e-06
 Reference value :  2.28738e-06
 Reference value :  2.29938e-06
 Reference value :  2.30358e-06
 Reference value :  2.31558e-06
 Reference value :  2.32808e-06
 Reference value :  2.34008e-06
 Reference value :  2.35068e-06
 Reference value :  2.35951e-06
 Reference value :  2.37003e-06
 Reference value :  2.37948e-06
 Reference value :  2.39098e-06
 Reference value :  2.40200e-06
 Reference value :  2.41058e-06
 Reference value :  2.42258e-06
 Reference value :  2.43408e-06
 Reference value :  2.44608e-06
 Reference value :  2.45129e-06
 Reference value :  2.45999e-06
 Reference value :  2.47199e-06
 Reference value :  2.48399e-06
 Reference value :  2.49599e-06
 Reference value :  2.50235e-06
 Reference value :  2.51508e-06
 Reference value :  2.52708e-06
 Reference value :  2.54158e-06
 Reference value :  2.55100e-06
 Reference value :  2.55413e-06
 Reference value :  2.56463e-06
 Reference value :  2.57663e-06
 Reference value :  2.58863e-06
 Reference value :  2.60057e-06
 Reference value :  2.60620e-06
 Reference value :  2.61820e-06
 Reference value :  2.63070e-06
 Reference value :  2.64270e-06
 Reference value :  2.65067e-06
 Reference value :  2.66009e-06
 Reference value :  2.67259e-06
 Reference value :  2.68409e-06
 Reference value :  2.69609e-06
No. of Data Rows : 5950

  Measurements for Transient Analysis

phsample_c1         =  1.80000e+00
phb9_c1             =  1.80005e+00
phb8_c1             =  1.80000e+00
phb7_c1             =  1.80012e+00
phb6_c1             =  1.80000e+00
phb5_c1             =  1.80000e+00
phb4_c1             =  1.80012e+00
phb3_c1             =  1.80000e+00
phb2_c1             =  1.80011e+00
phb1_c1             =  1.80000e+00
phb0_c1             =  1.80000e+00
pheoc_c1            =  1.79999e+00
dout9_c1            =  1.80000e+00
dout8_c1            =  1.80001e+00
dout7_c1            =  -7.01911e-07
dout6_c1            =  -4.14619e-07
dout5_c1            =  1.80001e+00
dout4_c1            =  -4.24154e-07
dout3_c1            =  1.80001e+00
dout2_c1            =  -4.13671e-07
dout1_c1            =  1.80001e+00
dout0_c1            =  1.80002e+00
dout9_early_c1      =  1.80000e+00
phb9_c2             =  1.80000e+00
pheoc_c2            =  1.79999e+00
dout9_c2            =  1.47083e-07
dout8_c2            =  -1.34623e-07
dout7_c2            =  1.80001e+00
dout6_c2            =  1.80001e+00
dout5_c2            =  -1.44192e-07
dout4_c2            =  1.80001e+00
dout3_c2            =  -1.36654e-07
dout2_c2            =  1.80001e+00
dout1_c2            =  -5.46782e-07
dout0_c2            =  9.32675e-05


Total analysis time (seconds) = 71.8159

Total elapsed time (seconds) = 111.133 

Total DRAM available = 98304.000 MB.
DRAM currently available = 38923.359 MB.
Maximum ngspice program size =  600.328 MB.
Current ngspice program size =  600.328 MB.

