
Note: Compatibility modes selected: hs a


Circuit: * sar-sequencer-behavioral -- standalone testbench (issue #55/#28), not

option SCALE: Scale is set to 1e-06 for instance and model parameters
option SCALE: Scale is set to 1e-06 for instance and model parameters
option SCALE: Scale is set to 1e-06 for instance and model parameters
option SCALE: Scale is set to 1e-06 for instance and model parameters
Doing analysis at TEMP = 27.000000 and TNOM = 27.000000

Using KLU as Direct Linear Solver
 Reference value :  0.00000e+00
 Reference value :  1.31400e-08
 Reference value :  3.11400e-08
 Reference value :  4.86400e-08
 Reference value :  5.57500e-08
 Reference value :  6.77500e-08
 Reference value :  7.97500e-08
 Reference value :  9.22500e-08
 Reference value :  1.02050e-07
 Reference value :  1.13201e-07
 Reference value :  1.25201e-07
 Reference value :  1.37701e-07
 Reference value :  1.49601e-07
 Reference value :  1.56250e-07
 Reference value :  1.68250e-07
 Reference value :  1.79750e-07
 Reference value :  1.94250e-07
 Reference value :  2.09201e-07
 Reference value :  2.20250e-07
 Reference value :  2.30250e-07
 Reference value :  2.41750e-07
 Reference value :  2.50675e-07
 Reference value :  2.55770e-07
 Reference value :  2.67270e-07
 Reference value :  2.70884e-07
 Reference value :  2.79884e-07
 Reference value :  2.92884e-07
 Reference value :  3.02000e-07
 Reference value :  3.10947e-07
 Reference value :  3.22947e-07
 Reference value :  3.35447e-07
 Reference value :  3.46947e-07
 Reference value :  3.51314e-07
 Reference value :  3.62504e-07
 Reference value :  3.70534e-07
 Reference value :  3.82482e-07
 Reference value :  3.96482e-07
 Reference value :  4.02350e-07
 Reference value :  4.13447e-07
 Reference value :  4.24947e-07
 Reference value :  4.36947e-07
 Reference value :  4.48947e-07
 Reference value :  4.53591e-07
 Reference value :  4.65591e-07
 Reference value :  4.70666e-07
 Reference value :  4.80089e-07
 Reference value :  4.92089e-07
 Reference value :  5.02000e-07
 Reference value :  5.10947e-07
 Reference value :  5.22947e-07
 Reference value :  5.34947e-07
 Reference value :  5.46947e-07
 Reference value :  5.51314e-07
 Reference value :  5.59652e-07
 Reference value :  5.70030e-07
 Reference value :  5.79482e-07
 Reference value :  5.90982e-07
 Reference value :  6.01150e-07
 Reference value :  6.07947e-07
 Reference value :  6.19447e-07
 Reference value :  6.30947e-07
 Reference value :  6.42947e-07
 Reference value :  6.50675e-07
 Reference value :  6.54574e-07
 Reference value :  6.66074e-07
 Reference value :  6.70599e-07
 Reference value :  6.79335e-07
 Reference value :  6.91335e-07
 Reference value :  7.01350e-07
 Reference value :  7.07947e-07
 Reference value :  7.19947e-07
 Reference value :  7.31947e-07
 Reference value :  7.43447e-07
 Reference value :  7.51000e-07
 Reference value :  7.61091e-07
 Reference value :  7.70100e-07
 Reference value :  7.75072e-07
 Reference value :  7.86572e-07
 Reference value :  7.98572e-07
 Reference value :  8.03947e-07
 Reference value :  8.15947e-07
 Reference value :  8.27947e-07
 Reference value :  8.40447e-07
 Reference value :  8.50675e-07
 Reference value :  8.56152e-07
 Reference value :  8.68152e-07
 Reference value :  8.71052e-07
 Reference value :  8.80795e-07
 Reference value :  8.92795e-07
 Reference value :  9.02000e-07
 Reference value :  9.10447e-07
 Reference value :  9.22447e-07
 Reference value :  9.33947e-07
 Reference value :  9.45947e-07
 Reference value :  9.51135e-07
 Reference value :  9.62091e-07
 Reference value :  9.70198e-07
 Reference value :  9.76038e-07
 Reference value :  9.88038e-07
 Reference value :  1.00004e-06
 Reference value :  1.00545e-06
 Reference value :  1.01795e-06
 Reference value :  1.03045e-06
 Reference value :  1.04195e-06
 Reference value :  1.05068e-06
 Reference value :  1.05615e-06
 Reference value :  1.06765e-06
 Reference value :  1.07176e-06
 Reference value :  1.08326e-06
 Reference value :  1.09526e-06
 Reference value :  1.10215e-06
 Reference value :  1.11245e-06
 Reference value :  1.12445e-06
 Reference value :  1.13695e-06
 Reference value :  1.15000e-06
 Reference value :  1.15617e-06
 Reference value :  1.16817e-06
 Reference value :  1.17548e-06
 Reference value :  1.18848e-06
 Reference value :  1.20168e-06
 Reference value :  1.20845e-06
 Reference value :  1.22095e-06
 Reference value :  1.23245e-06
 Reference value :  1.24445e-06
 Reference value :  1.25105e-06
 Reference value :  1.25874e-06
 Reference value :  1.27074e-06
 Reference value :  1.28224e-06
 Reference value :  1.29424e-06
 Reference value :  1.30205e-06
 Reference value :  1.32045e-06
 Reference value :  1.34395e-06
 Reference value :  1.35589e-06
 Reference value :  1.37189e-06
 Reference value :  1.39489e-06
 Reference value :  1.41321e-06
 Reference value :  1.43171e-06
 Reference value :  1.44421e-06
 Reference value :  1.45100e-06
 Reference value :  1.45613e-06
 Reference value :  1.46663e-06
 Reference value :  1.47120e-06
 Reference value :  1.48270e-06
 Reference value :  1.49470e-06
 Reference value :  1.50205e-06
 Reference value :  1.51195e-06
 Reference value :  1.52395e-06
 Reference value :  1.53695e-06
 Reference value :  1.55068e-06
 Reference value :  1.56059e-06
 Reference value :  1.57011e-06
 Reference value :  1.58194e-06
 Reference value :  1.59744e-06
 Reference value :  1.60395e-06
 Reference value :  1.61995e-06
 Reference value :  1.63195e-06
 Reference value :  1.64745e-06
 Reference value :  1.65131e-06
 Reference value :  1.65965e-06
 Reference value :  1.67003e-06
 Reference value :  1.67383e-06
 Reference value :  1.68383e-06
 Reference value :  1.69583e-06
 Reference value :  1.70215e-06
 Reference value :  1.71295e-06
 Reference value :  1.72495e-06
 Reference value :  1.73645e-06
 Reference value :  1.74845e-06
 Reference value :  1.75309e-06
 Reference value :  1.76459e-06
 Reference value :  1.77348e-06
 Reference value :  1.78698e-06
 Reference value :  1.80074e-06
 Reference value :  1.80595e-06
 Reference value :  1.81795e-06
 Reference value :  1.82995e-06
 Reference value :  1.84195e-06
 Reference value :  1.85100e-06
 Reference value :  1.86043e-06
 Reference value :  1.87010e-06
 Reference value :  1.87491e-06
 Reference value :  1.88691e-06
 Reference value :  1.89991e-06
 Reference value :  1.90495e-06
 Reference value :  1.91745e-06
 Reference value :  1.93045e-06
 Reference value :  1.94295e-06
 Reference value :  1.95067e-06
 Reference value :  1.95515e-06
 Reference value :  1.96665e-06
 Reference value :  1.97101e-06
 Reference value :  1.97778e-06
 Reference value :  1.98978e-06
 Reference value :  2.00115e-06
 Reference value :  2.00745e-06
 Reference value :  2.01945e-06
 Reference value :  2.03145e-06
 Reference value :  2.04345e-06
 Reference value :  2.05100e-06
 Reference value :  2.06109e-06
 Reference value :  2.07010e-06
 Reference value :  2.07490e-06
 Reference value :  2.08640e-06
 Reference value :  2.09840e-06
 Reference value :  2.10345e-06
 Reference value :  2.11495e-06
 Reference value :  2.12695e-06
 Reference value :  2.13895e-06
 Reference value :  2.15015e-06
 Reference value :  2.15365e-06
 Reference value :  2.16465e-06
 Reference value :  2.17075e-06
 Reference value :  2.17776e-06
 Reference value :  2.18926e-06
 Reference value :  2.20100e-06
 Reference value :  2.20645e-06
 Reference value :  2.21845e-06
 Reference value :  2.23095e-06
 Reference value :  2.24295e-06
 Reference value :  2.25100e-06
 Reference value :  2.25996e-06
 Reference value :  2.27003e-06
 Reference value :  2.27389e-06
 Reference value :  2.28489e-06
 Reference value :  2.29639e-06
 Reference value :  2.30745e-06
 Reference value :  2.32795e-06
 Reference value :  2.34345e-06
 Reference value :  2.35100e-06
 Reference value :  2.35715e-06
 Reference value :  2.36915e-06
 Reference value :  2.37648e-06
 Reference value :  2.38798e-06
 Reference value :  2.39948e-06
 Reference value :  2.40445e-06
 Reference value :  2.41945e-06
 Reference value :  2.43645e-06
 Reference value :  2.45068e-06
 Reference value :  2.46024e-06
 Reference value :  2.47574e-06
 Reference value :  2.49224e-06
 Reference value :  2.50345e-06
 Reference value :  2.51795e-06
 Reference value :  2.53295e-06
 Reference value :  2.54745e-06
 Reference value :  2.55289e-06
 Reference value :  2.56489e-06
 Reference value :  2.58089e-06
 Reference value :  2.59589e-06
 Reference value :  2.60621e-06
 Reference value :  2.62171e-06
 Reference value :  2.63771e-06
 Reference value :  2.65067e-06
 Reference value :  2.66028e-06
 Reference value :  2.67628e-06
 Reference value :  2.68878e-06
No. of Data Rows : 5969

  Measurements for Transient Analysis

phsample_c1         =  1.62000e+00
phb9_c1             =  1.61993e+00
phb8_c1             =  1.62000e+00
phb7_c1             =  1.62001e+00
phb6_c1             =  1.62000e+00
phb5_c1             =  1.61999e+00
phb4_c1             =  1.62002e+00
phb3_c1             =  1.62000e+00
phb2_c1             =  1.62004e+00
phb1_c1             =  1.62000e+00
phb0_c1             =  1.62000e+00
pheoc_c1            =  1.62000e+00
dout9_c1            =  1.62000e+00
dout8_c1            =  1.62000e+00
dout7_c1            =  -5.41957e-08
dout6_c1            =  -8.60665e-08
dout5_c1            =  1.62000e+00
dout4_c1            =  -8.55246e-08
dout3_c1            =  1.62000e+00
dout2_c1            =  -8.55036e-08
dout1_c1            =  1.62000e+00
dout0_c1            =  1.62000e+00
dout9_early_c1      =  1.62000e+00
phb9_c2             =  1.62000e+00
pheoc_c2            =  1.62000e+00
dout9_c2            =  -2.29458e-08
dout8_c2            =  -7.19942e-08
dout7_c2            =  1.62000e+00
dout6_c2            =  1.62000e+00
dout5_c2            =  -7.15298e-08
dout4_c2            =  1.62000e+00
dout3_c2            =  -7.11807e-08
dout2_c2            =  1.62000e+00
dout1_c2            =  -6.49097e-08
dout0_c2            =  4.41742e-06


Total analysis time (seconds) = 70.3663

Total elapsed time (seconds) = 107.884 

Total DRAM available = 98304.000 MB.
DRAM currently available = 39623.562 MB.
Maximum ngspice program size =  600.344 MB.
Current ngspice program size =  600.344 MB.

