
Note: Compatibility modes selected: hs a


Circuit: * sim/full-conversion-transient -- end-to-end full-conversion transient

option SCALE: Scale is set to 1e-06 for instance and model parameters
option SCALE: Scale is set to 1e-06 for instance and model parameters
option SCALE: Scale is set to 1e-06 for instance and model parameters
option SCALE: Scale is set to 1e-06 for instance and model parameters
Doing analysis at TEMP = 27.000000 and TNOM = 27.000000

Using KLU as Direct Linear Solver
 Reference value :  0.00000e+00
 Reference value :  1.16400e-08
 Reference value :  2.11500e-08
 Reference value :  3.07500e-08
 Reference value :  4.07500e-08
 Reference value :  5.07500e-08
 Reference value :  6.07500e-08
 Reference value :  7.07500e-08
 Reference value :  8.12500e-08
 Reference value :  9.12500e-08
 Reference value :  1.01750e-07
 Reference value :  1.11750e-07
 Reference value :  1.22250e-07
 Reference value :  1.35750e-07
 Reference value :  1.49750e-07
 Reference value :  1.63750e-07
 Reference value :  1.78250e-07
 Reference value :  1.94250e-07
 Reference value :  2.00524e-07
 Reference value :  2.02817e-07
 Reference value :  2.12817e-07
 Reference value :  2.23317e-07
 Reference value :  2.33317e-07
 Reference value :  2.41842e-07
 Reference value :  2.43643e-07
 Reference value :  2.51435e-07
 Reference value :  2.61935e-07
 Reference value :  2.72435e-07
 Reference value :  2.82384e-07
 Reference value :  2.83929e-07
 Reference value :  2.86833e-07
 Reference value :  2.98333e-07
 Reference value :  3.09833e-07
 Reference value :  3.19833e-07
 Reference value :  3.25623e-07
 Reference value :  3.27891e-07
 Reference value :  3.37268e-07
 Reference value :  3.47268e-07
 Reference value :  3.57268e-07
 Reference value :  3.66317e-07
 Reference value :  3.67589e-07
 Reference value :  3.71666e-07
 Reference value :  3.82166e-07
 Reference value :  3.93166e-07
 Reference value :  4.03166e-07
 Reference value :  4.08956e-07
 Reference value :  4.11225e-07
 Reference value :  4.21101e-07
 Reference value :  4.31601e-07
 Reference value :  4.42601e-07
 Reference value :  4.50087e-07
 Reference value :  4.51156e-07
 Reference value :  4.59499e-07
 Reference value :  4.69999e-07
 Reference value :  4.80499e-07
 Reference value :  4.90499e-07
 Reference value :  4.93409e-07
 Reference value :  4.97934e-07
 Reference value :  5.07934e-07
 Reference value :  5.18434e-07
 Reference value :  5.28934e-07
 Reference value :  5.33627e-07
 Reference value :  5.34937e-07
 Reference value :  5.44333e-07
 Reference value :  5.54833e-07
 Reference value :  5.65333e-07
 Reference value :  5.74550e-07
 Reference value :  5.76976e-07
 Reference value :  5.84768e-07
 Reference value :  5.94768e-07
 Reference value :  6.04768e-07
 Reference value :  6.14768e-07
 Reference value :  6.17199e-07
 Reference value :  6.19666e-07
 Reference value :  6.29666e-07
 Reference value :  6.39666e-07
 Reference value :  6.49666e-07
 Reference value :  6.58508e-07
 Reference value :  6.60563e-07
 Reference value :  6.69601e-07
 Reference value :  6.80101e-07
 Reference value :  6.92101e-07
 Reference value :  7.00087e-07
 Reference value :  7.01274e-07
 Reference value :  7.10999e-07
 Reference value :  7.21999e-07
 Reference value :  7.32999e-07
 Reference value :  7.41842e-07
 Reference value :  7.43896e-07
 Reference value :  7.53934e-07
 Reference value :  7.65434e-07
 Reference value :  7.76934e-07
 Reference value :  7.83627e-07
 Reference value :  7.85333e-07
 Reference value :  7.96833e-07
 Reference value :  8.07833e-07
 Reference value :  8.19833e-07
 Reference value :  8.25787e-07
 Reference value :  8.29268e-07
 Reference value :  8.41268e-07
 Reference value :  8.51768e-07
 Reference value :  8.63768e-07
 Reference value :  8.67167e-07
 Reference value :  8.69167e-07
 Reference value :  8.79667e-07
 Reference value :  8.90167e-07
 Reference value :  9.00667e-07
 Reference value :  9.08508e-07
 Reference value :  9.10563e-07
 Reference value :  9.19101e-07
 Reference value :  9.29101e-07
 Reference value :  9.39101e-07
 Reference value :  9.49500e-07
 Reference value :  9.50922e-07
 Reference value :  9.55999e-07
 Reference value :  9.66499e-07
 Reference value :  9.76999e-07
 Reference value :  9.86999e-07
 Reference value :  9.92290e-07
 Reference value :  9.94149e-07
 Reference value :  1.00343e-06
 Reference value :  1.01343e-06
 Reference value :  1.02493e-06
 Reference value :  1.03342e-06
 Reference value :  1.03734e-06
 Reference value :  1.04934e-06
 Reference value :  1.06184e-06
 Reference value :  1.07417e-06
 Reference value :  1.07698e-06
 Reference value :  1.08625e-06
 Reference value :  1.09675e-06
 Reference value :  1.10725e-06
 Reference value :  1.11652e-06
 Reference value :  1.11765e-06
 Reference value :  1.12533e-06
 Reference value :  1.13633e-06
 Reference value :  1.14633e-06
 Reference value :  1.15633e-06
 Reference value :  1.16010e-06
 Reference value :  1.16826e-06
 Reference value :  1.17826e-06
 Reference value :  1.18826e-06
 Reference value :  1.19876e-06
 Reference value :  1.20052e-06
 Reference value :  1.20436e-06
 Reference value :  1.22486e-06
 Reference value :  1.23536e-06
 Reference value :  1.24217e-06
 Reference value :  1.24463e-06
 Reference value :  1.25457e-06
 Reference value :  1.26457e-06
 Reference value :  1.27457e-06
 Reference value :  1.28342e-06
 Reference value :  1.28495e-06
 Reference value :  1.29376e-06
 Reference value :  1.30376e-06
 Reference value :  1.31426e-06
 Reference value :  1.32413e-06
 Reference value :  1.32702e-06
 Reference value :  1.33540e-06
 Reference value :  1.34590e-06
 Reference value :  1.35590e-06
 Reference value :  1.36617e-06
 Reference value :  1.36739e-06
 Reference value :  1.37210e-06
 Reference value :  1.38210e-06
 Reference value :  1.39310e-06
 Reference value :  1.40510e-06
 Reference value :  1.40977e-06
 Reference value :  1.41423e-06
 Reference value :  1.42423e-06
 Reference value :  1.43473e-06
 Reference value :  1.44473e-06
 Reference value :  1.45009e-06
 Reference value :  1.45196e-06
 Reference value :  1.46143e-06
 Reference value :  1.47193e-06
 Reference value :  1.48243e-06
 Reference value :  1.49184e-06
 Reference value :  1.49396e-06
 Reference value :  1.50307e-06
 Reference value :  1.51357e-06
 Reference value :  1.52407e-06
 Reference value :  1.53318e-06
 Reference value :  1.53438e-06
 Reference value :  1.54076e-06
 Reference value :  1.55076e-06
 Reference value :  1.56076e-06
 Reference value :  1.57076e-06
 Reference value :  1.57579e-06
 Reference value :  1.57890e-06
 Reference value :  1.58940e-06
 Reference value :  1.59990e-06
 Reference value :  1.61040e-06
 Reference value :  1.61675e-06
 Reference value :  1.61828e-06
 Reference value :  1.62710e-06
 Reference value :  1.63710e-06
 Reference value :  1.64810e-06
 Reference value :  1.65783e-06
 Reference value :  1.66036e-06
 Reference value :  1.66873e-06
 Reference value :  1.67923e-06
 Reference value :  1.69073e-06
 Reference value :  1.69985e-06
 Reference value :  1.70105e-06
 Reference value :  1.70743e-06
 Reference value :  1.71793e-06
 Reference value :  1.72793e-06
 Reference value :  1.73793e-06
 Reference value :  1.74278e-06
 Reference value :  1.74657e-06
 Reference value :  1.75657e-06
 Reference value :  1.76657e-06
 Reference value :  1.77657e-06
 Reference value :  1.78342e-06
 Reference value :  1.78495e-06
 Reference value :  1.79426e-06
 Reference value :  1.80476e-06
 Reference value :  1.81526e-06
 Reference value :  1.82517e-06
 Reference value :  1.82796e-06
 Reference value :  1.83740e-06
 Reference value :  1.84740e-06
 Reference value :  1.85740e-06
 Reference value :  1.86632e-06
 Reference value :  1.86759e-06
 Reference value :  1.87310e-06
 Reference value :  1.88310e-06
 Reference value :  1.89360e-06
 Reference value :  1.90360e-06
 Reference value :  1.90912e-06
 Reference value :  1.91423e-06
 Reference value :  1.92723e-06
 Reference value :  1.94173e-06
 Reference value :  1.95021e-06
 Reference value :  1.95284e-06
 Reference value :  1.96484e-06
 Reference value :  1.97484e-06
 Reference value :  1.98534e-06
 Reference value :  1.99217e-06
 Reference value :  1.99463e-06
 Reference value :  2.00457e-06
 Reference value :  2.01507e-06
 Reference value :  2.02557e-06
 Reference value :  2.03342e-06
 Reference value :  2.03583e-06
 Reference value :  2.04683e-06
 Reference value :  2.05733e-06
 Reference value :  2.06733e-06
 Reference value :  2.07517e-06
 Reference value :  2.07839e-06
 Reference value :  2.08839e-06
 Reference value :  2.09839e-06
 Reference value :  2.10889e-06
 Reference value :  2.11675e-06
 Reference value :  2.12117e-06
 Reference value :  2.13517e-06
 Reference value :  2.15067e-06
 Reference value :  2.15887e-06
 Reference value :  2.16149e-06
 Reference value :  2.17042e-06
 Reference value :  2.18042e-06
 Reference value :  2.19042e-06
 Reference value :  2.19965e-06
 Reference value :  2.20072e-06
 Reference value :  2.20354e-06
 Reference value :  2.21404e-06
 Reference value :  2.22404e-06
 Reference value :  2.23454e-06
 Reference value :  2.24217e-06
 Reference value :  2.24414e-06
 Reference value :  2.25438e-06
 Reference value :  2.26688e-06
 Reference value :  2.27738e-06
 Reference value :  2.28342e-06
 Reference value :  2.28455e-06
 Reference value :  2.29292e-06
 Reference value :  2.30342e-06
 Reference value :  2.31442e-06
 Reference value :  2.32455e-06
 Reference value :  2.32673e-06
 Reference value :  2.33121e-06
 Reference value :  2.34221e-06
 Reference value :  2.35571e-06
 Reference value :  2.36617e-06
 Reference value :  2.36754e-06
 Reference value :  2.37175e-06
 Reference value :  2.38175e-06
 Reference value :  2.39225e-06
 Reference value :  2.40275e-06
 Reference value :  2.40912e-06
 Reference value :  2.41204e-06
 Reference value :  2.42254e-06
 Reference value :  2.43304e-06
 Reference value :  2.44304e-06
 Reference value :  2.45009e-06
 Reference value :  2.45173e-06
 Reference value :  2.46359e-06
 Reference value :  2.47559e-06
 Reference value :  2.49122e-06
 Reference value :  2.49492e-06
 Reference value :  2.50938e-06
 Reference value :  2.52188e-06
 Reference value :  2.53342e-06
 Reference value :  2.53542e-06
 Reference value :  2.54742e-06
 Reference value :  2.55992e-06
 Reference value :  2.57192e-06
 Reference value :  2.57673e-06
 Reference value :  2.58271e-06
 Reference value :  2.59421e-06
 Reference value :  2.60471e-06
 Reference value :  2.61471e-06
 Reference value :  2.61739e-06
 Reference value :  2.62075e-06
 Reference value :  2.63175e-06
 Reference value :  2.64225e-06
 Reference value :  2.65325e-06
 Reference value :  2.65912e-06
 Reference value :  2.66113e-06
 Reference value :  2.66954e-06
 Reference value :  2.67954e-06
 Reference value :  2.68954e-06
 Reference value :  2.69955e-06
 Reference value :  2.70087e-06
 Reference value :  2.70509e-06
 Reference value :  2.71509e-06
 Reference value :  2.72609e-06
 Reference value :  2.73809e-06
 Reference value :  2.74362e-06
 Reference value :  2.75238e-06
 Reference value :  2.76388e-06
 Reference value :  2.77488e-06
 Reference value :  2.78342e-06
 Reference value :  2.78444e-06
 Reference value :  2.79192e-06
 Reference value :  2.80242e-06
 Reference value :  2.81242e-06
 Reference value :  2.82242e-06
 Reference value :  2.82644e-06
 Reference value :  2.82921e-06
 Reference value :  2.84121e-06
 Reference value :  2.85371e-06
 Reference value :  2.86617e-06
 Reference value :  2.86754e-06
 Reference value :  2.87525e-06
 Reference value :  2.88575e-06
 Reference value :  2.89575e-06
 Reference value :  2.90625e-06
 Reference value :  2.90977e-06
 Reference value :  2.91254e-06
 Reference value :  2.92254e-06
 Reference value :  2.93254e-06
 Reference value :  2.94304e-06
 Reference value :  2.95011e-06
 Reference value :  2.95098e-06
 Reference value :  2.95723e-06
 Reference value :  2.96723e-06
 Reference value :  2.97723e-06
 Reference value :  2.98723e-06
 Reference value :  2.99278e-06
 Reference value :  2.99492e-06
 Reference value :  3.00338e-06
 Reference value :  3.01388e-06
 Reference value :  3.02438e-06
 Reference value :  3.03342e-06
 Reference value :  3.03812e-06
 Reference value :  3.05062e-06
 Reference value :  3.06262e-06
 Reference value :  3.07312e-06
 Reference value :  3.07645e-06
 Reference value :  3.08172e-06
 Reference value :  3.09272e-06
 Reference value :  3.10322e-06
 Reference value :  3.11322e-06
 Reference value :  3.11717e-06
 Reference value :  3.12038e-06
 Reference value :  3.13088e-06
 Reference value :  3.14138e-06
 Reference value :  3.15138e-06
 Reference value :  3.15883e-06
 Reference value :  3.16138e-06
 Reference value :  3.17057e-06
 Reference value :  3.18057e-06
 Reference value :  3.19107e-06
 Reference value :  3.19985e-06
 Reference value :  3.20066e-06
 Reference value :  3.20514e-06
 Reference value :  3.21564e-06
 Reference value :  3.22614e-06
 Reference value :  3.23614e-06
 Reference value :  3.24229e-06
 Reference value :  3.24413e-06
 Reference value :  3.25247e-06
 Reference value :  3.26297e-06
 Reference value :  3.27447e-06
 Reference value :  3.28342e-06
 Reference value :  3.28572e-06
 Reference value :  3.29622e-06
 Reference value :  3.30672e-06
 Reference value :  3.32372e-06
 Reference value :  3.32747e-06
 Reference value :  3.33582e-06
 Reference value :  3.34632e-06
 Reference value :  3.35632e-06
 Reference value :  3.36622e-06
 Reference value :  3.36735e-06
 Reference value :  3.37340e-06
 Reference value :  3.38390e-06
 Reference value :  3.39840e-06
 Reference value :  3.40851e-06
 Reference value :  3.41059e-06
 Reference value :  3.41913e-06
 Reference value :  3.43013e-06
 Reference value :  3.44113e-06
 Reference value :  3.45009e-06
 Reference value :  3.45163e-06
 Reference value :  3.46201e-06
 Reference value :  3.47201e-06
 Reference value :  3.48251e-06
 Reference value :  3.49152e-06
 Reference value :  3.49366e-06
 Reference value :  3.50145e-06
 Reference value :  3.51195e-06
 Reference value :  3.52245e-06
 Reference value :  3.53239e-06
 Reference value :  3.53406e-06
 Reference value :  3.53934e-06
 Reference value :  3.54984e-06
 Reference value :  3.55984e-06
 Reference value :  3.56984e-06
 Reference value :  3.57562e-06
 Reference value :  3.57788e-06
 Reference value :  3.58728e-06
 Reference value :  3.59728e-06
 Reference value :  3.60728e-06
 Reference value :  3.61652e-06
 Reference value :  3.61785e-06
 Reference value :  3.62617e-06
 Reference value :  3.63667e-06
 Reference value :  3.64717e-06
 Reference value :  3.65717e-06
 Reference value :  3.66008e-06
 Reference value :  3.66512e-06
 Reference value :  3.67512e-06
 Reference value :  3.68562e-06
 Reference value :  3.69612e-06
 Reference value :  3.70029e-06
 Reference value :  3.70251e-06
 Reference value :  3.71301e-06
 Reference value :  3.72301e-06
 Reference value :  3.73301e-06
 Reference value :  3.74184e-06
 Reference value :  3.74392e-06
 Reference value :  3.75295e-06
 Reference value :  3.76295e-06
 Reference value :  3.77295e-06
 Reference value :  3.78288e-06
 Reference value :  3.78427e-06
 Reference value :  3.78984e-06
 Reference value :  3.79984e-06
 Reference value :  3.81034e-06
 Reference value :  3.82084e-06
 Reference value :  3.82611e-06
 Reference value :  3.82928e-06
 Reference value :  3.83928e-06
 Reference value :  3.84928e-06
 Reference value :  3.85928e-06
 Reference value :  3.86675e-06
 Reference value :  3.86830e-06
 Reference value :  3.87817e-06
 Reference value :  3.88867e-06
 Reference value :  3.89917e-06
 Reference value :  3.90818e-06
 Reference value :  3.91033e-06
 Reference value :  3.91812e-06
 Reference value :  3.92812e-06
 Reference value :  3.93962e-06
 Reference value :  3.94950e-06
 Reference value :  3.95050e-06
 Reference value :  3.95326e-06
 Reference value :  3.96326e-06
 Reference value :  3.97326e-06
 Reference value :  3.98326e-06
 Reference value :  3.99184e-06
 Reference value :  3.99392e-06
 Reference value :  4.00445e-06
 Reference value :  4.01545e-06
 Reference value :  4.02545e-06
 Reference value :  4.03342e-06
 Reference value :  4.03634e-06
 Reference value :  4.04684e-06
 Reference value :  4.05684e-06
 Reference value :  4.06784e-06
 Reference value :  4.07555e-06
 Reference value :  4.07883e-06
 Reference value :  4.08883e-06
 Reference value :  4.09883e-06
 Reference value :  4.10883e-06
 Reference value :  4.11675e-06
 Reference value :  4.11762e-06
 Reference value :  4.12431e-06
 Reference value :  4.13481e-06
 Reference value :  4.14481e-06
 Reference value :  4.15481e-06
 Reference value :  4.15977e-06
 Reference value :  4.16496e-06
 Reference value :  4.17496e-06
 Reference value :  4.18546e-06
 Reference value :  4.19596e-06
 Reference value :  4.20029e-06
 Reference value :  4.20135e-06
 Reference value :  4.21112e-06
 Reference value :  4.22212e-06
 Reference value :  4.23312e-06
 Reference value :  4.24184e-06
 Reference value :  4.24443e-06
 Reference value :  4.25282e-06
 Reference value :  4.26282e-06
 Reference value :  4.27282e-06
 Reference value :  4.28283e-06
 Reference value :  4.28406e-06
 Reference value :  4.28910e-06
 Reference value :  4.30010e-06
 Reference value :  4.31010e-06
 Reference value :  4.32010e-06
 Reference value :  4.32562e-06
 Reference value :  4.32916e-06
 Reference value :  4.33866e-06
 Reference value :  4.34916e-06
 Reference value :  4.35966e-06
 Reference value :  4.36675e-06
 Reference value :  4.36812e-06
 Reference value :  4.37844e-06
 Reference value :  4.38894e-06
 Reference value :  4.39944e-06
 Reference value :  4.40851e-06
 Reference value :  4.41109e-06
 Reference value :  4.41999e-06
 Reference value :  4.43049e-06
 Reference value :  4.44249e-06
 Reference value :  4.45009e-06
 Reference value :  4.45232e-06
 Reference value :  4.46232e-06
 Reference value :  4.47282e-06
 Reference value :  4.48332e-06
 Reference value :  4.49184e-06
 Reference value :  4.49387e-06
 Reference value :  4.50089e-06
 Reference value :  4.51089e-06
 Reference value :  4.52089e-06
 Reference value :  4.53089e-06
 Reference value :  4.53383e-06
 Reference value :  4.53506e-06
 Reference value :  4.54493e-06
 Reference value :  4.55493e-06
 Reference value :  4.56493e-06
 Reference value :  4.57465e-06
 Reference value :  4.57695e-06
 Reference value :  4.58422e-06
 Reference value :  4.59572e-06
 Reference value :  4.60722e-06
 Reference value :  4.61652e-06
 Reference value :  4.61754e-06
 Reference value :  4.62176e-06
 Reference value :  4.63176e-06
 Reference value :  4.64176e-06
 Reference value :  4.65226e-06
 Reference value :  4.65883e-06
 Reference value :  4.66053e-06
 Reference value :  4.66756e-06
 Reference value :  4.67756e-06
 Reference value :  4.68756e-06
 Reference value :  4.69756e-06
 Reference value :  4.70053e-06
 Reference value :  4.70209e-06
 Reference value :  4.71209e-06
 Reference value :  4.72209e-06
 Reference value :  4.73259e-06
 Reference value :  4.74132e-06
 Reference value :  4.74362e-06
 Reference value :  4.74989e-06
 Reference value :  4.75989e-06
 Reference value :  4.76989e-06
 Reference value :  4.77989e-06
 Reference value :  4.78383e-06
 Reference value :  4.78593e-06
 Reference value :  4.79743e-06
 Reference value :  4.80793e-06
 Reference value :  4.81793e-06
 Reference value :  4.82517e-06
 Reference value :  4.82720e-06
 Reference value :  4.83472e-06
 Reference value :  4.84522e-06
 Reference value :  4.85572e-06
 Reference value :  4.86569e-06
 Reference value :  4.86726e-06
 Reference value :  4.86926e-06
 Reference value :  4.88076e-06
 Reference value :  4.89226e-06
 Reference value :  4.90226e-06
 Reference value :  4.90883e-06
 Reference value :  4.91053e-06
 Reference value :  4.91756e-06
 Reference value :  4.92756e-06
 Reference value :  4.93806e-06
 Reference value :  4.94856e-06
 Reference value :  4.95041e-06
 Reference value :  4.95116e-06
 Reference value :  4.96023e-06
 Reference value :  4.97023e-06
 Reference value :  4.98073e-06
 Reference value :  4.99117e-06
 Reference value :  4.99340e-06
 Reference value :  4.99689e-06
 Reference value :  5.00689e-06
 Reference value :  5.01739e-06
 Reference value :  5.02739e-06
 Reference value :  5.03342e-06
 Reference value :  5.03481e-06
 Reference value :  5.04463e-06
 Reference value :  5.05463e-06
 Reference value :  5.06463e-06
 Reference value :  5.07450e-06
 Reference value :  5.07673e-06
 Reference value :  5.08322e-06
 Reference value :  5.09322e-06
 Reference value :  5.10372e-06
 Reference value :  5.11422e-06
 Reference value :  5.11726e-06
 Reference value :  5.12087e-06
 Reference value :  5.13087e-06
 Reference value :  5.14137e-06
 Reference value :  5.15187e-06
 Reference value :  5.15896e-06
 Reference value :  5.16523e-06
 Reference value :  5.17623e-06
 Reference value :  5.18673e-06
 Reference value :  5.19723e-06
 Reference value :  5.20050e-06
 Reference value :  5.20300e-06
 Reference value :  5.21450e-06
 Reference value :  5.22500e-06
 Reference value :  5.23500e-06
 Reference value :  5.24184e-06
 Reference value :  5.24655e-06
 Reference value :  5.25655e-06
 Reference value :  5.26705e-06
 Reference value :  5.27755e-06
 Reference value :  5.28342e-06
 Reference value :  5.28623e-06
 Reference value :  5.29673e-06
 Reference value :  5.30673e-06
 Reference value :  5.31673e-06
 Reference value :  5.32517e-06
 Reference value :  5.32988e-06
 Reference value :  5.33988e-06
 Reference value :  5.34988e-06
 Reference value :  5.35988e-06
 Reference value :  5.36675e-06
 Reference value :  5.36856e-06
 Reference value :  5.37906e-06
 Reference value :  5.38956e-06
 Reference value :  5.40006e-06
 Reference value :  5.40851e-06
 Reference value :  5.41372e-06
 Reference value :  5.42422e-06
 Reference value :  5.43472e-06
 Reference value :  5.44472e-06
 Reference value :  5.45009e-06
 Reference value :  5.45239e-06
 Reference value :  5.46289e-06
 Reference value :  5.47289e-06
 Reference value :  5.48339e-06
 Reference value :  5.49184e-06
 Reference value :  5.49605e-06
 Reference value :  5.50605e-06
 Reference value :  5.51605e-06
 Reference value :  5.52605e-06
 Reference value :  5.53342e-06
 Reference value :  5.53553e-06
 Reference value :  5.54603e-06
 Reference value :  5.55653e-06
 Reference value :  5.56653e-06
 Reference value :  5.57517e-06
 Reference value :  5.57994e-06
 Reference value :  5.58994e-06
 Reference value :  5.60044e-06
 Reference value :  5.61044e-06
 Reference value :  5.61675e-06
 Reference value :  5.62042e-06
 Reference value :  5.63192e-06
 Reference value :  5.64292e-06
 Reference value :  5.65292e-06
 Reference value :  5.65896e-06
 Reference value :  5.66315e-06
 Reference value :  5.67315e-06
 Reference value :  5.68315e-06
 Reference value :  5.69365e-06
 Reference value :  5.70009e-06
 Reference value :  5.70220e-06
 Reference value :  5.71270e-06
 Reference value :  5.72270e-06
 Reference value :  5.73270e-06
 Reference value :  5.74152e-06
 Reference value :  5.74388e-06
 Reference value :  5.75341e-06
 Reference value :  5.76391e-06
 Reference value :  5.77391e-06
 Reference value :  5.78298e-06
 Reference value :  5.78391e-06
 Reference value :  5.78892e-06
 Reference value :  5.79942e-06
 Reference value :  5.80942e-06
 Reference value :  5.81942e-06
 Reference value :  5.82554e-06
 Reference value :  5.83070e-06
 Reference value :  5.84170e-06
 Reference value :  5.85420e-06
 Reference value :  5.86520e-06
 Reference value :  5.86717e-06
 Reference value :  5.87016e-06
 Reference value :  5.88016e-06
 Reference value :  5.89066e-06
 Reference value :  5.90116e-06
 Reference value :  5.90883e-06
 Reference value :  5.91151e-06
 Reference value :  5.92101e-06
 Reference value :  5.93151e-06
 Reference value :  5.94151e-06
 Reference value :  5.95008e-06
 Reference value :  5.95108e-06
 Reference value :  5.95974e-06
 Reference value :  5.96974e-06
 Reference value :  5.97974e-06
 Reference value :  5.99184e-06
 Reference value :  5.99834e-06
 Reference value :  6.01084e-06
 Reference value :  6.02284e-06
 Reference value :  6.03342e-06
 Reference value :  6.03576e-06
 Reference value :  6.04876e-06
 Reference value :  6.06126e-06
 Reference value :  6.07376e-06
 Reference value :  6.07696e-06
 Reference value :  6.08916e-06
 Reference value :  6.10366e-06
 Reference value :  6.11622e-06
 Reference value :  6.11840e-06
 Reference value :  6.13290e-06
 Reference value :  6.14540e-06
 Reference value :  6.15640e-06
 Reference value :  6.16032e-06
 Reference value :  6.16973e-06
 Reference value :  6.17973e-06
 Reference value :  6.19023e-06
 Reference value :  6.19955e-06
 Reference value :  6.20063e-06
 Reference value :  6.20500e-06
 Reference value :  6.21500e-06
 Reference value :  6.22700e-06
 Reference value :  6.24084e-06
 Reference value :  6.24556e-06
 Reference value :  6.25906e-06
 Reference value :  6.27256e-06
 Reference value :  6.28333e-06
No. of Data Rows : 14150

  Measurements for Transient Analysis

d9_c1               =  -9.96925e-07
d8_c1               =  -7.37126e-07
d7_c1               =  -6.09603e-07
d6_c1               =  -5.83425e-07
d5_c1               =  -5.78041e-07
d4_c1               =  -5.81279e-07
d3_c1               =  -5.87689e-07
d2_c1               =  -5.95366e-07
d1_c1               =  -6.02179e-07
d0_c1               =  -5.96211e-07
d9_c2               =  -7.69724e-07
d8_c2               =  -9.37333e-07
d7_c2               =  -8.78330e-07
d6_c2               =  -8.70076e-07
d5_c2               =  -8.75070e-07
d4_c2               =  -8.87543e-07
d3_c2               =  -9.03515e-07
d2_c2               =  -9.17820e-07
d1_c2               =  -9.28749e-07
d0_c2               =  -9.41379e-07
d9_c3               =  1.80000e+00
d8_c3               =  1.80000e+00
d7_c3               =  -6.11959e-07
d6_c3               =  -5.84995e-07
d5_c3               =  -5.84906e-07
d4_c3               =  -5.96711e-07
d3_c3               =  -6.13617e-07
d2_c3               =  -6.29330e-07
d1_c3               =  -6.40171e-07
d0_c3               =  -6.39164e-07
d9_c4               =  1.80000e+00
d8_c4               =  1.80000e+00
d7_c4               =  1.80000e+00
d6_c4               =  -7.73537e-07
d5_c4               =  -7.74571e-07
d4_c4               =  -7.88483e-07
d3_c4               =  -8.08450e-07
d2_c4               =  -8.27652e-07
d1_c4               =  -8.41839e-07
d0_c4               =  -8.49130e-07
d9_c5               =  1.80000e+00
d8_c5               =  1.80000e+00
d7_c5               =  1.80000e+00
d6_c5               =  1.80000e+00
d5_c5               =  1.80000e+00
d4_c5               =  1.80000e+00
d3_c5               =  1.80000e+00
d2_c5               =  1.80000e+00
d1_c5               =  1.80000e+00
d0_c5               =  1.80000e+00
busy_c1_p0          =  1.80000e+00
smpl_c1_p0          =  -2.36290e-04
busy_c1_p1          =  1.80000e+00
smpl_c1_p1          =  -1.28215e-05
busy_c1_p2          =  1.80000e+00
smpl_c1_p2          =  -1.28197e-05
busy_c1_p3          =  1.80000e+00
smpl_c1_p3          =  -1.28255e-05
busy_c1_p4          =  1.80000e+00
smpl_c1_p4          =  -1.28219e-05
busy_c1_p5          =  1.80000e+00
smpl_c1_p5          =  -1.28205e-05
busy_c1_p6          =  1.80000e+00
smpl_c1_p6          =  -1.28263e-05
busy_c1_p7          =  1.80000e+00
smpl_c1_p7          =  -1.28237e-05
busy_c1_p8          =  1.80000e+00
smpl_c1_p8          =  -1.28199e-05
busy_c1_p9          =  1.80000e+00
smpl_c1_p9          =  -1.27965e-05
busy_c1_p10         =  1.80000e+00
smpl_c1_p10         =  -1.28236e-05
busy_c1_p11         =  -3.52995e-07
smpl_c1_p11         =  1.80010e+00
busy_c2_p0          =  1.80000e+00
smpl_c2_p0          =  -2.36369e-04
busy_c2_p1          =  1.80000e+00
smpl_c2_p1          =  -1.28134e-05
busy_c2_p2          =  1.80000e+00
smpl_c2_p2          =  -1.28099e-05
busy_c2_p3          =  1.80000e+00
smpl_c2_p3          =  -1.28159e-05
busy_c2_p4          =  1.80000e+00
smpl_c2_p4          =  -1.28142e-05
busy_c2_p5          =  1.80000e+00
smpl_c2_p5          =  -1.28107e-05
busy_c2_p6          =  1.80000e+00
smpl_c2_p6          =  -1.28167e-05
busy_c2_p7          =  1.80000e+00
smpl_c2_p7          =  -1.28141e-05
busy_c2_p8          =  1.80000e+00
smpl_c2_p8          =  -1.28124e-05
busy_c2_p9          =  1.80000e+00
smpl_c2_p9          =  -1.28315e-05
busy_c2_p10         =  1.80000e+00
smpl_c2_p10         =  -1.28468e-05
busy_c2_p11         =  1.59470e-06
smpl_c2_p11         =  1.80010e+00
busy_c3_p0          =  1.80000e+00
smpl_c3_p0          =  -2.36173e-04
busy_c3_p1          =  1.80000e+00
smpl_c3_p1          =  -1.25895e-05
busy_c3_p2          =  1.80000e+00
smpl_c3_p2          =  -1.27589e-05
busy_c3_p3          =  1.80000e+00
smpl_c3_p3          =  -1.27855e-05
busy_c3_p4          =  1.80000e+00
smpl_c3_p4          =  -1.27820e-05
busy_c3_p5          =  1.80000e+00
smpl_c3_p5          =  -1.27805e-05
busy_c3_p6          =  1.80000e+00
smpl_c3_p6          =  -1.27863e-05
busy_c3_p7          =  1.80000e+00
smpl_c3_p7          =  -1.27838e-05
busy_c3_p8          =  1.80000e+00
smpl_c3_p8          =  -1.27800e-05
busy_c3_p9          =  1.80000e+00
smpl_c3_p9          =  -1.27740e-05
busy_c3_p10         =  1.80000e+00
smpl_c3_p10         =  -1.27846e-05
busy_c3_p11         =  -1.06056e-07
smpl_c3_p11         =  1.80010e+00
busy_c4_p0          =  1.80000e+00
smpl_c4_p0          =  -2.36403e-04
busy_c4_p1          =  1.80000e+00
smpl_c4_p1          =  -1.27463e-05
busy_c4_p2          =  1.80000e+00
smpl_c4_p2          =  -1.27444e-05
busy_c4_p3          =  1.80000e+00
smpl_c4_p3          =  -1.28151e-05
busy_c4_p4          =  1.80000e+00
smpl_c4_p4          =  -1.27747e-05
busy_c4_p5          =  1.80000e+00
smpl_c4_p5          =  -1.27713e-05
busy_c4_p6          =  1.80000e+00
smpl_c4_p6          =  -1.27772e-05
busy_c4_p7          =  1.80000e+00
smpl_c4_p7          =  -1.27746e-05
busy_c4_p8          =  1.80000e+00
smpl_c4_p8          =  -1.27730e-05
busy_c4_p9          =  1.80000e+00
smpl_c4_p9          =  -1.27893e-05
busy_c4_p10         =  1.80000e+00
smpl_c4_p10         =  -1.28012e-05
busy_c4_p11         =  1.73918e-06
smpl_c4_p11         =  1.80010e+00
busy_c5_p0          =  1.80000e+00
smpl_c5_p0          =  -2.36482e-04
busy_c5_p1          =  1.80000e+00
smpl_c5_p1          =  -1.27675e-05
busy_c5_p2          =  1.80000e+00
smpl_c5_p2          =  -1.27656e-05
busy_c5_p3          =  1.80000e+00
smpl_c5_p3          =  -1.27714e-05
busy_c5_p4          =  1.80000e+00
smpl_c5_p4          =  -1.28161e-05
busy_c5_p5          =  1.80000e+00
smpl_c5_p5          =  -1.28418e-05
busy_c5_p6          =  1.80000e+00
smpl_c5_p6          =  -1.28591e-05
busy_c5_p7          =  1.80000e+00
smpl_c5_p7          =  -1.28238e-05
busy_c5_p8          =  1.80000e+00
smpl_c5_p8          =  -1.28218e-05
busy_c5_p9          =  1.80000e+00
smpl_c5_p9          =  -1.28572e-05
busy_c5_p10         =  1.80000e+00
smpl_c5_p10         =  -1.28158e-05
busy_c5_p11         =  1.77219e-06
smpl_c5_p11         =  1.80010e+00
i_vdd               =  -2.02325e-06 from=  3.20000e-06 to=  4.20008e-06
i_vpwr              =  -6.37805e-06 from=  3.20000e-06 to=  4.20008e-06
i_vrefp             =  -3.92389e-06 from=  3.20000e-06 to=  4.20008e-06
i_vrefn             =  3.92436e-06 from=  3.20000e-06 to=  4.20008e-06
i_vcm               =  5.28304e-10 from=  3.20000e-06 to=  4.20008e-06


Total analysis time (seconds) = 323.051

Total elapsed time (seconds) = 390.417 

Total DRAM available = 98304.000 MB.
DRAM currently available = 55159.141 MB.
Maximum ngspice program size =  582.312 MB.
Current ngspice program size =  582.312 MB.

