
Note: Compatibility modes selected: hs a


Circuit: * sim/full-conversion-transient -- end-to-end full-conversion transient

option SCALE: Scale is set to 1e-06 for instance and model parameters
option SCALE: Scale is set to 1e-06 for instance and model parameters
option SCALE: Scale is set to 1e-06 for instance and model parameters
option SCALE: Scale is set to 1e-06 for instance and model parameters
Doing analysis at TEMP = 27.000000 and TNOM = 27.000000

Using KLU as Direct Linear Solver
 Reference value :  0.00000e+00
 Reference value :  1.11400e-08
 Reference value :  2.10500e-08
 Reference value :  3.02500e-08
 Reference value :  4.02500e-08
 Reference value :  5.02500e-08
 Reference value :  6.02500e-08
 Reference value :  7.02500e-08
 Reference value :  8.02500e-08
 Reference value :  9.07500e-08
 Reference value :  1.00750e-07
 Reference value :  1.10750e-07
 Reference value :  1.20750e-07
 Reference value :  1.34750e-07
 Reference value :  1.49750e-07
 Reference value :  1.64750e-07
 Reference value :  1.78750e-07
 Reference value :  1.93250e-07
 Reference value :  2.00292e-07
 Reference value :  2.01167e-07
 Reference value :  2.08064e-07
 Reference value :  2.21064e-07
 Reference value :  2.31564e-07
 Reference value :  2.41167e-07
 Reference value :  2.43897e-07
 Reference value :  2.51972e-07
 Reference value :  2.61972e-07
 Reference value :  2.71972e-07
 Reference value :  2.81972e-07
 Reference value :  2.83870e-07
 Reference value :  2.86168e-07
 Reference value :  2.96168e-07
 Reference value :  3.06168e-07
 Reference value :  3.16668e-07
 Reference value :  3.25500e-07
 Reference value :  3.28302e-07
 Reference value :  3.37802e-07
 Reference value :  3.47802e-07
 Reference value :  3.58302e-07
 Reference value :  3.66766e-07
 Reference value :  3.67878e-07
 Reference value :  3.76001e-07
 Reference value :  3.86001e-07
 Reference value :  3.96001e-07
 Reference value :  4.06001e-07
 Reference value :  4.09910e-07
 Reference value :  4.14636e-07
 Reference value :  4.24636e-07
 Reference value :  4.35136e-07
 Reference value :  4.45636e-07
 Reference value :  4.50300e-07
 Reference value :  4.51834e-07
 Reference value :  4.62334e-07
 Reference value :  4.72834e-07
 Reference value :  4.82834e-07
 Reference value :  4.91517e-07
 Reference value :  4.93896e-07
 Reference value :  5.02969e-07
 Reference value :  5.12969e-07
 Reference value :  5.22969e-07
 Reference value :  5.32401e-07
 Reference value :  5.33870e-07
 Reference value :  5.36168e-07
 Reference value :  5.46168e-07
 Reference value :  5.56668e-07
 Reference value :  5.67168e-07
 Reference value :  5.75175e-07
 Reference value :  5.77230e-07
 Reference value :  5.86302e-07
 Reference value :  5.96302e-07
 Reference value :  6.06302e-07
 Reference value :  6.16167e-07
 Reference value :  6.17277e-07
 Reference value :  6.20001e-07
 Reference value :  6.30001e-07
 Reference value :  6.40001e-07
 Reference value :  6.50001e-07
 Reference value :  6.58508e-07
 Reference value :  6.60563e-07
 Reference value :  6.69135e-07
 Reference value :  6.79635e-07
 Reference value :  6.89635e-07
 Reference value :  6.99550e-07
 Reference value :  7.00939e-07
 Reference value :  7.06834e-07
 Reference value :  7.17834e-07
 Reference value :  7.28834e-07
 Reference value :  7.40334e-07
 Reference value :  7.43896e-07
 Reference value :  7.52969e-07
 Reference value :  7.64469e-07
 Reference value :  7.75469e-07
 Reference value :  7.83433e-07
 Reference value :  7.84770e-07
 Reference value :  7.95668e-07
 Reference value :  8.07668e-07
 Reference value :  8.19168e-07
 Reference value :  8.25850e-07
 Reference value :  8.29802e-07
 Reference value :  8.40802e-07
 Reference value :  8.52802e-07
 Reference value :  8.65302e-07
 Reference value :  8.67277e-07
 Reference value :  8.71001e-07
 Reference value :  8.82501e-07
 Reference value :  8.92501e-07
 Reference value :  9.03001e-07
 Reference value :  9.08983e-07
 Reference value :  9.12135e-07
 Reference value :  9.22135e-07
 Reference value :  9.32135e-07
 Reference value :  9.42135e-07
 Reference value :  9.50100e-07
 Reference value :  9.51211e-07
 Reference value :  9.59334e-07
 Reference value :  9.69834e-07
 Reference value :  9.80334e-07
 Reference value :  9.91167e-07
 Reference value :  9.93896e-07
 Reference value :  1.00247e-06
 Reference value :  1.01247e-06
 Reference value :  1.02247e-06
 Reference value :  1.03240e-06
 Reference value :  1.03394e-06
 Reference value :  1.03866e-06
 Reference value :  1.05116e-06
 Reference value :  1.06366e-06
 Reference value :  1.07485e-06
 Reference value :  1.07930e-06
 Reference value :  1.09180e-06
 Reference value :  1.10380e-06
 Reference value :  1.11530e-06
 Reference value :  1.11739e-06
 Reference value :  1.12163e-06
 Reference value :  1.13213e-06
 Reference value :  1.14213e-06
 Reference value :  1.15263e-06
 Reference value :  1.15898e-06
 Reference value :  1.16271e-06
 Reference value :  1.17271e-06
 Reference value :  1.18271e-06
 Reference value :  1.19271e-06
 Reference value :  1.20008e-06
 Reference value :  1.20110e-06
 Reference value :  1.20557e-06
 Reference value :  1.21457e-06
 Reference value :  1.22707e-06
 Reference value :  1.24252e-06
 Reference value :  1.24400e-06
 Reference value :  1.25249e-06
 Reference value :  1.26249e-06
 Reference value :  1.27299e-06
 Reference value :  1.28283e-06
 Reference value :  1.28394e-06
 Reference value :  1.28561e-06
 Reference value :  1.29561e-06
 Reference value :  1.30561e-06
 Reference value :  1.31561e-06
 Reference value :  1.32465e-06
 Reference value :  1.32707e-06
 Reference value :  1.33482e-06
 Reference value :  1.34482e-06
 Reference value :  1.35532e-06
 Reference value :  1.36532e-06
 Reference value :  1.36720e-06
 Reference value :  1.36847e-06
 Reference value :  1.37844e-06
 Reference value :  1.38894e-06
 Reference value :  1.39894e-06
 Reference value :  1.40883e-06
 Reference value :  1.41066e-06
 Reference value :  1.41966e-06
 Reference value :  1.42966e-06
 Reference value :  1.43966e-06
 Reference value :  1.44950e-06
 Reference value :  1.45061e-06
 Reference value :  1.45227e-06
 Reference value :  1.46277e-06
 Reference value :  1.47327e-06
 Reference value :  1.48377e-06
 Reference value :  1.49217e-06
 Reference value :  1.49374e-06
 Reference value :  1.50099e-06
 Reference value :  1.51099e-06
 Reference value :  1.52099e-06
 Reference value :  1.53099e-06
 Reference value :  1.53383e-06
 Reference value :  1.53477e-06
 Reference value :  1.54411e-06
 Reference value :  1.55411e-06
 Reference value :  1.56411e-06
 Reference value :  1.57405e-06
 Reference value :  1.57651e-06
 Reference value :  1.58032e-06
 Reference value :  1.59082e-06
 Reference value :  1.60082e-06
 Reference value :  1.61082e-06
 Reference value :  1.61677e-06
 Reference value :  1.61788e-06
 Reference value :  1.62594e-06
 Reference value :  1.63644e-06
 Reference value :  1.64694e-06
 Reference value :  1.65739e-06
 Reference value :  1.65985e-06
 Reference value :  1.66366e-06
 Reference value :  1.67466e-06
 Reference value :  1.68566e-06
 Reference value :  1.69566e-06
 Reference value :  1.70030e-06
 Reference value :  1.70132e-06
 Reference value :  1.70977e-06
 Reference value :  1.71977e-06
 Reference value :  1.72977e-06
 Reference value :  1.73977e-06
 Reference value :  1.74318e-06
 Reference value :  1.74699e-06
 Reference value :  1.75699e-06
 Reference value :  1.76749e-06
 Reference value :  1.77799e-06
 Reference value :  1.78343e-06
 Reference value :  1.78455e-06
 Reference value :  1.79311e-06
 Reference value :  1.80511e-06
 Reference value :  1.81661e-06
 Reference value :  1.82517e-06
 Reference value :  1.82707e-06
 Reference value :  1.83432e-06
 Reference value :  1.84432e-06
 Reference value :  1.85432e-06
 Reference value :  1.86482e-06
 Reference value :  1.86717e-06
 Reference value :  1.86810e-06
 Reference value :  1.87744e-06
 Reference value :  1.88744e-06
 Reference value :  1.89994e-06
 Reference value :  1.90888e-06
 Reference value :  1.91266e-06
 Reference value :  1.92566e-06
 Reference value :  1.93866e-06
 Reference value :  1.94982e-06
 Reference value :  1.95102e-06
 Reference value :  1.95523e-06
 Reference value :  1.96523e-06
 Reference value :  1.97573e-06
 Reference value :  1.98573e-06
 Reference value :  1.99222e-06
 Reference value :  1.99374e-06
 Reference value :  2.00199e-06
 Reference value :  2.01149e-06
 Reference value :  2.02149e-06
 Reference value :  2.03241e-06
 Reference value :  2.03387e-06
 Reference value :  2.03660e-06
 Reference value :  2.04660e-06
 Reference value :  2.05660e-06
 Reference value :  2.06660e-06
 Reference value :  2.07517e-06
 Reference value :  2.07733e-06
 Reference value :  2.08632e-06
 Reference value :  2.09982e-06
 Reference value :  2.11382e-06
 Reference value :  2.11769e-06
 Reference value :  2.12610e-06
 Reference value :  2.13610e-06
 Reference value :  2.14610e-06
 Reference value :  2.15610e-06
 Reference value :  2.15985e-06
 Reference value :  2.16527e-06
 Reference value :  2.17527e-06
 Reference value :  2.18577e-06
 Reference value :  2.19627e-06
 Reference value :  2.20029e-06
 Reference value :  2.20132e-06
 Reference value :  2.21089e-06
 Reference value :  2.22139e-06
 Reference value :  2.23389e-06
 Reference value :  2.24222e-06
 Reference value :  2.24411e-06
 Reference value :  2.25122e-06
 Reference value :  2.26122e-06
 Reference value :  2.27122e-06
 Reference value :  2.28172e-06
 Reference value :  2.28387e-06
 Reference value :  2.28721e-06
 Reference value :  2.29721e-06
 Reference value :  2.30821e-06
 Reference value :  2.32021e-06
 Reference value :  2.32658e-06
 Reference value :  2.32905e-06
 Reference value :  2.33855e-06
 Reference value :  2.34855e-06
 Reference value :  2.35855e-06
 Reference value :  2.36677e-06
 Reference value :  2.36811e-06
 Reference value :  2.37904e-06
 Reference value :  2.39004e-06
 Reference value :  2.40004e-06
 Reference value :  2.40851e-06
 Reference value :  2.41050e-06
 Reference value :  2.42139e-06
 Reference value :  2.43389e-06
 Reference value :  2.44589e-06
 Reference value :  2.45110e-06
 Reference value :  2.46487e-06
 Reference value :  2.48137e-06
 Reference value :  2.49184e-06
 Reference value :  2.49411e-06
 Reference value :  2.50372e-06
 Reference value :  2.51622e-06
 Reference value :  2.52872e-06
 Reference value :  2.53363e-06
 Reference value :  2.53621e-06
 Reference value :  2.54821e-06
 Reference value :  2.56021e-06
 Reference value :  2.57021e-06
 Reference value :  2.57565e-06
 Reference value :  2.57774e-06
 Reference value :  2.58655e-06
 Reference value :  2.59705e-06
 Reference value :  2.60805e-06
 Reference value :  2.61677e-06
 Reference value :  2.61798e-06
 Reference value :  2.62654e-06
 Reference value :  2.63654e-06
 Reference value :  2.64604e-06
 Reference value :  2.65654e-06
 Reference value :  2.65991e-06
 Reference value :  2.66239e-06
 Reference value :  2.67139e-06
 Reference value :  2.68139e-06
 Reference value :  2.69239e-06
 Reference value :  2.70010e-06
 Reference value :  2.70587e-06
 Reference value :  2.71687e-06
 Reference value :  2.72887e-06
 Reference value :  2.73937e-06
 Reference value :  2.74325e-06
 Reference value :  2.74572e-06
 Reference value :  2.75472e-06
 Reference value :  2.76472e-06
 Reference value :  2.77472e-06
 Reference value :  2.78318e-06
 Reference value :  2.78428e-06
 Reference value :  2.78870e-06
 Reference value :  2.80070e-06
 Reference value :  2.81320e-06
 Reference value :  2.82465e-06
 Reference value :  2.82716e-06
 Reference value :  2.83405e-06
 Reference value :  2.84455e-06
 Reference value :  2.85455e-06
 Reference value :  2.86505e-06
 Reference value :  2.86717e-06
 Reference value :  2.86904e-06
 Reference value :  2.87954e-06
 Reference value :  2.88954e-06
 Reference value :  2.89954e-06
 Reference value :  2.90818e-06
 Reference value :  2.91050e-06
 Reference value :  2.91639e-06
 Reference value :  2.92639e-06
 Reference value :  2.93639e-06
 Reference value :  2.94639e-06
 Reference value :  2.95050e-06
 Reference value :  2.95151e-06
 Reference value :  2.96123e-06
 Reference value :  2.97173e-06
 Reference value :  2.98223e-06
 Reference value :  2.99184e-06
 Reference value :  2.99440e-06
 Reference value :  3.00522e-06
 Reference value :  3.01672e-06
 Reference value :  3.02722e-06
 Reference value :  3.03343e-06
 Reference value :  3.03492e-06
 Reference value :  3.04520e-06
 Reference value :  3.05520e-06
 Reference value :  3.06520e-06
 Reference value :  3.07455e-06
 Reference value :  3.07691e-06
 Reference value :  3.08455e-06
 Reference value :  3.09455e-06
 Reference value :  3.10455e-06
 Reference value :  3.11455e-06
 Reference value :  3.11720e-06
 Reference value :  3.11916e-06
 Reference value :  3.12916e-06
 Reference value :  3.13966e-06
 Reference value :  3.14966e-06
 Reference value :  3.15818e-06
 Reference value :  3.16104e-06
 Reference value :  3.16946e-06
 Reference value :  3.17996e-06
 Reference value :  3.18996e-06
 Reference value :  3.19955e-06
 Reference value :  3.20058e-06
 Reference value :  3.20486e-06
 Reference value :  3.21536e-06
 Reference value :  3.22686e-06
 Reference value :  3.23936e-06
 Reference value :  3.24286e-06
 Reference value :  3.24475e-06
 Reference value :  3.25387e-06
 Reference value :  3.26987e-06
 Reference value :  3.28288e-06
 Reference value :  3.28346e-06
 Reference value :  3.28448e-06
 Reference value :  3.29310e-06
 Reference value :  3.30310e-06
 Reference value :  3.31360e-06
 Reference value :  3.32405e-06
 Reference value :  3.32737e-06
 Reference value :  3.33223e-06
 Reference value :  3.34223e-06
 Reference value :  3.35223e-06
 Reference value :  3.36223e-06
 Reference value :  3.36697e-06
 Reference value :  3.36950e-06
 Reference value :  3.37950e-06
 Reference value :  3.39000e-06
 Reference value :  3.40000e-06
 Reference value :  3.40851e-06
 Reference value :  3.41040e-06
 Reference value :  3.41810e-06
 Reference value :  3.42860e-06
 Reference value :  3.43860e-06
 Reference value :  3.44860e-06
 Reference value :  3.45054e-06
 Reference value :  3.45175e-06
 Reference value :  3.46159e-06
 Reference value :  3.47159e-06
 Reference value :  3.48159e-06
 Reference value :  3.49117e-06
 Reference value :  3.49318e-06
 Reference value :  3.49640e-06
 Reference value :  3.50640e-06
 Reference value :  3.51640e-06
 Reference value :  3.52640e-06
 Reference value :  3.53343e-06
 Reference value :  3.53454e-06
 Reference value :  3.54293e-06
 Reference value :  3.55343e-06
 Reference value :  3.56393e-06
 Reference value :  3.57393e-06
 Reference value :  3.57651e-06
 Reference value :  3.57973e-06
 Reference value :  3.58973e-06
 Reference value :  3.60023e-06
 Reference value :  3.61073e-06
 Reference value :  3.61677e-06
 Reference value :  3.61788e-06
 Reference value :  3.62626e-06
 Reference value :  3.63626e-06
 Reference value :  3.64626e-06
 Reference value :  3.65676e-06
 Reference value :  3.65985e-06
 Reference value :  3.66306e-06
 Reference value :  3.67306e-06
 Reference value :  3.68306e-06
 Reference value :  3.69306e-06
 Reference value :  3.70010e-06
 Reference value :  3.70121e-06
 Reference value :  3.70909e-06
 Reference value :  3.71909e-06
 Reference value :  3.72959e-06
 Reference value :  3.73959e-06
 Reference value :  3.74318e-06
 Reference value :  3.74590e-06
 Reference value :  3.75540e-06
 Reference value :  3.76540e-06
 Reference value :  3.77540e-06
 Reference value :  3.78343e-06
 Reference value :  3.78454e-06
 Reference value :  3.79243e-06
 Reference value :  3.80243e-06
 Reference value :  3.81293e-06
 Reference value :  3.82343e-06
 Reference value :  3.82651e-06
 Reference value :  3.83023e-06
 Reference value :  3.84073e-06
 Reference value :  3.85123e-06
 Reference value :  3.86123e-06
 Reference value :  3.86677e-06
 Reference value :  3.86788e-06
 Reference value :  3.87576e-06
 Reference value :  3.88576e-06
 Reference value :  3.89576e-06
 Reference value :  3.90576e-06
 Reference value :  3.90985e-06
 Reference value :  3.91306e-06
 Reference value :  3.92306e-06
 Reference value :  3.93356e-06
 Reference value :  3.94356e-06
 Reference value :  3.95025e-06
 Reference value :  3.95122e-06
 Reference value :  3.96025e-06
 Reference value :  3.97175e-06
 Reference value :  3.98175e-06
 Reference value :  3.99122e-06
 Reference value :  3.99350e-06
 Reference value :  3.99740e-06
 Reference value :  4.00740e-06
 Reference value :  4.01740e-06
 Reference value :  4.02740e-06
 Reference value :  4.03343e-06
 Reference value :  4.03454e-06
 Reference value :  4.04242e-06
 Reference value :  4.05292e-06
 Reference value :  4.06342e-06
 Reference value :  4.07342e-06
 Reference value :  4.07651e-06
 Reference value :  4.08323e-06
 Reference value :  4.09323e-06
 Reference value :  4.10323e-06
 Reference value :  4.11373e-06
 Reference value :  4.11720e-06
 Reference value :  4.11952e-06
 Reference value :  4.12952e-06
 Reference value :  4.14002e-06
 Reference value :  4.15002e-06
 Reference value :  4.15851e-06
 Reference value :  4.16042e-06
 Reference value :  4.16919e-06
 Reference value :  4.17919e-06
 Reference value :  4.18919e-06
 Reference value :  4.19950e-06
 Reference value :  4.20058e-06
 Reference value :  4.20382e-06
 Reference value :  4.21382e-06
 Reference value :  4.22432e-06
 Reference value :  4.23432e-06
 Reference value :  4.24217e-06
 Reference value :  4.24478e-06
 Reference value :  4.25371e-06
 Reference value :  4.26371e-06
 Reference value :  4.27371e-06
 Reference value :  4.28288e-06
 Reference value :  4.28409e-06
 Reference value :  4.28970e-06
 Reference value :  4.30020e-06
 Reference value :  4.31020e-06
 Reference value :  4.32020e-06
 Reference value :  4.32585e-06
 Reference value :  4.33104e-06
 Reference value :  4.34154e-06
 Reference value :  4.35154e-06
 Reference value :  4.36154e-06
 Reference value :  4.36677e-06
 Reference value :  4.36717e-06
 Reference value :  4.37103e-06
 Reference value :  4.38103e-06
 Reference value :  4.39103e-06
 Reference value :  4.40103e-06
 Reference value :  4.40883e-06
 Reference value :  4.41144e-06
 Reference value :  4.42038e-06
 Reference value :  4.43038e-06
 Reference value :  4.44038e-06
 Reference value :  4.44955e-06
 Reference value :  4.45012e-06
 Reference value :  4.45113e-06
 Reference value :  4.46026e-06
 Reference value :  4.47126e-06
 Reference value :  4.48276e-06
 Reference value :  4.49184e-06
 Reference value :  4.49383e-06
 Reference value :  4.50023e-06
 Reference value :  4.51073e-06
 Reference value :  4.52073e-06
 Reference value :  4.53073e-06
 Reference value :  4.53363e-06
 Reference value :  4.53492e-06
 Reference value :  4.54421e-06
 Reference value :  4.55471e-06
 Reference value :  4.56471e-06
 Reference value :  4.57411e-06
 Reference value :  4.57691e-06
 Reference value :  4.58056e-06
 Reference value :  4.59056e-06
 Reference value :  4.60056e-06
 Reference value :  4.61056e-06
 Reference value :  4.61677e-06
 Reference value :  4.61787e-06
 Reference value :  4.62605e-06
 Reference value :  4.63605e-06
 Reference value :  4.64605e-06
 Reference value :  4.65605e-06
 Reference value :  4.65991e-06
 Reference value :  4.66289e-06
 Reference value :  4.67389e-06
 Reference value :  4.68489e-06
 Reference value :  4.69489e-06
 Reference value :  4.70010e-06
 Reference value :  4.70120e-06
 Reference value :  4.70938e-06
 Reference value :  4.71988e-06
 Reference value :  4.73038e-06
 Reference value :  4.74038e-06
 Reference value :  4.74325e-06
 Reference value :  4.74523e-06
 Reference value :  4.75523e-06
 Reference value :  4.76673e-06
 Reference value :  4.77673e-06
 Reference value :  4.78343e-06
 Reference value :  4.78453e-06
 Reference value :  4.79221e-06
 Reference value :  4.80221e-06
 Reference value :  4.81221e-06
 Reference value :  4.82271e-06
 Reference value :  4.82658e-06
 Reference value :  4.82906e-06
 Reference value :  4.83856e-06
 Reference value :  4.84856e-06
 Reference value :  4.85856e-06
 Reference value :  4.86677e-06
 Reference value :  4.86798e-06
 Reference value :  4.87705e-06
 Reference value :  4.88755e-06
 Reference value :  4.89755e-06
 Reference value :  4.90744e-06
 Reference value :  4.91024e-06
 Reference value :  4.91389e-06
 Reference value :  4.92389e-06
 Reference value :  4.93389e-06
 Reference value :  4.94389e-06
 Reference value :  4.95025e-06
 Reference value :  4.95112e-06
 Reference value :  4.95723e-06
 Reference value :  4.96723e-06
 Reference value :  4.97723e-06
 Reference value :  4.98723e-06
 Reference value :  4.99252e-06
 Reference value :  4.99441e-06
 Reference value :  5.00273e-06
 Reference value :  5.01323e-06
 Reference value :  5.02373e-06
 Reference value :  5.03298e-06
 Reference value :  5.03409e-06
 Reference value :  5.03921e-06
 Reference value :  5.04971e-06
 Reference value :  5.06021e-06
 Reference value :  5.07021e-06
 Reference value :  5.07585e-06
 Reference value :  5.08006e-06
 Reference value :  5.09006e-06
 Reference value :  5.10006e-06
 Reference value :  5.11006e-06
 Reference value :  5.11677e-06
 Reference value :  5.11791e-06
 Reference value :  5.12654e-06
 Reference value :  5.13654e-06
 Reference value :  5.14704e-06
 Reference value :  5.15704e-06
 Reference value :  5.15985e-06
 Reference value :  5.16727e-06
 Reference value :  5.17727e-06
 Reference value :  5.18727e-06
 Reference value :  5.19727e-06
 Reference value :  5.20050e-06
 Reference value :  5.20181e-06
 Reference value :  5.21181e-06
 Reference value :  5.22181e-06
 Reference value :  5.23181e-06
 Reference value :  5.24122e-06
 Reference value :  5.24350e-06
 Reference value :  5.25153e-06
 Reference value :  5.26153e-06
 Reference value :  5.27203e-06
 Reference value :  5.28203e-06
 Reference value :  5.28387e-06
 Reference value :  5.28753e-06
 Reference value :  5.29803e-06
 Reference value :  5.30803e-06
 Reference value :  5.31803e-06
 Reference value :  5.32550e-06
 Reference value :  5.32836e-06
 Reference value :  5.33836e-06
 Reference value :  5.34836e-06
 Reference value :  5.35836e-06
 Reference value :  5.36677e-06
 Reference value :  5.36808e-06
 Reference value :  5.37787e-06
 Reference value :  5.38787e-06
 Reference value :  5.39837e-06
 Reference value :  5.40788e-06
 Reference value :  5.41017e-06
 Reference value :  5.41819e-06
 Reference value :  5.42819e-06
 Reference value :  5.43819e-06
 Reference value :  5.44819e-06
 Reference value :  5.45012e-06
 Reference value :  5.45128e-06
 Reference value :  5.46158e-06
 Reference value :  5.47308e-06
 Reference value :  5.48308e-06
 Reference value :  5.49152e-06
 Reference value :  5.49374e-06
 Reference value :  5.50253e-06
 Reference value :  5.51253e-06
 Reference value :  5.52303e-06
 Reference value :  5.53283e-06
 Reference value :  5.53383e-06
 Reference value :  5.53714e-06
 Reference value :  5.54714e-06
 Reference value :  5.55714e-06
 Reference value :  5.56714e-06
 Reference value :  5.57517e-06
 Reference value :  5.57709e-06
 Reference value :  5.58592e-06
 Reference value :  5.59592e-06
 Reference value :  5.60592e-06
 Reference value :  5.61579e-06
 Reference value :  5.61697e-06
 Reference value :  5.61946e-06
 Reference value :  5.62946e-06
 Reference value :  5.63996e-06
 Reference value :  5.64996e-06
 Reference value :  5.65883e-06
 Reference value :  5.66168e-06
 Reference value :  5.67418e-06
 Reference value :  5.68518e-06
 Reference value :  5.69518e-06
 Reference value :  5.70010e-06
 Reference value :  5.70030e-06
 Reference value :  5.70279e-06
 Reference value :  5.71279e-06
 Reference value :  5.72379e-06
 Reference value :  5.73379e-06
 Reference value :  5.74184e-06
 Reference value :  5.74452e-06
 Reference value :  5.75445e-06
 Reference value :  5.76445e-06
 Reference value :  5.77445e-06
 Reference value :  5.78318e-06
 Reference value :  5.78363e-06
 Reference value :  5.78600e-06
 Reference value :  5.79950e-06
 Reference value :  5.81350e-06
 Reference value :  5.82550e-06
 Reference value :  5.83229e-06
 Reference value :  5.84429e-06
 Reference value :  5.85679e-06
 Reference value :  5.86675e-06
 Reference value :  5.86829e-06
 Reference value :  5.88068e-06
 Reference value :  5.89368e-06
 Reference value :  5.90718e-06
 Reference value :  5.91079e-06
 Reference value :  5.92296e-06
 Reference value :  5.93646e-06
 Reference value :  5.94955e-06
 Reference value :  5.95011e-06
 Reference value :  5.95100e-06
 Reference value :  5.95754e-06
 Reference value :  5.96754e-06
 Reference value :  5.97754e-06
 Reference value :  5.98804e-06
 Reference value :  5.99252e-06
 Reference value :  5.99628e-06
 Reference value :  6.00578e-06
 Reference value :  6.01828e-06
 Reference value :  6.03178e-06
 Reference value :  6.03413e-06
 Reference value :  6.04232e-06
 Reference value :  6.05582e-06
 Reference value :  6.06882e-06
 Reference value :  6.07658e-06
 Reference value :  6.08611e-06
 Reference value :  6.09961e-06
 Reference value :  6.11211e-06
 Reference value :  6.11739e-06
 Reference value :  6.12514e-06
 Reference value :  6.13914e-06
 Reference value :  6.15264e-06
 Reference value :  6.15985e-06
 Reference value :  6.17074e-06
 Reference value :  6.18574e-06
 Reference value :  6.19874e-06
 Reference value :  6.20076e-06
 Reference value :  6.20932e-06
 Reference value :  6.22232e-06
 Reference value :  6.23532e-06
 Reference value :  6.24285e-06
 Reference value :  6.25254e-06
 Reference value :  6.26604e-06
 Reference value :  6.27854e-06
No. of Data Rows : 14135

  Measurements for Transient Analysis

d9_c1               =  -1.06247e-07
d8_c1               =  -4.25796e-07
d7_c1               =  -1.48369e-07
d6_c1               =  -8.13588e-08
d5_c1               =  -5.88626e-08
d4_c1               =  -5.18674e-08
d3_c1               =  -5.13826e-08
d2_c1               =  -5.18440e-08
d1_c1               =  -5.40016e-08
d0_c1               =  -5.66277e-08
d9_c2               =  -1.93750e-07
d8_c2               =  -2.50293e-07
d7_c2               =  -1.20953e-07
d6_c2               =  -9.27164e-08
d5_c2               =  -8.73355e-08
d4_c2               =  -9.19492e-08
d3_c2               =  -1.01182e-07
d2_c2               =  -1.10462e-07
d1_c2               =  -1.16170e-07
d0_c2               =  -1.20469e-07
d9_c3               =  1.80001e+00
d8_c3               =  1.80001e+00
d7_c3               =  -3.60730e-07
d6_c3               =  -2.71707e-07
d5_c3               =  -2.44827e-07
d4_c3               =  -2.40592e-07
d3_c3               =  -2.45853e-07
d2_c3               =  -2.55313e-07
d1_c3               =  -2.64468e-07
d0_c3               =  -2.77346e-07
d9_c4               =  1.80001e+00
d8_c4               =  1.80001e+00
d7_c4               =  1.80001e+00
d6_c4               =  -2.06323e-07
d5_c4               =  -1.78308e-07
d4_c4               =  -1.75080e-07
d3_c4               =  -1.83636e-07
d2_c4               =  -1.95313e-07
d1_c4               =  -2.03408e-07
d0_c4               =  -2.09948e-07
d9_c5               =  1.80001e+00
d8_c5               =  1.80001e+00
d7_c5               =  1.80001e+00
d6_c5               =  1.80001e+00
d5_c5               =  1.80001e+00
d4_c5               =  1.80001e+00
d3_c5               =  1.80001e+00
d2_c5               =  1.80001e+00
d1_c5               =  1.80001e+00
d0_c5               =  1.80001e+00
busy_c1_p0          =  1.80000e+00
smpl_c1_p0          =  -9.83033e-05
busy_c1_p1          =  1.80000e+00
smpl_c1_p1          =  4.03567e-06
busy_c1_p2          =  1.80000e+00
smpl_c1_p2          =  4.03368e-06
busy_c1_p3          =  1.80000e+00
smpl_c1_p3          =  4.03534e-06
busy_c1_p4          =  1.80000e+00
smpl_c1_p4          =  4.03281e-06
busy_c1_p5          =  1.80000e+00
smpl_c1_p5          =  4.03333e-06
busy_c1_p6          =  1.80000e+00
smpl_c1_p6          =  4.03515e-06
busy_c1_p7          =  1.80000e+00
smpl_c1_p7          =  4.03416e-06
busy_c1_p8          =  1.80000e+00
smpl_c1_p8          =  4.03148e-06
busy_c1_p9          =  1.80000e+00
smpl_c1_p9          =  4.03589e-06
busy_c1_p10         =  1.80000e+00
smpl_c1_p10         =  4.03454e-06
busy_c1_p11         =  -1.01726e-06
smpl_c1_p11         =  1.80004e+00
busy_c2_p0          =  1.80000e+00
smpl_c2_p0          =  -9.85523e-05
busy_c2_p1          =  1.80000e+00
smpl_c2_p1          =  4.00018e-06
busy_c2_p2          =  1.80000e+00
smpl_c2_p2          =  3.99815e-06
busy_c2_p3          =  1.80000e+00
smpl_c2_p3          =  3.99984e-06
busy_c2_p4          =  1.80000e+00
smpl_c2_p4          =  3.99726e-06
busy_c2_p5          =  1.80000e+00
smpl_c2_p5          =  3.99782e-06
busy_c2_p6          =  1.80000e+00
smpl_c2_p6          =  3.99967e-06
busy_c2_p7          =  1.80000e+00
smpl_c2_p7          =  3.99865e-06
busy_c2_p8          =  1.80000e+00
smpl_c2_p8          =  3.99591e-06
busy_c2_p9          =  1.80000e+00
smpl_c2_p9          =  4.01566e-06
busy_c2_p10         =  1.80000e+00
smpl_c2_p10         =  3.99948e-06
busy_c2_p11         =  -1.01586e-06
smpl_c2_p11         =  1.80004e+00
busy_c3_p0          =  1.80000e+00
smpl_c3_p0          =  -9.83993e-05
busy_c3_p1          =  1.80000e+00
smpl_c3_p1          =  4.20910e-06
busy_c3_p2          =  1.80000e+00
smpl_c3_p2          =  4.08118e-06
busy_c3_p3          =  1.80000e+00
smpl_c3_p3          =  4.06073e-06
busy_c3_p4          =  1.80000e+00
smpl_c3_p4          =  4.06091e-06
busy_c3_p5          =  1.80000e+00
smpl_c3_p5          =  4.05873e-06
busy_c3_p6          =  1.80000e+00
smpl_c3_p6          =  4.06060e-06
busy_c3_p7          =  1.80000e+00
smpl_c3_p7          =  4.05971e-06
busy_c3_p8          =  1.80000e+00
smpl_c3_p8          =  4.06021e-06
busy_c3_p9          =  1.80000e+00
smpl_c3_p9          =  4.06052e-06
busy_c3_p10         =  1.80000e+00
smpl_c3_p10         =  4.05959e-06
busy_c3_p11         =  1.28437e-06
smpl_c3_p11         =  1.80004e+00
busy_c4_p0          =  1.80000e+00
smpl_c4_p0          =  -9.85305e-05
busy_c4_p1          =  1.80000e+00
smpl_c4_p1          =  4.07489e-06
busy_c4_p2          =  1.80000e+00
smpl_c4_p2          =  4.07278e-06
busy_c4_p3          =  1.80000e+00
smpl_c4_p3          =  4.04028e-06
busy_c4_p4          =  1.80000e+00
smpl_c4_p4          =  4.03439e-06
busy_c4_p5          =  1.80000e+00
smpl_c4_p5          =  4.03494e-06
busy_c4_p6          =  1.80000e+00
smpl_c4_p6          =  4.03680e-06
busy_c4_p7          =  1.80000e+00
smpl_c4_p7          =  4.03578e-06
busy_c4_p8          =  1.80000e+00
smpl_c4_p8          =  4.03302e-06
busy_c4_p9          =  1.80000e+00
smpl_c4_p9          =  4.04937e-06
busy_c4_p10         =  1.80000e+00
smpl_c4_p10         =  4.03654e-06
busy_c4_p11         =  -1.06754e-06
smpl_c4_p11         =  1.80004e+00
busy_c5_p0          =  1.80000e+00
smpl_c5_p0          =  -9.85323e-05
busy_c5_p1          =  1.80000e+00
smpl_c5_p1          =  4.07559e-06
busy_c5_p2          =  1.80000e+00
smpl_c5_p2          =  4.07356e-06
busy_c5_p3          =  1.80000e+00
smpl_c5_p3          =  4.07472e-06
busy_c5_p4          =  1.80000e+00
smpl_c5_p4          =  4.04277e-06
busy_c5_p5          =  1.80000e+00
smpl_c5_p5          =  4.02080e-06
busy_c5_p6          =  1.80000e+00
smpl_c5_p6          =  4.01534e-06
busy_c5_p7          =  1.80000e+00
smpl_c5_p7          =  4.00846e-06
busy_c5_p8          =  1.80000e+00
smpl_c5_p8          =  4.02958e-06
busy_c5_p9          =  1.80000e+00
smpl_c5_p9          =  4.01227e-06
busy_c5_p10         =  1.80000e+00
smpl_c5_p10         =  4.03444e-06
busy_c5_p11         =  -1.09795e-06
smpl_c5_p11         =  1.80004e+00
i_vdd               =  -2.04950e-06 from=  3.20000e-06 to=  4.20008e-06
i_vpwr              =  -6.22318e-06 from=  3.20000e-06 to=  4.20008e-06
i_vrefp             =  -3.87958e-06 from=  3.20000e-06 to=  4.20008e-06
i_vrefn             =  3.87985e-06 from=  3.20000e-06 to=  4.20008e-06
i_vcm               =  2.25866e-10 from=  3.20000e-06 to=  4.20008e-06


Total analysis time (seconds) = 331.415

Total elapsed time (seconds) = 397.467 

Total DRAM available = 98304.000 MB.
DRAM currently available = 55369.078 MB.
Maximum ngspice program size =  582.203 MB.
Current ngspice program size =  582.203 MB.

