
Note: Compatibility modes selected: hs a


Circuit: * sim/full-conversion-transient -- end-to-end full-conversion transient

option SCALE: Scale is set to 1e-06 for instance and model parameters
option SCALE: Scale is set to 1e-06 for instance and model parameters
option SCALE: Scale is set to 1e-06 for instance and model parameters
option SCALE: Scale is set to 1e-06 for instance and model parameters
Doing analysis at TEMP = 27.000000 and TNOM = 27.000000

Using KLU as Direct Linear Solver
 Reference value :  0.00000e+00
 Reference value :  1.56400e-08
 Reference value :  2.57500e-08
 Reference value :  3.77500e-08
 Reference value :  4.97500e-08
 Reference value :  6.22500e-08
 Reference value :  7.42500e-08
 Reference value :  8.67500e-08
 Reference value :  9.97500e-08
 Reference value :  1.11750e-07
 Reference value :  1.27750e-07
 Reference value :  1.46250e-07
 Reference value :  1.63250e-07
 Reference value :  1.80250e-07
 Reference value :  1.98750e-07
 Reference value :  2.00706e-07
 Reference value :  2.06517e-07
 Reference value :  2.17517e-07
 Reference value :  2.29517e-07
 Reference value :  2.41167e-07
 Reference value :  2.43403e-07
 Reference value :  2.52735e-07
 Reference value :  2.65235e-07
 Reference value :  2.77235e-07
 Reference value :  2.83422e-07
 Reference value :  2.85520e-07
 Reference value :  2.97520e-07
 Reference value :  3.10020e-07
 Reference value :  3.22520e-07
 Reference value :  3.26557e-07
 Reference value :  3.33068e-07
 Reference value :  3.47068e-07
 Reference value :  3.59068e-07
 Reference value :  3.66755e-07
 Reference value :  3.69352e-07
 Reference value :  3.82352e-07
 Reference value :  3.94352e-07
 Reference value :  4.06852e-07
 Reference value :  4.10069e-07
 Reference value :  4.19401e-07
 Reference value :  4.31901e-07
 Reference value :  4.43901e-07
 Reference value :  4.50088e-07
 Reference value :  4.52186e-07
 Reference value :  4.64186e-07
 Reference value :  4.76186e-07
 Reference value :  4.89186e-07
 Reference value :  4.93224e-07
 Reference value :  5.03735e-07
 Reference value :  5.18235e-07
 Reference value :  5.30235e-07
 Reference value :  5.33927e-07
 Reference value :  5.40519e-07
 Reference value :  5.52519e-07
 Reference value :  5.64519e-07
 Reference value :  5.75175e-07
 Reference value :  5.77144e-07
 Reference value :  5.88068e-07
 Reference value :  6.00568e-07
 Reference value :  6.13068e-07
 Reference value :  6.17167e-07
 Reference value :  6.21852e-07
 Reference value :  6.34352e-07
 Reference value :  6.47352e-07
 Reference value :  6.58183e-07
 Reference value :  6.60268e-07
 Reference value :  6.70401e-07
 Reference value :  6.82401e-07
 Reference value :  6.94401e-07
 Reference value :  7.00294e-07
 Reference value :  7.03686e-07
 Reference value :  7.15686e-07
 Reference value :  7.28186e-07
 Reference value :  7.40686e-07
 Reference value :  7.43403e-07
 Reference value :  7.52735e-07
 Reference value :  7.64735e-07
 Reference value :  7.77735e-07
 Reference value :  7.83627e-07
 Reference value :  7.86519e-07
 Reference value :  7.98519e-07
 Reference value :  8.11019e-07
 Reference value :  8.23019e-07
 Reference value :  8.26557e-07
 Reference value :  8.33568e-07
 Reference value :  8.45568e-07
 Reference value :  8.58068e-07
 Reference value :  8.66755e-07
 Reference value :  8.68852e-07
 Reference value :  8.80852e-07
 Reference value :  8.92852e-07
 Reference value :  9.04852e-07
 Reference value :  9.09649e-07
 Reference value :  9.14901e-07
 Reference value :  9.26901e-07
 Reference value :  9.38901e-07
 Reference value :  9.49850e-07
 Reference value :  9.51130e-07
 Reference value :  9.61186e-07
 Reference value :  9.73686e-07
 Reference value :  9.85686e-07
 Reference value :  9.92706e-07
 Reference value :  9.97235e-07
 Reference value :  1.00923e-06
 Reference value :  1.02123e-06
 Reference value :  1.03288e-06
 Reference value :  1.03446e-06
 Reference value :  1.04520e-06
 Reference value :  1.05770e-06
 Reference value :  1.06970e-06
 Reference value :  1.07608e-06
 Reference value :  1.08376e-06
 Reference value :  1.09576e-06
 Reference value :  1.10776e-06
 Reference value :  1.11675e-06
 Reference value :  1.12012e-06
 Reference value :  1.13262e-06
 Reference value :  1.14462e-06
 Reference value :  1.15662e-06
 Reference value :  1.16008e-06
 Reference value :  1.17107e-06
 Reference value :  1.18307e-06
 Reference value :  1.19507e-06
 Reference value :  1.20050e-06
 Reference value :  1.20138e-06
 Reference value :  1.21094e-06
 Reference value :  1.22344e-06
 Reference value :  1.23544e-06
 Reference value :  1.24229e-06
 Reference value :  1.24438e-06
 Reference value :  1.25638e-06
 Reference value :  1.26838e-06
 Reference value :  1.28038e-06
 Reference value :  1.28386e-06
 Reference value :  1.28898e-06
 Reference value :  1.30098e-06
 Reference value :  1.31348e-06
 Reference value :  1.32465e-06
 Reference value :  1.32674e-06
 Reference value :  1.33572e-06
 Reference value :  1.34772e-06
 Reference value :  1.36022e-06
 Reference value :  1.36696e-06
 Reference value :  1.36981e-06
 Reference value :  1.38231e-06
 Reference value :  1.39431e-06
 Reference value :  1.40681e-06
 Reference value :  1.40989e-06
 Reference value :  1.41555e-06
 Reference value :  1.42755e-06
 Reference value :  1.43955e-06
 Reference value :  1.45009e-06
 Reference value :  1.45215e-06
 Reference value :  1.46415e-06
 Reference value :  1.47665e-06
 Reference value :  1.48865e-06
 Reference value :  1.49323e-06
 Reference value :  1.49888e-06
 Reference value :  1.51038e-06
 Reference value :  1.52288e-06
 Reference value :  1.53342e-06
 Reference value :  1.53548e-06
 Reference value :  1.54798e-06
 Reference value :  1.55998e-06
 Reference value :  1.57198e-06
 Reference value :  1.57631e-06
 Reference value :  1.58172e-06
 Reference value :  1.59372e-06
 Reference value :  1.60572e-06
 Reference value :  1.61652e-06
 Reference value :  1.61769e-06
 Reference value :  1.62681e-06
 Reference value :  1.63931e-06
 Reference value :  1.65181e-06
 Reference value :  1.65895e-06
 Reference value :  1.66105e-06
 Reference value :  1.67305e-06
 Reference value :  1.68505e-06
 Reference value :  1.69705e-06
 Reference value :  1.70072e-06
 Reference value :  1.70665e-06
 Reference value :  1.71865e-06
 Reference value :  1.73065e-06
 Reference value :  1.74132e-06
 Reference value :  1.74341e-06
 Reference value :  1.75288e-06
 Reference value :  1.76488e-06
 Reference value :  1.77688e-06
 Reference value :  1.78363e-06
 Reference value :  1.78648e-06
 Reference value :  1.79848e-06
 Reference value :  1.81148e-06
 Reference value :  1.82398e-06
 Reference value :  1.82656e-06
 Reference value :  1.83272e-06
 Reference value :  1.84472e-06
 Reference value :  1.85672e-06
 Reference value :  1.86675e-06
 Reference value :  1.86881e-06
 Reference value :  1.88231e-06
 Reference value :  1.89631e-06
 Reference value :  1.90783e-06
 Reference value :  1.91007e-06
 Reference value :  1.91905e-06
 Reference value :  1.93155e-06
 Reference value :  1.94355e-06
 Reference value :  1.95022e-06
 Reference value :  1.95118e-06
 Reference value :  1.96272e-06
 Reference value :  1.97422e-06
 Reference value :  1.98672e-06
 Reference value :  1.99271e-06
 Reference value :  1.99638e-06
 Reference value :  2.00838e-06
 Reference value :  2.02138e-06
 Reference value :  2.03298e-06
 Reference value :  2.03447e-06
 Reference value :  2.04516e-06
 Reference value :  2.05716e-06
 Reference value :  2.06916e-06
 Reference value :  2.07608e-06
 Reference value :  2.08385e-06
 Reference value :  2.09635e-06
 Reference value :  2.10985e-06
 Reference value :  2.11696e-06
 Reference value :  2.12148e-06
 Reference value :  2.13398e-06
 Reference value :  2.14598e-06
 Reference value :  2.15783e-06
 Reference value :  2.15984e-06
 Reference value :  2.16748e-06
 Reference value :  2.17948e-06
 Reference value :  2.19298e-06
 Reference value :  2.20008e-06
 Reference value :  2.20102e-06
 Reference value :  2.20872e-06
 Reference value :  2.21922e-06
 Reference value :  2.23122e-06
 Reference value :  2.24184e-06
 Reference value :  2.24411e-06
 Reference value :  2.25637e-06
 Reference value :  2.26837e-06
 Reference value :  2.28037e-06
 Reference value :  2.28393e-06
 Reference value :  2.28791e-06
 Reference value :  2.30091e-06
 Reference value :  2.31341e-06
 Reference value :  2.32455e-06
 Reference value :  2.32674e-06
 Reference value :  2.33470e-06
 Reference value :  2.34670e-06
 Reference value :  2.35920e-06
 Reference value :  2.36675e-06
 Reference value :  2.36838e-06
 Reference value :  2.38024e-06
 Reference value :  2.39224e-06
 Reference value :  2.40574e-06
 Reference value :  2.40988e-06
 Reference value :  2.41653e-06
 Reference value :  2.42853e-06
 Reference value :  2.44053e-06
 Reference value :  2.45009e-06
 Reference value :  2.45147e-06
 Reference value :  2.46307e-06
 Reference value :  2.47507e-06
 Reference value :  2.48957e-06
 Reference value :  2.49322e-06
 Reference value :  2.50137e-06
 Reference value :  2.51337e-06
 Reference value :  2.52537e-06
 Reference value :  2.53342e-06
 Reference value :  2.53481e-06
 Reference value :  2.54591e-06
 Reference value :  2.55791e-06
 Reference value :  2.56991e-06
 Reference value :  2.57604e-06
 Reference value :  2.57920e-06
 Reference value :  2.59170e-06
 Reference value :  2.60370e-06
 Reference value :  2.61570e-06
 Reference value :  2.61754e-06
 Reference value :  2.62424e-06
 Reference value :  2.63624e-06
 Reference value :  2.65024e-06
 Reference value :  2.65883e-06
 Reference value :  2.66116e-06
 Reference value :  2.67253e-06
 Reference value :  2.68453e-06
 Reference value :  2.69653e-06
 Reference value :  2.70053e-06
 Reference value :  2.70457e-06
 Reference value :  2.71707e-06
 Reference value :  2.72957e-06
 Reference value :  2.74122e-06
 Reference value :  2.74340e-06
 Reference value :  2.75187e-06
 Reference value :  2.76487e-06
 Reference value :  2.77737e-06
 Reference value :  2.78363e-06
 Reference value :  2.78641e-06
 Reference value :  2.79841e-06
 Reference value :  2.81041e-06
 Reference value :  2.82241e-06
 Reference value :  2.82632e-06
 Reference value :  2.83120e-06
 Reference value :  2.84370e-06
 Reference value :  2.85570e-06
 Reference value :  2.86675e-06
 Reference value :  2.86838e-06
 Reference value :  2.88024e-06
 Reference value :  2.89224e-06
 Reference value :  2.90474e-06
 Reference value :  2.90965e-06
 Reference value :  2.91453e-06
 Reference value :  2.92653e-06
 Reference value :  2.93853e-06
 Reference value :  2.95000e-06
 Reference value :  2.95098e-06
 Reference value :  2.95976e-06
 Reference value :  2.97226e-06
 Reference value :  2.98476e-06
 Reference value :  2.99229e-06
 Reference value :  2.99487e-06
 Reference value :  3.00637e-06
 Reference value :  3.01837e-06
 Reference value :  3.03087e-06
 Reference value :  3.03421e-06
 Reference value :  3.04261e-06
 Reference value :  3.05461e-06
 Reference value :  3.06661e-06
 Reference value :  3.07550e-06
 Reference value :  3.07818e-06
 Reference value :  3.08968e-06
 Reference value :  3.10218e-06
 Reference value :  3.11418e-06
 Reference value :  3.11751e-06
 Reference value :  3.12575e-06
 Reference value :  3.13775e-06
 Reference value :  3.14975e-06
 Reference value :  3.15887e-06
 Reference value :  3.16093e-06
 Reference value :  3.17176e-06
 Reference value :  3.18376e-06
 Reference value :  3.19576e-06
 Reference value :  3.20050e-06
 Reference value :  3.20353e-06
 Reference value :  3.21603e-06
 Reference value :  3.22803e-06
 Reference value :  3.24117e-06
 Reference value :  3.24384e-06
 Reference value :  3.25331e-06
 Reference value :  3.26581e-06
 Reference value :  3.27781e-06
 Reference value :  3.28342e-06
 Reference value :  3.28713e-06
 Reference value :  3.29913e-06
 Reference value :  3.31113e-06
 Reference value :  3.32313e-06
 Reference value :  3.32693e-06
 Reference value :  3.33316e-06
 Reference value :  3.34516e-06
 Reference value :  3.35766e-06
 Reference value :  3.36675e-06
 Reference value :  3.36808e-06
 Reference value :  3.38037e-06
 Reference value :  3.39237e-06
 Reference value :  3.40437e-06
 Reference value :  3.40992e-06
 Reference value :  3.41561e-06
 Reference value :  3.42811e-06
 Reference value :  3.44011e-06
 Reference value :  3.45009e-06
 Reference value :  3.45178e-06
 Reference value :  3.46315e-06
 Reference value :  3.47515e-06
 Reference value :  3.48715e-06
 Reference value :  3.49271e-06
 Reference value :  3.49743e-06
 Reference value :  3.50943e-06
 Reference value :  3.52143e-06
 Reference value :  3.53288e-06
 Reference value :  3.53436e-06
 Reference value :  3.54348e-06
 Reference value :  3.55598e-06
 Reference value :  3.56798e-06
 Reference value :  3.57554e-06
 Reference value :  3.57776e-06
 Reference value :  3.59026e-06
 Reference value :  3.60276e-06
 Reference value :  3.61476e-06
 Reference value :  3.61757e-06
 Reference value :  3.62432e-06
 Reference value :  3.63632e-06
 Reference value :  3.64832e-06
 Reference value :  3.65851e-06
 Reference value :  3.66052e-06
 Reference value :  3.67210e-06
 Reference value :  3.68410e-06
 Reference value :  3.69660e-06
 Reference value :  3.70053e-06
 Reference value :  3.70515e-06
 Reference value :  3.71765e-06
 Reference value :  3.73015e-06
 Reference value :  3.74122e-06
 Reference value :  3.74344e-06
 Reference value :  3.75343e-06
 Reference value :  3.76543e-06
 Reference value :  3.77793e-06
 Reference value :  3.78363e-06
 Reference value :  3.78649e-06
 Reference value :  3.79849e-06
 Reference value :  3.81049e-06
 Reference value :  3.82249e-06
 Reference value :  3.82658e-06
 Reference value :  3.83326e-06
 Reference value :  3.84576e-06
 Reference value :  3.85776e-06
 Reference value :  3.86675e-06
 Reference value :  3.86882e-06
 Reference value :  3.88082e-06
 Reference value :  3.89282e-06
 Reference value :  3.90532e-06
 Reference value :  3.90965e-06
 Reference value :  3.91510e-06
 Reference value :  3.92710e-06
 Reference value :  3.94010e-06
 Reference value :  3.95004e-06
 Reference value :  3.95099e-06
 Reference value :  3.96056e-06
 Reference value :  3.97356e-06
 Reference value :  3.98606e-06
 Reference value :  3.99271e-06
 Reference value :  3.99843e-06
 Reference value :  4.01193e-06
 Reference value :  4.02443e-06
 Reference value :  4.03342e-06
 Reference value :  4.03816e-06
 Reference value :  4.05116e-06
 Reference value :  4.06466e-06
 Reference value :  4.07550e-06
 Reference value :  4.08199e-06
 Reference value :  4.09449e-06
 Reference value :  4.10699e-06
 Reference value :  4.11675e-06
 Reference value :  4.11820e-06
 Reference value :  4.13100e-06
 Reference value :  4.14450e-06
 Reference value :  4.15741e-06
 Reference value :  4.16026e-06
 Reference value :  4.17046e-06
 Reference value :  4.18246e-06
 Reference value :  4.19546e-06
 Reference value :  4.20050e-06
 Reference value :  4.20394e-06
 Reference value :  4.21594e-06
 Reference value :  4.22844e-06
 Reference value :  4.24080e-06
 Reference value :  4.24340e-06
 Reference value :  4.25280e-06
 Reference value :  4.26480e-06
 Reference value :  4.27780e-06
 Reference value :  4.28363e-06
 Reference value :  4.28860e-06
 Reference value :  4.30210e-06
 Reference value :  4.31510e-06
 Reference value :  4.32554e-06
 Reference value :  4.32863e-06
 Reference value :  4.34113e-06
 Reference value :  4.35413e-06
 Reference value :  4.36622e-06
 Reference value :  4.36775e-06
 Reference value :  4.37894e-06
 Reference value :  4.39194e-06
 Reference value :  4.40544e-06
 Reference value :  4.40989e-06
 Reference value :  4.41946e-06
 Reference value :  4.43146e-06
 Reference value :  4.44396e-06
 Reference value :  4.45029e-06
 Reference value :  4.45390e-06
 Reference value :  4.46590e-06
 Reference value :  4.47740e-06
 Reference value :  4.48940e-06
 Reference value :  4.49322e-06
 Reference value :  4.49988e-06
 Reference value :  4.51238e-06
 Reference value :  4.52438e-06
 Reference value :  4.53342e-06
 Reference value :  4.53481e-06
 Reference value :  4.54591e-06
 Reference value :  4.55791e-06
 Reference value :  4.57041e-06
 Reference value :  4.57604e-06
 Reference value :  4.57921e-06
 Reference value :  4.59071e-06
 Reference value :  4.60321e-06
 Reference value :  4.61571e-06
 Reference value :  4.61754e-06
 Reference value :  4.62374e-06
 Reference value :  4.63624e-06
 Reference value :  4.64824e-06
 Reference value :  4.65851e-06
 Reference value :  4.66078e-06
 Reference value :  4.67155e-06
 Reference value :  4.68355e-06
 Reference value :  4.69605e-06
 Reference value :  4.70050e-06
 Reference value :  4.70308e-06
 Reference value :  4.71558e-06
 Reference value :  4.72808e-06
 Reference value :  4.74058e-06
 Reference value :  4.74322e-06
 Reference value :  4.75138e-06
 Reference value :  4.76388e-06
 Reference value :  4.77838e-06
 Reference value :  4.78383e-06
 Reference value :  4.78691e-06
 Reference value :  4.79891e-06
 Reference value :  4.81091e-06
 Reference value :  4.82291e-06
 Reference value :  4.82655e-06
 Reference value :  4.83321e-06
 Reference value :  4.84571e-06
 Reference value :  4.85821e-06
 Reference value :  4.86675e-06
 Reference value :  4.86814e-06
 Reference value :  4.87924e-06
 Reference value :  4.89174e-06
 Reference value :  4.90374e-06
 Reference value :  4.90937e-06
 Reference value :  4.91305e-06
 Reference value :  4.92505e-06
 Reference value :  4.93755e-06
 Reference value :  4.94955e-06
 Reference value :  4.95087e-06
 Reference value :  4.95676e-06
 Reference value :  4.96876e-06
 Reference value :  4.98076e-06
 Reference value :  4.99152e-06
 Reference value :  4.99362e-06
 Reference value :  5.00288e-06
 Reference value :  5.01488e-06
 Reference value :  5.02738e-06
 Reference value :  5.03363e-06
 Reference value :  5.03762e-06
 Reference value :  5.05062e-06
 Reference value :  5.06312e-06
 Reference value :  5.07485e-06
 Reference value :  5.07695e-06
 Reference value :  5.08717e-06
 Reference value :  5.10167e-06
 Reference value :  5.11417e-06
 Reference value :  5.11764e-06
 Reference value :  5.12723e-06
 Reference value :  5.13973e-06
 Reference value :  5.15173e-06
 Reference value :  5.15938e-06
 Reference value :  5.16712e-06
 Reference value :  5.18062e-06
 Reference value :  5.19362e-06
 Reference value :  5.20029e-06
 Reference value :  5.20298e-06
 Reference value :  5.21548e-06
 Reference value :  5.22898e-06
 Reference value :  5.24122e-06
 Reference value :  5.24441e-06
 Reference value :  5.25741e-06
 Reference value :  5.27091e-06
 Reference value :  5.28318e-06
 Reference value :  5.28484e-06
 Reference value :  5.29867e-06
 Reference value :  5.31117e-06
 Reference value :  5.32317e-06
 Reference value :  5.32674e-06
 Reference value :  5.33775e-06
 Reference value :  5.35025e-06
 Reference value :  5.36225e-06
 Reference value :  5.36717e-06
 Reference value :  5.37450e-06
 Reference value :  5.38800e-06
 Reference value :  5.40100e-06
 Reference value :  5.40937e-06
 Reference value :  5.41758e-06
 Reference value :  5.43008e-06
 Reference value :  5.44308e-06
 Reference value :  5.45029e-06
 Reference value :  5.45683e-06
 Reference value :  5.46933e-06
 Reference value :  5.48233e-06
 Reference value :  5.49217e-06
 Reference value :  5.49692e-06
 Reference value :  5.50892e-06
 Reference value :  5.52142e-06
 Reference value :  5.53288e-06
 Reference value :  5.53426e-06
 Reference value :  5.54474e-06
 Reference value :  5.55774e-06
 Reference value :  5.57024e-06
 Reference value :  5.57632e-06
 Reference value :  5.58671e-06
 Reference value :  5.59921e-06
 Reference value :  5.61121e-06
 Reference value :  5.61696e-06
 Reference value :  5.62002e-06
 Reference value :  5.63202e-06
 Reference value :  5.64452e-06
 Reference value :  5.65702e-06
 Reference value :  5.65989e-06
 Reference value :  5.67001e-06
 Reference value :  5.68251e-06
 Reference value :  5.69551e-06
 Reference value :  5.70048e-06
 Reference value :  5.70573e-06
 Reference value :  5.71773e-06
 Reference value :  5.72973e-06
 Reference value :  5.74132e-06
 Reference value :  5.74359e-06
 Reference value :  5.75429e-06
 Reference value :  5.76629e-06
 Reference value :  5.77829e-06
 Reference value :  5.78363e-06
 Reference value :  5.78773e-06
 Reference value :  5.79973e-06
 Reference value :  5.81223e-06
 Reference value :  5.82450e-06
 Reference value :  5.82673e-06
 Reference value :  5.83912e-06
 Reference value :  5.85162e-06
 Reference value :  5.86412e-06
 Reference value :  5.86719e-06
 Reference value :  5.87306e-06
 Reference value :  5.88506e-06
 Reference value :  5.89756e-06
 Reference value :  5.90818e-06
 Reference value :  5.91047e-06
 Reference value :  5.92145e-06
 Reference value :  5.93395e-06
 Reference value :  5.94595e-06
 Reference value :  5.95047e-06
 Reference value :  5.95417e-06
 Reference value :  5.96667e-06
 Reference value :  5.97867e-06
 Reference value :  5.99092e-06
 Reference value :  5.99322e-06
 Reference value :  6.00179e-06
 Reference value :  6.01429e-06
 Reference value :  6.02629e-06
 Reference value :  6.03342e-06
 Reference value :  6.03569e-06
 Reference value :  6.04819e-06
 Reference value :  6.06119e-06
 Reference value :  6.07319e-06
 Reference value :  6.07657e-06
 Reference value :  6.08515e-06
 Reference value :  6.09815e-06
 Reference value :  6.11065e-06
 Reference value :  6.11696e-06
 Reference value :  6.12115e-06
 Reference value :  6.13315e-06
 Reference value :  6.14565e-06
 Reference value :  6.15783e-06
 Reference value :  6.16076e-06
 Reference value :  6.17361e-06
 Reference value :  6.18561e-06
 Reference value :  6.19761e-06
 Reference value :  6.20057e-06
 Reference value :  6.20448e-06
 Reference value :  6.21698e-06
 Reference value :  6.22898e-06
 Reference value :  6.24117e-06
 Reference value :  6.24341e-06
 Reference value :  6.25442e-06
 Reference value :  6.26742e-06
 Reference value :  6.27992e-06
No. of Data Rows : 14273

  Measurements for Transient Analysis

d9_c1               =  -1.18058e-06
d8_c1               =  -1.01761e-06
d7_c1               =  -8.53314e-07
d6_c1               =  -8.18489e-07
d5_c1               =  -8.09521e-07
d4_c1               =  -8.10099e-07
d3_c1               =  -8.12904e-07
d2_c1               =  -8.17862e-07
d1_c1               =  -8.24951e-07
d0_c1               =  -8.13743e-07
d9_c2               =  -1.16392e-06
d8_c2               =  -9.59120e-07
d7_c2               =  -8.82073e-07
d6_c2               =  -8.69259e-07
d5_c2               =  -8.71181e-07
d4_c2               =  -8.80730e-07
d3_c2               =  -8.93432e-07
d2_c2               =  -9.06595e-07
d1_c2               =  -9.13916e-07
d0_c2               =  -9.07890e-07
d9_c3               =  1.98000e+00
d8_c3               =  1.98000e+00
d7_c3               =  -8.73132e-07
d6_c3               =  -8.37100e-07
d5_c3               =  -8.32394e-07
d4_c3               =  -8.41810e-07
d3_c3               =  -8.59489e-07
d2_c3               =  -8.78219e-07
d1_c3               =  -8.93392e-07
d0_c3               =  -9.03189e-07
d9_c4               =  1.98000e+00
d8_c4               =  1.98000e+00
d7_c4               =  1.98000e+00
d6_c4               =  -8.97203e-07
d5_c4               =  -8.94084e-07
d4_c4               =  -9.05611e-07
d3_c4               =  -9.22901e-07
d2_c4               =  -9.39544e-07
d1_c4               =  -9.49945e-07
d0_c4               =  -9.53603e-07
d9_c5               =  1.98000e+00
d8_c5               =  1.98000e+00
d7_c5               =  1.98000e+00
d6_c5               =  1.98000e+00
d5_c5               =  1.98000e+00
d4_c5               =  1.98000e+00
d3_c5               =  1.98000e+00
d2_c5               =  1.98000e+00
d1_c5               =  1.98000e+00
d0_c5               =  1.98000e+00
busy_c1_p0          =  1.98000e+00
smpl_c1_p0          =  -2.79331e-04
busy_c1_p1          =  1.98000e+00
smpl_c1_p1          =  -1.54178e-05
busy_c1_p2          =  1.98000e+00
smpl_c1_p2          =  -1.54136e-05
busy_c1_p3          =  1.98000e+00
smpl_c1_p3          =  -1.54208e-05
busy_c1_p4          =  1.98000e+00
smpl_c1_p4          =  -1.54185e-05
busy_c1_p5          =  1.98000e+00
smpl_c1_p5          =  -1.54146e-05
busy_c1_p6          =  1.98000e+00
smpl_c1_p6          =  -1.54218e-05
busy_c1_p7          =  1.98000e+00
smpl_c1_p7          =  -1.54187e-05
busy_c1_p8          =  1.98000e+00
smpl_c1_p8          =  -1.54164e-05
busy_c1_p9          =  1.98000e+00
smpl_c1_p9          =  -1.54425e-05
busy_c1_p10         =  1.98000e+00
smpl_c1_p10         =  -1.54617e-05
busy_c1_p11         =  -2.13470e-07
smpl_c1_p11         =  1.98011e+00
busy_c2_p0          =  1.98000e+00
smpl_c2_p0          =  -2.79315e-04
busy_c2_p1          =  1.98000e+00
smpl_c2_p1          =  -1.54646e-05
busy_c2_p2          =  1.98000e+00
smpl_c2_p2          =  -1.54604e-05
busy_c2_p3          =  1.98000e+00
smpl_c2_p3          =  -1.54676e-05
busy_c2_p4          =  1.98000e+00
smpl_c2_p4          =  -1.54652e-05
busy_c2_p5          =  1.98000e+00
smpl_c2_p5          =  -1.54614e-05
busy_c2_p6          =  1.98000e+00
smpl_c2_p6          =  -1.54686e-05
busy_c2_p7          =  1.98000e+00
smpl_c2_p7          =  -1.54655e-05
busy_c2_p8          =  1.98000e+00
smpl_c2_p8          =  -1.54632e-05
busy_c2_p9          =  1.98000e+00
smpl_c2_p9          =  -1.54846e-05
busy_c2_p10         =  1.98000e+00
smpl_c2_p10         =  -1.55014e-05
busy_c2_p11         =  -2.28375e-07
smpl_c2_p11         =  1.98011e+00
busy_c3_p0          =  1.98000e+00
smpl_c3_p0          =  -2.79139e-04
busy_c3_p1          =  1.98000e+00
smpl_c3_p1          =  -1.52380e-05
busy_c3_p2          =  1.98000e+00
smpl_c3_p2          =  -1.53997e-05
busy_c3_p3          =  1.98000e+00
smpl_c3_p3          =  -1.54047e-05
busy_c3_p4          =  1.98000e+00
smpl_c3_p4          =  -1.54024e-05
busy_c3_p5          =  1.98000e+00
smpl_c3_p5          =  -1.53986e-05
busy_c3_p6          =  1.98000e+00
smpl_c3_p6          =  -1.54057e-05
busy_c3_p7          =  1.98000e+00
smpl_c3_p7          =  -1.54026e-05
busy_c3_p8          =  1.98000e+00
smpl_c3_p8          =  -1.54004e-05
busy_c3_p9          =  1.98000e+00
smpl_c3_p9          =  -1.54099e-05
busy_c3_p10         =  1.98000e+00
smpl_c3_p10         =  -1.54119e-05
busy_c3_p11         =  1.56338e-06
smpl_c3_p11         =  1.98011e+00
busy_c4_p0          =  1.98000e+00
smpl_c4_p0          =  -2.79369e-04
busy_c4_p1          =  1.98000e+00
smpl_c4_p1          =  -1.53998e-05
busy_c4_p2          =  1.98000e+00
smpl_c4_p2          =  -1.53977e-05
busy_c4_p3          =  1.98000e+00
smpl_c4_p3          =  -1.54585e-05
busy_c4_p4          =  1.98000e+00
smpl_c4_p4          =  -1.54256e-05
busy_c4_p5          =  1.98000e+00
smpl_c4_p5          =  -1.54217e-05
busy_c4_p6          =  1.98000e+00
smpl_c4_p6          =  -1.54289e-05
busy_c4_p7          =  1.98000e+00
smpl_c4_p7          =  -1.54258e-05
busy_c4_p8          =  1.98000e+00
smpl_c4_p8          =  -1.54235e-05
busy_c4_p9          =  1.98000e+00
smpl_c4_p9          =  -1.54397e-05
busy_c4_p10         =  1.98000e+00
smpl_c4_p10         =  -1.54554e-05
busy_c4_p11         =  -4.32569e-07
smpl_c4_p11         =  1.98011e+00
busy_c5_p0          =  1.98000e+00
smpl_c5_p0          =  -2.79582e-04
busy_c5_p1          =  1.98000e+00
smpl_c5_p1          =  -1.54127e-05
busy_c5_p2          =  1.98000e+00
smpl_c5_p2          =  -1.54107e-05
busy_c5_p3          =  1.98000e+00
smpl_c5_p3          =  -1.54178e-05
busy_c5_p4          =  1.98000e+00
smpl_c5_p4          =  -1.54600e-05
busy_c5_p5          =  1.98000e+00
smpl_c5_p5          =  -1.54755e-05
busy_c5_p6          =  1.98000e+00
smpl_c5_p6          =  -1.54937e-05
busy_c5_p7          =  1.98000e+00
smpl_c5_p7          =  -1.54804e-05
busy_c5_p8          =  1.98000e+00
smpl_c5_p8          =  -1.54814e-05
busy_c5_p9          =  1.98000e+00
smpl_c5_p9          =  -1.54798e-05
busy_c5_p10         =  1.98000e+00
smpl_c5_p10         =  -1.54760e-05
busy_c5_p11         =  -3.91490e-07
smpl_c5_p11         =  1.98011e+00
i_vdd               =  -2.33410e-06 from=  3.20000e-06 to=  4.20008e-06
i_vpwr              =  -6.91093e-06 from=  3.20000e-06 to=  4.20008e-06
i_vrefp             =  -4.26996e-06 from=  3.20000e-06 to=  4.20008e-06
i_vrefn             =  4.26937e-06 from=  3.20000e-06 to=  4.20008e-06
i_vcm               =  6.49695e-10 from=  3.20000e-06 to=  4.20008e-06


Total analysis time (seconds) = 242.003

Total elapsed time (seconds) = 289.437 

Total DRAM available = 98304.000 MB.
DRAM currently available = 20356.000 MB.
Maximum ngspice program size =  581.969 MB.
Current ngspice program size =  581.969 MB.

