
Note: Compatibility modes selected: hs a


Circuit: * cdac-array-transfer -- generated by sim/cdac-array-transfer/run_transfer.py (issue #53)

option SCALE: Scale is set to 1e-06 for instance and model parameters
option SCALE: Scale is set to 1e-06 for instance and model parameters
option SCALE: Scale is set to 1e-06 for instance and model parameters
option SCALE: Scale is set to 1e-06 for instance and model parameters
Doing analysis at TEMP = 27.000000 and TNOM = 27.000000

Using KLU as Direct Linear Solver
 Reference value :  0.00000e+00
 Reference value :  1.07179e-09
 Reference value :  1.10929e-09
 Reference value :  1.19599e-09
 Reference value :  1.60137e-09
 Reference value :  2.53590e-09
 Reference value :  4.03590e-09
 Reference value :  5.53590e-09
 Reference value :  7.03590e-09
 Reference value :  8.03590e-09
 Reference value :  9.53590e-09
 Reference value :  1.10359e-08
 Reference value :  1.25359e-08
 Reference value :  1.40359e-08
 Reference value :  1.60359e-08
 Reference value :  1.80359e-08
 Reference value :  2.00359e-08
 Reference value :  2.15359e-08
 Reference value :  2.35359e-08
 Reference value :  2.45359e-08
 Reference value :  2.60359e-08
 Reference value :  2.80359e-08
 Reference value :  3.00359e-08
 Reference value :  3.15359e-08
 Reference value :  3.30359e-08
 Reference value :  3.45359e-08
 Reference value :  3.60359e-08
 Reference value :  3.75359e-08
 Reference value :  3.90359e-08
 Reference value :  4.05359e-08
 Reference value :  4.25359e-08
 Reference value :  4.45359e-08
 Reference value :  4.65359e-08
 Reference value :  4.85359e-08
 Reference value :  5.05359e-08
 Reference value :  5.25359e-08
 Reference value :  5.45359e-08
 Reference value :  5.60359e-08
 Reference value :  5.80359e-08
 Reference value :  6.00359e-08
 Reference value :  6.15359e-08
 Reference value :  6.30359e-08
 Reference value :  6.45359e-08
 Reference value :  6.65359e-08
 Reference value :  6.85359e-08
 Reference value :  7.05359e-08
 Reference value :  7.25359e-08
 Reference value :  7.40359e-08
 Reference value :  7.55359e-08
 Reference value :  7.75359e-08
 Reference value :  7.95359e-08
 Reference value :  8.10359e-08
 Reference value :  8.25359e-08
 Reference value :  8.40359e-08
 Reference value :  8.55359e-08
 Reference value :  8.75359e-08
 Reference value :  8.90359e-08
 Reference value :  9.05359e-08
 Reference value :  9.25359e-08
 Reference value :  9.45359e-08
 Reference value :  9.65359e-08
 Reference value :  9.80359e-08
 Reference value :  9.95359e-08
 Reference value :  1.01036e-07
 Reference value :  1.02536e-07
 Reference value :  1.04036e-07
 Reference value :  1.06036e-07
 Reference value :  1.08036e-07
 Reference value :  1.10036e-07
 Reference value :  1.12036e-07
 Reference value :  1.13536e-07
 Reference value :  1.15036e-07
 Reference value :  1.16536e-07
 Reference value :  1.18036e-07
 Reference value :  1.20036e-07
 Reference value :  1.22036e-07
 Reference value :  1.24036e-07
 Reference value :  1.26036e-07
 Reference value :  1.28036e-07
 Reference value :  1.30036e-07
 Reference value :  1.32036e-07
 Reference value :  1.34036e-07
 Reference value :  1.36036e-07
 Reference value :  1.37536e-07
 Reference value :  1.39036e-07
 Reference value :  1.40536e-07
 Reference value :  1.42536e-07
 Reference value :  1.44036e-07
 Reference value :  1.46036e-07
 Reference value :  1.47536e-07
 Reference value :  1.49536e-07
 Reference value :  1.51536e-07
 Reference value :  1.53036e-07
 Reference value :  1.54536e-07
 Reference value :  1.56536e-07
 Reference value :  1.58036e-07
 Reference value :  1.60036e-07
 Reference value :  1.61536e-07
 Reference value :  1.63036e-07
 Reference value :  1.64536e-07
 Reference value :  1.66536e-07
 Reference value :  1.68536e-07
 Reference value :  1.70536e-07
 Reference value :  1.72036e-07
 Reference value :  1.74036e-07
 Reference value :  1.76036e-07
 Reference value :  1.78036e-07
 Reference value :  1.80536e-07
 Reference value :  1.82036e-07
 Reference value :  1.83536e-07
 Reference value :  1.85036e-07
 Reference value :  1.87036e-07
 Reference value :  1.88536e-07
 Reference value :  1.90036e-07
 Reference value :  1.91536e-07
 Reference value :  1.93036e-07
 Reference value :  1.94536e-07
 Reference value :  1.96036e-07
 Reference value :  1.97536e-07
 Reference value :  1.99036e-07
 Reference value :  2.00536e-07
 Reference value :  2.02036e-07
 Reference value :  2.04036e-07
 Reference value :  2.05536e-07
 Reference value :  2.07536e-07
 Reference value :  2.09036e-07
 Reference value :  2.11036e-07
 Reference value :  2.13036e-07
 Reference value :  2.15036e-07
 Reference value :  2.17036e-07
 Reference value :  2.19036e-07
 Reference value :  2.20536e-07
 Reference value :  2.22536e-07
 Reference value :  2.24536e-07
 Reference value :  2.34036e-07
 Reference value :  2.65536e-07
 Reference value :  2.98036e-07
 Reference value :  3.28536e-07
 Reference value :  3.61536e-07
 Reference value :  3.92036e-07
 Reference value :  4.24036e-07
 Reference value :  4.57536e-07
 Reference value :  4.87536e-07
No. of Data Rows : 1023
vtop_p_0            =  9.00000e-01
vtop_n_0            =  2.69716e+00
vtop_p_128          =  1.35013e+00
vtop_n_128          =  2.24705e+00
vtop_p_256          =  1.80013e+00
vtop_n_256          =  1.79705e+00
vtop_p_384          =  2.25026e+00
vtop_n_384          =  1.34692e+00
vtop_p_511          =  2.69716e+00
vtop_n_511          =  9.00000e-01
Note: Simulation executed from .control section 
