
Note: Compatibility modes selected: hs a


Circuit: * cdac-array-transfer -- generated by sim/cdac-array-transfer/run_transfer.py (issue #53)

option SCALE: Scale is set to 1e-06 for instance and model parameters
option SCALE: Scale is set to 1e-06 for instance and model parameters
option SCALE: Scale is set to 1e-06 for instance and model parameters
option SCALE: Scale is set to 1e-06 for instance and model parameters
Doing analysis at TEMP = 27.000000 and TNOM = 27.000000

Using KLU as Direct Linear Solver
 Reference value :  0.00000e+00
 Reference value :  2.56254e-08
 Reference value :  6.31254e-08
 Reference value :  9.51254e-08
 Reference value :  1.32625e-07
 Reference value :  1.67125e-07
 Reference value :  1.83625e-07
 Reference value :  2.18625e-07
 Reference value :  2.56125e-07
 Reference value :  2.94125e-07
 Reference value :  3.29625e-07
 Reference value :  3.62125e-07
 Reference value :  3.97125e-07
 Reference value :  4.34625e-07
 Reference value :  4.67625e-07
No. of Data Rows : 1023
vtop_p_0            =  8.10000e-01
vtop_n_0            =  2.42785e+00
vtop_p_128          =  1.21516e+00
vtop_n_128          =  2.02270e+00
vtop_p_256          =  1.62016e+00
vtop_n_256          =  1.61769e+00
vtop_p_384          =  2.02532e+00
vtop_n_384          =  1.21253e+00
vtop_p_511          =  2.42785e+00
vtop_n_511          =  8.10000e-01
Note: Simulation executed from .control section 
