
Note: Compatibility modes selected: hs a


Circuit: * sim/full-conversion-transient -- end-to-end full-conversion transient

option SCALE: Scale is set to 1e-06 for instance and model parameters
option SCALE: Scale is set to 1e-06 for instance and model parameters
option SCALE: Scale is set to 1e-06 for instance and model parameters
option SCALE: Scale is set to 1e-06 for instance and model parameters
Doing analysis at TEMP = 27.000000 and TNOM = 27.000000

Using KLU as Direct Linear Solver
 Reference value :  0.00000e+00
 Reference value :  1.01400e-08
 Reference value :  2.10000e-08
 Reference value :  2.92500e-08
 Reference value :  3.82500e-08
 Reference value :  4.77500e-08
 Reference value :  5.72500e-08
 Reference value :  6.62500e-08
 Reference value :  7.57500e-08
 Reference value :  8.47500e-08
 Reference value :  9.42500e-08
 Reference value :  1.03750e-07
 Reference value :  1.12750e-07
 Reference value :  1.23250e-07
 Reference value :  1.36250e-07
 Reference value :  1.49750e-07
 Reference value :  1.63750e-07
 Reference value :  1.76750e-07
 Reference value :  1.90250e-07
 Reference value :  2.00085e-07
 Reference value :  2.00913e-07
 Reference value :  2.05112e-07
 Reference value :  2.13612e-07
 Reference value :  2.24112e-07
 Reference value :  2.34112e-07
 Reference value :  2.41517e-07
 Reference value :  2.43412e-07
 Reference value :  2.46459e-07
 Reference value :  2.55959e-07
 Reference value :  2.65459e-07
 Reference value :  2.74959e-07
 Reference value :  2.83183e-07
 Reference value :  2.84018e-07
 Reference value :  2.85528e-07
 Reference value :  2.94023e-07
 Reference value :  3.03523e-07
 Reference value :  3.13023e-07
 Reference value :  3.22523e-07
 Reference value :  3.26944e-07
 Reference value :  3.35899e-07
 Reference value :  3.45399e-07
 Reference value :  3.54899e-07
 Reference value :  3.64399e-07
 Reference value :  3.66970e-07
 Reference value :  3.72748e-07
 Reference value :  3.82248e-07
 Reference value :  3.91748e-07
 Reference value :  4.01748e-07
 Reference value :  4.08874e-07
 Reference value :  4.11196e-07
 Reference value :  4.16549e-07
 Reference value :  4.25549e-07
 Reference value :  4.35049e-07
 Reference value :  4.44549e-07
 Reference value :  4.50087e-07
 Reference value :  4.51108e-07
 Reference value :  4.55501e-07
 Reference value :  4.64001e-07
 Reference value :  4.73501e-07
 Reference value :  4.83001e-07
 Reference value :  4.91317e-07
 Reference value :  4.94486e-07
 Reference value :  5.02986e-07
 Reference value :  5.09986e-07
 Reference value :  5.19486e-07
 Reference value :  5.28986e-07
 Reference value :  5.33421e-07
 Reference value :  5.34313e-07
 Reference value :  5.37462e-07
 Reference value :  5.46462e-07
 Reference value :  5.55962e-07
 Reference value :  5.65462e-07
 Reference value :  5.74500e-07
 Reference value :  5.77416e-07
 Reference value :  5.86416e-07
 Reference value :  5.95916e-07
 Reference value :  6.05416e-07
 Reference value :  6.14416e-07
 Reference value :  6.16968e-07
 Reference value :  6.21213e-07
 Reference value :  6.30713e-07
 Reference value :  6.40713e-07
 Reference value :  6.50713e-07
 Reference value :  6.58508e-07
 Reference value :  6.63176e-07
 Reference value :  6.72176e-07
 Reference value :  6.81176e-07
 Reference value :  6.88676e-07
 Reference value :  6.95676e-07
 Reference value :  7.00085e-07
 Reference value :  7.01044e-07
 Reference value :  7.06424e-07
 Reference value :  7.15924e-07
 Reference value :  7.25424e-07
 Reference value :  7.34924e-07
 Reference value :  7.41842e-07
 Reference value :  7.47069e-07
 Reference value :  7.57069e-07
 Reference value :  7.66569e-07
 Reference value :  7.75569e-07
 Reference value :  7.83418e-07
 Reference value :  7.84917e-07
 Reference value :  7.94417e-07
 Reference value :  8.03917e-07
 Reference value :  8.13417e-07
 Reference value :  8.23417e-07
 Reference value :  8.26896e-07
 Reference value :  8.35354e-07
 Reference value :  8.44854e-07
 Reference value :  8.53854e-07
 Reference value :  8.63354e-07
 Reference value :  8.66751e-07
 Reference value :  8.67629e-07
 Reference value :  8.73074e-07
 Reference value :  8.82574e-07
 Reference value :  8.92074e-07
 Reference value :  9.01074e-07
 Reference value :  9.08508e-07
 Reference value :  9.12693e-07
 Reference value :  9.22193e-07
 Reference value :  9.31693e-07
 Reference value :  9.41693e-07
 Reference value :  9.49850e-07
 Reference value :  9.50500e-07
 Reference value :  9.54747e-07
 Reference value :  9.64247e-07
 Reference value :  9.73747e-07
 Reference value :  9.83247e-07
 Reference value :  9.91517e-07
 Reference value :  9.94523e-07
 Reference value :  1.00402e-06
 Reference value :  1.01352e-06
 Reference value :  1.02302e-06
 Reference value :  1.03243e-06
 Reference value :  1.03372e-06
 Reference value :  1.03507e-06
 Reference value :  1.04357e-06
 Reference value :  1.05307e-06
 Reference value :  1.06207e-06
 Reference value :  1.07107e-06
 Reference value :  1.07564e-06
 Reference value :  1.08034e-06
 Reference value :  1.08884e-06
 Reference value :  1.09834e-06
 Reference value :  1.10784e-06
 Reference value :  1.11617e-06
 Reference value :  1.11705e-06
 Reference value :  1.11812e-06
 Reference value :  1.12870e-06
 Reference value :  1.13820e-06
 Reference value :  1.14770e-06
 Reference value :  1.15720e-06
 Reference value :  1.16009e-06
 Reference value :  1.16573e-06
 Reference value :  1.17573e-06
 Reference value :  1.18573e-06
 Reference value :  1.19523e-06
 Reference value :  1.20008e-06
 Reference value :  1.20097e-06
 Reference value :  1.20491e-06
 Reference value :  1.21441e-06
 Reference value :  1.22441e-06
 Reference value :  1.23391e-06
 Reference value :  1.24184e-06
 Reference value :  1.24395e-06
 Reference value :  1.25205e-06
 Reference value :  1.26155e-06
 Reference value :  1.27105e-06
 Reference value :  1.28105e-06
 Reference value :  1.28363e-06
 Reference value :  1.28465e-06
 Reference value :  1.29140e-06
 Reference value :  1.30140e-06
 Reference value :  1.31090e-06
 Reference value :  1.32040e-06
 Reference value :  1.32562e-06
 Reference value :  1.33071e-06
 Reference value :  1.33621e-06
 Reference value :  1.34571e-06
 Reference value :  1.35521e-06
 Reference value :  1.36471e-06
 Reference value :  1.36717e-06
 Reference value :  1.36799e-06
 Reference value :  1.37379e-06
 Reference value :  1.38329e-06
 Reference value :  1.39279e-06
 Reference value :  1.40229e-06
 Reference value :  1.40883e-06
 Reference value :  1.41580e-06
 Reference value :  1.42580e-06
 Reference value :  1.43630e-06
 Reference value :  1.44630e-06
 Reference value :  1.45011e-06
 Reference value :  1.45455e-06
 Reference value :  1.46405e-06
 Reference value :  1.47405e-06
 Reference value :  1.48405e-06
 Reference value :  1.49184e-06
 Reference value :  1.49709e-06
 Reference value :  1.50709e-06
 Reference value :  1.51659e-06
 Reference value :  1.52609e-06
 Reference value :  1.53344e-06
 Reference value :  1.53639e-06
 Reference value :  1.54589e-06
 Reference value :  1.55539e-06
 Reference value :  1.56489e-06
 Reference value :  1.57450e-06
 Reference value :  1.57732e-06
 Reference value :  1.58582e-06
 Reference value :  1.59082e-06
 Reference value :  1.59982e-06
 Reference value :  1.60932e-06
 Reference value :  1.61675e-06
 Reference value :  1.61765e-06
 Reference value :  1.62080e-06
 Reference value :  1.62980e-06
 Reference value :  1.63930e-06
 Reference value :  1.64880e-06
 Reference value :  1.65783e-06
 Reference value :  1.66023e-06
 Reference value :  1.66918e-06
 Reference value :  1.67918e-06
 Reference value :  1.68868e-06
 Reference value :  1.69468e-06
 Reference value :  1.70008e-06
 Reference value :  1.70101e-06
 Reference value :  1.70589e-06
 Reference value :  1.71689e-06
 Reference value :  1.72689e-06
 Reference value :  1.73639e-06
 Reference value :  1.74221e-06
 Reference value :  1.74957e-06
 Reference value :  1.75907e-06
 Reference value :  1.76857e-06
 Reference value :  1.77857e-06
 Reference value :  1.78342e-06
 Reference value :  1.78505e-06
 Reference value :  1.79455e-06
 Reference value :  1.80405e-06
 Reference value :  1.81405e-06
 Reference value :  1.82355e-06
 Reference value :  1.82690e-06
 Reference value :  1.83586e-06
 Reference value :  1.84536e-06
 Reference value :  1.85486e-06
 Reference value :  1.86436e-06
 Reference value :  1.86671e-06
 Reference value :  1.86753e-06
 Reference value :  1.87559e-06
 Reference value :  1.88509e-06
 Reference value :  1.89459e-06
 Reference value :  1.90459e-06
 Reference value :  1.90912e-06
 Reference value :  1.91569e-06
 Reference value :  1.92519e-06
 Reference value :  1.93469e-06
 Reference value :  1.94469e-06
 Reference value :  1.94950e-06
 Reference value :  1.95041e-06
 Reference value :  1.95100e-06
 Reference value :  1.95444e-06
 Reference value :  1.96344e-06
 Reference value :  1.97294e-06
 Reference value :  1.98244e-06
 Reference value :  1.99122e-06
 Reference value :  1.99402e-06
 Reference value :  2.00352e-06
 Reference value :  2.01302e-06
 Reference value :  2.02202e-06
 Reference value :  2.03152e-06
 Reference value :  2.03350e-06
 Reference value :  2.03422e-06
 Reference value :  2.04129e-06
 Reference value :  2.05079e-06
 Reference value :  2.06029e-06
 Reference value :  2.06979e-06
 Reference value :  2.07550e-06
 Reference value :  2.07884e-06
 Reference value :  2.08834e-06
 Reference value :  2.09784e-06
 Reference value :  2.10734e-06
 Reference value :  2.11617e-06
 Reference value :  2.11694e-06
 Reference value :  2.11771e-06
 Reference value :  2.12431e-06
 Reference value :  2.13381e-06
 Reference value :  2.14331e-06
 Reference value :  2.15281e-06
 Reference value :  2.15896e-06
 Reference value :  2.16149e-06
 Reference value :  2.16994e-06
 Reference value :  2.17944e-06
 Reference value :  2.18894e-06
 Reference value :  2.19844e-06
 Reference value :  2.20029e-06
 Reference value :  2.20097e-06
 Reference value :  2.20704e-06
 Reference value :  2.21704e-06
 Reference value :  2.22654e-06
 Reference value :  2.23654e-06
 Reference value :  2.24221e-06
 Reference value :  2.24413e-06
 Reference value :  2.25134e-06
 Reference value :  2.26084e-06
 Reference value :  2.27034e-06
 Reference value :  2.28034e-06
 Reference value :  2.28363e-06
 Reference value :  2.28466e-06
 Reference value :  2.29100e-06
 Reference value :  2.30050e-06
 Reference value :  2.31000e-06
 Reference value :  2.31950e-06
 Reference value :  2.32612e-06
 Reference value :  2.33281e-06
 Reference value :  2.34231e-06
 Reference value :  2.35181e-06
 Reference value :  2.36131e-06
 Reference value :  2.36675e-06
 Reference value :  2.36798e-06
 Reference value :  2.37719e-06
 Reference value :  2.38669e-06
 Reference value :  2.39619e-06
 Reference value :  2.40569e-06
 Reference value :  2.40979e-06
 Reference value :  2.41616e-06
 Reference value :  2.42516e-06
 Reference value :  2.43516e-06
 Reference value :  2.44466e-06
 Reference value :  2.45009e-06
 Reference value :  2.45119e-06
 Reference value :  2.46004e-06
 Reference value :  2.47004e-06
 Reference value :  2.47954e-06
 Reference value :  2.48954e-06
 Reference value :  2.49311e-06
 Reference value :  2.49487e-06
 Reference value :  2.50178e-06
 Reference value :  2.51128e-06
 Reference value :  2.52078e-06
 Reference value :  2.53028e-06
 Reference value :  2.53363e-06
 Reference value :  2.53441e-06
 Reference value :  2.53846e-06
 Reference value :  2.54796e-06
 Reference value :  2.55746e-06
 Reference value :  2.56696e-06
 Reference value :  2.57485e-06
 Reference value :  2.57775e-06
 Reference value :  2.58273e-06
 Reference value :  2.59223e-06
 Reference value :  2.60173e-06
 Reference value :  2.61123e-06
 Reference value :  2.61675e-06
 Reference value :  2.61776e-06
 Reference value :  2.62022e-06
 Reference value :  2.62972e-06
 Reference value :  2.63922e-06
 Reference value :  2.64872e-06
 Reference value :  2.65783e-06
 Reference value :  2.66022e-06
 Reference value :  2.66516e-06
 Reference value :  2.67366e-06
 Reference value :  2.68316e-06
 Reference value :  2.69266e-06
 Reference value :  2.70008e-06
 Reference value :  2.70095e-06
 Reference value :  2.70507e-06
 Reference value :  2.71457e-06
 Reference value :  2.72457e-06
 Reference value :  2.73407e-06
 Reference value :  2.74184e-06
 Reference value :  2.74600e-06
 Reference value :  2.75050e-06
 Reference value :  2.75950e-06
 Reference value :  2.76900e-06
 Reference value :  2.77850e-06
 Reference value :  2.78342e-06
 Reference value :  2.78438e-06
 Reference value :  2.78833e-06
 Reference value :  2.79733e-06
 Reference value :  2.80683e-06
 Reference value :  2.81633e-06
 Reference value :  2.82465e-06
 Reference value :  2.82783e-06
 Reference value :  2.83283e-06
 Reference value :  2.84083e-06
 Reference value :  2.85033e-06
 Reference value :  2.86033e-06
 Reference value :  2.86675e-06
 Reference value :  2.86757e-06
 Reference value :  2.86874e-06
 Reference value :  2.87765e-06
 Reference value :  2.88715e-06
 Reference value :  2.89715e-06
 Reference value :  2.90665e-06
 Reference value :  2.91022e-06
 Reference value :  2.91616e-06
 Reference value :  2.92316e-06
 Reference value :  2.93266e-06
 Reference value :  2.94266e-06
 Reference value :  2.95004e-06
 Reference value :  2.95051e-06
 Reference value :  2.95130e-06
 Reference value :  2.95859e-06
 Reference value :  2.96809e-06
 Reference value :  2.97759e-06
 Reference value :  2.98709e-06
 Reference value :  2.99229e-06
 Reference value :  2.99750e-06
 Reference value :  3.00200e-06
 Reference value :  3.01050e-06
 Reference value :  3.02000e-06
 Reference value :  3.02950e-06
 Reference value :  3.03342e-06
 Reference value :  3.03454e-06
 Reference value :  3.04282e-06
 Reference value :  3.05232e-06
 Reference value :  3.06232e-06
 Reference value :  3.07182e-06
 Reference value :  3.07612e-06
 Reference value :  3.08232e-06
 Reference value :  3.08932e-06
 Reference value :  3.09882e-06
 Reference value :  3.10832e-06
 Reference value :  3.11652e-06
 Reference value :  3.11717e-06
 Reference value :  3.11786e-06
 Reference value :  3.12504e-06
 Reference value :  3.13454e-06
 Reference value :  3.14404e-06
 Reference value :  3.15354e-06
 Reference value :  3.15912e-06
 Reference value :  3.16203e-06
 Reference value :  3.17144e-06
 Reference value :  3.18094e-06
 Reference value :  3.19044e-06
 Reference value :  3.19950e-06
 Reference value :  3.20050e-06
 Reference value :  3.20137e-06
 Reference value :  3.21013e-06
 Reference value :  3.21963e-06
 Reference value :  3.22913e-06
 Reference value :  3.23913e-06
 Reference value :  3.24312e-06
 Reference value :  3.24472e-06
 Reference value :  3.25384e-06
 Reference value :  3.26334e-06
 Reference value :  3.27284e-06
 Reference value :  3.28234e-06
 Reference value :  3.28363e-06
 Reference value :  3.28460e-06
 Reference value :  3.29376e-06
 Reference value :  3.30326e-06
 Reference value :  3.31276e-06
 Reference value :  3.32226e-06
 Reference value :  3.32644e-06
 Reference value :  3.32780e-06
 Reference value :  3.33816e-06
 Reference value :  3.35016e-06
 Reference value :  3.36016e-06
 Reference value :  3.36675e-06
 Reference value :  3.36771e-06
 Reference value :  3.37137e-06
 Reference value :  3.37987e-06
 Reference value :  3.38937e-06
 Reference value :  3.39887e-06
 Reference value :  3.40788e-06
 Reference value :  3.41010e-06
 Reference value :  3.41155e-06
 Reference value :  3.42146e-06
 Reference value :  3.43146e-06
 Reference value :  3.44096e-06
 Reference value :  3.44985e-06
 Reference value :  3.45056e-06
 Reference value :  3.45123e-06
 Reference value :  3.45621e-06
 Reference value :  3.46471e-06
 Reference value :  3.47521e-06
 Reference value :  3.48471e-06
 Reference value :  3.49184e-06
 Reference value :  3.49411e-06
 Reference value :  3.49931e-06
 Reference value :  3.50881e-06
 Reference value :  3.51831e-06
 Reference value :  3.52831e-06
 Reference value :  3.53363e-06
 Reference value :  3.53445e-06
 Reference value :  3.54057e-06
 Reference value :  3.55407e-06
 Reference value :  3.56907e-06
 Reference value :  3.57579e-06
 Reference value :  3.57782e-06
 Reference value :  3.58416e-06
 Reference value :  3.59366e-06
 Reference value :  3.60316e-06
 Reference value :  3.61266e-06
 Reference value :  3.61675e-06
 Reference value :  3.61769e-06
 Reference value :  3.62142e-06
 Reference value :  3.63092e-06
 Reference value :  3.64042e-06
 Reference value :  3.64992e-06
 Reference value :  3.65818e-06
 Reference value :  3.66079e-06
 Reference value :  3.66485e-06
 Reference value :  3.67335e-06
 Reference value :  3.68335e-06
 Reference value :  3.69285e-06
 Reference value :  3.70008e-06
 Reference value :  3.70103e-06
 Reference value :  3.70471e-06
 Reference value :  3.71321e-06
 Reference value :  3.72271e-06
 Reference value :  3.73221e-06
 Reference value :  3.74122e-06
 Reference value :  3.74382e-06
 Reference value :  3.74472e-06
 Reference value :  3.75232e-06
 Reference value :  3.76232e-06
 Reference value :  3.77182e-06
 Reference value :  3.78132e-06
 Reference value :  3.78363e-06
 Reference value :  3.78443e-06
 Reference value :  3.78857e-06
 Reference value :  3.79757e-06
 Reference value :  3.80707e-06
 Reference value :  3.81607e-06
 Reference value :  3.82465e-06
 Reference value :  3.82748e-06
 Reference value :  3.83064e-06
 Reference value :  3.83964e-06
 Reference value :  3.84914e-06
 Reference value :  3.85914e-06
 Reference value :  3.86671e-06
 Reference value :  3.86759e-06
 Reference value :  3.87011e-06
 Reference value :  3.87911e-06
 Reference value :  3.88861e-06
 Reference value :  3.89811e-06
 Reference value :  3.90747e-06
 Reference value :  3.91015e-06
 Reference value :  3.91144e-06
 Reference value :  3.91995e-06
 Reference value :  3.92945e-06
 Reference value :  3.93895e-06
 Reference value :  3.94845e-06
 Reference value :  3.95032e-06
 Reference value :  3.95101e-06
 Reference value :  3.95852e-06
 Reference value :  3.96752e-06
 Reference value :  3.97702e-06
 Reference value :  3.98652e-06
 Reference value :  3.99221e-06
 Reference value :  3.99416e-06
 Reference value :  3.99986e-06
 Reference value :  4.00936e-06
 Reference value :  4.01936e-06
 Reference value :  4.02886e-06
 Reference value :  4.03342e-06
 Reference value :  4.03583e-06
 Reference value :  4.04533e-06
 Reference value :  4.05483e-06
 Reference value :  4.06433e-06
 Reference value :  4.07383e-06
 Reference value :  4.07646e-06
 Reference value :  4.07748e-06
 Reference value :  4.08266e-06
 Reference value :  4.09216e-06
 Reference value :  4.10166e-06
 Reference value :  4.11116e-06
 Reference value :  4.11671e-06
 Reference value :  4.11757e-06
 Reference value :  4.12171e-06
 Reference value :  4.13121e-06
 Reference value :  4.14071e-06
 Reference value :  4.15021e-06
 Reference value :  4.15798e-06
 Reference value :  4.16029e-06
 Reference value :  4.16751e-06
 Reference value :  4.17701e-06
 Reference value :  4.18651e-06
 Reference value :  4.19601e-06
 Reference value :  4.20008e-06
 Reference value :  4.20096e-06
 Reference value :  4.20862e-06
 Reference value :  4.21912e-06
 Reference value :  4.22862e-06
 Reference value :  4.23862e-06
 Reference value :  4.24278e-06
 Reference value :  4.24633e-06
 Reference value :  4.25633e-06
 Reference value :  4.26583e-06
 Reference value :  4.27483e-06
 Reference value :  4.28298e-06
 Reference value :  4.28402e-06
 Reference value :  4.28968e-06
 Reference value :  4.29918e-06
 Reference value :  4.30818e-06
 Reference value :  4.31768e-06
 Reference value :  4.32517e-06
 Reference value :  4.32931e-06
 Reference value :  4.33431e-06
 Reference value :  4.34231e-06
 Reference value :  4.35181e-06
 Reference value :  4.36131e-06
 Reference value :  4.36675e-06
 Reference value :  4.36769e-06
 Reference value :  4.37094e-06
 Reference value :  4.37894e-06
 Reference value :  4.38844e-06
 Reference value :  4.39794e-06
 Reference value :  4.40694e-06
 Reference value :  4.41022e-06
 Reference value :  4.41816e-06
 Reference value :  4.42716e-06
 Reference value :  4.43666e-06
 Reference value :  4.44566e-06
 Reference value :  4.45009e-06
 Reference value :  4.45147e-06
 Reference value :  4.46084e-06
 Reference value :  4.47034e-06
 Reference value :  4.48034e-06
 Reference value :  4.48984e-06
 Reference value :  4.49354e-06
 Reference value :  4.49998e-06
 Reference value :  4.50648e-06
 Reference value :  4.51598e-06
 Reference value :  4.52548e-06
 Reference value :  4.53342e-06
 Reference value :  4.53435e-06
 Reference value :  4.53761e-06
 Reference value :  4.54611e-06
 Reference value :  4.55561e-06
 Reference value :  4.56611e-06
 Reference value :  4.57465e-06
 Reference value :  4.57732e-06
 Reference value :  4.58382e-06
 Reference value :  4.59132e-06
 Reference value :  4.60082e-06
 Reference value :  4.61032e-06
 Reference value :  4.61675e-06
 Reference value :  4.61768e-06
 Reference value :  4.62145e-06
 Reference value :  4.63145e-06
 Reference value :  4.64095e-06
 Reference value :  4.65045e-06
 Reference value :  4.65851e-06
 Reference value :  4.66266e-06
 Reference value :  4.66766e-06
 Reference value :  4.67566e-06
 Reference value :  4.68516e-06
 Reference value :  4.69516e-06
 Reference value :  4.70008e-06
 Reference value :  4.70101e-06
 Reference value :  4.70517e-06
 Reference value :  4.71417e-06
 Reference value :  4.72367e-06
 Reference value :  4.73367e-06
 Reference value :  4.74184e-06
 Reference value :  4.74649e-06
 Reference value :  4.75099e-06
 Reference value :  4.75899e-06
 Reference value :  4.76899e-06
 Reference value :  4.77899e-06
 Reference value :  4.78342e-06
 Reference value :  4.78434e-06
 Reference value :  4.78856e-06
 Reference value :  4.79756e-06
 Reference value :  4.80706e-06
 Reference value :  4.81706e-06
 Reference value :  4.82517e-06
 Reference value :  4.82933e-06
 Reference value :  4.83433e-06
 Reference value :  4.84183e-06
 Reference value :  4.85133e-06
 Reference value :  4.86083e-06
 Reference value :  4.86671e-06
 Reference value :  4.86758e-06
 Reference value :  4.86947e-06
 Reference value :  4.87697e-06
 Reference value :  4.88647e-06
 Reference value :  4.89597e-06
 Reference value :  4.90547e-06
 Reference value :  4.90945e-06
 Reference value :  4.91616e-06
 Reference value :  4.92466e-06
 Reference value :  4.93416e-06
 Reference value :  4.94366e-06
 Reference value :  4.95011e-06
 Reference value :  4.95054e-06
 Reference value :  4.95521e-06
 Reference value :  4.96471e-06
 Reference value :  4.97471e-06
 Reference value :  4.98421e-06
 Reference value :  4.99184e-06
 Reference value :  4.99600e-06
 Reference value :  5.00150e-06
 Reference value :  5.00950e-06
 Reference value :  5.01950e-06
 Reference value :  5.02900e-06
 Reference value :  5.03338e-06
 Reference value :  5.03426e-06
 Reference value :  5.03956e-06
 Reference value :  5.04906e-06
 Reference value :  5.05906e-06
 Reference value :  5.06906e-06
 Reference value :  5.07550e-06
 Reference value :  5.07982e-06
 Reference value :  5.08832e-06
 Reference value :  5.09782e-06
 Reference value :  5.10732e-06
 Reference value :  5.11622e-06
 Reference value :  5.11719e-06
 Reference value :  5.11848e-06
 Reference value :  5.12748e-06
 Reference value :  5.13648e-06
 Reference value :  5.14598e-06
 Reference value :  5.15741e-06
 Reference value :  5.16032e-06
 Reference value :  5.16972e-06
 Reference value :  5.17922e-06
 Reference value :  5.18872e-06
 Reference value :  5.19822e-06
 Reference value :  5.20029e-06
 Reference value :  5.20135e-06
 Reference value :  5.21051e-06
 Reference value :  5.22001e-06
 Reference value :  5.23001e-06
 Reference value :  5.23951e-06
 Reference value :  5.24310e-06
 Reference value :  5.25054e-06
 Reference value :  5.26004e-06
 Reference value :  5.26954e-06
 Reference value :  5.27904e-06
 Reference value :  5.28342e-06
 Reference value :  5.28479e-06
 Reference value :  5.29408e-06
 Reference value :  5.30558e-06
 Reference value :  5.31508e-06
 Reference value :  5.32450e-06
 Reference value :  5.32681e-06
 Reference value :  5.33521e-06
 Reference value :  5.34471e-06
 Reference value :  5.35421e-06
 Reference value :  5.36421e-06
 Reference value :  5.36696e-06
 Reference value :  5.37004e-06
 Reference value :  5.37954e-06
 Reference value :  5.38904e-06
 Reference value :  5.39854e-06
 Reference value :  5.40783e-06
 Reference value :  5.41180e-06
 Reference value :  5.42130e-06
 Reference value :  5.43130e-06
 Reference value :  5.44130e-06
 Reference value :  5.44965e-06
 Reference value :  5.45081e-06
 Reference value :  5.45906e-06
 Reference value :  5.46856e-06
 Reference value :  5.47806e-06
 Reference value :  5.48756e-06
 Reference value :  5.49245e-06
 Reference value :  5.50124e-06
 Reference value :  5.51074e-06
 Reference value :  5.52024e-06
 Reference value :  5.52974e-06
 Reference value :  5.53344e-06
 Reference value :  5.53794e-06
 Reference value :  5.54744e-06
 Reference value :  5.55694e-06
 Reference value :  5.56644e-06
 Reference value :  5.57455e-06
 Reference value :  5.57857e-06
 Reference value :  5.58807e-06
 Reference value :  5.59757e-06
 Reference value :  5.60657e-06
 Reference value :  5.61587e-06
 Reference value :  5.61724e-06
 Reference value :  5.62528e-06
 Reference value :  5.63478e-06
 Reference value :  5.64428e-06
 Reference value :  5.65378e-06
 Reference value :  5.65896e-06
 Reference value :  5.66740e-06
 Reference value :  5.67690e-06
 Reference value :  5.68640e-06
 Reference value :  5.69590e-06
 Reference value :  5.70030e-06
 Reference value :  5.70516e-06
 Reference value :  5.71466e-06
 Reference value :  5.72416e-06
 Reference value :  5.73366e-06
 Reference value :  5.74152e-06
 Reference value :  5.74673e-06
 Reference value :  5.75623e-06
 Reference value :  5.76623e-06
 Reference value :  5.77573e-06
 Reference value :  5.78342e-06
 Reference value :  5.78748e-06
 Reference value :  5.79698e-06
 Reference value :  5.80698e-06
 Reference value :  5.81698e-06
 Reference value :  5.82517e-06
 Reference value :  5.83206e-06
 Reference value :  5.84206e-06
 Reference value :  5.85156e-06
 Reference value :  5.86106e-06
 Reference value :  5.86675e-06
 Reference value :  5.86909e-06
 Reference value :  5.87859e-06
 Reference value :  5.88809e-06
 Reference value :  5.89759e-06
 Reference value :  5.90709e-06
 Reference value :  5.91140e-06
 Reference value :  5.92090e-06
 Reference value :  5.93040e-06
 Reference value :  5.93990e-06
 Reference value :  5.94920e-06
 Reference value :  5.95046e-06
 Reference value :  5.95670e-06
 Reference value :  5.96670e-06
 Reference value :  5.97620e-06
 Reference value :  5.98620e-06
 Reference value :  5.99221e-06
 Reference value :  5.99973e-06
 Reference value :  6.00923e-06
 Reference value :  6.01873e-06
 Reference value :  6.02823e-06
 Reference value :  6.03344e-06
 Reference value :  6.03770e-06
 Reference value :  6.04720e-06
 Reference value :  6.05770e-06
 Reference value :  6.06870e-06
 Reference value :  6.07550e-06
 Reference value :  6.08260e-06
 Reference value :  6.09210e-06
 Reference value :  6.10160e-06
 Reference value :  6.11110e-06
 Reference value :  6.11671e-06
 Reference value :  6.11761e-06
 Reference value :  6.12293e-06
 Reference value :  6.13243e-06
 Reference value :  6.14193e-06
 Reference value :  6.15143e-06
 Reference value :  6.15883e-06
 Reference value :  6.16371e-06
 Reference value :  6.17321e-06
 Reference value :  6.18271e-06
 Reference value :  6.19221e-06
 Reference value :  6.20008e-06
 Reference value :  6.20113e-06
 Reference value :  6.20951e-06
 Reference value :  6.22001e-06
 Reference value :  6.22951e-06
 Reference value :  6.23951e-06
 Reference value :  6.24310e-06
 Reference value :  6.25054e-06
 Reference value :  6.26004e-06
 Reference value :  6.26954e-06
 Reference value :  6.27954e-06
No. of Data Rows : 14111

  Measurements for Transient Analysis

d9_c1               =  -5.11092e-07
d8_c1               =  1.80000e+00
d7_c1               =  -9.72373e-07
d6_c1               =  -9.72388e-07
d5_c1               =  1.80000e+00
d4_c1               =  1.80000e+00
d3_c1               =  -9.76867e-07
d2_c1               =  -9.55566e-07
d1_c1               =  1.80000e+00
d0_c1               =  1.80000e+00
d9_c2               =  -5.08589e-07
d8_c2               =  -8.07979e-07
d7_c2               =  -8.07759e-07
d6_c2               =  1.80000e+00
d5_c2               =  1.80000e+00
d4_c2               =  1.80000e+00
d3_c2               =  1.80000e+00
d2_c2               =  1.80000e+00
d1_c2               =  1.80000e+00
d0_c2               =  1.80000e+00
d9_c3               =  1.80000e+00
d8_c3               =  -9.80253e-07
d7_c3               =  -9.79243e-07
d6_c3               =  -9.79206e-07
d5_c3               =  -9.79219e-07
d4_c3               =  -9.80619e-07
d3_c3               =  -9.80518e-07
d2_c3               =  -9.76987e-07
d1_c3               =  1.80000e+00
d0_c3               =  1.80000e+00
d9_c4               =  1.80001e+00
d8_c4               =  -9.82731e-07
d7_c4               =  1.80000e+00
d6_c4               =  -9.83312e-07
d5_c4               =  -9.83016e-07
d4_c4               =  -9.84267e-07
d3_c4               =  -9.84429e-07
d2_c4               =  -9.78761e-07
d1_c4               =  1.80000e+00
d0_c4               =  -2.62619e-06
d9_c5               =  1.80000e+00
d8_c5               =  1.80000e+00
d7_c5               =  1.80000e+00
d6_c5               =  1.80000e+00
d5_c5               =  1.80000e+00
d4_c5               =  1.80000e+00
d3_c5               =  1.80000e+00
d2_c5               =  1.80000e+00
d1_c5               =  1.80000e+00
d0_c5               =  1.80000e+00
busy_c1_p0          =  1.80000e+00
smpl_c1_p0          =  -2.35975e-04
busy_c1_p1          =  1.80000e+00
smpl_c1_p1          =  -1.29158e-05
busy_c1_p2          =  1.80000e+00
smpl_c1_p2          =  -7.69394e-06
busy_c1_p3          =  1.80000e+00
smpl_c1_p3          =  -1.27375e-05
busy_c1_p4          =  1.80000e+00
smpl_c1_p4          =  -1.27502e-05
busy_c1_p5          =  1.80000e+00
smpl_c1_p5          =  -1.27567e-05
busy_c1_p6          =  1.80000e+00
smpl_c1_p6          =  -1.27762e-05
busy_c1_p7          =  1.80000e+00
smpl_c1_p7          =  -1.27731e-05
busy_c1_p8          =  1.80000e+00
smpl_c1_p8          =  -1.27542e-05
busy_c1_p9          =  1.80000e+00
smpl_c1_p9          =  -1.27664e-05
busy_c1_p10         =  1.80000e+00
smpl_c1_p10         =  -1.27644e-05
busy_c1_p11         =  -6.86524e-07
smpl_c1_p11         =  1.80010e+00
busy_c2_p0          =  1.80000e+00
smpl_c2_p0          =  -2.36076e-04
busy_c2_p1          =  1.80000e+00
smpl_c2_p1          =  -1.26329e-05
busy_c2_p2          =  1.80000e+00
smpl_c2_p2          =  -1.24809e-05
busy_c2_p3          =  1.80000e+00
smpl_c2_p3          =  -1.26051e-05
busy_c2_p4          =  1.80000e+00
smpl_c2_p4          =  -1.25633e-05
busy_c2_p5          =  1.80000e+00
smpl_c2_p5          =  -1.25287e-05
busy_c2_p6          =  1.80000e+00
smpl_c2_p6          =  -1.25200e-05
busy_c2_p7          =  1.80000e+00
smpl_c2_p7          =  -1.25139e-05
busy_c2_p8          =  1.80000e+00
smpl_c2_p8          =  -1.25067e-05
busy_c2_p9          =  1.80000e+00
smpl_c2_p9          =  -1.25118e-05
busy_c2_p10         =  1.80000e+00
smpl_c2_p10         =  -1.25073e-05
busy_c2_p11         =  3.41438e-07
smpl_c2_p11         =  1.80010e+00
busy_c3_p0          =  1.80000e+00
smpl_c3_p0          =  -2.35937e-04
busy_c3_p1          =  1.80000e+00
smpl_c3_p1          =  -1.26057e-05
busy_c3_p2          =  1.80000e+00
smpl_c3_p2          =  -1.26193e-05
busy_c3_p3          =  1.80000e+00
smpl_c3_p3          =  -1.25550e-05
busy_c3_p4          =  1.80000e+00
smpl_c3_p4          =  -1.24562e-05
busy_c3_p5          =  1.80000e+00
smpl_c3_p5          =  -1.23794e-05
busy_c3_p6          =  1.80000e+00
smpl_c3_p6          =  -1.23500e-05
busy_c3_p7          =  1.80000e+00
smpl_c3_p7          =  -1.23334e-05
busy_c3_p8          =  1.80000e+00
smpl_c3_p8          =  -1.23259e-05
busy_c3_p9          =  1.80000e+00
smpl_c3_p9          =  -1.23278e-05
busy_c3_p10         =  1.80000e+00
smpl_c3_p10         =  -1.23322e-05
busy_c3_p11         =  4.07872e-08
smpl_c3_p11         =  1.80010e+00
busy_c4_p0          =  1.80000e+00
smpl_c4_p0          =  -2.36208e-04
busy_c4_p1          =  1.80000e+00
smpl_c4_p1          =  -1.26361e-05
busy_c4_p2          =  1.80000e+00
smpl_c4_p2          =  -1.24736e-05
busy_c4_p3          =  1.80000e+00
smpl_c4_p3          =  -1.26315e-05
busy_c4_p4          =  1.80000e+00
smpl_c4_p4          =  -1.25472e-05
busy_c4_p5          =  1.80000e+00
smpl_c4_p5          =  -1.24873e-05
busy_c4_p6          =  1.80000e+00
smpl_c4_p6          =  -1.24715e-05
busy_c4_p7          =  1.80000e+00
smpl_c4_p7          =  -1.24595e-05
busy_c4_p8          =  1.80000e+00
smpl_c4_p8          =  -1.24559e-05
busy_c4_p9          =  1.80000e+00
smpl_c4_p9          =  -1.24594e-05
busy_c4_p10         =  1.80000e+00
smpl_c4_p10         =  -1.24610e-05
busy_c4_p11         =  4.05785e-06
smpl_c4_p11         =  1.80010e+00
busy_c5_p0          =  1.80000e+00
smpl_c5_p0          =  -2.36225e-04
busy_c5_p1          =  1.80000e+00
smpl_c5_p1          =  -1.29301e-05
busy_c5_p2          =  1.80000e+00
smpl_c5_p2          =  -7.70633e-06
busy_c5_p3          =  1.80000e+00
smpl_c5_p3          =  -6.63912e-06
busy_c5_p4          =  1.80000e+00
smpl_c5_p4          =  -7.52857e-06
busy_c5_p5          =  1.80000e+00
smpl_c5_p5          =  -8.76206e-06
busy_c5_p6          =  1.80000e+00
smpl_c5_p6          =  -9.96108e-06
busy_c5_p7          =  1.80000e+00
smpl_c5_p7          =  -1.07933e-05
busy_c5_p8          =  1.80000e+00
smpl_c5_p8          =  -1.13115e-05
busy_c5_p9          =  1.80000e+00
smpl_c5_p9          =  -1.16237e-05
busy_c5_p10         =  1.80000e+00
smpl_c5_p10         =  -1.18755e-05
busy_c5_p11         =  -1.29130e-06
smpl_c5_p11         =  1.80010e+00
i_vdd               =  -2.02931e-06 from=  3.20000e-06 to=  4.20008e-06
i_vpwr              =  -7.40333e-06 from=  3.20000e-06 to=  4.20008e-06
i_vrefp             =  -6.45469e-06 from=  3.20000e-06 to=  4.20008e-06
i_vrefn             =  6.45406e-06 from=  3.20000e-06 to=  4.20008e-06
i_vcm               =  3.35850e-10 from=  3.20000e-06 to=  4.20008e-06


Total analysis time (seconds) = 340.5

Total elapsed time (seconds) = 396.432 

Total DRAM available = 98304.000 MB.
DRAM currently available = 8827.266 MB.
Maximum ngspice program size =  732.516 MB.
Current ngspice program size =  732.516 MB.

