
Note: Compatibility modes selected: hs a


Circuit: * sim/full-conversion-transient -- end-to-end full-conversion transient

option SCALE: Scale is set to 1e-06 for instance and model parameters
option SCALE: Scale is set to 1e-06 for instance and model parameters
option SCALE: Scale is set to 1e-06 for instance and model parameters
option SCALE: Scale is set to 1e-06 for instance and model parameters
Doing analysis at TEMP = -40.000000 and TNOM = 27.000000

Using KLU as Direct Linear Solver
 Reference value :  0.00000e+00
 Reference value :  1.01400e-08
 Reference value :  2.10000e-08
 Reference value :  2.92500e-08
 Reference value :  3.87500e-08
 Reference value :  4.82500e-08
 Reference value :  5.82500e-08
 Reference value :  6.87500e-08
 Reference value :  7.82500e-08
 Reference value :  8.77500e-08
 Reference value :  9.77500e-08
 Reference value :  1.07250e-07
 Reference value :  1.17250e-07
 Reference value :  1.27250e-07
 Reference value :  1.36750e-07
 Reference value :  1.46250e-07
 Reference value :  1.55750e-07
 Reference value :  1.69750e-07
 Reference value :  1.84250e-07
 Reference value :  1.97750e-07
 Reference value :  2.00292e-07
 Reference value :  2.00824e-07
 Reference value :  2.01542e-07
 Reference value :  2.08736e-07
 Reference value :  2.17236e-07
 Reference value :  2.27236e-07
 Reference value :  2.36736e-07
 Reference value :  2.42167e-07
 Reference value :  2.44525e-07
 Reference value :  2.52750e-07
 Reference value :  2.62250e-07
 Reference value :  2.71750e-07
 Reference value :  2.81250e-07
 Reference value :  2.83625e-07
 Reference value :  2.84431e-07
 Reference value :  2.87670e-07
 Reference value :  2.96670e-07
 Reference value :  3.06670e-07
 Reference value :  3.16670e-07
 Reference value :  3.25175e-07
 Reference value :  3.28480e-07
 Reference value :  3.38980e-07
 Reference value :  3.48980e-07
 Reference value :  3.58480e-07
 Reference value :  3.66751e-07
 Reference value :  3.67662e-07
 Reference value :  3.73680e-07
 Reference value :  3.83180e-07
 Reference value :  3.92680e-07
 Reference value :  4.02180e-07
 Reference value :  4.08833e-07
 Reference value :  4.13755e-07
 Reference value :  4.23755e-07
 Reference value :  4.33755e-07
 Reference value :  4.43255e-07
 Reference value :  4.50084e-07
 Reference value :  4.50721e-07
 Reference value :  4.55761e-07
 Reference value :  4.65261e-07
 Reference value :  4.74761e-07
 Reference value :  4.84261e-07
 Reference value :  4.91842e-07
 Reference value :  4.94027e-07
 Reference value :  4.98027e-07
 Reference value :  5.05527e-07
 Reference value :  5.15027e-07
 Reference value :  5.24527e-07
 Reference value :  5.32983e-07
 Reference value :  5.33865e-07
 Reference value :  5.34530e-07
 Reference value :  5.36151e-07
 Reference value :  5.45151e-07
 Reference value :  5.54651e-07
 Reference value :  5.64151e-07
 Reference value :  5.73651e-07
 Reference value :  5.75850e-07
 Reference value :  5.82877e-07
 Reference value :  5.92377e-07
 Reference value :  6.01877e-07
 Reference value :  6.08377e-07
 Reference value :  6.16317e-07
 Reference value :  6.17198e-07
 Reference value :  6.17881e-07
 Reference value :  6.21522e-07
 Reference value :  6.30522e-07
 Reference value :  6.40022e-07
 Reference value :  6.50022e-07
 Reference value :  6.58508e-07
 Reference value :  6.60727e-07
 Reference value :  6.70227e-07
 Reference value :  6.79727e-07
 Reference value :  6.88727e-07
 Reference value :  6.98227e-07
 Reference value :  7.00084e-07
 Reference value :  7.00844e-07
 Reference value :  7.07122e-07
 Reference value :  7.16622e-07
 Reference value :  7.26122e-07
 Reference value :  7.35622e-07
 Reference value :  7.42167e-07
 Reference value :  7.46550e-07
 Reference value :  7.56050e-07
 Reference value :  7.65550e-07
 Reference value :  7.75550e-07
 Reference value :  7.83417e-07
 Reference value :  7.84099e-07
 Reference value :  7.88078e-07
 Reference value :  7.97078e-07
 Reference value :  8.06578e-07
 Reference value :  8.16578e-07
 Reference value :  8.24850e-07
 Reference value :  8.26952e-07
 Reference value :  8.35880e-07
 Reference value :  8.45380e-07
 Reference value :  8.54880e-07
 Reference value :  8.64380e-07
 Reference value :  8.66751e-07
 Reference value :  8.67556e-07
 Reference value :  8.69070e-07
 Reference value :  8.78070e-07
 Reference value :  8.87570e-07
 Reference value :  8.97070e-07
 Reference value :  9.06570e-07
 Reference value :  9.09183e-07
 Reference value :  9.16216e-07
 Reference value :  9.25716e-07
 Reference value :  9.35216e-07
 Reference value :  9.44716e-07
 Reference value :  9.50084e-07
 Reference value :  9.50654e-07
 Reference value :  9.54481e-07
 Reference value :  9.63481e-07
 Reference value :  9.72981e-07
 Reference value :  9.82481e-07
 Reference value :  9.91217e-07
 Reference value :  9.93248e-07
 Reference value :  1.00155e-06
 Reference value :  1.01105e-06
 Reference value :  1.02055e-06
 Reference value :  1.03005e-06
 Reference value :  1.03363e-06
 Reference value :  1.03433e-06
 Reference value :  1.03943e-06
 Reference value :  1.04893e-06
 Reference value :  1.05843e-06
 Reference value :  1.06793e-06
 Reference value :  1.07517e-06
 Reference value :  1.07788e-06
 Reference value :  1.08688e-06
 Reference value :  1.09638e-06
 Reference value :  1.10588e-06
 Reference value :  1.11488e-06
 Reference value :  1.11717e-06
 Reference value :  1.11766e-06
 Reference value :  1.11891e-06
 Reference value :  1.12836e-06
 Reference value :  1.13786e-06
 Reference value :  1.14736e-06
 Reference value :  1.15686e-06
 Reference value :  1.15991e-06
 Reference value :  1.16071e-06
 Reference value :  1.16956e-06
 Reference value :  1.17906e-06
 Reference value :  1.18906e-06
 Reference value :  1.19856e-06
 Reference value :  1.20029e-06
 Reference value :  1.20083e-06
 Reference value :  1.20219e-06
 Reference value :  1.21169e-06
 Reference value :  1.22119e-06
 Reference value :  1.23019e-06
 Reference value :  1.23969e-06
 Reference value :  1.24252e-06
 Reference value :  1.24378e-06
 Reference value :  1.24975e-06
 Reference value :  1.25975e-06
 Reference value :  1.26975e-06
 Reference value :  1.27925e-06
 Reference value :  1.28342e-06
 Reference value :  1.28434e-06
 Reference value :  1.28533e-06
 Reference value :  1.29266e-06
 Reference value :  1.30216e-06
 Reference value :  1.31166e-06
 Reference value :  1.32116e-06
 Reference value :  1.32555e-06
 Reference value :  1.33032e-06
 Reference value :  1.33882e-06
 Reference value :  1.34582e-06
 Reference value :  1.35532e-06
 Reference value :  1.36482e-06
 Reference value :  1.36717e-06
 Reference value :  1.36787e-06
 Reference value :  1.36998e-06
 Reference value :  1.37898e-06
 Reference value :  1.38848e-06
 Reference value :  1.39848e-06
 Reference value :  1.40788e-06
 Reference value :  1.40992e-06
 Reference value :  1.41933e-06
 Reference value :  1.42883e-06
 Reference value :  1.43833e-06
 Reference value :  1.44783e-06
 Reference value :  1.45029e-06
 Reference value :  1.45119e-06
 Reference value :  1.45844e-06
 Reference value :  1.46844e-06
 Reference value :  1.47794e-06
 Reference value :  1.48744e-06
 Reference value :  1.49217e-06
 Reference value :  1.49761e-06
 Reference value :  1.50761e-06
 Reference value :  1.51811e-06
 Reference value :  1.52811e-06
 Reference value :  1.53342e-06
 Reference value :  1.53405e-06
 Reference value :  1.53849e-06
 Reference value :  1.54799e-06
 Reference value :  1.55749e-06
 Reference value :  1.56699e-06
 Reference value :  1.57485e-06
 Reference value :  1.57695e-06
 Reference value :  1.58589e-06
 Reference value :  1.59539e-06
 Reference value :  1.60489e-06
 Reference value :  1.61439e-06
 Reference value :  1.61696e-06
 Reference value :  1.61778e-06
 Reference value :  1.62466e-06
 Reference value :  1.63416e-06
 Reference value :  1.64366e-06
 Reference value :  1.65316e-06
 Reference value :  1.65883e-06
 Reference value :  1.66271e-06
 Reference value :  1.67221e-06
 Reference value :  1.68121e-06
 Reference value :  1.68621e-06
 Reference value :  1.69421e-06
 Reference value :  1.70008e-06
 Reference value :  1.70096e-06
 Reference value :  1.70191e-06
 Reference value :  1.70925e-06
 Reference value :  1.71825e-06
 Reference value :  1.72775e-06
 Reference value :  1.73775e-06
 Reference value :  1.74222e-06
 Reference value :  1.74755e-06
 Reference value :  1.75655e-06
 Reference value :  1.76605e-06
 Reference value :  1.77605e-06
 Reference value :  1.78342e-06
 Reference value :  1.78420e-06
 Reference value :  1.78901e-06
 Reference value :  1.79851e-06
 Reference value :  1.80801e-06
 Reference value :  1.81751e-06
 Reference value :  1.82517e-06
 Reference value :  1.82738e-06
 Reference value :  1.83638e-06
 Reference value :  1.84588e-06
 Reference value :  1.85538e-06
 Reference value :  1.86088e-06
 Reference value :  1.86652e-06
 Reference value :  1.86720e-06
 Reference value :  1.86783e-06
 Reference value :  1.87288e-06
 Reference value :  1.88188e-06
 Reference value :  1.89138e-06
 Reference value :  1.90088e-06
 Reference value :  1.90851e-06
 Reference value :  1.91071e-06
 Reference value :  1.91971e-06
 Reference value :  1.92921e-06
 Reference value :  1.93871e-06
 Reference value :  1.94821e-06
 Reference value :  1.95025e-06
 Reference value :  1.95094e-06
 Reference value :  1.95221e-06
 Reference value :  1.95921e-06
 Reference value :  1.96771e-06
 Reference value :  1.97721e-06
 Reference value :  1.98671e-06
 Reference value :  1.99222e-06
 Reference value :  1.99755e-06
 Reference value :  2.00655e-06
 Reference value :  2.01605e-06
 Reference value :  2.02555e-06
 Reference value :  2.03342e-06
 Reference value :  2.03423e-06
 Reference value :  2.03749e-06
 Reference value :  2.04649e-06
 Reference value :  2.05599e-06
 Reference value :  2.06549e-06
 Reference value :  2.07450e-06
 Reference value :  2.07658e-06
 Reference value :  2.08488e-06
 Reference value :  2.09438e-06
 Reference value :  2.10388e-06
 Reference value :  2.11338e-06
 Reference value :  2.11696e-06
 Reference value :  2.11766e-06
 Reference value :  2.11895e-06
 Reference value :  2.12830e-06
 Reference value :  2.13780e-06
 Reference value :  2.14730e-06
 Reference value :  2.15680e-06
 Reference value :  2.15990e-06
 Reference value :  2.16518e-06
 Reference value :  2.17418e-06
 Reference value :  2.18368e-06
 Reference value :  2.19318e-06
 Reference value :  2.20008e-06
 Reference value :  2.20066e-06
 Reference value :  2.20114e-06
 Reference value :  2.20824e-06
 Reference value :  2.21824e-06
 Reference value :  2.22824e-06
 Reference value :  2.23774e-06
 Reference value :  2.24222e-06
 Reference value :  2.24412e-06
 Reference value :  2.25206e-06
 Reference value :  2.26156e-06
 Reference value :  2.27106e-06
 Reference value :  2.28106e-06
 Reference value :  2.28363e-06
 Reference value :  2.28442e-06
 Reference value :  2.28580e-06
 Reference value :  2.29380e-06
 Reference value :  2.30330e-06
 Reference value :  2.31280e-06
 Reference value :  2.32230e-06
 Reference value :  2.32565e-06
 Reference value :  2.33137e-06
 Reference value :  2.34087e-06
 Reference value :  2.35087e-06
 Reference value :  2.36037e-06
 Reference value :  2.36675e-06
 Reference value :  2.36748e-06
 Reference value :  2.37158e-06
 Reference value :  2.38108e-06
 Reference value :  2.39058e-06
 Reference value :  2.40008e-06
 Reference value :  2.40851e-06
 Reference value :  2.41070e-06
 Reference value :  2.41970e-06
 Reference value :  2.42920e-06
 Reference value :  2.43470e-06
 Reference value :  2.44420e-06
 Reference value :  2.45008e-06
 Reference value :  2.45082e-06
 Reference value :  2.45605e-06
 Reference value :  2.46605e-06
 Reference value :  2.47555e-06
 Reference value :  2.48555e-06
 Reference value :  2.49217e-06
 Reference value :  2.49472e-06
 Reference value :  2.50014e-06
 Reference value :  2.50864e-06
 Reference value :  2.51814e-06
 Reference value :  2.52764e-06
 Reference value :  2.53342e-06
 Reference value :  2.53433e-06
 Reference value :  2.53527e-06
 Reference value :  2.54247e-06
 Reference value :  2.55247e-06
 Reference value :  2.56247e-06
 Reference value :  2.57197e-06
 Reference value :  2.57555e-06
 Reference value :  2.57984e-06
 Reference value :  2.58384e-06
 Reference value :  2.59234e-06
 Reference value :  2.60184e-06
 Reference value :  2.61134e-06
 Reference value :  2.61675e-06
 Reference value :  2.61766e-06
 Reference value :  2.61864e-06
 Reference value :  2.62601e-06
 Reference value :  2.63551e-06
 Reference value :  2.64501e-06
 Reference value :  2.65451e-06
 Reference value :  2.65883e-06
 Reference value :  2.66320e-06
 Reference value :  2.66820e-06
 Reference value :  2.67570e-06
 Reference value :  2.68570e-06
 Reference value :  2.69520e-06
 Reference value :  2.70008e-06
 Reference value :  2.70097e-06
 Reference value :  2.70190e-06
 Reference value :  2.70800e-06
 Reference value :  2.71750e-06
 Reference value :  2.72750e-06
 Reference value :  2.73700e-06
 Reference value :  2.74217e-06
 Reference value :  2.74654e-06
 Reference value :  2.75504e-06
 Reference value :  2.76204e-06
 Reference value :  2.77154e-06
 Reference value :  2.78104e-06
 Reference value :  2.78363e-06
 Reference value :  2.78430e-06
 Reference value :  2.78499e-06
 Reference value :  2.79230e-06
 Reference value :  2.80180e-06
 Reference value :  2.81130e-06
 Reference value :  2.82080e-06
 Reference value :  2.82550e-06
 Reference value :  2.82937e-06
 Reference value :  2.83837e-06
 Reference value :  2.84287e-06
 Reference value :  2.85087e-06
 Reference value :  2.86037e-06
 Reference value :  2.86675e-06
 Reference value :  2.86754e-06
 Reference value :  2.86816e-06
 Reference value :  2.87218e-06
 Reference value :  2.88168e-06
 Reference value :  2.89118e-06
 Reference value :  2.90118e-06
 Reference value :  2.90851e-06
 Reference value :  2.91071e-06
 Reference value :  2.91971e-06
 Reference value :  2.92821e-06
 Reference value :  2.93521e-06
 Reference value :  2.94571e-06
 Reference value :  2.95025e-06
 Reference value :  2.95098e-06
 Reference value :  2.95228e-06
 Reference value :  2.96078e-06
 Reference value :  2.97028e-06
 Reference value :  2.97978e-06
 Reference value :  2.98978e-06
 Reference value :  2.99252e-06
 Reference value :  2.99904e-06
 Reference value :  3.00854e-06
 Reference value :  3.01404e-06
 Reference value :  3.02204e-06
 Reference value :  3.03154e-06
 Reference value :  3.03383e-06
 Reference value :  3.03439e-06
 Reference value :  3.03976e-06
 Reference value :  3.04926e-06
 Reference value :  3.05926e-06
 Reference value :  3.06876e-06
 Reference value :  3.07550e-06
 Reference value :  3.07987e-06
 Reference value :  3.08937e-06
 Reference value :  3.09787e-06
 Reference value :  3.10687e-06
 Reference value :  3.11617e-06
 Reference value :  3.11720e-06
 Reference value :  3.11769e-06
 Reference value :  3.11937e-06
 Reference value :  3.12887e-06
 Reference value :  3.13837e-06
 Reference value :  3.14787e-06
 Reference value :  3.15737e-06
 Reference value :  3.15996e-06
 Reference value :  3.16446e-06
 Reference value :  3.17496e-06
 Reference value :  3.18496e-06
 Reference value :  3.19496e-06
 Reference value :  3.20008e-06
 Reference value :  3.20066e-06
 Reference value :  3.20196e-06
 Reference value :  3.21146e-06
 Reference value :  3.22096e-06
 Reference value :  3.23046e-06
 Reference value :  3.23996e-06
 Reference value :  3.24252e-06
 Reference value :  3.24517e-06
 Reference value :  3.25442e-06
 Reference value :  3.26392e-06
 Reference value :  3.27342e-06
 Reference value :  3.28283e-06
 Reference value :  3.28383e-06
 Reference value :  3.28429e-06
 Reference value :  3.29098e-06
 Reference value :  3.30098e-06
 Reference value :  3.31048e-06
 Reference value :  3.32048e-06
 Reference value :  3.32550e-06
 Reference value :  3.32807e-06
 Reference value :  3.33255e-06
 Reference value :  3.34205e-06
 Reference value :  3.35155e-06
 Reference value :  3.36155e-06
 Reference value :  3.36675e-06
 Reference value :  3.36751e-06
 Reference value :  3.36808e-06
 Reference value :  3.37409e-06
 Reference value :  3.38209e-06
 Reference value :  3.39159e-06
 Reference value :  3.40159e-06
 Reference value :  3.40883e-06
 Reference value :  3.41140e-06
 Reference value :  3.41589e-06
 Reference value :  3.42489e-06
 Reference value :  3.43439e-06
 Reference value :  3.44389e-06
 Reference value :  3.45008e-06
 Reference value :  3.45085e-06
 Reference value :  3.45141e-06
 Reference value :  3.45743e-06
 Reference value :  3.46493e-06
 Reference value :  3.47493e-06
 Reference value :  3.48443e-06
 Reference value :  3.49184e-06
 Reference value :  3.49399e-06
 Reference value :  3.49572e-06
 Reference value :  3.50322e-06
 Reference value :  3.51372e-06
 Reference value :  3.52322e-06
 Reference value :  3.53253e-06
 Reference value :  3.53383e-06
 Reference value :  3.53438e-06
 Reference value :  3.53688e-06
 Reference value :  3.54438e-06
 Reference value :  3.55338e-06
 Reference value :  3.56288e-06
 Reference value :  3.57238e-06
 Reference value :  3.57565e-06
 Reference value :  3.57858e-06
 Reference value :  3.58558e-06
 Reference value :  3.59558e-06
 Reference value :  3.60508e-06
 Reference value :  3.61458e-06
 Reference value :  3.61696e-06
 Reference value :  3.61778e-06
 Reference value :  3.62106e-06
 Reference value :  3.62856e-06
 Reference value :  3.63856e-06
 Reference value :  3.64806e-06
 Reference value :  3.65783e-06
 Reference value :  3.65992e-06
 Reference value :  3.66275e-06
 Reference value :  3.67125e-06
 Reference value :  3.68125e-06
 Reference value :  3.69075e-06
 Reference value :  3.69955e-06
 Reference value :  3.70050e-06
 Reference value :  3.70111e-06
 Reference value :  3.70441e-06
 Reference value :  3.71191e-06
 Reference value :  3.72141e-06
 Reference value :  3.73091e-06
 Reference value :  3.74079e-06
 Reference value :  3.74285e-06
 Reference value :  3.74477e-06
 Reference value :  3.74582e-06
 Reference value :  3.75428e-06
 Reference value :  3.76428e-06
 Reference value :  3.77478e-06
 Reference value :  3.78318e-06
 Reference value :  3.78383e-06
 Reference value :  3.78449e-06
 Reference value :  3.78761e-06
 Reference value :  3.79661e-06
 Reference value :  3.80611e-06
 Reference value :  3.81561e-06
 Reference value :  3.82465e-06
 Reference value :  3.82695e-06
 Reference value :  3.82860e-06
 Reference value :  3.83335e-06
 Reference value :  3.84285e-06
 Reference value :  3.85235e-06
 Reference value :  3.86185e-06
 Reference value :  3.86675e-06
 Reference value :  3.86747e-06
 Reference value :  3.86788e-06
 Reference value :  3.87077e-06
 Reference value :  3.87977e-06
 Reference value :  3.88977e-06
 Reference value :  3.89927e-06
 Reference value :  3.90788e-06
 Reference value :  3.90992e-06
 Reference value :  3.91240e-06
 Reference value :  3.92126e-06
 Reference value :  3.93076e-06
 Reference value :  3.94026e-06
 Reference value :  3.94950e-06
 Reference value :  3.95052e-06
 Reference value :  3.95324e-06
 Reference value :  3.96274e-06
 Reference value :  3.97224e-06
 Reference value :  3.98224e-06
 Reference value :  3.99122e-06
 Reference value :  3.99362e-06
 Reference value :  3.99634e-06
 Reference value :  4.00474e-06
 Reference value :  4.01424e-06
 Reference value :  4.02374e-06
 Reference value :  4.03288e-06
 Reference value :  4.03386e-06
 Reference value :  4.03439e-06
 Reference value :  4.03960e-06
 Reference value :  4.04960e-06
 Reference value :  4.05910e-06
 Reference value :  4.06860e-06
 Reference value :  4.07550e-06
 Reference value :  4.07817e-06
 Reference value :  4.08343e-06
 Reference value :  4.09343e-06
 Reference value :  4.10343e-06
 Reference value :  4.11343e-06
 Reference value :  4.11696e-06
 Reference value :  4.11763e-06
 Reference value :  4.11870e-06
 Reference value :  4.12797e-06
 Reference value :  4.13847e-06
 Reference value :  4.14997e-06
 Reference value :  4.15851e-06
 Reference value :  4.16026e-06
 Reference value :  4.16716e-06
 Reference value :  4.17666e-06
 Reference value :  4.18616e-06
 Reference value :  4.19616e-06
 Reference value :  4.20008e-06
 Reference value :  4.20066e-06
 Reference value :  4.20323e-06
 Reference value :  4.21323e-06
 Reference value :  4.22273e-06
 Reference value :  4.23223e-06
 Reference value :  4.24122e-06
 Reference value :  4.24325e-06
 Reference value :  4.25006e-06
 Reference value :  4.25956e-06
 Reference value :  4.26956e-06
 Reference value :  4.27906e-06
 Reference value :  4.28363e-06
 Reference value :  4.28471e-06
 Reference value :  4.29434e-06
 Reference value :  4.30384e-06
 Reference value :  4.31384e-06
 Reference value :  4.32334e-06
 Reference value :  4.32585e-06
 Reference value :  4.33237e-06
 Reference value :  4.34237e-06
 Reference value :  4.34937e-06
 Reference value :  4.35587e-06
 Reference value :  4.36537e-06
 Reference value :  4.36696e-06
 Reference value :  4.36763e-06
 Reference value :  4.36838e-06
 Reference value :  4.37647e-06
 Reference value :  4.38647e-06
 Reference value :  4.39597e-06
 Reference value :  4.40597e-06
 Reference value :  4.40898e-06
 Reference value :  4.41470e-06
 Reference value :  4.42420e-06
 Reference value :  4.43370e-06
 Reference value :  4.44320e-06
 Reference value :  4.45008e-06
 Reference value :  4.45108e-06
 Reference value :  4.45912e-06
 Reference value :  4.46862e-06
 Reference value :  4.47812e-06
 Reference value :  4.48762e-06
 Reference value :  4.49217e-06
 Reference value :  4.49654e-06
 Reference value :  4.50554e-06
 Reference value :  4.51504e-06
 Reference value :  4.51904e-06
 Reference value :  4.52804e-06
 Reference value :  4.53342e-06
 Reference value :  4.53403e-06
 Reference value :  4.53461e-06
 Reference value :  4.53999e-06
 Reference value :  4.54899e-06
 Reference value :  4.55899e-06
 Reference value :  4.56899e-06
 Reference value :  4.57550e-06
 Reference value :  4.57938e-06
 Reference value :  4.58838e-06
 Reference value :  4.59888e-06
 Reference value :  4.60238e-06
 Reference value :  4.61088e-06
 Reference value :  4.61675e-06
 Reference value :  4.61751e-06
 Reference value :  4.61790e-06
 Reference value :  4.62121e-06
 Reference value :  4.63021e-06
 Reference value :  4.63971e-06
 Reference value :  4.64921e-06
 Reference value :  4.65788e-06
 Reference value :  4.65991e-06
 Reference value :  4.66771e-06
 Reference value :  4.67721e-06
 Reference value :  4.68221e-06
 Reference value :  4.68921e-06
 Reference value :  4.69911e-06
 Reference value :  4.70029e-06
 Reference value :  4.70096e-06
 Reference value :  4.70165e-06
 Reference value :  4.70961e-06
 Reference value :  4.71911e-06
 Reference value :  4.72861e-06
 Reference value :  4.73811e-06
 Reference value :  4.74222e-06
 Reference value :  4.74704e-06
 Reference value :  4.75654e-06
 Reference value :  4.76454e-06
 Reference value :  4.77154e-06
 Reference value :  4.78104e-06
 Reference value :  4.78363e-06
 Reference value :  4.78439e-06
 Reference value :  4.78682e-06
 Reference value :  4.79432e-06
 Reference value :  4.80332e-06
 Reference value :  4.81282e-06
 Reference value :  4.82232e-06
 Reference value :  4.82555e-06
 Reference value :  4.83088e-06
 Reference value :  4.84038e-06
 Reference value :  4.84838e-06
 Reference value :  4.85438e-06
 Reference value :  4.86438e-06
 Reference value :  4.86696e-06
 Reference value :  4.86769e-06
 Reference value :  4.86939e-06
 Reference value :  4.87689e-06
 Reference value :  4.88589e-06
 Reference value :  4.89539e-06
 Reference value :  4.90489e-06
 Reference value :  4.90888e-06
 Reference value :  4.91371e-06
 Reference value :  4.92321e-06
 Reference value :  4.93271e-06
 Reference value :  4.94021e-06
 Reference value :  4.94950e-06
 Reference value :  4.95052e-06
 Reference value :  4.95172e-06
 Reference value :  4.96122e-06
 Reference value :  4.97072e-06
 Reference value :  4.98022e-06
 Reference value :  4.98972e-06
 Reference value :  4.99252e-06
 Reference value :  4.99904e-06
 Reference value :  5.00854e-06
 Reference value :  5.01554e-06
 Reference value :  5.02154e-06
 Reference value :  5.03104e-06
 Reference value :  5.03363e-06
 Reference value :  5.03430e-06
 Reference value :  5.03668e-06
 Reference value :  5.04568e-06
 Reference value :  5.05518e-06
 Reference value :  5.06468e-06
 Reference value :  5.07450e-06
 Reference value :  5.07658e-06
 Reference value :  5.08438e-06
 Reference value :  5.09388e-06
 Reference value :  5.10188e-06
 Reference value :  5.11088e-06
 Reference value :  5.11675e-06
 Reference value :  5.11733e-06
 Reference value :  5.11809e-06
 Reference value :  5.12392e-06
 Reference value :  5.13342e-06
 Reference value :  5.14292e-06
 Reference value :  5.15242e-06
 Reference value :  5.15883e-06
 Reference value :  5.16130e-06
 Reference value :  5.17164e-06
 Reference value :  5.18114e-06
 Reference value :  5.19064e-06
 Reference value :  5.19955e-06
 Reference value :  5.20050e-06
 Reference value :  5.20107e-06
 Reference value :  5.20823e-06
 Reference value :  5.21873e-06
 Reference value :  5.22873e-06
 Reference value :  5.23823e-06
 Reference value :  5.24222e-06
 Reference value :  5.24423e-06
 Reference value :  5.25327e-06
 Reference value :  5.26327e-06
 Reference value :  5.27277e-06
 Reference value :  5.28227e-06
 Reference value :  5.28383e-06
 Reference value :  5.28773e-06
 Reference value :  5.29773e-06
 Reference value :  5.30723e-06
 Reference value :  5.31673e-06
 Reference value :  5.32485e-06
 Reference value :  5.32695e-06
 Reference value :  5.33482e-06
 Reference value :  5.34432e-06
 Reference value :  5.35382e-06
 Reference value :  5.36574e-06
 Reference value :  5.36717e-06
 Reference value :  5.36985e-06
 Reference value :  5.37935e-06
 Reference value :  5.38885e-06
 Reference value :  5.40135e-06
 Reference value :  5.40918e-06
 Reference value :  5.42083e-06
 Reference value :  5.43583e-06
 Reference value :  5.44883e-06
 Reference value :  5.45205e-06
 Reference value :  5.46155e-06
 Reference value :  5.47255e-06
 Reference value :  5.48405e-06
 Reference value :  5.49184e-06
 Reference value :  5.49465e-06
 Reference value :  5.50415e-06
 Reference value :  5.51365e-06
 Reference value :  5.52315e-06
 Reference value :  5.53249e-06
 Reference value :  5.53383e-06
 Reference value :  5.53789e-06
 Reference value :  5.54739e-06
 Reference value :  5.55689e-06
 Reference value :  5.56639e-06
 Reference value :  5.57465e-06
 Reference value :  5.57948e-06
 Reference value :  5.58898e-06
 Reference value :  5.59848e-06
 Reference value :  5.60798e-06
 Reference value :  5.61632e-06
 Reference value :  5.61720e-06
 Reference value :  5.62414e-06
 Reference value :  5.63364e-06
 Reference value :  5.64364e-06
 Reference value :  5.65314e-06
 Reference value :  5.65883e-06
 Reference value :  5.66431e-06
 Reference value :  5.67381e-06
 Reference value :  5.68331e-06
 Reference value :  5.69281e-06
 Reference value :  5.70008e-06
 Reference value :  5.70157e-06
 Reference value :  5.71145e-06
 Reference value :  5.72095e-06
 Reference value :  5.73045e-06
 Reference value :  5.73995e-06
 Reference value :  5.74252e-06
 Reference value :  5.75115e-06
 Reference value :  5.76065e-06
 Reference value :  5.77265e-06
 Reference value :  5.78249e-06
 Reference value :  5.78383e-06
 Reference value :  5.78979e-06
 Reference value :  5.79929e-06
 Reference value :  5.80929e-06
 Reference value :  5.81929e-06
 Reference value :  5.82550e-06
 Reference value :  5.83298e-06
 Reference value :  5.84298e-06
 Reference value :  5.85248e-06
 Reference value :  5.86148e-06
 Reference value :  5.86675e-06
 Reference value :  5.86746e-06
 Reference value :  5.87506e-06
 Reference value :  5.88456e-06
 Reference value :  5.89406e-06
 Reference value :  5.90506e-06
 Reference value :  5.90918e-06
 Reference value :  5.91831e-06
 Reference value :  5.92781e-06
 Reference value :  5.93781e-06
 Reference value :  5.94831e-06
 Reference value :  5.95029e-06
 Reference value :  5.95397e-06
 Reference value :  5.96397e-06
 Reference value :  5.97397e-06
 Reference value :  5.98347e-06
 Reference value :  5.99152e-06
 Reference value :  5.99465e-06
 Reference value :  6.00615e-06
 Reference value :  6.01565e-06
 Reference value :  6.02565e-06
 Reference value :  6.03342e-06
 Reference value :  6.03405e-06
 Reference value :  6.03582e-06
 Reference value :  6.04432e-06
 Reference value :  6.05382e-06
 Reference value :  6.06332e-06
 Reference value :  6.07332e-06
 Reference value :  6.07798e-06
 Reference value :  6.08798e-06
 Reference value :  6.09748e-06
 Reference value :  6.10648e-06
 Reference value :  6.11582e-06
 Reference value :  6.11720e-06
 Reference value :  6.11785e-06
 Reference value :  6.12046e-06
 Reference value :  6.12996e-06
 Reference value :  6.13946e-06
 Reference value :  6.14896e-06
 Reference value :  6.15798e-06
 Reference value :  6.16049e-06
 Reference value :  6.17113e-06
 Reference value :  6.18063e-06
 Reference value :  6.19013e-06
 Reference value :  6.19950e-06
 Reference value :  6.20029e-06
 Reference value :  6.20083e-06
 Reference value :  6.20423e-06
 Reference value :  6.21423e-06
 Reference value :  6.22473e-06
 Reference value :  6.23723e-06
 Reference value :  6.24217e-06
 Reference value :  6.24400e-06
 Reference value :  6.25277e-06
 Reference value :  6.26277e-06
 Reference value :  6.27327e-06
 Reference value :  6.28255e-06
No. of Data Rows : 14105

  Measurements for Transient Analysis

d9_c1               =  7.88838e-08
d8_c1               =  1.80001e+00
d7_c1               =  8.83104e-08
d6_c1               =  8.84058e-08
d5_c1               =  8.80054e-08
d4_c1               =  1.80001e+00
d3_c1               =  8.79601e-08
d2_c1               =  1.80001e+00
d1_c1               =  1.80001e+00
d0_c1               =  2.34710e-07
d9_c2               =  1.07504e-07
d8_c2               =  1.12165e-07
d7_c2               =  1.11824e-07
d6_c2               =  1.80001e+00
d5_c2               =  1.80001e+00
d4_c2               =  1.80001e+00
d3_c2               =  1.80001e+00
d2_c2               =  1.80001e+00
d1_c2               =  1.80001e+00
d0_c2               =  1.80001e+00
d9_c3               =  1.80001e+00
d8_c3               =  3.06520e-08
d7_c3               =  3.12496e-08
d6_c3               =  3.18479e-08
d5_c3               =  3.29209e-08
d4_c3               =  3.42423e-08
d3_c3               =  3.64555e-08
d2_c3               =  4.08145e-08
d1_c3               =  1.80001e+00
d0_c3               =  -9.62980e-08
d9_c4               =  1.80001e+00
d8_c4               =  8.91442e-08
d7_c4               =  1.80001e+00
d6_c4               =  8.93730e-08
d5_c4               =  9.01189e-08
d4_c4               =  9.13618e-08
d3_c4               =  9.32475e-08
d2_c4               =  9.73969e-08
d1_c4               =  1.80001e+00
d0_c4               =  -6.10149e-09
d9_c5               =  1.80001e+00
d8_c5               =  1.80001e+00
d7_c5               =  1.80001e+00
d6_c5               =  1.80001e+00
d5_c5               =  1.80001e+00
d4_c5               =  1.80001e+00
d3_c5               =  1.80001e+00
d2_c5               =  1.80001e+00
d1_c5               =  1.80001e+00
d0_c5               =  1.80001e+00
busy_c1_p0          =  1.80000e+00
smpl_c1_p0          =  2.85877e-06
busy_c1_p1          =  1.80000e+00
smpl_c1_p1          =  3.08870e-06
busy_c1_p2          =  1.80000e+00
smpl_c1_p2          =  5.10930e-06
busy_c1_p3          =  1.80000e+00
smpl_c1_p3          =  3.17561e-06
busy_c1_p4          =  1.80000e+00
smpl_c1_p4          =  3.16517e-06
busy_c1_p5          =  1.80000e+00
smpl_c1_p5          =  3.16925e-06
busy_c1_p6          =  1.80000e+00
smpl_c1_p6          =  3.16837e-06
busy_c1_p7          =  1.80000e+00
smpl_c1_p7          =  3.18780e-06
busy_c1_p8          =  1.80000e+00
smpl_c1_p8          =  3.17128e-06
busy_c1_p9          =  1.80000e+00
smpl_c1_p9          =  3.17716e-06
busy_c1_p10         =  1.80000e+00
smpl_c1_p10         =  3.17241e-06
busy_c1_p11         =  7.32296e-06
smpl_c1_p11         =  1.80000e+00
busy_c2_p0          =  1.80000e+00
smpl_c2_p0          =  2.88366e-06
busy_c2_p1          =  1.80000e+00
smpl_c2_p1          =  3.21950e-06
busy_c2_p2          =  1.80000e+00
smpl_c2_p2          =  3.25635e-06
busy_c2_p3          =  1.80000e+00
smpl_c2_p3          =  3.21026e-06
busy_c2_p4          =  1.80000e+00
smpl_c2_p4          =  3.22769e-06
busy_c2_p5          =  1.80000e+00
smpl_c2_p5          =  3.23928e-06
busy_c2_p6          =  1.80000e+00
smpl_c2_p6          =  3.25527e-06
busy_c2_p7          =  1.80000e+00
smpl_c2_p7          =  3.25978e-06
busy_c2_p8          =  1.80000e+00
smpl_c2_p8          =  3.25876e-06
busy_c2_p9          =  1.80000e+00
smpl_c2_p9          =  3.25813e-06
busy_c2_p10         =  1.80000e+00
smpl_c2_p10         =  3.25943e-06
busy_c2_p11         =  -6.25263e-06
smpl_c2_p11         =  1.80000e+00
busy_c3_p0          =  1.80000e+00
smpl_c3_p0          =  2.96106e-06
busy_c3_p1          =  1.80000e+00
smpl_c3_p1          =  3.20463e-06
busy_c3_p2          =  1.80000e+00
smpl_c3_p2          =  3.22294e-06
busy_c3_p3          =  1.80000e+00
smpl_c3_p3          =  3.24739e-06
busy_c3_p4          =  1.80000e+00
smpl_c3_p4          =  3.26318e-06
busy_c3_p5          =  1.80000e+00
smpl_c3_p5          =  3.30703e-06
busy_c3_p6          =  1.80000e+00
smpl_c3_p6          =  3.32051e-06
busy_c3_p7          =  1.80000e+00
smpl_c3_p7          =  3.32349e-06
busy_c3_p8          =  1.80000e+00
smpl_c3_p8          =  3.32616e-06
busy_c3_p9          =  1.80000e+00
smpl_c3_p9          =  3.33070e-06
busy_c3_p10         =  1.80000e+00
smpl_c3_p10         =  3.33458e-06
busy_c3_p11         =  -1.27614e-05
smpl_c3_p11         =  1.80000e+00
busy_c4_p0          =  1.80000e+00
smpl_c4_p0          =  2.88342e-06
busy_c4_p1          =  1.80000e+00
smpl_c4_p1          =  3.22120e-06
busy_c4_p2          =  1.80000e+00
smpl_c4_p2          =  3.27490e-06
busy_c4_p3          =  1.80000e+00
smpl_c4_p3          =  3.21786e-06
busy_c4_p4          =  1.80000e+00
smpl_c4_p4          =  3.23096e-06
busy_c4_p5          =  1.80000e+00
smpl_c4_p5          =  3.25462e-06
busy_c4_p6          =  1.80000e+00
smpl_c4_p6          =  3.26997e-06
busy_c4_p7          =  1.80000e+00
smpl_c4_p7          =  3.28658e-06
busy_c4_p8          =  1.80000e+00
smpl_c4_p8          =  3.28048e-06
busy_c4_p9          =  1.80000e+00
smpl_c4_p9          =  3.28313e-06
busy_c4_p10         =  1.80000e+00
smpl_c4_p10         =  3.27876e-06
busy_c4_p11         =  1.04579e-05
smpl_c4_p11         =  1.80000e+00
busy_c5_p0          =  1.80000e+00
smpl_c5_p0          =  2.86137e-06
busy_c5_p1          =  1.80000e+00
smpl_c5_p1          =  3.09754e-06
busy_c5_p2          =  1.80000e+00
smpl_c5_p2          =  5.11360e-06
busy_c5_p3          =  1.80000e+00
smpl_c5_p3          =  8.31859e-06
busy_c5_p4          =  1.80000e+00
smpl_c5_p4          =  7.64239e-06
busy_c5_p5          =  1.80000e+00
smpl_c5_p5          =  6.64383e-06
busy_c5_p6          =  1.80000e+00
smpl_c5_p6          =  5.51788e-06
busy_c5_p7          =  1.80000e+00
smpl_c5_p7          =  4.74711e-06
busy_c5_p8          =  1.80000e+00
smpl_c5_p8          =  4.22969e-06
busy_c5_p9          =  1.80000e+00
smpl_c5_p9          =  3.92804e-06
busy_c5_p10         =  1.80000e+00
smpl_c5_p10         =  3.69607e-06
busy_c5_p11         =  1.03720e-05
smpl_c5_p11         =  1.80000e+00
i_vdd               =  -1.96780e-06 from=  3.20000e-06 to=  4.20008e-06
i_vpwr              =  -6.57803e-06 from=  3.20000e-06 to=  4.20008e-06
i_vrefp             =  -6.54751e-06 from=  3.20000e-06 to=  4.20008e-06
i_vrefn             =  6.55045e-06 from=  3.20000e-06 to=  4.20008e-06
i_vcm               =  -1.38549e-10 from=  3.20000e-06 to=  4.20008e-06


Total analysis time (seconds) = 362.429

Total elapsed time (seconds) = 419.804 

Total DRAM available = 98304.000 MB.
DRAM currently available = 24924.734 MB.
Maximum ngspice program size =  733.047 MB.
Current ngspice program size =  733.047 MB.

Note: Starting dynamic gmin stepping
Note: Dynamic gmin stepping completed
