
Note: Compatibility modes selected: hs a


Circuit: * sim/full-conversion-transient -- end-to-end full-conversion transient

option SCALE: Scale is set to 1e-06 for instance and model parameters
option SCALE: Scale is set to 1e-06 for instance and model parameters
option SCALE: Scale is set to 1e-06 for instance and model parameters
option SCALE: Scale is set to 1e-06 for instance and model parameters
Doing analysis at TEMP = 125.000000 and TNOM = 27.000000

Using KLU as Direct Linear Solver
 Reference value :  0.00000e+00
 Reference value :  1.01400e-08
 Reference value :  2.10000e-08
 Reference value :  2.92500e-08
 Reference value :  3.82500e-08
 Reference value :  4.77500e-08
 Reference value :  5.72500e-08
 Reference value :  6.67500e-08
 Reference value :  7.62500e-08
 Reference value :  8.57500e-08
 Reference value :  9.62500e-08
 Reference value :  1.05750e-07
 Reference value :  1.15250e-07
 Reference value :  1.24250e-07
 Reference value :  1.35250e-07
 Reference value :  1.46250e-07
 Reference value :  1.57250e-07
 Reference value :  1.70250e-07
 Reference value :  1.85750e-07
 Reference value :  2.00085e-07
 Reference value :  2.00905e-07
 Reference value :  2.03403e-07
 Reference value :  2.12903e-07
 Reference value :  2.22403e-07
 Reference value :  2.31903e-07
 Reference value :  2.41217e-07
 Reference value :  2.43313e-07
 Reference value :  2.48194e-07
 Reference value :  2.56694e-07
 Reference value :  2.67694e-07
 Reference value :  2.77194e-07
 Reference value :  2.83453e-07
 Reference value :  2.84697e-07
 Reference value :  2.88501e-07
 Reference value :  2.98001e-07
 Reference value :  3.07501e-07
 Reference value :  3.17501e-07
 Reference value :  3.25175e-07
 Reference value :  3.29577e-07
 Reference value :  3.38577e-07
 Reference value :  3.45077e-07
 Reference value :  3.54077e-07
 Reference value :  3.63577e-07
 Reference value :  3.66977e-07
 Reference value :  3.68119e-07
 Reference value :  3.72748e-07
 Reference value :  3.82248e-07
 Reference value :  3.91748e-07
 Reference value :  4.01248e-07
 Reference value :  4.08508e-07
 Reference value :  4.15337e-07
 Reference value :  4.24837e-07
 Reference value :  4.34837e-07
 Reference value :  4.44337e-07
 Reference value :  4.50120e-07
 Reference value :  4.51005e-07
 Reference value :  4.59453e-07
 Reference value :  4.68953e-07
 Reference value :  4.78453e-07
 Reference value :  4.87953e-07
 Reference value :  4.92295e-07
 Reference value :  4.99036e-07
 Reference value :  5.08536e-07
 Reference value :  5.18036e-07
 Reference value :  5.28036e-07
 Reference value :  5.33453e-07
 Reference value :  5.36886e-07
 Reference value :  5.46886e-07
 Reference value :  5.56386e-07
 Reference value :  5.66386e-07
 Reference value :  5.74850e-07
 Reference value :  5.78736e-07
 Reference value :  5.88236e-07
 Reference value :  5.99236e-07
 Reference value :  6.06236e-07
 Reference value :  6.13736e-07
 Reference value :  6.16976e-07
 Reference value :  6.18420e-07
 Reference value :  6.26008e-07
 Reference value :  6.35508e-07
 Reference value :  6.45508e-07
 Reference value :  6.55008e-07
 Reference value :  6.59133e-07
 Reference value :  6.66128e-07
 Reference value :  6.75628e-07
 Reference value :  6.85128e-07
 Reference value :  6.95128e-07
 Reference value :  7.00097e-07
 Reference value :  7.02761e-07
 Reference value :  7.12261e-07
 Reference value :  7.21761e-07
 Reference value :  7.31261e-07
 Reference value :  7.40714e-07
 Reference value :  7.43067e-07
 Reference value :  7.51931e-07
 Reference value :  7.61431e-07
 Reference value :  7.70931e-07
 Reference value :  7.80431e-07
 Reference value :  7.83626e-07
 Reference value :  7.87021e-07
 Reference value :  7.96521e-07
 Reference value :  8.06021e-07
 Reference value :  8.15521e-07
 Reference value :  8.24550e-07
 Reference value :  8.27250e-07
 Reference value :  8.36750e-07
 Reference value :  8.46250e-07
 Reference value :  8.56750e-07
 Reference value :  8.63750e-07
 Reference value :  8.66959e-07
 Reference value :  8.68000e-07
 Reference value :  8.74001e-07
 Reference value :  8.83501e-07
 Reference value :  8.93001e-07
 Reference value :  9.03001e-07
 Reference value :  9.08962e-07
 Reference value :  9.15590e-07
 Reference value :  9.25090e-07
 Reference value :  9.34590e-07
 Reference value :  9.44090e-07
 Reference value :  9.50085e-07
 Reference value :  9.51083e-07
 Reference value :  9.54825e-07
 Reference value :  9.64325e-07
 Reference value :  9.73825e-07
 Reference value :  9.83325e-07
 Reference value :  9.91842e-07
 Reference value :  9.96420e-07
 Reference value :  1.00592e-06
 Reference value :  1.01542e-06
 Reference value :  1.02492e-06
 Reference value :  1.03238e-06
 Reference value :  1.03406e-06
 Reference value :  1.03896e-06
 Reference value :  1.04846e-06
 Reference value :  1.05796e-06
 Reference value :  1.06746e-06
 Reference value :  1.07517e-06
 Reference value :  1.07977e-06
 Reference value :  1.08927e-06
 Reference value :  1.09877e-06
 Reference value :  1.10827e-06
 Reference value :  1.11632e-06
 Reference value :  1.11721e-06
 Reference value :  1.11820e-06
 Reference value :  1.12745e-06
 Reference value :  1.13695e-06
 Reference value :  1.14645e-06
 Reference value :  1.15595e-06
 Reference value :  1.15972e-06
 Reference value :  1.16437e-06
 Reference value :  1.17387e-06
 Reference value :  1.18337e-06
 Reference value :  1.19287e-06
 Reference value :  1.20008e-06
 Reference value :  1.20102e-06
 Reference value :  1.20363e-06
 Reference value :  1.21163e-06
 Reference value :  1.22013e-06
 Reference value :  1.22863e-06
 Reference value :  1.23763e-06
 Reference value :  1.24221e-06
 Reference value :  1.24377e-06
 Reference value :  1.24967e-06
 Reference value :  1.25717e-06
 Reference value :  1.26567e-06
 Reference value :  1.27517e-06
 Reference value :  1.28318e-06
 Reference value :  1.28395e-06
 Reference value :  1.28499e-06
 Reference value :  1.29002e-06
 Reference value :  1.29852e-06
 Reference value :  1.30702e-06
 Reference value :  1.31552e-06
 Reference value :  1.32450e-06
 Reference value :  1.32638e-06
 Reference value :  1.33050e-06
 Reference value :  1.33650e-06
 Reference value :  1.34550e-06
 Reference value :  1.35400e-06
 Reference value :  1.36350e-06
 Reference value :  1.36679e-06
 Reference value :  1.36784e-06
 Reference value :  1.36975e-06
 Reference value :  1.37925e-06
 Reference value :  1.38875e-06
 Reference value :  1.39775e-06
 Reference value :  1.40725e-06
 Reference value :  1.41078e-06
 Reference value :  1.41978e-06
 Reference value :  1.42928e-06
 Reference value :  1.43878e-06
 Reference value :  1.44828e-06
 Reference value :  1.45050e-06
 Reference value :  1.45469e-06
 Reference value :  1.46369e-06
 Reference value :  1.47319e-06
 Reference value :  1.48319e-06
 Reference value :  1.49152e-06
 Reference value :  1.49440e-06
 Reference value :  1.50340e-06
 Reference value :  1.51240e-06
 Reference value :  1.51990e-06
 Reference value :  1.52690e-06
 Reference value :  1.53345e-06
 Reference value :  1.53473e-06
 Reference value :  1.54170e-06
 Reference value :  1.55120e-06
 Reference value :  1.56070e-06
 Reference value :  1.57020e-06
 Reference value :  1.57554e-06
 Reference value :  1.58136e-06
 Reference value :  1.59136e-06
 Reference value :  1.60086e-06
 Reference value :  1.61036e-06
 Reference value :  1.61679e-06
 Reference value :  1.62019e-06
 Reference value :  1.62969e-06
 Reference value :  1.63919e-06
 Reference value :  1.64869e-06
 Reference value :  1.65788e-06
 Reference value :  1.66062e-06
 Reference value :  1.67012e-06
 Reference value :  1.68012e-06
 Reference value :  1.68912e-06
 Reference value :  1.69862e-06
 Reference value :  1.70050e-06
 Reference value :  1.70563e-06
 Reference value :  1.71563e-06
 Reference value :  1.72513e-06
 Reference value :  1.73513e-06
 Reference value :  1.74184e-06
 Reference value :  1.74642e-06
 Reference value :  1.75642e-06
 Reference value :  1.76592e-06
 Reference value :  1.77542e-06
 Reference value :  1.78342e-06
 Reference value :  1.78429e-06
 Reference value :  1.78619e-06
 Reference value :  1.79369e-06
 Reference value :  1.80319e-06
 Reference value :  1.81319e-06
 Reference value :  1.82269e-06
 Reference value :  1.82609e-06
 Reference value :  1.83424e-06
 Reference value :  1.84374e-06
 Reference value :  1.85324e-06
 Reference value :  1.85974e-06
 Reference value :  1.86652e-06
 Reference value :  1.86748e-06
 Reference value :  1.86885e-06
 Reference value :  1.87716e-06
 Reference value :  1.88666e-06
 Reference value :  1.89616e-06
 Reference value :  1.90566e-06
 Reference value :  1.90942e-06
 Reference value :  1.91758e-06
 Reference value :  1.92708e-06
 Reference value :  1.93658e-06
 Reference value :  1.94558e-06
 Reference value :  1.95000e-06
 Reference value :  1.95088e-06
 Reference value :  1.95243e-06
 Reference value :  1.96093e-06
 Reference value :  1.97043e-06
 Reference value :  1.97993e-06
 Reference value :  1.98943e-06
 Reference value :  1.99276e-06
 Reference value :  2.00142e-06
 Reference value :  2.01142e-06
 Reference value :  2.02092e-06
 Reference value :  2.03042e-06
 Reference value :  2.03367e-06
 Reference value :  2.03501e-06
 Reference value :  2.04448e-06
 Reference value :  2.05448e-06
 Reference value :  2.06398e-06
 Reference value :  2.07348e-06
 Reference value :  2.07612e-06
 Reference value :  2.08427e-06
 Reference value :  2.09377e-06
 Reference value :  2.10327e-06
 Reference value :  2.11327e-06
 Reference value :  2.11696e-06
 Reference value :  2.11773e-06
 Reference value :  2.12427e-06
 Reference value :  2.13377e-06
 Reference value :  2.14327e-06
 Reference value :  2.15327e-06
 Reference value :  2.15971e-06
 Reference value :  2.16376e-06
 Reference value :  2.17376e-06
 Reference value :  2.18326e-06
 Reference value :  2.19276e-06
 Reference value :  2.20008e-06
 Reference value :  2.20104e-06
 Reference value :  2.20550e-06
 Reference value :  2.21500e-06
 Reference value :  2.22450e-06
 Reference value :  2.23450e-06
 Reference value :  2.24184e-06
 Reference value :  2.24389e-06
 Reference value :  2.25110e-06
 Reference value :  2.26060e-06
 Reference value :  2.27060e-06
 Reference value :  2.28010e-06
 Reference value :  2.28364e-06
 Reference value :  2.28483e-06
 Reference value :  2.29126e-06
 Reference value :  2.30076e-06
 Reference value :  2.31026e-06
 Reference value :  2.31976e-06
 Reference value :  2.32554e-06
 Reference value :  2.33063e-06
 Reference value :  2.34013e-06
 Reference value :  2.34963e-06
 Reference value :  2.35913e-06
 Reference value :  2.36679e-06
 Reference value :  2.36784e-06
 Reference value :  2.37492e-06
 Reference value :  2.38442e-06
 Reference value :  2.39392e-06
 Reference value :  2.40342e-06
 Reference value :  2.40888e-06
 Reference value :  2.41350e-06
 Reference value :  2.42200e-06
 Reference value :  2.43150e-06
 Reference value :  2.44100e-06
 Reference value :  2.44965e-06
 Reference value :  2.45058e-06
 Reference value :  2.45163e-06
 Reference value :  2.46099e-06
 Reference value :  2.47099e-06
 Reference value :  2.48099e-06
 Reference value :  2.48999e-06
 Reference value :  2.49275e-06
 Reference value :  2.49483e-06
 Reference value :  2.50226e-06
 Reference value :  2.51176e-06
 Reference value :  2.52176e-06
 Reference value :  2.53176e-06
 Reference value :  2.53383e-06
 Reference value :  2.53481e-06
 Reference value :  2.54072e-06
 Reference value :  2.55022e-06
 Reference value :  2.56022e-06
 Reference value :  2.57022e-06
 Reference value :  2.57554e-06
 Reference value :  2.57861e-06
 Reference value :  2.58561e-06
 Reference value :  2.59511e-06
 Reference value :  2.60461e-06
 Reference value :  2.61411e-06
 Reference value :  2.61698e-06
 Reference value :  2.61800e-06
 Reference value :  2.62302e-06
 Reference value :  2.63202e-06
 Reference value :  2.64152e-06
 Reference value :  2.65102e-06
 Reference value :  2.65851e-06
 Reference value :  2.66150e-06
 Reference value :  2.66700e-06
 Reference value :  2.67600e-06
 Reference value :  2.68550e-06
 Reference value :  2.69500e-06
 Reference value :  2.70009e-06
 Reference value :  2.70123e-06
 Reference value :  2.70644e-06
 Reference value :  2.71544e-06
 Reference value :  2.72494e-06
 Reference value :  2.73494e-06
 Reference value :  2.74184e-06
 Reference value :  2.74484e-06
 Reference value :  2.74984e-06
 Reference value :  2.75834e-06
 Reference value :  2.76784e-06
 Reference value :  2.77734e-06
 Reference value :  2.78342e-06
 Reference value :  2.78443e-06
 Reference value :  2.78638e-06
 Reference value :  2.79538e-06
 Reference value :  2.80488e-06
 Reference value :  2.81488e-06
 Reference value :  2.82419e-06
 Reference value :  2.82640e-06
 Reference value :  2.83117e-06
 Reference value :  2.83867e-06
 Reference value :  2.84817e-06
 Reference value :  2.85767e-06
 Reference value :  2.86652e-06
 Reference value :  2.86748e-06
 Reference value :  2.86862e-06
 Reference value :  2.87725e-06
 Reference value :  2.88925e-06
 Reference value :  2.89875e-06
 Reference value :  2.90783e-06
 Reference value :  2.91012e-06
 Reference value :  2.91550e-06
 Reference value :  2.92350e-06
 Reference value :  2.93300e-06
 Reference value :  2.94250e-06
 Reference value :  2.95004e-06
 Reference value :  2.95100e-06
 Reference value :  2.95233e-06
 Reference value :  2.96065e-06
 Reference value :  2.97015e-06
 Reference value :  2.97965e-06
 Reference value :  2.98915e-06
 Reference value :  2.99275e-06
 Reference value :  2.99834e-06
 Reference value :  3.00334e-06
 Reference value :  3.01284e-06
 Reference value :  3.02234e-06
 Reference value :  3.03234e-06
 Reference value :  3.03419e-06
 Reference value :  3.03867e-06
 Reference value :  3.04867e-06
 Reference value :  3.05817e-06
 Reference value :  3.06767e-06
 Reference value :  3.07517e-06
 Reference value :  3.07870e-06
 Reference value :  3.08420e-06
 Reference value :  3.09370e-06
 Reference value :  3.10320e-06
 Reference value :  3.11270e-06
 Reference value :  3.11696e-06
 Reference value :  3.11773e-06
 Reference value :  3.12314e-06
 Reference value :  3.13264e-06
 Reference value :  3.14214e-06
 Reference value :  3.15164e-06
 Reference value :  3.15883e-06
 Reference value :  3.16102e-06
 Reference value :  3.16952e-06
 Reference value :  3.17902e-06
 Reference value :  3.18852e-06
 Reference value :  3.19802e-06
 Reference value :  3.20050e-06
 Reference value :  3.20203e-06
 Reference value :  3.21153e-06
 Reference value :  3.22103e-06
 Reference value :  3.23053e-06
 Reference value :  3.24003e-06
 Reference value :  3.24276e-06
 Reference value :  3.24472e-06
 Reference value :  3.25379e-06
 Reference value :  3.26379e-06
 Reference value :  3.27329e-06
 Reference value :  3.28283e-06
 Reference value :  3.28383e-06
 Reference value :  3.28590e-06
 Reference value :  3.29540e-06
 Reference value :  3.30490e-06
 Reference value :  3.31440e-06
 Reference value :  3.32420e-06
 Reference value :  3.32671e-06
 Reference value :  3.33075e-06
 Reference value :  3.33925e-06
 Reference value :  3.34875e-06
 Reference value :  3.35825e-06
 Reference value :  3.36652e-06
 Reference value :  3.36724e-06
 Reference value :  3.36825e-06
 Reference value :  3.37502e-06
 Reference value :  3.38452e-06
 Reference value :  3.39402e-06
 Reference value :  3.40352e-06
 Reference value :  3.40888e-06
 Reference value :  3.41159e-06
 Reference value :  3.41859e-06
 Reference value :  3.42809e-06
 Reference value :  3.43909e-06
 Reference value :  3.44859e-06
 Reference value :  3.45031e-06
 Reference value :  3.45124e-06
 Reference value :  3.45650e-06
 Reference value :  3.46450e-06
 Reference value :  3.47450e-06
 Reference value :  3.48400e-06
 Reference value :  3.49184e-06
 Reference value :  3.49444e-06
 Reference value :  3.49994e-06
 Reference value :  3.50944e-06
 Reference value :  3.51944e-06
 Reference value :  3.52894e-06
 Reference value :  3.53345e-06
 Reference value :  3.53444e-06
 Reference value :  3.53575e-06
 Reference value :  3.54467e-06
 Reference value :  3.55417e-06
 Reference value :  3.56367e-06
 Reference value :  3.57367e-06
 Reference value :  3.57640e-06
 Reference value :  3.57980e-06
 Reference value :  3.58830e-06
 Reference value :  3.59780e-06
 Reference value :  3.60730e-06
 Reference value :  3.61622e-06
 Reference value :  3.61717e-06
 Reference value :  3.61805e-06
 Reference value :  3.62481e-06
 Reference value :  3.63481e-06
 Reference value :  3.64431e-06
 Reference value :  3.65381e-06
 Reference value :  3.65888e-06
 Reference value :  3.66111e-06
 Reference value :  3.66575e-06
 Reference value :  3.67525e-06
 Reference value :  3.68475e-06
 Reference value :  3.69475e-06
 Reference value :  3.70009e-06
 Reference value :  3.70118e-06
 Reference value :  3.70425e-06
 Reference value :  3.71325e-06
 Reference value :  3.72275e-06
 Reference value :  3.73225e-06
 Reference value :  3.74117e-06
 Reference value :  3.74343e-06
 Reference value :  3.74441e-06
 Reference value :  3.74887e-06
 Reference value :  3.75837e-06
 Reference value :  3.76787e-06
 Reference value :  3.77737e-06
 Reference value :  3.78342e-06
 Reference value :  3.78444e-06
 Reference value :  3.78689e-06
 Reference value :  3.79539e-06
 Reference value :  3.80489e-06
 Reference value :  3.81439e-06
 Reference value :  3.82389e-06
 Reference value :  3.82640e-06
 Reference value :  3.82775e-06
 Reference value :  3.83304e-06
 Reference value :  3.84954e-06
 Reference value :  3.86622e-06
 Reference value :  3.86723e-06
 Reference value :  3.86847e-06
 Reference value :  3.87639e-06
 Reference value :  3.88539e-06
 Reference value :  3.89489e-06
 Reference value :  3.90439e-06
 Reference value :  3.90913e-06
 Reference value :  3.91109e-06
 Reference value :  3.91903e-06
 Reference value :  3.92853e-06
 Reference value :  3.93803e-06
 Reference value :  3.94753e-06
 Reference value :  3.95050e-06
 Reference value :  3.95190e-06
 Reference value :  3.96140e-06
 Reference value :  3.97140e-06
 Reference value :  3.98140e-06
 Reference value :  3.99117e-06
 Reference value :  3.99343e-06
 Reference value :  3.99617e-06
 Reference value :  4.00567e-06
 Reference value :  4.01567e-06
 Reference value :  4.02517e-06
 Reference value :  4.03318e-06
 Reference value :  4.03453e-06
 Reference value :  4.04219e-06
 Reference value :  4.05169e-06
 Reference value :  4.06119e-06
 Reference value :  4.07069e-06
 Reference value :  4.07564e-06
 Reference value :  4.07856e-06
 Reference value :  4.08735e-06
 Reference value :  4.09685e-06
 Reference value :  4.10635e-06
 Reference value :  4.11617e-06
 Reference value :  4.11717e-06
 Reference value :  4.11809e-06
 Reference value :  4.12709e-06
 Reference value :  4.13709e-06
 Reference value :  4.14659e-06
 Reference value :  4.15609e-06
 Reference value :  4.15972e-06
 Reference value :  4.16470e-06
 Reference value :  4.17420e-06
 Reference value :  4.18370e-06
 Reference value :  4.19320e-06
 Reference value :  4.20008e-06
 Reference value :  4.20090e-06
 Reference value :  4.20597e-06
 Reference value :  4.21547e-06
 Reference value :  4.22497e-06
 Reference value :  4.23447e-06
 Reference value :  4.24217e-06
 Reference value :  4.24554e-06
 Reference value :  4.25454e-06
 Reference value :  4.26404e-06
 Reference value :  4.27354e-06
 Reference value :  4.28283e-06
 Reference value :  4.28392e-06
 Reference value :  4.28776e-06
 Reference value :  4.29776e-06
 Reference value :  4.30726e-06
 Reference value :  4.31676e-06
 Reference value :  4.32485e-06
 Reference value :  4.32714e-06
 Reference value :  4.33314e-06
 Reference value :  4.34064e-06
 Reference value :  4.35014e-06
 Reference value :  4.36114e-06
 Reference value :  4.36679e-06
 Reference value :  4.36777e-06
 Reference value :  4.36876e-06
 Reference value :  4.37700e-06
 Reference value :  4.38650e-06
 Reference value :  4.39600e-06
 Reference value :  4.40550e-06
 Reference value :  4.40942e-06
 Reference value :  4.41600e-06
 Reference value :  4.42550e-06
 Reference value :  4.43500e-06
 Reference value :  4.44450e-06
 Reference value :  4.45012e-06
 Reference value :  4.45196e-06
 Reference value :  4.46146e-06
 Reference value :  4.47096e-06
 Reference value :  4.48046e-06
 Reference value :  4.49046e-06
 Reference value :  4.49306e-06
 Reference value :  4.49882e-06
 Reference value :  4.50532e-06
 Reference value :  4.51482e-06
 Reference value :  4.52482e-06
 Reference value :  4.53288e-06
 Reference value :  4.53383e-06
 Reference value :  4.53453e-06
 Reference value :  4.53818e-06
 Reference value :  4.54718e-06
 Reference value :  4.55668e-06
 Reference value :  4.56618e-06
 Reference value :  4.57465e-06
 Reference value :  4.57720e-06
 Reference value :  4.58270e-06
 Reference value :  4.58970e-06
 Reference value :  4.59920e-06
 Reference value :  4.60870e-06
 Reference value :  4.61679e-06
 Reference value :  4.61793e-06
 Reference value :  4.62386e-06
 Reference value :  4.63336e-06
 Reference value :  4.64286e-06
 Reference value :  4.65236e-06
 Reference value :  4.65883e-06
 Reference value :  4.66354e-06
 Reference value :  4.66804e-06
 Reference value :  4.67654e-06
 Reference value :  4.68604e-06
 Reference value :  4.69554e-06
 Reference value :  4.70009e-06
 Reference value :  4.70120e-06
 Reference value :  4.70705e-06
 Reference value :  4.71655e-06
 Reference value :  4.72605e-06
 Reference value :  4.73605e-06
 Reference value :  4.74217e-06
 Reference value :  4.74584e-06
 Reference value :  4.75134e-06
 Reference value :  4.75984e-06
 Reference value :  4.76934e-06
 Reference value :  4.77884e-06
 Reference value :  4.78342e-06
 Reference value :  4.78443e-06
 Reference value :  4.78648e-06
 Reference value :  4.79448e-06
 Reference value :  4.80398e-06
 Reference value :  4.81398e-06
 Reference value :  4.82398e-06
 Reference value :  4.82609e-06
 Reference value :  4.83217e-06
 Reference value :  4.83917e-06
 Reference value :  4.84817e-06
 Reference value :  4.85767e-06
 Reference value :  4.86632e-06
 Reference value :  4.86717e-06
 Reference value :  4.86799e-06
 Reference value :  4.87389e-06
 Reference value :  4.88389e-06
 Reference value :  4.89439e-06
 Reference value :  4.90439e-06
 Reference value :  4.90913e-06
 Reference value :  4.91450e-06
 Reference value :  4.92350e-06
 Reference value :  4.93300e-06
 Reference value :  4.94250e-06
 Reference value :  4.95004e-06
 Reference value :  4.95106e-06
 Reference value :  4.95790e-06
 Reference value :  4.96740e-06
 Reference value :  4.97690e-06
 Reference value :  4.98640e-06
 Reference value :  4.99221e-06
 Reference value :  4.99734e-06
 Reference value :  5.00584e-06
 Reference value :  5.01584e-06
 Reference value :  5.02534e-06
 Reference value :  5.03351e-06
 Reference value :  5.03477e-06
 Reference value :  5.04368e-06
 Reference value :  5.05318e-06
 Reference value :  5.06318e-06
 Reference value :  5.07268e-06
 Reference value :  5.07611e-06
 Reference value :  5.08320e-06
 Reference value :  5.09320e-06
 Reference value :  5.10270e-06
 Reference value :  5.11220e-06
 Reference value :  5.11696e-06
 Reference value :  5.11784e-06
 Reference value :  5.12576e-06
 Reference value :  5.13526e-06
 Reference value :  5.14476e-06
 Reference value :  5.15426e-06
 Reference value :  5.15942e-06
 Reference value :  5.16534e-06
 Reference value :  5.17484e-06
 Reference value :  5.18434e-06
 Reference value :  5.19384e-06
 Reference value :  5.20008e-06
 Reference value :  5.20102e-06
 Reference value :  5.20669e-06
 Reference value :  5.21619e-06
 Reference value :  5.22569e-06
 Reference value :  5.23619e-06
 Reference value :  5.24221e-06
 Reference value :  5.24566e-06
 Reference value :  5.25566e-06
 Reference value :  5.26566e-06
 Reference value :  5.27566e-06
 Reference value :  5.28345e-06
 Reference value :  5.28545e-06
 Reference value :  5.29495e-06
 Reference value :  5.30445e-06
 Reference value :  5.31395e-06
 Reference value :  5.32345e-06
 Reference value :  5.32606e-06
 Reference value :  5.33301e-06
 Reference value :  5.34251e-06
 Reference value :  5.35201e-06
 Reference value :  5.36151e-06
 Reference value :  5.36679e-06
 Reference value :  5.36916e-06
 Reference value :  5.37866e-06
 Reference value :  5.38816e-06
 Reference value :  5.39766e-06
 Reference value :  5.40750e-06
 Reference value :  5.41428e-06
 Reference value :  5.42378e-06
 Reference value :  5.43328e-06
 Reference value :  5.44278e-06
 Reference value :  5.45012e-06
 Reference value :  5.45482e-06
 Reference value :  5.46432e-06
 Reference value :  5.47432e-06
 Reference value :  5.48382e-06
 Reference value :  5.49184e-06
 Reference value :  5.49867e-06
 Reference value :  5.50817e-06
 Reference value :  5.51767e-06
 Reference value :  5.52717e-06
 Reference value :  5.53345e-06
 Reference value :  5.53775e-06
 Reference value :  5.54725e-06
 Reference value :  5.55675e-06
 Reference value :  5.56625e-06
 Reference value :  5.57465e-06
 Reference value :  5.57899e-06
 Reference value :  5.58849e-06
 Reference value :  5.59799e-06
 Reference value :  5.60749e-06
 Reference value :  5.61622e-06
 Reference value :  5.61726e-06
 Reference value :  5.62504e-06
 Reference value :  5.63454e-06
 Reference value :  5.64404e-06
 Reference value :  5.65354e-06
 Reference value :  5.65888e-06
 Reference value :  5.66733e-06
 Reference value :  5.67733e-06
 Reference value :  5.68683e-06
 Reference value :  5.69633e-06
 Reference value :  5.70031e-06
 Reference value :  5.70629e-06
 Reference value :  5.71579e-06
 Reference value :  5.72529e-06
 Reference value :  5.73479e-06
 Reference value :  5.74184e-06
 Reference value :  5.74866e-06
 Reference value :  5.75816e-06
 Reference value :  5.76816e-06
 Reference value :  5.77766e-06
 Reference value :  5.78363e-06
 Reference value :  5.78891e-06
 Reference value :  5.79841e-06
 Reference value :  5.80791e-06
 Reference value :  5.81741e-06
 Reference value :  5.82517e-06
 Reference value :  5.83249e-06
 Reference value :  5.84199e-06
 Reference value :  5.85199e-06
 Reference value :  5.86149e-06
 Reference value :  5.86696e-06
 Reference value :  5.87231e-06
 Reference value :  5.88181e-06
 Reference value :  5.89131e-06
 Reference value :  5.90081e-06
 Reference value :  5.90851e-06
 Reference value :  5.91533e-06
 Reference value :  5.92483e-06
 Reference value :  5.93433e-06
 Reference value :  5.94383e-06
 Reference value :  5.95008e-06
 Reference value :  5.95316e-06
 Reference value :  5.96316e-06
 Reference value :  5.97316e-06
 Reference value :  5.98266e-06
 Reference value :  5.99122e-06
 Reference value :  5.99566e-06
 Reference value :  6.00516e-06
 Reference value :  6.01516e-06
 Reference value :  6.02466e-06
 Reference value :  6.03351e-06
 Reference value :  6.03597e-06
 Reference value :  6.04497e-06
 Reference value :  6.05447e-06
 Reference value :  6.06397e-06
 Reference value :  6.07347e-06
 Reference value :  6.07757e-06
 Reference value :  6.08707e-06
 Reference value :  6.09657e-06
 Reference value :  6.10657e-06
 Reference value :  6.11587e-06
 Reference value :  6.11712e-06
 Reference value :  6.11832e-06
 Reference value :  6.12762e-06
 Reference value :  6.13712e-06
 Reference value :  6.14712e-06
 Reference value :  6.15712e-06
 Reference value :  6.15972e-06
 Reference value :  6.16583e-06
 Reference value :  6.17533e-06
 Reference value :  6.18533e-06
 Reference value :  6.19483e-06
 Reference value :  6.20008e-06
 Reference value :  6.20104e-06
 Reference value :  6.20744e-06
 Reference value :  6.21694e-06
 Reference value :  6.22694e-06
 Reference value :  6.23644e-06
 Reference value :  6.24217e-06
 Reference value :  6.24516e-06
 Reference value :  6.25466e-06
 Reference value :  6.26416e-06
 Reference value :  6.27366e-06
 Reference value :  6.28283e-06
No. of Data Rows : 14070

  Measurements for Transient Analysis

d9_c1               =  -6.79210e-07
d8_c1               =  1.80000e+00
d7_c1               =  -1.41237e-06
d6_c1               =  1.80000e+00
d5_c1               =  -1.40982e-06
d4_c1               =  -1.42561e-06
d3_c1               =  -1.42693e-06
d2_c1               =  1.80000e+00
d1_c1               =  1.80000e+00
d0_c1               =  1.80000e+00
d9_c2               =  -5.49581e-07
d8_c2               =  -1.65371e-06
d7_c2               =  -1.65227e-06
d6_c2               =  1.80000e+00
d5_c2               =  1.80000e+00
d4_c2               =  1.80000e+00
d3_c2               =  1.80000e+00
d2_c2               =  1.80000e+00
d1_c2               =  1.80000e+00
d0_c2               =  1.80000e+00
d9_c3               =  1.80001e+00
d8_c3               =  -1.53219e-06
d7_c3               =  -1.53256e-06
d6_c3               =  -1.53303e-06
d5_c3               =  -1.53367e-06
d4_c3               =  -1.50065e-06
d3_c3               =  -1.50809e-06
d2_c3               =  -1.49696e-06
d1_c3               =  1.80000e+00
d0_c3               =  1.80000e+00
d9_c4               =  1.80001e+00
d8_c4               =  -1.53512e-06
d7_c4               =  1.80000e+00
d6_c4               =  -1.53639e-06
d5_c4               =  -1.53707e-06
d4_c4               =  -1.50401e-06
d3_c4               =  -1.51149e-06
d2_c4               =  -1.50455e-06
d1_c4               =  1.80000e+00
d0_c4               =  1.80000e+00
d9_c5               =  1.80001e+00
d8_c5               =  1.80000e+00
d7_c5               =  1.80000e+00
d6_c5               =  1.80000e+00
d5_c5               =  1.80000e+00
d4_c5               =  1.80000e+00
d3_c5               =  1.80000e+00
d2_c5               =  1.80000e+00
d1_c5               =  1.80000e+00
d0_c5               =  1.80000e+00
busy_c1_p0          =  1.80000e+00
smpl_c1_p0          =  -3.31321e-04
busy_c1_p1          =  1.80000e+00
smpl_c1_p1          =  -1.89105e-05
busy_c1_p2          =  1.80000e+00
smpl_c1_p2          =  -6.86811e-06
busy_c1_p3          =  1.80000e+00
smpl_c1_p3          =  -1.85879e-05
busy_c1_p4          =  1.80000e+00
smpl_c1_p4          =  -1.82385e-05
busy_c1_p5          =  1.80000e+00
smpl_c1_p5          =  -1.85080e-05
busy_c1_p6          =  1.80000e+00
smpl_c1_p6          =  -1.85775e-05
busy_c1_p7          =  1.80000e+00
smpl_c1_p7          =  -1.85888e-05
busy_c1_p8          =  1.80000e+00
smpl_c1_p8          =  -1.85743e-05
busy_c1_p9          =  1.80000e+00
smpl_c1_p9          =  -1.85761e-05
busy_c1_p10         =  1.80000e+00
smpl_c1_p10         =  -1.85733e-05
busy_c1_p11         =  1.32179e-06
smpl_c1_p11         =  1.80014e+00
busy_c2_p0          =  1.80000e+00
smpl_c2_p0          =  -3.31611e-04
busy_c2_p1          =  1.80000e+00
smpl_c2_p1          =  -1.85242e-05
busy_c2_p2          =  1.80000e+00
smpl_c2_p2          =  -1.82943e-05
busy_c2_p3          =  1.80000e+00
smpl_c2_p3          =  -1.84809e-05
busy_c2_p4          =  1.80000e+00
smpl_c2_p4          =  -1.84113e-05
busy_c2_p5          =  1.80000e+00
smpl_c2_p5          =  -1.83798e-05
busy_c2_p6          =  1.80000e+00
smpl_c2_p6          =  -1.83778e-05
busy_c2_p7          =  1.80000e+00
smpl_c2_p7          =  -1.83725e-05
busy_c2_p8          =  1.80000e+00
smpl_c2_p8          =  -1.83687e-05
busy_c2_p9          =  1.80000e+00
smpl_c2_p9          =  -1.83747e-05
busy_c2_p10         =  1.80000e+00
smpl_c2_p10         =  -1.83756e-05
busy_c2_p11         =  1.28942e-06
smpl_c2_p11         =  1.80014e+00
busy_c3_p0          =  1.80000e+00
smpl_c3_p0          =  -3.31374e-04
busy_c3_p1          =  1.80000e+00
smpl_c3_p1          =  -1.85010e-05
busy_c3_p2          =  1.80000e+00
smpl_c3_p2          =  -1.85648e-05
busy_c3_p3          =  1.80000e+00
smpl_c3_p3          =  -1.84504e-05
busy_c3_p4          =  1.80000e+00
smpl_c3_p4          =  -1.83015e-05
busy_c3_p5          =  1.80000e+00
smpl_c3_p5          =  -1.82141e-05
busy_c3_p6          =  1.80000e+00
smpl_c3_p6          =  -1.81797e-05
busy_c3_p7          =  1.80000e+00
smpl_c3_p7          =  -1.81594e-05
busy_c3_p8          =  1.80000e+00
smpl_c3_p8          =  -1.81463e-05
busy_c3_p9          =  1.80000e+00
smpl_c3_p9          =  -1.81541e-05
busy_c3_p10         =  1.80000e+00
smpl_c3_p10         =  -1.81549e-05
busy_c3_p11         =  1.07675e-06
smpl_c3_p11         =  1.80014e+00
busy_c4_p0          =  1.80000e+00
smpl_c4_p0          =  -3.31760e-04
busy_c4_p1          =  1.80000e+00
smpl_c4_p1          =  -1.85352e-05
busy_c4_p2          =  1.80000e+00
smpl_c4_p2          =  -1.83040e-05
busy_c4_p3          =  1.80000e+00
smpl_c4_p3          =  -1.85474e-05
busy_c4_p4          =  1.80000e+00
smpl_c4_p4          =  -1.84249e-05
busy_c4_p5          =  1.80000e+00
smpl_c4_p5          =  -1.83450e-05
busy_c4_p6          =  1.80000e+00
smpl_c4_p6          =  -1.83246e-05
busy_c4_p7          =  1.80000e+00
smpl_c4_p7          =  -1.83101e-05
busy_c4_p8          =  1.80000e+00
smpl_c4_p8          =  -1.83041e-05
busy_c4_p9          =  1.80000e+00
smpl_c4_p9          =  -1.83100e-05
busy_c4_p10         =  1.80000e+00
smpl_c4_p10         =  -1.83103e-05
busy_c4_p11         =  1.32192e-06
smpl_c4_p11         =  1.80014e+00
busy_c5_p0          =  1.80000e+00
smpl_c5_p0          =  -3.31767e-04
busy_c5_p1          =  1.80000e+00
smpl_c5_p1          =  -1.88977e-05
busy_c5_p2          =  1.80000e+00
smpl_c5_p2          =  -6.91911e-06
busy_c5_p3          =  1.80000e+00
smpl_c5_p3          =  -6.15877e-06
busy_c5_p4          =  1.80000e+00
smpl_c5_p4          =  -8.36797e-06
busy_c5_p5          =  1.80000e+00
smpl_c5_p5          =  -1.10748e-05
busy_c5_p6          =  1.80000e+00
smpl_c5_p6          =  -1.33773e-05
busy_c5_p7          =  1.80000e+00
smpl_c5_p7          =  -1.48987e-05
busy_c5_p8          =  1.80000e+00
smpl_c5_p8          =  -1.58460e-05
busy_c5_p9          =  1.80000e+00
smpl_c5_p9          =  -1.64505e-05
busy_c5_p10         =  1.80000e+00
smpl_c5_p10         =  -1.68813e-05
busy_c5_p11         =  9.79089e-07
smpl_c5_p11         =  1.80014e+00
i_vdd               =  -2.30652e-06 from=  3.20000e-06 to=  4.20008e-06
i_vpwr              =  -7.80553e-06 from=  3.20000e-06 to=  4.20008e-06
i_vrefp             =  -6.62673e-06 from=  3.20000e-06 to=  4.20008e-06
i_vrefn             =  6.62769e-06 from=  3.20000e-06 to=  4.20008e-06
i_vcm               =  5.87427e-10 from=  3.20000e-06 to=  4.20008e-06


Total analysis time (seconds) = 352.495

Total elapsed time (seconds) = 398.622 

Total DRAM available = 98304.000 MB.
DRAM currently available = 32082.875 MB.
Maximum ngspice program size =  732.219 MB.
Current ngspice program size =  732.219 MB.

