
Note: Compatibility modes selected: hs a


Circuit: * sim/full-conversion-transient -- end-to-end full-conversion transient

option SCALE: Scale is set to 1e-06 for instance and model parameters
option SCALE: Scale is set to 1e-06 for instance and model parameters
option SCALE: Scale is set to 1e-06 for instance and model parameters
option SCALE: Scale is set to 1e-06 for instance and model parameters
Doing analysis at TEMP = 27.000000 and TNOM = 27.000000

Using KLU as Direct Linear Solver
 Reference value :  0.00000e+00
 Reference value :  1.11400e-08
 Reference value :  2.10500e-08
 Reference value :  3.02500e-08
 Reference value :  3.97500e-08
 Reference value :  4.92500e-08
 Reference value :  5.87500e-08
 Reference value :  6.82500e-08
 Reference value :  7.82500e-08
 Reference value :  8.77500e-08
 Reference value :  9.77500e-08
 Reference value :  1.08750e-07
 Reference value :  1.20250e-07
 Reference value :  1.31250e-07
 Reference value :  1.43250e-07
 Reference value :  1.57250e-07
 Reference value :  1.70750e-07
 Reference value :  1.84750e-07
 Reference value :  1.98750e-07
 Reference value :  2.00523e-07
 Reference value :  2.02809e-07
 Reference value :  2.12309e-07
 Reference value :  2.21809e-07
 Reference value :  2.31309e-07
 Reference value :  2.40738e-07
 Reference value :  2.42982e-07
 Reference value :  2.44721e-07
 Reference value :  2.54721e-07
 Reference value :  2.64721e-07
 Reference value :  2.74221e-07
 Reference value :  2.82883e-07
 Reference value :  2.83808e-07
 Reference value :  2.84563e-07
 Reference value :  2.87704e-07
 Reference value :  2.96704e-07
 Reference value :  3.06204e-07
 Reference value :  3.15704e-07
 Reference value :  3.24650e-07
 Reference value :  3.27591e-07
 Reference value :  3.37058e-07
 Reference value :  3.46558e-07
 Reference value :  3.56058e-07
 Reference value :  3.65558e-07
 Reference value :  3.66969e-07
 Reference value :  3.72690e-07
 Reference value :  3.82190e-07
 Reference value :  3.91690e-07
 Reference value :  4.01190e-07
 Reference value :  4.08508e-07
 Reference value :  4.10816e-07
 Reference value :  4.16159e-07
 Reference value :  4.25659e-07
 Reference value :  4.35159e-07
 Reference value :  4.44659e-07
 Reference value :  4.50088e-07
 Reference value :  4.50924e-07
 Reference value :  4.52558e-07
 Reference value :  4.61558e-07
 Reference value :  4.71058e-07
 Reference value :  4.81058e-07
 Reference value :  4.90558e-07
 Reference value :  4.92992e-07
 Reference value :  5.00250e-07
 Reference value :  5.05250e-07
 Reference value :  5.14250e-07
 Reference value :  5.23750e-07
 Reference value :  5.32833e-07
 Reference value :  5.33808e-07
 Reference value :  5.34626e-07
 Reference value :  5.39306e-07
 Reference value :  5.47806e-07
 Reference value :  5.57806e-07
 Reference value :  5.67306e-07
 Reference value :  5.75175e-07
 Reference value :  5.80172e-07
 Reference value :  5.91172e-07
 Reference value :  6.01172e-07
 Reference value :  6.11672e-07
 Reference value :  6.16765e-07
 Reference value :  6.19607e-07
 Reference value :  6.29107e-07
 Reference value :  6.38607e-07
 Reference value :  6.48107e-07
 Reference value :  6.57470e-07
 Reference value :  6.60069e-07
 Reference value :  6.69430e-07
 Reference value :  6.78430e-07
 Reference value :  6.86430e-07
 Reference value :  6.93930e-07
 Reference value :  7.00085e-07
 Reference value :  7.01250e-07
 Reference value :  7.07031e-07
 Reference value :  7.16531e-07
 Reference value :  7.26031e-07
 Reference value :  7.36031e-07
 Reference value :  7.42167e-07
 Reference value :  7.48294e-07
 Reference value :  7.64794e-07
 Reference value :  7.77794e-07
 Reference value :  7.83631e-07
 Reference value :  7.88769e-07
 Reference value :  8.00269e-07
 Reference value :  8.11769e-07
 Reference value :  8.24135e-07
 Reference value :  8.26740e-07
 Reference value :  8.36610e-07
 Reference value :  8.48610e-07
 Reference value :  8.58110e-07
 Reference value :  8.64110e-07
 Reference value :  8.66959e-07
 Reference value :  8.67725e-07
 Reference value :  8.73172e-07
 Reference value :  8.82672e-07
 Reference value :  8.92672e-07
 Reference value :  9.02672e-07
 Reference value :  9.08833e-07
 Reference value :  9.14452e-07
 Reference value :  9.24452e-07
 Reference value :  9.33952e-07
 Reference value :  9.43452e-07
 Reference value :  9.50048e-07
 Reference value :  9.50791e-07
 Reference value :  9.55993e-07
 Reference value :  9.65993e-07
 Reference value :  9.75493e-07
 Reference value :  9.84993e-07
 Reference value :  9.91842e-07
 Reference value :  9.96281e-07
 Reference value :  1.00628e-06
 Reference value :  1.01578e-06
 Reference value :  1.02528e-06
 Reference value :  1.03228e-06
 Reference value :  1.03386e-06
 Reference value :  1.03629e-06
 Reference value :  1.04629e-06
 Reference value :  1.05579e-06
 Reference value :  1.06579e-06
 Reference value :  1.07455e-06
 Reference value :  1.07673e-06
 Reference value :  1.08612e-06
 Reference value :  1.09562e-06
 Reference value :  1.10512e-06
 Reference value :  1.11462e-06
 Reference value :  1.11694e-06
 Reference value :  1.11774e-06
 Reference value :  1.12551e-06
 Reference value :  1.13501e-06
 Reference value :  1.14501e-06
 Reference value :  1.15451e-06
 Reference value :  1.15938e-06
 Reference value :  1.16206e-06
 Reference value :  1.17206e-06
 Reference value :  1.18156e-06
 Reference value :  1.19156e-06
 Reference value :  1.19985e-06
 Reference value :  1.20064e-06
 Reference value :  1.20138e-06
 Reference value :  1.20943e-06
 Reference value :  1.21843e-06
 Reference value :  1.22843e-06
 Reference value :  1.23843e-06
 Reference value :  1.24271e-06
 Reference value :  1.24380e-06
 Reference value :  1.25238e-06
 Reference value :  1.26188e-06
 Reference value :  1.27138e-06
 Reference value :  1.28188e-06
 Reference value :  1.28381e-06
 Reference value :  1.28457e-06
 Reference value :  1.28832e-06
 Reference value :  1.29732e-06
 Reference value :  1.30732e-06
 Reference value :  1.31682e-06
 Reference value :  1.32485e-06
 Reference value :  1.32663e-06
 Reference value :  1.33082e-06
 Reference value :  1.33982e-06
 Reference value :  1.34982e-06
 Reference value :  1.35932e-06
 Reference value :  1.36675e-06
 Reference value :  1.36768e-06
 Reference value :  1.37014e-06
 Reference value :  1.37864e-06
 Reference value :  1.38864e-06
 Reference value :  1.39814e-06
 Reference value :  1.40783e-06
 Reference value :  1.41170e-06
 Reference value :  1.42120e-06
 Reference value :  1.43070e-06
 Reference value :  1.44020e-06
 Reference value :  1.44950e-06
 Reference value :  1.45052e-06
 Reference value :  1.45752e-06
 Reference value :  1.46702e-06
 Reference value :  1.47652e-06
 Reference value :  1.48602e-06
 Reference value :  1.49221e-06
 Reference value :  1.49780e-06
 Reference value :  1.50780e-06
 Reference value :  1.51780e-06
 Reference value :  1.52730e-06
 Reference value :  1.53343e-06
 Reference value :  1.53442e-06
 Reference value :  1.54278e-06
 Reference value :  1.55278e-06
 Reference value :  1.56228e-06
 Reference value :  1.57228e-06
 Reference value :  1.57603e-06
 Reference value :  1.58145e-06
 Reference value :  1.58595e-06
 Reference value :  1.59545e-06
 Reference value :  1.60495e-06
 Reference value :  1.61445e-06
 Reference value :  1.61696e-06
 Reference value :  1.61767e-06
 Reference value :  1.62014e-06
 Reference value :  1.62814e-06
 Reference value :  1.63764e-06
 Reference value :  1.64764e-06
 Reference value :  1.65714e-06
 Reference value :  1.65966e-06
 Reference value :  1.66792e-06
 Reference value :  1.67542e-06
 Reference value :  1.68242e-06
 Reference value :  1.69192e-06
 Reference value :  1.69985e-06
 Reference value :  1.70082e-06
 Reference value :  1.70164e-06
 Reference value :  1.70956e-06
 Reference value :  1.71956e-06
 Reference value :  1.72906e-06
 Reference value :  1.73906e-06
 Reference value :  1.74270e-06
 Reference value :  1.75077e-06
 Reference value :  1.76077e-06
 Reference value :  1.76977e-06
 Reference value :  1.77527e-06
 Reference value :  1.78318e-06
 Reference value :  1.78385e-06
 Reference value :  1.78488e-06
 Reference value :  1.79233e-06
 Reference value :  1.80133e-06
 Reference value :  1.81083e-06
 Reference value :  1.82083e-06
 Reference value :  1.82562e-06
 Reference value :  1.83161e-06
 Reference value :  1.84111e-06
 Reference value :  1.85211e-06
 Reference value :  1.86161e-06
 Reference value :  1.86622e-06
 Reference value :  1.86718e-06
 Reference value :  1.86844e-06
 Reference value :  1.87768e-06
 Reference value :  1.88718e-06
 Reference value :  1.89718e-06
 Reference value :  1.90718e-06
 Reference value :  1.90966e-06
 Reference value :  1.91795e-06
 Reference value :  1.92795e-06
 Reference value :  1.93745e-06
 Reference value :  1.94695e-06
 Reference value :  1.95022e-06
 Reference value :  1.95081e-06
 Reference value :  1.95722e-06
 Reference value :  1.96672e-06
 Reference value :  1.97622e-06
 Reference value :  1.98572e-06
 Reference value :  1.99217e-06
 Reference value :  1.99728e-06
 Reference value :  2.00678e-06
 Reference value :  2.01728e-06
 Reference value :  2.02678e-06
 Reference value :  2.03283e-06
 Reference value :  2.03386e-06
 Reference value :  2.03630e-06
 Reference value :  2.04580e-06
 Reference value :  2.05580e-06
 Reference value :  2.06580e-06
 Reference value :  2.07465e-06
 Reference value :  2.07713e-06
 Reference value :  2.08612e-06
 Reference value :  2.09612e-06
 Reference value :  2.10612e-06
 Reference value :  2.11562e-06
 Reference value :  2.11694e-06
 Reference value :  2.11785e-06
 Reference value :  2.12634e-06
 Reference value :  2.13584e-06
 Reference value :  2.14584e-06
 Reference value :  2.15584e-06
 Reference value :  2.15964e-06
 Reference value :  2.16153e-06
 Reference value :  2.16953e-06
 Reference value :  2.17803e-06
 Reference value :  2.18653e-06
 Reference value :  2.19553e-06
 Reference value :  2.20008e-06
 Reference value :  2.20087e-06
 Reference value :  2.20278e-06
 Reference value :  2.21028e-06
 Reference value :  2.21828e-06
 Reference value :  2.22678e-06
 Reference value :  2.23528e-06
 Reference value :  2.24184e-06
 Reference value :  2.24341e-06
 Reference value :  2.24784e-06
 Reference value :  2.25634e-06
 Reference value :  2.26484e-06
 Reference value :  2.27334e-06
 Reference value :  2.28184e-06
 Reference value :  2.28363e-06
 Reference value :  2.28436e-06
 Reference value :  2.28512e-06
 Reference value :  2.29220e-06
 Reference value :  2.30070e-06
 Reference value :  2.30920e-06
 Reference value :  2.31820e-06
 Reference value :  2.32517e-06
 Reference value :  2.32798e-06
 Reference value :  2.33748e-06
 Reference value :  2.34748e-06
 Reference value :  2.35898e-06
 Reference value :  2.36675e-06
 Reference value :  2.36797e-06
 Reference value :  2.37712e-06
 Reference value :  2.38662e-06
 Reference value :  2.39612e-06
 Reference value :  2.40562e-06
 Reference value :  2.40937e-06
 Reference value :  2.41439e-06
 Reference value :  2.42386e-06
 Reference value :  2.43336e-06
 Reference value :  2.44286e-06
 Reference value :  2.45009e-06
 Reference value :  2.45152e-06
 Reference value :  2.46097e-06
 Reference value :  2.47147e-06
 Reference value :  2.48147e-06
 Reference value :  2.49117e-06
 Reference value :  2.49325e-06
 Reference value :  2.49517e-06
 Reference value :  2.50315e-06
 Reference value :  2.51315e-06
 Reference value :  2.52265e-06
 Reference value :  2.53215e-06
 Reference value :  2.53381e-06
 Reference value :  2.53452e-06
 Reference value :  2.53829e-06
 Reference value :  2.54629e-06
 Reference value :  2.55629e-06
 Reference value :  2.56729e-06
 Reference value :  2.57517e-06
 Reference value :  2.57818e-06
 Reference value :  2.58566e-06
 Reference value :  2.59566e-06
 Reference value :  2.60566e-06
 Reference value :  2.61566e-06
 Reference value :  2.61714e-06
 Reference value :  2.61784e-06
 Reference value :  2.62214e-06
 Reference value :  2.63014e-06
 Reference value :  2.64014e-06
 Reference value :  2.64964e-06
 Reference value :  2.65798e-06
 Reference value :  2.66004e-06
 Reference value :  2.66380e-06
 Reference value :  2.67230e-06
 Reference value :  2.68180e-06
 Reference value :  2.69130e-06
 Reference value :  2.70008e-06
 Reference value :  2.70103e-06
 Reference value :  2.70404e-06
 Reference value :  2.71454e-06
 Reference value :  2.72454e-06
 Reference value :  2.73404e-06
 Reference value :  2.74184e-06
 Reference value :  2.74525e-06
 Reference value :  2.74975e-06
 Reference value :  2.75925e-06
 Reference value :  2.76925e-06
 Reference value :  2.77875e-06
 Reference value :  2.78342e-06
 Reference value :  2.78434e-06
 Reference value :  2.78682e-06
 Reference value :  2.79482e-06
 Reference value :  2.80432e-06
 Reference value :  2.81382e-06
 Reference value :  2.82332e-06
 Reference value :  2.82633e-06
 Reference value :  2.83061e-06
 Reference value :  2.83861e-06
 Reference value :  2.84861e-06
 Reference value :  2.85811e-06
 Reference value :  2.86632e-06
 Reference value :  2.86717e-06
 Reference value :  2.86819e-06
 Reference value :  2.87455e-06
 Reference value :  2.88405e-06
 Reference value :  2.89355e-06
 Reference value :  2.90355e-06
 Reference value :  2.90887e-06
 Reference value :  2.91295e-06
 Reference value :  2.91640e-06
 Reference value :  2.92540e-06
 Reference value :  2.93490e-06
 Reference value :  2.94440e-06
 Reference value :  2.95011e-06
 Reference value :  2.95069e-06
 Reference value :  2.95137e-06
 Reference value :  2.95678e-06
 Reference value :  2.96728e-06
 Reference value :  2.97728e-06
 Reference value :  2.98678e-06
 Reference value :  2.99221e-06
 Reference value :  2.99678e-06
 Reference value :  3.00064e-06
 Reference value :  3.01014e-06
 Reference value :  3.01964e-06
 Reference value :  3.02914e-06
 Reference value :  3.03342e-06
 Reference value :  3.03432e-06
 Reference value :  3.04159e-06
 Reference value :  3.05109e-06
 Reference value :  3.06059e-06
 Reference value :  3.07059e-06
 Reference value :  3.07563e-06
 Reference value :  3.08004e-06
 Reference value :  3.08740e-06
 Reference value :  3.09740e-06
 Reference value :  3.10740e-06
 Reference value :  3.11632e-06
 Reference value :  3.11717e-06
 Reference value :  3.11803e-06
 Reference value :  3.12693e-06
 Reference value :  3.13693e-06
 Reference value :  3.14693e-06
 Reference value :  3.15693e-06
 Reference value :  3.15992e-06
 Reference value :  3.16369e-06
 Reference value :  3.17319e-06
 Reference value :  3.18319e-06
 Reference value :  3.19269e-06
 Reference value :  3.20008e-06
 Reference value :  3.20088e-06
 Reference value :  3.20703e-06
 Reference value :  3.21703e-06
 Reference value :  3.22653e-06
 Reference value :  3.23653e-06
 Reference value :  3.24221e-06
 Reference value :  3.24384e-06
 Reference value :  3.25073e-06
 Reference value :  3.26073e-06
 Reference value :  3.27023e-06
 Reference value :  3.28023e-06
 Reference value :  3.28363e-06
 Reference value :  3.28710e-06
 Reference value :  3.29710e-06
 Reference value :  3.30660e-06
 Reference value :  3.31610e-06
 Reference value :  3.32465e-06
 Reference value :  3.32658e-06
 Reference value :  3.32952e-06
 Reference value :  3.33852e-06
 Reference value :  3.34802e-06
 Reference value :  3.35802e-06
 Reference value :  3.36632e-06
 Reference value :  3.36731e-06
 Reference value :  3.36789e-06
 Reference value :  3.37327e-06
 Reference value :  3.38227e-06
 Reference value :  3.39227e-06
 Reference value :  3.40227e-06
 Reference value :  3.40883e-06
 Reference value :  3.41045e-06
 Reference value :  3.41535e-06
 Reference value :  3.42485e-06
 Reference value :  3.43485e-06
 Reference value :  3.44485e-06
 Reference value :  3.45009e-06
 Reference value :  3.45103e-06
 Reference value :  3.45512e-06
 Reference value :  3.46362e-06
 Reference value :  3.47362e-06
 Reference value :  3.48362e-06
 Reference value :  3.49152e-06
 Reference value :  3.49352e-06
 Reference value :  3.49669e-06
 Reference value :  3.50569e-06
 Reference value :  3.51569e-06
 Reference value :  3.52569e-06
 Reference value :  3.53342e-06
 Reference value :  3.53436e-06
 Reference value :  3.53842e-06
 Reference value :  3.54692e-06
 Reference value :  3.55692e-06
 Reference value :  3.56692e-06
 Reference value :  3.57485e-06
 Reference value :  3.57687e-06
 Reference value :  3.58003e-06
 Reference value :  3.58903e-06
 Reference value :  3.59853e-06
 Reference value :  3.60853e-06
 Reference value :  3.61652e-06
 Reference value :  3.61731e-06
 Reference value :  3.61787e-06
 Reference value :  3.62371e-06
 Reference value :  3.63321e-06
 Reference value :  3.64271e-06
 Reference value :  3.65221e-06
 Reference value :  3.65883e-06
 Reference value :  3.66078e-06
 Reference value :  3.66676e-06
 Reference value :  3.67676e-06
 Reference value :  3.68626e-06
 Reference value :  3.69576e-06
 Reference value :  3.70008e-06
 Reference value :  3.70094e-06
 Reference value :  3.70161e-06
 Reference value :  3.70899e-06
 Reference value :  3.71849e-06
 Reference value :  3.72849e-06
 Reference value :  3.73799e-06
 Reference value :  3.74229e-06
 Reference value :  3.74382e-06
 Reference value :  3.74818e-06
 Reference value :  3.75768e-06
 Reference value :  3.76718e-06
 Reference value :  3.77718e-06
 Reference value :  3.78342e-06
 Reference value :  3.78435e-06
 Reference value :  3.78792e-06
 Reference value :  3.79592e-06
 Reference value :  3.80592e-06
 Reference value :  3.81542e-06
 Reference value :  3.82455e-06
 Reference value :  3.82662e-06
 Reference value :  3.82788e-06
 Reference value :  3.83359e-06
 Reference value :  3.84359e-06
 Reference value :  3.85359e-06
 Reference value :  3.86309e-06
 Reference value :  3.86671e-06
 Reference value :  3.86758e-06
 Reference value :  3.86996e-06
 Reference value :  3.87846e-06
 Reference value :  3.88796e-06
 Reference value :  3.89796e-06
 Reference value :  3.90783e-06
 Reference value :  3.90995e-06
 Reference value :  3.91381e-06
 Reference value :  3.92381e-06
 Reference value :  3.93331e-06
 Reference value :  3.94331e-06
 Reference value :  3.95011e-06
 Reference value :  3.95065e-06
 Reference value :  3.95526e-06
 Reference value :  3.96476e-06
 Reference value :  3.97476e-06
 Reference value :  3.98426e-06
 Reference value :  3.99184e-06
 Reference value :  3.99415e-06
 Reference value :  4.00109e-06
 Reference value :  4.01059e-06
 Reference value :  4.02009e-06
 Reference value :  4.02959e-06
 Reference value :  4.03363e-06
 Reference value :  4.03530e-06
 Reference value :  4.04480e-06
 Reference value :  4.05480e-06
 Reference value :  4.06480e-06
 Reference value :  4.07415e-06
 Reference value :  4.07635e-06
 Reference value :  4.07826e-06
 Reference value :  4.08743e-06
 Reference value :  4.09743e-06
 Reference value :  4.10743e-06
 Reference value :  4.11622e-06
 Reference value :  4.11717e-06
 Reference value :  4.11809e-06
 Reference value :  4.12718e-06
 Reference value :  4.13718e-06
 Reference value :  4.14668e-06
 Reference value :  4.15668e-06
 Reference value :  4.15965e-06
 Reference value :  4.16397e-06
 Reference value :  4.17397e-06
 Reference value :  4.18347e-06
 Reference value :  4.19297e-06
 Reference value :  4.20008e-06
 Reference value :  4.20094e-06
 Reference value :  4.20794e-06
 Reference value :  4.21794e-06
 Reference value :  4.22744e-06
 Reference value :  4.23694e-06
 Reference value :  4.24221e-06
 Reference value :  4.24441e-06
 Reference value :  4.25331e-06
 Reference value :  4.26331e-06
 Reference value :  4.27281e-06
 Reference value :  4.28231e-06
 Reference value :  4.28381e-06
 Reference value :  4.28573e-06
 Reference value :  4.29523e-06
 Reference value :  4.30473e-06
 Reference value :  4.31473e-06
 Reference value :  4.32450e-06
 Reference value :  4.32669e-06
 Reference value :  4.33098e-06
 Reference value :  4.33848e-06
 Reference value :  4.34798e-06
 Reference value :  4.35798e-06
 Reference value :  4.36652e-06
 Reference value :  4.36717e-06
 Reference value :  4.36787e-06
 Reference value :  4.37271e-06
 Reference value :  4.38121e-06
 Reference value :  4.39121e-06
 Reference value :  4.40071e-06
 Reference value :  4.40851e-06
 Reference value :  4.41294e-06
 Reference value :  4.42194e-06
 Reference value :  4.43194e-06
 Reference value :  4.44194e-06
 Reference value :  4.45009e-06
 Reference value :  4.45098e-06
 Reference value :  4.45884e-06
 Reference value :  4.46884e-06
 Reference value :  4.47834e-06
 Reference value :  4.48784e-06
 Reference value :  4.49245e-06
 Reference value :  4.49719e-06
 Reference value :  4.50419e-06
 Reference value :  4.51369e-06
 Reference value :  4.52369e-06
 Reference value :  4.53288e-06
 Reference value :  4.53381e-06
 Reference value :  4.53443e-06
 Reference value :  4.53887e-06
 Reference value :  4.54687e-06
 Reference value :  4.55687e-06
 Reference value :  4.56637e-06
 Reference value :  4.57485e-06
 Reference value :  4.57762e-06
 Reference value :  4.58259e-06
 Reference value :  4.59159e-06
 Reference value :  4.60109e-06
 Reference value :  4.61059e-06
 Reference value :  4.61675e-06
 Reference value :  4.61758e-06
 Reference value :  4.61849e-06
 Reference value :  4.62574e-06
 Reference value :  4.63474e-06
 Reference value :  4.64424e-06
 Reference value :  4.65424e-06
 Reference value :  4.65895e-06
 Reference value :  4.66393e-06
 Reference value :  4.67143e-06
 Reference value :  4.68093e-06
 Reference value :  4.69043e-06
 Reference value :  4.69950e-06
 Reference value :  4.70040e-06
 Reference value :  4.70110e-06
 Reference value :  4.70563e-06
 Reference value :  4.71413e-06
 Reference value :  4.72363e-06
 Reference value :  4.73313e-06
 Reference value :  4.74132e-06
 Reference value :  4.74430e-06
 Reference value :  4.74927e-06
 Reference value :  4.75777e-06
 Reference value :  4.76827e-06
 Reference value :  4.77827e-06
 Reference value :  4.78342e-06
 Reference value :  4.78433e-06
 Reference value :  4.78769e-06
 Reference value :  4.79669e-06
 Reference value :  4.80669e-06
 Reference value :  4.81619e-06
 Reference value :  4.82485e-06
 Reference value :  4.82764e-06
 Reference value :  4.83210e-06
 Reference value :  4.84110e-06
 Reference value :  4.85060e-06
 Reference value :  4.86010e-06
 Reference value :  4.86671e-06
 Reference value :  4.86758e-06
 Reference value :  4.86878e-06
 Reference value :  4.87669e-06
 Reference value :  4.88619e-06
 Reference value :  4.89569e-06
 Reference value :  4.90519e-06
 Reference value :  4.90937e-06
 Reference value :  4.91487e-06
 Reference value :  4.92387e-06
 Reference value :  4.93387e-06
 Reference value :  4.94387e-06
 Reference value :  4.95011e-06
 Reference value :  4.95053e-06
 Reference value :  4.95386e-06
 Reference value :  4.96336e-06
 Reference value :  4.97286e-06
 Reference value :  4.98236e-06
 Reference value :  4.99122e-06
 Reference value :  4.99380e-06
 Reference value :  4.99728e-06
 Reference value :  5.00269e-06
 Reference value :  5.01269e-06
 Reference value :  5.02219e-06
 Reference value :  5.03169e-06
 Reference value :  5.03361e-06
 Reference value :  5.03449e-06
 Reference value :  5.04306e-06
 Reference value :  5.05256e-06
 Reference value :  5.06206e-06
 Reference value :  5.07156e-06
 Reference value :  5.07581e-06
 Reference value :  5.08004e-06
 Reference value :  5.08851e-06
 Reference value :  5.09801e-06
 Reference value :  5.10751e-06
 Reference value :  5.11632e-06
 Reference value :  5.11717e-06
 Reference value :  5.11777e-06
 Reference value :  5.12545e-06
 Reference value :  5.13495e-06
 Reference value :  5.14495e-06
 Reference value :  5.15445e-06
 Reference value :  5.15938e-06
 Reference value :  5.16461e-06
 Reference value :  5.17411e-06
 Reference value :  5.18411e-06
 Reference value :  5.19361e-06
 Reference value :  5.20008e-06
 Reference value :  5.20100e-06
 Reference value :  5.20898e-06
 Reference value :  5.21848e-06
 Reference value :  5.22798e-06
 Reference value :  5.23798e-06
 Reference value :  5.24245e-06
 Reference value :  5.24590e-06
 Reference value :  5.25540e-06
 Reference value :  5.26490e-06
 Reference value :  5.27490e-06
 Reference value :  5.28318e-06
 Reference value :  5.28383e-06
 Reference value :  5.28678e-06
 Reference value :  5.29628e-06
 Reference value :  5.30578e-06
 Reference value :  5.31528e-06
 Reference value :  5.32455e-06
 Reference value :  5.32663e-06
 Reference value :  5.33380e-06
 Reference value :  5.34230e-06
 Reference value :  5.35080e-06
 Reference value :  5.35980e-06
 Reference value :  5.36675e-06
 Reference value :  5.36766e-06
 Reference value :  5.37454e-06
 Reference value :  5.38354e-06
 Reference value :  5.39254e-06
 Reference value :  5.40154e-06
 Reference value :  5.40851e-06
 Reference value :  5.41420e-06
 Reference value :  5.42270e-06
 Reference value :  5.43120e-06
 Reference value :  5.44020e-06
 Reference value :  5.44910e-06
 Reference value :  5.45056e-06
 Reference value :  5.45752e-06
 Reference value :  5.46652e-06
 Reference value :  5.47552e-06
 Reference value :  5.48452e-06
 Reference value :  5.49184e-06
 Reference value :  5.49759e-06
 Reference value :  5.50609e-06
 Reference value :  5.51559e-06
 Reference value :  5.52659e-06
 Reference value :  5.53344e-06
 Reference value :  5.53778e-06
 Reference value :  5.54678e-06
 Reference value :  5.55528e-06
 Reference value :  5.56478e-06
 Reference value :  5.57465e-06
 Reference value :  5.57943e-06
 Reference value :  5.58843e-06
 Reference value :  5.59893e-06
 Reference value :  5.60793e-06
 Reference value :  5.61632e-06
 Reference value :  5.61787e-06
 Reference value :  5.62661e-06
 Reference value :  5.63661e-06
 Reference value :  5.64711e-06
 Reference value :  5.65661e-06
 Reference value :  5.66030e-06
 Reference value :  5.67076e-06
 Reference value :  5.68026e-06
 Reference value :  5.68976e-06
 Reference value :  5.69955e-06
 Reference value :  5.70050e-06
 Reference value :  5.70733e-06
 Reference value :  5.71683e-06
 Reference value :  5.72683e-06
 Reference value :  5.73983e-06
 Reference value :  5.74559e-06
 Reference value :  5.75509e-06
 Reference value :  5.76459e-06
 Reference value :  5.77409e-06
 Reference value :  5.78318e-06
 Reference value :  5.78413e-06
 Reference value :  5.79334e-06
 Reference value :  5.80284e-06
 Reference value :  5.81234e-06
 Reference value :  5.82234e-06
 Reference value :  5.82697e-06
 Reference value :  5.83742e-06
 Reference value :  5.84742e-06
 Reference value :  5.85742e-06
 Reference value :  5.86622e-06
 Reference value :  5.86718e-06
 Reference value :  5.87349e-06
 Reference value :  5.88299e-06
 Reference value :  5.89349e-06
 Reference value :  5.90449e-06
 Reference value :  5.90911e-06
 Reference value :  5.91776e-06
 Reference value :  5.92776e-06
 Reference value :  5.93726e-06
 Reference value :  5.94826e-06
 Reference value :  5.95046e-06
 Reference value :  5.95548e-06
 Reference value :  5.96548e-06
 Reference value :  5.97548e-06
 Reference value :  5.98548e-06
 Reference value :  5.99184e-06
 Reference value :  5.99859e-06
 Reference value :  6.00859e-06
 Reference value :  6.02009e-06
 Reference value :  6.02959e-06
 Reference value :  6.03364e-06
 Reference value :  6.03779e-06
 Reference value :  6.04779e-06
 Reference value :  6.05729e-06
 Reference value :  6.06679e-06
 Reference value :  6.07517e-06
 Reference value :  6.08092e-06
 Reference value :  6.09042e-06
 Reference value :  6.09992e-06
 Reference value :  6.10942e-06
 Reference value :  6.11671e-06
 Reference value :  6.11763e-06
 Reference value :  6.12575e-06
 Reference value :  6.13675e-06
 Reference value :  6.14675e-06
 Reference value :  6.15625e-06
 Reference value :  6.15965e-06
 Reference value :  6.16607e-06
 Reference value :  6.17607e-06
 Reference value :  6.18557e-06
 Reference value :  6.19507e-06
 Reference value :  6.20008e-06
 Reference value :  6.20100e-06
 Reference value :  6.20898e-06
 Reference value :  6.21848e-06
 Reference value :  6.22848e-06
 Reference value :  6.23848e-06
 Reference value :  6.24271e-06
 Reference value :  6.24840e-06
 Reference value :  6.25840e-06
 Reference value :  6.26790e-06
 Reference value :  6.27790e-06
No. of Data Rows : 14247

  Measurements for Transient Analysis

d9_c1               =  -6.60417e-07
d8_c1               =  1.98000e+00
d7_c1               =  -1.09813e-06
d6_c1               =  -1.10100e-06
d5_c1               =  1.98000e+00
d4_c1               =  1.98000e+00
d3_c1               =  1.98000e+00
d2_c1               =  1.98000e+00
d1_c1               =  -1.06732e-06
d0_c1               =  1.98000e+00
d9_c2               =  -7.98166e-07
d8_c2               =  -1.01775e-06
d7_c2               =  -1.01766e-06
d6_c2               =  1.98000e+00
d5_c2               =  1.98000e+00
d4_c2               =  1.98000e+00
d3_c2               =  1.98000e+00
d2_c2               =  1.98000e+00
d1_c2               =  1.98000e+00
d0_c2               =  1.98000e+00
d9_c3               =  1.98000e+00
d8_c3               =  -1.14798e-06
d7_c3               =  -1.14622e-06
d6_c3               =  -1.14632e-06
d5_c3               =  -1.14631e-06
d4_c3               =  -1.15132e-06
d3_c3               =  -1.16434e-06
d2_c3               =  -1.14045e-06
d1_c3               =  1.98000e+00
d0_c3               =  1.98000e+00
d9_c4               =  1.98001e+00
d8_c4               =  -1.17178e-06
d7_c4               =  1.98000e+00
d6_c4               =  -1.16977e-06
d5_c4               =  -1.16960e-06
d4_c4               =  -1.17462e-06
d3_c4               =  -1.18707e-06
d2_c4               =  -1.16363e-06
d1_c4               =  1.98000e+00
d0_c4               =  -3.74615e-06
d9_c5               =  1.98000e+00
d8_c5               =  1.98000e+00
d7_c5               =  1.98000e+00
d6_c5               =  1.98000e+00
d5_c5               =  1.98000e+00
d4_c5               =  1.98000e+00
d3_c5               =  1.98000e+00
d2_c5               =  1.98000e+00
d1_c5               =  1.98000e+00
d0_c5               =  1.98000e+00
busy_c1_p0          =  1.98000e+00
smpl_c1_p0          =  -2.79042e-04
busy_c1_p1          =  1.98000e+00
smpl_c1_p1          =  -1.56032e-05
busy_c1_p2          =  1.98000e+00
smpl_c1_p2          =  -8.85608e-06
busy_c1_p3          =  1.98000e+00
smpl_c1_p3          =  -1.53885e-05
busy_c1_p4          =  1.98000e+00
smpl_c1_p4          =  -1.54067e-05
busy_c1_p5          =  1.98000e+00
smpl_c1_p5          =  -1.54146e-05
busy_c1_p6          =  1.98000e+00
smpl_c1_p6          =  -1.54289e-05
busy_c1_p7          =  1.98000e+00
smpl_c1_p7          =  -1.54237e-05
busy_c1_p8          =  1.98000e+00
smpl_c1_p8          =  -1.54182e-05
busy_c1_p9          =  1.98000e+00
smpl_c1_p9          =  -1.54260e-05
busy_c1_p10         =  1.98000e+00
smpl_c1_p10         =  -1.54223e-05
busy_c1_p11         =  7.60005e-06
smpl_c1_p11         =  1.98011e+00
busy_c2_p0          =  1.98000e+00
smpl_c2_p0          =  -2.79044e-04
busy_c2_p1          =  1.98000e+00
smpl_c2_p1          =  -1.52920e-05
busy_c2_p2          =  1.98000e+00
smpl_c2_p2          =  -1.51175e-05
busy_c2_p3          =  1.98000e+00
smpl_c2_p3          =  -1.52658e-05
busy_c2_p4          =  1.98000e+00
smpl_c2_p4          =  -1.52340e-05
busy_c2_p5          =  1.98000e+00
smpl_c2_p5          =  -1.51918e-05
busy_c2_p6          =  1.98000e+00
smpl_c2_p6          =  -1.51837e-05
busy_c2_p7          =  1.98000e+00
smpl_c2_p7          =  -1.51697e-05
busy_c2_p8          =  1.98000e+00
smpl_c2_p8          =  -1.51660e-05
busy_c2_p9          =  1.98000e+00
smpl_c2_p9          =  -1.51688e-05
busy_c2_p10         =  1.98000e+00
smpl_c2_p10         =  -1.51698e-05
busy_c2_p11         =  7.00613e-06
smpl_c2_p11         =  1.98011e+00
busy_c3_p0          =  1.98000e+00
smpl_c3_p0          =  -2.78915e-04
busy_c3_p1          =  1.98000e+00
smpl_c3_p1          =  -1.52612e-05
busy_c3_p2          =  1.98000e+00
smpl_c3_p2          =  -1.52861e-05
busy_c3_p3          =  1.98000e+00
smpl_c3_p3          =  -1.52323e-05
busy_c3_p4          =  1.98000e+00
smpl_c3_p4          =  -1.51337e-05
busy_c3_p5          =  1.98000e+00
smpl_c3_p5          =  -1.50483e-05
busy_c3_p6          =  1.98000e+00
smpl_c3_p6          =  -1.50047e-05
busy_c3_p7          =  1.98000e+00
smpl_c3_p7          =  -1.49920e-05
busy_c3_p8          =  1.98000e+00
smpl_c3_p8          =  -1.49854e-05
busy_c3_p9          =  1.98000e+00
smpl_c3_p9          =  -1.49851e-05
busy_c3_p10         =  1.98000e+00
smpl_c3_p10         =  -1.49835e-05
busy_c3_p11         =  -4.43944e-06
smpl_c3_p11         =  1.98011e+00
busy_c4_p0          =  1.98000e+00
smpl_c4_p0          =  -2.79193e-04
busy_c4_p1          =  1.98000e+00
smpl_c4_p1          =  -1.52994e-05
busy_c4_p2          =  1.98000e+00
smpl_c4_p2          =  -1.51274e-05
busy_c4_p3          =  1.98000e+00
smpl_c4_p3          =  -1.53043e-05
busy_c4_p4          =  1.98000e+00
smpl_c4_p4          =  -1.52186e-05
busy_c4_p5          =  1.98000e+00
smpl_c4_p5          =  -1.51547e-05
busy_c4_p6          =  1.98000e+00
smpl_c4_p6          =  -1.51329e-05
busy_c4_p7          =  1.98000e+00
smpl_c4_p7          =  -1.51253e-05
busy_c4_p8          =  1.98000e+00
smpl_c4_p8          =  -1.51173e-05
busy_c4_p9          =  1.98000e+00
smpl_c4_p9          =  -1.51187e-05
busy_c4_p10         =  1.98000e+00
smpl_c4_p10         =  -1.51176e-05
busy_c4_p11         =  -2.35106e-06
smpl_c4_p11         =  1.98011e+00
busy_c5_p0          =  1.98000e+00
smpl_c5_p0          =  -2.79339e-04
busy_c5_p1          =  1.98000e+00
smpl_c5_p1          =  -1.56221e-05
busy_c5_p2          =  1.98000e+00
smpl_c5_p2          =  -8.87450e-06
busy_c5_p3          =  1.98000e+00
smpl_c5_p3          =  -8.08135e-06
busy_c5_p4          =  1.98000e+00
smpl_c5_p4          =  -9.06474e-06
busy_c5_p5          =  1.98000e+00
smpl_c5_p5          =  -1.04389e-05
busy_c5_p6          =  1.98000e+00
smpl_c5_p6          =  -1.18787e-05
busy_c5_p7          =  1.98000e+00
smpl_c5_p7          =  -1.29317e-05
busy_c5_p8          =  1.98000e+00
smpl_c5_p8          =  -1.36005e-05
busy_c5_p9          =  1.98000e+00
smpl_c5_p9          =  -1.40307e-05
busy_c5_p10         =  1.98000e+00
smpl_c5_p10         =  -1.43190e-05
busy_c5_p11         =  -4.84670e-06
smpl_c5_p11         =  1.98011e+00
i_vdd               =  -2.33539e-06 from=  3.20000e-06 to=  4.20008e-06
i_vpwr              =  -8.00302e-06 from=  3.20000e-06 to=  4.20008e-06
i_vrefp             =  -7.09816e-06 from=  3.20000e-06 to=  4.20008e-06
i_vrefn             =  7.09769e-06 from=  3.20000e-06 to=  4.20008e-06
i_vcm               =  6.35913e-10 from=  3.20000e-06 to=  4.20008e-06


Total analysis time (seconds) = 371.479

Total elapsed time (seconds) = 428.063 

Total DRAM available = 98304.000 MB.
DRAM currently available = 35230.703 MB.
Maximum ngspice program size =  732.422 MB.
Current ngspice program size =  732.422 MB.

