
Note: Compatibility modes selected: hs a


Circuit: * sim/full-conversion-transient -- end-to-end full-conversion transient

option SCALE: Scale is set to 1e-06 for instance and model parameters
option SCALE: Scale is set to 1e-06 for instance and model parameters
option SCALE: Scale is set to 1e-06 for instance and model parameters
option SCALE: Scale is set to 1e-06 for instance and model parameters
Doing analysis at TEMP = 27.000000 and TNOM = 27.000000

Using KLU as Direct Linear Solver
 Reference value :  0.00000e+00
 Reference value :  1.11400e-08
 Reference value :  2.06750e-08
 Reference value :  2.87500e-08
 Reference value :  3.77500e-08
 Reference value :  4.62500e-08
 Reference value :  5.47500e-08
 Reference value :  6.32500e-08
 Reference value :  7.17500e-08
 Reference value :  8.02500e-08
 Reference value :  8.87500e-08
 Reference value :  9.72500e-08
 Reference value :  1.06250e-07
 Reference value :  1.15750e-07
 Reference value :  1.25250e-07
 Reference value :  1.37250e-07
 Reference value :  1.49250e-07
 Reference value :  1.61750e-07
 Reference value :  1.74250e-07
 Reference value :  1.86250e-07
 Reference value :  1.98750e-07
 Reference value :  2.00500e-07
 Reference value :  2.01244e-07
 Reference value :  2.06558e-07
 Reference value :  2.15058e-07
 Reference value :  2.23558e-07
 Reference value :  2.32058e-07
 Reference value :  2.40862e-07
 Reference value :  2.42709e-07
 Reference value :  2.44166e-07
 Reference value :  2.50192e-07
 Reference value :  2.58692e-07
 Reference value :  2.67192e-07
 Reference value :  2.75692e-07
 Reference value :  2.82983e-07
 Reference value :  2.83857e-07
 Reference value :  2.84591e-07
 Reference value :  2.86920e-07
 Reference value :  2.94920e-07
 Reference value :  3.03920e-07
 Reference value :  3.12920e-07
 Reference value :  3.21920e-07
 Reference value :  3.25650e-07
 Reference value :  3.32356e-07
 Reference value :  3.40856e-07
 Reference value :  3.49356e-07
 Reference value :  3.58356e-07
 Reference value :  3.66317e-07
 Reference value :  3.67203e-07
 Reference value :  3.72660e-07
 Reference value :  3.81160e-07
 Reference value :  3.90160e-07
 Reference value :  3.99160e-07
 Reference value :  4.07497e-07
 Reference value :  4.09375e-07
 Reference value :  4.14697e-07
 Reference value :  4.21197e-07
 Reference value :  4.29697e-07
 Reference value :  4.38697e-07
 Reference value :  4.47197e-07
 Reference value :  4.50128e-07
 Reference value :  4.50838e-07
 Reference value :  4.51809e-07
 Reference value :  4.56099e-07
 Reference value :  4.65099e-07
 Reference value :  4.73599e-07
 Reference value :  4.82099e-07
 Reference value :  4.90599e-07
 Reference value :  4.92709e-07
 Reference value :  5.00539e-07
 Reference value :  5.09539e-07
 Reference value :  5.18539e-07
 Reference value :  5.31539e-07
 Reference value :  5.33833e-07
 Reference value :  5.41918e-07
 Reference value :  5.55918e-07
 Reference value :  5.65418e-07
 Reference value :  5.75175e-07
 Reference value :  5.79864e-07
 Reference value :  5.87864e-07
 Reference value :  5.95864e-07
 Reference value :  5.99864e-07
 Reference value :  6.09364e-07
 Reference value :  6.16795e-07
 Reference value :  6.17892e-07
 Reference value :  6.22724e-07
 Reference value :  6.34224e-07
 Reference value :  6.45224e-07
 Reference value :  6.56224e-07
 Reference value :  6.61700e-07
 Reference value :  6.74700e-07
 Reference value :  6.88200e-07
 Reference value :  6.99850e-07
 Reference value :  7.00768e-07
 Reference value :  7.09641e-07
 Reference value :  7.22141e-07
 Reference value :  7.34641e-07
 Reference value :  7.42217e-07
 Reference value :  7.51532e-07
 Reference value :  7.64532e-07
 Reference value :  7.77532e-07
 Reference value :  7.83461e-07
 Reference value :  7.84427e-07
 Reference value :  7.89335e-07
 Reference value :  7.99335e-07
 Reference value :  8.08335e-07
 Reference value :  8.17335e-07
 Reference value :  8.25550e-07
 Reference value :  8.31866e-07
 Reference value :  8.43366e-07
 Reference value :  8.54866e-07
 Reference value :  8.65766e-07
 Reference value :  8.67240e-07
 Reference value :  8.67718e-07
 Reference value :  8.75330e-07
 Reference value :  8.84330e-07
 Reference value :  8.92830e-07
 Reference value :  9.01830e-07
 Reference value :  9.08833e-07
 Reference value :  9.12699e-07
 Reference value :  9.22199e-07
 Reference value :  9.31199e-07
 Reference value :  9.41699e-07
 Reference value :  9.49550e-07
 Reference value :  9.50524e-07
 Reference value :  9.50877e-07
 Reference value :  9.53307e-07
 Reference value :  9.61807e-07
 Reference value :  9.70807e-07
 Reference value :  9.79307e-07
 Reference value :  9.87807e-07
 Reference value :  9.92217e-07
 Reference value :  1.00003e-06
 Reference value :  1.00903e-06
 Reference value :  1.01753e-06
 Reference value :  1.02603e-06
 Reference value :  1.03153e-06
 Reference value :  1.03365e-06
 Reference value :  1.03438e-06
 Reference value :  1.03726e-06
 Reference value :  1.04576e-06
 Reference value :  1.05426e-06
 Reference value :  1.06276e-06
 Reference value :  1.07126e-06
 Reference value :  1.07604e-06
 Reference value :  1.08287e-06
 Reference value :  1.09137e-06
 Reference value :  1.09987e-06
 Reference value :  1.10787e-06
 Reference value :  1.11537e-06
 Reference value :  1.11717e-06
 Reference value :  1.11775e-06
 Reference value :  1.11924e-06
 Reference value :  1.12765e-06
 Reference value :  1.13565e-06
 Reference value :  1.14415e-06
 Reference value :  1.15215e-06
 Reference value :  1.15851e-06
 Reference value :  1.16032e-06
 Reference value :  1.16588e-06
 Reference value :  1.17488e-06
 Reference value :  1.18338e-06
 Reference value :  1.19188e-06
 Reference value :  1.19955e-06
 Reference value :  1.20050e-06
 Reference value :  1.20114e-06
 Reference value :  1.20452e-06
 Reference value :  1.21252e-06
 Reference value :  1.22152e-06
 Reference value :  1.23002e-06
 Reference value :  1.24002e-06
 Reference value :  1.24271e-06
 Reference value :  1.24434e-06
 Reference value :  1.25092e-06
 Reference value :  1.25942e-06
 Reference value :  1.26792e-06
 Reference value :  1.27692e-06
 Reference value :  1.28346e-06
 Reference value :  1.28452e-06
 Reference value :  1.28673e-06
 Reference value :  1.29573e-06
 Reference value :  1.30723e-06
 Reference value :  1.31823e-06
 Reference value :  1.32517e-06
 Reference value :  1.32726e-06
 Reference value :  1.33420e-06
 Reference value :  1.33870e-06
 Reference value :  1.34620e-06
 Reference value :  1.35470e-06
 Reference value :  1.36370e-06
 Reference value :  1.36698e-06
 Reference value :  1.36780e-06
 Reference value :  1.36929e-06
 Reference value :  1.37715e-06
 Reference value :  1.38615e-06
 Reference value :  1.39515e-06
 Reference value :  1.40465e-06
 Reference value :  1.40898e-06
 Reference value :  1.41676e-06
 Reference value :  1.42626e-06
 Reference value :  1.43526e-06
 Reference value :  1.44426e-06
 Reference value :  1.45014e-06
 Reference value :  1.45193e-06
 Reference value :  1.46043e-06
 Reference value :  1.46893e-06
 Reference value :  1.47743e-06
 Reference value :  1.48643e-06
 Reference value :  1.49217e-06
 Reference value :  1.49704e-06
 Reference value :  1.50604e-06
 Reference value :  1.51504e-06
 Reference value :  1.52404e-06
 Reference value :  1.53283e-06
 Reference value :  1.53383e-06
 Reference value :  1.53700e-06
 Reference value :  1.54550e-06
 Reference value :  1.55450e-06
 Reference value :  1.56350e-06
 Reference value :  1.57250e-06
 Reference value :  1.57565e-06
 Reference value :  1.58187e-06
 Reference value :  1.59087e-06
 Reference value :  1.59987e-06
 Reference value :  1.60937e-06
 Reference value :  1.61537e-06
 Reference value :  1.61679e-06
 Reference value :  1.61750e-06
 Reference value :  1.61906e-06
 Reference value :  1.62744e-06
 Reference value :  1.63644e-06
 Reference value :  1.64494e-06
 Reference value :  1.65344e-06
 Reference value :  1.65883e-06
 Reference value :  1.66320e-06
 Reference value :  1.67170e-06
 Reference value :  1.68070e-06
 Reference value :  1.68970e-06
 Reference value :  1.69910e-06
 Reference value :  1.70050e-06
 Reference value :  1.70108e-06
 Reference value :  1.70826e-06
 Reference value :  1.71726e-06
 Reference value :  1.72576e-06
 Reference value :  1.73476e-06
 Reference value :  1.74217e-06
 Reference value :  1.74653e-06
 Reference value :  1.75553e-06
 Reference value :  1.76453e-06
 Reference value :  1.77303e-06
 Reference value :  1.78203e-06
 Reference value :  1.78383e-06
 Reference value :  1.78441e-06
 Reference value :  1.79189e-06
 Reference value :  1.80089e-06
 Reference value :  1.80989e-06
 Reference value :  1.81839e-06
 Reference value :  1.82517e-06
 Reference value :  1.82787e-06
 Reference value :  1.83637e-06
 Reference value :  1.84537e-06
 Reference value :  1.85437e-06
 Reference value :  1.86337e-06
 Reference value :  1.86698e-06
 Reference value :  1.86746e-06
 Reference value :  1.87084e-06
 Reference value :  1.87984e-06
 Reference value :  1.88884e-06
 Reference value :  1.89784e-06
 Reference value :  1.90734e-06
 Reference value :  1.90938e-06
 Reference value :  1.91670e-06
 Reference value :  1.92570e-06
 Reference value :  1.93570e-06
 Reference value :  1.94470e-06
 Reference value :  1.95025e-06
 Reference value :  1.95077e-06
 Reference value :  1.95352e-06
 Reference value :  1.96252e-06
 Reference value :  1.97102e-06
 Reference value :  1.98002e-06
 Reference value :  1.98852e-06
 Reference value :  1.99232e-06
 Reference value :  1.99903e-06
 Reference value :  2.00803e-06
 Reference value :  2.01703e-06
 Reference value :  2.02603e-06
 Reference value :  2.03346e-06
 Reference value :  2.03430e-06
 Reference value :  2.03789e-06
 Reference value :  2.04689e-06
 Reference value :  2.05589e-06
 Reference value :  2.06489e-06
 Reference value :  2.07389e-06
 Reference value :  2.07604e-06
 Reference value :  2.08387e-06
 Reference value :  2.09287e-06
 Reference value :  2.10187e-06
 Reference value :  2.11087e-06
 Reference value :  2.11679e-06
 Reference value :  2.11776e-06
 Reference value :  2.12026e-06
 Reference value :  2.12926e-06
 Reference value :  2.13876e-06
 Reference value :  2.14776e-06
 Reference value :  2.15676e-06
 Reference value :  2.15993e-06
 Reference value :  2.16268e-06
 Reference value :  2.17118e-06
 Reference value :  2.18018e-06
 Reference value :  2.18918e-06
 Reference value :  2.19818e-06
 Reference value :  2.20050e-06
 Reference value :  2.20123e-06
 Reference value :  2.20649e-06
 Reference value :  2.21499e-06
 Reference value :  2.22399e-06
 Reference value :  2.23299e-06
 Reference value :  2.24122e-06
 Reference value :  2.24352e-06
 Reference value :  2.24514e-06
 Reference value :  2.25311e-06
 Reference value :  2.26211e-06
 Reference value :  2.27111e-06
 Reference value :  2.28011e-06
 Reference value :  2.28365e-06
 Reference value :  2.28448e-06
 Reference value :  2.28601e-06
 Reference value :  2.29388e-06
 Reference value :  2.30288e-06
 Reference value :  2.31188e-06
 Reference value :  2.32088e-06
 Reference value :  2.32555e-06
 Reference value :  2.33086e-06
 Reference value :  2.33986e-06
 Reference value :  2.34886e-06
 Reference value :  2.35786e-06
 Reference value :  2.36622e-06
 Reference value :  2.36719e-06
 Reference value :  2.36789e-06
 Reference value :  2.37478e-06
 Reference value :  2.38378e-06
 Reference value :  2.39328e-06
 Reference value :  2.40478e-06
 Reference value :  2.40888e-06
 Reference value :  2.41421e-06
 Reference value :  2.42271e-06
 Reference value :  2.43071e-06
 Reference value :  2.43921e-06
 Reference value :  2.44821e-06
 Reference value :  2.45031e-06
 Reference value :  2.45085e-06
 Reference value :  2.45457e-06
 Reference value :  2.46357e-06
 Reference value :  2.47257e-06
 Reference value :  2.48157e-06
 Reference value :  2.49057e-06
 Reference value :  2.49271e-06
 Reference value :  2.49518e-06
 Reference value :  2.50018e-06
 Reference value :  2.50868e-06
 Reference value :  2.51768e-06
 Reference value :  2.52668e-06
 Reference value :  2.53346e-06
 Reference value :  2.53418e-06
 Reference value :  2.53515e-06
 Reference value :  2.54049e-06
 Reference value :  2.54949e-06
 Reference value :  2.55849e-06
 Reference value :  2.56749e-06
 Reference value :  2.57465e-06
 Reference value :  2.57737e-06
 Reference value :  2.58187e-06
 Reference value :  2.58937e-06
 Reference value :  2.59837e-06
 Reference value :  2.60687e-06
 Reference value :  2.61577e-06
 Reference value :  2.61698e-06
 Reference value :  2.61779e-06
 Reference value :  2.61936e-06
 Reference value :  2.62726e-06
 Reference value :  2.63626e-06
 Reference value :  2.64526e-06
 Reference value :  2.65376e-06
 Reference value :  2.65888e-06
 Reference value :  2.66421e-06
 Reference value :  2.66971e-06
 Reference value :  2.67771e-06
 Reference value :  2.68671e-06
 Reference value :  2.69571e-06
 Reference value :  2.70013e-06
 Reference value :  2.70084e-06
 Reference value :  2.70177e-06
 Reference value :  2.70707e-06
 Reference value :  2.71607e-06
 Reference value :  2.72507e-06
 Reference value :  2.73407e-06
 Reference value :  2.74152e-06
 Reference value :  2.74454e-06
 Reference value :  2.75204e-06
 Reference value :  2.75854e-06
 Reference value :  2.76754e-06
 Reference value :  2.77654e-06
 Reference value :  2.78346e-06
 Reference value :  2.78413e-06
 Reference value :  2.78521e-06
 Reference value :  2.79166e-06
 Reference value :  2.80016e-06
 Reference value :  2.80916e-06
 Reference value :  2.81816e-06
 Reference value :  2.82550e-06
 Reference value :  2.82937e-06
 Reference value :  2.83737e-06
 Reference value :  2.84387e-06
 Reference value :  2.85287e-06
 Reference value :  2.86137e-06
 Reference value :  2.86679e-06
 Reference value :  2.86737e-06
 Reference value :  2.86809e-06
 Reference value :  2.87168e-06
 Reference value :  2.88068e-06
 Reference value :  2.88918e-06
 Reference value :  2.89868e-06
 Reference value :  2.90751e-06
 Reference value :  2.90976e-06
 Reference value :  2.91971e-06
 Reference value :  2.92521e-06
 Reference value :  2.93321e-06
 Reference value :  2.94221e-06
 Reference value :  2.94982e-06
 Reference value :  2.95064e-06
 Reference value :  2.95125e-06
 Reference value :  2.95413e-06
 Reference value :  2.96263e-06
 Reference value :  2.97163e-06
 Reference value :  2.98063e-06
 Reference value :  2.98913e-06
 Reference value :  2.99232e-06
 Reference value :  2.99854e-06
 Reference value :  3.00654e-06
 Reference value :  3.01254e-06
 Reference value :  3.02154e-06
 Reference value :  3.03104e-06
 Reference value :  3.03383e-06
 Reference value :  3.03492e-06
 Reference value :  3.04386e-06
 Reference value :  3.05286e-06
 Reference value :  3.06186e-06
 Reference value :  3.07086e-06
 Reference value :  3.07555e-06
 Reference value :  3.08037e-06
 Reference value :  3.08837e-06
 Reference value :  3.09587e-06
 Reference value :  3.10487e-06
 Reference value :  3.11387e-06
 Reference value :  3.11717e-06
 Reference value :  3.11795e-06
 Reference value :  3.12176e-06
 Reference value :  3.13076e-06
 Reference value :  3.13976e-06
 Reference value :  3.14876e-06
 Reference value :  3.15755e-06
 Reference value :  3.15988e-06
 Reference value :  3.16254e-06
 Reference value :  3.17094e-06
 Reference value :  3.17994e-06
 Reference value :  3.18894e-06
 Reference value :  3.19744e-06
 Reference value :  3.20031e-06
 Reference value :  3.20103e-06
 Reference value :  3.20558e-06
 Reference value :  3.21458e-06
 Reference value :  3.22358e-06
 Reference value :  3.23258e-06
 Reference value :  3.24117e-06
 Reference value :  3.24309e-06
 Reference value :  3.24525e-06
 Reference value :  3.25237e-06
 Reference value :  3.26137e-06
 Reference value :  3.26987e-06
 Reference value :  3.27887e-06
 Reference value :  3.28346e-06
 Reference value :  3.28417e-06
 Reference value :  3.28730e-06
 Reference value :  3.29630e-06
 Reference value :  3.30480e-06
 Reference value :  3.31330e-06
 Reference value :  3.32180e-06
 Reference value :  3.32565e-06
 Reference value :  3.32808e-06
 Reference value :  3.33151e-06
 Reference value :  3.34001e-06
 Reference value :  3.34851e-06
 Reference value :  3.35701e-06
 Reference value :  3.36584e-06
 Reference value :  3.36717e-06
 Reference value :  3.36776e-06
 Reference value :  3.36886e-06
 Reference value :  3.37548e-06
 Reference value :  3.38398e-06
 Reference value :  3.39248e-06
 Reference value :  3.40098e-06
 Reference value :  3.40818e-06
 Reference value :  3.41060e-06
 Reference value :  3.41107e-06
 Reference value :  3.41320e-06
 Reference value :  3.42070e-06
 Reference value :  3.42920e-06
 Reference value :  3.43770e-06
 Reference value :  3.44620e-06
 Reference value :  3.45013e-06
 Reference value :  3.45072e-06
 Reference value :  3.45144e-06
 Reference value :  3.45526e-06
 Reference value :  3.46376e-06
 Reference value :  3.47426e-06
 Reference value :  3.48276e-06
 Reference value :  3.49117e-06
 Reference value :  3.49309e-06
 Reference value :  3.49476e-06
 Reference value :  3.49819e-06
 Reference value :  3.50619e-06
 Reference value :  3.51519e-06
 Reference value :  3.52369e-06
 Reference value :  3.53251e-06
 Reference value :  3.53383e-06
 Reference value :  3.53443e-06
 Reference value :  3.53527e-06
 Reference value :  3.54165e-06
 Reference value :  3.55015e-06
 Reference value :  3.55815e-06
 Reference value :  3.56615e-06
 Reference value :  3.57450e-06
 Reference value :  3.57643e-06
 Reference value :  3.57905e-06
 Reference value :  3.58555e-06
 Reference value :  3.59455e-06
 Reference value :  3.60305e-06
 Reference value :  3.61205e-06
 Reference value :  3.61679e-06
 Reference value :  3.61731e-06
 Reference value :  3.61813e-06
 Reference value :  3.62248e-06
 Reference value :  3.63048e-06
 Reference value :  3.63898e-06
 Reference value :  3.64748e-06
 Reference value :  3.65648e-06
 Reference value :  3.65918e-06
 Reference value :  3.66149e-06
 Reference value :  3.66541e-06
 Reference value :  3.67391e-06
 Reference value :  3.68241e-06
 Reference value :  3.69091e-06
 Reference value :  3.69950e-06
 Reference value :  3.70053e-06
 Reference value :  3.70118e-06
 Reference value :  3.70317e-06
 Reference value :  3.71017e-06
 Reference value :  3.71867e-06
 Reference value :  3.72767e-06
 Reference value :  3.73667e-06
 Reference value :  3.74217e-06
 Reference value :  3.74486e-06
 Reference value :  3.74807e-06
 Reference value :  3.75657e-06
 Reference value :  3.76507e-06
 Reference value :  3.77407e-06
 Reference value :  3.78283e-06
 Reference value :  3.78386e-06
 Reference value :  3.78448e-06
 Reference value :  3.78585e-06
 Reference value :  3.79282e-06
 Reference value :  3.80082e-06
 Reference value :  3.80932e-06
 Reference value :  3.81832e-06
 Reference value :  3.82517e-06
 Reference value :  3.82731e-06
 Reference value :  3.82902e-06
 Reference value :  3.83430e-06
 Reference value :  3.84280e-06
 Reference value :  3.85180e-06
 Reference value :  3.86080e-06
 Reference value :  3.86679e-06
 Reference value :  3.86738e-06
 Reference value :  3.86801e-06
 Reference value :  3.87143e-06
 Reference value :  3.87893e-06
 Reference value :  3.88793e-06
 Reference value :  3.89693e-06
 Reference value :  3.90593e-06
 Reference value :  3.90898e-06
 Reference value :  3.91157e-06
 Reference value :  3.91524e-06
 Reference value :  3.92424e-06
 Reference value :  3.93424e-06
 Reference value :  3.94374e-06
 Reference value :  3.95011e-06
 Reference value :  3.95078e-06
 Reference value :  3.95317e-06
 Reference value :  3.96217e-06
 Reference value :  3.97117e-06
 Reference value :  3.98017e-06
 Reference value :  3.98917e-06
 Reference value :  3.99232e-06
 Reference value :  3.99585e-06
 Reference value :  4.00100e-06
 Reference value :  4.01000e-06
 Reference value :  4.01900e-06
 Reference value :  4.02800e-06
 Reference value :  4.03346e-06
 Reference value :  4.03413e-06
 Reference value :  4.03491e-06
 Reference value :  4.04344e-06
 Reference value :  4.05244e-06
 Reference value :  4.06144e-06
 Reference value :  4.07094e-06
 Reference value :  4.07555e-06
 Reference value :  4.07824e-06
 Reference value :  4.08191e-06
 Reference value :  4.09141e-06
 Reference value :  4.10041e-06
 Reference value :  4.10941e-06
 Reference value :  4.11679e-06
 Reference value :  4.11748e-06
 Reference value :  4.11848e-06
 Reference value :  4.12574e-06
 Reference value :  4.13474e-06
 Reference value :  4.14324e-06
 Reference value :  4.15224e-06
 Reference value :  4.15883e-06
 Reference value :  4.16145e-06
 Reference value :  4.16935e-06
 Reference value :  4.17835e-06
 Reference value :  4.18735e-06
 Reference value :  4.19635e-06
 Reference value :  4.20031e-06
 Reference value :  4.20104e-06
 Reference value :  4.20554e-06
 Reference value :  4.21454e-06
 Reference value :  4.22354e-06
 Reference value :  4.23304e-06
 Reference value :  4.24122e-06
 Reference value :  4.24352e-06
 Reference value :  4.24861e-06
 Reference value :  4.25711e-06
 Reference value :  4.26611e-06
 Reference value :  4.27511e-06
 Reference value :  4.28298e-06
 Reference value :  4.28386e-06
 Reference value :  4.28677e-06
 Reference value :  4.29577e-06
 Reference value :  4.30477e-06
 Reference value :  4.31377e-06
 Reference value :  4.32277e-06
 Reference value :  4.32585e-06
 Reference value :  4.33286e-06
 Reference value :  4.34086e-06
 Reference value :  4.34536e-06
 Reference value :  4.35386e-06
 Reference value :  4.36286e-06
 Reference value :  4.36679e-06
 Reference value :  4.36739e-06
 Reference value :  4.36826e-06
 Reference value :  4.37350e-06
 Reference value :  4.38250e-06
 Reference value :  4.39150e-06
 Reference value :  4.40000e-06
 Reference value :  4.40788e-06
 Reference value :  4.41021e-06
 Reference value :  4.41771e-06
 Reference value :  4.42621e-06
 Reference value :  4.43521e-06
 Reference value :  4.44421e-06
 Reference value :  4.45013e-06
 Reference value :  4.45126e-06
 Reference value :  4.45890e-06
 Reference value :  4.46840e-06
 Reference value :  4.47740e-06
 Reference value :  4.48640e-06
 Reference value :  4.49217e-06
 Reference value :  4.49603e-06
 Reference value :  4.50503e-06
 Reference value :  4.50953e-06
 Reference value :  4.51753e-06
 Reference value :  4.52653e-06
 Reference value :  4.53346e-06
 Reference value :  4.53406e-06
 Reference value :  4.53479e-06
 Reference value :  4.53967e-06
 Reference value :  4.54817e-06
 Reference value :  4.55717e-06
 Reference value :  4.56617e-06
 Reference value :  4.57455e-06
 Reference value :  4.57737e-06
 Reference value :  4.58537e-06
 Reference value :  4.59137e-06
 Reference value :  4.59837e-06
 Reference value :  4.60737e-06
 Reference value :  4.61577e-06
 Reference value :  4.61720e-06
 Reference value :  4.61788e-06
 Reference value :  4.62051e-06
 Reference value :  4.62851e-06
 Reference value :  4.63751e-06
 Reference value :  4.64651e-06
 Reference value :  4.65501e-06
 Reference value :  4.65888e-06
 Reference value :  4.66421e-06
 Reference value :  4.67321e-06
 Reference value :  4.67571e-06
 Reference value :  4.68371e-06
 Reference value :  4.69271e-06
 Reference value :  4.70013e-06
 Reference value :  4.70072e-06
 Reference value :  4.70145e-06
 Reference value :  4.70584e-06
 Reference value :  4.71434e-06
 Reference value :  4.72334e-06
 Reference value :  4.73234e-06
 Reference value :  4.74117e-06
 Reference value :  4.74309e-06
 Reference value :  4.75054e-06
 Reference value :  4.75704e-06
 Reference value :  4.76354e-06
 Reference value :  4.77254e-06
 Reference value :  4.78154e-06
 Reference value :  4.78383e-06
 Reference value :  4.78448e-06
 Reference value :  4.78525e-06
 Reference value :  4.79166e-06
 Reference value :  4.80016e-06
 Reference value :  4.80916e-06
 Reference value :  4.81816e-06
 Reference value :  4.82550e-06
 Reference value :  4.82937e-06
 Reference value :  4.83787e-06
 Reference value :  4.84237e-06
 Reference value :  4.85087e-06
 Reference value :  4.85937e-06
 Reference value :  4.86679e-06
 Reference value :  4.86738e-06
 Reference value :  4.86802e-06
 Reference value :  4.87190e-06
 Reference value :  4.88090e-06
 Reference value :  4.88990e-06
 Reference value :  4.89890e-06
 Reference value :  4.90783e-06
 Reference value :  4.90976e-06
 Reference value :  4.91721e-06
 Reference value :  4.92571e-06
 Reference value :  4.93471e-06
 Reference value :  4.94371e-06
 Reference value :  4.95011e-06
 Reference value :  4.95077e-06
 Reference value :  4.95326e-06
 Reference value :  4.96226e-06
 Reference value :  4.97076e-06
 Reference value :  4.98026e-06
 Reference value :  4.98926e-06
 Reference value :  4.99232e-06
 Reference value :  4.99804e-06
 Reference value :  5.00704e-06
 Reference value :  5.01054e-06
 Reference value :  5.01904e-06
 Reference value :  5.02804e-06
 Reference value :  5.03346e-06
 Reference value :  5.03418e-06
 Reference value :  5.03514e-06
 Reference value :  5.04397e-06
 Reference value :  5.05297e-06
 Reference value :  5.06197e-06
 Reference value :  5.07147e-06
 Reference value :  5.07555e-06
 Reference value :  5.08087e-06
 Reference value :  5.08987e-06
 Reference value :  5.09837e-06
 Reference value :  5.10687e-06
 Reference value :  5.11577e-06
 Reference value :  5.11720e-06
 Reference value :  5.11777e-06
 Reference value :  5.11893e-06
 Reference value :  5.12806e-06
 Reference value :  5.13706e-06
 Reference value :  5.14656e-06
 Reference value :  5.15606e-06
 Reference value :  5.15992e-06
 Reference value :  5.16636e-06
 Reference value :  5.17536e-06
 Reference value :  5.18386e-06
 Reference value :  5.19286e-06
 Reference value :  5.20013e-06
 Reference value :  5.20081e-06
 Reference value :  5.20347e-06
 Reference value :  5.21247e-06
 Reference value :  5.22097e-06
 Reference value :  5.22997e-06
 Reference value :  5.23897e-06
 Reference value :  5.24232e-06
 Reference value :  5.24644e-06
 Reference value :  5.25544e-06
 Reference value :  5.26394e-06
 Reference value :  5.27344e-06
 Reference value :  5.28239e-06
 Reference value :  5.28383e-06
 Reference value :  5.28573e-06
 Reference value :  5.29473e-06
 Reference value :  5.30373e-06
 Reference value :  5.31273e-06
 Reference value :  5.32173e-06
 Reference value :  5.32565e-06
 Reference value :  5.33020e-06
 Reference value :  5.33870e-06
 Reference value :  5.34720e-06
 Reference value :  5.35620e-06
 Reference value :  5.36470e-06
 Reference value :  5.36698e-06
 Reference value :  5.36788e-06
 Reference value :  5.37478e-06
 Reference value :  5.38378e-06
 Reference value :  5.39278e-06
 Reference value :  5.40178e-06
 Reference value :  5.40883e-06
 Reference value :  5.41376e-06
 Reference value :  5.42276e-06
 Reference value :  5.43126e-06
 Reference value :  5.44026e-06
 Reference value :  5.44913e-06
 Reference value :  5.45050e-06
 Reference value :  5.45550e-06
 Reference value :  5.46400e-06
 Reference value :  5.47300e-06
 Reference value :  5.48150e-06
 Reference value :  5.49000e-06
 Reference value :  5.49271e-06
 Reference value :  5.50109e-06
 Reference value :  5.51009e-06
 Reference value :  5.51909e-06
 Reference value :  5.52809e-06
 Reference value :  5.53347e-06
 Reference value :  5.53635e-06
 Reference value :  5.54535e-06
 Reference value :  5.55485e-06
 Reference value :  5.56385e-06
 Reference value :  5.57335e-06
 Reference value :  5.57585e-06
 Reference value :  5.58393e-06
 Reference value :  5.59293e-06
 Reference value :  5.60193e-06
 Reference value :  5.61093e-06
 Reference value :  5.61680e-06
 Reference value :  5.61900e-06
 Reference value :  5.62800e-06
 Reference value :  5.63700e-06
 Reference value :  5.64600e-06
 Reference value :  5.65550e-06
 Reference value :  5.65898e-06
 Reference value :  5.66626e-06
 Reference value :  5.67576e-06
 Reference value :  5.68426e-06
 Reference value :  5.69326e-06
 Reference value :  5.70014e-06
 Reference value :  5.70219e-06
 Reference value :  5.71119e-06
 Reference value :  5.72019e-06
 Reference value :  5.72919e-06
 Reference value :  5.73819e-06
 Reference value :  5.74232e-06
 Reference value :  5.74959e-06
 Reference value :  5.75859e-06
 Reference value :  5.76759e-06
 Reference value :  5.77709e-06
 Reference value :  5.78347e-06
 Reference value :  5.78431e-06
 Reference value :  5.79215e-06
 Reference value :  5.80115e-06
 Reference value :  5.81015e-06
 Reference value :  5.81965e-06
 Reference value :  5.82550e-06
 Reference value :  5.83043e-06
 Reference value :  5.83943e-06
 Reference value :  5.84893e-06
 Reference value :  5.85793e-06
 Reference value :  5.86622e-06
 Reference value :  5.86717e-06
 Reference value :  5.86766e-06
 Reference value :  5.87624e-06
 Reference value :  5.88524e-06
 Reference value :  5.89424e-06
 Reference value :  5.90274e-06
 Reference value :  5.90883e-06
 Reference value :  5.91376e-06
 Reference value :  5.92276e-06
 Reference value :  5.93176e-06
 Reference value :  5.94176e-06
 Reference value :  5.94965e-06
 Reference value :  5.95052e-06
 Reference value :  5.95413e-06
 Reference value :  5.96313e-06
 Reference value :  5.97163e-06
 Reference value :  5.98113e-06
 Reference value :  5.99090e-06
 Reference value :  5.99359e-06
 Reference value :  6.00259e-06
 Reference value :  6.01159e-06
 Reference value :  6.02059e-06
 Reference value :  6.02959e-06
 Reference value :  6.03365e-06
 Reference value :  6.03764e-06
 Reference value :  6.04664e-06
 Reference value :  6.05614e-06
 Reference value :  6.06514e-06
 Reference value :  6.07465e-06
 Reference value :  6.07793e-06
 Reference value :  6.08743e-06
 Reference value :  6.09693e-06
 Reference value :  6.10593e-06
 Reference value :  6.11443e-06
 Reference value :  6.11680e-06
 Reference value :  6.11768e-06
 Reference value :  6.12303e-06
 Reference value :  6.13253e-06
 Reference value :  6.14203e-06
 Reference value :  6.15103e-06
 Reference value :  6.15851e-06
 Reference value :  6.16032e-06
 Reference value :  6.16684e-06
 Reference value :  6.17584e-06
 Reference value :  6.18484e-06
 Reference value :  6.19384e-06
 Reference value :  6.20013e-06
 Reference value :  6.20091e-06
 Reference value :  6.20447e-06
 Reference value :  6.21297e-06
 Reference value :  6.22197e-06
 Reference value :  6.23097e-06
 Reference value :  6.23997e-06
 Reference value :  6.24252e-06
 Reference value :  6.24644e-06
 Reference value :  6.25544e-06
 Reference value :  6.26744e-06
 Reference value :  6.27694e-06
No. of Data Rows : 14199

  Measurements for Transient Analysis

d9_c1               =  4.78171e-07
d8_c1               =  1.68396e-07
d7_c1               =  1.80000e+00
d6_c1               =  1.80000e+00
d5_c1               =  2.16068e-07
d4_c1               =  1.80000e+00
d3_c1               =  1.80000e+00
d2_c1               =  1.80000e+00
d1_c1               =  1.80000e+00
d0_c1               =  1.80000e+00
d9_c2               =  3.78852e-07
d8_c2               =  1.80000e+00
d7_c2               =  1.80000e+00
d6_c2               =  1.85362e-07
d5_c2               =  2.05727e-07
d4_c2               =  2.33961e-07
d3_c2               =  2.75620e-07
d2_c2               =  3.42914e-07
d1_c2               =  4.68839e-07
d0_c2               =  7.82539e-07
d9_c3               =  1.80001e+00
d8_c3               =  -2.23166e-08
d7_c3               =  -2.47676e-08
d6_c3               =  -2.80313e-08
d5_c3               =  -3.25595e-08
d4_c3               =  -3.92558e-08
d3_c3               =  -5.00742e-08
d2_c3               =  -7.02582e-08
d1_c3               =  1.80000e+00
d0_c3               =  -1.15451e-05
d9_c4               =  1.80001e+00
d8_c4               =  -2.21381e-08
d7_c4               =  1.80000e+00
d6_c4               =  -2.78509e-08
d5_c4               =  -3.23898e-08
d4_c4               =  -3.90925e-08
d3_c4               =  -4.99164e-08
d2_c4               =  -7.01052e-08
d1_c4               =  1.80000e+00
d0_c4               =  -1.16738e-05
d9_c5               =  1.80001e+00
d8_c5               =  1.80000e+00
d7_c5               =  1.80000e+00
d6_c5               =  1.80000e+00
d5_c5               =  1.80000e+00
d4_c5               =  1.80000e+00
d3_c5               =  1.80000e+00
d2_c5               =  1.80000e+00
d1_c5               =  1.80000e+00
d0_c5               =  1.80000e+00
busy_c1_p0          =  1.80000e+00
smpl_c1_p0          =  4.98512e-06
busy_c1_p1          =  1.80000e+00
smpl_c1_p1          =  4.44003e-06
busy_c1_p2          =  1.80000e+00
smpl_c1_p2          =  1.01708e-05
busy_c1_p3          =  1.80000e+00
smpl_c1_p3          =  4.56875e-06
busy_c1_p4          =  1.80000e+00
smpl_c1_p4          =  4.55377e-06
busy_c1_p5          =  1.80000e+00
smpl_c1_p5          =  4.54735e-06
busy_c1_p6          =  1.80000e+00
smpl_c1_p6          =  4.51904e-06
busy_c1_p7          =  1.80000e+00
smpl_c1_p7          =  4.54257e-06
busy_c1_p8          =  1.80000e+00
smpl_c1_p8          =  4.55703e-06
busy_c1_p9          =  1.80000e+00
smpl_c1_p9          =  4.56354e-06
busy_c1_p10         =  1.80000e+00
smpl_c1_p10         =  4.55938e-06
busy_c1_p11         =  1.90848e-06
smpl_c1_p11         =  1.80000e+00
busy_c2_p0          =  1.80000e+00
smpl_c2_p0          =  4.96627e-06
busy_c2_p1          =  1.80000e+00
smpl_c2_p1          =  4.59538e-06
busy_c2_p2          =  1.80000e+00
smpl_c2_p2          =  4.67655e-06
busy_c2_p3          =  1.80000e+00
smpl_c2_p3          =  4.60926e-06
busy_c2_p4          =  1.80000e+00
smpl_c2_p4          =  4.63280e-06
busy_c2_p5          =  1.80000e+00
smpl_c2_p5          =  4.65428e-06
busy_c2_p6          =  1.80000e+00
smpl_c2_p6          =  4.66393e-06
busy_c2_p7          =  1.80000e+00
smpl_c2_p7          =  4.66144e-06
busy_c2_p8          =  1.80000e+00
smpl_c2_p8          =  4.65497e-06
busy_c2_p9          =  1.80000e+00
smpl_c2_p9          =  4.66078e-06
busy_c2_p10         =  1.80000e+00
smpl_c2_p10         =  4.65922e-06
busy_c2_p11         =  6.88281e-06
smpl_c2_p11         =  1.80000e+00
busy_c3_p0          =  1.80000e+00
smpl_c3_p0          =  5.05185e-06
busy_c3_p1          =  1.80000e+00
smpl_c3_p1          =  4.61131e-06
busy_c3_p2          =  1.80000e+00
smpl_c3_p2          =  4.60806e-06
busy_c3_p3          =  1.80000e+00
smpl_c3_p3          =  4.63193e-06
busy_c3_p4          =  1.80000e+00
smpl_c3_p4          =  4.67807e-06
busy_c3_p5          =  1.80000e+00
smpl_c3_p5          =  4.71175e-06
busy_c3_p6          =  1.80000e+00
smpl_c3_p6          =  4.73099e-06
busy_c3_p7          =  1.80000e+00
smpl_c3_p7          =  4.74030e-06
busy_c3_p8          =  1.80000e+00
smpl_c3_p8          =  4.73568e-06
busy_c3_p9          =  1.80000e+00
smpl_c3_p9          =  4.74610e-06
busy_c3_p10         =  1.80000e+00
smpl_c3_p10         =  4.74830e-06
busy_c3_p11         =  -1.18367e-06
smpl_c3_p11         =  1.80000e+00
busy_c4_p0          =  1.80000e+00
smpl_c4_p0          =  4.96995e-06
busy_c4_p1          =  1.80000e+00
smpl_c4_p1          =  4.59988e-06
busy_c4_p2          =  1.80000e+00
smpl_c4_p2          =  4.68272e-06
busy_c4_p3          =  1.80000e+00
smpl_c4_p3          =  4.60820e-06
busy_c4_p4          =  1.80000e+00
smpl_c4_p4          =  4.63850e-06
busy_c4_p5          =  1.80000e+00
smpl_c4_p5          =  4.66674e-06
busy_c4_p6          =  1.80000e+00
smpl_c4_p6          =  4.68158e-06
busy_c4_p7          =  1.80000e+00
smpl_c4_p7          =  4.69115e-06
busy_c4_p8          =  1.80000e+00
smpl_c4_p8          =  4.68396e-06
busy_c4_p9          =  1.80000e+00
smpl_c4_p9          =  4.69268e-06
busy_c4_p10         =  1.80000e+00
smpl_c4_p10         =  4.69433e-06
busy_c4_p11         =  -4.27383e-07
smpl_c4_p11         =  1.79999e+00
busy_c5_p0          =  1.80000e+00
smpl_c5_p0          =  4.98753e-06
busy_c5_p1          =  1.80000e+00
smpl_c5_p1          =  4.44974e-06
busy_c5_p2          =  1.80000e+00
smpl_c5_p2          =  1.01779e-05
busy_c5_p3          =  1.80000e+00
smpl_c5_p3          =  1.46920e-05
busy_c5_p4          =  1.80000e+00
smpl_c5_p4          =  1.30580e-05
busy_c5_p5          =  1.80000e+00
smpl_c5_p5          =  1.08522e-05
busy_c5_p6          =  1.80000e+00
smpl_c5_p6          =  8.77854e-06
busy_c5_p7          =  1.80000e+00
smpl_c5_p7          =  7.37249e-06
busy_c5_p8          =  1.80000e+00
smpl_c5_p8          =  6.50148e-06
busy_c5_p9          =  1.80000e+00
smpl_c5_p9          =  5.98364e-06
busy_c5_p10         =  1.80000e+00
smpl_c5_p10         =  5.57816e-06
busy_c5_p11         =  2.75587e-06
smpl_c5_p11         =  1.80000e+00
i_vdd               =  -2.06599e-06 from=  3.20000e-06 to=  4.20013e-06
i_vpwr              =  -6.80514e-06 from=  3.20000e-06 to=  4.20013e-06
i_vrefp             =  -6.61618e-06 from=  3.20000e-06 to=  4.20013e-06
i_vrefn             =  6.61287e-06 from=  3.20000e-06 to=  4.20013e-06
i_vcm               =  -4.61873e-10 from=  3.20000e-06 to=  4.20013e-06


Total analysis time (seconds) = 442.589

Total elapsed time (seconds) = 529.705 

Total DRAM available = 98304.000 MB.
DRAM currently available = 28174.453 MB.
Maximum ngspice program size =  793.766 MB.
Current ngspice program size =  793.766 MB.

