
Note: Compatibility modes selected: hs a


Circuit: * sim/full-conversion-transient -- end-to-end full-conversion transient

option SCALE: Scale is set to 1e-06 for instance and model parameters
option SCALE: Scale is set to 1e-06 for instance and model parameters
option SCALE: Scale is set to 1e-06 for instance and model parameters
option SCALE: Scale is set to 1e-06 for instance and model parameters
Doing analysis at TEMP = 27.000000 and TNOM = 27.000000

Using KLU as Direct Linear Solver
 Reference value :  0.00000e+00
 Reference value :  1.16400e-08
 Reference value :  2.11500e-08
 Reference value :  3.12500e-08
 Reference value :  4.17500e-08
 Reference value :  5.22500e-08
 Reference value :  6.22500e-08
 Reference value :  7.22500e-08
 Reference value :  8.22500e-08
 Reference value :  9.22500e-08
 Reference value :  1.02250e-07
 Reference value :  1.12250e-07
 Reference value :  1.23250e-07
 Reference value :  1.37750e-07
 Reference value :  1.52750e-07
 Reference value :  1.67750e-07
 Reference value :  1.82250e-07
 Reference value :  1.97250e-07
 Reference value :  2.00500e-07
 Reference value :  2.00999e-07
 Reference value :  2.07103e-07
 Reference value :  2.15603e-07
 Reference value :  2.27103e-07
 Reference value :  2.39103e-07
 Reference value :  2.43105e-07
 Reference value :  2.45458e-07
 Reference value :  2.55458e-07
 Reference value :  2.65958e-07
 Reference value :  2.75958e-07
 Reference value :  2.83421e-07
 Reference value :  2.84564e-07
 Reference value :  2.90523e-07
 Reference value :  3.00523e-07
 Reference value :  3.11023e-07
 Reference value :  3.21023e-07
 Reference value :  3.26115e-07
 Reference value :  3.35399e-07
 Reference value :  3.45899e-07
 Reference value :  3.55899e-07
 Reference value :  3.65783e-07
 Reference value :  3.67189e-07
 Reference value :  3.75748e-07
 Reference value :  3.85748e-07
 Reference value :  3.95748e-07
 Reference value :  4.07883e-07
 Reference value :  4.10821e-07
 Reference value :  4.14549e-07
 Reference value :  4.24049e-07
 Reference value :  4.34049e-07
 Reference value :  4.44049e-07
 Reference value :  4.50087e-07
 Reference value :  4.51108e-07
 Reference value :  4.56501e-07
 Reference value :  4.66001e-07
 Reference value :  4.76501e-07
 Reference value :  4.87501e-07
 Reference value :  4.92782e-07
 Reference value :  4.99986e-07
 Reference value :  5.06486e-07
 Reference value :  5.15986e-07
 Reference value :  5.25986e-07
 Reference value :  5.33421e-07
 Reference value :  5.34422e-07
 Reference value :  5.38962e-07
 Reference value :  5.49462e-07
 Reference value :  5.59462e-07
 Reference value :  5.69462e-07
 Reference value :  5.75541e-07
 Reference value :  5.82916e-07
 Reference value :  5.93416e-07
 Reference value :  6.03416e-07
 Reference value :  6.13416e-07
 Reference value :  6.16968e-07
 Reference value :  6.21713e-07
 Reference value :  6.32213e-07
 Reference value :  6.42713e-07
 Reference value :  6.53213e-07
 Reference value :  6.58956e-07
 Reference value :  6.66176e-07
 Reference value :  6.77676e-07
 Reference value :  6.88676e-07
 Reference value :  6.97176e-07
 Reference value :  7.00500e-07
 Reference value :  7.01940e-07
 Reference value :  7.11425e-07
 Reference value :  7.22425e-07
 Reference value :  7.33425e-07
 Reference value :  7.41842e-07
 Reference value :  7.48569e-07
 Reference value :  7.59069e-07
 Reference value :  7.69569e-07
 Reference value :  7.79569e-07
 Reference value :  7.83626e-07
 Reference value :  7.88417e-07
 Reference value :  7.99917e-07
 Reference value :  8.11417e-07
 Reference value :  8.22917e-07
 Reference value :  8.26896e-07
 Reference value :  8.37354e-07
 Reference value :  8.47854e-07
 Reference value :  8.57854e-07
 Reference value :  8.65760e-07
 Reference value :  8.67167e-07
 Reference value :  8.69574e-07
 Reference value :  8.80574e-07
 Reference value :  8.91074e-07
 Reference value :  9.02074e-07
 Reference value :  9.08956e-07
 Reference value :  9.16693e-07
 Reference value :  9.27693e-07
 Reference value :  9.39693e-07
 Reference value :  9.49550e-07
 Reference value :  9.50500e-07
 Reference value :  9.56747e-07
 Reference value :  9.67747e-07
 Reference value :  9.78247e-07
 Reference value :  9.89747e-07
 Reference value :  9.93564e-07
 Reference value :  1.00452e-06
 Reference value :  1.01602e-06
 Reference value :  1.02702e-06
 Reference value :  1.03338e-06
 Reference value :  1.03475e-06
 Reference value :  1.04660e-06
 Reference value :  1.05810e-06
 Reference value :  1.06960e-06
 Reference value :  1.07582e-06
 Reference value :  1.08234e-06
 Reference value :  1.09484e-06
 Reference value :  1.10534e-06
 Reference value :  1.11575e-06
 Reference value :  1.11737e-06
 Reference value :  1.12095e-06
 Reference value :  1.13145e-06
 Reference value :  1.14195e-06
 Reference value :  1.15295e-06
 Reference value :  1.15912e-06
 Reference value :  1.16473e-06
 Reference value :  1.17573e-06
 Reference value :  1.18673e-06
 Reference value :  1.19773e-06
 Reference value :  1.20028e-06
 Reference value :  1.20108e-06
 Reference value :  1.20976e-06
 Reference value :  1.22076e-06
 Reference value :  1.23276e-06
 Reference value :  1.24184e-06
 Reference value :  1.24409e-06
 Reference value :  1.25425e-06
 Reference value :  1.26525e-06
 Reference value :  1.27625e-06
 Reference value :  1.28342e-06
 Reference value :  1.28454e-06
 Reference value :  1.29142e-06
 Reference value :  1.30242e-06
 Reference value :  1.31392e-06
 Reference value :  1.32465e-06
 Reference value :  1.32699e-06
 Reference value :  1.33532e-06
 Reference value :  1.34882e-06
 Reference value :  1.35932e-06
 Reference value :  1.36675e-06
 Reference value :  1.36790e-06
 Reference value :  1.37486e-06
 Reference value :  1.38586e-06
 Reference value :  1.39686e-06
 Reference value :  1.40788e-06
 Reference value :  1.41074e-06
 Reference value :  1.41543e-06
 Reference value :  1.42593e-06
 Reference value :  1.43693e-06
 Reference value :  1.44793e-06
 Reference value :  1.45050e-06
 Reference value :  1.45146e-06
 Reference value :  1.46010e-06
 Reference value :  1.47060e-06
 Reference value :  1.48110e-06
 Reference value :  1.49122e-06
 Reference value :  1.49447e-06
 Reference value :  1.49847e-06
 Reference value :  1.50747e-06
 Reference value :  1.51847e-06
 Reference value :  1.52947e-06
 Reference value :  1.53383e-06
 Reference value :  1.53485e-06
 Reference value :  1.54246e-06
 Reference value :  1.55296e-06
 Reference value :  1.56346e-06
 Reference value :  1.57396e-06
 Reference value :  1.57689e-06
 Reference value :  1.58635e-06
 Reference value :  1.59685e-06
 Reference value :  1.60785e-06
 Reference value :  1.61676e-06
 Reference value :  1.61768e-06
 Reference value :  1.62406e-06
 Reference value :  1.63456e-06
 Reference value :  1.64506e-06
 Reference value :  1.65556e-06
 Reference value :  1.65979e-06
 Reference value :  1.66926e-06
 Reference value :  1.68026e-06
 Reference value :  1.69126e-06
 Reference value :  1.70011e-06
 Reference value :  1.70423e-06
 Reference value :  1.71473e-06
 Reference value :  1.72523e-06
 Reference value :  1.73573e-06
 Reference value :  1.74245e-06
 Reference value :  1.75157e-06
 Reference value :  1.76307e-06
 Reference value :  1.77357e-06
 Reference value :  1.78318e-06
 Reference value :  1.78410e-06
 Reference value :  1.79302e-06
 Reference value :  1.80402e-06
 Reference value :  1.81452e-06
 Reference value :  1.82455e-06
 Reference value :  1.82786e-06
 Reference value :  1.83836e-06
 Reference value :  1.84886e-06
 Reference value :  1.85986e-06
 Reference value :  1.86671e-06
 Reference value :  1.86758e-06
 Reference value :  1.87306e-06
 Reference value :  1.88406e-06
 Reference value :  1.89456e-06
 Reference value :  1.90556e-06
 Reference value :  1.91023e-06
 Reference value :  1.92069e-06
 Reference value :  1.93169e-06
 Reference value :  1.94219e-06
 Reference value :  1.94869e-06
 Reference value :  1.95041e-06
 Reference value :  1.95115e-06
 Reference value :  1.95746e-06
 Reference value :  1.96846e-06
 Reference value :  1.97946e-06
 Reference value :  1.98996e-06
 Reference value :  1.99356e-06
 Reference value :  2.00352e-06
 Reference value :  2.01402e-06
 Reference value :  2.02452e-06
 Reference value :  2.03243e-06
 Reference value :  2.03416e-06
 Reference value :  2.04307e-06
 Reference value :  2.05757e-06
 Reference value :  2.06907e-06
 Reference value :  2.07564e-06
 Reference value :  2.08184e-06
 Reference value :  2.09184e-06
 Reference value :  2.10234e-06
 Reference value :  2.11284e-06
 Reference value :  2.11717e-06
 Reference value :  2.11804e-06
 Reference value :  2.12794e-06
 Reference value :  2.13894e-06
 Reference value :  2.14944e-06
 Reference value :  2.15851e-06
 Reference value :  2.16052e-06
 Reference value :  2.16953e-06
 Reference value :  2.18053e-06
 Reference value :  2.19103e-06
 Reference value :  2.20005e-06
 Reference value :  2.20087e-06
 Reference value :  2.20634e-06
 Reference value :  2.21684e-06
 Reference value :  2.22834e-06
 Reference value :  2.23934e-06
 Reference value :  2.24342e-06
 Reference value :  2.24774e-06
 Reference value :  2.25824e-06
 Reference value :  2.26974e-06
 Reference value :  2.28074e-06
 Reference value :  2.28383e-06
 Reference value :  2.28495e-06
 Reference value :  2.29489e-06
 Reference value :  2.30639e-06
 Reference value :  2.31739e-06
 Reference value :  2.32517e-06
 Reference value :  2.32697e-06
 Reference value :  2.33223e-06
 Reference value :  2.34273e-06
 Reference value :  2.35323e-06
 Reference value :  2.36373e-06
 Reference value :  2.36717e-06
 Reference value :  2.36828e-06
 Reference value :  2.37672e-06
 Reference value :  2.38722e-06
 Reference value :  2.39822e-06
 Reference value :  2.40851e-06
 Reference value :  2.41029e-06
 Reference value :  2.41541e-06
 Reference value :  2.42591e-06
 Reference value :  2.43691e-06
 Reference value :  2.44791e-06
 Reference value :  2.45053e-06
 Reference value :  2.45169e-06
 Reference value :  2.45969e-06
 Reference value :  2.47119e-06
 Reference value :  2.48619e-06
 Reference value :  2.49342e-06
 Reference value :  2.49762e-06
 Reference value :  2.50762e-06
 Reference value :  2.51812e-06
 Reference value :  2.52862e-06
 Reference value :  2.53363e-06
 Reference value :  2.53463e-06
 Reference value :  2.54240e-06
 Reference value :  2.55290e-06
 Reference value :  2.56290e-06
 Reference value :  2.57390e-06
 Reference value :  2.57679e-06
 Reference value :  2.57985e-06
 Reference value :  2.58935e-06
 Reference value :  2.59985e-06
 Reference value :  2.61135e-06
 Reference value :  2.61675e-06
 Reference value :  2.61764e-06
 Reference value :  2.62182e-06
 Reference value :  2.63282e-06
 Reference value :  2.64382e-06
 Reference value :  2.65382e-06
 Reference value :  2.65912e-06
 Reference value :  2.66349e-06
 Reference value :  2.67299e-06
 Reference value :  2.68399e-06
 Reference value :  2.69699e-06
 Reference value :  2.70029e-06
 Reference value :  2.70115e-06
 Reference value :  2.70701e-06
 Reference value :  2.71751e-06
 Reference value :  2.72851e-06
 Reference value :  2.73951e-06
 Reference value :  2.74354e-06
 Reference value :  2.74896e-06
 Reference value :  2.75896e-06
 Reference value :  2.76896e-06
 Reference value :  2.77996e-06
 Reference value :  2.78363e-06
 Reference value :  2.78472e-06
 Reference value :  2.79282e-06
 Reference value :  2.80382e-06
 Reference value :  2.81432e-06
 Reference value :  2.82450e-06
 Reference value :  2.82782e-06
 Reference value :  2.83232e-06
 Reference value :  2.84332e-06
 Reference value :  2.85382e-06
 Reference value :  2.86432e-06
 Reference value :  2.86714e-06
 Reference value :  2.86788e-06
 Reference value :  2.87499e-06
 Reference value :  2.88599e-06
 Reference value :  2.89699e-06
 Reference value :  2.90783e-06
 Reference value :  2.91116e-06
 Reference value :  2.91666e-06
 Reference value :  2.92766e-06
 Reference value :  2.93866e-06
 Reference value :  2.94950e-06
 Reference value :  2.95049e-06
 Reference value :  2.95117e-06
 Reference value :  2.95658e-06
 Reference value :  2.96708e-06
 Reference value :  2.97758e-06
 Reference value :  2.98858e-06
 Reference value :  2.99355e-06
 Reference value :  2.99899e-06
 Reference value :  3.00949e-06
 Reference value :  3.02049e-06
 Reference value :  3.03149e-06
 Reference value :  3.03406e-06
 Reference value :  3.04039e-06
 Reference value :  3.05089e-06
 Reference value :  3.06239e-06
 Reference value :  3.07455e-06
 Reference value :  3.07781e-06
 Reference value :  3.09031e-06
 Reference value :  3.10081e-06
 Reference value :  3.11131e-06
 Reference value :  3.11696e-06
 Reference value :  3.11783e-06
 Reference value :  3.12739e-06
 Reference value :  3.13839e-06
 Reference value :  3.14989e-06
 Reference value :  3.15851e-06
 Reference value :  3.16111e-06
 Reference value :  3.17093e-06
 Reference value :  3.18243e-06
 Reference value :  3.19393e-06
 Reference value :  3.20005e-06
 Reference value :  3.20096e-06
 Reference value :  3.20785e-06
 Reference value :  3.21785e-06
 Reference value :  3.22785e-06
 Reference value :  3.23835e-06
 Reference value :  3.24310e-06
 Reference value :  3.24707e-06
 Reference value :  3.25857e-06
 Reference value :  3.26957e-06
 Reference value :  3.28007e-06
 Reference value :  3.28363e-06
 Reference value :  3.28481e-06
 Reference value :  3.29345e-06
 Reference value :  3.30445e-06
 Reference value :  3.31545e-06
 Reference value :  3.32517e-06
 Reference value :  3.32699e-06
 Reference value :  3.33111e-06
 Reference value :  3.34211e-06
 Reference value :  3.35311e-06
 Reference value :  3.36311e-06
 Reference value :  3.36696e-06
 Reference value :  3.36817e-06
 Reference value :  3.37634e-06
 Reference value :  3.38634e-06
 Reference value :  3.39734e-06
 Reference value :  3.40734e-06
 Reference value :  3.41010e-06
 Reference value :  3.41310e-06
 Reference value :  3.42460e-06
 Reference value :  3.43560e-06
 Reference value :  3.44660e-06
 Reference value :  3.45050e-06
 Reference value :  3.45127e-06
 Reference value :  3.45752e-06
 Reference value :  3.46852e-06
 Reference value :  3.47902e-06
 Reference value :  3.48952e-06
 Reference value :  3.49345e-06
 Reference value :  3.49977e-06
 Reference value :  3.51027e-06
 Reference value :  3.52127e-06
 Reference value :  3.53227e-06
 Reference value :  3.53383e-06
 Reference value :  3.53784e-06
 Reference value :  3.55034e-06
 Reference value :  3.56084e-06
 Reference value :  3.57134e-06
 Reference value :  3.57612e-06
 Reference value :  3.57777e-06
 Reference value :  3.58627e-06
 Reference value :  3.59677e-06
 Reference value :  3.60777e-06
 Reference value :  3.61675e-06
 Reference value :  3.61798e-06
 Reference value :  3.62866e-06
 Reference value :  3.63916e-06
 Reference value :  3.65016e-06
 Reference value :  3.65851e-06
 Reference value :  3.66078e-06
 Reference value :  3.66818e-06
 Reference value :  3.67868e-06
 Reference value :  3.68918e-06
 Reference value :  3.69950e-06
 Reference value :  3.70068e-06
 Reference value :  3.70192e-06
 Reference value :  3.71016e-06
 Reference value :  3.72266e-06
 Reference value :  3.73366e-06
 Reference value :  3.74184e-06
 Reference value :  3.74408e-06
 Reference value :  3.74764e-06
 Reference value :  3.75764e-06
 Reference value :  3.76864e-06
 Reference value :  3.77914e-06
 Reference value :  3.78363e-06
 Reference value :  3.78471e-06
 Reference value :  3.79229e-06
 Reference value :  3.80279e-06
 Reference value :  3.81379e-06
 Reference value :  3.82450e-06
 Reference value :  3.82747e-06
 Reference value :  3.83457e-06
 Reference value :  3.84557e-06
 Reference value :  3.85607e-06
 Reference value :  3.86622e-06
 Reference value :  3.86717e-06
 Reference value :  3.87064e-06
 Reference value :  3.88114e-06
 Reference value :  3.89214e-06
 Reference value :  3.90264e-06
 Reference value :  3.90887e-06
 Reference value :  3.91077e-06
 Reference value :  3.91385e-06
 Reference value :  3.92435e-06
 Reference value :  3.93485e-06
 Reference value :  3.94535e-06
 Reference value :  3.95021e-06
 Reference value :  3.95095e-06
 Reference value :  3.95365e-06
 Reference value :  3.96365e-06
 Reference value :  3.97415e-06
 Reference value :  3.98415e-06
 Reference value :  3.99184e-06
 Reference value :  3.99445e-06
 Reference value :  3.99858e-06
 Reference value :  4.00908e-06
 Reference value :  4.01958e-06
 Reference value :  4.02958e-06
 Reference value :  4.03383e-06
 Reference value :  4.03483e-06
 Reference value :  4.04518e-06
 Reference value :  4.05568e-06
 Reference value :  4.06568e-06
 Reference value :  4.07465e-06
 Reference value :  4.07825e-06
 Reference value :  4.08562e-06
 Reference value :  4.09562e-06
 Reference value :  4.10662e-06
 Reference value :  4.11617e-06
 Reference value :  4.11737e-06
 Reference value :  4.12095e-06
 Reference value :  4.13095e-06
 Reference value :  4.14045e-06
 Reference value :  4.15045e-06
 Reference value :  4.15851e-06
 Reference value :  4.16078e-06
 Reference value :  4.16901e-06
 Reference value :  4.17901e-06
 Reference value :  4.18901e-06
 Reference value :  4.19901e-06
 Reference value :  4.20027e-06
 Reference value :  4.20095e-06
 Reference value :  4.20798e-06
 Reference value :  4.21798e-06
 Reference value :  4.22798e-06
 Reference value :  4.23798e-06
 Reference value :  4.24245e-06
 Reference value :  4.24479e-06
 Reference value :  4.25470e-06
 Reference value :  4.26470e-06
 Reference value :  4.27470e-06
 Reference value :  4.28318e-06
 Reference value :  4.28420e-06
 Reference value :  4.28586e-06
 Reference value :  4.29536e-06
 Reference value :  4.30536e-06
 Reference value :  4.31586e-06
 Reference value :  4.32465e-06
 Reference value :  4.32674e-06
 Reference value :  4.33412e-06
 Reference value :  4.34412e-06
 Reference value :  4.35462e-06
 Reference value :  4.36512e-06
 Reference value :  4.36696e-06
 Reference value :  4.36913e-06
 Reference value :  4.37963e-06
 Reference value :  4.38913e-06
 Reference value :  4.39913e-06
 Reference value :  4.40788e-06
 Reference value :  4.41037e-06
 Reference value :  4.41565e-06
 Reference value :  4.42515e-06
 Reference value :  4.43515e-06
 Reference value :  4.44515e-06
 Reference value :  4.45009e-06
 Reference value :  4.45122e-06
 Reference value :  4.45766e-06
 Reference value :  4.46766e-06
 Reference value :  4.47766e-06
 Reference value :  4.48816e-06
 Reference value :  4.49278e-06
 Reference value :  4.49367e-06
 Reference value :  4.49991e-06
 Reference value :  4.51041e-06
 Reference value :  4.52091e-06
 Reference value :  4.53141e-06
 Reference value :  4.53386e-06
 Reference value :  4.53486e-06
 Reference value :  4.54152e-06
 Reference value :  4.55202e-06
 Reference value :  4.56252e-06
 Reference value :  4.57252e-06
 Reference value :  4.57645e-06
 Reference value :  4.57675e-06
 Reference value :  4.57913e-06
 Reference value :  4.58763e-06
 Reference value :  4.59763e-06
 Reference value :  4.60813e-06
 Reference value :  4.61652e-06
 Reference value :  4.61754e-06
 Reference value :  4.61934e-06
 Reference value :  4.62834e-06
 Reference value :  4.63884e-06
 Reference value :  4.64884e-06
 Reference value :  4.65818e-06
 Reference value :  4.65983e-06
 Reference value :  4.66430e-06
 Reference value :  4.67480e-06
 Reference value :  4.68480e-06
 Reference value :  4.69480e-06
 Reference value :  4.70008e-06
 Reference value :  4.70156e-06
 Reference value :  4.71149e-06
 Reference value :  4.72199e-06
 Reference value :  4.73199e-06
 Reference value :  4.74122e-06
 Reference value :  4.74341e-06
 Reference value :  4.74425e-06
 Reference value :  4.74932e-06
 Reference value :  4.75982e-06
 Reference value :  4.76982e-06
 Reference value :  4.77982e-06
 Reference value :  4.78363e-06
 Reference value :  4.78458e-06
 Reference value :  4.79075e-06
 Reference value :  4.80025e-06
 Reference value :  4.81075e-06
 Reference value :  4.82225e-06
 Reference value :  4.82676e-06
 Reference value :  4.83189e-06
 Reference value :  4.84189e-06
 Reference value :  4.85189e-06
 Reference value :  4.86189e-06
 Reference value :  4.86671e-06
 Reference value :  4.86787e-06
 Reference value :  4.87811e-06
 Reference value :  4.88861e-06
 Reference value :  4.89861e-06
 Reference value :  4.90788e-06
 Reference value :  4.91009e-06
 Reference value :  4.91245e-06
 Reference value :  4.92245e-06
 Reference value :  4.93295e-06
 Reference value :  4.94295e-06
 Reference value :  4.95004e-06
 Reference value :  4.95051e-06
 Reference value :  4.95446e-06
 Reference value :  4.96496e-06
 Reference value :  4.97546e-06
 Reference value :  4.98596e-06
 Reference value :  4.99278e-06
 Reference value :  4.99384e-06
 Reference value :  4.99772e-06
 Reference value :  5.00822e-06
 Reference value :  5.01822e-06
 Reference value :  5.02822e-06
 Reference value :  5.03342e-06
 Reference value :  5.03495e-06
 Reference value :  5.04443e-06
 Reference value :  5.05443e-06
 Reference value :  5.06443e-06
 Reference value :  5.07422e-06
 Reference value :  5.07646e-06
 Reference value :  5.07757e-06
 Reference value :  5.08742e-06
 Reference value :  5.09742e-06
 Reference value :  5.10792e-06
 Reference value :  5.11675e-06
 Reference value :  5.11768e-06
 Reference value :  5.12532e-06
 Reference value :  5.13482e-06
 Reference value :  5.14432e-06
 Reference value :  5.15432e-06
 Reference value :  5.15896e-06
 Reference value :  5.16421e-06
 Reference value :  5.17371e-06
 Reference value :  5.18321e-06
 Reference value :  5.19271e-06
 Reference value :  5.20005e-06
 Reference value :  5.20071e-06
 Reference value :  5.20481e-06
 Reference value :  5.21431e-06
 Reference value :  5.22381e-06
 Reference value :  5.23331e-06
 Reference value :  5.24152e-06
 Reference value :  5.24366e-06
 Reference value :  5.25141e-06
 Reference value :  5.26091e-06
 Reference value :  5.27041e-06
 Reference value :  5.28041e-06
 Reference value :  5.28342e-06
 Reference value :  5.28433e-06
 Reference value :  5.29163e-06
 Reference value :  5.30163e-06
 Reference value :  5.31113e-06
 Reference value :  5.32063e-06
 Reference value :  5.32579e-06
 Reference value :  5.32780e-06
 Reference value :  5.33516e-06
 Reference value :  5.34466e-06
 Reference value :  5.35416e-06
 Reference value :  5.36466e-06
 Reference value :  5.36696e-06
 Reference value :  5.36779e-06
 Reference value :  5.37289e-06
 Reference value :  5.38189e-06
 Reference value :  5.39089e-06
 Reference value :  5.40039e-06
 Reference value :  5.40912e-06
 Reference value :  5.41651e-06
 Reference value :  5.43001e-06
 Reference value :  5.44351e-06
 Reference value :  5.45029e-06
 Reference value :  5.45684e-06
 Reference value :  5.47084e-06
 Reference value :  5.48434e-06
 Reference value :  5.49229e-06
 Reference value :  5.49591e-06
 Reference value :  5.50591e-06
 Reference value :  5.51591e-06
 Reference value :  5.52541e-06
 Reference value :  5.53342e-06
 Reference value :  5.53606e-06
 Reference value :  5.54656e-06
 Reference value :  5.55706e-06
 Reference value :  5.56706e-06
 Reference value :  5.57517e-06
 Reference value :  5.57746e-06
 Reference value :  5.58412e-06
 Reference value :  5.59412e-06
 Reference value :  5.60412e-06
 Reference value :  5.61412e-06
 Reference value :  5.61696e-06
 Reference value :  5.61778e-06
 Reference value :  5.62240e-06
 Reference value :  5.63140e-06
 Reference value :  5.64140e-06
 Reference value :  5.65190e-06
 Reference value :  5.65883e-06
 Reference value :  5.66076e-06
 Reference value :  5.66420e-06
 Reference value :  5.67320e-06
 Reference value :  5.68320e-06
 Reference value :  5.69320e-06
 Reference value :  5.70008e-06
 Reference value :  5.70104e-06
 Reference value :  5.70489e-06
 Reference value :  5.71389e-06
 Reference value :  5.72389e-06
 Reference value :  5.73439e-06
 Reference value :  5.74184e-06
 Reference value :  5.74446e-06
 Reference value :  5.74542e-06
 Reference value :  5.75571e-06
 Reference value :  5.76571e-06
 Reference value :  5.77571e-06
 Reference value :  5.78342e-06
 Reference value :  5.78471e-06
 Reference value :  5.79398e-06
 Reference value :  5.80398e-06
 Reference value :  5.81398e-06
 Reference value :  5.82398e-06
 Reference value :  5.82681e-06
 Reference value :  5.82800e-06
 Reference value :  5.83559e-06
 Reference value :  5.84559e-06
 Reference value :  5.85559e-06
 Reference value :  5.86559e-06
 Reference value :  5.86694e-06
 Reference value :  5.86768e-06
 Reference value :  5.87304e-06
 Reference value :  5.88304e-06
 Reference value :  5.89254e-06
 Reference value :  5.90254e-06
 Reference value :  5.90896e-06
 Reference value :  5.91077e-06
 Reference value :  5.91478e-06
 Reference value :  5.92428e-06
 Reference value :  5.93428e-06
 Reference value :  5.94428e-06
 Reference value :  5.95005e-06
 Reference value :  5.95093e-06
 Reference value :  5.95250e-06
 Reference value :  5.96100e-06
 Reference value :  5.97100e-06
 Reference value :  5.98050e-06
 Reference value :  5.99000e-06
 Reference value :  5.99312e-06
 Reference value :  5.99442e-06
 Reference value :  5.99913e-06
 Reference value :  6.00913e-06
 Reference value :  6.01913e-06
 Reference value :  6.02913e-06
 Reference value :  6.03338e-06
 Reference value :  6.03432e-06
 Reference value :  6.04166e-06
 Reference value :  6.05216e-06
 Reference value :  6.06216e-06
 Reference value :  6.07166e-06
 Reference value :  6.07613e-06
 Reference value :  6.07821e-06
 Reference value :  6.08507e-06
 Reference value :  6.09507e-06
 Reference value :  6.10507e-06
 Reference value :  6.11507e-06
 Reference value :  6.11720e-06
 Reference value :  6.11988e-06
 Reference value :  6.12988e-06
 Reference value :  6.13988e-06
 Reference value :  6.14938e-06
 Reference value :  6.15818e-06
 Reference value :  6.16087e-06
 Reference value :  6.17221e-06
 Reference value :  6.18421e-06
 Reference value :  6.19671e-06
 Reference value :  6.20029e-06
 Reference value :  6.20157e-06
 Reference value :  6.21180e-06
 Reference value :  6.22330e-06
 Reference value :  6.23330e-06
 Reference value :  6.24152e-06
 Reference value :  6.24387e-06
 Reference value :  6.25328e-06
 Reference value :  6.26328e-06
 Reference value :  6.27278e-06
 Reference value :  6.28298e-06
No. of Data Rows : 14211

  Measurements for Transient Analysis

d9_c1               =  -5.23650e-07
d8_c1               =  1.80000e+00
d7_c1               =  1.80000e+00
d6_c1               =  1.80000e+00
d5_c1               =  1.80000e+00
d4_c1               =  -1.07293e-06
d3_c1               =  -1.07802e-06
d2_c1               =  -1.06320e-06
d1_c1               =  1.80000e+00
d0_c1               =  1.80000e+00
d9_c2               =  -6.51224e-07
d8_c2               =  1.80000e+00
d7_c2               =  1.80000e+00
d6_c2               =  1.80000e+00
d5_c2               =  1.80000e+00
d4_c2               =  1.80000e+00
d3_c2               =  1.80000e+00
d2_c2               =  1.80000e+00
d1_c2               =  1.80000e+00
d0_c2               =  1.80000e+00
d9_c3               =  -5.79310e-07
d8_c3               =  1.80000e+00
d7_c3               =  1.80000e+00
d6_c3               =  -7.22425e-07
d5_c3               =  -7.22201e-07
d4_c3               =  1.80000e+00
d3_c3               =  1.80000e+00
d2_c3               =  -7.09152e-07
d1_c3               =  1.80000e+00
d0_c3               =  1.80000e+00
d9_c4               =  -3.92345e-07
d8_c4               =  -1.17241e-06
d7_c4               =  1.80000e+00
d6_c4               =  1.80000e+00
d5_c4               =  1.80000e+00
d4_c4               =  -1.17595e-06
d3_c4               =  1.80000e+00
d2_c4               =  -1.16227e-06
d1_c4               =  -1.17729e-06
d0_c4               =  1.80000e+00
d9_c5               =  1.80001e+00
d8_c5               =  -9.64801e-07
d7_c5               =  1.80000e+00
d6_c5               =  1.80000e+00
d5_c5               =  -9.58761e-07
d4_c5               =  -9.57809e-07
d3_c5               =  1.80000e+00
d2_c5               =  -9.51366e-07
d1_c5               =  -9.52372e-07
d0_c5               =  -9.53089e-07
busy_c1_p0          =  1.80000e+00
smpl_c1_p0          =  -2.36037e-04
busy_c1_p1          =  1.80000e+00
smpl_c1_p1          =  -1.28183e-05
busy_c1_p2          =  1.80000e+00
smpl_c1_p2          =  -1.27541e-05
busy_c1_p3          =  1.80000e+00
smpl_c1_p3          =  -1.28135e-05
busy_c1_p4          =  1.80000e+00
smpl_c1_p4          =  -1.28326e-05
busy_c1_p5          =  1.80000e+00
smpl_c1_p5          =  -1.28176e-05
busy_c1_p6          =  1.80000e+00
smpl_c1_p6          =  -1.28350e-05
busy_c1_p7          =  1.80000e+00
smpl_c1_p7          =  -1.28458e-05
busy_c1_p8          =  1.80000e+00
smpl_c1_p8          =  -1.28470e-05
busy_c1_p9          =  1.80000e+00
smpl_c1_p9          =  -1.28395e-05
busy_c1_p10         =  1.80000e+00
smpl_c1_p10         =  -1.28373e-05
busy_c1_p11         =  6.16387e-07
smpl_c1_p11         =  1.80010e+00
busy_c2_p0          =  1.80000e+00
smpl_c2_p0          =  -2.42605e-04
busy_c2_p1          =  1.80000e+00
smpl_c2_p1          =  -1.27888e-05
busy_c2_p2          =  1.80000e+00
smpl_c2_p2          =  -1.27231e-05
busy_c2_p3          =  1.80000e+00
smpl_c2_p3          =  -1.27774e-05
busy_c2_p4          =  1.80000e+00
smpl_c2_p4          =  -1.27553e-05
busy_c2_p5          =  1.80000e+00
smpl_c2_p5          =  -1.27209e-05
busy_c2_p6          =  1.80000e+00
smpl_c2_p6          =  -1.27041e-05
busy_c2_p7          =  1.80000e+00
smpl_c2_p7          =  -1.26893e-05
busy_c2_p8          =  1.80000e+00
smpl_c2_p8          =  -1.26799e-05
busy_c2_p9          =  1.80000e+00
smpl_c2_p9          =  -1.26763e-05
busy_c2_p10         =  1.80000e+00
smpl_c2_p10         =  -1.26697e-05
busy_c2_p11         =  4.18417e-07
smpl_c2_p11         =  1.80010e+00
busy_c3_p0          =  1.80000e+00
smpl_c3_p0          =  -2.42589e-04
busy_c3_p1          =  1.80000e+00
smpl_c3_p1          =  -1.28317e-05
busy_c3_p2          =  1.80000e+00
smpl_c3_p2          =  -1.25868e-05
busy_c3_p3          =  1.80000e+00
smpl_c3_p3          =  -1.25796e-05
busy_c3_p4          =  1.80000e+00
smpl_c3_p4          =  -1.25194e-05
busy_c3_p5          =  1.80000e+00
smpl_c3_p5          =  -1.25431e-05
busy_c3_p6          =  1.80000e+00
smpl_c3_p6          =  -1.25317e-05
busy_c3_p7          =  1.80000e+00
smpl_c3_p7          =  -1.25223e-05
busy_c3_p8          =  1.80000e+00
smpl_c3_p8          =  -1.25214e-05
busy_c3_p9          =  1.80000e+00
smpl_c3_p9          =  -1.25175e-05
busy_c3_p10         =  1.80000e+00
smpl_c3_p10         =  -1.25230e-05
busy_c3_p11         =  8.29107e-07
smpl_c3_p11         =  1.80010e+00
busy_c4_p0          =  1.80000e+00
smpl_c4_p0          =  -2.41793e-04
busy_c4_p1          =  1.80000e+00
smpl_c4_p1          =  -1.26378e-05
busy_c4_p2          =  1.80000e+00
smpl_c4_p2          =  -1.25542e-05
busy_c4_p3          =  1.80000e+00
smpl_c4_p3          =  -1.25963e-05
busy_c4_p4          =  1.80000e+00
smpl_c4_p4          =  -1.25064e-05
busy_c4_p5          =  1.80000e+00
smpl_c4_p5          =  -1.24836e-05
busy_c4_p6          =  1.80000e+00
smpl_c4_p6          =  -1.24820e-05
busy_c4_p7          =  1.80000e+00
smpl_c4_p7          =  -1.24900e-05
busy_c4_p8          =  1.80000e+00
smpl_c4_p8          =  -1.24968e-05
busy_c4_p9          =  1.80000e+00
smpl_c4_p9          =  -1.24883e-05
busy_c4_p10         =  1.80000e+00
smpl_c4_p10         =  -1.25009e-05
busy_c4_p11         =  1.79009e-06
smpl_c4_p11         =  1.80010e+00
busy_c5_p0          =  1.80000e+00
smpl_c5_p0          =  -2.36450e-04
busy_c5_p1          =  1.80000e+00
smpl_c5_p1          =  -1.25720e-05
busy_c5_p2          =  1.80000e+00
smpl_c5_p2          =  -1.25604e-05
busy_c5_p3          =  1.80000e+00
smpl_c5_p3          =  -1.24809e-05
busy_c5_p4          =  1.80000e+00
smpl_c5_p4          =  -1.25422e-05
busy_c5_p5          =  1.80000e+00
smpl_c5_p5          =  -1.24916e-05
busy_c5_p6          =  1.80000e+00
smpl_c5_p6          =  -1.24900e-05
busy_c5_p7          =  1.80000e+00
smpl_c5_p7          =  -1.24778e-05
busy_c5_p8          =  1.80000e+00
smpl_c5_p8          =  -1.24864e-05
busy_c5_p9          =  1.80000e+00
smpl_c5_p9          =  -1.24749e-05
busy_c5_p10         =  1.80000e+00
smpl_c5_p10         =  -1.24832e-05
busy_c5_p11         =  1.16491e-06
smpl_c5_p11         =  1.80010e+00
i_vdd               =  -2.13349e-06 from=  3.20000e-06 to=  4.20005e-06
i_vpwr              =  -7.56893e-06 from=  3.20000e-06 to=  4.20005e-06
i_vrefp             =  -4.75297e-06 from=  3.20000e-06 to=  4.20005e-06
i_vrefn             =  3.21475e-06 from=  3.20000e-06 to=  4.20005e-06
i_vcm               =  2.02636e-10 from=  3.20000e-06 to=  4.20005e-06


Total analysis time (seconds) = 356.76

Total elapsed time (seconds) = 396.685 

Total DRAM available = 98304.000 MB.
DRAM currently available = 32183.641 MB.
Maximum ngspice program size =  723.375 MB.
Current ngspice program size =  723.375 MB.

