
Note: Compatibility modes selected: hs a


Circuit: * sim/full-conversion-transient -- end-to-end full-conversion transient

option SCALE: Scale is set to 1e-06 for instance and model parameters
option SCALE: Scale is set to 1e-06 for instance and model parameters
option SCALE: Scale is set to 1e-06 for instance and model parameters
option SCALE: Scale is set to 1e-06 for instance and model parameters
Doing analysis at TEMP = 27.000000 and TNOM = 27.000000

Using KLU as Direct Linear Solver
 Reference value :  0.00000e+00
 Reference value :  1.01400e-08
 Reference value :  2.06750e-08
 Reference value :  2.87500e-08
 Reference value :  3.82500e-08
 Reference value :  4.77500e-08
 Reference value :  5.82500e-08
 Reference value :  7.17500e-08
 Reference value :  8.52500e-08
 Reference value :  9.57500e-08
 Reference value :  1.04750e-07
 Reference value :  1.15250e-07
 Reference value :  1.27250e-07
 Reference value :  1.37750e-07
 Reference value :  1.47250e-07
 Reference value :  1.56750e-07
 Reference value :  1.66250e-07
 Reference value :  1.76250e-07
 Reference value :  1.85250e-07
 Reference value :  1.94250e-07
 Reference value :  2.00090e-07
 Reference value :  2.00959e-07
 Reference value :  2.04712e-07
 Reference value :  2.14212e-07
 Reference value :  2.23712e-07
 Reference value :  2.33212e-07
 Reference value :  2.41842e-07
 Reference value :  2.43980e-07
 Reference value :  2.51812e-07
 Reference value :  2.62312e-07
 Reference value :  2.72312e-07
 Reference value :  2.82312e-07
 Reference value :  2.83833e-07
 Reference value :  2.84811e-07
 Reference value :  2.92506e-07
 Reference value :  3.02006e-07
 Reference value :  3.12006e-07
 Reference value :  3.21506e-07
 Reference value :  3.26211e-07
 Reference value :  3.34054e-07
 Reference value :  3.44054e-07
 Reference value :  3.54054e-07
 Reference value :  3.64554e-07
 Reference value :  3.66967e-07
 Reference value :  3.72827e-07
 Reference value :  3.82827e-07
 Reference value :  3.92327e-07
 Reference value :  4.02327e-07
 Reference value :  4.08833e-07
 Reference value :  4.12065e-07
 Reference value :  4.19065e-07
 Reference value :  4.28565e-07
 Reference value :  4.38065e-07
 Reference value :  4.47565e-07
 Reference value :  4.50295e-07
 Reference value :  4.51360e-07
 Reference value :  4.56575e-07
 Reference value :  4.67075e-07
 Reference value :  4.76575e-07
 Reference value :  4.86575e-07
 Reference value :  4.92217e-07
 Reference value :  4.98196e-07
 Reference value :  5.06696e-07
 Reference value :  5.12196e-07
 Reference value :  5.21196e-07
 Reference value :  5.30696e-07
 Reference value :  5.33833e-07
 Reference value :  5.34782e-07
 Reference value :  5.41273e-07
 Reference value :  5.51273e-07
 Reference value :  5.61773e-07
 Reference value :  5.72273e-07
 Reference value :  5.76631e-07
 Reference value :  5.85567e-07
 Reference value :  5.95567e-07
 Reference value :  6.05567e-07
 Reference value :  6.15567e-07
 Reference value :  6.16965e-07
 Reference value :  6.21593e-07
 Reference value :  6.32093e-07
 Reference value :  6.42093e-07
 Reference value :  6.52593e-07
 Reference value :  6.58883e-07
 Reference value :  6.65376e-07
 Reference value :  6.74876e-07
 Reference value :  6.84876e-07
 Reference value :  6.94876e-07
 Reference value :  7.00085e-07
 Reference value :  7.01092e-07
 Reference value :  7.10178e-07
 Reference value :  7.19678e-07
 Reference value :  7.29678e-07
 Reference value :  7.39178e-07
 Reference value :  7.43298e-07
 Reference value :  7.51701e-07
 Reference value :  7.61201e-07
 Reference value :  7.69201e-07
 Reference value :  7.76701e-07
 Reference value :  7.83418e-07
 Reference value :  7.84398e-07
 Reference value :  7.87846e-07
 Reference value :  7.97346e-07
 Reference value :  8.07346e-07
 Reference value :  8.17346e-07
 Reference value :  8.25175e-07
 Reference value :  8.29539e-07
 Reference value :  8.39039e-07
 Reference value :  8.49039e-07
 Reference value :  8.59039e-07
 Reference value :  8.64539e-07
 Reference value :  8.67167e-07
 Reference value :  8.68405e-07
 Reference value :  8.75828e-07
 Reference value :  8.85828e-07
 Reference value :  8.95828e-07
 Reference value :  9.05828e-07
 Reference value :  9.09965e-07
 Reference value :  9.18874e-07
 Reference value :  9.28874e-07
 Reference value :  9.39874e-07
 Reference value :  9.48374e-07
 Reference value :  9.50085e-07
 Reference value :  9.51169e-07
 Reference value :  9.56885e-07
 Reference value :  9.67385e-07
 Reference value :  9.77385e-07
 Reference value :  9.87885e-07
 Reference value :  9.92878e-07
 Reference value :  1.00071e-06
 Reference value :  1.01071e-06
 Reference value :  1.02071e-06
 Reference value :  1.03071e-06
 Reference value :  1.03381e-06
 Reference value :  1.03660e-06
 Reference value :  1.04660e-06
 Reference value :  1.05660e-06
 Reference value :  1.06660e-06
 Reference value :  1.07517e-06
 Reference value :  1.08013e-06
 Reference value :  1.09013e-06
 Reference value :  1.10013e-06
 Reference value :  1.11013e-06
 Reference value :  1.11676e-06
 Reference value :  1.11780e-06
 Reference value :  1.12185e-06
 Reference value :  1.13185e-06
 Reference value :  1.14135e-06
 Reference value :  1.15135e-06
 Reference value :  1.15883e-06
 Reference value :  1.16120e-06
 Reference value :  1.17045e-06
 Reference value :  1.18095e-06
 Reference value :  1.19095e-06
 Reference value :  1.19965e-06
 Reference value :  1.20065e-06
 Reference value :  1.20483e-06
 Reference value :  1.21783e-06
 Reference value :  1.23133e-06
 Reference value :  1.24217e-06
 Reference value :  1.24458e-06
 Reference value :  1.25836e-06
 Reference value :  1.27336e-06
 Reference value :  1.28342e-06
 Reference value :  1.28500e-06
 Reference value :  1.29531e-06
 Reference value :  1.30831e-06
 Reference value :  1.32131e-06
 Reference value :  1.32703e-06
 Reference value :  1.33112e-06
 Reference value :  1.34312e-06
 Reference value :  1.35512e-06
 Reference value :  1.36622e-06
 Reference value :  1.36737e-06
 Reference value :  1.36836e-06
 Reference value :  1.37573e-06
 Reference value :  1.38523e-06
 Reference value :  1.39473e-06
 Reference value :  1.40473e-06
 Reference value :  1.40996e-06
 Reference value :  1.41188e-06
 Reference value :  1.41932e-06
 Reference value :  1.42882e-06
 Reference value :  1.43882e-06
 Reference value :  1.44832e-06
 Reference value :  1.45050e-06
 Reference value :  1.45149e-06
 Reference value :  1.45706e-06
 Reference value :  1.46656e-06
 Reference value :  1.47656e-06
 Reference value :  1.48606e-06
 Reference value :  1.49222e-06
 Reference value :  1.49769e-06
 Reference value :  1.50219e-06
 Reference value :  1.51119e-06
 Reference value :  1.52069e-06
 Reference value :  1.53119e-06
 Reference value :  1.53383e-06
 Reference value :  1.53519e-06
 Reference value :  1.54227e-06
 Reference value :  1.55227e-06
 Reference value :  1.56177e-06
 Reference value :  1.57177e-06
 Reference value :  1.57621e-06
 Reference value :  1.58304e-06
 Reference value :  1.59304e-06
 Reference value :  1.60254e-06
 Reference value :  1.61204e-06
 Reference value :  1.61632e-06
 Reference value :  1.61737e-06
 Reference value :  1.61852e-06
 Reference value :  1.62721e-06
 Reference value :  1.63721e-06
 Reference value :  1.64721e-06
 Reference value :  1.65721e-06
 Reference value :  1.66040e-06
 Reference value :  1.66940e-06
 Reference value :  1.67890e-06
 Reference value :  1.68840e-06
 Reference value :  1.69840e-06
 Reference value :  1.70029e-06
 Reference value :  1.70425e-06
 Reference value :  1.71425e-06
 Reference value :  1.72375e-06
 Reference value :  1.73375e-06
 Reference value :  1.74217e-06
 Reference value :  1.74722e-06
 Reference value :  1.75622e-06
 Reference value :  1.76522e-06
 Reference value :  1.77422e-06
 Reference value :  1.78283e-06
 Reference value :  1.78383e-06
 Reference value :  1.78874e-06
 Reference value :  1.79824e-06
 Reference value :  1.80774e-06
 Reference value :  1.81674e-06
 Reference value :  1.82485e-06
 Reference value :  1.82805e-06
 Reference value :  1.83755e-06
 Reference value :  1.84705e-06
 Reference value :  1.85655e-06
 Reference value :  1.86555e-06
 Reference value :  1.86696e-06
 Reference value :  1.86964e-06
 Reference value :  1.87864e-06
 Reference value :  1.88814e-06
 Reference value :  1.89714e-06
 Reference value :  1.90664e-06
 Reference value :  1.90996e-06
 Reference value :  1.91788e-06
 Reference value :  1.92738e-06
 Reference value :  1.93638e-06
 Reference value :  1.94538e-06
 Reference value :  1.95011e-06
 Reference value :  1.95064e-06
 Reference value :  1.95521e-06
 Reference value :  1.96471e-06
 Reference value :  1.97421e-06
 Reference value :  1.98321e-06
 Reference value :  1.99132e-06
 Reference value :  1.99471e-06
 Reference value :  2.00371e-06
 Reference value :  2.01321e-06
 Reference value :  2.02221e-06
 Reference value :  2.03121e-06
 Reference value :  2.03363e-06
 Reference value :  2.03433e-06
 Reference value :  2.04209e-06
 Reference value :  2.05159e-06
 Reference value :  2.06059e-06
 Reference value :  2.07009e-06
 Reference value :  2.07555e-06
 Reference value :  2.08163e-06
 Reference value :  2.09013e-06
 Reference value :  2.09913e-06
 Reference value :  2.10813e-06
 Reference value :  2.11590e-06
 Reference value :  2.11728e-06
 Reference value :  2.11808e-06
 Reference value :  2.12428e-06
 Reference value :  2.13378e-06
 Reference value :  2.14278e-06
 Reference value :  2.15178e-06
 Reference value :  2.15883e-06
 Reference value :  2.16126e-06
 Reference value :  2.16854e-06
 Reference value :  2.17754e-06
 Reference value :  2.18704e-06
 Reference value :  2.19604e-06
 Reference value :  2.20009e-06
 Reference value :  2.20095e-06
 Reference value :  2.20605e-06
 Reference value :  2.21505e-06
 Reference value :  2.22455e-06
 Reference value :  2.23405e-06
 Reference value :  2.24152e-06
 Reference value :  2.24383e-06
 Reference value :  2.24788e-06
 Reference value :  2.25688e-06
 Reference value :  2.26588e-06
 Reference value :  2.27538e-06
 Reference value :  2.28342e-06
 Reference value :  2.28448e-06
 Reference value :  2.28788e-06
 Reference value :  2.29688e-06
 Reference value :  2.30638e-06
 Reference value :  2.31588e-06
 Reference value :  2.32455e-06
 Reference value :  2.32702e-06
 Reference value :  2.32820e-06
 Reference value :  2.33555e-06
 Reference value :  2.34505e-06
 Reference value :  2.35505e-06
 Reference value :  2.36455e-06
 Reference value :  2.36696e-06
 Reference value :  2.36791e-06
 Reference value :  2.37122e-06
 Reference value :  2.37972e-06
 Reference value :  2.38872e-06
 Reference value :  2.39822e-06
 Reference value :  2.40753e-06
 Reference value :  2.41037e-06
 Reference value :  2.41197e-06
 Reference value :  2.41947e-06
 Reference value :  2.42947e-06
 Reference value :  2.43897e-06
 Reference value :  2.44847e-06
 Reference value :  2.45029e-06
 Reference value :  2.45123e-06
 Reference value :  2.45566e-06
 Reference value :  2.46516e-06
 Reference value :  2.47566e-06
 Reference value :  2.48466e-06
 Reference value :  2.49217e-06
 Reference value :  2.49432e-06
 Reference value :  2.49908e-06
 Reference value :  2.50808e-06
 Reference value :  2.51758e-06
 Reference value :  2.52658e-06
 Reference value :  2.53342e-06
 Reference value :  2.53444e-06
 Reference value :  2.53659e-06
 Reference value :  2.54509e-06
 Reference value :  2.55459e-06
 Reference value :  2.56359e-06
 Reference value :  2.57259e-06
 Reference value :  2.57663e-06
 Reference value :  2.57813e-06
 Reference value :  2.58552e-06
 Reference value :  2.59902e-06
 Reference value :  2.61002e-06
 Reference value :  2.61676e-06
 Reference value :  2.61818e-06
 Reference value :  2.62726e-06
 Reference value :  2.64076e-06
 Reference value :  2.65326e-06
 Reference value :  2.65996e-06
 Reference value :  2.66287e-06
 Reference value :  2.67337e-06
 Reference value :  2.68237e-06
 Reference value :  2.69137e-06
 Reference value :  2.69955e-06
 Reference value :  2.70059e-06
 Reference value :  2.70145e-06
 Reference value :  2.70624e-06
 Reference value :  2.71574e-06
 Reference value :  2.72524e-06
 Reference value :  2.73474e-06
 Reference value :  2.74217e-06
 Reference value :  2.74546e-06
 Reference value :  2.75196e-06
 Reference value :  2.76096e-06
 Reference value :  2.77046e-06
 Reference value :  2.77946e-06
 Reference value :  2.78363e-06
 Reference value :  2.78449e-06
 Reference value :  2.78857e-06
 Reference value :  2.79757e-06
 Reference value :  2.80657e-06
 Reference value :  2.81557e-06
 Reference value :  2.82485e-06
 Reference value :  2.82833e-06
 Reference value :  2.83483e-06
 Reference value :  2.84633e-06
 Reference value :  2.85883e-06
 Reference value :  2.86675e-06
 Reference value :  2.86800e-06
 Reference value :  2.87317e-06
 Reference value :  2.88217e-06
 Reference value :  2.89117e-06
 Reference value :  2.90067e-06
 Reference value :  2.90818e-06
 Reference value :  2.91124e-06
 Reference value :  2.91519e-06
 Reference value :  2.92419e-06
 Reference value :  2.93369e-06
 Reference value :  2.94269e-06
 Reference value :  2.95000e-06
 Reference value :  2.95053e-06
 Reference value :  2.95171e-06
 Reference value :  2.95908e-06
 Reference value :  2.96808e-06
 Reference value :  2.97708e-06
 Reference value :  2.98708e-06
 Reference value :  2.99252e-06
 Reference value :  2.99557e-06
 Reference value :  3.00257e-06
 Reference value :  3.01157e-06
 Reference value :  3.02107e-06
 Reference value :  3.03057e-06
 Reference value :  3.03363e-06
 Reference value :  3.03554e-06
 Reference value :  3.04504e-06
 Reference value :  3.05404e-06
 Reference value :  3.06354e-06
 Reference value :  3.07304e-06
 Reference value :  3.07706e-06
 Reference value :  3.08389e-06
 Reference value :  3.09289e-06
 Reference value :  3.10189e-06
 Reference value :  3.11139e-06
 Reference value :  3.11676e-06
 Reference value :  3.11773e-06
 Reference value :  3.12134e-06
 Reference value :  3.13034e-06
 Reference value :  3.13984e-06
 Reference value :  3.14884e-06
 Reference value :  3.15788e-06
 Reference value :  3.16116e-06
 Reference value :  3.16757e-06
 Reference value :  3.17657e-06
 Reference value :  3.18557e-06
 Reference value :  3.19457e-06
 Reference value :  3.20008e-06
 Reference value :  3.20081e-06
 Reference value :  3.20457e-06
 Reference value :  3.21357e-06
 Reference value :  3.22257e-06
 Reference value :  3.23157e-06
 Reference value :  3.24087e-06
 Reference value :  3.24324e-06
 Reference value :  3.24588e-06
 Reference value :  3.25488e-06
 Reference value :  3.26388e-06
 Reference value :  3.27288e-06
 Reference value :  3.28188e-06
 Reference value :  3.28383e-06
 Reference value :  3.28479e-06
 Reference value :  3.28907e-06
 Reference value :  3.29807e-06
 Reference value :  3.30707e-06
 Reference value :  3.31757e-06
 Reference value :  3.32517e-06
 Reference value :  3.32732e-06
 Reference value :  3.33209e-06
 Reference value :  3.34109e-06
 Reference value :  3.35009e-06
 Reference value :  3.35909e-06
 Reference value :  3.36652e-06
 Reference value :  3.36725e-06
 Reference value :  3.36830e-06
 Reference value :  3.37338e-06
 Reference value :  3.38388e-06
 Reference value :  3.39338e-06
 Reference value :  3.40288e-06
 Reference value :  3.40883e-06
 Reference value :  3.41097e-06
 Reference value :  3.41570e-06
 Reference value :  3.42470e-06
 Reference value :  3.43370e-06
 Reference value :  3.44320e-06
 Reference value :  3.45009e-06
 Reference value :  3.45112e-06
 Reference value :  3.45465e-06
 Reference value :  3.46365e-06
 Reference value :  3.47265e-06
 Reference value :  3.48215e-06
 Reference value :  3.49091e-06
 Reference value :  3.49369e-06
 Reference value :  3.49858e-06
 Reference value :  3.50808e-06
 Reference value :  3.51708e-06
 Reference value :  3.52658e-06
 Reference value :  3.53342e-06
 Reference value :  3.53434e-06
 Reference value :  3.54052e-06
 Reference value :  3.55002e-06
 Reference value :  3.56052e-06
 Reference value :  3.56952e-06
 Reference value :  3.57555e-06
 Reference value :  3.57777e-06
 Reference value :  3.58285e-06
 Reference value :  3.59185e-06
 Reference value :  3.60135e-06
 Reference value :  3.61085e-06
 Reference value :  3.61676e-06
 Reference value :  3.61780e-06
 Reference value :  3.62022e-06
 Reference value :  3.62872e-06
 Reference value :  3.63772e-06
 Reference value :  3.64672e-06
 Reference value :  3.65572e-06
 Reference value :  3.65954e-06
 Reference value :  3.66186e-06
 Reference value :  3.67049e-06
 Reference value :  3.67999e-06
 Reference value :  3.68899e-06
 Reference value :  3.69849e-06
 Reference value :  3.70029e-06
 Reference value :  3.70167e-06
 Reference value :  3.71066e-06
 Reference value :  3.72016e-06
 Reference value :  3.72916e-06
 Reference value :  3.73816e-06
 Reference value :  3.74252e-06
 Reference value :  3.74519e-06
 Reference value :  3.75200e-06
 Reference value :  3.76100e-06
 Reference value :  3.77000e-06
 Reference value :  3.77900e-06
 Reference value :  3.78342e-06
 Reference value :  3.78440e-06
 Reference value :  3.78805e-06
 Reference value :  3.79705e-06
 Reference value :  3.80605e-06
 Reference value :  3.81505e-06
 Reference value :  3.82403e-06
 Reference value :  3.82707e-06
 Reference value :  3.82815e-06
 Reference value :  3.83113e-06
 Reference value :  3.83963e-06
 Reference value :  3.84913e-06
 Reference value :  3.85913e-06
 Reference value :  3.86652e-06
 Reference value :  3.86732e-06
 Reference value :  3.86832e-06
 Reference value :  3.87466e-06
 Reference value :  3.88366e-06
 Reference value :  3.89316e-06
 Reference value :  3.90266e-06
 Reference value :  3.90883e-06
 Reference value :  3.91118e-06
 Reference value :  3.91355e-06
 Reference value :  3.92205e-06
 Reference value :  3.93205e-06
 Reference value :  3.94155e-06
 Reference value :  3.94982e-06
 Reference value :  3.95051e-06
 Reference value :  3.95151e-06
 Reference value :  3.95659e-06
 Reference value :  3.96609e-06
 Reference value :  3.97509e-06
 Reference value :  3.98409e-06
 Reference value :  3.99217e-06
 Reference value :  3.99452e-06
 Reference value :  4.00044e-06
 Reference value :  4.00944e-06
 Reference value :  4.01894e-06
 Reference value :  4.02844e-06
 Reference value :  4.03342e-06
 Reference value :  4.03453e-06
 Reference value :  4.04251e-06
 Reference value :  4.05151e-06
 Reference value :  4.06101e-06
 Reference value :  4.07051e-06
 Reference value :  4.07565e-06
 Reference value :  4.07819e-06
 Reference value :  4.08406e-06
 Reference value :  4.09356e-06
 Reference value :  4.10256e-06
 Reference value :  4.11156e-06
 Reference value :  4.11676e-06
 Reference value :  4.11773e-06
 Reference value :  4.12071e-06
 Reference value :  4.12971e-06
 Reference value :  4.13871e-06
 Reference value :  4.14771e-06
 Reference value :  4.15721e-06
 Reference value :  4.16037e-06
 Reference value :  4.16602e-06
 Reference value :  4.17502e-06
 Reference value :  4.18452e-06
 Reference value :  4.19402e-06
 Reference value :  4.20008e-06
 Reference value :  4.20092e-06
 Reference value :  4.20611e-06
 Reference value :  4.21511e-06
 Reference value :  4.22461e-06
 Reference value :  4.23361e-06
 Reference value :  4.24132e-06
 Reference value :  4.24324e-06
 Reference value :  4.24593e-06
 Reference value :  4.25543e-06
 Reference value :  4.26493e-06
 Reference value :  4.27443e-06
 Reference value :  4.28342e-06
 Reference value :  4.28480e-06
 Reference value :  4.29304e-06
 Reference value :  4.30254e-06
 Reference value :  4.31154e-06
 Reference value :  4.32054e-06
 Reference value :  4.32565e-06
 Reference value :  4.32757e-06
 Reference value :  4.33452e-06
 Reference value :  4.34402e-06
 Reference value :  4.35302e-06
 Reference value :  4.36202e-06
 Reference value :  4.36676e-06
 Reference value :  4.36790e-06
 Reference value :  4.37641e-06
 Reference value :  4.38591e-06
 Reference value :  4.39641e-06
 Reference value :  4.40783e-06
 Reference value :  4.41037e-06
 Reference value :  4.41152e-06
 Reference value :  4.41943e-06
 Reference value :  4.42843e-06
 Reference value :  4.43743e-06
 Reference value :  4.44643e-06
 Reference value :  4.45009e-06
 Reference value :  4.45112e-06
 Reference value :  4.45324e-06
 Reference value :  4.46174e-06
 Reference value :  4.47074e-06
 Reference value :  4.47974e-06
 Reference value :  4.48874e-06
 Reference value :  4.49288e-06
 Reference value :  4.49399e-06
 Reference value :  4.49881e-06
 Reference value :  4.50781e-06
 Reference value :  4.51681e-06
 Reference value :  4.52581e-06
 Reference value :  4.53342e-06
 Reference value :  4.53445e-06
 Reference value :  4.53759e-06
 Reference value :  4.54659e-06
 Reference value :  4.55609e-06
 Reference value :  4.56609e-06
 Reference value :  4.57550e-06
 Reference value :  4.57734e-06
 Reference value :  4.58065e-06
 Reference value :  4.58865e-06
 Reference value :  4.59765e-06
 Reference value :  4.60665e-06
 Reference value :  4.61565e-06
 Reference value :  4.61717e-06
 Reference value :  4.61801e-06
 Reference value :  4.62219e-06
 Reference value :  4.63119e-06
 Reference value :  4.64069e-06
 Reference value :  4.65019e-06
 Reference value :  4.65818e-06
 Reference value :  4.66038e-06
 Reference value :  4.66201e-06
 Reference value :  4.66951e-06
 Reference value :  4.67901e-06
 Reference value :  4.68801e-06
 Reference value :  4.69701e-06
 Reference value :  4.70029e-06
 Reference value :  4.70148e-06
 Reference value :  4.70655e-06
 Reference value :  4.71555e-06
 Reference value :  4.72505e-06
 Reference value :  4.73455e-06
 Reference value :  4.74184e-06
 Reference value :  4.74401e-06
 Reference value :  4.74838e-06
 Reference value :  4.75788e-06
 Reference value :  4.76738e-06
 Reference value :  4.77688e-06
 Reference value :  4.78342e-06
 Reference value :  4.78440e-06
 Reference value :  4.78702e-06
 Reference value :  4.79652e-06
 Reference value :  4.80552e-06
 Reference value :  4.81502e-06
 Reference value :  4.82402e-06
 Reference value :  4.82663e-06
 Reference value :  4.82870e-06
 Reference value :  4.83670e-06
 Reference value :  4.84570e-06
 Reference value :  4.85520e-06
 Reference value :  4.86570e-06
 Reference value :  4.86717e-06
 Reference value :  4.86817e-06
 Reference value :  4.87265e-06
 Reference value :  4.88115e-06
 Reference value :  4.89065e-06
 Reference value :  4.90015e-06
 Reference value :  4.90798e-06
 Reference value :  4.91032e-06
 Reference value :  4.91138e-06
 Reference value :  4.91875e-06
 Reference value :  4.92975e-06
 Reference value :  4.93875e-06
 Reference value :  4.94775e-06
 Reference value :  4.95031e-06
 Reference value :  4.95112e-06
 Reference value :  4.95418e-06
 Reference value :  4.96318e-06
 Reference value :  4.97268e-06
 Reference value :  4.98268e-06
 Reference value :  4.99217e-06
 Reference value :  4.99365e-06
 Reference value :  4.99443e-06
 Reference value :  4.99749e-06
 Reference value :  5.00599e-06
 Reference value :  5.01549e-06
 Reference value :  5.02449e-06
 Reference value :  5.03298e-06
 Reference value :  5.03410e-06
 Reference value :  5.03601e-06
 Reference value :  5.04551e-06
 Reference value :  5.05501e-06
 Reference value :  5.06401e-06
 Reference value :  5.07351e-06
 Reference value :  5.07666e-06
 Reference value :  5.07671e-06
 Reference value :  5.07921e-06
 Reference value :  5.08921e-06
 Reference value :  5.09871e-06
 Reference value :  5.10771e-06
 Reference value :  5.11622e-06
 Reference value :  5.11744e-06
 Reference value :  5.11819e-06
 Reference value :  5.12502e-06
 Reference value :  5.13452e-06
 Reference value :  5.14402e-06
 Reference value :  5.15352e-06
 Reference value :  5.15898e-06
 Reference value :  5.16348e-06
 Reference value :  5.17248e-06
 Reference value :  5.18198e-06
 Reference value :  5.19098e-06
 Reference value :  5.19950e-06
 Reference value :  5.20046e-06
 Reference value :  5.20117e-06
 Reference value :  5.20837e-06
 Reference value :  5.21787e-06
 Reference value :  5.22687e-06
 Reference value :  5.23637e-06
 Reference value :  5.24217e-06
 Reference value :  5.24454e-06
 Reference value :  5.25333e-06
 Reference value :  5.26233e-06
 Reference value :  5.27133e-06
 Reference value :  5.28083e-06
 Reference value :  5.28363e-06
 Reference value :  5.28437e-06
 Reference value :  5.29088e-06
 Reference value :  5.29988e-06
 Reference value :  5.30888e-06
 Reference value :  5.31788e-06
 Reference value :  5.32517e-06
 Reference value :  5.32776e-06
 Reference value :  5.33059e-06
 Reference value :  5.33909e-06
 Reference value :  5.34859e-06
 Reference value :  5.35759e-06
 Reference value :  5.36617e-06
 Reference value :  5.36717e-06
 Reference value :  5.36815e-06
 Reference value :  5.37429e-06
 Reference value :  5.38329e-06
 Reference value :  5.39279e-06
 Reference value :  5.40179e-06
 Reference value :  5.40883e-06
 Reference value :  5.41160e-06
 Reference value :  5.42053e-06
 Reference value :  5.42953e-06
 Reference value :  5.43903e-06
 Reference value :  5.44853e-06
 Reference value :  5.45029e-06
 Reference value :  5.45172e-06
 Reference value :  5.46122e-06
 Reference value :  5.47022e-06
 Reference value :  5.47922e-06
 Reference value :  5.48822e-06
 Reference value :  5.49252e-06
 Reference value :  5.49445e-06
 Reference value :  5.49879e-06
 Reference value :  5.50779e-06
 Reference value :  5.51679e-06
 Reference value :  5.52629e-06
 Reference value :  5.53322e-06
 Reference value :  5.53409e-06
 Reference value :  5.53537e-06
 Reference value :  5.54279e-06
 Reference value :  5.55229e-06
 Reference value :  5.56129e-06
 Reference value :  5.57079e-06
 Reference value :  5.57565e-06
 Reference value :  5.57980e-06
 Reference value :  5.58880e-06
 Reference value :  5.59780e-06
 Reference value :  5.60680e-06
 Reference value :  5.61573e-06
 Reference value :  5.61717e-06
 Reference value :  5.61994e-06
 Reference value :  5.62894e-06
 Reference value :  5.63794e-06
 Reference value :  5.64694e-06
 Reference value :  5.65544e-06
 Reference value :  5.65918e-06
 Reference value :  5.66159e-06
 Reference value :  5.66936e-06
 Reference value :  5.67836e-06
 Reference value :  5.68786e-06
 Reference value :  5.69686e-06
 Reference value :  5.70029e-06
 Reference value :  5.70167e-06
 Reference value :  5.71117e-06
 Reference value :  5.72117e-06
 Reference value :  5.73067e-06
 Reference value :  5.74092e-06
 Reference value :  5.74445e-06
 Reference value :  5.75180e-06
 Reference value :  5.76130e-06
 Reference value :  5.77080e-06
 Reference value :  5.77980e-06
 Reference value :  5.78342e-06
 Reference value :  5.78450e-06
 Reference value :  5.79289e-06
 Reference value :  5.80239e-06
 Reference value :  5.81189e-06
 Reference value :  5.82139e-06
 Reference value :  5.82585e-06
 Reference value :  5.82843e-06
 Reference value :  5.83179e-06
 Reference value :  5.84029e-06
 Reference value :  5.84929e-06
 Reference value :  5.85829e-06
 Reference value :  5.86652e-06
 Reference value :  5.86656e-06
 Reference value :  5.86753e-06
 Reference value :  5.86817e-06
 Reference value :  5.87498e-06
 Reference value :  5.88448e-06
 Reference value :  5.89398e-06
 Reference value :  5.90348e-06
 Reference value :  5.90898e-06
 Reference value :  5.91111e-06
 Reference value :  5.91829e-06
 Reference value :  5.92879e-06
 Reference value :  5.93829e-06
 Reference value :  5.94779e-06
 Reference value :  5.95057e-06
 Reference value :  5.95568e-06
 Reference value :  5.96568e-06
 Reference value :  5.97468e-06
 Reference value :  5.98418e-06
 Reference value :  5.99184e-06
 Reference value :  5.99445e-06
 Reference value :  6.00000e-06
 Reference value :  6.00950e-06
 Reference value :  6.01900e-06
 Reference value :  6.02850e-06
 Reference value :  6.03342e-06
 Reference value :  6.03480e-06
 Reference value :  6.04406e-06
 Reference value :  6.05356e-06
 Reference value :  6.06256e-06
 Reference value :  6.07206e-06
 Reference value :  6.07666e-06
 Reference value :  6.07938e-06
 Reference value :  6.08828e-06
 Reference value :  6.09778e-06
 Reference value :  6.10728e-06
 Reference value :  6.11622e-06
 Reference value :  6.11744e-06
 Reference value :  6.11845e-06
 Reference value :  6.12647e-06
 Reference value :  6.13647e-06
 Reference value :  6.14597e-06
 Reference value :  6.15597e-06
 Reference value :  6.15996e-06
 Reference value :  6.16698e-06
 Reference value :  6.17648e-06
 Reference value :  6.18598e-06
 Reference value :  6.19498e-06
 Reference value :  6.20008e-06
 Reference value :  6.20094e-06
 Reference value :  6.20574e-06
 Reference value :  6.21474e-06
 Reference value :  6.22374e-06
 Reference value :  6.23324e-06
 Reference value :  6.24152e-06
 Reference value :  6.24357e-06
 Reference value :  6.25040e-06
 Reference value :  6.25940e-06
 Reference value :  6.26890e-06
 Reference value :  6.27840e-06
No. of Data Rows : 14154

  Measurements for Transient Analysis

d9_c1               =  2.75306e-07
d8_c1               =  1.80001e+00
d7_c1               =  1.80001e+00
d6_c1               =  1.80001e+00
d5_c1               =  1.80001e+00
d4_c1               =  4.74158e-08
d3_c1               =  4.62708e-08
d2_c1               =  4.73448e-08
d1_c1               =  6.25623e-08
d0_c1               =  4.78704e-08
d9_c2               =  9.88280e-08
d8_c2               =  1.80001e+00
d7_c2               =  1.80001e+00
d6_c2               =  1.80001e+00
d5_c2               =  1.80001e+00
d4_c2               =  1.80001e+00
d3_c2               =  1.80001e+00
d2_c2               =  1.80001e+00
d1_c2               =  1.80001e+00
d0_c2               =  1.80001e+00
d9_c3               =  1.96693e-07
d8_c3               =  1.80001e+00
d7_c3               =  1.80001e+00
d6_c3               =  1.93023e-07
d5_c3               =  1.80001e+00
d4_c3               =  1.99739e-07
d3_c3               =  1.80001e+00
d2_c3               =  1.80001e+00
d1_c3               =  1.80001e+00
d0_c3               =  2.00773e-07
d9_c4               =  2.86102e-07
d8_c4               =  2.75157e-07
d7_c4               =  1.80001e+00
d6_c4               =  1.80001e+00
d5_c4               =  1.80001e+00
d4_c4               =  1.80001e+00
d3_c4               =  1.80001e+00
d2_c4               =  1.80001e+00
d1_c4               =  1.80001e+00
d0_c4               =  1.80001e+00
d9_c5               =  1.80001e+00
d8_c5               =  1.56925e-07
d7_c5               =  1.80001e+00
d6_c5               =  1.49212e-07
d5_c5               =  1.80001e+00
d4_c5               =  1.80001e+00
d3_c5               =  1.80001e+00
d2_c5               =  1.38518e-07
d1_c5               =  1.80001e+00
d0_c5               =  1.80001e+00
busy_c1_p0          =  1.80000e+00
smpl_c1_p0          =  -3.10162e-05
busy_c1_p1          =  1.80000e+00
smpl_c1_p1          =  4.34298e-06
busy_c1_p2          =  1.80000e+00
smpl_c1_p2          =  4.35446e-06
busy_c1_p3          =  1.80000e+00
smpl_c1_p3          =  4.32820e-06
busy_c1_p4          =  1.80000e+00
smpl_c1_p4          =  4.31788e-06
busy_c1_p5          =  1.80000e+00
smpl_c1_p5          =  4.31806e-06
busy_c1_p6          =  1.80000e+00
smpl_c1_p6          =  4.32253e-06
busy_c1_p7          =  1.80000e+00
smpl_c1_p7          =  4.32576e-06
busy_c1_p8          =  1.80000e+00
smpl_c1_p8          =  4.32246e-06
busy_c1_p9          =  1.80000e+00
smpl_c1_p9          =  4.32766e-06
busy_c1_p10         =  1.80000e+00
smpl_c1_p10         =  4.32588e-06
busy_c1_p11         =  -3.22959e-07
smpl_c1_p11         =  1.80001e+00
busy_c2_p0          =  1.80000e+00
smpl_c2_p0          =  -3.71976e-05
busy_c2_p1          =  1.80000e+00
smpl_c2_p1          =  4.35437e-06
busy_c2_p2          =  1.80000e+00
smpl_c2_p2          =  4.37075e-06
busy_c2_p3          =  1.80000e+00
smpl_c2_p3          =  4.34432e-06
busy_c2_p4          =  1.80000e+00
smpl_c2_p4          =  4.34109e-06
busy_c2_p5          =  1.80000e+00
smpl_c2_p5          =  4.34438e-06
busy_c2_p6          =  1.80000e+00
smpl_c2_p6          =  4.35324e-06
busy_c2_p7          =  1.80000e+00
smpl_c2_p7          =  4.36299e-06
busy_c2_p8          =  1.80000e+00
smpl_c2_p8          =  4.35615e-06
busy_c2_p9          =  1.80000e+00
smpl_c2_p9          =  4.36811e-06
busy_c2_p10         =  1.80000e+00
smpl_c2_p10         =  4.36955e-06
busy_c2_p11         =  -8.32232e-07
smpl_c2_p11         =  1.80001e+00
busy_c3_p0          =  1.80000e+00
smpl_c3_p0          =  -3.72456e-05
busy_c3_p1          =  1.80000e+00
smpl_c3_p1          =  4.34887e-06
busy_c3_p2          =  1.80000e+00
smpl_c3_p2          =  4.41112e-06
busy_c3_p3          =  1.80000e+00
smpl_c3_p3          =  4.47264e-06
busy_c3_p4          =  1.80000e+00
smpl_c3_p4          =  4.45564e-06
busy_c3_p5          =  1.80000e+00
smpl_c3_p5          =  4.46982e-06
busy_c3_p6          =  1.80000e+00
smpl_c3_p6          =  4.48584e-06
busy_c3_p7          =  1.80000e+00
smpl_c3_p7          =  4.47691e-06
busy_c3_p8          =  1.80000e+00
smpl_c3_p8          =  4.46898e-06
busy_c3_p9          =  1.80000e+00
smpl_c3_p9          =  4.48121e-06
busy_c3_p10         =  1.80000e+00
smpl_c3_p10         =  4.49519e-06
busy_c3_p11         =  3.09960e-07
smpl_c3_p11         =  1.80001e+00
busy_c4_p0          =  1.80000e+00
smpl_c4_p0          =  -3.47000e-05
busy_c4_p1          =  1.80000e+00
smpl_c4_p1          =  4.40213e-06
busy_c4_p2          =  1.80000e+00
smpl_c4_p2          =  4.47028e-06
busy_c4_p3          =  1.80000e+00
smpl_c4_p3          =  4.42795e-06
busy_c4_p4          =  1.80000e+00
smpl_c4_p4          =  4.43786e-06
busy_c4_p5          =  1.80000e+00
smpl_c4_p5          =  4.45199e-06
busy_c4_p6          =  1.80000e+00
smpl_c4_p6          =  4.46489e-06
busy_c4_p7          =  1.80000e+00
smpl_c4_p7          =  4.48517e-06
busy_c4_p8          =  1.80000e+00
smpl_c4_p8          =  4.47673e-06
busy_c4_p9          =  1.80000e+00
smpl_c4_p9          =  4.48921e-06
busy_c4_p10         =  1.80000e+00
smpl_c4_p10         =  4.50140e-06
busy_c4_p11         =  4.84998e-07
smpl_c4_p11         =  1.80001e+00
busy_c5_p0          =  1.80000e+00
smpl_c5_p0          =  -3.11774e-05
busy_c5_p1          =  1.80000e+00
smpl_c5_p1          =  4.44248e-06
busy_c5_p2          =  1.80000e+00
smpl_c5_p2          =  4.48969e-06
busy_c5_p3          =  1.80000e+00
smpl_c5_p3          =  4.52015e-06
busy_c5_p4          =  1.80000e+00
smpl_c5_p4          =  4.49837e-06
busy_c5_p5          =  1.80000e+00
smpl_c5_p5          =  4.50922e-06
busy_c5_p6          =  1.80000e+00
smpl_c5_p6          =  4.52409e-06
busy_c5_p7          =  1.80000e+00
smpl_c5_p7          =  4.52070e-06
busy_c5_p8          =  1.80000e+00
smpl_c5_p8          =  4.49876e-06
busy_c5_p9          =  1.80000e+00
smpl_c5_p9          =  4.50703e-06
busy_c5_p10         =  1.80000e+00
smpl_c5_p10         =  4.51919e-06
busy_c5_p11         =  3.24663e-07
smpl_c5_p11         =  1.80001e+00
i_vdd               =  -2.13554e-06 from=  3.20000e-06 to=  4.20008e-06
i_vpwr              =  -6.99024e-06 from=  3.20000e-06 to=  4.20008e-06
i_vrefp             =  -4.19015e-06 from=  3.20000e-06 to=  4.20008e-06
i_vrefn             =  2.94220e-06 from=  3.20000e-06 to=  4.20008e-06
i_vcm               =  -3.03883e-10 from=  3.20000e-06 to=  4.20008e-06


Total analysis time (seconds) = 694.079

Total elapsed time (seconds) = 799.540 

Total DRAM available = 98304.000 MB.
DRAM currently available = 41200.594 MB.
Maximum ngspice program size =  724.078 MB.
Current ngspice program size =  724.078 MB.

