
Note: Compatibility modes selected: hs a


Circuit: * sim/full-conversion-transient -- end-to-end full-conversion transient

option SCALE: Scale is set to 1e-06 for instance and model parameters
option SCALE: Scale is set to 1e-06 for instance and model parameters
option SCALE: Scale is set to 1e-06 for instance and model parameters
option SCALE: Scale is set to 1e-06 for instance and model parameters
Doing analysis at TEMP = 125.000000 and TNOM = 27.000000

Using KLU as Direct Linear Solver
 Reference value :  0.00000e+00
 Reference value :  9.64000e-09
 Reference value :  2.06750e-08
 Reference value :  2.82500e-08
 Reference value :  3.92500e-08
 Reference value :  4.97500e-08
 Reference value :  5.92500e-08
 Reference value :  6.82500e-08
 Reference value :  7.72500e-08
 Reference value :  8.62500e-08
 Reference value :  9.67500e-08
 Reference value :  1.05750e-07
 Reference value :  1.15250e-07
 Reference value :  1.23750e-07
 Reference value :  1.34250e-07
 Reference value :  1.45750e-07
 Reference value :  1.56750e-07
 Reference value :  1.69250e-07
 Reference value :  1.82250e-07
 Reference value :  1.94750e-07
 Reference value :  2.00500e-07
 Reference value :  2.01292e-07
 Reference value :  2.07892e-07
 Reference value :  2.16892e-07
 Reference value :  2.25892e-07
 Reference value :  2.35392e-07
 Reference value :  2.41842e-07
 Reference value :  2.43540e-07
 Reference value :  2.50194e-07
 Reference value :  2.58694e-07
 Reference value :  2.67694e-07
 Reference value :  2.76694e-07
 Reference value :  2.83453e-07
 Reference value :  2.84697e-07
 Reference value :  2.88501e-07
 Reference value :  2.98001e-07
 Reference value :  3.07501e-07
 Reference value :  3.16501e-07
 Reference value :  3.24850e-07
 Reference value :  3.27577e-07
 Reference value :  3.36077e-07
 Reference value :  3.43077e-07
 Reference value :  3.50077e-07
 Reference value :  3.59077e-07
 Reference value :  3.66517e-07
 Reference value :  3.67666e-07
 Reference value :  3.68662e-07
 Reference value :  3.75748e-07
 Reference value :  3.86248e-07
 Reference value :  3.95248e-07
 Reference value :  4.04748e-07
 Reference value :  4.08962e-07
 Reference value :  4.17337e-07
 Reference value :  4.26337e-07
 Reference value :  4.35337e-07
 Reference value :  4.44337e-07
 Reference value :  4.50120e-07
 Reference value :  4.51005e-07
 Reference value :  4.58953e-07
 Reference value :  4.67953e-07
 Reference value :  4.77453e-07
 Reference value :  4.86453e-07
 Reference value :  4.92167e-07
 Reference value :  4.97036e-07
 Reference value :  5.06536e-07
 Reference value :  5.15536e-07
 Reference value :  5.24536e-07
 Reference value :  5.32883e-07
 Reference value :  5.33833e-07
 Reference value :  5.39886e-07
 Reference value :  5.49386e-07
 Reference value :  5.58886e-07
 Reference value :  5.68386e-07
 Reference value :  5.75175e-07
 Reference value :  5.79236e-07
 Reference value :  5.88236e-07
 Reference value :  5.97236e-07
 Reference value :  6.05736e-07
 Reference value :  6.11236e-07
 Reference value :  6.16976e-07
 Reference value :  6.18026e-07
 Reference value :  6.23508e-07
 Reference value :  6.32508e-07
 Reference value :  6.41508e-07
 Reference value :  6.50508e-07
 Reference value :  6.58183e-07
 Reference value :  6.60628e-07
 Reference value :  6.71128e-07
 Reference value :  6.80628e-07
 Reference value :  6.89628e-07
 Reference value :  6.98628e-07
 Reference value :  7.00298e-07
 Reference value :  7.04261e-07
 Reference value :  7.13261e-07
 Reference value :  7.22261e-07
 Reference value :  7.31261e-07
 Reference value :  7.40714e-07
 Reference value :  7.43067e-07
 Reference value :  7.51931e-07
 Reference value :  7.61431e-07
 Reference value :  7.70931e-07
 Reference value :  7.80431e-07
 Reference value :  7.83626e-07
 Reference value :  7.86021e-07
 Reference value :  7.95021e-07
 Reference value :  8.04021e-07
 Reference value :  8.13021e-07
 Reference value :  8.22021e-07
 Reference value :  8.25800e-07
 Reference value :  8.32250e-07
 Reference value :  8.41750e-07
 Reference value :  8.50750e-07
 Reference value :  8.59750e-07
 Reference value :  8.65250e-07
 Reference value :  8.67167e-07
 Reference value :  8.68448e-07
 Reference value :  8.75048e-07
 Reference value :  8.84548e-07
 Reference value :  8.94048e-07
 Reference value :  9.03548e-07
 Reference value :  9.08876e-07
 Reference value :  9.14090e-07
 Reference value :  9.23590e-07
 Reference value :  9.33590e-07
 Reference value :  9.43090e-07
 Reference value :  9.50085e-07
 Reference value :  9.51081e-07
 Reference value :  9.54813e-07
 Reference value :  9.64313e-07
 Reference value :  9.73813e-07
 Reference value :  9.82813e-07
 Reference value :  9.91317e-07
 Reference value :  9.93920e-07
 Reference value :  1.00342e-06
 Reference value :  1.01242e-06
 Reference value :  1.02142e-06
 Reference value :  1.03042e-06
 Reference value :  1.03367e-06
 Reference value :  1.03630e-06
 Reference value :  1.04530e-06
 Reference value :  1.05430e-06
 Reference value :  1.06380e-06
 Reference value :  1.07280e-06
 Reference value :  1.07612e-06
 Reference value :  1.08427e-06
 Reference value :  1.09377e-06
 Reference value :  1.10277e-06
 Reference value :  1.11177e-06
 Reference value :  1.11700e-06
 Reference value :  1.11813e-06
 Reference value :  1.12649e-06
 Reference value :  1.13549e-06
 Reference value :  1.14499e-06
 Reference value :  1.15449e-06
 Reference value :  1.15896e-06
 Reference value :  1.16069e-06
 Reference value :  1.16938e-06
 Reference value :  1.17888e-06
 Reference value :  1.18788e-06
 Reference value :  1.19688e-06
 Reference value :  1.20029e-06
 Reference value :  1.20106e-06
 Reference value :  1.20385e-06
 Reference value :  1.21335e-06
 Reference value :  1.22285e-06
 Reference value :  1.23235e-06
 Reference value :  1.24122e-06
 Reference value :  1.24341e-06
 Reference value :  1.24682e-06
 Reference value :  1.25482e-06
 Reference value :  1.26332e-06
 Reference value :  1.27282e-06
 Reference value :  1.28232e-06
 Reference value :  1.28383e-06
 Reference value :  1.28495e-06
 Reference value :  1.29143e-06
 Reference value :  1.30093e-06
 Reference value :  1.31043e-06
 Reference value :  1.31943e-06
 Reference value :  1.32550e-06
 Reference value :  1.32714e-06
 Reference value :  1.33252e-06
 Reference value :  1.34152e-06
 Reference value :  1.35052e-06
 Reference value :  1.35952e-06
 Reference value :  1.36679e-06
 Reference value :  1.36801e-06
 Reference value :  1.37182e-06
 Reference value :  1.38082e-06
 Reference value :  1.39032e-06
 Reference value :  1.39982e-06
 Reference value :  1.40788e-06
 Reference value :  1.40998e-06
 Reference value :  1.41196e-06
 Reference value :  1.41896e-06
 Reference value :  1.42846e-06
 Reference value :  1.43746e-06
 Reference value :  1.44646e-06
 Reference value :  1.45012e-06
 Reference value :  1.45138e-06
 Reference value :  1.45697e-06
 Reference value :  1.46697e-06
 Reference value :  1.47647e-06
 Reference value :  1.48597e-06
 Reference value :  1.49221e-06
 Reference value :  1.49429e-06
 Reference value :  1.49902e-06
 Reference value :  1.50752e-06
 Reference value :  1.51702e-06
 Reference value :  1.52702e-06
 Reference value :  1.53345e-06
 Reference value :  1.53470e-06
 Reference value :  1.53828e-06
 Reference value :  1.54628e-06
 Reference value :  1.55528e-06
 Reference value :  1.56428e-06
 Reference value :  1.57328e-06
 Reference value :  1.57608e-06
 Reference value :  1.57782e-06
 Reference value :  1.58432e-06
 Reference value :  1.59382e-06
 Reference value :  1.60332e-06
 Reference value :  1.61232e-06
 Reference value :  1.61679e-06
 Reference value :  1.61791e-06
 Reference value :  1.62207e-06
 Reference value :  1.63107e-06
 Reference value :  1.64057e-06
 Reference value :  1.64957e-06
 Reference value :  1.65788e-06
 Reference value :  1.66008e-06
 Reference value :  1.66483e-06
 Reference value :  1.67333e-06
 Reference value :  1.68233e-06
 Reference value :  1.69133e-06
 Reference value :  1.69955e-06
 Reference value :  1.70050e-06
 Reference value :  1.70151e-06
 Reference value :  1.70794e-06
 Reference value :  1.71694e-06
 Reference value :  1.72644e-06
 Reference value :  1.73544e-06
 Reference value :  1.74217e-06
 Reference value :  1.74522e-06
 Reference value :  1.75072e-06
 Reference value :  1.75972e-06
 Reference value :  1.76872e-06
 Reference value :  1.77822e-06
 Reference value :  1.78342e-06
 Reference value :  1.78444e-06
 Reference value :  1.78585e-06
 Reference value :  1.79385e-06
 Reference value :  1.80335e-06
 Reference value :  1.81335e-06
 Reference value :  1.82335e-06
 Reference value :  1.82675e-06
 Reference value :  1.83259e-06
 Reference value :  1.84259e-06
 Reference value :  1.85209e-06
 Reference value :  1.86209e-06
 Reference value :  1.86675e-06
 Reference value :  1.86778e-06
 Reference value :  1.86970e-06
 Reference value :  1.88170e-06
 Reference value :  1.89170e-06
 Reference value :  1.90070e-06
 Reference value :  1.90818e-06
 Reference value :  1.91046e-06
 Reference value :  1.91545e-06
 Reference value :  1.92445e-06
 Reference value :  1.93395e-06
 Reference value :  1.94345e-06
 Reference value :  1.95004e-06
 Reference value :  1.95100e-06
 Reference value :  1.95232e-06
 Reference value :  1.96063e-06
 Reference value :  1.97013e-06
 Reference value :  1.97963e-06
 Reference value :  1.98863e-06
 Reference value :  1.99274e-06
 Reference value :  1.99629e-06
 Reference value :  2.00529e-06
 Reference value :  2.01479e-06
 Reference value :  2.02429e-06
 Reference value :  2.03288e-06
 Reference value :  2.03450e-06
 Reference value :  2.04102e-06
 Reference value :  2.05002e-06
 Reference value :  2.05902e-06
 Reference value :  2.06852e-06
 Reference value :  2.07517e-06
 Reference value :  2.07862e-06
 Reference value :  2.08762e-06
 Reference value :  2.09712e-06
 Reference value :  2.10662e-06
 Reference value :  2.11589e-06
 Reference value :  2.11770e-06
 Reference value :  2.12255e-06
 Reference value :  2.13205e-06
 Reference value :  2.14155e-06
 Reference value :  2.15055e-06
 Reference value :  2.15818e-06
 Reference value :  2.15998e-06
 Reference value :  2.16576e-06
 Reference value :  2.17526e-06
 Reference value :  2.18476e-06
 Reference value :  2.19426e-06
 Reference value :  2.20008e-06
 Reference value :  2.20080e-06
 Reference value :  2.20232e-06
 Reference value :  2.21132e-06
 Reference value :  2.22082e-06
 Reference value :  2.23032e-06
 Reference value :  2.23982e-06
 Reference value :  2.24313e-06
 Reference value :  2.24440e-06
 Reference value :  2.25179e-06
 Reference value :  2.26129e-06
 Reference value :  2.27079e-06
 Reference value :  2.28029e-06
 Reference value :  2.28345e-06
 Reference value :  2.28464e-06
 Reference value :  2.28888e-06
 Reference value :  2.29838e-06
 Reference value :  2.30788e-06
 Reference value :  2.31688e-06
 Reference value :  2.32485e-06
 Reference value :  2.32666e-06
 Reference value :  2.32902e-06
 Reference value :  2.33802e-06
 Reference value :  2.34702e-06
 Reference value :  2.35602e-06
 Reference value :  2.36502e-06
 Reference value :  2.36698e-06
 Reference value :  2.36830e-06
 Reference value :  2.37732e-06
 Reference value :  2.38982e-06
 Reference value :  2.40282e-06
 Reference value :  2.40942e-06
 Reference value :  2.41313e-06
 Reference value :  2.42113e-06
 Reference value :  2.43013e-06
 Reference value :  2.43963e-06
 Reference value :  2.44863e-06
 Reference value :  2.45050e-06
 Reference value :  2.45150e-06
 Reference value :  2.45694e-06
 Reference value :  2.46544e-06
 Reference value :  2.47444e-06
 Reference value :  2.48394e-06
 Reference value :  2.49152e-06
 Reference value :  2.49335e-06
 Reference value :  2.49656e-06
 Reference value :  2.50506e-06
 Reference value :  2.51556e-06
 Reference value :  2.52506e-06
 Reference value :  2.53345e-06
 Reference value :  2.53482e-06
 Reference value :  2.54175e-06
 Reference value :  2.55075e-06
 Reference value :  2.55975e-06
 Reference value :  2.56925e-06
 Reference value :  2.57550e-06
 Reference value :  2.57845e-06
 Reference value :  2.58545e-06
 Reference value :  2.59445e-06
 Reference value :  2.60395e-06
 Reference value :  2.61295e-06
 Reference value :  2.61679e-06
 Reference value :  2.61790e-06
 Reference value :  2.62204e-06
 Reference value :  2.63104e-06
 Reference value :  2.64004e-06
 Reference value :  2.64954e-06
 Reference value :  2.65798e-06
 Reference value :  2.66011e-06
 Reference value :  2.66150e-06
 Reference value :  2.66623e-06
 Reference value :  2.67523e-06
 Reference value :  2.68423e-06
 Reference value :  2.69323e-06
 Reference value :  2.70009e-06
 Reference value :  2.70123e-06
 Reference value :  2.70593e-06
 Reference value :  2.71643e-06
 Reference value :  2.72593e-06
 Reference value :  2.73543e-06
 Reference value :  2.74184e-06
 Reference value :  2.74483e-06
 Reference value :  2.74933e-06
 Reference value :  2.75783e-06
 Reference value :  2.76733e-06
 Reference value :  2.77633e-06
 Reference value :  2.78342e-06
 Reference value :  2.78443e-06
 Reference value :  2.78687e-06
 Reference value :  2.79537e-06
 Reference value :  2.80487e-06
 Reference value :  2.81437e-06
 Reference value :  2.82387e-06
 Reference value :  2.82640e-06
 Reference value :  2.82966e-06
 Reference value :  2.83666e-06
 Reference value :  2.84616e-06
 Reference value :  2.85566e-06
 Reference value :  2.86592e-06
 Reference value :  2.86725e-06
 Reference value :  2.86842e-06
 Reference value :  2.87571e-06
 Reference value :  2.88521e-06
 Reference value :  2.89471e-06
 Reference value :  2.90421e-06
 Reference value :  2.90896e-06
 Reference value :  2.91300e-06
 Reference value :  2.92000e-06
 Reference value :  2.92950e-06
 Reference value :  2.93950e-06
 Reference value :  2.94900e-06
 Reference value :  2.95056e-06
 Reference value :  2.95145e-06
 Reference value :  2.95561e-06
 Reference value :  2.96661e-06
 Reference value :  2.97611e-06
 Reference value :  2.98561e-06
 Reference value :  2.99217e-06
 Reference value :  2.99583e-06
 Reference value :  3.00183e-06
 Reference value :  3.01183e-06
 Reference value :  3.02133e-06
 Reference value :  3.03083e-06
 Reference value :  3.03406e-06
 Reference value :  3.03659e-06
 Reference value :  3.04559e-06
 Reference value :  3.05459e-06
 Reference value :  3.06409e-06
 Reference value :  3.07359e-06
 Reference value :  3.07611e-06
 Reference value :  3.08120e-06
 Reference value :  3.09020e-06
 Reference value :  3.09920e-06
 Reference value :  3.10820e-06
 Reference value :  3.11652e-06
 Reference value :  3.11781e-06
 Reference value :  3.12402e-06
 Reference value :  3.13352e-06
 Reference value :  3.14252e-06
 Reference value :  3.15152e-06
 Reference value :  3.15851e-06
 Reference value :  3.16073e-06
 Reference value :  3.16352e-06
 Reference value :  3.17302e-06
 Reference value :  3.18202e-06
 Reference value :  3.19102e-06
 Reference value :  3.19955e-06
 Reference value :  3.20046e-06
 Reference value :  3.20136e-06
 Reference value :  3.20862e-06
 Reference value :  3.21812e-06
 Reference value :  3.22762e-06
 Reference value :  3.23662e-06
 Reference value :  3.24217e-06
 Reference value :  3.24403e-06
 Reference value :  3.25043e-06
 Reference value :  3.25943e-06
 Reference value :  3.26843e-06
 Reference value :  3.27743e-06
 Reference value :  3.28345e-06
 Reference value :  3.28460e-06
 Reference value :  3.28816e-06
 Reference value :  3.29666e-06
 Reference value :  3.30566e-06
 Reference value :  3.31466e-06
 Reference value :  3.32366e-06
 Reference value :  3.32607e-06
 Reference value :  3.32768e-06
 Reference value :  3.33291e-06
 Reference value :  3.34141e-06
 Reference value :  3.35091e-06
 Reference value :  3.35991e-06
 Reference value :  3.36679e-06
 Reference value :  3.36799e-06
 Reference value :  3.37180e-06
 Reference value :  3.38030e-06
 Reference value :  3.38980e-06
 Reference value :  3.40030e-06
 Reference value :  3.40851e-06
 Reference value :  3.41106e-06
 Reference value :  3.41627e-06
 Reference value :  3.42527e-06
 Reference value :  3.43477e-06
 Reference value :  3.44377e-06
 Reference value :  3.45012e-06
 Reference value :  3.45135e-06
 Reference value :  3.45541e-06
 Reference value :  3.46391e-06
 Reference value :  3.47341e-06
 Reference value :  3.48241e-06
 Reference value :  3.49117e-06
 Reference value :  3.49339e-06
 Reference value :  3.50093e-06
 Reference value :  3.50993e-06
 Reference value :  3.51943e-06
 Reference value :  3.52993e-06
 Reference value :  3.53345e-06
 Reference value :  3.53488e-06
 Reference value :  3.54384e-06
 Reference value :  3.55284e-06
 Reference value :  3.56234e-06
 Reference value :  3.57384e-06
 Reference value :  3.57675e-06
 Reference value :  3.58316e-06
 Reference value :  3.59216e-06
 Reference value :  3.60116e-06
 Reference value :  3.61016e-06
 Reference value :  3.61679e-06
 Reference value :  3.61818e-06
 Reference value :  3.62662e-06
 Reference value :  3.63612e-06
 Reference value :  3.64512e-06
 Reference value :  3.65412e-06
 Reference value :  3.65896e-06
 Reference value :  3.66112e-06
 Reference value :  3.66796e-06
 Reference value :  3.67746e-06
 Reference value :  3.68696e-06
 Reference value :  3.69646e-06
 Reference value :  3.70009e-06
 Reference value :  3.70148e-06
 Reference value :  3.71041e-06
 Reference value :  3.72041e-06
 Reference value :  3.72991e-06
 Reference value :  3.73991e-06
 Reference value :  3.74276e-06
 Reference value :  3.74438e-06
 Reference value :  3.74965e-06
 Reference value :  3.75915e-06
 Reference value :  3.76915e-06
 Reference value :  3.77815e-06
 Reference value :  3.78342e-06
 Reference value :  3.78444e-06
 Reference value :  3.78635e-06
 Reference value :  3.79435e-06
 Reference value :  3.80335e-06
 Reference value :  3.81285e-06
 Reference value :  3.82185e-06
 Reference value :  3.82580e-06
 Reference value :  3.82773e-06
 Reference value :  3.83187e-06
 Reference value :  3.84137e-06
 Reference value :  3.85087e-06
 Reference value :  3.86037e-06
 Reference value :  3.86675e-06
 Reference value :  3.86778e-06
 Reference value :  3.87020e-06
 Reference value :  3.87870e-06
 Reference value :  3.88820e-06
 Reference value :  3.89770e-06
 Reference value :  3.90720e-06
 Reference value :  3.90942e-06
 Reference value :  3.91144e-06
 Reference value :  3.91950e-06
 Reference value :  3.92900e-06
 Reference value :  3.93850e-06
 Reference value :  3.94800e-06
 Reference value :  3.95050e-06
 Reference value :  3.95119e-06
 Reference value :  3.95976e-06
 Reference value :  3.96926e-06
 Reference value :  3.97876e-06
 Reference value :  3.98776e-06
 Reference value :  3.99230e-06
 Reference value :  3.99443e-06
 Reference value :  3.99867e-06
 Reference value :  4.00767e-06
 Reference value :  4.01717e-06
 Reference value :  4.02617e-06
 Reference value :  4.03342e-06
 Reference value :  4.03461e-06
 Reference value :  4.04248e-06
 Reference value :  4.05198e-06
 Reference value :  4.06248e-06
 Reference value :  4.07148e-06
 Reference value :  4.07564e-06
 Reference value :  4.07748e-06
 Reference value :  4.08195e-06
 Reference value :  4.09045e-06
 Reference value :  4.09995e-06
 Reference value :  4.10895e-06
 Reference value :  4.11652e-06
 Reference value :  4.11782e-06
 Reference value :  4.12513e-06
 Reference value :  4.13463e-06
 Reference value :  4.14363e-06
 Reference value :  4.15263e-06
 Reference value :  4.15883e-06
 Reference value :  4.16120e-06
 Reference value :  4.16920e-06
 Reference value :  4.17870e-06
 Reference value :  4.18770e-06
 Reference value :  4.19670e-06
 Reference value :  4.20008e-06
 Reference value :  4.20095e-06
 Reference value :  4.20607e-06
 Reference value :  4.21507e-06
 Reference value :  4.22407e-06
 Reference value :  4.23307e-06
 Reference value :  4.24122e-06
 Reference value :  4.24334e-06
 Reference value :  4.24933e-06
 Reference value :  4.25933e-06
 Reference value :  4.26933e-06
 Reference value :  4.27933e-06
 Reference value :  4.28345e-06
 Reference value :  4.28462e-06
 Reference value :  4.28828e-06
 Reference value :  4.29728e-06
 Reference value :  4.30678e-06
 Reference value :  4.31628e-06
 Reference value :  4.32465e-06
 Reference value :  4.32667e-06
 Reference value :  4.33389e-06
 Reference value :  4.34339e-06
 Reference value :  4.35239e-06
 Reference value :  4.36189e-06
 Reference value :  4.36679e-06
 Reference value :  4.36777e-06
 Reference value :  4.37348e-06
 Reference value :  4.38248e-06
 Reference value :  4.39148e-06
 Reference value :  4.40048e-06
 Reference value :  4.40818e-06
 Reference value :  4.40999e-06
 Reference value :  4.41279e-06
 Reference value :  4.42079e-06
 Reference value :  4.43029e-06
 Reference value :  4.43929e-06
 Reference value :  4.44829e-06
 Reference value :  4.45031e-06
 Reference value :  4.45146e-06
 Reference value :  4.45613e-06
 Reference value :  4.46513e-06
 Reference value :  4.47413e-06
 Reference value :  4.48363e-06
 Reference value :  4.49132e-06
 Reference value :  4.49335e-06
 Reference value :  4.49404e-06
 Reference value :  4.49834e-06
 Reference value :  4.50634e-06
 Reference value :  4.51584e-06
 Reference value :  4.52484e-06
 Reference value :  4.53298e-06
 Reference value :  4.53410e-06
 Reference value :  4.53518e-06
 Reference value :  4.54223e-06
 Reference value :  4.55173e-06
 Reference value :  4.56123e-06
 Reference value :  4.57073e-06
 Reference value :  4.57563e-06
 Reference value :  4.57719e-06
 Reference value :  4.58537e-06
 Reference value :  4.59437e-06
 Reference value :  4.60387e-06
 Reference value :  4.61287e-06
 Reference value :  4.61679e-06
 Reference value :  4.61831e-06
 Reference value :  4.62760e-06
 Reference value :  4.63710e-06
 Reference value :  4.64660e-06
 Reference value :  4.65610e-06
 Reference value :  4.65942e-06
 Reference value :  4.66078e-06
 Reference value :  4.66598e-06
 Reference value :  4.67498e-06
 Reference value :  4.68448e-06
 Reference value :  4.69398e-06
 Reference value :  4.70009e-06
 Reference value :  4.70120e-06
 Reference value :  4.70367e-06
 Reference value :  4.71217e-06
 Reference value :  4.72167e-06
 Reference value :  4.73117e-06
 Reference value :  4.74067e-06
 Reference value :  4.74307e-06
 Reference value :  4.74438e-06
 Reference value :  4.75287e-06
 Reference value :  4.76237e-06
 Reference value :  4.77187e-06
 Reference value :  4.78187e-06
 Reference value :  4.78383e-06
 Reference value :  4.78563e-06
 Reference value :  4.79513e-06
 Reference value :  4.80463e-06
 Reference value :  4.81413e-06
 Reference value :  4.82313e-06
 Reference value :  4.82609e-06
 Reference value :  4.82770e-06
 Reference value :  4.83447e-06
 Reference value :  4.84347e-06
 Reference value :  4.85297e-06
 Reference value :  4.86247e-06
 Reference value :  4.86696e-06
 Reference value :  4.86789e-06
 Reference value :  4.87070e-06
 Reference value :  4.87920e-06
 Reference value :  4.88870e-06
 Reference value :  4.89770e-06
 Reference value :  4.90720e-06
 Reference value :  4.90943e-06
 Reference value :  4.91100e-06
 Reference value :  4.91927e-06
 Reference value :  4.92877e-06
 Reference value :  4.93827e-06
 Reference value :  4.94727e-06
 Reference value :  4.95050e-06
 Reference value :  4.95128e-06
 Reference value :  4.95966e-06
 Reference value :  4.96916e-06
 Reference value :  4.97966e-06
 Reference value :  4.98916e-06
 Reference value :  4.99276e-06
 Reference value :  4.99445e-06
 Reference value :  5.00159e-06
 Reference value :  5.01059e-06
 Reference value :  5.02009e-06
 Reference value :  5.02959e-06
 Reference value :  5.03363e-06
 Reference value :  5.03474e-06
 Reference value :  5.04291e-06
 Reference value :  5.05191e-06
 Reference value :  5.06141e-06
 Reference value :  5.07041e-06
 Reference value :  5.07555e-06
 Reference value :  5.07723e-06
 Reference value :  5.08294e-06
 Reference value :  5.09244e-06
 Reference value :  5.10144e-06
 Reference value :  5.11044e-06
 Reference value :  5.11700e-06
 Reference value :  5.11790e-06
 Reference value :  5.12473e-06
 Reference value :  5.13423e-06
 Reference value :  5.14373e-06
 Reference value :  5.15273e-06
 Reference value :  5.15883e-06
 Reference value :  5.16098e-06
 Reference value :  5.16984e-06
 Reference value :  5.17934e-06
 Reference value :  5.18884e-06
 Reference value :  5.19784e-06
 Reference value :  5.20029e-06
 Reference value :  5.20118e-06
 Reference value :  5.20799e-06
 Reference value :  5.21749e-06
 Reference value :  5.22649e-06
 Reference value :  5.23599e-06
 Reference value :  5.24217e-06
 Reference value :  5.24430e-06
 Reference value :  5.25197e-06
 Reference value :  5.26097e-06
 Reference value :  5.26997e-06
 Reference value :  5.27947e-06
 Reference value :  5.28345e-06
 Reference value :  5.28458e-06
 Reference value :  5.29227e-06
 Reference value :  5.30127e-06
 Reference value :  5.31077e-06
 Reference value :  5.32027e-06
 Reference value :  5.32554e-06
 Reference value :  5.32849e-06
 Reference value :  5.33499e-06
 Reference value :  5.34449e-06
 Reference value :  5.35399e-06
 Reference value :  5.36299e-06
 Reference value :  5.36679e-06
 Reference value :  5.36787e-06
 Reference value :  5.37250e-06
 Reference value :  5.38150e-06
 Reference value :  5.39100e-06
 Reference value :  5.40050e-06
 Reference value :  5.40851e-06
 Reference value :  5.41051e-06
 Reference value :  5.41795e-06
 Reference value :  5.42745e-06
 Reference value :  5.43645e-06
 Reference value :  5.44545e-06
 Reference value :  5.45012e-06
 Reference value :  5.45256e-06
 Reference value :  5.46206e-06
 Reference value :  5.47106e-06
 Reference value :  5.48056e-06
 Reference value :  5.49006e-06
 Reference value :  5.49275e-06
 Reference value :  5.49776e-06
 Reference value :  5.50676e-06
 Reference value :  5.51676e-06
 Reference value :  5.52676e-06
 Reference value :  5.53345e-06
 Reference value :  5.53467e-06
 Reference value :  5.54325e-06
 Reference value :  5.55225e-06
 Reference value :  5.56125e-06
 Reference value :  5.57075e-06
 Reference value :  5.57563e-06
 Reference value :  5.57804e-06
 Reference value :  5.58572e-06
 Reference value :  5.59622e-06
 Reference value :  5.61022e-06
 Reference value :  5.61698e-06
 Reference value :  5.62324e-06
 Reference value :  5.63624e-06
 Reference value :  5.64874e-06
 Reference value :  5.65851e-06
 Reference value :  5.66143e-06
 Reference value :  5.66788e-06
 Reference value :  5.67738e-06
 Reference value :  5.68688e-06
 Reference value :  5.69638e-06
 Reference value :  5.70009e-06
 Reference value :  5.70122e-06
 Reference value :  5.70708e-06
 Reference value :  5.71658e-06
 Reference value :  5.72608e-06
 Reference value :  5.73508e-06
 Reference value :  5.74184e-06
 Reference value :  5.74470e-06
 Reference value :  5.74742e-06
 Reference value :  5.75592e-06
 Reference value :  5.76542e-06
 Reference value :  5.77742e-06
 Reference value :  5.78342e-06
 Reference value :  5.78444e-06
 Reference value :  5.78642e-06
 Reference value :  5.79392e-06
 Reference value :  5.80442e-06
 Reference value :  5.81392e-06
 Reference value :  5.82292e-06
 Reference value :  5.82609e-06
 Reference value :  5.82939e-06
 Reference value :  5.83831e-06
 Reference value :  5.84781e-06
 Reference value :  5.85731e-06
 Reference value :  5.86622e-06
 Reference value :  5.86719e-06
 Reference value :  5.87051e-06
 Reference value :  5.87951e-06
 Reference value :  5.88901e-06
 Reference value :  5.89851e-06
 Reference value :  5.90783e-06
 Reference value :  5.91017e-06
 Reference value :  5.91192e-06
 Reference value :  5.91754e-06
 Reference value :  5.92654e-06
 Reference value :  5.93604e-06
 Reference value :  5.94554e-06
 Reference value :  5.95008e-06
 Reference value :  5.95116e-06
 Reference value :  5.95434e-06
 Reference value :  5.96284e-06
 Reference value :  5.97234e-06
 Reference value :  5.98134e-06
 Reference value :  5.99075e-06
 Reference value :  5.99351e-06
 Reference value :  5.99561e-06
 Reference value :  6.00342e-06
 Reference value :  6.01242e-06
 Reference value :  6.02192e-06
 Reference value :  6.03142e-06
 Reference value :  6.03380e-06
 Reference value :  6.03475e-06
 Reference value :  6.04293e-06
 Reference value :  6.05193e-06
 Reference value :  6.06093e-06
 Reference value :  6.06993e-06
 Reference value :  6.07550e-06
 Reference value :  6.07856e-06
 Reference value :  6.08696e-06
 Reference value :  6.09596e-06
 Reference value :  6.10546e-06
 Reference value :  6.11496e-06
 Reference value :  6.11752e-06
 Reference value :  6.12130e-06
 Reference value :  6.13030e-06
 Reference value :  6.13980e-06
 Reference value :  6.14930e-06
 Reference value :  6.15788e-06
 Reference value :  6.15999e-06
 Reference value :  6.16734e-06
 Reference value :  6.17734e-06
 Reference value :  6.18684e-06
 Reference value :  6.19634e-06
 Reference value :  6.20029e-06
 Reference value :  6.20118e-06
 Reference value :  6.20821e-06
 Reference value :  6.21771e-06
 Reference value :  6.22721e-06
 Reference value :  6.23671e-06
 Reference value :  6.24221e-06
 Reference value :  6.24573e-06
 Reference value :  6.25523e-06
 Reference value :  6.26423e-06
 Reference value :  6.27373e-06
 Reference value :  6.28253e-06
No. of Data Rows : 14180

  Measurements for Transient Analysis

d9_c1               =  -8.48635e-07
d8_c1               =  1.80000e+00
d7_c1               =  1.80000e+00
d6_c1               =  1.80000e+00
d5_c1               =  1.80000e+00
d4_c1               =  1.80000e+00
d3_c1               =  1.80000e+00
d2_c1               =  1.80000e+00
d1_c1               =  1.80000e+00
d0_c1               =  1.80000e+00
d9_c2               =  -7.59924e-07
d8_c2               =  1.80000e+00
d7_c2               =  1.80000e+00
d6_c2               =  1.80000e+00
d5_c2               =  1.80000e+00
d4_c2               =  1.80000e+00
d3_c2               =  1.80000e+00
d2_c2               =  1.80000e+00
d1_c2               =  1.80000e+00
d0_c2               =  1.80000e+00
d9_c3               =  -6.64142e-07
d8_c3               =  1.80000e+00
d7_c3               =  1.80000e+00
d6_c3               =  -1.64855e-06
d5_c3               =  -1.64656e-06
d4_c3               =  -1.66103e-06
d3_c3               =  1.80000e+00
d2_c3               =  1.80000e+00
d1_c3               =  -1.63214e-06
d0_c3               =  -1.66506e-06
d9_c4               =  -6.42927e-07
d8_c4               =  -1.33466e-06
d7_c4               =  1.80000e+00
d6_c4               =  1.80000e+00
d5_c4               =  -1.32801e-06
d4_c4               =  1.80000e+00
d3_c4               =  -1.34189e-06
d2_c4               =  1.80000e+00
d1_c4               =  -1.31304e-06
d0_c4               =  -1.35014e-06
d9_c5               =  1.80001e+00
d8_c5               =  -1.52536e-06
d7_c5               =  1.80000e+00
d6_c5               =  1.80000e+00
d5_c5               =  1.80000e+00
d4_c5               =  -1.49240e-06
d3_c5               =  -1.49343e-06
d2_c5               =  1.80000e+00
d1_c5               =  -1.48683e-06
d0_c5               =  -1.46722e-06
busy_c1_p0          =  1.80000e+00
smpl_c1_p0          =  -3.30765e-04
busy_c1_p1          =  1.80000e+00
smpl_c1_p1          =  -1.87478e-05
busy_c1_p2          =  1.80000e+00
smpl_c1_p2          =  -1.86640e-05
busy_c1_p3          =  1.80000e+00
smpl_c1_p3          =  -1.87605e-05
busy_c1_p4          =  1.80000e+00
smpl_c1_p4          =  -1.88060e-05
busy_c1_p5          =  1.80000e+00
smpl_c1_p5          =  -1.88255e-05
busy_c1_p6          =  1.80000e+00
smpl_c1_p6          =  -1.88365e-05
busy_c1_p7          =  1.80000e+00
smpl_c1_p7          =  -1.88370e-05
busy_c1_p8          =  1.80000e+00
smpl_c1_p8          =  -1.88324e-05
busy_c1_p9          =  1.80000e+00
smpl_c1_p9          =  -1.88351e-05
busy_c1_p10         =  1.80000e+00
smpl_c1_p10         =  -1.88311e-05
busy_c1_p11         =  -9.73724e-07
smpl_c1_p11         =  1.80014e+00
busy_c2_p0          =  1.79999e+00
smpl_c2_p0          =  -3.42648e-04
busy_c2_p1          =  1.80000e+00
smpl_c2_p1          =  -1.87553e-05
busy_c2_p2          =  1.80000e+00
smpl_c2_p2          =  -1.86520e-05
busy_c2_p3          =  1.80000e+00
smpl_c2_p3          =  -1.86855e-05
busy_c2_p4          =  1.80000e+00
smpl_c2_p4          =  -1.86328e-05
busy_c2_p5          =  1.80000e+00
smpl_c2_p5          =  -1.85845e-05
busy_c2_p6          =  1.80000e+00
smpl_c2_p6          =  -1.85602e-05
busy_c2_p7          =  1.80000e+00
smpl_c2_p7          =  -1.85430e-05
busy_c2_p8          =  1.80000e+00
smpl_c2_p8          =  -1.85312e-05
busy_c2_p9          =  1.80000e+00
smpl_c2_p9          =  -1.85338e-05
busy_c2_p10         =  1.80000e+00
smpl_c2_p10         =  -1.85299e-05
busy_c2_p11         =  -9.08775e-07
smpl_c2_p11         =  1.80014e+00
busy_c3_p0          =  1.80000e+00
smpl_c3_p0          =  -3.43453e-04
busy_c3_p1          =  1.80000e+00
smpl_c3_p1          =  -1.87862e-05
busy_c3_p2          =  1.80000e+00
smpl_c3_p2          =  -1.83426e-05
busy_c3_p3          =  1.80000e+00
smpl_c3_p3          =  -1.84914e-05
busy_c3_p4          =  1.80000e+00
smpl_c3_p4          =  -1.83597e-05
busy_c3_p5          =  1.80000e+00
smpl_c3_p5          =  -1.83258e-05
busy_c3_p6          =  1.80000e+00
smpl_c3_p6          =  -1.83376e-05
busy_c3_p7          =  1.80000e+00
smpl_c3_p7          =  -1.83401e-05
busy_c3_p8          =  1.80000e+00
smpl_c3_p8          =  -1.83352e-05
busy_c3_p9          =  1.80000e+00
smpl_c3_p9          =  -1.83318e-05
busy_c3_p10         =  1.80000e+00
smpl_c3_p10         =  -1.83304e-05
busy_c3_p11         =  1.01299e-06
smpl_c3_p11         =  1.80014e+00
busy_c4_p0          =  1.80000e+00
smpl_c4_p0          =  -3.40855e-04
busy_c4_p1          =  1.80000e+00
smpl_c4_p1          =  -1.83922e-05
busy_c4_p2          =  1.80000e+00
smpl_c4_p2          =  -1.84009e-05
busy_c4_p3          =  1.80000e+00
smpl_c4_p3          =  -1.83085e-05
busy_c4_p4          =  1.80000e+00
smpl_c4_p4          =  -1.82857e-05
busy_c4_p5          =  1.80000e+00
smpl_c4_p5          =  -1.82726e-05
busy_c4_p6          =  1.80000e+00
smpl_c4_p6          =  -1.82958e-05
busy_c4_p7          =  1.80000e+00
smpl_c4_p7          =  -1.82825e-05
busy_c4_p8          =  1.80000e+00
smpl_c4_p8          =  -1.82844e-05
busy_c4_p9          =  1.80000e+00
smpl_c4_p9          =  -1.82785e-05
busy_c4_p10         =  1.80000e+00
smpl_c4_p10         =  -1.82796e-05
busy_c4_p11         =  2.27557e-06
smpl_c4_p11         =  1.80014e+00
busy_c5_p0          =  1.80000e+00
smpl_c5_p0          =  -3.31581e-04
busy_c5_p1          =  1.80000e+00
smpl_c5_p1          =  -1.85200e-05
busy_c5_p2          =  1.80000e+00
smpl_c5_p2          =  -1.84717e-05
busy_c5_p3          =  1.80000e+00
smpl_c5_p3          =  -1.84062e-05
busy_c5_p4          =  1.80000e+00
smpl_c5_p4          =  -1.83378e-05
busy_c5_p5          =  1.80000e+00
smpl_c5_p5          =  -1.83566e-05
busy_c5_p6          =  1.80000e+00
smpl_c5_p6          =  -1.83586e-05
busy_c5_p7          =  1.80000e+00
smpl_c5_p7          =  -1.83454e-05
busy_c5_p8          =  1.80000e+00
smpl_c5_p8          =  -1.83409e-05
busy_c5_p9          =  1.80000e+00
smpl_c5_p9          =  -1.83483e-05
busy_c5_p10         =  1.80000e+00
smpl_c5_p10         =  -1.83433e-05
busy_c5_p11         =  2.26986e-06
smpl_c5_p11         =  1.80014e+00
i_vdd               =  -2.38954e-06 from=  3.20000e-06 to=  4.20008e-06
i_vpwr              =  -7.64919e-06 from=  3.20000e-06 to=  4.20008e-06
i_vrefp             =  -5.32562e-06 from=  3.20000e-06 to=  4.20008e-06
i_vrefn             =  3.54213e-06 from=  3.20000e-06 to=  4.20008e-06
i_vcm               =  -5.25001e-09 from=  3.20000e-06 to=  4.20008e-06


Total analysis time (seconds) = 654.521

Total elapsed time (seconds) = 773.753 

Total DRAM available = 98304.000 MB.
DRAM currently available = 18915.812 MB.
Maximum ngspice program size =  723.422 MB.
Current ngspice program size =  723.422 MB.

