
Note: Compatibility modes selected: hs a


Circuit: * sim/full-conversion-transient -- end-to-end full-conversion transient

option SCALE: Scale is set to 1e-06 for instance and model parameters
option SCALE: Scale is set to 1e-06 for instance and model parameters
option SCALE: Scale is set to 1e-06 for instance and model parameters
option SCALE: Scale is set to 1e-06 for instance and model parameters
Doing analysis at TEMP = 27.000000 and TNOM = 27.000000

Using KLU as Direct Linear Solver
 Reference value :  0.00000e+00
 Reference value :  1.06400e-08
 Reference value :  2.06750e-08
 Reference value :  2.82500e-08
 Reference value :  3.72500e-08
 Reference value :  4.62500e-08
 Reference value :  5.52500e-08
 Reference value :  6.47500e-08
 Reference value :  7.37500e-08
 Reference value :  8.27500e-08
 Reference value :  9.22500e-08
 Reference value :  1.02250e-07
 Reference value :  1.11750e-07
 Reference value :  1.21250e-07
 Reference value :  1.32750e-07
 Reference value :  1.45750e-07
 Reference value :  1.58750e-07
 Reference value :  1.71750e-07
 Reference value :  1.85250e-07
 Reference value :  1.98750e-07
 Reference value :  2.00597e-07
 Reference value :  2.01444e-07
 Reference value :  2.07337e-07
 Reference value :  2.16837e-07
 Reference value :  2.26337e-07
 Reference value :  2.35837e-07
 Reference value :  2.42167e-07
 Reference value :  2.44320e-07
 Reference value :  2.50993e-07
 Reference value :  2.60993e-07
 Reference value :  2.70493e-07
 Reference value :  2.79993e-07
 Reference value :  2.84061e-07
 Reference value :  2.85125e-07
 Reference value :  2.91969e-07
 Reference value :  3.01969e-07
 Reference value :  3.12469e-07
 Reference value :  3.22969e-07
 Reference value :  3.26447e-07
 Reference value :  3.36420e-07
 Reference value :  3.46920e-07
 Reference value :  3.56920e-07
 Reference value :  3.65793e-07
 Reference value :  3.67199e-07
 Reference value :  3.74480e-07
 Reference value :  3.83980e-07
 Reference value :  3.93480e-07
 Reference value :  4.03480e-07
 Reference value :  4.08883e-07
 Reference value :  4.14717e-07
 Reference value :  4.20217e-07
 Reference value :  4.28717e-07
 Reference value :  4.38717e-07
 Reference value :  4.49108e-07
 Reference value :  4.50912e-07
 Reference value :  4.53436e-07
 Reference value :  4.62436e-07
 Reference value :  4.73936e-07
 Reference value :  4.84936e-07
 Reference value :  4.92217e-07
 Reference value :  4.99590e-07
 Reference value :  5.09590e-07
 Reference value :  5.18590e-07
 Reference value :  5.28090e-07
 Reference value :  5.33671e-07
 Reference value :  5.38966e-07
 Reference value :  5.49466e-07
 Reference value :  5.60466e-07
 Reference value :  5.70466e-07
 Reference value :  5.75550e-07
 Reference value :  5.82399e-07
 Reference value :  5.91899e-07
 Reference value :  6.01899e-07
 Reference value :  6.09899e-07
 Reference value :  6.16317e-07
 Reference value :  6.17933e-07
 Reference value :  6.23494e-07
 Reference value :  6.33494e-07
 Reference value :  6.43994e-07
 Reference value :  6.54994e-07
 Reference value :  6.59183e-07
 Reference value :  6.67752e-07
 Reference value :  6.77252e-07
 Reference value :  6.86752e-07
 Reference value :  6.96752e-07
 Reference value :  7.00337e-07
 Reference value :  7.04928e-07
 Reference value :  7.14928e-07
 Reference value :  7.24428e-07
 Reference value :  7.33928e-07
 Reference value :  7.41842e-07
 Reference value :  7.46075e-07
 Reference value :  7.56575e-07
 Reference value :  7.66575e-07
 Reference value :  7.76075e-07
 Reference value :  7.83475e-07
 Reference value :  7.84387e-07
 Reference value :  7.93682e-07
 Reference value :  8.03182e-07
 Reference value :  8.12682e-07
 Reference value :  8.21682e-07
 Reference value :  8.26049e-07
 Reference value :  8.34404e-07
 Reference value :  8.43904e-07
 Reference value :  8.54404e-07
 Reference value :  8.63904e-07
 Reference value :  8.67167e-07
 Reference value :  8.67719e-07
 Reference value :  8.75770e-07
 Reference value :  8.86770e-07
 Reference value :  8.97270e-07
 Reference value :  9.07552e-07
 Reference value :  9.10251e-07
 Reference value :  9.19236e-07
 Reference value :  9.29736e-07
 Reference value :  9.38736e-07
 Reference value :  9.47236e-07
 Reference value :  9.50175e-07
 Reference value :  9.51033e-07
 Reference value :  9.53103e-07
 Reference value :  9.61603e-07
 Reference value :  9.71103e-07
 Reference value :  9.80603e-07
 Reference value :  9.90885e-07
 Reference value :  9.93584e-07
 Reference value :  1.00307e-06
 Reference value :  1.01357e-06
 Reference value :  1.02357e-06
 Reference value :  1.03283e-06
 Reference value :  1.03432e-06
 Reference value :  1.03986e-06
 Reference value :  1.04986e-06
 Reference value :  1.05936e-06
 Reference value :  1.06886e-06
 Reference value :  1.07550e-06
 Reference value :  1.08040e-06
 Reference value :  1.08940e-06
 Reference value :  1.09940e-06
 Reference value :  1.10940e-06
 Reference value :  1.11684e-06
 Reference value :  1.11846e-06
 Reference value :  1.12674e-06
 Reference value :  1.13724e-06
 Reference value :  1.14724e-06
 Reference value :  1.15724e-06
 Reference value :  1.16015e-06
 Reference value :  1.16578e-06
 Reference value :  1.17528e-06
 Reference value :  1.18478e-06
 Reference value :  1.19628e-06
 Reference value :  1.20029e-06
 Reference value :  1.20072e-06
 Reference value :  1.20154e-06
 Reference value :  1.20947e-06
 Reference value :  1.22197e-06
 Reference value :  1.23297e-06
 Reference value :  1.24184e-06
 Reference value :  1.24408e-06
 Reference value :  1.25189e-06
 Reference value :  1.26389e-06
 Reference value :  1.27589e-06
 Reference value :  1.28367e-06
 Reference value :  1.28498e-06
 Reference value :  1.29183e-06
 Reference value :  1.30183e-06
 Reference value :  1.31233e-06
 Reference value :  1.32183e-06
 Reference value :  1.32645e-06
 Reference value :  1.33114e-06
 Reference value :  1.34364e-06
 Reference value :  1.35764e-06
 Reference value :  1.36700e-06
 Reference value :  1.36873e-06
 Reference value :  1.38029e-06
 Reference value :  1.39379e-06
 Reference value :  1.40479e-06
 Reference value :  1.40898e-06
 Reference value :  1.41571e-06
 Reference value :  1.42021e-06
 Reference value :  1.42921e-06
 Reference value :  1.43871e-06
 Reference value :  1.44871e-06
 Reference value :  1.45060e-06
 Reference value :  1.45221e-06
 Reference value :  1.45943e-06
 Reference value :  1.46943e-06
 Reference value :  1.47943e-06
 Reference value :  1.48993e-06
 Reference value :  1.49359e-06
 Reference value :  1.50409e-06
 Reference value :  1.51559e-06
 Reference value :  1.52659e-06
 Reference value :  1.53367e-06
 Reference value :  1.53941e-06
 Reference value :  1.55091e-06
 Reference value :  1.56241e-06
 Reference value :  1.57291e-06
 Reference value :  1.57605e-06
 Reference value :  1.58390e-06
 Reference value :  1.59690e-06
 Reference value :  1.60640e-06
 Reference value :  1.61684e-06
 Reference value :  1.61867e-06
 Reference value :  1.62527e-06
 Reference value :  1.63427e-06
 Reference value :  1.64327e-06
 Reference value :  1.65227e-06
 Reference value :  1.65883e-06
 Reference value :  1.66425e-06
 Reference value :  1.67475e-06
 Reference value :  1.68525e-06
 Reference value :  1.69525e-06
 Reference value :  1.70034e-06
 Reference value :  1.70580e-06
 Reference value :  1.71680e-06
 Reference value :  1.72830e-06
 Reference value :  1.73930e-06
 Reference value :  1.74358e-06
 Reference value :  1.75407e-06
 Reference value :  1.76507e-06
 Reference value :  1.77607e-06
 Reference value :  1.78347e-06
 Reference value :  1.78438e-06
 Reference value :  1.79197e-06
 Reference value :  1.80197e-06
 Reference value :  1.81347e-06
 Reference value :  1.82517e-06
 Reference value :  1.83340e-06
 Reference value :  1.84790e-06
 Reference value :  1.85940e-06
 Reference value :  1.86490e-06
 Reference value :  1.86774e-06
 Reference value :  1.87284e-06
 Reference value :  1.88584e-06
 Reference value :  1.89934e-06
 Reference value :  1.90888e-06
 Reference value :  1.91724e-06
 Reference value :  1.92724e-06
 Reference value :  1.93724e-06
 Reference value :  1.94724e-06
 Reference value :  1.95050e-06
 Reference value :  1.95083e-06
 Reference value :  1.95221e-06
 Reference value :  1.96066e-06
 Reference value :  1.97066e-06
 Reference value :  1.98066e-06
 Reference value :  1.99016e-06
 Reference value :  1.99252e-06
 Reference value :  2.00057e-06
 Reference value :  2.01007e-06
 Reference value :  2.01907e-06
 Reference value :  2.02907e-06
 Reference value :  2.03318e-06
 Reference value :  2.03447e-06
 Reference value :  2.04229e-06
 Reference value :  2.05379e-06
 Reference value :  2.06379e-06
 Reference value :  2.07415e-06
 Reference value :  2.07742e-06
 Reference value :  2.08690e-06
 Reference value :  2.09690e-06
 Reference value :  2.10740e-06
 Reference value :  2.11622e-06
 Reference value :  2.11791e-06
 Reference value :  2.12404e-06
 Reference value :  2.13454e-06
 Reference value :  2.14454e-06
 Reference value :  2.15404e-06
 Reference value :  2.15888e-06
 Reference value :  2.16126e-06
 Reference value :  2.16908e-06
 Reference value :  2.17858e-06
 Reference value :  2.18758e-06
 Reference value :  2.19708e-06
 Reference value :  2.20050e-06
 Reference value :  2.20089e-06
 Reference value :  2.20166e-06
 Reference value :  2.20800e-06
 Reference value :  2.21700e-06
 Reference value :  2.22650e-06
 Reference value :  2.23600e-06
 Reference value :  2.24217e-06
 Reference value :  2.24406e-06
 Reference value :  2.25075e-06
 Reference value :  2.25975e-06
 Reference value :  2.26925e-06
 Reference value :  2.27875e-06
 Reference value :  2.28367e-06
 Reference value :  2.28474e-06
 Reference value :  2.28905e-06
 Reference value :  2.29805e-06
 Reference value :  2.30705e-06
 Reference value :  2.31655e-06
 Reference value :  2.32517e-06
 Reference value :  2.32716e-06
 Reference value :  2.32975e-06
 Reference value :  2.33825e-06
 Reference value :  2.34975e-06
 Reference value :  2.36075e-06
 Reference value :  2.36700e-06
 Reference value :  2.36818e-06
 Reference value :  2.37227e-06
 Reference value :  2.37977e-06
 Reference value :  2.38877e-06
 Reference value :  2.39777e-06
 Reference value :  2.40755e-06
 Reference value :  2.41024e-06
 Reference value :  2.41251e-06
 Reference value :  2.41951e-06
 Reference value :  2.42901e-06
 Reference value :  2.44001e-06
 Reference value :  2.45017e-06
 Reference value :  2.45138e-06
 Reference value :  2.45561e-06
 Reference value :  2.46611e-06
 Reference value :  2.47661e-06
 Reference value :  2.48711e-06
 Reference value :  2.49232e-06
 Reference value :  2.49599e-06
 Reference value :  2.50349e-06
 Reference value :  2.51299e-06
 Reference value :  2.52199e-06
 Reference value :  2.53099e-06
 Reference value :  2.53387e-06
 Reference value :  2.53526e-06
 Reference value :  2.54178e-06
 Reference value :  2.55128e-06
 Reference value :  2.56028e-06
 Reference value :  2.56978e-06
 Reference value :  2.57555e-06
 Reference value :  2.58038e-06
 Reference value :  2.58388e-06
 Reference value :  2.59188e-06
 Reference value :  2.60188e-06
 Reference value :  2.61238e-06
 Reference value :  2.61717e-06
 Reference value :  2.61860e-06
 Reference value :  2.62661e-06
 Reference value :  2.63711e-06
 Reference value :  2.64761e-06
 Reference value :  2.65783e-06
 Reference value :  2.66076e-06
 Reference value :  2.66873e-06
 Reference value :  2.67623e-06
 Reference value :  2.68573e-06
 Reference value :  2.69523e-06
 Reference value :  2.70034e-06
 Reference value :  2.70177e-06
 Reference value :  2.70802e-06
 Reference value :  2.71702e-06
 Reference value :  2.72652e-06
 Reference value :  2.73602e-06
 Reference value :  2.74217e-06
 Reference value :  2.74657e-06
 Reference value :  2.75557e-06
 Reference value :  2.76157e-06
 Reference value :  2.77057e-06
 Reference value :  2.78057e-06
 Reference value :  2.78386e-06
 Reference value :  2.78476e-06
 Reference value :  2.78899e-06
 Reference value :  2.79799e-06
 Reference value :  2.80749e-06
 Reference value :  2.81649e-06
 Reference value :  2.82465e-06
 Reference value :  2.82790e-06
 Reference value :  2.83640e-06
 Reference value :  2.84190e-06
 Reference value :  2.84940e-06
 Reference value :  2.85840e-06
 Reference value :  2.86652e-06
 Reference value :  2.86736e-06
 Reference value :  2.86884e-06
 Reference value :  2.87435e-06
 Reference value :  2.88385e-06
 Reference value :  2.89335e-06
 Reference value :  2.90285e-06
 Reference value :  2.90888e-06
 Reference value :  2.91524e-06
 Reference value :  2.92574e-06
 Reference value :  2.93074e-06
 Reference value :  2.93974e-06
 Reference value :  2.94955e-06
 Reference value :  2.95066e-06
 Reference value :  2.95174e-06
 Reference value :  2.95795e-06
 Reference value :  2.96845e-06
 Reference value :  2.97845e-06
 Reference value :  2.98845e-06
 Reference value :  2.99232e-06
 Reference value :  2.99907e-06
 Reference value :  3.00857e-06
 Reference value :  3.01307e-06
 Reference value :  3.02107e-06
 Reference value :  3.03107e-06
 Reference value :  3.03406e-06
 Reference value :  3.03617e-06
 Reference value :  3.04567e-06
 Reference value :  3.05517e-06
 Reference value :  3.06517e-06
 Reference value :  3.07465e-06
 Reference value :  3.07840e-06
 Reference value :  3.08790e-06
 Reference value :  3.09590e-06
 Reference value :  3.10590e-06
 Reference value :  3.11579e-06
 Reference value :  3.11792e-06
 Reference value :  3.12410e-06
 Reference value :  3.13410e-06
 Reference value :  3.14410e-06
 Reference value :  3.15410e-06
 Reference value :  3.15888e-06
 Reference value :  3.16272e-06
 Reference value :  3.17122e-06
 Reference value :  3.18022e-06
 Reference value :  3.19022e-06
 Reference value :  3.19911e-06
 Reference value :  3.20050e-06
 Reference value :  3.20072e-06
 Reference value :  3.20185e-06
 Reference value :  3.21040e-06
 Reference value :  3.21990e-06
 Reference value :  3.22940e-06
 Reference value :  3.23940e-06
 Reference value :  3.24272e-06
 Reference value :  3.24456e-06
 Reference value :  3.25317e-06
 Reference value :  3.26367e-06
 Reference value :  3.27417e-06
 Reference value :  3.28318e-06
 Reference value :  3.28460e-06
 Reference value :  3.28751e-06
 Reference value :  3.29551e-06
 Reference value :  3.30451e-06
 Reference value :  3.31401e-06
 Reference value :  3.32351e-06
 Reference value :  3.32645e-06
 Reference value :  3.32770e-06
 Reference value :  3.33319e-06
 Reference value :  3.34169e-06
 Reference value :  3.35119e-06
 Reference value :  3.36069e-06
 Reference value :  3.36684e-06
 Reference value :  3.36793e-06
 Reference value :  3.36975e-06
 Reference value :  3.37775e-06
 Reference value :  3.38725e-06
 Reference value :  3.39675e-06
 Reference value :  3.40625e-06
 Reference value :  3.40938e-06
 Reference value :  3.41173e-06
 Reference value :  3.41867e-06
 Reference value :  3.42767e-06
 Reference value :  3.43767e-06
 Reference value :  3.44817e-06
 Reference value :  3.45060e-06
 Reference value :  3.45168e-06
 Reference value :  3.45616e-06
 Reference value :  3.46566e-06
 Reference value :  3.47516e-06
 Reference value :  3.48416e-06
 Reference value :  3.49184e-06
 Reference value :  3.49505e-06
 Reference value :  3.50305e-06
 Reference value :  3.51205e-06
 Reference value :  3.52205e-06
 Reference value :  3.53244e-06
 Reference value :  3.53425e-06
 Reference value :  3.54007e-06
 Reference value :  3.54957e-06
 Reference value :  3.56007e-06
 Reference value :  3.56957e-06
 Reference value :  3.57555e-06
 Reference value :  3.57870e-06
 Reference value :  3.58518e-06
 Reference value :  3.59418e-06
 Reference value :  3.60368e-06
 Reference value :  3.61318e-06
 Reference value :  3.61717e-06
 Reference value :  3.61821e-06
 Reference value :  3.62235e-06
 Reference value :  3.63135e-06
 Reference value :  3.64085e-06
 Reference value :  3.65035e-06
 Reference value :  3.65851e-06
 Reference value :  3.66172e-06
 Reference value :  3.66572e-06
 Reference value :  3.67372e-06
 Reference value :  3.68322e-06
 Reference value :  3.69272e-06
 Reference value :  3.70017e-06
 Reference value :  3.70127e-06
 Reference value :  3.70444e-06
 Reference value :  3.71294e-06
 Reference value :  3.72344e-06
 Reference value :  3.73294e-06
 Reference value :  3.74132e-06
 Reference value :  3.74409e-06
 Reference value :  3.74955e-06
 Reference value :  3.75905e-06
 Reference value :  3.76855e-06
 Reference value :  3.77805e-06
 Reference value :  3.78367e-06
 Reference value :  3.78464e-06
 Reference value :  3.79276e-06
 Reference value :  3.80226e-06
 Reference value :  3.81176e-06
 Reference value :  3.82126e-06
 Reference value :  3.82565e-06
 Reference value :  3.83037e-06
 Reference value :  3.83937e-06
 Reference value :  3.84887e-06
 Reference value :  3.85887e-06
 Reference value :  3.86675e-06
 Reference value :  3.86741e-06
 Reference value :  3.87055e-06
 Reference value :  3.88055e-06
 Reference value :  3.89005e-06
 Reference value :  3.89905e-06
 Reference value :  3.90788e-06
 Reference value :  3.91075e-06
 Reference value :  3.91722e-06
 Reference value :  3.92672e-06
 Reference value :  3.93622e-06
 Reference value :  3.94572e-06
 Reference value :  3.95037e-06
 Reference value :  3.95076e-06
 Reference value :  3.95221e-06
 Reference value :  3.96221e-06
 Reference value :  3.97171e-06
 Reference value :  3.98121e-06
 Reference value :  3.99071e-06
 Reference value :  3.99311e-06
 Reference value :  3.99805e-06
 Reference value :  4.00505e-06
 Reference value :  4.01455e-06
 Reference value :  4.02405e-06
 Reference value :  4.03288e-06
 Reference value :  4.03460e-06
 Reference value :  4.04108e-06
 Reference value :  4.05058e-06
 Reference value :  4.06008e-06
 Reference value :  4.06958e-06
 Reference value :  4.07555e-06
 Reference value :  4.08039e-06
 Reference value :  4.08839e-06
 Reference value :  4.09839e-06
 Reference value :  4.10839e-06
 Reference value :  4.11652e-06
 Reference value :  4.11792e-06
 Reference value :  4.12247e-06
 Reference value :  4.13197e-06
 Reference value :  4.14147e-06
 Reference value :  4.15097e-06
 Reference value :  4.15851e-06
 Reference value :  4.16093e-06
 Reference value :  4.16954e-06
 Reference value :  4.17904e-06
 Reference value :  4.18804e-06
 Reference value :  4.19754e-06
 Reference value :  4.20029e-06
 Reference value :  4.20071e-06
 Reference value :  4.20311e-06
 Reference value :  4.21261e-06
 Reference value :  4.22211e-06
 Reference value :  4.23161e-06
 Reference value :  4.24089e-06
 Reference value :  4.24348e-06
 Reference value :  4.24637e-06
 Reference value :  4.25537e-06
 Reference value :  4.26487e-06
 Reference value :  4.27437e-06
 Reference value :  4.28298e-06
 Reference value :  4.28424e-06
 Reference value :  4.28558e-06
 Reference value :  4.29233e-06
 Reference value :  4.30133e-06
 Reference value :  4.31033e-06
 Reference value :  4.31933e-06
 Reference value :  4.32550e-06
 Reference value :  4.32727e-06
 Reference value :  4.33058e-06
 Reference value :  4.33858e-06
 Reference value :  4.34758e-06
 Reference value :  4.35658e-06
 Reference value :  4.36617e-06
 Reference value :  4.36757e-06
 Reference value :  4.36875e-06
 Reference value :  4.37580e-06
 Reference value :  4.38530e-06
 Reference value :  4.39480e-06
 Reference value :  4.40430e-06
 Reference value :  4.40888e-06
 Reference value :  4.41159e-06
 Reference value :  4.42003e-06
 Reference value :  4.42953e-06
 Reference value :  4.43903e-06
 Reference value :  4.44853e-06
 Reference value :  4.45034e-06
 Reference value :  4.45181e-06
 Reference value :  4.46113e-06
 Reference value :  4.47063e-06
 Reference value :  4.48013e-06
 Reference value :  4.48963e-06
 Reference value :  4.49272e-06
 Reference value :  4.49689e-06
 Reference value :  4.50589e-06
 Reference value :  4.51539e-06
 Reference value :  4.52489e-06
 Reference value :  4.53318e-06
 Reference value :  4.53459e-06
 Reference value :  4.54150e-06
 Reference value :  4.55100e-06
 Reference value :  4.56050e-06
 Reference value :  4.56950e-06
 Reference value :  4.57550e-06
 Reference value :  4.57732e-06
 Reference value :  4.58576e-06
 Reference value :  4.59526e-06
 Reference value :  4.60476e-06
 Reference value :  4.61426e-06
 Reference value :  4.61700e-06
 Reference value :  4.61881e-06
 Reference value :  4.62881e-06
 Reference value :  4.63831e-06
 Reference value :  4.64831e-06
 Reference value :  4.65783e-06
 Reference value :  4.66025e-06
 Reference value :  4.66097e-06
 Reference value :  4.66951e-06
 Reference value :  4.67901e-06
 Reference value :  4.68901e-06
 Reference value :  4.69851e-06
 Reference value :  4.70034e-06
 Reference value :  4.70171e-06
 Reference value :  4.71174e-06
 Reference value :  4.72174e-06
 Reference value :  4.73174e-06
 Reference value :  4.74122e-06
 Reference value :  4.74405e-06
 Reference value :  4.74779e-06
 Reference value :  4.75679e-06
 Reference value :  4.76629e-06
 Reference value :  4.77529e-06
 Reference value :  4.78318e-06
 Reference value :  4.78386e-06
 Reference value :  4.78499e-06
 Reference value :  4.79358e-06
 Reference value :  4.80308e-06
 Reference value :  4.81508e-06
 Reference value :  4.82550e-06
 Reference value :  4.82763e-06
 Reference value :  4.83518e-06
 Reference value :  4.84518e-06
 Reference value :  4.85468e-06
 Reference value :  4.86418e-06
 Reference value :  4.86700e-06
 Reference value :  4.86809e-06
 Reference value :  4.87140e-06
 Reference value :  4.88040e-06
 Reference value :  4.88990e-06
 Reference value :  4.89940e-06
 Reference value :  4.90798e-06
 Reference value :  4.91065e-06
 Reference value :  4.91406e-06
 Reference value :  4.92206e-06
 Reference value :  4.93156e-06
 Reference value :  4.94106e-06
 Reference value :  4.94955e-06
 Reference value :  4.95066e-06
 Reference value :  4.95132e-06
 Reference value :  4.95475e-06
 Reference value :  4.96325e-06
 Reference value :  4.97375e-06
 Reference value :  4.98425e-06
 Reference value :  4.99217e-06
 Reference value :  4.99437e-06
 Reference value :  5.00146e-06
 Reference value :  5.01346e-06
 Reference value :  5.02596e-06
 Reference value :  5.03383e-06
 Reference value :  5.03486e-06
 Reference value :  5.04350e-06
 Reference value :  5.05350e-06
 Reference value :  5.06250e-06
 Reference value :  5.07200e-06
 Reference value :  5.07585e-06
 Reference value :  5.07980e-06
 Reference value :  5.08930e-06
 Reference value :  5.09880e-06
 Reference value :  5.10830e-06
 Reference value :  5.11652e-06
 Reference value :  5.11794e-06
 Reference value :  5.12285e-06
 Reference value :  5.13185e-06
 Reference value :  5.14135e-06
 Reference value :  5.15085e-06
 Reference value :  5.15883e-06
 Reference value :  5.16108e-06
 Reference value :  5.16980e-06
 Reference value :  5.17880e-06
 Reference value :  5.18780e-06
 Reference value :  5.19730e-06
 Reference value :  5.20029e-06
 Reference value :  5.20072e-06
 Reference value :  5.20149e-06
 Reference value :  5.20942e-06
 Reference value :  5.22342e-06
 Reference value :  5.23792e-06
 Reference value :  5.24348e-06
 Reference value :  5.25451e-06
 Reference value :  5.26751e-06
 Reference value :  5.27901e-06
 Reference value :  5.28367e-06
 Reference value :  5.28482e-06
 Reference value :  5.29292e-06
 Reference value :  5.30242e-06
 Reference value :  5.31192e-06
 Reference value :  5.32142e-06
 Reference value :  5.32565e-06
 Reference value :  5.32762e-06
 Reference value :  5.32934e-06
 Reference value :  5.33834e-06
 Reference value :  5.34784e-06
 Reference value :  5.35734e-06
 Reference value :  5.36622e-06
 Reference value :  5.36758e-06
 Reference value :  5.36832e-06
 Reference value :  5.37393e-06
 Reference value :  5.38193e-06
 Reference value :  5.39143e-06
 Reference value :  5.40043e-06
 Reference value :  5.40818e-06
 Reference value :  5.41065e-06
 Reference value :  5.41806e-06
 Reference value :  5.42706e-06
 Reference value :  5.43656e-06
 Reference value :  5.44556e-06
 Reference value :  5.45034e-06
 Reference value :  5.45185e-06
 Reference value :  5.46070e-06
 Reference value :  5.46970e-06
 Reference value :  5.47920e-06
 Reference value :  5.48820e-06
 Reference value :  5.49232e-06
 Reference value :  5.49430e-06
 Reference value :  5.49850e-06
 Reference value :  5.50700e-06
 Reference value :  5.51600e-06
 Reference value :  5.52500e-06
 Reference value :  5.53318e-06
 Reference value :  5.53444e-06
 Reference value :  5.53519e-06
 Reference value :  5.54114e-06
 Reference value :  5.54964e-06
 Reference value :  5.55914e-06
 Reference value :  5.56864e-06
 Reference value :  5.57550e-06
 Reference value :  5.57734e-06
 Reference value :  5.57799e-06
 Reference value :  5.58252e-06
 Reference value :  5.59152e-06
 Reference value :  5.60102e-06
 Reference value :  5.61052e-06
 Reference value :  5.61684e-06
 Reference value :  5.61793e-06
 Reference value :  5.61946e-06
 Reference value :  5.62646e-06
 Reference value :  5.63496e-06
 Reference value :  5.64446e-06
 Reference value :  5.65396e-06
 Reference value :  5.65888e-06
 Reference value :  5.66097e-06
 Reference value :  5.66890e-06
 Reference value :  5.67940e-06
 Reference value :  5.68890e-06
 Reference value :  5.69840e-06
 Reference value :  5.70060e-06
 Reference value :  5.70325e-06
 Reference value :  5.71275e-06
 Reference value :  5.72225e-06
 Reference value :  5.73175e-06
 Reference value :  5.74071e-06
 Reference value :  5.74358e-06
 Reference value :  5.74518e-06
 Reference value :  5.75033e-06
 Reference value :  5.75933e-06
 Reference value :  5.76883e-06
 Reference value :  5.77833e-06
 Reference value :  5.78367e-06
 Reference value :  5.78466e-06
 Reference value :  5.78869e-06
 Reference value :  5.79669e-06
 Reference value :  5.80619e-06
 Reference value :  5.81619e-06
 Reference value :  5.82550e-06
 Reference value :  5.82730e-06
 Reference value :  5.83131e-06
 Reference value :  5.84081e-06
 Reference value :  5.85031e-06
 Reference value :  5.85981e-06
 Reference value :  5.86684e-06
 Reference value :  5.86801e-06
 Reference value :  5.87573e-06
 Reference value :  5.88523e-06
 Reference value :  5.89523e-06
 Reference value :  5.90473e-06
 Reference value :  5.90898e-06
 Reference value :  5.91063e-06
 Reference value :  5.91409e-06
 Reference value :  5.92359e-06
 Reference value :  5.93359e-06
 Reference value :  5.94309e-06
 Reference value :  5.95017e-06
 Reference value :  5.95136e-06
 Reference value :  5.95959e-06
 Reference value :  5.96909e-06
 Reference value :  5.97859e-06
 Reference value :  5.98809e-06
 Reference value :  5.99232e-06
 Reference value :  5.99397e-06
 Reference value :  5.99494e-06
 Reference value :  6.00194e-06
 Reference value :  6.01194e-06
 Reference value :  6.02244e-06
 Reference value :  6.03283e-06
 Reference value :  6.03459e-06
 Reference value :  6.04101e-06
 Reference value :  6.05051e-06
 Reference value :  6.06051e-06
 Reference value :  6.07001e-06
 Reference value :  6.07555e-06
 Reference value :  6.07698e-06
 Reference value :  6.08098e-06
 Reference value :  6.09098e-06
 Reference value :  6.10048e-06
 Reference value :  6.10998e-06
 Reference value :  6.11684e-06
 Reference value :  6.11819e-06
 Reference value :  6.12583e-06
 Reference value :  6.13583e-06
 Reference value :  6.14533e-06
 Reference value :  6.15533e-06
 Reference value :  6.15918e-06
 Reference value :  6.16480e-06
 Reference value :  6.17380e-06
 Reference value :  6.18330e-06
 Reference value :  6.19280e-06
 Reference value :  6.20012e-06
 Reference value :  6.20070e-06
 Reference value :  6.20163e-06
 Reference value :  6.20991e-06
 Reference value :  6.21941e-06
 Reference value :  6.22941e-06
 Reference value :  6.23891e-06
 Reference value :  6.24252e-06
 Reference value :  6.24744e-06
 Reference value :  6.25644e-06
 Reference value :  6.26594e-06
 Reference value :  6.27644e-06
No. of Data Rows : 14138

  Measurements for Transient Analysis

d9_c1               =  3.10147e-07
d8_c1               =  1.62001e+00
d7_c1               =  1.62001e+00
d6_c1               =  3.16921e-07
d5_c1               =  1.62001e+00
d4_c1               =  3.20749e-07
d3_c1               =  3.09801e-07
d2_c1               =  1.62001e+00
d1_c1               =  3.10627e-07
d0_c1               =  1.62001e+00
d9_c2               =  3.74602e-07
d8_c2               =  1.62001e+00
d7_c2               =  1.62001e+00
d6_c2               =  1.62001e+00
d5_c2               =  1.62001e+00
d4_c2               =  1.62001e+00
d3_c2               =  1.62001e+00
d2_c2               =  1.62001e+00
d1_c2               =  1.62001e+00
d0_c2               =  1.62001e+00
d9_c3               =  4.54631e-07
d8_c3               =  1.62001e+00
d7_c3               =  1.62001e+00
d6_c3               =  3.63783e-08
d5_c3               =  1.62001e+00
d4_c3               =  1.62001e+00
d3_c3               =  4.17063e-08
d2_c3               =  4.58410e-08
d1_c3               =  2.67717e-08
d0_c3               =  1.62001e+00
d9_c4               =  4.59821e-07
d8_c4               =  1.62001e+00
d7_c4               =  9.99840e-09
d6_c4               =  1.28710e-08
d5_c4               =  1.56433e-08
d4_c4               =  1.89794e-08
d3_c4               =  8.88199e-09
d2_c4               =  1.62001e+00
d1_c4               =  1.62001e+00
d0_c4               =  1.62001e+00
d9_c5               =  1.62001e+00
d8_c5               =  1.85977e-07
d7_c5               =  1.62001e+00
d6_c5               =  1.83033e-07
d5_c5               =  1.80807e-07
d4_c5               =  1.62001e+00
d3_c5               =  1.75542e-07
d2_c5               =  1.62001e+00
d1_c5               =  1.62001e+00
d0_c5               =  1.62001e+00
busy_c1_p0          =  1.62000e+00
smpl_c1_p0          =  3.99209e-06
busy_c1_p1          =  1.62000e+00
smpl_c1_p1          =  4.10612e-06
busy_c1_p2          =  1.62000e+00
smpl_c1_p2          =  4.15059e-06
busy_c1_p3          =  1.62000e+00
smpl_c1_p3          =  4.13029e-06
busy_c1_p4          =  1.62000e+00
smpl_c1_p4          =  4.13579e-06
busy_c1_p5          =  1.62000e+00
smpl_c1_p5          =  4.12379e-06
busy_c1_p6          =  1.62000e+00
smpl_c1_p6          =  4.13567e-06
busy_c1_p7          =  1.62000e+00
smpl_c1_p7          =  4.13050e-06
busy_c1_p8          =  1.62000e+00
smpl_c1_p8          =  4.11684e-06
busy_c1_p9          =  1.62000e+00
smpl_c1_p9          =  4.12793e-06
busy_c1_p10         =  1.62000e+00
smpl_c1_p10         =  4.12896e-06
busy_c1_p11         =  1.20002e-06
smpl_c1_p11         =  1.61996e+00
busy_c2_p0          =  1.62000e+00
smpl_c2_p0          =  -9.28240e-07
busy_c2_p1          =  1.62000e+00
smpl_c2_p1          =  4.11265e-06
busy_c2_p2          =  1.62000e+00
smpl_c2_p2          =  4.17182e-06
busy_c2_p3          =  1.62000e+00
smpl_c2_p3          =  4.16485e-06
busy_c2_p4          =  1.62000e+00
smpl_c2_p4          =  4.17486e-06
busy_c2_p5          =  1.62000e+00
smpl_c2_p5          =  4.19199e-06
busy_c2_p6          =  1.62000e+00
smpl_c2_p6          =  4.19990e-06
busy_c2_p7          =  1.62000e+00
smpl_c2_p7          =  4.20088e-06
busy_c2_p8          =  1.62000e+00
smpl_c2_p8          =  4.21663e-06
busy_c2_p9          =  1.62000e+00
smpl_c2_p9          =  4.21148e-06
busy_c2_p10         =  1.62000e+00
smpl_c2_p10         =  4.20602e-06
busy_c2_p11         =  1.56694e-06
smpl_c2_p11         =  1.61999e+00
busy_c3_p0          =  1.62000e+00
smpl_c3_p0          =  -3.60299e-06
busy_c3_p1          =  1.62000e+00
smpl_c3_p1          =  4.10798e-06
busy_c3_p2          =  1.62000e+00
smpl_c3_p2          =  4.20909e-06
busy_c3_p3          =  1.62000e+00
smpl_c3_p3          =  4.25937e-06
busy_c3_p4          =  1.62000e+00
smpl_c3_p4          =  4.24361e-06
busy_c3_p5          =  1.62000e+00
smpl_c3_p5          =  4.24148e-06
busy_c3_p6          =  1.62000e+00
smpl_c3_p6          =  4.24873e-06
busy_c3_p7          =  1.62000e+00
smpl_c3_p7          =  4.24991e-06
busy_c3_p8          =  1.62000e+00
smpl_c3_p8          =  4.25224e-06
busy_c3_p9          =  1.62000e+00
smpl_c3_p9          =  4.25192e-06
busy_c3_p10         =  1.62000e+00
smpl_c3_p10         =  4.25347e-06
busy_c3_p11         =  1.18290e-06
smpl_c3_p11         =  1.61999e+00
busy_c4_p0          =  1.62000e+00
smpl_c4_p0          =  -1.79653e-06
busy_c4_p1          =  1.62000e+00
smpl_c4_p1          =  4.15256e-06
busy_c4_p2          =  1.62000e+00
smpl_c4_p2          =  4.22829e-06
busy_c4_p3          =  1.62000e+00
smpl_c4_p3          =  4.24380e-06
busy_c4_p4          =  1.62000e+00
smpl_c4_p4          =  4.28428e-06
busy_c4_p5          =  1.62000e+00
smpl_c4_p5          =  4.30058e-06
busy_c4_p6          =  1.62000e+00
smpl_c4_p6          =  4.32252e-06
busy_c4_p7          =  1.62000e+00
smpl_c4_p7          =  4.30740e-06
busy_c4_p8          =  1.62000e+00
smpl_c4_p8          =  4.30793e-06
busy_c4_p9          =  1.62000e+00
smpl_c4_p9          =  4.31246e-06
busy_c4_p10         =  1.62000e+00
smpl_c4_p10         =  4.32246e-06
busy_c4_p11         =  1.14267e-06
smpl_c4_p11         =  1.61997e+00
busy_c5_p0          =  1.62000e+00
smpl_c5_p0          =  3.98640e-06
busy_c5_p1          =  1.62000e+00
smpl_c5_p1          =  4.24336e-06
busy_c5_p2          =  1.62000e+00
smpl_c5_p2          =  4.31161e-06
busy_c5_p3          =  1.62000e+00
smpl_c5_p3          =  4.26168e-06
busy_c5_p4          =  1.62000e+00
smpl_c5_p4          =  4.29063e-06
busy_c5_p5          =  1.62000e+00
smpl_c5_p5          =  4.29777e-06
busy_c5_p6          =  1.62000e+00
smpl_c5_p6          =  4.31171e-06
busy_c5_p7          =  1.62000e+00
smpl_c5_p7          =  4.30765e-06
busy_c5_p8          =  1.62000e+00
smpl_c5_p8          =  4.30636e-06
busy_c5_p9          =  1.62000e+00
smpl_c5_p9          =  4.31005e-06
busy_c5_p10         =  1.62000e+00
smpl_c5_p10         =  4.31295e-06
busy_c5_p11         =  3.86148e-08
smpl_c5_p11         =  1.62000e+00
i_vdd               =  -1.90903e-06 from=  3.20000e-06 to=  4.20008e-06
i_vpwr              =  -5.93239e-06 from=  3.20000e-06 to=  4.20008e-06
i_vrefp             =  -3.69191e-06 from=  3.20000e-06 to=  4.20008e-06
i_vrefn             =  2.60530e-06 from=  3.20000e-06 to=  4.20008e-06
i_vcm               =  -7.51751e-10 from=  3.20000e-06 to=  4.20008e-06


Total analysis time (seconds) = 631.484

Total elapsed time (seconds) = 724.232 

Total DRAM available = 98304.000 MB.
DRAM currently available = 23983.453 MB.
Maximum ngspice program size =  724.172 MB.
Current ngspice program size =  724.172 MB.

