
Note: Compatibility modes selected: hs a


Circuit: * comparator-decision offset-bisect decision-boundary probe -- vindiff=-50.0mv corner=tt_mm temp=27.0c (issue #515)

option SCALE: Scale is set to 1e-06 for instance and model parameters
option SCALE: Scale is set to 1e-06 for instance and model parameters
option SCALE: Scale is set to 1e-06 for instance and model parameters
option SCALE: Scale is set to 1e-06 for instance and model parameters
Doing analysis at TEMP = 27.000000 and TNOM = 27.000000

Using KLU as Direct Linear Solver
 Reference value :  0.00000e+00
 Reference value :  4.00000e-13
 Reference value :  1.14000e-11
 Reference value :  3.14000e-11
 Reference value :  7.14000e-11
 Reference value :  9.21400e-10
 Reference value :  9.41400e-10
 Reference value :  9.61400e-10
 Reference value :  1.00140e-09
 Reference value :  1.01640e-09
 Reference value :  1.03640e-09
 Reference value :  2.65140e-09
 Reference value :  5.09625e-09
 Reference value :  5.37250e-09
 Reference value :  6.72750e-09
 Reference value :  6.74750e-09
 Reference value :  9.86250e-09
 Reference value :  1.31525e-08
 Reference value :  1.58225e-08
 Reference value :  1.94375e-08
 Reference value :  2.27775e-08
No. of Data Rows : 5034
Note: Simulation executed from .control section 
