
Note: Compatibility modes selected: hs a


Circuit: * comparator-decision offset-bisect decision-boundary probe -- vindiff=200.0mv corner=tt_mm temp=27.0c (issue #515)

option SCALE: Scale is set to 1e-06 for instance and model parameters
option SCALE: Scale is set to 1e-06 for instance and model parameters
option SCALE: Scale is set to 1e-06 for instance and model parameters
option SCALE: Scale is set to 1e-06 for instance and model parameters
Doing analysis at TEMP = 27.000000 and TNOM = 27.000000

Using KLU as Direct Linear Solver
 Reference value :  0.00000e+00
 Reference value :  3.16400e-10
 Reference value :  3.31400e-10
 Reference value :  3.51400e-10
 Reference value :  3.66400e-10
 Reference value :  3.86400e-10
 Reference value :  4.06400e-10
 Reference value :  4.31400e-10
 Reference value :  4.46400e-10
 Reference value :  4.66400e-10
 Reference value :  4.86400e-10
 Reference value :  1.31640e-09
 Reference value :  1.33640e-09
 Reference value :  1.35640e-09
 Reference value :  1.37640e-09
 Reference value :  4.83140e-09
 Reference value :  9.21250e-09
 Reference value :  1.29175e-08
 Reference value :  1.70625e-08
 Reference value :  2.11625e-08
No. of Data Rows : 5034
Note: Simulation executed from .control section 
