
Note: Compatibility modes selected: hs a


Circuit: * comparator-decision offset-bisect decision-boundary probe -- vindiff=-3.689575mv corner=tt_mm temp=27.0c (issue #515)

option SCALE: Scale is set to 1e-06 for instance and model parameters
option SCALE: Scale is set to 1e-06 for instance and model parameters
option SCALE: Scale is set to 1e-06 for instance and model parameters
option SCALE: Scale is set to 1e-06 for instance and model parameters
Doing analysis at TEMP = 27.000000 and TNOM = 27.000000

Using KLU as Direct Linear Solver
 Reference value :  0.00000e+00
 Reference value :  3.56140e-09
 Reference value :  6.79250e-09
 Reference value :  1.07425e-08
 Reference value :  1.12975e-08
 Reference value :  1.20025e-08
 Reference value :  1.27375e-08
 Reference value :  1.27575e-08
 Reference value :  1.54225e-08
 Reference value :  1.78425e-08
 Reference value :  1.87275e-08
 Reference value :  1.87475e-08
 Reference value :  1.98275e-08
 Reference value :  2.10925e-08
 Reference value :  2.40775e-08
No. of Data Rows : 5034
Note: Simulation executed from .control section 
