
Note: Compatibility modes selected: hs a


Circuit: * comparator-decision offset-bisect decision-boundary probe -- vindiff=7.166748mv corner=tt_mm temp=27.0c (issue #515)

option SCALE: Scale is set to 1e-06 for instance and model parameters
option SCALE: Scale is set to 1e-06 for instance and model parameters
option SCALE: Scale is set to 1e-06 for instance and model parameters
option SCALE: Scale is set to 1e-06 for instance and model parameters
Doing analysis at TEMP = 27.000000 and TNOM = 27.000000

Using KLU as Direct Linear Solver
 Reference value :  0.00000e+00
 Reference value :  1.03640e-09
 Reference value :  2.69140e-09
 Reference value :  6.34250e-09
 Reference value :  9.69250e-09
 Reference value :  1.31275e-08
 Reference value :  1.59375e-08
 Reference value :  1.84675e-08
 Reference value :  1.86075e-08
 Reference value :  1.86225e-08
 Reference value :  2.07225e-08
 Reference value :  2.46825e-08
No. of Data Rows : 5034
Note: Simulation executed from .control section 
