
Note: Compatibility modes selected: hs a


Circuit: * comparator-decision offset-bisect decision-boundary probe -- vindiff=0.0mv corner=tt_mm temp=27.0c (issue #515)

option SCALE: Scale is set to 1e-06 for instance and model parameters
option SCALE: Scale is set to 1e-06 for instance and model parameters
option SCALE: Scale is set to 1e-06 for instance and model parameters
option SCALE: Scale is set to 1e-06 for instance and model parameters
Doing analysis at TEMP = 27.000000 and TNOM = 27.000000

Using KLU as Direct Linear Solver
 Reference value :  0.00000e+00
 Reference value :  1.13640e-09
 Reference value :  1.55140e-09
 Reference value :  4.07640e-09
 Reference value :  5.03250e-09
 Reference value :  5.05250e-09
 Reference value :  5.71750e-09
 Reference value :  5.73250e-09
 Reference value :  5.94250e-09
 Reference value :  5.96750e-09
 Reference value :  6.97250e-09
 Reference value :  7.53250e-09
 Reference value :  8.09750e-09
 Reference value :  1.01625e-08
 Reference value :  1.09025e-08
 Reference value :  1.30125e-08
 Reference value :  1.53625e-08
 Reference value :  1.66775e-08
 Reference value :  1.76725e-08
 Reference value :  1.76925e-08
 Reference value :  2.08425e-08
 Reference value :  2.30625e-08
 Reference value :  2.38825e-08
No. of Data Rows : 5034
Note: Simulation executed from .control section 
