
Note: Compatibility modes selected: hs a


Circuit: * comparator-decision offset-bisect decision-boundary probe -- vindiff=1.483154mv corner=tt_mm temp=27.0c (issue #515)

option SCALE: Scale is set to 1e-06 for instance and model parameters
option SCALE: Scale is set to 1e-06 for instance and model parameters
option SCALE: Scale is set to 1e-06 for instance and model parameters
option SCALE: Scale is set to 1e-06 for instance and model parameters
Doing analysis at TEMP = 27.000000 and TNOM = 27.000000

Using KLU as Direct Linear Solver
 Reference value :  0.00000e+00
 Reference value :  4.46400e-10
 Reference value :  4.66400e-10
 Reference value :  4.86400e-10
 Reference value :  5.06400e-10
 Reference value :  5.26400e-10
 Reference value :  5.41400e-10
 Reference value :  5.61400e-10
 Reference value :  5.76400e-10
 Reference value :  5.96400e-10
 Reference value :  6.11400e-10
 Reference value :  6.31400e-10
 Reference value :  6.51400e-10
 Reference value :  1.07140e-09
 Reference value :  1.09140e-09
 Reference value :  1.10640e-09
 Reference value :  1.12140e-09
 Reference value :  1.14140e-09
 Reference value :  1.29640e-09
 Reference value :  4.57640e-09
 Reference value :  7.26250e-09
 Reference value :  1.03375e-08
 Reference value :  1.39125e-08
 Reference value :  1.70375e-08
 Reference value :  2.07125e-08
 Reference value :  2.36125e-08
No. of Data Rows : 5034
Note: Simulation executed from .control section 
