
Note: Compatibility modes selected: hs a


Circuit: * comparator-decision offset-bisect decision-boundary probe -- vindiff=10.0mv corner=tt temp=27.0c (issue #515)

option SCALE: Scale is set to 1e-06 for instance and model parameters
option SCALE: Scale is set to 1e-06 for instance and model parameters
option SCALE: Scale is set to 1e-06 for instance and model parameters
option SCALE: Scale is set to 1e-06 for instance and model parameters
Doing analysis at TEMP = 27.000000 and TNOM = 27.000000

Using KLU as Direct Linear Solver
 Reference value :  0.00000e+00
 Reference value :  2.00000e-13
 Reference value :  1.60000e-12
 Reference value :  1.14000e-11
 Reference value :  3.14000e-11
 Reference value :  5.14000e-11
 Reference value :  7.14000e-11
 Reference value :  9.14000e-11
 Reference value :  1.11400e-10
 Reference value :  5.46400e-10
 Reference value :  5.61400e-10
 Reference value :  5.76400e-10
 Reference value :  5.91400e-10
 Reference value :  6.11400e-10
 Reference value :  2.79640e-09
 Reference value :  2.81640e-09
 Reference value :  2.95140e-09
 Reference value :  3.25640e-09
 Reference value :  3.27640e-09
 Reference value :  3.29640e-09
 Reference value :  3.31640e-09
 Reference value :  3.33640e-09
 Reference value :  3.63140e-09
 Reference value :  3.65140e-09
 Reference value :  3.67140e-09
 Reference value :  3.68640e-09
 Reference value :  3.70640e-09
 Reference value :  3.72640e-09
 Reference value :  3.74640e-09
 Reference value :  3.76640e-09
 Reference value :  3.78640e-09
 Reference value :  3.80640e-09
 Reference value :  3.82140e-09
 Reference value :  3.84140e-09
 Reference value :  3.86140e-09
 Reference value :  3.88140e-09
 Reference value :  4.34140e-09
 Reference value :  4.36140e-09
 Reference value :  4.81140e-09
 Reference value :  4.83140e-09
 Reference value :  4.85140e-09
 Reference value :  4.86640e-09
 Reference value :  4.88640e-09
 Reference value :  6.48750e-09
 Reference value :  6.50250e-09
 Reference value :  6.52250e-09
 Reference value :  6.54250e-09
 Reference value :  6.56250e-09
 Reference value :  6.58250e-09
 Reference value :  6.60250e-09
 Reference value :  6.62250e-09
 Reference value :  6.64250e-09
 Reference value :  6.66250e-09
 Reference value :  6.68250e-09
 Reference value :  6.70250e-09
 Reference value :  7.11750e-09
 Reference value :  7.13250e-09
 Reference value :  7.15250e-09
 Reference value :  7.16750e-09
 Reference value :  7.18750e-09
 Reference value :  7.20250e-09
 Reference value :  7.22250e-09
 Reference value :  7.24250e-09
 Reference value :  7.26250e-09
 Reference value :  7.27750e-09
 Reference value :  7.72750e-09
 Reference value :  7.75250e-09
 Reference value :  7.77250e-09
 Reference value :  7.79250e-09
 Reference value :  7.81250e-09
 Reference value :  7.83250e-09
 Reference value :  7.85250e-09
 Reference value :  7.87250e-09
 Reference value :  7.89250e-09
 Reference value :  7.91250e-09
 Reference value :  7.93250e-09
 Reference value :  8.30250e-09
 Reference value :  8.32250e-09
 Reference value :  8.34250e-09
 Reference value :  8.41750e-09
 Reference value :  8.43750e-09
 Reference value :  8.45250e-09
 Reference value :  8.47250e-09
 Reference value :  8.49250e-09
 Reference value :  8.50750e-09
 Reference value :  8.52750e-09
 Reference value :  8.54750e-09
 Reference value :  8.56250e-09
 Reference value :  8.58250e-09
 Reference value :  8.59750e-09
 Reference value :  8.61250e-09
 Reference value :  8.63250e-09
 Reference value :  8.65250e-09
 Reference value :  9.10250e-09
 Reference value :  9.12250e-09
 Reference value :  9.14250e-09
 Reference value :  9.15750e-09
 Reference value :  9.17750e-09
 Reference value :  9.19750e-09
 Reference value :  9.21750e-09
 Reference value :  9.23750e-09
 Reference value :  9.25250e-09
 Reference value :  9.27750e-09
 Reference value :  9.29250e-09
 Reference value :  9.31250e-09
 Reference value :  9.32750e-09
 Reference value :  9.34750e-09
 Reference value :  9.36750e-09
 Reference value :  9.38250e-09
 Reference value :  1.02225e-08
 Reference value :  1.08875e-08
 Reference value :  1.20975e-08
 Reference value :  1.45125e-08
 Reference value :  1.45275e-08
 Reference value :  1.74675e-08
 Reference value :  1.89675e-08
 Reference value :  1.89875e-08
 Reference value :  2.31225e-08
 Reference value :  2.41175e-08
 Reference value :  2.45525e-08
No. of Data Rows : 5034
Note: Simulation executed from .control section 
