
Note: Compatibility modes selected: hs a


Circuit: * comparator-decision offset-bisect decision-boundary probe -- vindiff=-200.0mv corner=tt temp=27.0c (issue #515)

option SCALE: Scale is set to 1e-06 for instance and model parameters
option SCALE: Scale is set to 1e-06 for instance and model parameters
option SCALE: Scale is set to 1e-06 for instance and model parameters
option SCALE: Scale is set to 1e-06 for instance and model parameters
Doing analysis at TEMP = 27.000000 and TNOM = 27.000000

Using KLU as Direct Linear Solver
 Reference value :  0.00000e+00
 Reference value :  2.43140e-09
 Reference value :  5.66250e-09
 Reference value :  8.88250e-09
 Reference value :  1.30225e-08
 Reference value :  1.60525e-08
 Reference value :  1.98825e-08
 Reference value :  2.34025e-08
 Reference value :  2.34225e-08
 Reference value :  2.49375e-08
No. of Data Rows : 5034
Note: Simulation executed from .control section 
