
Note: Compatibility modes selected: hs a


Circuit: * comparator-decision offset-bisect decision-boundary probe -- vindiff=200.0mv corner=tt temp=27.0c (issue #515)

option SCALE: Scale is set to 1e-06 for instance and model parameters
option SCALE: Scale is set to 1e-06 for instance and model parameters
option SCALE: Scale is set to 1e-06 for instance and model parameters
option SCALE: Scale is set to 1e-06 for instance and model parameters
Doing analysis at TEMP = 27.000000 and TNOM = 27.000000

Using KLU as Direct Linear Solver
 Reference value :  0.00000e+00
 Reference value :  4.00000e-13
 Reference value :  2.75640e-09
 Reference value :  5.82250e-09
 Reference value :  9.15250e-09
 Reference value :  1.31575e-08
 Reference value :  1.65775e-08
 Reference value :  2.00325e-08
 Reference value :  2.40575e-08
 Reference value :  2.44225e-08
No. of Data Rows : 5034
Note: Simulation executed from .control section 
