
Note: Compatibility modes selected: hs a


Circuit: * sar-sequencer-behavioral -- standalone testbench (issue #55), not a

option SCALE: Scale is set to 1e-06 for instance and model parameters
option SCALE: Scale is set to 1e-06 for instance and model parameters
option SCALE: Scale is set to 1e-06 for instance and model parameters
option SCALE: Scale is set to 1e-06 for instance and model parameters
Doing analysis at TEMP = 27.000000 and TNOM = 27.000000

Using KLU as Direct Linear Solver
 Reference value :  0.00000e+00
 Reference value :  3.06400e-08
 Reference value :  5.42500e-08
 Reference value :  7.67500e-08
 Reference value :  1.02000e-07
 Reference value :  1.22250e-07
 Reference value :  1.43750e-07
 Reference value :  1.61681e-07
 Reference value :  1.84681e-07
 Reference value :  2.04750e-07
 Reference value :  2.26250e-07
 Reference value :  2.50000e-07
 Reference value :  2.67536e-07
 Reference value :  2.83545e-07
 Reference value :  3.03670e-07
 Reference value :  3.28170e-07
 Reference value :  3.51000e-07
 Reference value :  3.70198e-07
 Reference value :  3.92482e-07
 Reference value :  4.12170e-07
 Reference value :  4.38170e-07
 Reference value :  4.53594e-07
 Reference value :  4.79772e-07
 Reference value :  5.09670e-07
 Reference value :  5.32170e-07
 Reference value :  5.51000e-07
 Reference value :  5.69960e-07
 Reference value :  5.90982e-07
 Reference value :  6.11170e-07
 Reference value :  6.36170e-07
 Reference value :  6.52577e-07
 Reference value :  6.70280e-07
 Reference value :  6.93545e-07
 Reference value :  7.14170e-07
 Reference value :  7.38170e-07
 Reference value :  7.55595e-07
 Reference value :  7.71272e-07
 Reference value :  7.97772e-07
 Reference value :  8.16170e-07
 Reference value :  8.39170e-07
 Reference value :  8.56100e-07
 Reference value :  8.73045e-07
 Reference value :  8.96045e-07
 Reference value :  9.17170e-07
 Reference value :  9.48170e-07
 Reference value :  9.67094e-07
 Reference value :  9.85772e-07
 Reference value :  1.00967e-06
 Reference value :  1.03617e-06
 Reference value :  1.05707e-06
 Reference value :  1.08055e-06
 Reference value :  1.10235e-06
 Reference value :  1.13217e-06
 Reference value :  1.15409e-06
 Reference value :  1.18098e-06
 Reference value :  1.20717e-06
 Reference value :  1.23317e-06
 Reference value :  1.25662e-06
 Reference value :  1.28062e-06
 Reference value :  1.30767e-06
 Reference value :  1.33567e-06
 Reference value :  1.35218e-06
 Reference value :  1.37468e-06
 Reference value :  1.40059e-06
 Reference value :  1.41825e-06
 Reference value :  1.44075e-06
 Reference value :  1.45854e-06
 Reference value :  1.47343e-06
 Reference value :  1.49543e-06
 Reference value :  1.51217e-06
 Reference value :  1.53367e-06
 Reference value :  1.55129e-06
 Reference value :  1.57098e-06
 Reference value :  1.59548e-06
 Reference value :  1.61567e-06
 Reference value :  1.64017e-06
 Reference value :  1.66060e-06
 Reference value :  1.67805e-06
 Reference value :  1.70200e-06
 Reference value :  1.72417e-06
 Reference value :  1.74717e-06
 Reference value :  1.76659e-06
 Reference value :  1.78498e-06
 Reference value :  1.80717e-06
 Reference value :  1.83067e-06
 Reference value :  1.85128e-06
 Reference value :  1.87044e-06
 Reference value :  1.89393e-06
 Reference value :  1.91367e-06
 Reference value :  1.93867e-06
 Reference value :  1.95460e-06
 Reference value :  1.97205e-06
 Reference value :  1.99855e-06
 Reference value :  2.01867e-06
 Reference value :  2.04817e-06
 Reference value :  2.07003e-06
 Reference value :  2.09093e-06
 Reference value :  2.11117e-06
 Reference value :  2.13617e-06
 Reference value :  2.15960e-06
 Reference value :  2.17755e-06
 Reference value :  2.20200e-06
 Reference value :  2.22367e-06
 Reference value :  2.24917e-06
 Reference value :  2.26657e-06
 Reference value :  2.28493e-06
 Reference value :  2.30717e-06
 Reference value :  2.33217e-06
 Reference value :  2.35112e-06
 Reference value :  2.37098e-06
 Reference value :  2.39998e-06
 Reference value :  2.42717e-06
 Reference value :  2.45511e-06
 Reference value :  2.48111e-06
 Reference value :  2.50517e-06
 Reference value :  2.52917e-06
 Reference value :  2.55136e-06
 Reference value :  2.57418e-06
 Reference value :  2.59668e-06
 Reference value :  2.61675e-06
 Reference value :  2.64025e-06
 Reference value :  2.65704e-06
 Reference value :  2.68004e-06
No. of Data Rows : 5923

  Measurements for Transient Analysis

phsample_c1         =  1.80000e+00
phb9_c1             =  1.80006e+00
phb8_c1             =  1.80000e+00
phb7_c1             =  1.80000e+00
phb6_c1             =  1.80000e+00
phb5_c1             =  1.80006e+00
phb4_c1             =  1.80000e+00
phb3_c1             =  1.80006e+00
phb2_c1             =  1.80000e+00
phb1_c1             =  1.80006e+00
phb0_c1             =  1.80000e+00
pheoc_c1            =  1.80001e+00
dout9_c1            =  1.79999e+00
dout8_c1            =  1.79999e+00
dout7_c1            =  2.38431e-07
dout6_c1            =  2.40945e-07
dout5_c1            =  1.79999e+00
dout4_c1            =  2.39757e-07
dout3_c1            =  1.79999e+00
dout2_c1            =  2.41477e-07
dout1_c1            =  1.79999e+00
dout0_c1            =  1.80000e+00
dout9_early_c1      =  1.80000e+00
phb9_c2             =  1.80000e+00
pheoc_c2            =  1.80001e+00
dout9_c2            =  2.99948e-07
dout8_c2            =  2.94859e-07
dout7_c2            =  1.79999e+00
dout6_c2            =  1.79999e+00
dout5_c2            =  2.99896e-07
dout4_c2            =  1.79999e+00
dout3_c2            =  2.93635e-07
dout2_c2            =  1.79999e+00
dout1_c2            =  2.62474e-07
dout0_c2            =  -5.72502e-05


Total analysis time (seconds) = 38.6866

Total elapsed time (seconds) = 55.127 

Total DRAM available = 49152.000 MB.
DRAM currently available = 28656.844 MB.
Maximum ngspice program size =  514.406 MB.
Current ngspice program size =  514.406 MB.

Note: Starting dynamic gmin stepping
Note: Dynamic gmin stepping completed
