
Note: Compatibility modes selected: hs a


Circuit: * sim/full-conversion-transient -- end-to-end full-conversion transient

option SCALE: Scale is set to 1e-06 for instance and model parameters
option SCALE: Scale is set to 1e-06 for instance and model parameters
option SCALE: Scale is set to 1e-06 for instance and model parameters
option SCALE: Scale is set to 1e-06 for instance and model parameters
Doing analysis at TEMP = 27.000000 and TNOM = 27.000000

Using KLU as Direct Linear Solver
 Reference value :  0.00000e+00
 Reference value :  1.21400e-08
 Reference value :  2.13500e-08
 Reference value :  3.12500e-08
 Reference value :  4.12500e-08
 Reference value :  5.12500e-08
 Reference value :  6.22500e-08
 Reference value :  7.22500e-08
 Reference value :  8.27500e-08
 Reference value :  9.32500e-08
 Reference value :  1.03750e-07
 Reference value :  1.13750e-07
 Reference value :  1.25250e-07
 Reference value :  1.38750e-07
 Reference value :  1.53750e-07
 Reference value :  1.69250e-07
 Reference value :  1.85750e-07
 Reference value :  1.99650e-07
 Reference value :  2.00650e-07
 Reference value :  2.01703e-07
 Reference value :  2.10603e-07
 Reference value :  2.21103e-07
 Reference value :  2.32603e-07
 Reference value :  2.41317e-07
 Reference value :  2.43646e-07
 Reference value :  2.51458e-07
 Reference value :  2.61958e-07
 Reference value :  2.71958e-07
 Reference value :  2.82833e-07
 Reference value :  2.83912e-07
 Reference value :  2.85529e-07
 Reference value :  2.94523e-07
 Reference value :  3.05023e-07
 Reference value :  3.15023e-07
 Reference value :  3.24650e-07
 Reference value :  3.30399e-07
 Reference value :  3.41899e-07
 Reference value :  3.52899e-07
 Reference value :  3.63899e-07
 Reference value :  3.67167e-07
 Reference value :  3.74248e-07
 Reference value :  3.84248e-07
 Reference value :  3.95248e-07
 Reference value :  4.07983e-07
 Reference value :  4.10821e-07
 Reference value :  4.15049e-07
 Reference value :  4.25049e-07
 Reference value :  4.35049e-07
 Reference value :  4.45549e-07
 Reference value :  4.50294e-07
 Reference value :  4.51348e-07
 Reference value :  4.58501e-07
 Reference value :  4.69001e-07
 Reference value :  4.79501e-07
 Reference value :  4.90001e-07
 Reference value :  4.93544e-07
 Reference value :  5.03486e-07
 Reference value :  5.11486e-07
 Reference value :  5.21486e-07
 Reference value :  5.32833e-07
 Reference value :  5.34018e-07
 Reference value :  5.35245e-07
 Reference value :  5.44462e-07
 Reference value :  5.55462e-07
 Reference value :  5.65962e-07
 Reference value :  5.74650e-07
 Reference value :  5.79416e-07
 Reference value :  5.89416e-07
 Reference value :  5.99916e-07
 Reference value :  6.10416e-07
 Reference value :  6.16769e-07
 Reference value :  6.21213e-07
 Reference value :  6.31213e-07
 Reference value :  6.42713e-07
 Reference value :  6.53213e-07
 Reference value :  6.59120e-07
 Reference value :  6.66676e-07
 Reference value :  6.77176e-07
 Reference value :  6.87676e-07
 Reference value :  6.93676e-07
 Reference value :  7.00085e-07
 Reference value :  7.01162e-07
 Reference value :  7.08425e-07
 Reference value :  7.19425e-07
 Reference value :  7.29925e-07
 Reference value :  7.39925e-07
 Reference value :  7.43617e-07
 Reference value :  7.54069e-07
 Reference value :  7.65069e-07
 Reference value :  7.74569e-07
 Reference value :  7.83418e-07
 Reference value :  7.88917e-07
 Reference value :  7.99417e-07
 Reference value :  8.09917e-07
 Reference value :  8.19917e-07
 Reference value :  8.25787e-07
 Reference value :  8.32854e-07
 Reference value :  8.45354e-07
 Reference value :  8.55354e-07
 Reference value :  8.64354e-07
 Reference value :  8.66751e-07
 Reference value :  8.67752e-07
 Reference value :  8.75574e-07
 Reference value :  8.86574e-07
 Reference value :  8.97574e-07
 Reference value :  9.07883e-07
 Reference value :  9.11693e-07
 Reference value :  9.22193e-07
 Reference value :  9.33193e-07
 Reference value :  9.43693e-07
 Reference value :  9.50048e-07
 Reference value :  9.53247e-07
 Reference value :  9.64247e-07
 Reference value :  9.74747e-07
 Reference value :  9.85747e-07
 Reference value :  9.92290e-07
 Reference value :  9.99523e-07
 Reference value :  1.01002e-06
 Reference value :  1.02302e-06
 Reference value :  1.03283e-06
 Reference value :  1.03383e-06
 Reference value :  1.03910e-06
 Reference value :  1.04910e-06
 Reference value :  1.06110e-06
 Reference value :  1.07160e-06
 Reference value :  1.07689e-06
 Reference value :  1.08684e-06
 Reference value :  1.09684e-06
 Reference value :  1.10784e-06
 Reference value :  1.11632e-06
 Reference value :  1.11737e-06
 Reference value :  1.12095e-06
 Reference value :  1.13145e-06
 Reference value :  1.14195e-06
 Reference value :  1.15195e-06
 Reference value :  1.15887e-06
 Reference value :  1.16173e-06
 Reference value :  1.17423e-06
 Reference value :  1.18473e-06
 Reference value :  1.19523e-06
 Reference value :  1.20005e-06
 Reference value :  1.20081e-06
 Reference value :  1.20576e-06
 Reference value :  1.21626e-06
 Reference value :  1.22726e-06
 Reference value :  1.23926e-06
 Reference value :  1.24341e-06
 Reference value :  1.24875e-06
 Reference value :  1.25875e-06
 Reference value :  1.26875e-06
 Reference value :  1.27975e-06
 Reference value :  1.28363e-06
 Reference value :  1.28479e-06
 Reference value :  1.29292e-06
 Reference value :  1.30342e-06
 Reference value :  1.31492e-06
 Reference value :  1.32455e-06
 Reference value :  1.32699e-06
 Reference value :  1.33332e-06
 Reference value :  1.34382e-06
 Reference value :  1.35482e-06
 Reference value :  1.36532e-06
 Reference value :  1.36725e-06
 Reference value :  1.36862e-06
 Reference value :  1.37986e-06
 Reference value :  1.39036e-06
 Reference value :  1.40086e-06
 Reference value :  1.40883e-06
 Reference value :  1.41110e-06
 Reference value :  1.41693e-06
 Reference value :  1.42743e-06
 Reference value :  1.43743e-06
 Reference value :  1.44950e-06
 Reference value :  1.45085e-06
 Reference value :  1.45410e-06
 Reference value :  1.46410e-06
 Reference value :  1.47560e-06
 Reference value :  1.48710e-06
 Reference value :  1.49278e-06
 Reference value :  1.49797e-06
 Reference value :  1.50547e-06
 Reference value :  1.51647e-06
 Reference value :  1.52697e-06
 Reference value :  1.53342e-06
 Reference value :  1.53443e-06
 Reference value :  1.53946e-06
 Reference value :  1.54946e-06
 Reference value :  1.56046e-06
 Reference value :  1.57146e-06
 Reference value :  1.57645e-06
 Reference value :  1.58435e-06
 Reference value :  1.59485e-06
 Reference value :  1.60535e-06
 Reference value :  1.61235e-06
 Reference value :  1.61676e-06
 Reference value :  1.61768e-06
 Reference value :  1.62356e-06
 Reference value :  1.63456e-06
 Reference value :  1.64506e-06
 Reference value :  1.65506e-06
 Reference value :  1.65979e-06
 Reference value :  1.67026e-06
 Reference value :  1.68076e-06
 Reference value :  1.69076e-06
 Reference value :  1.69985e-06
 Reference value :  1.70081e-06
 Reference value :  1.71023e-06
 Reference value :  1.72123e-06
 Reference value :  1.73173e-06
 Reference value :  1.74122e-06
 Reference value :  1.74557e-06
 Reference value :  1.75607e-06
 Reference value :  1.76657e-06
 Reference value :  1.77657e-06
 Reference value :  1.78342e-06
 Reference value :  1.78552e-06
 Reference value :  1.79552e-06
 Reference value :  1.80602e-06
 Reference value :  1.81602e-06
 Reference value :  1.82485e-06
 Reference value :  1.82886e-06
 Reference value :  1.83886e-06
 Reference value :  1.84936e-06
 Reference value :  1.85986e-06
 Reference value :  1.86671e-06
 Reference value :  1.86758e-06
 Reference value :  1.87306e-06
 Reference value :  1.88306e-06
 Reference value :  1.89356e-06
 Reference value :  1.90406e-06
 Reference value :  1.90945e-06
 Reference value :  1.91719e-06
 Reference value :  1.92769e-06
 Reference value :  1.93819e-06
 Reference value :  1.94619e-06
 Reference value :  1.95021e-06
 Reference value :  1.95090e-06
 Reference value :  1.95396e-06
 Reference value :  1.96396e-06
 Reference value :  1.97946e-06
 Reference value :  1.99184e-06
 Reference value :  1.99702e-06
 Reference value :  2.00752e-06
 Reference value :  2.01752e-06
 Reference value :  2.02702e-06
 Reference value :  2.03288e-06
 Reference value :  2.03416e-06
 Reference value :  2.04157e-06
 Reference value :  2.05257e-06
 Reference value :  2.06307e-06
 Reference value :  2.07357e-06
 Reference value :  2.07689e-06
 Reference value :  2.08684e-06
 Reference value :  2.09684e-06
 Reference value :  2.10784e-06
 Reference value :  2.11652e-06
 Reference value :  2.11747e-06
 Reference value :  2.12244e-06
 Reference value :  2.13344e-06
 Reference value :  2.14394e-06
 Reference value :  2.15444e-06
 Reference value :  2.15977e-06
 Reference value :  2.16353e-06
 Reference value :  2.17403e-06
 Reference value :  2.18453e-06
 Reference value :  2.19603e-06
 Reference value :  2.20005e-06
 Reference value :  2.20079e-06
 Reference value :  2.20384e-06
 Reference value :  2.21484e-06
 Reference value :  2.22584e-06
 Reference value :  2.23634e-06
 Reference value :  2.24229e-06
 Reference value :  2.24474e-06
 Reference value :  2.25374e-06
 Reference value :  2.26374e-06
 Reference value :  2.27374e-06
 Reference value :  2.28298e-06
 Reference value :  2.28420e-06
 Reference value :  2.28589e-06
 Reference value :  2.29589e-06
 Reference value :  2.30639e-06
 Reference value :  2.31689e-06
 Reference value :  2.32517e-06
 Reference value :  2.32697e-06
 Reference value :  2.33223e-06
 Reference value :  2.34273e-06
 Reference value :  2.35323e-06
 Reference value :  2.36373e-06
 Reference value :  2.36717e-06
 Reference value :  2.36812e-06
 Reference value :  2.37622e-06
 Reference value :  2.38672e-06
 Reference value :  2.39772e-06
 Reference value :  2.40783e-06
 Reference value :  2.41007e-06
 Reference value :  2.41191e-06
 Reference value :  2.42041e-06
 Reference value :  2.43091e-06
 Reference value :  2.44141e-06
 Reference value :  2.45009e-06
 Reference value :  2.45111e-06
 Reference value :  2.45619e-06
 Reference value :  2.46669e-06
 Reference value :  2.47719e-06
 Reference value :  2.48769e-06
 Reference value :  2.49311e-06
 Reference value :  2.49467e-06
 Reference value :  2.50212e-06
 Reference value :  2.51312e-06
 Reference value :  2.52362e-06
 Reference value :  2.53288e-06
 Reference value :  2.53402e-06
 Reference value :  2.53517e-06
 Reference value :  2.54390e-06
 Reference value :  2.55390e-06
 Reference value :  2.56440e-06
 Reference value :  2.57455e-06
 Reference value :  2.57756e-06
 Reference value :  2.58135e-06
 Reference value :  2.59085e-06
 Reference value :  2.60135e-06
 Reference value :  2.61185e-06
 Reference value :  2.61675e-06
 Reference value :  2.61764e-06
 Reference value :  2.62182e-06
 Reference value :  2.63282e-06
 Reference value :  2.64332e-06
 Reference value :  2.65332e-06
 Reference value :  2.65912e-06
 Reference value :  2.66249e-06
 Reference value :  2.67149e-06
 Reference value :  2.68199e-06
 Reference value :  2.69299e-06
 Reference value :  2.70008e-06
 Reference value :  2.70105e-06
 Reference value :  2.70601e-06
 Reference value :  2.71601e-06
 Reference value :  2.72651e-06
 Reference value :  2.73651e-06
 Reference value :  2.74245e-06
 Reference value :  2.74596e-06
 Reference value :  2.75496e-06
 Reference value :  2.76546e-06
 Reference value :  2.77596e-06
 Reference value :  2.78342e-06
 Reference value :  2.78458e-06
 Reference value :  2.79132e-06
 Reference value :  2.80232e-06
 Reference value :  2.81232e-06
 Reference value :  2.82282e-06
 Reference value :  2.82688e-06
 Reference value :  2.83082e-06
 Reference value :  2.84132e-06
 Reference value :  2.85182e-06
 Reference value :  2.86182e-06
 Reference value :  2.86675e-06
 Reference value :  2.86768e-06
 Reference value :  2.87199e-06
 Reference value :  2.88149e-06
 Reference value :  2.89199e-06
 Reference value :  2.90249e-06
 Reference value :  2.90887e-06
 Reference value :  2.91266e-06
 Reference value :  2.92116e-06
 Reference value :  2.93116e-06
 Reference value :  2.94166e-06
 Reference value :  2.95011e-06
 Reference value :  2.95069e-06
 Reference value :  2.95144e-06
 Reference value :  2.95958e-06
 Reference value :  2.97008e-06
 Reference value :  2.98058e-06
 Reference value :  2.99058e-06
 Reference value :  2.99355e-06
 Reference value :  2.99899e-06
 Reference value :  3.00899e-06
 Reference value :  3.01949e-06
 Reference value :  3.03049e-06
 Reference value :  3.03393e-06
 Reference value :  3.03989e-06
 Reference value :  3.05039e-06
 Reference value :  3.06089e-06
 Reference value :  3.07089e-06
 Reference value :  3.07582e-06
 Reference value :  3.08031e-06
 Reference value :  3.09031e-06
 Reference value :  3.10031e-06
 Reference value :  3.11081e-06
 Reference value :  3.11675e-06
 Reference value :  3.11766e-06
 Reference value :  3.12589e-06
 Reference value :  3.13639e-06
 Reference value :  3.14639e-06
 Reference value :  3.15689e-06
 Reference value :  3.16049e-06
 Reference value :  3.16443e-06
 Reference value :  3.17493e-06
 Reference value :  3.18593e-06
 Reference value :  3.19693e-06
 Reference value :  3.20005e-06
 Reference value :  3.20064e-06
 Reference value :  3.20485e-06
 Reference value :  3.21535e-06
 Reference value :  3.22535e-06
 Reference value :  3.23635e-06
 Reference value :  3.24229e-06
 Reference value :  3.24431e-06
 Reference value :  3.25457e-06
 Reference value :  3.26507e-06
 Reference value :  3.27557e-06
 Reference value :  3.28342e-06
 Reference value :  3.28467e-06
 Reference value :  3.29295e-06
 Reference value :  3.30345e-06
 Reference value :  3.31345e-06
 Reference value :  3.32345e-06
 Reference value :  3.32675e-06
 Reference value :  3.32780e-06
 Reference value :  3.33661e-06
 Reference value :  3.34711e-06
 Reference value :  3.35761e-06
 Reference value :  3.36675e-06
 Reference value :  3.36789e-06
 Reference value :  3.37534e-06
 Reference value :  3.38634e-06
 Reference value :  3.39634e-06
 Reference value :  3.40684e-06
 Reference value :  3.41010e-06
 Reference value :  3.41360e-06
 Reference value :  3.42310e-06
 Reference value :  3.43310e-06
 Reference value :  3.44410e-06
 Reference value :  3.45009e-06
 Reference value :  3.45106e-06
 Reference value :  3.45702e-06
 Reference value :  3.46702e-06
 Reference value :  3.47752e-06
 Reference value :  3.48752e-06
 Reference value :  3.49278e-06
 Reference value :  3.49777e-06
 Reference value :  3.50877e-06
 Reference value :  3.51977e-06
 Reference value :  3.53027e-06
 Reference value :  3.53363e-06
 Reference value :  3.53634e-06
 Reference value :  3.54734e-06
 Reference value :  3.55834e-06
 Reference value :  3.56884e-06
 Reference value :  3.57554e-06
 Reference value :  3.57745e-06
 Reference value :  3.58627e-06
 Reference value :  3.59777e-06
 Reference value :  3.60827e-06
 Reference value :  3.61675e-06
 Reference value :  3.61798e-06
 Reference value :  3.62916e-06
 Reference value :  3.63966e-06
 Reference value :  3.65016e-06
 Reference value :  3.65851e-06
 Reference value :  3.66078e-06
 Reference value :  3.67418e-06
 Reference value :  3.68568e-06
 Reference value :  3.69618e-06
 Reference value :  3.70029e-06
 Reference value :  3.70166e-06
 Reference value :  3.71166e-06
 Reference value :  3.72216e-06
 Reference value :  3.73266e-06
 Reference value :  3.74184e-06
 Reference value :  3.74408e-06
 Reference value :  3.74764e-06
 Reference value :  3.75814e-06
 Reference value :  3.76814e-06
 Reference value :  3.77864e-06
 Reference value :  3.78363e-06
 Reference value :  3.78471e-06
 Reference value :  3.79229e-06
 Reference value :  3.80329e-06
 Reference value :  3.81429e-06
 Reference value :  3.82465e-06
 Reference value :  3.82747e-06
 Reference value :  3.83407e-06
 Reference value :  3.84457e-06
 Reference value :  3.85557e-06
 Reference value :  3.86617e-06
 Reference value :  3.86718e-06
 Reference value :  3.87114e-06
 Reference value :  3.88114e-06
 Reference value :  3.89064e-06
 Reference value :  3.90164e-06
 Reference value :  3.90883e-06
 Reference value :  3.91077e-06
 Reference value :  3.91435e-06
 Reference value :  3.92485e-06
 Reference value :  3.93585e-06
 Reference value :  3.94735e-06
 Reference value :  3.95032e-06
 Reference value :  3.95100e-06
 Reference value :  3.95365e-06
 Reference value :  3.96515e-06
 Reference value :  3.97615e-06
 Reference value :  3.98665e-06
 Reference value :  3.99348e-06
 Reference value :  3.99708e-06
 Reference value :  4.00858e-06
 Reference value :  4.01908e-06
 Reference value :  4.02958e-06
 Reference value :  4.03363e-06
 Reference value :  4.03465e-06
 Reference value :  4.04568e-06
 Reference value :  4.05718e-06
 Reference value :  4.06718e-06
 Reference value :  4.07517e-06
 Reference value :  4.07746e-06
 Reference value :  4.08462e-06
 Reference value :  4.09562e-06
 Reference value :  4.10662e-06
 Reference value :  4.11617e-06
 Reference value :  4.11737e-06
 Reference value :  4.12245e-06
 Reference value :  4.13295e-06
 Reference value :  4.14345e-06
 Reference value :  4.15395e-06
 Reference value :  4.15945e-06
 Reference value :  4.16351e-06
 Reference value :  4.17401e-06
 Reference value :  4.18401e-06
 Reference value :  4.19451e-06
 Reference value :  4.20005e-06
 Reference value :  4.20071e-06
 Reference value :  4.20548e-06
 Reference value :  4.21598e-06
 Reference value :  4.22648e-06
 Reference value :  4.23748e-06
 Reference value :  4.24245e-06
 Reference value :  4.24479e-06
 Reference value :  4.25420e-06
 Reference value :  4.26520e-06
 Reference value :  4.27570e-06
 Reference value :  4.28342e-06
 Reference value :  4.28452e-06
 Reference value :  4.29036e-06
 Reference value :  4.30036e-06
 Reference value :  4.31086e-06
 Reference value :  4.32236e-06
 Reference value :  4.32674e-06
 Reference value :  4.33612e-06
 Reference value :  4.34662e-06
 Reference value :  4.35812e-06
 Reference value :  4.36675e-06
 Reference value :  4.36778e-06
 Reference value :  4.37663e-06
 Reference value :  4.38713e-06
 Reference value :  4.39813e-06
 Reference value :  4.40788e-06
 Reference value :  4.41037e-06
 Reference value :  4.41665e-06
 Reference value :  4.42815e-06
 Reference value :  4.43915e-06
 Reference value :  4.44950e-06
 Reference value :  4.45068e-06
 Reference value :  4.45266e-06
 Reference value :  4.46316e-06
 Reference value :  4.47366e-06
 Reference value :  4.48516e-06
 Reference value :  4.49184e-06
 Reference value :  4.49367e-06
 Reference value :  4.49891e-06
 Reference value :  4.50841e-06
 Reference value :  4.51891e-06
 Reference value :  4.52941e-06
 Reference value :  4.53363e-06
 Reference value :  4.53468e-06
 Reference value :  4.54152e-06
 Reference value :  4.55202e-06
 Reference value :  4.56252e-06
 Reference value :  4.57302e-06
 Reference value :  4.57645e-06
 Reference value :  4.57675e-06
 Reference value :  4.57963e-06
 Reference value :  4.58863e-06
 Reference value :  4.59913e-06
 Reference value :  4.60963e-06
 Reference value :  4.61675e-06
 Reference value :  4.61777e-06
 Reference value :  4.62284e-06
 Reference value :  4.63284e-06
 Reference value :  4.64334e-06
 Reference value :  4.65334e-06
 Reference value :  4.65912e-06
 Reference value :  4.65983e-06
 Reference value :  4.66480e-06
 Reference value :  4.67530e-06
 Reference value :  4.68530e-06
 Reference value :  4.69580e-06
 Reference value :  4.70008e-06
 Reference value :  4.70156e-06
 Reference value :  4.71149e-06
 Reference value :  4.72199e-06
 Reference value :  4.73249e-06
 Reference value :  4.74184e-06
 Reference value :  4.74365e-06
 Reference value :  4.74455e-06
 Reference value :  4.75182e-06
 Reference value :  4.76182e-06
 Reference value :  4.77332e-06
 Reference value :  4.78288e-06
 Reference value :  4.78399e-06
 Reference value :  4.78503e-06
 Reference value :  4.79325e-06
 Reference value :  4.80475e-06
 Reference value :  4.81475e-06
 Reference value :  4.82465e-06
 Reference value :  4.82701e-06
 Reference value :  4.83439e-06
 Reference value :  4.84489e-06
 Reference value :  4.85639e-06
 Reference value :  4.86622e-06
 Reference value :  4.86722e-06
 Reference value :  4.87411e-06
 Reference value :  4.88561e-06
 Reference value :  4.89711e-06
 Reference value :  4.90783e-06
 Reference value :  4.91009e-06
 Reference value :  4.91295e-06
 Reference value :  4.92395e-06
 Reference value :  4.93495e-06
 Reference value :  4.94545e-06
 Reference value :  4.95021e-06
 Reference value :  4.95096e-06
 Reference value :  4.95896e-06
 Reference value :  4.96896e-06
 Reference value :  4.97946e-06
 Reference value :  4.98996e-06
 Reference value :  4.99342e-06
 Reference value :  4.99403e-06
 Reference value :  5.00072e-06
 Reference value :  5.01072e-06
 Reference value :  5.02072e-06
 Reference value :  5.03072e-06
 Reference value :  5.03383e-06
 Reference value :  5.03743e-06
 Reference value :  5.04743e-06
 Reference value :  5.05743e-06
 Reference value :  5.06793e-06
 Reference value :  5.07517e-06
 Reference value :  5.07696e-06
 Reference value :  5.08242e-06
 Reference value :  5.09242e-06
 Reference value :  5.10242e-06
 Reference value :  5.11242e-06
 Reference value :  5.11696e-06
 Reference value :  5.11785e-06
 Reference value :  5.12682e-06
 Reference value :  5.13682e-06
 Reference value :  5.14682e-06
 Reference value :  5.15682e-06
 Reference value :  5.16032e-06
 Reference value :  5.16971e-06
 Reference value :  5.18021e-06
 Reference value :  5.19021e-06
 Reference value :  5.19955e-06
 Reference value :  5.20039e-06
 Reference value :  5.20103e-06
 Reference value :  5.20881e-06
 Reference value :  5.21981e-06
 Reference value :  5.23031e-06
 Reference value :  5.24031e-06
 Reference value :  5.24341e-06
 Reference value :  5.25091e-06
 Reference value :  5.26091e-06
 Reference value :  5.27091e-06
 Reference value :  5.28091e-06
 Reference value :  5.28363e-06
 Reference value :  5.28713e-06
 Reference value :  5.29713e-06
 Reference value :  5.30763e-06
 Reference value :  5.31913e-06
 Reference value :  5.32554e-06
 Reference value :  5.32745e-06
 Reference value :  5.33466e-06
 Reference value :  5.34466e-06
 Reference value :  5.35466e-06
 Reference value :  5.36466e-06
 Reference value :  5.36696e-06
 Reference value :  5.36779e-06
 Reference value :  5.37239e-06
 Reference value :  5.38189e-06
 Reference value :  5.39139e-06
 Reference value :  5.40339e-06
 Reference value :  5.40945e-06
 Reference value :  5.41501e-06
 Reference value :  5.42601e-06
 Reference value :  5.43651e-06
 Reference value :  5.44701e-06
 Reference value :  5.45050e-06
 Reference value :  5.45434e-06
 Reference value :  5.46534e-06
 Reference value :  5.47584e-06
 Reference value :  5.48584e-06
 Reference value :  5.49221e-06
 Reference value :  5.49468e-06
 Reference value :  5.50441e-06
 Reference value :  5.51441e-06
 Reference value :  5.52491e-06
 Reference value :  5.53342e-06
 Reference value :  5.53475e-06
 Reference value :  5.54406e-06
 Reference value :  5.55356e-06
 Reference value :  5.56356e-06
 Reference value :  5.57306e-06
 Reference value :  5.57645e-06
 Reference value :  5.57912e-06
 Reference value :  5.58912e-06
 Reference value :  5.60012e-06
 Reference value :  5.61012e-06
 Reference value :  5.61675e-06
 Reference value :  5.61770e-06
 Reference value :  5.62140e-06
 Reference value :  5.62990e-06
 Reference value :  5.63990e-06
 Reference value :  5.64990e-06
 Reference value :  5.65851e-06
 Reference value :  5.66076e-06
 Reference value :  5.66420e-06
 Reference value :  5.67320e-06
 Reference value :  5.68720e-06
 Reference value :  5.70008e-06
 Reference value :  5.70124e-06
 Reference value :  5.71189e-06
 Reference value :  5.72839e-06
 Reference value :  5.73939e-06
 Reference value :  5.74348e-06
 Reference value :  5.74486e-06
 Reference value :  5.75021e-06
 Reference value :  5.76021e-06
 Reference value :  5.77021e-06
 Reference value :  5.78021e-06
 Reference value :  5.78363e-06
 Reference value :  5.78748e-06
 Reference value :  5.79698e-06
 Reference value :  5.80698e-06
 Reference value :  5.81648e-06
 Reference value :  5.82465e-06
 Reference value :  5.82714e-06
 Reference value :  5.82800e-06
 Reference value :  5.83509e-06
 Reference value :  5.84509e-06
 Reference value :  5.85559e-06
 Reference value :  5.86509e-06
 Reference value :  5.86694e-06
 Reference value :  5.86768e-06
 Reference value :  5.87204e-06
 Reference value :  5.88104e-06
 Reference value :  5.89104e-06
 Reference value :  5.90104e-06
 Reference value :  5.90883e-06
 Reference value :  5.91077e-06
 Reference value :  5.91478e-06
 Reference value :  5.92428e-06
 Reference value :  5.93478e-06
 Reference value :  5.94578e-06
 Reference value :  5.95005e-06
 Reference value :  5.95101e-06
 Reference value :  5.95550e-06
 Reference value :  5.96500e-06
 Reference value :  5.97500e-06
 Reference value :  5.98550e-06
 Reference value :  5.99221e-06
 Reference value :  5.99411e-06
 Reference value :  5.99613e-06
 Reference value :  6.00563e-06
 Reference value :  6.01563e-06
 Reference value :  6.02663e-06
 Reference value :  6.03338e-06
 Reference value :  6.03432e-06
 Reference value :  6.04166e-06
 Reference value :  6.05166e-06
 Reference value :  6.06166e-06
 Reference value :  6.07216e-06
 Reference value :  6.07613e-06
 Reference value :  6.07849e-06
 Reference value :  6.08707e-06
 Reference value :  6.09807e-06
 Reference value :  6.10907e-06
 Reference value :  6.11675e-06
 Reference value :  6.11789e-06
 Reference value :  6.12788e-06
 Reference value :  6.13838e-06
 Reference value :  6.14888e-06
 Reference value :  6.15818e-06
 Reference value :  6.16123e-06
 Reference value :  6.17171e-06
 Reference value :  6.18221e-06
 Reference value :  6.19221e-06
 Reference value :  6.20008e-06
 Reference value :  6.20106e-06
 Reference value :  6.20930e-06
 Reference value :  6.21930e-06
 Reference value :  6.22930e-06
 Reference value :  6.23930e-06
 Reference value :  6.24310e-06
 Reference value :  6.25028e-06
 Reference value :  6.26078e-06
 Reference value :  6.27128e-06
 Reference value :  6.28178e-06
No. of Data Rows : 14211

  Measurements for Transient Analysis

d9_c1               =  -5.23650e-07
d8_c1               =  1.80000e+00
d7_c1               =  1.80000e+00
d6_c1               =  1.80000e+00
d5_c1               =  1.80000e+00
d4_c1               =  -1.07293e-06
d3_c1               =  -1.07802e-06
d2_c1               =  -1.06320e-06
d1_c1               =  1.80000e+00
d0_c1               =  1.80000e+00
d9_c2               =  -6.51224e-07
d8_c2               =  1.80000e+00
d7_c2               =  1.80000e+00
d6_c2               =  1.80000e+00
d5_c2               =  1.80000e+00
d4_c2               =  1.80000e+00
d3_c2               =  1.80000e+00
d2_c2               =  1.80000e+00
d1_c2               =  1.80000e+00
d0_c2               =  1.80000e+00
d9_c3               =  -5.79310e-07
d8_c3               =  1.80000e+00
d7_c3               =  1.80000e+00
d6_c3               =  -7.22425e-07
d5_c3               =  -7.22201e-07
d4_c3               =  1.80000e+00
d3_c3               =  1.80000e+00
d2_c3               =  -7.09152e-07
d1_c3               =  1.80000e+00
d0_c3               =  1.80000e+00
d9_c4               =  -3.92345e-07
d8_c4               =  -1.17241e-06
d7_c4               =  1.80000e+00
d6_c4               =  1.80000e+00
d5_c4               =  1.80000e+00
d4_c4               =  -1.17595e-06
d3_c4               =  1.80000e+00
d2_c4               =  -1.16227e-06
d1_c4               =  -1.17729e-06
d0_c4               =  1.80000e+00
d9_c5               =  1.80001e+00
d8_c5               =  -9.64801e-07
d7_c5               =  1.80000e+00
d6_c5               =  1.80000e+00
d5_c5               =  -9.58761e-07
d4_c5               =  -9.57809e-07
d3_c5               =  1.80000e+00
d2_c5               =  -9.51366e-07
d1_c5               =  -9.52372e-07
d0_c5               =  -9.53089e-07
busy_c1_p0          =  1.80000e+00
smpl_c1_p0          =  -2.36037e-04
busy_c1_p1          =  1.80000e+00
smpl_c1_p1          =  -1.28183e-05
busy_c1_p2          =  1.80000e+00
smpl_c1_p2          =  -1.27541e-05
busy_c1_p3          =  1.80000e+00
smpl_c1_p3          =  -1.28135e-05
busy_c1_p4          =  1.80000e+00
smpl_c1_p4          =  -1.28326e-05
busy_c1_p5          =  1.80000e+00
smpl_c1_p5          =  -1.28176e-05
busy_c1_p6          =  1.80000e+00
smpl_c1_p6          =  -1.28350e-05
busy_c1_p7          =  1.80000e+00
smpl_c1_p7          =  -1.28458e-05
busy_c1_p8          =  1.80000e+00
smpl_c1_p8          =  -1.28470e-05
busy_c1_p9          =  1.80000e+00
smpl_c1_p9          =  -1.28395e-05
busy_c1_p10         =  1.80000e+00
smpl_c1_p10         =  -1.28373e-05
busy_c1_p11         =  6.16387e-07
smpl_c1_p11         =  1.80010e+00
busy_c2_p0          =  1.80000e+00
smpl_c2_p0          =  -2.42605e-04
busy_c2_p1          =  1.80000e+00
smpl_c2_p1          =  -1.27888e-05
busy_c2_p2          =  1.80000e+00
smpl_c2_p2          =  -1.27231e-05
busy_c2_p3          =  1.80000e+00
smpl_c2_p3          =  -1.27774e-05
busy_c2_p4          =  1.80000e+00
smpl_c2_p4          =  -1.27553e-05
busy_c2_p5          =  1.80000e+00
smpl_c2_p5          =  -1.27209e-05
busy_c2_p6          =  1.80000e+00
smpl_c2_p6          =  -1.27041e-05
busy_c2_p7          =  1.80000e+00
smpl_c2_p7          =  -1.26893e-05
busy_c2_p8          =  1.80000e+00
smpl_c2_p8          =  -1.26799e-05
busy_c2_p9          =  1.80000e+00
smpl_c2_p9          =  -1.26763e-05
busy_c2_p10         =  1.80000e+00
smpl_c2_p10         =  -1.26697e-05
busy_c2_p11         =  4.18417e-07
smpl_c2_p11         =  1.80010e+00
busy_c3_p0          =  1.80000e+00
smpl_c3_p0          =  -2.42589e-04
busy_c3_p1          =  1.80000e+00
smpl_c3_p1          =  -1.28317e-05
busy_c3_p2          =  1.80000e+00
smpl_c3_p2          =  -1.25868e-05
busy_c3_p3          =  1.80000e+00
smpl_c3_p3          =  -1.25796e-05
busy_c3_p4          =  1.80000e+00
smpl_c3_p4          =  -1.25194e-05
busy_c3_p5          =  1.80000e+00
smpl_c3_p5          =  -1.25431e-05
busy_c3_p6          =  1.80000e+00
smpl_c3_p6          =  -1.25317e-05
busy_c3_p7          =  1.80000e+00
smpl_c3_p7          =  -1.25223e-05
busy_c3_p8          =  1.80000e+00
smpl_c3_p8          =  -1.25214e-05
busy_c3_p9          =  1.80000e+00
smpl_c3_p9          =  -1.25175e-05
busy_c3_p10         =  1.80000e+00
smpl_c3_p10         =  -1.25230e-05
busy_c3_p11         =  8.29107e-07
smpl_c3_p11         =  1.80010e+00
busy_c4_p0          =  1.80000e+00
smpl_c4_p0          =  -2.41793e-04
busy_c4_p1          =  1.80000e+00
smpl_c4_p1          =  -1.26378e-05
busy_c4_p2          =  1.80000e+00
smpl_c4_p2          =  -1.25542e-05
busy_c4_p3          =  1.80000e+00
smpl_c4_p3          =  -1.25963e-05
busy_c4_p4          =  1.80000e+00
smpl_c4_p4          =  -1.25064e-05
busy_c4_p5          =  1.80000e+00
smpl_c4_p5          =  -1.24836e-05
busy_c4_p6          =  1.80000e+00
smpl_c4_p6          =  -1.24820e-05
busy_c4_p7          =  1.80000e+00
smpl_c4_p7          =  -1.24900e-05
busy_c4_p8          =  1.80000e+00
smpl_c4_p8          =  -1.24968e-05
busy_c4_p9          =  1.80000e+00
smpl_c4_p9          =  -1.24883e-05
busy_c4_p10         =  1.80000e+00
smpl_c4_p10         =  -1.25009e-05
busy_c4_p11         =  1.79009e-06
smpl_c4_p11         =  1.80010e+00
busy_c5_p0          =  1.80000e+00
smpl_c5_p0          =  -2.36450e-04
busy_c5_p1          =  1.80000e+00
smpl_c5_p1          =  -1.25720e-05
busy_c5_p2          =  1.80000e+00
smpl_c5_p2          =  -1.25604e-05
busy_c5_p3          =  1.80000e+00
smpl_c5_p3          =  -1.24809e-05
busy_c5_p4          =  1.80000e+00
smpl_c5_p4          =  -1.25422e-05
busy_c5_p5          =  1.80000e+00
smpl_c5_p5          =  -1.24916e-05
busy_c5_p6          =  1.80000e+00
smpl_c5_p6          =  -1.24900e-05
busy_c5_p7          =  1.80000e+00
smpl_c5_p7          =  -1.24778e-05
busy_c5_p8          =  1.80000e+00
smpl_c5_p8          =  -1.24864e-05
busy_c5_p9          =  1.80000e+00
smpl_c5_p9          =  -1.24749e-05
busy_c5_p10         =  1.80000e+00
smpl_c5_p10         =  -1.24832e-05
busy_c5_p11         =  1.16491e-06
smpl_c5_p11         =  1.80010e+00
i_vdd               =  -2.13349e-06 from=  3.20000e-06 to=  4.20005e-06
i_vpwr              =  -7.56893e-06 from=  3.20000e-06 to=  4.20005e-06
i_vrefp             =  -4.75297e-06 from=  3.20000e-06 to=  4.20005e-06
i_vrefn             =  3.21475e-06 from=  3.20000e-06 to=  4.20005e-06
i_vcm               =  2.02636e-10 from=  3.20000e-06 to=  4.20005e-06
nt_c2_p0_clk_mid    =  1.80000e+00
nt_c2_p0_clk_pre    =  0.00000e+00
nt_c2_p0_compout_mid=  1.79973e+00
nt_c2_p0_compout_pre=  1.31562e-04
nt_c2_p0_compoutn_mid=  1.80015e+00
nt_c2_p0_compoutn_pre=  1.79990e+00
nt_c2_p0_dout_post  =  -1.26152e-04
nt_c2_p1_clk_mid    =  1.80000e+00
nt_c2_p1_clk_pre    =  0.00000e+00
nt_c2_p1_compout_mid=  1.80005e+00
nt_c2_p1_compout_pre=  2.45815e-04
nt_c2_p1_compoutn_mid=  1.79998e+00
nt_c2_p1_compoutn_pre=  1.79983e+00
nt_c2_p1_dout_post  =  1.80003e+00
nt_c2_p2_clk_mid    =  1.80000e+00
nt_c2_p2_clk_pre    =  0.00000e+00
nt_c2_p2_compout_mid=  1.80003e+00
nt_c2_p2_compout_pre=  1.41621e-04
nt_c2_p2_compoutn_mid=  1.79995e+00
nt_c2_p2_compoutn_pre=  1.79991e+00
nt_c2_p2_dout_post  =  1.79986e+00
nt_c2_p3_clk_mid    =  1.80000e+00
nt_c2_p3_clk_pre    =  0.00000e+00
nt_c2_p3_compout_mid=  1.80028e+00
nt_c2_p3_compout_pre=  3.77208e-05
nt_c2_p3_compoutn_mid=  1.79996e+00
nt_c2_p3_compoutn_pre=  1.79998e+00
nt_c2_p3_dout_post  =  1.80001e+00
nt_c2_p4_clk_mid    =  1.80000e+00
nt_c2_p4_clk_pre    =  0.00000e+00
nt_c2_p4_compout_mid=  1.80000e+00
nt_c2_p4_compout_pre=  1.90134e-05
nt_c2_p4_compoutn_mid=  1.79999e+00
nt_c2_p4_compoutn_pre=  1.80003e+00
nt_c2_p4_dout_post  =  1.79993e+00
nt_c2_p5_clk_mid    =  1.80000e+00
nt_c2_p5_clk_pre    =  0.00000e+00
nt_c2_p5_compout_mid=  1.80013e+00
nt_c2_p5_compout_pre=  -1.77325e-05
nt_c2_p5_compoutn_mid=  1.79999e+00
nt_c2_p5_compoutn_pre=  1.79998e+00
nt_c2_p5_dout_post  =  1.79988e+00
nt_c2_p6_clk_mid    =  1.80000e+00
nt_c2_p6_clk_pre    =  0.00000e+00
nt_c2_p6_compout_mid=  1.80008e+00
nt_c2_p6_compout_pre=  3.62843e-06
nt_c2_p6_compoutn_mid=  1.79989e+00
nt_c2_p6_compoutn_pre=  1.80000e+00
nt_c2_p6_dout_post  =  1.79981e+00
nt_c2_p7_clk_mid    =  1.80000e+00
nt_c2_p7_clk_pre    =  0.00000e+00
nt_c2_p7_compout_mid=  1.80018e+00
nt_c2_p7_compout_pre=  -1.55795e-05
nt_c2_p7_compoutn_mid=  1.79983e+00
nt_c2_p7_compoutn_pre=  1.80001e+00
nt_c2_p7_dout_post  =  1.79990e+00
nt_c2_p8_clk_mid    =  1.80000e+00
nt_c2_p8_clk_pre    =  0.00000e+00
nt_c2_p8_compout_mid=  1.80153e+00
nt_c2_p8_compout_pre=  -2.59955e-05
nt_c2_p8_compoutn_mid=  1.79911e+00
nt_c2_p8_compoutn_pre=  1.80001e+00
nt_c2_p8_dout_post  =  1.80000e+00
nt_c2_p9_clk_mid    =  1.80000e+00
nt_c2_p9_clk_pre    =  0.00000e+00
nt_c2_p9_compout_mid=  1.80000e+00
nt_c2_p9_compout_pre=  -2.69394e-05
nt_c2_p9_compoutn_mid=  1.80000e+00
nt_c2_p9_compoutn_pre=  1.80001e+00
nt_c2_p9_dout_post  =  1.80019e+00
nt_c4_p0_clk_mid    =  1.80000e+00
nt_c4_p0_clk_pre    =  0.00000e+00
nt_c4_p0_compout_mid=  1.79996e+00
nt_c4_p0_compout_pre=  4.17708e-05
nt_c4_p0_compoutn_mid=  1.80030e+00
nt_c4_p0_compoutn_pre=  1.79997e+00
nt_c4_p0_dout_post  =  -2.84033e-04
nt_c4_p1_clk_mid    =  1.80000e+00
nt_c4_p1_clk_pre    =  0.00000e+00
nt_c4_p1_compout_mid=  1.80010e+00
nt_c4_p1_compout_pre=  1.79990e+00
nt_c4_p1_compoutn_mid=  1.79986e+00
nt_c4_p1_compoutn_pre=  1.81273e-04
nt_c4_p1_dout_post  =  1.09372e-03
nt_c4_p2_clk_mid    =  1.80000e+00
nt_c4_p2_clk_pre    =  0.00000e+00
nt_c4_p2_compout_mid=  1.80043e+00
nt_c4_p2_compout_pre=  1.33034e-04
nt_c4_p2_compoutn_mid=  1.79927e+00
nt_c4_p2_compoutn_pre=  1.79991e+00
nt_c4_p2_dout_post  =  1.79988e+00
nt_c4_p3_clk_mid    =  1.80000e+00
nt_c4_p3_clk_pre    =  0.00000e+00
nt_c4_p3_compout_mid=  1.80004e+00
nt_c4_p3_compout_pre=  2.57819e-04
nt_c4_p3_compoutn_mid=  1.80010e+00
nt_c4_p3_compoutn_pre=  1.79983e+00
nt_c4_p3_dout_post  =  1.79986e+00
nt_c4_p4_clk_mid    =  1.80000e+00
nt_c4_p4_clk_pre    =  0.00000e+00
nt_c4_p4_compout_mid=  1.80031e+00
nt_c4_p4_compout_pre=  1.73358e-04
nt_c4_p4_compoutn_mid=  1.79999e+00
nt_c4_p4_compoutn_pre=  1.79990e+00
nt_c4_p4_dout_post  =  1.79987e+00
nt_c4_p5_clk_mid    =  1.80000e+00
nt_c4_p5_clk_pre    =  0.00000e+00
nt_c4_p5_compout_mid=  1.80031e+00
nt_c4_p5_compout_pre=  1.79998e+00
nt_c4_p5_compoutn_mid=  1.79996e+00
nt_c4_p5_compoutn_pre=  2.27991e-05
nt_c4_p5_dout_post  =  -8.67066e-04
nt_c4_p6_clk_mid    =  1.80000e+00
nt_c4_p6_clk_pre    =  0.00000e+00
nt_c4_p6_compout_mid=  1.80030e+00
nt_c4_p6_compout_pre=  -1.27955e-04
nt_c4_p6_compoutn_mid=  1.79958e+00
nt_c4_p6_compoutn_pre=  1.80014e+00
nt_c4_p6_dout_post  =  1.79989e+00
nt_c4_p7_clk_mid    =  1.80000e+00
nt_c4_p7_clk_pre    =  0.00000e+00
nt_c4_p7_compout_mid=  1.80055e+00
nt_c4_p7_compout_pre=  1.80003e+00
nt_c4_p7_compoutn_mid=  1.79946e+00
nt_c4_p7_compoutn_pre=  -4.70009e-05
nt_c4_p7_dout_post  =  8.55572e-04
nt_c4_p8_clk_mid    =  1.80000e+00
nt_c4_p8_clk_pre    =  0.00000e+00
nt_c4_p8_compout_mid=  1.80045e+00
nt_c4_p8_compout_pre=  1.80015e+00
nt_c4_p8_compoutn_mid=  1.79883e+00
nt_c4_p8_compoutn_pre=  -1.41134e-04
nt_c4_p8_dout_post  =  -1.20618e-05
nt_c4_p9_clk_mid    =  1.80000e+00
nt_c4_p9_clk_pre    =  0.00000e+00
nt_c4_p9_compout_mid=  1.79999e+00
nt_c4_p9_compout_pre=  -5.25746e-05
nt_c4_p9_compoutn_mid=  1.80001e+00
nt_c4_p9_compoutn_pre=  1.80006e+00
nt_c4_p9_dout_post  =  1.80004e+00


Total analysis time (seconds) = 262.448

Total elapsed time (seconds) = 302.433 

Total DRAM available = 98304.000 MB.
DRAM currently available = 37744.484 MB.
Maximum ngspice program size =  723.812 MB.
Current ngspice program size =  723.812 MB.

